[2021-11-03T03:37:50.597+0000][7][gc,heap] Heap region size: 1M
[2021-11-03T03:37:50.598+0000][7][gc,heap,coops] Heap address: 0x00000000e0000000, size: 512 MB, Compressed Oops mode: 32-bit
[2021-11-03T03:37:50.777+0000][7][gc           ] Using G1
[2021-11-03T03:37:50.778+0000][7][gc,cds       ] Mark closed archive regions in map: [0x00000000fff00000, 0x00000000fff7eff8]
[2021-11-03T03:37:50.779+0000][7][gc,cds       ] Mark open archive regions in map: [0x00000000ffe00000, 0x00000000ffe51ff8]
[2021-11-03T03:37:50.792+0000][7][gc           ] Periodic GC disabled
[2021-11-03T03:37:51.448+0000][7][safepoint    ] Safepoint "ICBufferFull", Time since last: 662634449 ns, Reaching safepoint: 255087 ns, At safepoint: 24085 ns, Total: 279172 ns
[2021-11-03T03:37:51.659+0000][7][gc,start     ] GC(0) Pause Young (Normal) (G1 Evacuation Pause)
[2021-11-03T03:37:51.662+0000][7][gc,task      ] GC(0) Using 4 workers of 4 for evacuation
[2021-11-03T03:37:51.663+0000][7][gc,age       ] GC(0) Desired survivor size 2097152 bytes, new threshold 15 (max threshold 15)
[2021-11-03T03:37:51.671+0000][7][gc,age       ] GC(0) Age table with threshold 15 (max threshold 15)
[2021-11-03T03:37:51.671+0000][7][gc,age       ] GC(0) - age   1:    3187576 bytes,    3187576 total
[2021-11-03T03:37:51.672+0000][7][gc,phases    ] GC(0)   Pre Evacuate Collection Set: 0.3ms
[2021-11-03T03:37:51.672+0000][7][gc,phases    ] GC(0)   Merge Heap Roots: 0.2ms
[2021-11-03T03:37:51.673+0000][7][gc,phases    ] GC(0)   Evacuate Collection Set: 4.8ms
[2021-11-03T03:37:51.673+0000][7][gc,phases    ] GC(0)   Post Evacuate Collection Set: 1.4ms
[2021-11-03T03:37:51.674+0000][7][gc,phases    ] GC(0)   Other: 6.1ms
[2021-11-03T03:37:51.675+0000][7][gc,heap      ] GC(0) Eden regions: 25->0(28)
[2021-11-03T03:37:51.675+0000][7][gc,heap      ] GC(0) Survivor regions: 0->4(4)
[2021-11-03T03:37:51.676+0000][7][gc,heap      ] GC(0) Old regions: 0->0
[2021-11-03T03:37:51.676+0000][7][gc,heap      ] GC(0) Archive regions: 2->2
[2021-11-03T03:37:51.677+0000][7][gc,heap      ] GC(0) Humongous regions: 1->1
[2021-11-03T03:37:51.678+0000][7][gc,metaspace ] GC(0) Metaspace: 7302K(9088K)->7302K(9088K) NonClass: 6465K(7936K)->6465K(7936K) Class: 836K(1152K)->836K(1152K)
[2021-11-03T03:37:51.679+0000][7][gc           ] GC(0) Pause Young (Normal) (G1 Evacuation Pause) 26M->4M(512M) 19.779ms
[2021-11-03T03:37:51.680+0000][7][gc,cpu       ] GC(0) User=0.02s Sys=0.01s Real=0.02s
[2021-11-03T03:37:51.680+0000][7][safepoint    ] Safepoint "G1CollectForAllocation", Time since last: 210532417 ns, Reaching safepoint: 333744 ns, At safepoint: 21361469 ns, Total: 21695213 ns
[2021-11-03T03:37:52.742+0000][7][safepoint    ] Safepoint "Cleanup", Time since last: 1061432696 ns, Reaching safepoint: 273102 ns, At safepoint: 25140 ns, Total: 298242 ns
[2021-11-03T03:37:52.801+0000][7][gc,start     ] GC(1) Pause Young (Normal) (G1 Evacuation Pause)
[2021-11-03T03:37:52.802+0000][7][gc,task      ] GC(1) Using 4 workers of 4 for evacuation
[2021-11-03T03:37:52.803+0000][7][gc,age       ] GC(1) Desired survivor size 2097152 bytes, new threshold 1 (max threshold 15)
[2021-11-03T03:37:52.810+0000][7][gc,age       ] GC(1) Age table with threshold 1 (max threshold 15)
[2021-11-03T03:37:52.811+0000][7][gc,age       ] GC(1) - age   1:    1880416 bytes,    1880416 total
[2021-11-03T03:37:52.811+0000][7][gc,phases    ] GC(1)   Pre Evacuate Collection Set: 0.3ms
[2021-11-03T03:37:52.812+0000][7][gc,phases    ] GC(1)   Merge Heap Roots: 0.1ms
[2021-11-03T03:37:52.812+0000][7][gc,phases    ] GC(1)   Evacuate Collection Set: 3.8ms
[2021-11-03T03:37:52.813+0000][7][gc,phases    ] GC(1)   Post Evacuate Collection Set: 1.2ms
[2021-11-03T03:37:52.813+0000][7][gc,phases    ] GC(1)   Other: 4.6ms
[2021-11-03T03:37:52.814+0000][7][gc,heap      ] GC(1) Eden regions: 28->0(215)
[2021-11-03T03:37:52.815+0000][7][gc,heap      ] GC(1) Survivor regions: 4->2(4)
[2021-11-03T03:37:52.815+0000][7][gc,heap      ] GC(1) Old regions: 0->4
[2021-11-03T03:37:52.816+0000][7][gc,heap      ] GC(1) Archive regions: 2->2
[2021-11-03T03:37:52.816+0000][7][gc,heap      ] GC(1) Humongous regions: 1->1
[2021-11-03T03:37:52.817+0000][7][gc,metaspace ] GC(1) Metaspace: 11585K(12416K)->11585K(12416K) NonClass: 10155K(10752K)->10155K(10752K) Class: 1430K(1664K)->1430K(1664K)
[2021-11-03T03:37:52.818+0000][7][gc           ] GC(1) Pause Young (Normal) (G1 Evacuation Pause) 32M->6M(512M) 16.362ms
[2021-11-03T03:37:52.818+0000][7][gc,cpu       ] GC(1) User=0.02s Sys=0.01s Real=0.02s
[2021-11-03T03:37:52.819+0000][7][safepoint    ] Safepoint "G1CollectForAllocation", Time since last: 58926768 ns, Reaching safepoint: 105548 ns, At safepoint: 17512676 ns, Total: 17618224 ns
[2021-11-03T03:37:53.994+0000][7][safepoint    ] Safepoint "ICBufferFull", Time since last: 1175090724 ns, Reaching safepoint: 299836 ns, At safepoint: 25511 ns, Total: 325347 ns
[2021-11-03T03:37:54.398+0000][7][gc,start     ] GC(2) Pause Young (Normal) (G1 Evacuation Pause)
[2021-11-03T03:37:54.399+0000][7][gc,task      ] GC(2) Using 4 workers of 4 for evacuation
[2021-11-03T03:37:54.399+0000][7][gc,age       ] GC(2) Desired survivor size 14680064 bytes, new threshold 15 (max threshold 15)
[2021-11-03T03:37:54.409+0000][7][gc,age       ] GC(2) Age table with threshold 15 (max threshold 15)
[2021-11-03T03:37:54.410+0000][7][gc,age       ] GC(2) - age   1:    5464000 bytes,    5464000 total
[2021-11-03T03:37:54.410+0000][7][gc,age       ] GC(2) - age   2:    1761872 bytes,    7225872 total
[2021-11-03T03:37:54.411+0000][7][gc,phases    ] GC(2)   Pre Evacuate Collection Set: 0.2ms
[2021-11-03T03:37:54.412+0000][7][gc,phases    ] GC(2)   Merge Heap Roots: 0.1ms
[2021-11-03T03:37:54.412+0000][7][gc,phases    ] GC(2)   Evacuate Collection Set: 7.3ms
[2021-11-03T03:37:54.413+0000][7][gc,phases    ] GC(2)   Post Evacuate Collection Set: 1.7ms
[2021-11-03T03:37:54.413+0000][7][gc,phases    ] GC(2)   Other: 3.4ms
[2021-11-03T03:37:54.413+0000][7][gc,heap      ] GC(2) Eden regions: 215->0(228)
[2021-11-03T03:37:54.414+0000][7][gc,heap      ] GC(2) Survivor regions: 2->8(28)
[2021-11-03T03:37:54.414+0000][7][gc,heap      ] GC(2) Old regions: 4->4
[2021-11-03T03:37:54.415+0000][7][gc,heap      ] GC(2) Archive regions: 2->2
[2021-11-03T03:37:54.415+0000][7][gc,heap      ] GC(2) Humongous regions: 2->1
[2021-11-03T03:37:54.416+0000][7][gc,metaspace ] GC(2) Metaspace: 19024K(19840K)->19024K(19840K) NonClass: 16712K(17152K)->16712K(17152K) Class: 2312K(2688K)->2312K(2688K)
[2021-11-03T03:37:54.416+0000][7][gc           ] GC(2) Pause Young (Normal) (G1 Evacuation Pause) 222M->12M(512M) 17.854ms
[2021-11-03T03:37:54.417+0000][7][gc,cpu       ] GC(2) User=0.02s Sys=0.00s Real=0.02s
[2021-11-03T03:37:54.417+0000][7][safepoint    ] Safepoint "G1CollectForAllocation", Time since last: 403928867 ns, Reaching safepoint: 204009 ns, At safepoint: 19019568 ns, Total: 19223577 ns
[2021-11-03T03:37:54.419+0000][7][safepoint    ] Safepoint "BulkRevokeBias", Time since last: 1080910 ns, Reaching safepoint: 387200 ns, At safepoint: 144085 ns, Total: 531285 ns
[2021-11-03T03:37:54.422+0000][7][safepoint    ] Safepoint "BulkRevokeBias", Time since last: 2968470 ns, Reaching safepoint: 270317 ns, At safepoint: 217438 ns, Total: 487755 ns
[2021-11-03T03:37:54.423+0000][7][safepoint    ] Safepoint "BulkRevokeBias", Time since last: 845937 ns, Reaching safepoint: 144215 ns, At safepoint: 114458 ns, Total: 258673 ns
[2021-11-03T03:37:54.850+0000][7][gc,start     ] GC(3) Pause Young (Normal) (G1 Evacuation Pause)
[2021-11-03T03:37:54.851+0000][7][gc,task      ] GC(3) Using 4 workers of 4 for evacuation
[2021-11-03T03:37:54.852+0000][7][gc,age       ] GC(3) Desired survivor size 15728640 bytes, new threshold 15 (max threshold 15)
[2021-11-03T03:37:54.863+0000][7][gc,age       ] GC(3) Age table with threshold 15 (max threshold 15)
[2021-11-03T03:37:54.864+0000][7][gc,age       ] GC(3) - age   1:    5162480 bytes,    5162480 total
[2021-11-03T03:37:54.864+0000][7][gc,age       ] GC(3) - age   2:    4665272 bytes,    9827752 total
[2021-11-03T03:37:54.865+0000][7][gc,age       ] GC(3) - age   3:    1761872 bytes,   11589624 total
[2021-11-03T03:37:54.865+0000][7][gc,phases    ] GC(3)   Pre Evacuate Collection Set: 0.2ms
[2021-11-03T03:37:54.866+0000][7][gc,phases    ] GC(3)   Merge Heap Roots: 0.3ms
[2021-11-03T03:37:54.866+0000][7][gc,phases    ] GC(3)   Evacuate Collection Set: 8.5ms
[2021-11-03T03:37:54.867+0000][7][gc,phases    ] GC(3)   Post Evacuate Collection Set: 1.8ms
[2021-11-03T03:37:54.867+0000][7][gc,phases    ] GC(3)   Other: 4.1ms
[2021-11-03T03:37:54.868+0000][7][gc,heap      ] GC(3) Eden regions: 228->0(295)
[2021-11-03T03:37:54.868+0000][7][gc,heap      ] GC(3) Survivor regions: 8->12(30)
[2021-11-03T03:37:54.869+0000][7][gc,heap      ] GC(3) Old regions: 4->4
[2021-11-03T03:37:54.869+0000][7][gc,heap      ] GC(3) Archive regions: 2->2
[2021-11-03T03:37:54.870+0000][7][gc,heap      ] GC(3) Humongous regions: 1->1
[2021-11-03T03:37:54.870+0000][7][gc,metaspace ] GC(3) Metaspace: 19634K(20736K)->19634K(20736K) NonClass: 17232K(17920K)->17232K(17920K) Class: 2402K(2816K)->2402K(2816K)
[2021-11-03T03:37:54.871+0000][7][gc           ] GC(3) Pause Young (Normal) (G1 Evacuation Pause) 240M->16M(512M) 20.649ms
[2021-11-03T03:37:54.871+0000][7][gc,cpu       ] GC(3) User=0.03s Sys=0.00s Real=0.02s
[2021-11-03T03:37:54.872+0000][7][safepoint    ] Safepoint "G1CollectForAllocation", Time since last: 426608931 ns, Reaching safepoint: 207591 ns, At safepoint: 21618648 ns, Total: 21826239 ns
[2021-11-03T03:37:54.874+0000][7][safepoint    ] Safepoint "BulkRevokeBias", Time since last: 1855260 ns, Reaching safepoint: 258125 ns, At safepoint: 63359 ns, Total: 321484 ns
[2021-11-03T03:37:55.128+0000][7][gc,start     ] GC(4) Pause Young (Concurrent Start) (Metadata GC Threshold)
[2021-11-03T03:37:55.129+0000][7][gc,task      ] GC(4) Using 4 workers of 4 for evacuation
[2021-11-03T03:37:55.129+0000][7][gc,age       ] GC(4) Desired survivor size 20447232 bytes, new threshold 15 (max threshold 15)
[2021-11-03T03:37:55.138+0000][7][gc,age       ] GC(4) Age table with threshold 15 (max threshold 15)
[2021-11-03T03:37:55.139+0000][7][gc,age       ] GC(4) - age   1:    1263320 bytes,    1263320 total
[2021-11-03T03:37:55.139+0000][7][gc,age       ] GC(4) - age   2:    3144592 bytes,    4407912 total
[2021-11-03T03:37:55.139+0000][7][gc,age       ] GC(4) - age   3:    4661072 bytes,    9068984 total
[2021-11-03T03:37:55.140+0000][7][gc,age       ] GC(4) - age   4:    1761872 bytes,   10830856 total
[2021-11-03T03:37:55.140+0000][7][gc,phases    ] GC(4)   Pre Evacuate Collection Set: 0.3ms
[2021-11-03T03:37:55.141+0000][7][gc,phases    ] GC(4)   Merge Heap Roots: 0.1ms
[2021-11-03T03:37:55.141+0000][7][gc,phases    ] GC(4)   Evacuate Collection Set: 6.9ms
[2021-11-03T03:37:55.142+0000][7][gc,phases    ] GC(4)   Post Evacuate Collection Set: 0.9ms
[2021-11-03T03:37:55.142+0000][7][gc,phases    ] GC(4)   Other: 4.0ms
[2021-11-03T03:37:55.142+0000][7][gc,heap      ] GC(4) Eden regions: 177->0(295)
[2021-11-03T03:37:55.143+0000][7][gc,heap      ] GC(4) Survivor regions: 12->12(39)
[2021-11-03T03:37:55.143+0000][7][gc,heap      ] GC(4) Old regions: 4->4
[2021-11-03T03:37:55.144+0000][7][gc,heap      ] GC(4) Archive regions: 2->2
[2021-11-03T03:37:55.144+0000][7][gc,heap      ] GC(4) Humongous regions: 1->1
[2021-11-03T03:37:55.144+0000][7][gc,metaspace ] GC(4) Metaspace: 20012K(21296K)->20012K(21296K) NonClass: 17532K(18352K)->17532K(18352K) Class: 2479K(2944K)->2479K(2944K)
[2021-11-03T03:37:55.145+0000][7][gc           ] GC(4) Pause Young (Concurrent Start) (Metadata GC Threshold) 192M->16M(512M) 16.348ms
[2021-11-03T03:37:55.145+0000][7][gc,cpu       ] GC(4) User=0.03s Sys=0.00s Real=0.01s
[2021-11-03T03:37:55.145+0000][7][gc           ] GC(5) Concurrent Cycle
[2021-11-03T03:37:55.146+0000][7][gc,marking   ] GC(5) Concurrent Clear Claimed Marks
[2021-11-03T03:37:55.146+0000][7][safepoint    ] Safepoint "CollectForMetadataAllocation", Time since last: 253987772 ns, Reaching safepoint: 115070 ns, At safepoint: 17368885 ns, Total: 17483955 ns
[2021-11-03T03:37:55.146+0000][7][gc,marking   ] GC(5) Concurrent Clear Claimed Marks 0.560ms
[2021-11-03T03:37:55.147+0000][7][gc,marking   ] GC(5) Concurrent Scan Root Regions
[2021-11-03T03:37:55.153+0000][7][gc,marking   ] GC(5) Concurrent Scan Root Regions 5.759ms
[2021-11-03T03:37:55.154+0000][7][gc,marking   ] GC(5) Concurrent Mark (4.581s)
[2021-11-03T03:37:55.154+0000][7][gc,marking   ] GC(5) Concurrent Mark From Roots
[2021-11-03T03:37:55.155+0000][7][gc,task      ] GC(5) Using 1 workers of 1 for marking
[2021-11-03T03:37:55.160+0000][7][gc,marking   ] GC(5) Concurrent Mark From Roots 5.461ms
[2021-11-03T03:37:55.160+0000][7][gc,marking   ] GC(5) Concurrent Preclean
[2021-11-03T03:37:55.161+0000][7][gc,marking   ] GC(5) Concurrent Preclean 0.594ms
[2021-11-03T03:37:55.161+0000][7][gc,marking   ] GC(5) Concurrent Mark (4.581s, 4.589s) 7.589ms
[2021-11-03T03:37:55.163+0000][7][gc,start     ] GC(5) Pause Remark
[2021-11-03T03:37:55.168+0000][7][gc           ] GC(5) Pause Remark 16M->16M(512M) 5.110ms
[2021-11-03T03:37:55.168+0000][7][gc,cpu       ] GC(5) User=0.01s Sys=0.00s Real=0.01s
[2021-11-03T03:37:55.169+0000][7][safepoint    ] Safepoint "G1Concurrent", Time since last: 16811289 ns, Reaching safepoint: 496615 ns, At safepoint: 5926442 ns, Total: 6423057 ns
[2021-11-03T03:37:55.169+0000][7][gc,marking   ] GC(5) Concurrent Rebuild Remembered Sets
[2021-11-03T03:37:55.173+0000][7][gc,marking   ] GC(5) Concurrent Rebuild Remembered Sets 3.655ms
[2021-11-03T03:37:55.175+0000][7][gc,start     ] GC(5) Pause Cleanup
[2021-11-03T03:37:55.178+0000][7][gc           ] GC(5) Pause Cleanup 16M->16M(512M) 3.072ms
[2021-11-03T03:37:55.178+0000][7][gc,cpu       ] GC(5) User=0.00s Sys=0.00s Real=0.01s
[2021-11-03T03:37:55.179+0000][7][safepoint    ] Safepoint "G1Concurrent", Time since last: 4934978 ns, Reaching safepoint: 848617 ns, At safepoint: 3949686 ns, Total: 4798303 ns
[2021-11-03T03:37:55.179+0000][7][gc,marking   ] GC(5) Concurrent Cleanup for Next Mark
[2021-11-03T03:37:55.181+0000][7][gc,marking   ] GC(5) Concurrent Cleanup for Next Mark 1.779ms
[2021-11-03T03:37:55.181+0000][7][gc           ] GC(5) Concurrent Cycle 35.773ms
[2021-11-03T03:37:55.796+0000][7][gc,start     ] GC(6) Pause Young (Normal) (G1 Evacuation Pause)
[2021-11-03T03:37:55.796+0000][7][gc,task      ] GC(6) Using 4 workers of 4 for evacuation
[2021-11-03T03:37:55.797+0000][7][gc,age       ] GC(6) Desired survivor size 20447232 bytes, new threshold 15 (max threshold 15)
[2021-11-03T03:37:55.810+0000][7][gc,age       ] GC(6) Age table with threshold 15 (max threshold 15)
[2021-11-03T03:37:55.810+0000][7][gc,age       ] GC(6) - age   1:    2637736 bytes,    2637736 total
[2021-11-03T03:37:55.811+0000][7][gc,age       ] GC(6) - age   2:    1151248 bytes,    3788984 total
[2021-11-03T03:37:55.812+0000][7][gc,age       ] GC(6) - age   3:    3143792 bytes,    6932776 total
[2021-11-03T03:37:55.812+0000][7][gc,age       ] GC(6) - age   4:    4656352 bytes,   11589128 total
[2021-11-03T03:37:55.817+0000][7][gc,age       ] GC(6) - age   5:    1759696 bytes,   13348824 total
[2021-11-03T03:37:55.817+0000][7][gc,phases    ] GC(6)   Pre Evacuate Collection Set: 0.5ms
[2021-11-03T03:37:55.818+0000][7][gc,phases    ] GC(6)   Merge Heap Roots: 0.8ms
[2021-11-03T03:37:55.818+0000][7][gc,phases    ] GC(6)   Evacuate Collection Set: 5.7ms
[2021-11-03T03:37:55.819+0000][7][gc,phases    ] GC(6)   Post Evacuate Collection Set: 5.1ms
[2021-11-03T03:37:55.819+0000][7][gc,phases    ] GC(6)   Other: 9.0ms
[2021-11-03T03:37:55.820+0000][7][gc,heap      ] GC(6) Eden regions: 295->0(293)
[2021-11-03T03:37:55.820+0000][7][gc,heap      ] GC(6) Survivor regions: 12->14(39)
[2021-11-03T03:37:55.821+0000][7][gc,heap      ] GC(6) Old regions: 4->4
[2021-11-03T03:37:55.821+0000][7][gc,heap      ] GC(6) Archive regions: 2->2
[2021-11-03T03:37:55.822+0000][7][gc,heap      ] GC(6) Humongous regions: 1->1
[2021-11-03T03:37:55.823+0000][7][gc,metaspace ] GC(6) Metaspace: 21107K(22704K)->21107K(22704K) NonClass: 18522K(19632K)->18522K(19632K) Class: 2584K(3072K)->2584K(3072K)
[2021-11-03T03:37:55.823+0000][7][gc           ] GC(6) Pause Young (Normal) (G1 Evacuation Pause) 311M->18M(512M) 27.098ms
[2021-11-03T03:37:55.824+0000][7][gc,cpu       ] GC(6) User=0.02s Sys=0.01s Real=0.02s
[2021-11-03T03:37:55.824+0000][7][safepoint    ] Safepoint "G1CollectForAllocation", Time since last: 617023338 ns, Reaching safepoint: 414394 ns, At safepoint: 28090859 ns, Total: 28505253 ns
[2021-11-03T03:37:55.844+0000][7][safepoint    ] Safepoint "BulkRevokeBias", Time since last: 19422148 ns, Reaching safepoint: 610895 ns, At safepoint: 227401 ns, Total: 838296 ns
[2021-11-03T03:37:55.845+0000][7][safepoint    ] Safepoint "BulkRevokeBias", Time since last: 533055 ns, Reaching safepoint: 273199 ns, At safepoint: 64748 ns, Total: 337947 ns
[2021-11-03T03:37:56.275+0000][7][gc,start     ] GC(7) Pause Young (Normal) (G1 Evacuation Pause)
[2021-11-03T03:37:56.276+0000][7][gc,task      ] GC(7) Using 4 workers of 4 for evacuation
[2021-11-03T03:37:56.277+0000][7][gc,age       ] GC(7) Desired survivor size 20447232 bytes, new threshold 15 (max threshold 15)
[2021-11-03T03:37:56.286+0000][7][gc,age       ] GC(7) Age table with threshold 15 (max threshold 15)
[2021-11-03T03:37:56.286+0000][7][gc,age       ] GC(7) - age   1:    2714880 bytes,    2714880 total
[2021-11-03T03:37:56.287+0000][7][gc,age       ] GC(7) - age   2:    2056256 bytes,    4771136 total
[2021-11-03T03:37:56.287+0000][7][gc,age       ] GC(7) - age   3:    1151200 bytes,    5922336 total
[2021-11-03T03:37:56.288+0000][7][gc,age       ] GC(7) - age   4:    3142392 bytes,    9064728 total
[2021-11-03T03:37:56.288+0000][7][gc,age       ] GC(7) - age   5:    4656352 bytes,   13721080 total
[2021-11-03T03:37:56.288+0000][7][gc,age       ] GC(7) - age   6:    1759696 bytes,   15480776 total
[2021-11-03T03:37:56.289+0000][7][gc,phases    ] GC(7)   Pre Evacuate Collection Set: 0.2ms
[2021-11-03T03:37:56.289+0000][7][gc,phases    ] GC(7)   Merge Heap Roots: 0.2ms
[2021-11-03T03:37:56.290+0000][7][gc,phases    ] GC(7)   Evacuate Collection Set: 6.7ms
[2021-11-03T03:37:56.290+0000][7][gc,phases    ] GC(7)   Post Evacuate Collection Set: 1.5ms
[2021-11-03T03:37:56.291+0000][7][gc,phases    ] GC(7)   Other: 5.2ms
[2021-11-03T03:37:56.291+0000][7][gc,heap      ] GC(7) Eden regions: 293->0(291)
[2021-11-03T03:37:56.292+0000][7][gc,heap      ] GC(7) Survivor regions: 14->16(39)
[2021-11-03T03:37:56.292+0000][7][gc,heap      ] GC(7) Old regions: 4->4
[2021-11-03T03:37:56.292+0000][7][gc,heap      ] GC(7) Archive regions: 2->2
[2021-11-03T03:37:56.293+0000][7][gc,heap      ] GC(7) Humongous regions: 1->1
[2021-11-03T03:37:56.293+0000][7][gc,metaspace ] GC(7) Metaspace: 21407K(22960K)->21407K(22960K) NonClass: 18759K(19888K)->18759K(19888K) Class: 2647K(3072K)->2647K(3072K)
[2021-11-03T03:37:56.294+0000][7][gc           ] GC(7) Pause Young (Normal) (G1 Evacuation Pause) 311M->20M(512M) 18.680ms
[2021-11-03T03:37:56.295+0000][7][gc,cpu       ] GC(7) User=0.02s Sys=0.00s Real=0.02s
[2021-11-03T03:37:56.295+0000][7][safepoint    ] Safepoint "G1CollectForAllocation", Time since last: 429945750 ns, Reaching safepoint: 167556 ns, At safepoint: 19896727 ns, Total: 20064283 ns
[2021-11-03T03:37:57.543+0000][7][safepoint    ] Safepoint "ICBufferFull", Time since last: 1247039872 ns, Reaching safepoint: 383065 ns, At safepoint: 29344 ns, Total: 412409 ns
[2021-11-03T03:37:58.544+0000][7][safepoint    ] Safepoint "Cleanup", Time since last: 1000753840 ns, Reaching safepoint: 339313 ns, At safepoint: 25046 ns, Total: 364359 ns
[2021-11-03T03:37:59.037+0000][7][gc,start     ] GC(8) Pause Young (Normal) (G1 Evacuation Pause)
[2021-11-03T03:37:59.038+0000][7][gc,task      ] GC(8) Using 4 workers of 4 for evacuation
[2021-11-03T03:37:59.039+0000][7][gc,age       ] GC(8) Desired survivor size 20447232 bytes, new threshold 15 (max threshold 15)
[2021-11-03T03:37:59.103+0000][7][gc,age       ] GC(8) Age table with threshold 15 (max threshold 15)
[2021-11-03T03:37:59.104+0000][7][gc,age       ] GC(8) - age   1:   27042712 bytes,   27042712 total
[2021-11-03T03:37:59.104+0000][7][gc,age       ] GC(8) - age   2:     689608 bytes,   27732320 total
[2021-11-03T03:37:59.105+0000][7][gc,age       ] GC(8) - age   3:    2041296 bytes,   29773616 total
[2021-11-03T03:37:59.105+0000][7][gc,age       ] GC(8) - age   4:    1138784 bytes,   30912400 total
[2021-11-03T03:37:59.106+0000][7][gc,age       ] GC(8) - age   5:    3122680 bytes,   34035080 total
[2021-11-03T03:37:59.106+0000][7][gc,age       ] GC(8) - age   6:    4572504 bytes,   38607584 total
[2021-11-03T03:37:59.107+0000][7][gc,age       ] GC(8) - age   7:    1750848 bytes,   40358432 total
[2021-11-03T03:37:59.107+0000][7][gc,phases    ] GC(8)   Pre Evacuate Collection Set: 0.2ms
[2021-11-03T03:37:59.108+0000][7][gc,phases    ] GC(8)   Merge Heap Roots: 0.2ms
[2021-11-03T03:37:59.108+0000][7][gc,phases    ] GC(8)   Evacuate Collection Set: 58.7ms
[2021-11-03T03:37:59.109+0000][7][gc,phases    ] GC(8)   Post Evacuate Collection Set: 4.8ms
[2021-11-03T03:37:59.110+0000][7][gc,phases    ] GC(8)   Other: 6.2ms
[2021-11-03T03:37:59.110+0000][7][gc,heap      ] GC(8) Eden regions: 291->0(268)
[2021-11-03T03:37:59.111+0000][7][gc,heap      ] GC(8) Survivor regions: 16->39(39)
[2021-11-03T03:37:59.111+0000][7][gc,heap      ] GC(8) Old regions: 4->4
[2021-11-03T03:37:59.112+0000][7][gc,heap      ] GC(8) Archive regions: 2->2
[2021-11-03T03:37:59.113+0000][7][gc,heap      ] GC(8) Humongous regions: 1->1
[2021-11-03T03:37:59.113+0000][7][gc,metaspace ] GC(8) Metaspace: 29684K(32176K)->29684K(32176K) NonClass: 25919K(27568K)->25919K(27568K) Class: 3765K(4608K)->3765K(4608K)
[2021-11-03T03:37:59.114+0000][7][gc           ] GC(8) Pause Young (Normal) (G1 Evacuation Pause) 311M->44M(512M) 76.874ms
[2021-11-03T03:37:59.115+0000][7][gc,cpu       ] GC(8) User=0.17s Sys=0.02s Real=0.07s
[2021-11-03T03:37:59.115+0000][7][safepoint    ] Safepoint "G1CollectForAllocation", Time since last: 493354180 ns, Reaching safepoint: 207584 ns, At safepoint: 78046975 ns, Total: 78254559 ns
[2021-11-03T03:37:59.536+0000][7][gc,start     ] GC(9) Pause Young (Concurrent Start) (Metadata GC Threshold)
[2021-11-03T03:37:59.537+0000][7][gc,task      ] GC(9) Using 4 workers of 4 for evacuation
[2021-11-03T03:37:59.537+0000][7][gc,age       ] GC(9) Desired survivor size 20447232 bytes, new threshold 1 (max threshold 15)
[2021-11-03T03:37:59.585+0000][7][gc,age       ] GC(9) Age table with threshold 1 (max threshold 15)
[2021-11-03T03:37:59.585+0000][7][gc,age       ] GC(9) - age   1:    1146496 bytes,    1146496 total
[2021-11-03T03:37:59.586+0000][7][gc,phases    ] GC(9)   Pre Evacuate Collection Set: 0.3ms
[2021-11-03T03:37:59.587+0000][7][gc,phases    ] GC(9)   Merge Heap Roots: 0.1ms
[2021-11-03T03:37:59.587+0000][7][gc,phases    ] GC(9)   Evacuate Collection Set: 44.7ms
[2021-11-03T03:37:59.588+0000][7][gc,phases    ] GC(9)   Post Evacuate Collection Set: 2.0ms
[2021-11-03T03:37:59.589+0000][7][gc,phases    ] GC(9)   Other: 2.9ms
[2021-11-03T03:37:59.589+0000][7][gc,heap      ] GC(9) Eden regions: 29->0(296)
[2021-11-03T03:37:59.590+0000][7][gc,heap      ] GC(9) Survivor regions: 39->3(39)
[2021-11-03T03:37:59.591+0000][7][gc,heap      ] GC(9) Old regions: 4->43
[2021-11-03T03:37:59.591+0000][7][gc,heap      ] GC(9) Archive regions: 2->2
[2021-11-03T03:37:59.592+0000][7][gc,heap      ] GC(9) Humongous regions: 1->1
[2021-11-03T03:37:59.592+0000][7][gc,metaspace ] GC(9) Metaspace: 33070K(35920K)->33070K(35920K) NonClass: 28739K(30544K)->28739K(30544K) Class: 4331K(5376K)->4331K(5376K)
[2021-11-03T03:37:59.593+0000][7][gc           ] GC(9) Pause Young (Concurrent Start) (Metadata GC Threshold) 73M->46M(512M) 56.715ms
[2021-11-03T03:37:59.593+0000][7][gc,cpu       ] GC(9) User=0.11s Sys=0.01s Real=0.05s
[2021-11-03T03:37:59.594+0000][7][gc           ] GC(10) Concurrent Cycle
[2021-11-03T03:37:59.594+0000][7][safepoint    ] Safepoint "CollectForMetadataAllocation", Time since last: 420382455 ns, Reaching safepoint: 337343 ns, At safepoint: 57942951 ns, Total: 58280294 ns
[2021-11-03T03:37:59.594+0000][7][gc,marking   ] GC(10) Concurrent Clear Claimed Marks
[2021-11-03T03:37:59.596+0000][7][gc,marking   ] GC(10) Concurrent Clear Claimed Marks 1.721ms
[2021-11-03T03:37:59.597+0000][7][gc,marking   ] GC(10) Concurrent Scan Root Regions
[2021-11-03T03:37:59.621+0000][7][safepoint    ] Safepoint "CollectForMetadataAllocation", Time since last: 26928920 ns, Reaching safepoint: 293822 ns, At safepoint: 134441 ns, Total: 428263 ns
[2021-11-03T03:37:59.653+0000][7][safepoint    ] Safepoint "CollectForMetadataAllocation", Time since last: 31520720 ns, Reaching safepoint: 323946 ns, At safepoint: 150193 ns, Total: 474139 ns
[2021-11-03T03:37:59.663+0000][7][gc,marking   ] GC(10) Concurrent Scan Root Regions 65.726ms
[2021-11-03T03:37:59.689+0000][7][gc,marking   ] GC(10) Concurrent Mark (9.117s)
[2021-11-03T03:37:59.690+0000][7][gc,marking   ] GC(10) Concurrent Mark From Roots
[2021-11-03T03:37:59.690+0000][7][gc,task      ] GC(10) Using 1 workers of 1 for marking
[2021-11-03T03:37:59.675+0000][7][safepoint    ] Safepoint "CollectForMetadataAllocation", Time since last: 21403794 ns, Reaching safepoint: 252739 ns, At safepoint: 140181 ns, Total: 392920 ns
[2021-11-03T03:37:59.698+0000][7][gc,marking   ] GC(10) Concurrent Mark From Roots 8.073ms
[2021-11-03T03:37:59.699+0000][7][gc,marking   ] GC(10) Concurrent Preclean
[2021-11-03T03:37:59.699+0000][7][gc,marking   ] GC(10) Concurrent Preclean 0.747ms
[2021-11-03T03:37:59.700+0000][7][gc,marking   ] GC(10) Concurrent Mark (9.117s, 9.128s) 10.607ms
[2021-11-03T03:37:59.701+0000][7][gc,start     ] GC(10) Pause Remark
[2021-11-03T03:37:59.705+0000][7][gc           ] GC(10) Pause Remark 51M->51M(512M) 4.166ms
[2021-11-03T03:37:59.706+0000][7][gc,cpu       ] GC(10) User=0.01s Sys=0.00s Real=0.01s
[2021-11-03T03:37:59.706+0000][7][safepoint    ] Safepoint "G1Concurrent", Time since last: 25512932 ns, Reaching safepoint: 303907 ns, At safepoint: 5301900 ns, Total: 5605807 ns
[2021-11-03T03:37:59.707+0000][7][gc,marking   ] GC(10) Concurrent Rebuild Remembered Sets
[2021-11-03T03:37:59.780+0000][7][gc,marking   ] GC(10) Concurrent Rebuild Remembered Sets 73.503ms
[2021-11-03T03:37:59.782+0000][7][gc,start     ] GC(10) Pause Cleanup
[2021-11-03T03:37:59.783+0000][7][gc           ] GC(10) Pause Cleanup 93M->93M(512M) 0.930ms
[2021-11-03T03:37:59.783+0000][7][gc,cpu       ] GC(10) User=0.00s Sys=0.00s Real=0.00s
[2021-11-03T03:37:59.784+0000][7][safepoint    ] Safepoint "G1Concurrent", Time since last: 74810246 ns, Reaching safepoint: 712443 ns, At safepoint: 2067671 ns, Total: 2780114 ns
[2021-11-03T03:37:59.785+0000][7][gc,marking   ] GC(10) Concurrent Cleanup for Next Mark
[2021-11-03T03:37:59.788+0000][7][gc,marking   ] GC(10) Concurrent Cleanup for Next Mark 2.810ms
[2021-11-03T03:37:59.788+0000][7][gc           ] GC(10) Concurrent Cycle 194.499ms
[2021-11-03T03:38:01.404+0000][7][safepoint    ] Safepoint "Cleanup", Time since last: 1619249392 ns, Reaching safepoint: 359212 ns, At safepoint: 31913 ns, Total: 391125 ns
[2021-11-03T03:38:01.922+0000][7][safepoint    ] Safepoint "BulkRevokeBias", Time since last: 517742852 ns, Reaching safepoint: 441712 ns, At safepoint: 200506 ns, Total: 642218 ns
[2021-11-03T03:38:01.942+0000][7][safepoint    ] Safepoint "BulkRevokeBias", Time since last: 19848264 ns, Reaching safepoint: 295182 ns, At safepoint: 256169 ns, Total: 551351 ns
[2021-11-03T03:38:02.793+0000][7][safepoint    ] Safepoint "BulkRevokeBias", Time since last: 849787787 ns, Reaching safepoint: 305233 ns, At safepoint: 133478 ns, Total: 438711 ns
[2021-11-03T03:38:03.837+0000][7][safepoint    ] Safepoint "Cleanup", Time since last: 1001696606 ns, Reaching safepoint: 42348153 ns, At safepoint: 42995 ns, Total: 42391148 ns
[2021-11-03T03:38:04.128+0000][7][gc,start     ] GC(11) Pause Young (Concurrent Start) (G1 Evacuation Pause)
[2021-11-03T03:38:04.129+0000][7][gc,task      ] GC(11) Using 4 workers of 4 for evacuation
[2021-11-03T03:38:04.130+0000][7][gc,age       ] GC(11) Desired survivor size 19922944 bytes, new threshold 15 (max threshold 15)
[2021-11-03T03:38:04.158+0000][7][gc,age       ] GC(11) Age table with threshold 15 (max threshold 15)
[2021-11-03T03:38:04.158+0000][7][gc,age       ] GC(11) - age   1:    8125696 bytes,    8125696 total
[2021-11-03T03:38:04.159+0000][7][gc,age       ] GC(11) - age   2:    1100488 bytes,    9226184 total
[2021-11-03T03:38:04.160+0000][7][gc,phases    ] GC(11)   Pre Evacuate Collection Set: 1.0ms
[2021-11-03T03:38:04.160+0000][7][gc,phases    ] GC(11)   Merge Heap Roots: 0.4ms
[2021-11-03T03:38:04.161+0000][7][gc,phases    ] GC(11)   Evacuate Collection Set: 23.1ms
[2021-11-03T03:38:04.162+0000][7][gc,phases    ] GC(11)   Post Evacuate Collection Set: 2.6ms
[2021-11-03T03:38:04.163+0000][7][gc,phases    ] GC(11)   Other: 4.7ms
[2021-11-03T03:38:04.163+0000][7][gc,heap      ] GC(11) Eden regions: 296->0(292)
[2021-11-03T03:38:04.164+0000][7][gc,heap      ] GC(11) Survivor regions: 3->10(38)
[2021-11-03T03:38:04.164+0000][7][gc,heap      ] GC(11) Old regions: 43->43
[2021-11-03T03:38:04.165+0000][7][gc,heap      ] GC(11) Archive regions: 2->2
[2021-11-03T03:38:04.165+0000][7][gc,heap      ] GC(11) Humongous regions: 1->1
[2021-11-03T03:38:04.166+0000][7][gc,metaspace ] GC(11) Metaspace: 56891K(61776K)->56891K(61776K) NonClass: 49178K(52048K)->49178K(52048K) Class: 7712K(9728K)->7712K(9728K)
[2021-11-03T03:38:04.166+0000][7][gc           ] GC(11) Pause Young (Concurrent Start) (G1 Evacuation Pause) 342M->54M(512M) 38.361ms
[2021-11-03T03:38:04.167+0000][7][gc,cpu       ] GC(11) User=0.06s Sys=0.01s Real=0.04s
[2021-11-03T03:38:04.167+0000][7][gc           ] GC(12) Concurrent Cycle
[2021-11-03T03:38:04.168+0000][7][gc,marking   ] GC(12) Concurrent Clear Claimed Marks
[2021-11-03T03:38:04.169+0000][7][gc,marking   ] GC(12) Concurrent Clear Claimed Marks 1.537ms
[2021-11-03T03:38:04.168+0000][7][safepoint    ] Safepoint "G1CollectForAllocation", Time since last: 290768914 ns, Reaching safepoint: 328793 ns, At safepoint: 39777568 ns, Total: 40106361 ns
[2021-11-03T03:38:04.170+0000][7][gc,marking   ] GC(12) Concurrent Scan Root Regions
[2021-11-03T03:38:04.191+0000][7][gc,marking   ] GC(12) Concurrent Scan Root Regions 20.618ms
[2021-11-03T03:38:04.191+0000][7][gc,marking   ] GC(12) Concurrent Mark (13.619s)
[2021-11-03T03:38:04.192+0000][7][gc,marking   ] GC(12) Concurrent Mark From Roots
[2021-11-03T03:38:04.193+0000][7][gc,task      ] GC(12) Using 1 workers of 1 for marking
[2021-11-03T03:38:04.195+0000][7][safepoint    ] Safepoint "BulkRevokeBias", Time since last: 26488166 ns, Reaching safepoint: 551261 ns, At safepoint: 204270 ns, Total: 755531 ns
[2021-11-03T03:38:04.200+0000][7][safepoint    ] Safepoint "CollectForMetadataAllocation", Time since last: 4708497 ns, Reaching safepoint: 435774 ns, At safepoint: 190821 ns, Total: 626595 ns
[2021-11-03T03:38:04.224+0000][7][safepoint    ] Safepoint "CollectForMetadataAllocation", Time since last: 22014422 ns, Reaching safepoint: 1301074 ns, At safepoint: 134203 ns, Total: 1435277 ns
[2021-11-03T03:38:04.261+0000][7][safepoint    ] Safepoint "CollectForMetadataAllocation", Time since last: 37651620 ns, Reaching safepoint: 135991 ns, At safepoint: 127530 ns, Total: 263521 ns
[2021-11-03T03:38:04.277+0000][7][safepoint    ] Safepoint "CollectForMetadataAllocation", Time since last: 15007650 ns, Reaching safepoint: 174994 ns, At safepoint: 233032 ns, Total: 408026 ns
[2021-11-03T03:38:04.300+0000][7][gc,marking   ] GC(12) Concurrent Mark From Roots 107.878ms
[2021-11-03T03:38:04.301+0000][7][gc,marking   ] GC(12) Concurrent Preclean
[2021-11-03T03:38:04.302+0000][7][gc,marking   ] GC(12) Concurrent Preclean 1.067ms
[2021-11-03T03:38:04.303+0000][7][gc,marking   ] GC(12) Concurrent Mark (13.619s, 13.730s) 111.352ms
[2021-11-03T03:38:04.304+0000][7][gc,start     ] GC(12) Pause Remark
[2021-11-03T03:38:04.309+0000][7][gc           ] GC(12) Pause Remark 61M->61M(512M) 5.147ms
[2021-11-03T03:38:04.310+0000][7][gc,cpu       ] GC(12) User=0.01s Sys=0.00s Real=0.01s
[2021-11-03T03:38:04.310+0000][7][safepoint    ] Safepoint "G1Concurrent", Time since last: 26597790 ns, Reaching safepoint: 538082 ns, At safepoint: 6261277 ns, Total: 6799359 ns
[2021-11-03T03:38:04.311+0000][7][gc,marking   ] GC(12) Concurrent Rebuild Remembered Sets
[2021-11-03T03:38:04.378+0000][7][gc,marking   ] GC(12) Concurrent Rebuild Remembered Sets 67.460ms
[2021-11-03T03:38:04.380+0000][7][gc,start     ] GC(12) Pause Cleanup
[2021-11-03T03:38:04.382+0000][7][gc           ] GC(12) Pause Cleanup 66M->66M(512M) 1.052ms
[2021-11-03T03:38:04.382+0000][7][gc,cpu       ] GC(12) User=0.00s Sys=0.00s Real=0.00s
[2021-11-03T03:38:04.383+0000][7][safepoint    ] Safepoint "G1Concurrent", Time since last: 69038605 ns, Reaching safepoint: 1146735 ns, At safepoint: 2784348 ns, Total: 3931083 ns
[2021-11-03T03:38:04.384+0000][7][gc,marking   ] GC(12) Concurrent Cleanup for Next Mark
[2021-11-03T03:38:04.387+0000][7][gc,marking   ] GC(12) Concurrent Cleanup for Next Mark 2.515ms
[2021-11-03T03:38:04.387+0000][7][gc           ] GC(12) Concurrent Cycle 220.144ms
[2021-11-03T03:38:05.319+0000][7][safepoint    ] Safepoint "BulkRevokeBias", Time since last: 934763201 ns, Reaching safepoint: 698431 ns, At safepoint: 112740 ns, Total: 811171 ns
[2021-11-03T03:38:05.937+0000][7][safepoint    ] Safepoint "ICBufferFull", Time since last: 617547998 ns, Reaching safepoint: 388991 ns, At safepoint: 27546 ns, Total: 416537 ns
[2021-11-03T03:38:06.097+0000][7][safepoint    ] Safepoint "BulkRevokeBias", Time since last: 181071727 ns, Reaching safepoint: 207912 ns, At safepoint: 123379 ns, Total: 331291 ns
[2021-11-03T03:38:07.234+0000][7][safepoint    ] Safepoint "Cleanup", Time since last: 1136750711 ns, Reaching safepoint: 199031 ns, At safepoint: 7655 ns, Total: 206686 ns
[2021-11-03T03:38:08.235+0000][7][safepoint    ] Safepoint "Cleanup", Time since last: 1001075452 ns, Reaching safepoint: 150719 ns, At safepoint: 3904 ns, Total: 154623 ns
[2021-11-03T03:38:09.237+0000][7][safepoint    ] Safepoint "Cleanup", Time since last: 1001822996 ns, Reaching safepoint: 123239 ns, At safepoint: 9094 ns, Total: 132333 ns
[2021-11-03T03:38:10.239+0000][7][safepoint    ] Safepoint "Cleanup", Time since last: 1001482412 ns, Reaching safepoint: 287024 ns, At safepoint: 4959 ns, Total: 291983 ns
[2021-11-03T03:38:11.241+0000][7][safepoint    ] Safepoint "Cleanup", Time since last: 1001547066 ns, Reaching safepoint: 434196 ns, At safepoint: 10438 ns, Total: 444634 ns
[2021-11-03T03:38:12.246+0000][7][safepoint    ] Safepoint "Cleanup", Time since last: 1004588449 ns, Reaching safepoint: 442461 ns, At safepoint: 7374 ns, Total: 449835 ns
[2021-11-03T03:38:13.249+0000][7][safepoint    ] Safepoint "Cleanup", Time since last: 1002784002 ns, Reaching safepoint: 335515 ns, At safepoint: 8155 ns, Total: 343670 ns
[2021-11-03T03:38:14.257+0000][7][safepoint    ] Safepoint "Cleanup", Time since last: 1007056436 ns, Reaching safepoint: 432077 ns, At safepoint: 10046 ns, Total: 442123 ns
[2021-11-03T03:38:15.261+0000][7][safepoint    ] Safepoint "Cleanup", Time since last: 1003427369 ns, Reaching safepoint: 319878 ns, At safepoint: 6058 ns, Total: 325936 ns
[2021-11-03T03:38:16.263+0000][7][safepoint    ] Safepoint "Cleanup", Time since last: 1002591202 ns, Reaching safepoint: 209535 ns, At safepoint: 7485 ns, Total: 217020 ns
[2021-11-03T03:38:17.267+0000][7][safepoint    ] Safepoint "Cleanup", Time since last: 1002834545 ns, Reaching safepoint: 540875 ns, At safepoint: 82612 ns, Total: 623487 ns
[2021-11-03T03:38:18.273+0000][7][safepoint    ] Safepoint "Cleanup", Time since last: 1005209072 ns, Reaching safepoint: 918310 ns, At safepoint: 16965 ns, Total: 935275 ns
[2021-11-03T03:38:19.277+0000][7][safepoint    ] Safepoint "Cleanup", Time since last: 1003252201 ns, Reaching safepoint: 615819 ns, At safepoint: 31334 ns, Total: 647153 ns
[2021-11-03T03:38:20.283+0000][7][safepoint    ] Safepoint "Cleanup", Time since last: 1005422984 ns, Reaching safepoint: 323881 ns, At safepoint: 65132 ns, Total: 389013 ns
[2021-11-03T03:38:21.289+0000][7][safepoint    ] Safepoint "Cleanup", Time since last: 1005773937 ns, Reaching safepoint: 529271 ns, At safepoint: 12428 ns, Total: 541699 ns
[2021-11-03T03:38:22.293+0000][7][safepoint    ] Safepoint "Cleanup", Time since last: 1002458048 ns, Reaching safepoint: 1145148 ns, At safepoint: 21436 ns, Total: 1166584 ns
[2021-11-03T03:38:23.296+0000][7][safepoint    ] Safepoint "Cleanup", Time since last: 1003192620 ns, Reaching safepoint: 176216 ns, At safepoint: 3694 ns, Total: 179910 ns
[2021-11-03T03:38:24.304+0000][7][safepoint    ] Safepoint "Cleanup", Time since last: 1007489334 ns, Reaching safepoint: 152212 ns, At safepoint: 4860 ns, Total: 157072 ns
[2021-11-03T03:38:25.307+0000][7][safepoint    ] Safepoint "Cleanup", Time since last: 1002817088 ns, Reaching safepoint: 489306 ns, At safepoint: 21677 ns, Total: 510983 ns
[2021-11-03T03:38:26.311+0000][7][safepoint    ] Safepoint "Cleanup", Time since last: 1003962205 ns, Reaching safepoint: 415037 ns, At safepoint: 8360 ns, Total: 423397 ns
[2021-11-03T03:38:27.314+0000][7][safepoint    ] Safepoint "Cleanup", Time since last: 1002376441 ns, Reaching safepoint: 590943 ns, At safepoint: 19869 ns, Total: 610812 ns
[2021-11-03T03:38:28.318+0000][7][safepoint    ] Safepoint "Cleanup", Time since last: 1003279320 ns, Reaching safepoint: 319545 ns, At safepoint: 5298 ns, Total: 324843 ns
[2021-11-03T03:38:29.320+0000][7][safepoint    ] Safepoint "Cleanup", Time since last: 1002283323 ns, Reaching safepoint: 219680 ns, At safepoint: 9379 ns, Total: 229059 ns
[2021-11-03T03:38:30.322+0000][7][safepoint    ] Safepoint "Cleanup", Time since last: 1001749092 ns, Reaching safepoint: 227371 ns, At safepoint: 7271 ns, Total: 234642 ns
[2021-11-03T03:38:31.327+0000][7][safepoint    ] Safepoint "Cleanup", Time since last: 1003969505 ns, Reaching safepoint: 162906 ns, At safepoint: 9549 ns, Total: 172455 ns
[2021-11-03T03:38:32.331+0000][7][safepoint    ] Safepoint "Cleanup", Time since last: 1003072902 ns, Reaching safepoint: 944705 ns, At safepoint: 16503 ns, Total: 961208 ns
[2021-11-03T03:38:33.339+0000][7][safepoint    ] Safepoint "Cleanup", Time since last: 1007983503 ns, Reaching safepoint: 326378 ns, At safepoint: 8469 ns, Total: 334847 ns
[2021-11-03T03:38:34.342+0000][7][safepoint    ] Safepoint "Cleanup", Time since last: 1002845519 ns, Reaching safepoint: 164886 ns, At safepoint: 23805 ns, Total: 188691 ns
[2021-11-03T03:38:35.344+0000][7][safepoint    ] Safepoint "Cleanup", Time since last: 1001884619 ns, Reaching safepoint: 134102 ns, At safepoint: 3231 ns, Total: 137333 ns
[2021-11-03T03:38:37.038+0000][7][safepoint    ] Safepoint "Cleanup", Time since last: 1714702490 ns, Reaching safepoint: 202304 ns, At safepoint: 6847 ns, Total: 209151 ns
[2021-11-03T03:38:38.039+0000][7][safepoint    ] Safepoint "Cleanup", Time since last: 1001069572 ns, Reaching safepoint: 130751 ns, At safepoint: 2670 ns, Total: 133421 ns
[2021-11-03T03:38:39.042+0000][7][safepoint    ] Safepoint "Cleanup", Time since last: 1002841124 ns, Reaching safepoint: 184765 ns, At safepoint: 4097 ns, Total: 188862 ns
[2021-11-03T03:38:40.043+0000][7][safepoint    ] Safepoint "Cleanup", Time since last: 1001096614 ns, Reaching safepoint: 151015 ns, At safepoint: 3410 ns, Total: 154425 ns
[2021-11-03T03:38:41.045+0000][7][safepoint    ] Safepoint "Cleanup", Time since last: 1001212665 ns, Reaching safepoint: 181990 ns, At safepoint: 6400 ns, Total: 188390 ns
[2021-11-03T03:38:42.046+0000][7][safepoint    ] Safepoint "Cleanup", Time since last: 1001355546 ns, Reaching safepoint: 85524 ns, At safepoint: 3103 ns, Total: 88627 ns
[2021-11-03T03:38:43.049+0000][7][safepoint    ] Safepoint "Cleanup", Time since last: 1002416029 ns, Reaching safepoint: 116733 ns, At safepoint: 2554 ns, Total: 119287 ns
[2021-11-03T03:38:44.050+0000][7][safepoint    ] Safepoint "Cleanup", Time since last: 1001113567 ns, Reaching safepoint: 86748 ns, At safepoint: 3177 ns, Total: 89925 ns
[2021-11-03T03:38:45.051+0000][7][safepoint    ] Safepoint "Cleanup", Time since last: 1000938697 ns, Reaching safepoint: 84196 ns, At safepoint: 2345 ns, Total: 86541 ns
[2021-11-03T03:38:46.052+0000][7][safepoint    ] Safepoint "Cleanup", Time since last: 1001084454 ns, Reaching safepoint: 80616 ns, At safepoint: 2254 ns, Total: 82870 ns
[2021-11-03T03:38:47.054+0000][7][safepoint    ] Safepoint "Cleanup", Time since last: 1002379760 ns, Reaching safepoint: 90113 ns, At safepoint: 2378 ns, Total: 92491 ns
[2021-11-03T03:38:48.056+0000][7][safepoint    ] Safepoint "Cleanup", Time since last: 1001273572 ns, Reaching safepoint: 83262 ns, At safepoint: 2200 ns, Total: 85462 ns
[2021-11-03T03:38:49.057+0000][7][safepoint    ] Safepoint "Cleanup", Time since last: 1001324893 ns, Reaching safepoint: 83587 ns, At safepoint: 2632 ns, Total: 86219 ns
[2021-11-03T03:38:50.058+0000][7][safepoint    ] Safepoint "Cleanup", Time since last: 1001109521 ns, Reaching safepoint: 83784 ns, At safepoint: 2120 ns, Total: 85904 ns
[2021-11-03T03:38:51.059+0000][7][safepoint    ] Safepoint "Cleanup", Time since last: 1000976669 ns, Reaching safepoint: 80745 ns, At safepoint: 2363 ns, Total: 83108 ns
[2021-11-03T03:38:52.061+0000][7][safepoint    ] Safepoint "Cleanup", Time since last: 1001331856 ns, Reaching safepoint: 83073 ns, At safepoint: 2425 ns, Total: 85498 ns
[2021-11-03T03:38:54.005+0000][7][safepoint    ] Safepoint "Cleanup", Time since last: 1943792305 ns, Reaching safepoint: 90205 ns, At safepoint: 2725 ns, Total: 92930 ns
[2021-11-03T03:38:55.008+0000][7][safepoint    ] Safepoint "Cleanup", Time since last: 1003166605 ns, Reaching safepoint: 86630 ns, At safepoint: 2108 ns, Total: 88738 ns
[2021-11-03T03:38:56.010+0000][7][safepoint    ] Safepoint "Cleanup", Time since last: 1001422492 ns, Reaching safepoint: 146899 ns, At safepoint: 3088 ns, Total: 149987 ns
[2021-11-03T03:38:57.012+0000][7][safepoint    ] Safepoint "Cleanup", Time since last: 1002631855 ns, Reaching safepoint: 194008 ns, At safepoint: 7949 ns, Total: 201957 ns
[2021-11-03T03:38:58.015+0000][7][safepoint    ] Safepoint "Cleanup", Time since last: 1002691887 ns, Reaching safepoint: 183996 ns, At safepoint: 3097 ns, Total: 187093 ns
[2021-11-03T03:38:59.017+0000][7][safepoint    ] Safepoint "Cleanup", Time since last: 1001429358 ns, Reaching safepoint: 81852 ns, At safepoint: 2448 ns, Total: 84300 ns
[2021-11-03T03:39:00.018+0000][7][safepoint    ] Safepoint "Cleanup", Time since last: 1001317289 ns, Reaching safepoint: 201584 ns, At safepoint: 3946 ns, Total: 205530 ns
[2021-11-03T03:39:01.024+0000][7][safepoint    ] Safepoint "Cleanup", Time since last: 1005249679 ns, Reaching safepoint: 93106 ns, At safepoint: 2633 ns, Total: 95739 ns
[2021-11-03T03:39:02.030+0000][7][safepoint    ] Safepoint "Cleanup", Time since last: 1006373063 ns, Reaching safepoint: 186164 ns, At safepoint: 7116 ns, Total: 193280 ns
[2021-11-03T03:39:03.032+0000][7][safepoint    ] Safepoint "Cleanup", Time since last: 1002046972 ns, Reaching safepoint: 165093 ns, At safepoint: 5688 ns, Total: 170781 ns
[2021-11-03T03:39:04.037+0000][7][safepoint    ] Safepoint "Cleanup", Time since last: 1004204711 ns, Reaching safepoint: 203313 ns, At safepoint: 5760 ns, Total: 209073 ns
[2021-11-03T03:39:05.040+0000][7][safepoint    ] Safepoint "Cleanup", Time since last: 1003213169 ns, Reaching safepoint: 155023 ns, At safepoint: 6151 ns, Total: 161174 ns
[2021-11-03T03:39:06.043+0000][7][safepoint    ] Safepoint "Cleanup", Time since last: 1002511087 ns, Reaching safepoint: 160826 ns, At safepoint: 6633 ns, Total: 167459 ns
[2021-11-03T03:39:07.028+0000][7][safepoint    ] Safepoint "Cleanup", Time since last: 1005546205 ns, Reaching safepoint: 366572 ns, At safepoint: 5580 ns, Total: 372152 ns
[2021-11-03T03:39:08.030+0000][7][safepoint    ] Safepoint "Cleanup", Time since last: 1001879762 ns, Reaching safepoint: 116843 ns, At safepoint: 3255 ns, Total: 120098 ns
[2021-11-03T03:39:09.032+0000][7][safepoint    ] Safepoint "Cleanup", Time since last: 1002413405 ns, Reaching safepoint: 173132 ns, At safepoint: 5993 ns, Total: 179125 ns
[2021-11-03T03:39:10.034+0000][7][safepoint    ] Safepoint "Cleanup", Time since last: 1002169340 ns, Reaching safepoint: 124414 ns, At safepoint: 3237 ns, Total: 127651 ns
[2021-11-03T03:39:11.038+0000][7][safepoint    ] Safepoint "Cleanup", Time since last: 1003602604 ns, Reaching safepoint: 266953 ns, At safepoint: 8779 ns, Total: 275732 ns
[2021-11-03T03:39:12.042+0000][7][safepoint    ] Safepoint "Cleanup", Time since last: 1003610185 ns, Reaching safepoint: 196939 ns, At safepoint: 7074 ns, Total: 204013 ns
[2021-11-03T03:39:13.049+0000][7][safepoint    ] Safepoint "Cleanup", Time since last: 1006266076 ns, Reaching safepoint: 170350 ns, At safepoint: 6394 ns, Total: 176744 ns
[2021-11-03T03:39:14.051+0000][7][safepoint    ] Safepoint "Cleanup", Time since last: 1002105593 ns, Reaching safepoint: 168571 ns, At safepoint: 6191 ns, Total: 174762 ns
[2021-11-03T03:39:15.056+0000][7][safepoint    ] Safepoint "Cleanup", Time since last: 1004585887 ns, Reaching safepoint: 131615 ns, At safepoint: 3834 ns, Total: 135449 ns
[2021-11-03T03:39:16.057+0000][7][safepoint    ] Safepoint "Cleanup", Time since last: 1001469308 ns, Reaching safepoint: 113286 ns, At safepoint: 3323 ns, Total: 116609 ns
[2021-11-03T03:39:17.059+0000][7][safepoint    ] Safepoint "Cleanup", Time since last: 1001180204 ns, Reaching safepoint: 217047 ns, At safepoint: 4404 ns, Total: 221451 ns
[2021-11-03T03:39:18.060+0000][7][safepoint    ] Safepoint "Cleanup", Time since last: 1001320102 ns, Reaching safepoint: 324426 ns, At safepoint: 183193 ns, Total: 507619 ns
[2021-11-03T03:39:19.063+0000][7][safepoint    ] Safepoint "Cleanup", Time since last: 1002302520 ns, Reaching safepoint: 498103 ns, At safepoint: 8260 ns, Total: 506363 ns
[2021-11-03T03:39:20.066+0000][7][safepoint    ] Safepoint "Cleanup", Time since last: 1002379487 ns, Reaching safepoint: 339572 ns, At safepoint: 7405 ns, Total: 346977 ns
[2021-11-03T03:39:21.069+0000][7][safepoint    ] Safepoint "Cleanup", Time since last: 1002910614 ns, Reaching safepoint: 171346 ns, At safepoint: 6581 ns, Total: 177927 ns
[2021-11-03T03:39:22.074+0000][7][safepoint    ] Safepoint "Cleanup", Time since last: 1004162014 ns, Reaching safepoint: 512012 ns, At safepoint: 9057 ns, Total: 521069 ns
[2021-11-03T03:39:23.077+0000][7][safepoint    ] Safepoint "Cleanup", Time since last: 1002744276 ns, Reaching safepoint: 122188 ns, At safepoint: 4216 ns, Total: 126404 ns
[2021-11-03T03:39:24.078+0000][7][safepoint    ] Safepoint "Cleanup", Time since last: 1001713181 ns, Reaching safepoint: 165841 ns, At safepoint: 5991 ns, Total: 171832 ns
[2021-11-03T03:39:25.081+0000][7][safepoint    ] Safepoint "Cleanup", Time since last: 1002306021 ns, Reaching safepoint: 410640 ns, At safepoint: 8198 ns, Total: 418838 ns
[2021-11-03T03:39:26.084+0000][7][safepoint    ] Safepoint "Cleanup", Time since last: 1002348449 ns, Reaching safepoint: 170573 ns, At safepoint: 4844 ns, Total: 175417 ns
[2021-11-03T03:39:27.088+0000][7][safepoint    ] Safepoint "Cleanup", Time since last: 1004296210 ns, Reaching safepoint: 156879 ns, At safepoint: 4481 ns, Total: 161360 ns
[2021-11-03T03:39:28.091+0000][7][safepoint    ] Safepoint "Cleanup", Time since last: 1002330757 ns, Reaching safepoint: 234939 ns, At safepoint: 8199 ns, Total: 243138 ns
[2021-11-03T03:39:29.094+0000][7][safepoint    ] Safepoint "Cleanup", Time since last: 1002701537 ns, Reaching safepoint: 117736 ns, At safepoint: 3648 ns, Total: 121384 ns
[2021-11-03T03:39:30.095+0000][7][safepoint    ] Safepoint "Cleanup", Time since last: 1001396646 ns, Reaching safepoint: 92881 ns, At safepoint: 2726 ns, Total: 95607 ns
[2021-11-03T03:39:31.097+0000][7][safepoint    ] Safepoint "Cleanup", Time since last: 1001120459 ns, Reaching safepoint: 419794 ns, At safepoint: 7141 ns, Total: 426935 ns
[2021-11-03T03:39:32.100+0000][7][safepoint    ] Safepoint "Cleanup", Time since last: 1002826122 ns, Reaching safepoint: 152669 ns, At safepoint: 6000 ns, Total: 158669 ns
[2021-11-03T03:39:33.108+0000][7][safepoint    ] Safepoint "Cleanup", Time since last: 1007758511 ns, Reaching safepoint: 397755 ns, At safepoint: 9119 ns, Total: 406874 ns
[2021-11-03T03:39:34.111+0000][7][safepoint    ] Safepoint "Cleanup", Time since last: 1002702794 ns, Reaching safepoint: 82955 ns, At safepoint: 2172 ns, Total: 85127 ns
[2021-11-03T03:39:35.112+0000][7][safepoint    ] Safepoint "Cleanup", Time since last: 1000973495 ns, Reaching safepoint: 219628 ns, At safepoint: 4757 ns, Total: 224385 ns
[2021-11-03T03:39:36.093+0000][7][safepoint    ] Safepoint "Cleanup", Time since last: 1002533550 ns, Reaching safepoint: 227626 ns, At safepoint: 6565 ns, Total: 234191 ns
[2021-11-03T03:39:37.098+0000][7][safepoint    ] Safepoint "Cleanup", Time since last: 1004529275 ns, Reaching safepoint: 98651 ns, At safepoint: 2859 ns, Total: 101510 ns
[2021-11-03T03:39:38.102+0000][7][safepoint    ] Safepoint "Cleanup", Time since last: 1003541169 ns, Reaching safepoint: 240356 ns, At safepoint: 6741 ns, Total: 247097 ns
[2021-11-03T03:39:39.106+0000][7][safepoint    ] Safepoint "Cleanup", Time since last: 1004304400 ns, Reaching safepoint: 171877 ns, At safepoint: 6764 ns, Total: 178641 ns
[2021-11-03T03:39:40.109+0000][7][safepoint    ] Safepoint "Cleanup", Time since last: 1003089125 ns, Reaching safepoint: 174353 ns, At safepoint: 6138 ns, Total: 180491 ns
[2021-11-03T03:39:41.113+0000][7][safepoint    ] Safepoint "Cleanup", Time since last: 1003857712 ns, Reaching safepoint: 171541 ns, At safepoint: 4413 ns, Total: 175954 ns
[2021-11-03T03:39:42.117+0000][7][safepoint    ] Safepoint "Cleanup", Time since last: 1003370259 ns, Reaching safepoint: 472037 ns, At safepoint: 13990 ns, Total: 486027 ns
[2021-11-03T03:39:43.123+0000][7][safepoint    ] Safepoint "Cleanup", Time since last: 1005269349 ns, Reaching safepoint: 136850 ns, At safepoint: 3304 ns, Total: 140154 ns
[2021-11-03T03:39:44.124+0000][7][safepoint    ] Safepoint "Cleanup", Time since last: 1001072707 ns, Reaching safepoint: 387045 ns, At safepoint: 6257 ns, Total: 393302 ns
[2021-11-03T03:39:45.129+0000][7][safepoint    ] Safepoint "Cleanup", Time since last: 1004699480 ns, Reaching safepoint: 160466 ns, At safepoint: 3289 ns, Total: 163755 ns
[2021-11-03T03:39:46.130+0000][7][safepoint    ] Safepoint "Cleanup", Time since last: 1000999531 ns, Reaching safepoint: 203387 ns, At safepoint: 8413 ns, Total: 211800 ns
[2021-11-03T03:39:47.132+0000][7][safepoint    ] Safepoint "Cleanup", Time since last: 1001913836 ns, Reaching safepoint: 208733 ns, At safepoint: 6916 ns, Total: 215649 ns
[2021-11-03T03:39:48.136+0000][7][safepoint    ] Safepoint "Cleanup", Time since last: 1003852992 ns, Reaching safepoint: 163004 ns, At safepoint: 6425 ns, Total: 169429 ns
[2021-11-03T03:39:49.139+0000][7][safepoint    ] Safepoint "Cleanup", Time since last: 1002544514 ns, Reaching safepoint: 165679 ns, At safepoint: 4915 ns, Total: 170594 ns
[2021-11-03T03:39:50.144+0000][7][safepoint    ] Safepoint "Cleanup", Time since last: 1004312707 ns, Reaching safepoint: 172290 ns, At safepoint: 4810 ns, Total: 177100 ns
[2021-11-03T03:39:51.147+0000][7][safepoint    ] Safepoint "Cleanup", Time since last: 1003311389 ns, Reaching safepoint: 427730 ns, At safepoint: 6541 ns, Total: 434271 ns
[2021-11-03T03:39:52.150+0000][7][safepoint    ] Safepoint "Cleanup", Time since last: 1002406535 ns, Reaching safepoint: 83694 ns, At safepoint: 2516 ns, Total: 86210 ns
[2021-11-03T03:39:53.151+0000][7][safepoint    ] Safepoint "Cleanup", Time since last: 1001075796 ns, Reaching safepoint: 123564 ns, At safepoint: 3484 ns, Total: 127048 ns
[2021-11-03T03:39:54.153+0000][7][safepoint    ] Safepoint "Cleanup", Time since last: 1001656233 ns, Reaching safepoint: 126435 ns, At safepoint: 3638 ns, Total: 130073 ns
[2021-11-03T03:39:55.298+0000][7][safepoint    ] Safepoint "Cleanup", Time since last: 1145277973 ns, Reaching safepoint: 147208 ns, At safepoint: 3011 ns, Total: 150219 ns
[2021-11-03T03:39:56.301+0000][7][safepoint    ] Safepoint "Cleanup", Time since last: 1002291278 ns, Reaching safepoint: 181556 ns, At safepoint: 7135 ns, Total: 188691 ns
[2021-11-03T03:39:57.304+0000][7][safepoint    ] Safepoint "Cleanup", Time since last: 1002978230 ns, Reaching safepoint: 184451 ns, At safepoint: 6092 ns, Total: 190543 ns
[2021-11-03T03:39:58.307+0000][7][safepoint    ] Safepoint "Cleanup", Time since last: 1002838149 ns, Reaching safepoint: 182968 ns, At safepoint: 108170 ns, Total: 291138 ns
[2021-11-03T03:39:59.310+0000][7][safepoint    ] Safepoint "Cleanup", Time since last: 1002831893 ns, Reaching safepoint: 192814 ns, At safepoint: 4600 ns, Total: 197414 ns
[2021-11-03T03:40:00.313+0000][7][safepoint    ] Safepoint "Cleanup", Time since last: 1002225593 ns, Reaching safepoint: 180348 ns, At safepoint: 6844 ns, Total: 187192 ns
[2021-11-03T03:40:01.315+0000][7][safepoint    ] Safepoint "Cleanup", Time since last: 1002580404 ns, Reaching safepoint: 243714 ns, At safepoint: 5642 ns, Total: 249356 ns
[2021-11-03T03:40:02.318+0000][7][safepoint    ] Safepoint "Cleanup", Time since last: 1002472739 ns, Reaching safepoint: 345473 ns, At safepoint: 7728 ns, Total: 353201 ns
[2021-11-03T03:40:03.321+0000][7][safepoint    ] Safepoint "Cleanup", Time since last: 1002358110 ns, Reaching safepoint: 408170 ns, At safepoint: 9224 ns, Total: 417394 ns
[2021-11-03T03:40:04.324+0000][7][safepoint    ] Safepoint "Cleanup", Time since last: 1002474348 ns, Reaching safepoint: 644090 ns, At safepoint: 8376 ns, Total: 652466 ns
[2021-11-03T03:40:05.327+0000][7][safepoint    ] Safepoint "Cleanup", Time since last: 1002780727 ns, Reaching safepoint: 459762 ns, At safepoint: 98312 ns, Total: 558074 ns
[2021-11-03T03:40:06.309+0000][7][safepoint    ] Safepoint "Cleanup", Time since last: 1002821921 ns, Reaching safepoint: 549800 ns, At safepoint: 81465 ns, Total: 631265 ns
[2021-11-03T03:40:07.312+0000][7][safepoint    ] Safepoint "Cleanup", Time since last: 1002457046 ns, Reaching safepoint: 537991 ns, At safepoint: 8652 ns, Total: 546643 ns
[2021-11-03T03:40:08.316+0000][7][safepoint    ] Safepoint "Cleanup", Time since last: 1002602711 ns, Reaching safepoint: 802335 ns, At safepoint: 75073 ns, Total: 877408 ns
[2021-11-03T03:40:09.322+0000][7][safepoint    ] Safepoint "Cleanup", Time since last: 1005978476 ns, Reaching safepoint: 213492 ns, At safepoint: 6922 ns, Total: 220414 ns
[2021-11-03T03:40:10.325+0000][7][safepoint    ] Safepoint "Cleanup", Time since last: 1002561640 ns, Reaching safepoint: 120516 ns, At safepoint: 90086 ns, Total: 210602 ns
[2021-11-03T03:40:11.327+0000][7][safepoint    ] Safepoint "Cleanup", Time since last: 1001966022 ns, Reaching safepoint: 300315 ns, At safepoint: 80574 ns, Total: 380889 ns
[2021-11-03T03:40:12.329+0000][7][safepoint    ] Safepoint "Cleanup", Time since last: 1001582629 ns, Reaching safepoint: 304567 ns, At safepoint: 50036 ns, Total: 354603 ns
[2021-11-03T03:40:13.331+0000][7][safepoint    ] Safepoint "Cleanup", Time since last: 1001759922 ns, Reaching safepoint: 112553 ns, At safepoint: 3342 ns, Total: 115895 ns
[2021-11-03T03:40:14.332+0000][7][safepoint    ] Safepoint "Cleanup", Time since last: 1001151154 ns, Reaching safepoint: 158612 ns, At safepoint: 4658 ns, Total: 163270 ns
[2021-11-03T03:40:15.335+0000][7][safepoint    ] Safepoint "Cleanup", Time since last: 1002866256 ns, Reaching safepoint: 152960 ns, At safepoint: 3974 ns, Total: 156934 ns
[2021-11-03T03:40:16.337+0000][7][safepoint    ] Safepoint "Cleanup", Time since last: 1001022770 ns, Reaching safepoint: 246599 ns, At safepoint: 4095 ns, Total: 250694 ns
[2021-11-03T03:40:17.339+0000][7][safepoint    ] Safepoint "Cleanup", Time since last: 1002005973 ns, Reaching safepoint: 168847 ns, At safepoint: 6105 ns, Total: 174952 ns
[2021-11-03T03:40:18.343+0000][7][safepoint    ] Safepoint "Cleanup", Time since last: 1003782675 ns, Reaching safepoint: 94762 ns, At safepoint: 2758 ns, Total: 97520 ns
[2021-11-03T03:40:19.345+0000][7][safepoint    ] Safepoint "Cleanup", Time since last: 1002285731 ns, Reaching safepoint: 99841 ns, At safepoint: 3173 ns, Total: 103014 ns
[2021-11-03T03:40:20.347+0000][7][safepoint    ] Safepoint "Cleanup", Time since last: 1001257634 ns, Reaching safepoint: 104737 ns, At safepoint: 3404 ns, Total: 108141 ns
[2021-11-03T03:40:21.348+0000][7][safepoint    ] Safepoint "Cleanup", Time since last: 1001641191 ns, Reaching safepoint: 163999 ns, At safepoint: 6263 ns, Total: 170262 ns
[2021-11-03T03:40:22.353+0000][7][safepoint    ] Safepoint "Cleanup", Time since last: 1003997635 ns, Reaching safepoint: 189954 ns, At safepoint: 6063 ns, Total: 196017 ns
[2021-11-03T03:40:23.356+0000][7][safepoint    ] Safepoint "Cleanup", Time since last: 1003670520 ns, Reaching safepoint: 176879 ns, At safepoint: 5931 ns, Total: 182810 ns
[2021-11-03T03:40:24.359+0000][7][safepoint    ] Safepoint "Cleanup", Time since last: 1002152549 ns, Reaching safepoint: 149244 ns, At safepoint: 2552 ns, Total: 151796 ns
[2021-11-03T03:40:25.360+0000][7][safepoint    ] Safepoint "Cleanup", Time since last: 1001569492 ns, Reaching safepoint: 121164 ns, At safepoint: 3999 ns, Total: 125163 ns
[2021-11-03T03:40:26.363+0000][7][safepoint    ] Safepoint "Cleanup", Time since last: 1002214253 ns, Reaching safepoint: 338137 ns, At safepoint: 4774 ns, Total: 342911 ns
[2021-11-03T03:40:27.365+0000][7][safepoint    ] Safepoint "Cleanup", Time since last: 1001691503 ns, Reaching safepoint: 118003 ns, At safepoint: 3520 ns, Total: 121523 ns
[2021-11-03T03:40:28.370+0000][7][safepoint    ] Safepoint "Cleanup", Time since last: 1004768763 ns, Reaching safepoint: 569480 ns, At safepoint: 18895 ns, Total: 588375 ns
[2021-11-03T03:40:29.375+0000][7][safepoint    ] Safepoint "Cleanup", Time since last: 1004161998 ns, Reaching safepoint: 179803 ns, At safepoint: 91982 ns, Total: 271785 ns
[2021-11-03T03:40:30.378+0000][7][safepoint    ] Safepoint "Cleanup", Time since last: 1003455279 ns, Reaching safepoint: 165512 ns, At safepoint: 3458 ns, Total: 168970 ns
[2021-11-03T03:40:31.380+0000][7][safepoint    ] Safepoint "Cleanup", Time since last: 1001475174 ns, Reaching safepoint: 113365 ns, At safepoint: 2887 ns, Total: 116252 ns
[2021-11-03T03:40:32.381+0000][7][safepoint    ] Safepoint "Cleanup", Time since last: 1001082714 ns, Reaching safepoint: 219831 ns, At safepoint: 5452 ns, Total: 225283 ns
[2021-11-03T03:40:33.438+0000][7][safepoint    ] Safepoint "Cleanup", Time since last: 1057169804 ns, Reaching safepoint: 225483 ns, At safepoint: 7872 ns, Total: 233355 ns
[2021-11-03T03:40:34.444+0000][7][safepoint    ] Safepoint "Cleanup", Time since last: 1005584751 ns, Reaching safepoint: 193727 ns, At safepoint: 5053 ns, Total: 198780 ns
[2021-11-03T03:40:35.448+0000][7][safepoint    ] Safepoint "Cleanup", Time since last: 1003566737 ns, Reaching safepoint: 158798 ns, At safepoint: 9124 ns, Total: 167922 ns
[2021-11-03T03:40:36.434+0000][7][safepoint    ] Safepoint "Cleanup", Time since last: 1006542258 ns, Reaching safepoint: 397643 ns, At safepoint: 8395 ns, Total: 406038 ns
[2021-11-03T03:40:37.439+0000][7][safepoint    ] Safepoint "Cleanup", Time since last: 1004958615 ns, Reaching safepoint: 178679 ns, At safepoint: 4505 ns, Total: 183184 ns
[2021-11-03T03:40:38.442+0000][7][safepoint    ] Safepoint "Cleanup", Time since last: 1002707243 ns, Reaching safepoint: 111024 ns, At safepoint: 2663 ns, Total: 113687 ns
[2021-11-03T03:40:39.443+0000][7][safepoint    ] Safepoint "Cleanup", Time since last: 1000987498 ns, Reaching safepoint: 86565 ns, At safepoint: 1955 ns, Total: 88520 ns
[2021-11-03T03:40:40.445+0000][7][safepoint    ] Safepoint "Cleanup", Time since last: 1001719301 ns, Reaching safepoint: 413528 ns, At safepoint: 10694 ns, Total: 424222 ns
[2021-11-03T03:40:41.450+0000][7][safepoint    ] Safepoint "Cleanup", Time since last: 1004065876 ns, Reaching safepoint: 359385 ns, At safepoint: 10448 ns, Total: 369833 ns
[2021-11-03T03:40:42.456+0000][7][safepoint    ] Safepoint "Cleanup", Time since last: 1005600121 ns, Reaching safepoint: 263686 ns, At safepoint: 7118 ns, Total: 270804 ns
[2021-11-03T03:40:43.459+0000][7][safepoint    ] Safepoint "Cleanup", Time since last: 1002930669 ns, Reaching safepoint: 241103 ns, At safepoint: 7278 ns, Total: 248381 ns
[2021-11-03T03:40:44.464+0000][7][safepoint    ] Safepoint "Cleanup", Time since last: 1005409280 ns, Reaching safepoint: 124659 ns, At safepoint: 2880 ns, Total: 127539 ns
[2021-11-03T03:40:45.466+0000][7][safepoint    ] Safepoint "Cleanup", Time since last: 1001284691 ns, Reaching safepoint: 178780 ns, At safepoint: 4969 ns, Total: 183749 ns
[2021-11-03T03:40:46.473+0000][7][safepoint    ] Safepoint "Cleanup", Time since last: 1006309244 ns, Reaching safepoint: 438307 ns, At safepoint: 17408 ns, Total: 455715 ns
[2021-11-03T03:40:47.478+0000][7][safepoint    ] Safepoint "Cleanup", Time since last: 1005699837 ns, Reaching safepoint: 151612 ns, At safepoint: 4427 ns, Total: 156039 ns
[2021-11-03T03:40:48.484+0000][7][safepoint    ] Safepoint "Cleanup", Time since last: 1004633755 ns, Reaching safepoint: 466538 ns, At safepoint: 50157 ns, Total: 516695 ns
[2021-11-03T03:40:49.489+0000][7][safepoint    ] Safepoint "Cleanup", Time since last: 1005442808 ns, Reaching safepoint: 285614 ns, At safepoint: 7075 ns, Total: 292689 ns
[2021-11-03T03:40:50.493+0000][7][safepoint    ] Safepoint "Cleanup", Time since last: 1003135944 ns, Reaching safepoint: 222215 ns, At safepoint: 4630 ns, Total: 226845 ns
[2021-11-03T03:40:51.494+0000][7][safepoint    ] Safepoint "Cleanup", Time since last: 1001316669 ns, Reaching safepoint: 166497 ns, At safepoint: 4433 ns, Total: 170930 ns
[2021-11-03T03:40:52.498+0000][7][safepoint    ] Safepoint "Cleanup", Time since last: 1003636267 ns, Reaching safepoint: 87737 ns, At safepoint: 2274 ns, Total: 90011 ns
[2021-11-03T03:40:53.499+0000][7][safepoint    ] Safepoint "Cleanup", Time since last: 1001258617 ns, Reaching safepoint: 115998 ns, At safepoint: 3959 ns, Total: 119957 ns
[2021-11-03T03:40:54.501+0000][7][safepoint    ] Safepoint "Cleanup", Time since last: 1001955510 ns, Reaching safepoint: 119408 ns, At safepoint: 3215 ns, Total: 122623 ns
[2021-11-03T03:40:55.503+0000][7][safepoint    ] Safepoint "Cleanup", Time since last: 1001953135 ns, Reaching safepoint: 95394 ns, At safepoint: 2362 ns, Total: 97756 ns
[2021-11-03T03:40:56.506+0000][7][safepoint    ] Safepoint "Cleanup", Time since last: 1002391142 ns, Reaching safepoint: 112995 ns, At safepoint: 3150 ns, Total: 116145 ns
[2021-11-03T03:40:57.508+0000][7][safepoint    ] Safepoint "Cleanup", Time since last: 1001810394 ns, Reaching safepoint: 157653 ns, At safepoint: 4044 ns, Total: 161697 ns
[2021-11-03T03:40:58.509+0000][7][safepoint    ] Safepoint "Cleanup", Time since last: 1001094773 ns, Reaching safepoint: 388090 ns, At safepoint: 13379 ns, Total: 401469 ns
[2021-11-03T03:40:59.512+0000][7][safepoint    ] Safepoint "Cleanup", Time since last: 1002493041 ns, Reaching safepoint: 301223 ns, At safepoint: 10304 ns, Total: 311527 ns
[2021-11-03T03:41:00.518+0000][7][safepoint    ] Safepoint "Cleanup", Time since last: 1005189625 ns, Reaching safepoint: 243745 ns, At safepoint: 6940 ns, Total: 250685 ns
[2021-11-03T03:41:01.521+0000][7][safepoint    ] Safepoint "Cleanup", Time since last: 1003071819 ns, Reaching safepoint: 250583 ns, At safepoint: 8218 ns, Total: 258801 ns
[2021-11-03T03:41:02.522+0000][7][safepoint    ] Safepoint "Cleanup", Time since last: 1001358762 ns, Reaching safepoint: 123269 ns, At safepoint: 3498 ns, Total: 126767 ns
[2021-11-03T03:41:03.523+0000][7][safepoint    ] Safepoint "Cleanup", Time since last: 1000939765 ns, Reaching safepoint: 125806 ns, At safepoint: 3138 ns, Total: 128944 ns
[2021-11-03T03:41:04.525+0000][7][safepoint    ] Safepoint "Cleanup", Time since last: 1001286605 ns, Reaching safepoint: 93767 ns, At safepoint: 2320 ns, Total: 96087 ns
[2021-11-03T03:41:05.528+0000][7][safepoint    ] Safepoint "Cleanup", Time since last: 1002756850 ns, Reaching safepoint: 343592 ns, At safepoint: 7228 ns, Total: 350820 ns
[2021-11-03T03:41:06.510+0000][7][safepoint    ] Safepoint "Cleanup", Time since last: 1003143518 ns, Reaching safepoint: 407122 ns, At safepoint: 9708 ns, Total: 416830 ns
[2021-11-03T03:41:07.516+0000][7][safepoint    ] Safepoint "Cleanup", Time since last: 1005312541 ns, Reaching safepoint: 189201 ns, At safepoint: 4629 ns, Total: 193830 ns
[2021-11-03T03:41:08.519+0000][7][safepoint    ] Safepoint "Cleanup", Time since last: 1003363748 ns, Reaching safepoint: 181580 ns, At safepoint: 5293 ns, Total: 186873 ns
[2021-11-03T03:41:09.525+0000][7][safepoint    ] Safepoint "Cleanup", Time since last: 1006078746 ns, Reaching safepoint: 154959 ns, At safepoint: 2614 ns, Total: 157573 ns
[2021-11-03T03:41:10.527+0000][7][safepoint    ] Safepoint "Cleanup", Time since last: 1001135741 ns, Reaching safepoint: 189125 ns, At safepoint: 5034 ns, Total: 194159 ns
[2021-11-03T03:41:11.530+0000][7][safepoint    ] Safepoint "Cleanup", Time since last: 1003114950 ns, Reaching safepoint: 91061 ns, At safepoint: 2794 ns, Total: 93855 ns
[2021-11-03T03:41:12.538+0000][7][safepoint    ] Safepoint "Cleanup", Time since last: 1008165165 ns, Reaching safepoint: 86828 ns, At safepoint: 2601 ns, Total: 89429 ns
[2021-11-03T03:41:14.378+0000][7][safepoint    ] Safepoint "Cleanup", Time since last: 1839493438 ns, Reaching safepoint: 385756 ns, At safepoint: 85226 ns, Total: 470982 ns
[2021-11-03T03:41:15.383+0000][7][safepoint    ] Safepoint "Cleanup", Time since last: 1004623678 ns, Reaching safepoint: 130200 ns, At safepoint: 95807 ns, Total: 226007 ns
[2021-11-03T03:41:16.388+0000][7][safepoint    ] Safepoint "Cleanup", Time since last: 1004161109 ns, Reaching safepoint: 601269 ns, At safepoint: 18240 ns, Total: 619509 ns
[2021-11-03T03:41:17.391+0000][7][safepoint    ] Safepoint "Cleanup", Time since last: 1002353639 ns, Reaching safepoint: 624789 ns, At safepoint: 10269 ns, Total: 635058 ns
[2021-11-03T03:41:18.394+0000][7][safepoint    ] Safepoint "Cleanup", Time since last: 1002645441 ns, Reaching safepoint: 327588 ns, At safepoint: 7930 ns, Total: 335518 ns
[2021-11-03T03:41:19.396+0000][7][safepoint    ] Safepoint "Cleanup", Time since last: 1002359261 ns, Reaching safepoint: 166400 ns, At safepoint: 4151 ns, Total: 170551 ns
[2021-11-03T03:41:20.398+0000][7][safepoint    ] Safepoint "Cleanup", Time since last: 1001766462 ns, Reaching safepoint: 181953 ns, At safepoint: 6731 ns, Total: 188684 ns
[2021-11-03T03:41:21.403+0000][7][safepoint    ] Safepoint "Cleanup", Time since last: 1004804340 ns, Reaching safepoint: 293769 ns, At safepoint: 6681 ns, Total: 300450 ns
[2021-11-03T03:41:22.408+0000][7][safepoint    ] Safepoint "Cleanup", Time since last: 1003871914 ns, Reaching safepoint: 467755 ns, At safepoint: 8943 ns, Total: 476698 ns
[2021-11-03T03:41:23.412+0000][7][safepoint    ] Safepoint "Cleanup", Time since last: 1004232587 ns, Reaching safepoint: 139826 ns, At safepoint: 4026 ns, Total: 143852 ns
[2021-11-03T03:41:24.415+0000][7][safepoint    ] Safepoint "Cleanup", Time since last: 1002598274 ns, Reaching safepoint: 195410 ns, At safepoint: 6213 ns, Total: 201623 ns
[2021-11-03T03:41:25.421+0000][7][safepoint    ] Safepoint "Cleanup", Time since last: 1005001017 ns, Reaching safepoint: 870958 ns, At safepoint: 22157 ns, Total: 893115 ns
[2021-11-03T03:41:26.425+0000][7][safepoint    ] Safepoint "Cleanup", Time since last: 1003686852 ns, Reaching safepoint: 313522 ns, At safepoint: 7298 ns, Total: 320820 ns
[2021-11-03T03:41:27.428+0000][7][safepoint    ] Safepoint "Cleanup", Time since last: 1002521348 ns, Reaching safepoint: 361969 ns, At safepoint: 7998 ns, Total: 369967 ns
[2021-11-03T03:41:28.431+0000][7][safepoint    ] Safepoint "Cleanup", Time since last: 1002611541 ns, Reaching safepoint: 545945 ns, At safepoint: 12115 ns, Total: 558060 ns
[2021-11-03T03:41:29.438+0000][7][safepoint    ] Safepoint "Cleanup", Time since last: 1006188113 ns, Reaching safepoint: 504929 ns, At safepoint: 79082 ns, Total: 584011 ns
[2021-11-03T03:41:30.443+0000][7][safepoint    ] Safepoint "Cleanup", Time since last: 1004286258 ns, Reaching safepoint: 629144 ns, At safepoint: 22293 ns, Total: 651437 ns
[2021-11-03T03:41:31.448+0000][7][safepoint    ] Safepoint "Cleanup", Time since last: 1005333469 ns, Reaching safepoint: 241255 ns, At safepoint: 6870 ns, Total: 248125 ns
[2021-11-03T03:41:32.451+0000][7][safepoint    ] Safepoint "Cleanup", Time since last: 1002917731 ns, Reaching safepoint: 243683 ns, At safepoint: 6743 ns, Total: 250426 ns
[2021-11-03T03:41:33.455+0000][7][safepoint    ] Safepoint "Cleanup", Time since last: 1003473995 ns, Reaching safepoint: 272927 ns, At safepoint: 7018 ns, Total: 279945 ns
[2021-11-03T03:41:34.459+0000][7][safepoint    ] Safepoint "Cleanup", Time since last: 1002908548 ns, Reaching safepoint: 837837 ns, At safepoint: 24252 ns, Total: 862089 ns
[2021-11-03T03:41:35.462+0000][7][safepoint    ] Safepoint "Cleanup", Time since last: 1002475903 ns, Reaching safepoint: 301968 ns, At safepoint: 6453 ns, Total: 308421 ns
[2021-11-03T03:41:36.974+0000][7][safepoint    ] Safepoint "Cleanup", Time since last: 1533103778 ns, Reaching safepoint: 116580 ns, At safepoint: 2547 ns, Total: 119127 ns
[2021-11-03T03:41:37.975+0000][7][safepoint    ] Safepoint "Cleanup", Time since last: 1000806927 ns, Reaching safepoint: 255749 ns, At safepoint: 4974 ns, Total: 260723 ns
[2021-11-03T03:41:38.979+0000][7][safepoint    ] Safepoint "Cleanup", Time since last: 1003916323 ns, Reaching safepoint: 271910 ns, At safepoint: 7900 ns, Total: 279810 ns
[2021-11-03T03:41:39.982+0000][7][safepoint    ] Safepoint "Cleanup", Time since last: 1002654593 ns, Reaching safepoint: 250698 ns, At safepoint: 6603 ns, Total: 257301 ns
[2021-11-03T03:41:40.985+0000][7][safepoint    ] Safepoint "Cleanup", Time since last: 1003040372 ns, Reaching safepoint: 178664 ns, At safepoint: 5592 ns, Total: 184256 ns
[2021-11-03T03:41:41.992+0000][7][safepoint    ] Safepoint "Cleanup", Time since last: 1006070078 ns, Reaching safepoint: 606379 ns, At safepoint: 87842 ns, Total: 694221 ns
[2021-11-03T03:41:42.997+0000][7][safepoint    ] Safepoint "Cleanup", Time since last: 1004868241 ns, Reaching safepoint: 244744 ns, At safepoint: 7367 ns, Total: 252111 ns
[2021-11-03T03:41:44.001+0000][7][safepoint    ] Safepoint "Cleanup", Time since last: 1003647598 ns, Reaching safepoint: 549329 ns, At safepoint: 134267 ns, Total: 683596 ns
[2021-11-03T03:41:45.004+0000][7][safepoint    ] Safepoint "Cleanup", Time since last: 1002397353 ns, Reaching safepoint: 183030 ns, At safepoint: 4749 ns, Total: 187779 ns
[2021-11-03T03:41:46.008+0000][7][safepoint    ] Safepoint "Cleanup", Time since last: 1003688915 ns, Reaching safepoint: 253195 ns, At safepoint: 6023 ns, Total: 259218 ns
[2021-11-03T03:41:47.012+0000][7][safepoint    ] Safepoint "Cleanup", Time since last: 1004313313 ns, Reaching safepoint: 222157 ns, At safepoint: 5010 ns, Total: 227167 ns
[2021-11-03T03:41:48.016+0000][7][safepoint    ] Safepoint "Cleanup", Time since last: 1003579894 ns, Reaching safepoint: 240866 ns, At safepoint: 6742 ns, Total: 247608 ns
[2021-11-03T03:41:49.020+0000][7][safepoint    ] Safepoint "Cleanup", Time since last: 1003375866 ns, Reaching safepoint: 229870 ns, At safepoint: 6079 ns, Total: 235949 ns
[2021-11-03T03:41:50.025+0000][7][safepoint    ] Safepoint "Cleanup", Time since last: 1004840419 ns, Reaching safepoint: 283017 ns, At safepoint: 5349 ns, Total: 288366 ns
[2021-11-03T03:41:51.031+0000][7][safepoint    ] Safepoint "Cleanup", Time since last: 1005036161 ns, Reaching safepoint: 234473 ns, At safepoint: 6476 ns, Total: 240949 ns
[2021-11-03T03:41:52.033+0000][7][safepoint    ] Safepoint "Cleanup", Time since last: 1002568004 ns, Reaching safepoint: 247770 ns, At safepoint: 4644 ns, Total: 252414 ns
[2021-11-03T03:41:53.036+0000][7][safepoint    ] Safepoint "Cleanup", Time since last: 1002300162 ns, Reaching safepoint: 184768 ns, At safepoint: 6670 ns, Total: 191438 ns
[2021-11-03T03:41:54.045+0000][7][safepoint    ] Safepoint "Cleanup", Time since last: 1009267576 ns, Reaching safepoint: 149960 ns, At safepoint: 3645 ns, Total: 153605 ns
[2021-11-03T03:41:55.049+0000][7][safepoint    ] Safepoint "Cleanup", Time since last: 1003325623 ns, Reaching safepoint: 174320 ns, At safepoint: 6195 ns, Total: 180515 ns
[2021-11-03T03:41:56.051+0000][7][safepoint    ] Safepoint "Cleanup", Time since last: 1002139343 ns, Reaching safepoint: 400497 ns, At safepoint: 15488 ns, Total: 415985 ns
[2021-11-03T03:41:57.053+0000][7][safepoint    ] Safepoint "Cleanup", Time since last: 1001615326 ns, Reaching safepoint: 180422 ns, At safepoint: 6641 ns, Total: 187063 ns
[2021-11-03T03:41:58.056+0000][7][safepoint    ] Safepoint "Cleanup", Time since last: 1002048161 ns, Reaching safepoint: 561591 ns, At safepoint: 18462 ns, Total: 580053 ns
[2021-11-03T03:41:59.060+0000][7][safepoint    ] Safepoint "Cleanup", Time since last: 1003890639 ns, Reaching safepoint: 431541 ns, At safepoint: 10756 ns, Total: 442297 ns
[2021-11-03T03:42:00.063+0000][7][safepoint    ] Safepoint "Cleanup", Time since last: 1002750569 ns, Reaching safepoint: 248276 ns, At safepoint: 6365 ns, Total: 254641 ns
[2021-11-03T03:42:01.069+0000][7][safepoint    ] Safepoint "Cleanup", Time since last: 1005450399 ns, Reaching safepoint: 197944 ns, At safepoint: 4529 ns, Total: 202473 ns
[2021-11-03T03:42:02.073+0000][7][safepoint    ] Safepoint "Cleanup", Time since last: 1003776254 ns, Reaching safepoint: 334372 ns, At safepoint: 7521 ns, Total: 341893 ns
[2021-11-03T03:42:03.075+0000][7][safepoint    ] Safepoint "Cleanup", Time since last: 1002051195 ns, Reaching safepoint: 172584 ns, At safepoint: 3892 ns, Total: 176476 ns
[2021-11-03T03:42:04.077+0000][7][safepoint    ] Safepoint "Cleanup", Time since last: 1001955813 ns, Reaching safepoint: 241884 ns, At safepoint: 6733 ns, Total: 248617 ns
[2021-11-03T03:42:05.080+0000][7][safepoint    ] Safepoint "Cleanup", Time since last: 1002811030 ns, Reaching safepoint: 171535 ns, At safepoint: 7495 ns, Total: 179030 ns
[2021-11-03T03:42:06.960+0000][7][safepoint    ] Safepoint "Cleanup", Time since last: 1900886929 ns, Reaching safepoint: 252164 ns, At safepoint: 7110 ns, Total: 259274 ns
[2021-11-03T03:42:07.962+0000][7][safepoint    ] Safepoint "Cleanup", Time since last: 1002310624 ns, Reaching safepoint: 156822 ns, At safepoint: 3981 ns, Total: 160803 ns
[2021-11-03T03:42:08.966+0000][7][safepoint    ] Safepoint "Cleanup", Time since last: 1002712987 ns, Reaching safepoint: 437072 ns, At safepoint: 12246 ns, Total: 449318 ns
[2021-11-03T03:42:09.967+0000][7][safepoint    ] Safepoint "Cleanup", Time since last: 1001560548 ns, Reaching safepoint: 111544 ns, At safepoint: 2853 ns, Total: 114397 ns
[2021-11-03T03:42:10.969+0000][7][safepoint    ] Safepoint "Cleanup", Time since last: 1002019860 ns, Reaching safepoint: 102474 ns, At safepoint: 2614 ns, Total: 105088 ns
[2021-11-03T03:42:11.972+0000][7][safepoint    ] Safepoint "Cleanup", Time since last: 1002866645 ns, Reaching safepoint: 251773 ns, At safepoint: 7456 ns, Total: 259229 ns
[2021-11-03T03:42:12.975+0000][7][safepoint    ] Safepoint "Cleanup", Time since last: 1002460846 ns, Reaching safepoint: 326009 ns, At safepoint: 7106 ns, Total: 333115 ns
[2021-11-03T03:42:13.982+0000][7][safepoint    ] Safepoint "Cleanup", Time since last: 1006555751 ns, Reaching safepoint: 142969 ns, At safepoint: 4551 ns, Total: 147520 ns
[2021-11-03T03:42:14.984+0000][7][safepoint    ] Safepoint "Cleanup", Time since last: 1002140733 ns, Reaching safepoint: 177145 ns, At safepoint: 6143 ns, Total: 183288 ns
[2021-11-03T03:42:15.987+0000][7][safepoint    ] Safepoint "Cleanup", Time since last: 1002314641 ns, Reaching safepoint: 122943 ns, At safepoint: 3766 ns, Total: 126709 ns
[2021-11-03T03:42:16.989+0000][7][safepoint    ] Safepoint "Cleanup", Time since last: 1002427641 ns, Reaching safepoint: 224955 ns, At safepoint: 7929 ns, Total: 232884 ns
[2021-11-03T03:42:17.992+0000][7][safepoint    ] Safepoint "Cleanup", Time since last: 1002061675 ns, Reaching safepoint: 134219 ns, At safepoint: 3532 ns, Total: 137751 ns
[2021-11-03T03:42:18.998+0000][7][safepoint    ] Safepoint "Cleanup", Time since last: 1006574333 ns, Reaching safepoint: 279795 ns, At safepoint: 7399 ns, Total: 287194 ns
[2021-11-03T03:42:20.003+0000][7][safepoint    ] Safepoint "Cleanup", Time since last: 1003968414 ns, Reaching safepoint: 105644 ns, At safepoint: 2568 ns, Total: 108212 ns
[2021-11-03T03:42:21.004+0000][7][safepoint    ] Safepoint "Cleanup", Time since last: 1001591549 ns, Reaching safepoint: 138795 ns, At safepoint: 4766 ns, Total: 143561 ns
[2021-11-03T03:42:22.006+0000][7][safepoint    ] Safepoint "Cleanup", Time since last: 1001778118 ns, Reaching safepoint: 163080 ns, At safepoint: 5333 ns, Total: 168413 ns
[2021-11-03T03:42:23.009+0000][7][safepoint    ] Safepoint "Cleanup", Time since last: 1002479178 ns, Reaching safepoint: 161663 ns, At safepoint: 5270 ns, Total: 166933 ns
[2021-11-03T03:42:24.012+0000][7][safepoint    ] Safepoint "Cleanup", Time since last: 1002620576 ns, Reaching safepoint: 128715 ns, At safepoint: 4099 ns, Total: 132814 ns
[2021-11-03T03:42:25.015+0000][7][safepoint    ] Safepoint "Cleanup", Time since last: 1002818339 ns, Reaching safepoint: 197866 ns, At safepoint: 9001 ns, Total: 206867 ns
[2021-11-03T03:42:26.018+0000][7][safepoint    ] Safepoint "Cleanup", Time since last: 1002913652 ns, Reaching safepoint: 305730 ns, At safepoint: 6047 ns, Total: 311777 ns
[2021-11-03T03:42:27.022+0000][7][safepoint    ] Safepoint "Cleanup", Time since last: 1004013245 ns, Reaching safepoint: 333121 ns, At safepoint: 6473 ns, Total: 339594 ns
[2021-11-03T03:42:28.026+0000][7][safepoint    ] Safepoint "Cleanup", Time since last: 1003821115 ns, Reaching safepoint: 185837 ns, At safepoint: 5363 ns, Total: 191200 ns
[2021-11-03T03:42:29.029+0000][7][safepoint    ] Safepoint "Cleanup", Time since last: 1002797453 ns, Reaching safepoint: 121813 ns, At safepoint: 4157 ns, Total: 125970 ns
[2021-11-03T03:42:30.031+0000][7][safepoint    ] Safepoint "Cleanup", Time since last: 1001491802 ns, Reaching safepoint: 280271 ns, At safepoint: 6667 ns, Total: 286938 ns
[2021-11-03T03:42:31.282+0000][7][safepoint    ] Safepoint "Cleanup", Time since last: 1251317409 ns, Reaching safepoint: 190266 ns, At safepoint: 25156 ns, Total: 215422 ns
[2021-11-03T03:42:32.284+0000][7][safepoint    ] Safepoint "Cleanup", Time since last: 1001237868 ns, Reaching safepoint: 132750 ns, At safepoint: 2959 ns, Total: 135709 ns
[2021-11-03T03:42:33.286+0000][7][safepoint    ] Safepoint "Cleanup", Time since last: 1002372599 ns, Reaching safepoint: 244098 ns, At safepoint: 6341 ns, Total: 250439 ns
[2021-11-03T03:42:34.499+0000][7][safepoint    ] Safepoint "Cleanup", Time since last: 1212733894 ns, Reaching safepoint: 256285 ns, At safepoint: 28058 ns, Total: 284343 ns
[2021-11-03T03:42:35.502+0000][7][safepoint    ] Safepoint "Cleanup", Time since last: 1001980759 ns, Reaching safepoint: 163363 ns, At safepoint: 75120 ns, Total: 238483 ns
[2021-11-03T03:42:36.485+0000][7][safepoint    ] Safepoint "Cleanup", Time since last: 1003717159 ns, Reaching safepoint: 150961 ns, At safepoint: 41022 ns, Total: 191983 ns
[2021-11-03T03:42:37.486+0000][7][safepoint    ] Safepoint "Cleanup", Time since last: 1001494647 ns, Reaching safepoint: 83318 ns, At safepoint: 2726 ns, Total: 86044 ns
[2021-11-03T03:42:38.490+0000][7][safepoint    ] Safepoint "Cleanup", Time since last: 1003302351 ns, Reaching safepoint: 89476 ns, At safepoint: 25311 ns, Total: 114787 ns
[2021-11-03T03:42:39.492+0000][7][safepoint    ] Safepoint "Cleanup", Time since last: 1001558735 ns, Reaching safepoint: 214747 ns, At safepoint: 6201 ns, Total: 220948 ns
[2021-11-03T03:42:40.493+0000][7][safepoint    ] Safepoint "Cleanup", Time since last: 1001065444 ns, Reaching safepoint: 87358 ns, At safepoint: 2442 ns, Total: 89800 ns
[2021-11-03T03:42:41.494+0000][7][safepoint    ] Safepoint "Cleanup", Time since last: 1001245014 ns, Reaching safepoint: 89456 ns, At safepoint: 3076 ns, Total: 92532 ns
[2021-11-03T03:42:42.496+0000][7][safepoint    ] Safepoint "Cleanup", Time since last: 1001282425 ns, Reaching safepoint: 233759 ns, At safepoint: 4219 ns, Total: 237978 ns
[2021-11-03T03:42:43.497+0000][7][safepoint    ] Safepoint "Cleanup", Time since last: 1001177160 ns, Reaching safepoint: 82292 ns, At safepoint: 2718 ns, Total: 85010 ns
[2021-11-03T03:42:44.498+0000][7][safepoint    ] Safepoint "Cleanup", Time since last: 1000901745 ns, Reaching safepoint: 73452 ns, At safepoint: 2411 ns, Total: 75863 ns
[2021-11-03T03:42:45.499+0000][7][safepoint    ] Safepoint "Cleanup", Time since last: 1001090390 ns, Reaching safepoint: 83172 ns, At safepoint: 2586 ns, Total: 85758 ns
[2021-11-03T03:42:46.501+0000][7][safepoint    ] Safepoint "Cleanup", Time since last: 1001670097 ns, Reaching safepoint: 91024 ns, At safepoint: 2575 ns, Total: 93599 ns
[2021-11-03T03:42:47.502+0000][7][safepoint    ] Safepoint "Cleanup", Time since last: 1001306083 ns, Reaching safepoint: 185553 ns, At safepoint: 26349 ns, Total: 211902 ns
[2021-11-03T03:42:48.504+0000][7][safepoint    ] Safepoint "Cleanup", Time since last: 1001542139 ns, Reaching safepoint: 142955 ns, At safepoint: 3860 ns, Total: 146815 ns
[2021-11-03T03:42:49.506+0000][7][safepoint    ] Safepoint "Cleanup", Time since last: 1001490776 ns, Reaching safepoint: 148615 ns, At safepoint: 3925 ns, Total: 152540 ns
[2021-11-03T03:42:50.508+0000][7][safepoint    ] Safepoint "Cleanup", Time since last: 1001766161 ns, Reaching safepoint: 107583 ns, At safepoint: 3245 ns, Total: 110828 ns
[2021-11-03T03:42:51.509+0000][7][safepoint    ] Safepoint "Cleanup", Time since last: 1001034946 ns, Reaching safepoint: 83693 ns, At safepoint: 2220 ns, Total: 85913 ns
[2021-11-03T03:42:52.510+0000][7][safepoint    ] Safepoint "Cleanup", Time since last: 1000822623 ns, Reaching safepoint: 95106 ns, At safepoint: 2890 ns, Total: 97996 ns
[2021-11-03T03:42:53.511+0000][7][safepoint    ] Safepoint "Cleanup", Time since last: 1000993468 ns, Reaching safepoint: 100190 ns, At safepoint: 2851 ns, Total: 103041 ns
[2021-11-03T03:42:54.512+0000][7][safepoint    ] Safepoint "Cleanup", Time since last: 1001459580 ns, Reaching safepoint: 164259 ns, At safepoint: 3309 ns, Total: 167568 ns
[2021-11-03T03:42:55.514+0000][7][safepoint    ] Safepoint "Cleanup", Time since last: 1001325648 ns, Reaching safepoint: 129898 ns, At safepoint: 3850 ns, Total: 133748 ns
[2021-11-03T03:42:56.515+0000][7][safepoint    ] Safepoint "Cleanup", Time since last: 1000923493 ns, Reaching safepoint: 125695 ns, At safepoint: 4162 ns, Total: 129857 ns
[2021-11-03T03:42:57.516+0000][7][safepoint    ] Safepoint "Cleanup", Time since last: 1001571692 ns, Reaching safepoint: 81697 ns, At safepoint: 2371 ns, Total: 84068 ns
[2021-11-03T03:42:58.517+0000][7][safepoint    ] Safepoint "Cleanup", Time since last: 1000910781 ns, Reaching safepoint: 96071 ns, At safepoint: 2421 ns, Total: 98492 ns
[2021-11-03T03:42:59.520+0000][7][safepoint    ] Safepoint "Cleanup", Time since last: 1002899012 ns, Reaching safepoint: 90880 ns, At safepoint: 2322 ns, Total: 93202 ns
[2021-11-03T03:43:00.522+0000][7][safepoint    ] Safepoint "Cleanup", Time since last: 1001438970 ns, Reaching safepoint: 221293 ns, At safepoint: 4293 ns, Total: 225586 ns
[2021-11-03T03:43:01.524+0000][7][safepoint    ] Safepoint "Cleanup", Time since last: 1001468568 ns, Reaching safepoint: 80653 ns, At safepoint: 2147 ns, Total: 82800 ns
[2021-11-03T03:43:03.514+0000][7][safepoint    ] Safepoint "Cleanup", Time since last: 1990593758 ns, Reaching safepoint: 167305 ns, At safepoint: 23371 ns, Total: 190676 ns
[2021-11-03T03:43:04.516+0000][7][safepoint    ] Safepoint "Cleanup", Time since last: 1001040702 ns, Reaching safepoint: 129240 ns, At safepoint: 3125 ns, Total: 132365 ns
[2021-11-03T03:43:05.518+0000][7][safepoint    ] Safepoint "Cleanup", Time since last: 1001942404 ns, Reaching safepoint: 93881 ns, At safepoint: 2910 ns, Total: 96791 ns
[2021-11-03T03:43:06.846+0000][7][safepoint    ] Safepoint "Cleanup", Time since last: 1349592140 ns, Reaching safepoint: 109695 ns, At safepoint: 2573 ns, Total: 112268 ns
[2021-11-03T03:43:07.847+0000][7][safepoint    ] Safepoint "Cleanup", Time since last: 1001313557 ns, Reaching safepoint: 114033 ns, At safepoint: 2955 ns, Total: 116988 ns
[2021-11-03T03:43:08.849+0000][7][safepoint    ] Safepoint "Cleanup", Time since last: 1001612396 ns, Reaching safepoint: 98410 ns, At safepoint: 2493 ns, Total: 100903 ns
[2021-11-03T03:43:09.850+0000][7][safepoint    ] Safepoint "Cleanup", Time since last: 1001045441 ns, Reaching safepoint: 211196 ns, At safepoint: 4230 ns, Total: 215426 ns
[2021-11-03T03:43:10.853+0000][7][safepoint    ] Safepoint "Cleanup", Time since last: 1002677662 ns, Reaching safepoint: 233521 ns, At safepoint: 6647 ns, Total: 240168 ns
[2021-11-03T03:43:11.857+0000][7][safepoint    ] Safepoint "Cleanup", Time since last: 1003110685 ns, Reaching safepoint: 227439 ns, At safepoint: 6683 ns, Total: 234122 ns
[2021-11-03T03:43:12.859+0000][7][safepoint    ] Safepoint "Cleanup", Time since last: 1002364091 ns, Reaching safepoint: 87323 ns, At safepoint: 2584 ns, Total: 89907 ns
[2021-11-03T03:43:13.862+0000][7][safepoint    ] Safepoint "Cleanup", Time since last: 1002475598 ns, Reaching safepoint: 171121 ns, At safepoint: 6007 ns, Total: 177128 ns
[2021-11-03T03:43:14.866+0000][7][safepoint    ] Safepoint "Cleanup", Time since last: 1003962616 ns, Reaching safepoint: 151679 ns, At safepoint: 2837 ns, Total: 154516 ns
[2021-11-03T03:43:15.868+0000][7][safepoint    ] Safepoint "Cleanup", Time since last: 1001662027 ns, Reaching safepoint: 164733 ns, At safepoint: 7047 ns, Total: 171780 ns
[2021-11-03T03:43:16.871+0000][7][safepoint    ] Safepoint "Cleanup", Time since last: 1003461795 ns, Reaching safepoint: 179530 ns, At safepoint: 5763 ns, Total: 185293 ns
[2021-11-03T03:43:17.874+0000][7][safepoint    ] Safepoint "Cleanup", Time since last: 1003020680 ns, Reaching safepoint: 176428 ns, At safepoint: 6511 ns, Total: 182939 ns
[2021-11-03T03:43:18.879+0000][7][safepoint    ] Safepoint "Cleanup", Time since last: 1003904832 ns, Reaching safepoint: 171924 ns, At safepoint: 5525 ns, Total: 177449 ns
[2021-11-03T03:43:19.884+0000][7][safepoint    ] Safepoint "Cleanup", Time since last: 1005637159 ns, Reaching safepoint: 168151 ns, At safepoint: 6108 ns, Total: 174259 ns
[2021-11-03T03:43:20.887+0000][7][safepoint    ] Safepoint "Cleanup", Time since last: 1002945446 ns, Reaching safepoint: 169871 ns, At safepoint: 6947 ns, Total: 176818 ns
[2021-11-03T03:43:21.890+0000][7][safepoint    ] Safepoint "Cleanup", Time since last: 1002301286 ns, Reaching safepoint: 191070 ns, At safepoint: 7048 ns, Total: 198118 ns
[2021-11-03T03:43:22.893+0000][7][safepoint    ] Safepoint "Cleanup", Time since last: 1003110779 ns, Reaching safepoint: 242760 ns, At safepoint: 6821 ns, Total: 249581 ns
[2021-11-03T03:43:23.896+0000][7][safepoint    ] Safepoint "Cleanup", Time since last: 1002244449 ns, Reaching safepoint: 550558 ns, At safepoint: 8111 ns, Total: 558669 ns
[2021-11-03T03:43:24.899+0000][7][safepoint    ] Safepoint "Cleanup", Time since last: 1002398062 ns, Reaching safepoint: 212226 ns, At safepoint: 8745 ns, Total: 220971 ns
[2021-11-03T03:43:25.901+0000][7][safepoint    ] Safepoint "Cleanup", Time since last: 1002015350 ns, Reaching safepoint: 185605 ns, At safepoint: 3918 ns, Total: 189523 ns
[2021-11-03T03:43:26.903+0000][7][safepoint    ] Safepoint "Cleanup", Time since last: 1002103150 ns, Reaching safepoint: 150391 ns, At safepoint: 3651 ns, Total: 154042 ns
[2021-11-03T03:43:27.905+0000][7][safepoint    ] Safepoint "Cleanup", Time since last: 1001893992 ns, Reaching safepoint: 101341 ns, At safepoint: 2690 ns, Total: 104031 ns
[2021-11-03T03:43:28.907+0000][7][safepoint    ] Safepoint "Cleanup", Time since last: 1001192664 ns, Reaching safepoint: 171534 ns, At safepoint: 3594 ns, Total: 175128 ns
[2021-11-03T03:43:29.909+0000][7][safepoint    ] Safepoint "Cleanup", Time since last: 1002042740 ns, Reaching safepoint: 277172 ns, At safepoint: 7055 ns, Total: 284227 ns
[2021-11-03T03:43:30.910+0000][7][safepoint    ] Safepoint "Cleanup", Time since last: 1001123582 ns, Reaching safepoint: 94246 ns, At safepoint: 2306 ns, Total: 96552 ns
[2021-11-03T03:43:31.914+0000][7][safepoint    ] Safepoint "Cleanup", Time since last: 1003530819 ns, Reaching safepoint: 112758 ns, At safepoint: 4267 ns, Total: 117025 ns
[2021-11-03T03:43:32.916+0000][7][safepoint    ] Safepoint "Cleanup", Time since last: 1001809002 ns, Reaching safepoint: 200975 ns, At safepoint: 3865 ns, Total: 204840 ns
[2021-11-03T03:43:33.918+0000][7][safepoint    ] Safepoint "Cleanup", Time since last: 1002050835 ns, Reaching safepoint: 170670 ns, At safepoint: 3762 ns, Total: 174432 ns
[2021-11-03T03:43:34.920+0000][7][safepoint    ] Safepoint "Cleanup", Time since last: 1001633917 ns, Reaching safepoint: 147687 ns, At safepoint: 2763 ns, Total: 150450 ns
[2021-11-03T03:43:35.899+0000][7][safepoint    ] Safepoint "Cleanup", Time since last: 1000846949 ns, Reaching safepoint: 145359 ns, At safepoint: 2701 ns, Total: 148060 ns
[2021-11-03T03:43:36.901+0000][7][safepoint    ] Safepoint "Cleanup", Time since last: 1001222748 ns, Reaching safepoint: 123110 ns, At safepoint: 3756 ns, Total: 126866 ns
[2021-11-03T03:43:37.903+0000][7][safepoint    ] Safepoint "Cleanup", Time since last: 1001922323 ns, Reaching safepoint: 181642 ns, At safepoint: 3904 ns, Total: 185546 ns
[2021-11-03T03:43:38.906+0000][7][safepoint    ] Safepoint "Cleanup", Time since last: 1002720124 ns, Reaching safepoint: 187392 ns, At safepoint: 3559 ns, Total: 190951 ns
[2021-11-03T03:43:39.907+0000][7][safepoint    ] Safepoint "Cleanup", Time since last: 1001063764 ns, Reaching safepoint: 96870 ns, At safepoint: 2086 ns, Total: 98956 ns
[2021-11-03T03:43:40.909+0000][7][safepoint    ] Safepoint "Cleanup", Time since last: 1001301118 ns, Reaching safepoint: 173695 ns, At safepoint: 3055 ns, Total: 176750 ns
[2021-11-03T03:43:41.910+0000][7][safepoint    ] Safepoint "Cleanup", Time since last: 1000921123 ns, Reaching safepoint: 118863 ns, At safepoint: 4136 ns, Total: 122999 ns
[2021-11-03T03:43:42.911+0000][7][safepoint    ] Safepoint "Cleanup", Time since last: 1001300773 ns, Reaching safepoint: 88073 ns, At safepoint: 4608 ns, Total: 92681 ns
[2021-11-03T03:43:43.912+0000][7][safepoint    ] Safepoint "Cleanup", Time since last: 1001105296 ns, Reaching safepoint: 124552 ns, At safepoint: 3024 ns, Total: 127576 ns
[2021-11-03T03:43:44.914+0000][7][safepoint    ] Safepoint "Cleanup", Time since last: 1001267214 ns, Reaching safepoint: 128202 ns, At safepoint: 3969 ns, Total: 132171 ns
[2021-11-03T03:43:45.915+0000][7][safepoint    ] Safepoint "Cleanup", Time since last: 1000999275 ns, Reaching safepoint: 140949 ns, At safepoint: 3454 ns, Total: 144403 ns
[2021-11-03T03:43:46.919+0000][7][safepoint    ] Safepoint "Cleanup", Time since last: 1004412462 ns, Reaching safepoint: 97640 ns, At safepoint: 4015 ns, Total: 101655 ns
[2021-11-03T03:43:47.920+0000][7][safepoint    ] Safepoint "Cleanup", Time since last: 1000952774 ns, Reaching safepoint: 105365 ns, At safepoint: 2900 ns, Total: 108265 ns
[2021-11-03T03:43:48.922+0000][7][safepoint    ] Safepoint "Cleanup", Time since last: 1001925491 ns, Reaching safepoint: 245785 ns, At safepoint: 3386 ns, Total: 249171 ns
[2021-11-03T03:43:49.924+0000][7][safepoint    ] Safepoint "Cleanup", Time since last: 1001029416 ns, Reaching safepoint: 97373 ns, At safepoint: 2605 ns, Total: 99978 ns
[2021-11-03T03:43:50.925+0000][7][safepoint    ] Safepoint "Cleanup", Time since last: 1001480623 ns, Reaching safepoint: 112833 ns, At safepoint: 2868 ns, Total: 115701 ns
[2021-11-03T03:43:51.926+0000][7][safepoint    ] Safepoint "Cleanup", Time since last: 1001092076 ns, Reaching safepoint: 87149 ns, At safepoint: 2692 ns, Total: 89841 ns
[2021-11-03T03:43:52.929+0000][7][safepoint    ] Safepoint "Cleanup", Time since last: 1002812171 ns, Reaching safepoint: 90128 ns, At safepoint: 2673 ns, Total: 92801 ns
[2021-11-03T03:43:53.930+0000][7][safepoint    ] Safepoint "Cleanup", Time since last: 1000863614 ns, Reaching safepoint: 86844 ns, At safepoint: 2066 ns, Total: 88910 ns
[2021-11-03T03:43:54.931+0000][7][safepoint    ] Safepoint "Cleanup", Time since last: 1001057928 ns, Reaching safepoint: 200785 ns, At safepoint: 4186 ns, Total: 204971 ns
[2021-11-03T03:43:55.937+0000][7][safepoint    ] Safepoint "Cleanup", Time since last: 1005122111 ns, Reaching safepoint: 179164 ns, At safepoint: 3087 ns, Total: 182251 ns
[2021-11-03T03:43:56.941+0000][7][safepoint    ] Safepoint "Cleanup", Time since last: 1003768707 ns, Reaching safepoint: 156970 ns, At safepoint: 3036 ns, Total: 160006 ns
[2021-11-03T03:43:57.942+0000][7][safepoint    ] Safepoint "Cleanup", Time since last: 1000985733 ns, Reaching safepoint: 114747 ns, At safepoint: 3651 ns, Total: 118398 ns
[2021-11-03T03:43:58.947+0000][7][safepoint    ] Safepoint "Cleanup", Time since last: 1004476193 ns, Reaching safepoint: 260385 ns, At safepoint: 5762 ns, Total: 266147 ns
[2021-11-03T03:43:59.948+0000][7][safepoint    ] Safepoint "Cleanup", Time since last: 1001456375 ns, Reaching safepoint: 194145 ns, At safepoint: 4827 ns, Total: 198972 ns
[2021-11-03T03:44:00.951+0000][7][safepoint    ] Safepoint "Cleanup", Time since last: 1002558951 ns, Reaching safepoint: 323514 ns, At safepoint: 6783 ns, Total: 330297 ns
[2021-11-03T03:44:01.955+0000][7][safepoint    ] Safepoint "Cleanup", Time since last: 1003387413 ns, Reaching safepoint: 216842 ns, At safepoint: 10451 ns, Total: 227293 ns
[2021-11-03T03:44:02.957+0000][7][safepoint    ] Safepoint "Cleanup", Time since last: 1001727033 ns, Reaching safepoint: 258313 ns, At safepoint: 7192 ns, Total: 265505 ns
[2021-11-03T03:44:03.959+0000][7][safepoint    ] Safepoint "Cleanup", Time since last: 1002045210 ns, Reaching safepoint: 261201 ns, At safepoint: 6237 ns, Total: 267438 ns
[2021-11-03T03:44:04.961+0000][7][safepoint    ] Safepoint "Cleanup", Time since last: 1001779852 ns, Reaching safepoint: 173195 ns, At safepoint: 6194 ns, Total: 179389 ns
[2021-11-03T03:44:05.942+0000][7][safepoint    ] Safepoint "Cleanup", Time since last: 1001967802 ns, Reaching safepoint: 88140 ns, At safepoint: 2408 ns, Total: 90548 ns
[2021-11-03T03:44:06.943+0000][7][safepoint    ] Safepoint "Cleanup", Time since last: 1001056269 ns, Reaching safepoint: 90672 ns, At safepoint: 2096 ns, Total: 92768 ns
[2021-11-03T03:44:07.946+0000][7][safepoint    ] Safepoint "Cleanup", Time since last: 1002253078 ns, Reaching safepoint: 151463 ns, At safepoint: 4676 ns, Total: 156139 ns
[2021-11-03T03:44:08.949+0000][7][safepoint    ] Safepoint "Cleanup", Time since last: 1003253866 ns, Reaching safepoint: 157264 ns, At safepoint: 6443 ns, Total: 163707 ns
[2021-11-03T03:44:09.952+0000][7][safepoint    ] Safepoint "Cleanup", Time since last: 1002699886 ns, Reaching safepoint: 281875 ns, At safepoint: 13974 ns, Total: 295849 ns
[2021-11-03T03:44:10.955+0000][7][safepoint    ] Safepoint "Cleanup", Time since last: 1002504835 ns, Reaching safepoint: 277370 ns, At safepoint: 11845 ns, Total: 289215 ns
[2021-11-03T03:44:11.958+0000][7][safepoint    ] Safepoint "Cleanup", Time since last: 1002756534 ns, Reaching safepoint: 88589 ns, At safepoint: 2406 ns, Total: 90995 ns
[2021-11-03T03:44:12.959+0000][7][safepoint    ] Safepoint "Cleanup", Time since last: 1001115365 ns, Reaching safepoint: 376972 ns, At safepoint: 7276 ns, Total: 384248 ns
[2021-11-03T03:44:13.962+0000][7][safepoint    ] Safepoint "Cleanup", Time since last: 1002425391 ns, Reaching safepoint: 621908 ns, At safepoint: 12798 ns, Total: 634706 ns
[2021-11-03T03:44:14.965+0000][7][safepoint    ] Safepoint "Cleanup", Time since last: 1002294676 ns, Reaching safepoint: 120126 ns, At safepoint: 2578 ns, Total: 122704 ns
[2021-11-03T03:44:15.966+0000][7][safepoint    ] Safepoint "Cleanup", Time since last: 1001431912 ns, Reaching safepoint: 130366 ns, At safepoint: 4332 ns, Total: 134698 ns
[2021-11-03T03:44:16.970+0000][7][safepoint    ] Safepoint "Cleanup", Time since last: 1003224384 ns, Reaching safepoint: 366134 ns, At safepoint: 6926 ns, Total: 373060 ns
[2021-11-03T03:44:17.974+0000][7][safepoint    ] Safepoint "Cleanup", Time since last: 1003573004 ns, Reaching safepoint: 278997 ns, At safepoint: 6942 ns, Total: 285939 ns
[2021-11-03T03:44:18.976+0000][7][safepoint    ] Safepoint "Cleanup", Time since last: 1002458371 ns, Reaching safepoint: 255771 ns, At safepoint: 9632 ns, Total: 265403 ns
[2021-11-03T03:44:19.979+0000][7][safepoint    ] Safepoint "Cleanup", Time since last: 1002327893 ns, Reaching safepoint: 93447 ns, At safepoint: 2532 ns, Total: 95979 ns
[2021-11-03T03:44:20.980+0000][7][safepoint    ] Safepoint "Cleanup", Time since last: 1001305122 ns, Reaching safepoint: 124175 ns, At safepoint: 3897 ns, Total: 128072 ns
[2021-11-03T03:44:21.984+0000][7][safepoint    ] Safepoint "Cleanup", Time since last: 1003544860 ns, Reaching safepoint: 102561 ns, At safepoint: 3018 ns, Total: 105579 ns
[2021-11-03T03:44:22.986+0000][7][safepoint    ] Safepoint "Cleanup", Time since last: 1001716963 ns, Reaching safepoint: 175015 ns, At safepoint: 6409 ns, Total: 181424 ns
[2021-11-03T03:44:23.988+0000][7][safepoint    ] Safepoint "Cleanup", Time since last: 1002276954 ns, Reaching safepoint: 105067 ns, At safepoint: 3614 ns, Total: 108681 ns
[2021-11-03T03:44:24.990+0000][7][safepoint    ] Safepoint "Cleanup", Time since last: 1001802418 ns, Reaching safepoint: 81343 ns, At safepoint: 2362 ns, Total: 83705 ns
[2021-11-03T03:44:25.992+0000][7][safepoint    ] Safepoint "Cleanup", Time since last: 1001728352 ns, Reaching safepoint: 174135 ns, At safepoint: 6332 ns, Total: 180467 ns
[2021-11-03T03:44:26.996+0000][7][safepoint    ] Safepoint "Cleanup", Time since last: 1003681157 ns, Reaching safepoint: 171438 ns, At safepoint: 7387 ns, Total: 178825 ns
[2021-11-03T03:44:28.000+0000][7][safepoint    ] Safepoint "Cleanup", Time since last: 1003878542 ns, Reaching safepoint: 168331 ns, At safepoint: 6319 ns, Total: 174650 ns
[2021-11-03T03:44:29.003+0000][7][safepoint    ] Safepoint "Cleanup", Time since last: 1002481512 ns, Reaching safepoint: 274780 ns, At safepoint: 6770 ns, Total: 281550 ns
[2021-11-03T03:44:30.007+0000][7][safepoint    ] Safepoint "Cleanup", Time since last: 1004186839 ns, Reaching safepoint: 316873 ns, At safepoint: 144016 ns, Total: 460889 ns
[2021-11-03T03:44:31.010+0000][7][safepoint    ] Safepoint "Cleanup", Time since last: 1002407908 ns, Reaching safepoint: 165772 ns, At safepoint: 75225 ns, Total: 240997 ns
[2021-11-03T03:44:32.012+0000][7][safepoint    ] Safepoint "Cleanup", Time since last: 1002299373 ns, Reaching safepoint: 239069 ns, At safepoint: 8216 ns, Total: 247285 ns
[2021-11-03T03:44:33.015+0000][7][safepoint    ] Safepoint "Cleanup", Time since last: 1001861417 ns, Reaching safepoint: 256320 ns, At safepoint: 6266 ns, Total: 262586 ns
[2021-11-03T03:44:34.017+0000][7][safepoint    ] Safepoint "Cleanup", Time since last: 1001979329 ns, Reaching safepoint: 154820 ns, At safepoint: 5055 ns, Total: 159875 ns
[2021-11-03T03:44:35.019+0000][7][safepoint    ] Safepoint "Cleanup", Time since last: 1001679558 ns, Reaching safepoint: 160737 ns, At safepoint: 7729 ns, Total: 168466 ns
[2021-11-03T03:44:35.999+0000][7][safepoint    ] Safepoint "Cleanup", Time since last: 1001937003 ns, Reaching safepoint: 222828 ns, At safepoint: 6317 ns, Total: 229145 ns
[2021-11-03T03:44:37.001+0000][7][safepoint    ] Safepoint "Cleanup", Time since last: 1001853728 ns, Reaching safepoint: 124220 ns, At safepoint: 3225 ns, Total: 127445 ns
[2021-11-03T03:44:38.004+0000][7][safepoint    ] Safepoint "Cleanup", Time since last: 1002085425 ns, Reaching safepoint: 188544 ns, At safepoint: 5018 ns, Total: 193562 ns
[2021-11-03T03:44:39.007+0000][7][safepoint    ] Safepoint "Cleanup", Time since last: 1002927883 ns, Reaching safepoint: 563052 ns, At safepoint: 25022 ns, Total: 588074 ns
[2021-11-03T03:44:40.010+0000][7][safepoint    ] Safepoint "Cleanup", Time since last: 1002726194 ns, Reaching safepoint: 483617 ns, At safepoint: 8710 ns, Total: 492327 ns
[2021-11-03T03:44:41.013+0000][7][safepoint    ] Safepoint "Cleanup", Time since last: 1001973879 ns, Reaching safepoint: 247577 ns, At safepoint: 7315 ns, Total: 254892 ns
[2021-11-03T03:44:42.015+0000][7][safepoint    ] Safepoint "Cleanup", Time since last: 1002341471 ns, Reaching safepoint: 347783 ns, At safepoint: 6748 ns, Total: 354531 ns
[2021-11-03T03:44:43.018+0000][7][safepoint    ] Safepoint "Cleanup", Time since last: 1002464282 ns, Reaching safepoint: 184724 ns, At safepoint: 6072 ns, Total: 190796 ns
[2021-11-03T03:44:44.022+0000][7][safepoint    ] Safepoint "Cleanup", Time since last: 1003841745 ns, Reaching safepoint: 176633 ns, At safepoint: 5729 ns, Total: 182362 ns
[2021-11-03T03:44:45.024+0000][7][safepoint    ] Safepoint "Cleanup", Time since last: 1002401344 ns, Reaching safepoint: 173820 ns, At safepoint: 6148 ns, Total: 179968 ns
[2021-11-03T03:44:46.028+0000][7][safepoint    ] Safepoint "Cleanup", Time since last: 1003024638 ns, Reaching safepoint: 98104 ns, At safepoint: 2752 ns, Total: 100856 ns
[2021-11-03T03:44:47.030+0000][7][safepoint    ] Safepoint "Cleanup", Time since last: 1001913120 ns, Reaching safepoint: 181537 ns, At safepoint: 6768 ns, Total: 188305 ns
[2021-11-03T03:44:48.032+0000][7][safepoint    ] Safepoint "Cleanup", Time since last: 1002217380 ns, Reaching safepoint: 180911 ns, At safepoint: 6960 ns, Total: 187871 ns
[2021-11-03T03:44:49.036+0000][7][safepoint    ] Safepoint "Cleanup", Time since last: 1003825164 ns, Reaching safepoint: 110501 ns, At safepoint: 3446 ns, Total: 113947 ns
[2021-11-03T03:44:50.040+0000][7][safepoint    ] Safepoint "Cleanup", Time since last: 1003989976 ns, Reaching safepoint: 181084 ns, At safepoint: 7208 ns, Total: 188292 ns
[2021-11-03T03:44:51.043+0000][7][safepoint    ] Safepoint "Cleanup", Time since last: 1002602728 ns, Reaching safepoint: 511492 ns, At safepoint: 6467 ns, Total: 517959 ns
[2021-11-03T03:44:52.050+0000][7][safepoint    ] Safepoint "Cleanup", Time since last: 1006054004 ns, Reaching safepoint: 270271 ns, At safepoint: 7304 ns, Total: 277575 ns
[2021-11-03T03:44:53.053+0000][7][safepoint    ] Safepoint "Cleanup", Time since last: 1003125127 ns, Reaching safepoint: 327266 ns, At safepoint: 7510 ns, Total: 334776 ns
[2021-11-03T03:44:54.059+0000][7][safepoint    ] Safepoint "Cleanup", Time since last: 1005949187 ns, Reaching safepoint: 157517 ns, At safepoint: 4220 ns, Total: 161737 ns
[2021-11-03T03:44:55.065+0000][7][safepoint    ] Safepoint "Cleanup", Time since last: 1005503394 ns, Reaching safepoint: 185625 ns, At safepoint: 6347 ns, Total: 191972 ns
[2021-11-03T03:44:56.630+0000][7][safepoint    ] Safepoint "Cleanup", Time since last: 1564769519 ns, Reaching safepoint: 88419 ns, At safepoint: 2876 ns, Total: 91295 ns
[2021-11-03T03:44:57.631+0000][7][safepoint    ] Safepoint "Cleanup", Time since last: 1001519281 ns, Reaching safepoint: 133622 ns, At safepoint: 3451 ns, Total: 137073 ns
[2021-11-03T03:44:58.633+0000][7][safepoint    ] Safepoint "Cleanup", Time since last: 1001351291 ns, Reaching safepoint: 84310 ns, At safepoint: 39563 ns, Total: 123873 ns
[2021-11-03T03:44:59.635+0000][7][safepoint    ] Safepoint "Cleanup", Time since last: 1001584669 ns, Reaching safepoint: 114091 ns, At safepoint: 3101 ns, Total: 117192 ns
[2021-11-03T03:45:00.637+0000][7][safepoint    ] Safepoint "Cleanup", Time since last: 1002229917 ns, Reaching safepoint: 125902 ns, At safepoint: 2509 ns, Total: 128411 ns
[2021-11-03T03:45:01.638+0000][7][safepoint    ] Safepoint "Cleanup", Time since last: 1000883121 ns, Reaching safepoint: 237269 ns, At safepoint: 3463 ns, Total: 240732 ns
[2021-11-03T03:45:02.640+0000][7][safepoint    ] Safepoint "Cleanup", Time since last: 1001997658 ns, Reaching safepoint: 274456 ns, At safepoint: 9996 ns, Total: 284452 ns
[2021-11-03T03:45:03.645+0000][7][safepoint    ] Safepoint "Cleanup", Time since last: 1004454735 ns, Reaching safepoint: 354517 ns, At safepoint: 11643 ns, Total: 366160 ns
[2021-11-03T03:45:04.649+0000][7][safepoint    ] Safepoint "Cleanup", Time since last: 1003626163 ns, Reaching safepoint: 345902 ns, At safepoint: 7402 ns, Total: 353304 ns
[2021-11-03T03:45:05.651+0000][7][safepoint    ] Safepoint "Cleanup", Time since last: 1001465984 ns, Reaching safepoint: 140879 ns, At safepoint: 4286 ns, Total: 145165 ns
[2021-11-03T03:45:06.634+0000][7][safepoint    ] Safepoint "Cleanup", Time since last: 1003601898 ns, Reaching safepoint: 485175 ns, At safepoint: 9637 ns, Total: 494812 ns
[2021-11-03T03:45:07.638+0000][7][safepoint    ] Safepoint "Cleanup", Time since last: 1004160898 ns, Reaching safepoint: 170770 ns, At safepoint: 5876 ns, Total: 176646 ns
[2021-11-03T03:45:08.644+0000][7][safepoint    ] Safepoint "Cleanup", Time since last: 1005865970 ns, Reaching safepoint: 173187 ns, At safepoint: 7234 ns, Total: 180421 ns
[2021-11-03T03:45:09.646+0000][7][safepoint    ] Safepoint "Cleanup", Time since last: 1002170985 ns, Reaching safepoint: 163579 ns, At safepoint: 6776 ns, Total: 170355 ns
[2021-11-03T03:45:10.649+0000][7][safepoint    ] Safepoint "Cleanup", Time since last: 1002391707 ns, Reaching safepoint: 248224 ns, At safepoint: 7264 ns, Total: 255488 ns
[2021-11-03T03:45:11.653+0000][7][safepoint    ] Safepoint "Cleanup", Time since last: 1003750245 ns, Reaching safepoint: 234357 ns, At safepoint: 6690 ns, Total: 241047 ns
[2021-11-03T03:45:12.656+0000][7][safepoint    ] Safepoint "Cleanup", Time since last: 1002503864 ns, Reaching safepoint: 456386 ns, At safepoint: 16512 ns, Total: 472898 ns
[2021-11-03T03:45:13.660+0000][7][safepoint    ] Safepoint "Cleanup", Time since last: 1003712623 ns, Reaching safepoint: 323861 ns, At safepoint: 11925 ns, Total: 335786 ns
[2021-11-03T03:45:14.662+0000][7][safepoint    ] Safepoint "Cleanup", Time since last: 1001953961 ns, Reaching safepoint: 140740 ns, At safepoint: 9985 ns, Total: 150725 ns
[2021-11-03T03:45:15.664+0000][7][safepoint    ] Safepoint "Cleanup", Time since last: 1001227235 ns, Reaching safepoint: 405729 ns, At safepoint: 20249 ns, Total: 425978 ns
[2021-11-03T03:45:16.670+0000][7][safepoint    ] Safepoint "Cleanup", Time since last: 1005742087 ns, Reaching safepoint: 263169 ns, At safepoint: 5033 ns, Total: 268202 ns
[2021-11-03T03:45:17.671+0000][7][safepoint    ] Safepoint "Cleanup", Time since last: 1001121934 ns, Reaching safepoint: 229526 ns, At safepoint: 5870 ns, Total: 235396 ns
[2021-11-03T03:45:18.676+0000][7][safepoint    ] Safepoint "Cleanup", Time since last: 1004611322 ns, Reaching safepoint: 111812 ns, At safepoint: 2555 ns, Total: 114367 ns
[2021-11-03T03:45:19.677+0000][7][safepoint    ] Safepoint "Cleanup", Time since last: 1000999653 ns, Reaching safepoint: 144400 ns, At safepoint: 2834 ns, Total: 147234 ns
[2021-11-03T03:45:20.681+0000][7][safepoint    ] Safepoint "Cleanup", Time since last: 1003768021 ns, Reaching safepoint: 129642 ns, At safepoint: 3036 ns, Total: 132678 ns
[2021-11-03T03:45:21.683+0000][7][safepoint    ] Safepoint "Cleanup", Time since last: 1001713585 ns, Reaching safepoint: 189904 ns, At safepoint: 3794 ns, Total: 193698 ns
[2021-11-03T03:45:22.686+0000][7][safepoint    ] Safepoint "Cleanup", Time since last: 1002688556 ns, Reaching safepoint: 150387 ns, At safepoint: 2610 ns, Total: 152997 ns
[2021-11-03T03:45:23.687+0000][7][safepoint    ] Safepoint "Cleanup", Time since last: 1001137780 ns, Reaching safepoint: 177100 ns, At safepoint: 3229 ns, Total: 180329 ns
[2021-11-03T03:45:24.688+0000][7][safepoint    ] Safepoint "Cleanup", Time since last: 1001034863 ns, Reaching safepoint: 94548 ns, At safepoint: 2083 ns, Total: 96631 ns
[2021-11-03T03:45:25.693+0000][7][safepoint    ] Safepoint "Cleanup", Time since last: 1004417494 ns, Reaching safepoint: 126610 ns, At safepoint: 2817 ns, Total: 129427 ns
[2021-11-03T03:45:26.696+0000][7][safepoint    ] Safepoint "Cleanup", Time since last: 1003256490 ns, Reaching safepoint: 208632 ns, At safepoint: 4638 ns, Total: 213270 ns
[2021-11-03T03:45:27.699+0000][7][safepoint    ] Safepoint "Cleanup", Time since last: 1002528497 ns, Reaching safepoint: 90586 ns, At safepoint: 2583 ns, Total: 93169 ns
[2021-11-03T03:45:28.700+0000][7][safepoint    ] Safepoint "Cleanup", Time since last: 1001148704 ns, Reaching safepoint: 114686 ns, At safepoint: 3220 ns, Total: 117906 ns
[2021-11-03T03:45:29.702+0000][7][safepoint    ] Safepoint "Cleanup", Time since last: 1001706147 ns, Reaching safepoint: 91795 ns, At safepoint: 2442 ns, Total: 94237 ns
[2021-11-03T03:45:30.704+0000][7][safepoint    ] Safepoint "Cleanup", Time since last: 1002089913 ns, Reaching safepoint: 89587 ns, At safepoint: 2213 ns, Total: 91800 ns
[2021-11-03T03:45:31.705+0000][7][safepoint    ] Safepoint "Cleanup", Time since last: 1001213083 ns, Reaching safepoint: 210277 ns, At safepoint: 2987 ns, Total: 213264 ns
[2021-11-03T03:45:32.709+0000][7][safepoint    ] Safepoint "Cleanup", Time since last: 1003359283 ns, Reaching safepoint: 95448 ns, At safepoint: 2979 ns, Total: 98427 ns
[2021-11-03T03:45:33.711+0000][7][safepoint    ] Safepoint "Cleanup", Time since last: 1002055163 ns, Reaching safepoint: 230736 ns, At safepoint: 6054 ns, Total: 236790 ns
[2021-11-03T03:45:34.715+0000][7][safepoint    ] Safepoint "Cleanup", Time since last: 1003789739 ns, Reaching safepoint: 111852 ns, At safepoint: 3443 ns, Total: 115295 ns
[2021-11-03T03:45:35.717+0000][7][safepoint    ] Safepoint "Cleanup", Time since last: 1001656599 ns, Reaching safepoint: 146366 ns, At safepoint: 3397 ns, Total: 149763 ns
[2021-11-03T03:45:36.869+0000][7][safepoint    ] Safepoint "Cleanup", Time since last: 1165517666 ns, Reaching safepoint: 7528332 ns, At safepoint: 9396 ns, Total: 7537728 ns
[2021-11-03T03:45:37.889+0000][7][safepoint    ] Safepoint "Cleanup", Time since last: 1019853980 ns, Reaching safepoint: 210942 ns, At safepoint: 2979 ns, Total: 213921 ns
[2021-11-03T03:45:38.890+0000][7][safepoint    ] Safepoint "Cleanup", Time since last: 1001392085 ns, Reaching safepoint: 100045 ns, At safepoint: 2331 ns, Total: 102376 ns
[2021-11-03T03:45:39.892+0000][7][safepoint    ] Safepoint "Cleanup", Time since last: 1001151141 ns, Reaching safepoint: 115936 ns, At safepoint: 2920 ns, Total: 118856 ns
[2021-11-03T03:45:40.895+0000][7][safepoint    ] Safepoint "Cleanup", Time since last: 1002620968 ns, Reaching safepoint: 179943 ns, At safepoint: 3863 ns, Total: 183806 ns
[2021-11-03T03:45:41.896+0000][7][safepoint    ] Safepoint "Cleanup", Time since last: 1001239069 ns, Reaching safepoint: 193355 ns, At safepoint: 5276 ns, Total: 198631 ns
[2021-11-03T03:45:42.898+0000][7][safepoint    ] Safepoint "Cleanup", Time since last: 1001721627 ns, Reaching safepoint: 233326 ns, At safepoint: 5520 ns, Total: 238846 ns
[2021-11-03T03:45:43.900+0000][7][safepoint    ] Safepoint "Cleanup", Time since last: 1001820964 ns, Reaching safepoint: 175472 ns, At safepoint: 9078 ns, Total: 184550 ns
[2021-11-03T03:45:44.902+0000][7][safepoint    ] Safepoint "Cleanup", Time since last: 1002338641 ns, Reaching safepoint: 122523 ns, At safepoint: 3179 ns, Total: 125702 ns
[2021-11-03T03:45:45.904+0000][7][safepoint    ] Safepoint "Cleanup", Time since last: 1001170302 ns, Reaching safepoint: 255180 ns, At safepoint: 5257 ns, Total: 260437 ns
[2021-11-03T03:45:46.910+0000][7][safepoint    ] Safepoint "Cleanup", Time since last: 1006353023 ns, Reaching safepoint: 122824 ns, At safepoint: 3403 ns, Total: 126227 ns
[2021-11-03T03:45:47.912+0000][7][safepoint    ] Safepoint "Cleanup", Time since last: 1001704373 ns, Reaching safepoint: 140186 ns, At safepoint: 4436 ns, Total: 144622 ns
[2021-11-03T03:45:48.914+0000][7][safepoint    ] Safepoint "Cleanup", Time since last: 1001465137 ns, Reaching safepoint: 164021 ns, At safepoint: 4594 ns, Total: 168615 ns
[2021-11-03T03:45:49.918+0000][7][safepoint    ] Safepoint "Cleanup", Time since last: 1003733279 ns, Reaching safepoint: 168766 ns, At safepoint: 4554 ns, Total: 173320 ns
[2021-11-03T03:45:50.920+0000][7][safepoint    ] Safepoint "Cleanup", Time since last: 1002225386 ns, Reaching safepoint: 227670 ns, At safepoint: 6460 ns, Total: 234130 ns
[2021-11-03T03:45:51.923+0000][7][safepoint    ] Safepoint "Cleanup", Time since last: 1002532646 ns, Reaching safepoint: 314105 ns, At safepoint: 8595 ns, Total: 322700 ns
[2021-11-03T03:45:52.926+0000][7][safepoint    ] Safepoint "Cleanup", Time since last: 1003033266 ns, Reaching safepoint: 180010 ns, At safepoint: 7015 ns, Total: 187025 ns
[2021-11-03T03:45:53.928+0000][7][safepoint    ] Safepoint "Cleanup", Time since last: 1001647587 ns, Reaching safepoint: 278115 ns, At safepoint: 5953 ns, Total: 284068 ns
[2021-11-03T03:45:54.930+0000][7][safepoint    ] Safepoint "Cleanup", Time since last: 1001468999 ns, Reaching safepoint: 163969 ns, At safepoint: 3937 ns, Total: 167906 ns
[2021-11-03T03:45:55.931+0000][7][safepoint    ] Safepoint "Cleanup", Time since last: 1001325826 ns, Reaching safepoint: 135836 ns, At safepoint: 25211 ns, Total: 161047 ns
[2021-11-03T03:45:56.933+0000][7][safepoint    ] Safepoint "Cleanup", Time since last: 1001609042 ns, Reaching safepoint: 108811 ns, At safepoint: 2524 ns, Total: 111335 ns
[2021-11-03T03:45:57.935+0000][7][safepoint    ] Safepoint "Cleanup", Time since last: 1001463348 ns, Reaching safepoint: 578182 ns, At safepoint: 8823 ns, Total: 587005 ns
[2021-11-03T03:45:58.937+0000][7][safepoint    ] Safepoint "Cleanup", Time since last: 1002129240 ns, Reaching safepoint: 237124 ns, At safepoint: 7046 ns, Total: 244170 ns
[2021-11-03T03:45:59.941+0000][7][safepoint    ] Safepoint "Cleanup", Time since last: 1002824102 ns, Reaching safepoint: 527709 ns, At safepoint: 11616 ns, Total: 539325 ns
[2021-11-03T03:46:00.943+0000][7][safepoint    ] Safepoint "Cleanup", Time since last: 1002166437 ns, Reaching safepoint: 322912 ns, At safepoint: 11936 ns, Total: 334848 ns
[2021-11-03T03:46:01.951+0000][7][safepoint    ] Safepoint "Cleanup", Time since last: 1006926155 ns, Reaching safepoint: 420055 ns, At safepoint: 9001 ns, Total: 429056 ns
[2021-11-03T03:46:02.955+0000][7][safepoint    ] Safepoint "Cleanup", Time since last: 1004353021 ns, Reaching safepoint: 252094 ns, At safepoint: 6106 ns, Total: 258200 ns
[2021-11-03T03:46:03.961+0000][7][safepoint    ] Safepoint "Cleanup", Time since last: 1005243764 ns, Reaching safepoint: 350028 ns, At safepoint: 7327 ns, Total: 357355 ns
[2021-11-03T03:46:04.965+0000][7][safepoint    ] Safepoint "Cleanup", Time since last: 1003502773 ns, Reaching safepoint: 402213 ns, At safepoint: 9631 ns, Total: 411844 ns
[2021-11-03T03:46:05.946+0000][7][safepoint    ] Safepoint "Cleanup", Time since last: 1002089177 ns, Reaching safepoint: 171484 ns, At safepoint: 5580 ns, Total: 177064 ns
[2021-11-03T03:46:06.950+0000][7][safepoint    ] Safepoint "Cleanup", Time since last: 1002880385 ns, Reaching safepoint: 171274 ns, At safepoint: 6530 ns, Total: 177804 ns
[2021-11-03T03:46:07.953+0000][7][safepoint    ] Safepoint "Cleanup", Time since last: 1003534758 ns, Reaching safepoint: 165619 ns, At safepoint: 5994 ns, Total: 171613 ns
[2021-11-03T03:46:08.958+0000][7][safepoint    ] Safepoint "Cleanup", Time since last: 1003766745 ns, Reaching safepoint: 524850 ns, At safepoint: 8995 ns, Total: 533845 ns
[2021-11-03T03:46:09.961+0000][7][safepoint    ] Safepoint "Cleanup", Time since last: 1003060403 ns, Reaching safepoint: 403583 ns, At safepoint: 9468 ns, Total: 413051 ns
[2021-11-03T03:46:10.965+0000][7][safepoint    ] Safepoint "Cleanup", Time since last: 1003337601 ns, Reaching safepoint: 169329 ns, At safepoint: 6220 ns, Total: 175549 ns
[2021-11-03T03:46:11.969+0000][7][safepoint    ] Safepoint "Cleanup", Time since last: 1003988938 ns, Reaching safepoint: 171898 ns, At safepoint: 5936 ns, Total: 177834 ns
[2021-11-03T03:46:12.972+0000][7][safepoint    ] Safepoint "Cleanup", Time since last: 1002526343 ns, Reaching safepoint: 315211 ns, At safepoint: 8788 ns, Total: 323999 ns
[2021-11-03T03:46:13.975+0000][7][safepoint    ] Safepoint "Cleanup", Time since last: 1003121662 ns, Reaching safepoint: 224965 ns, At safepoint: 5576 ns, Total: 230541 ns
[2021-11-03T03:46:14.981+0000][7][safepoint    ] Safepoint "Cleanup", Time since last: 1006051909 ns, Reaching safepoint: 488346 ns, At safepoint: 9000 ns, Total: 497346 ns
[2021-11-03T03:46:15.985+0000][7][safepoint    ] Safepoint "Cleanup", Time since last: 1002783167 ns, Reaching safepoint: 311811 ns, At safepoint: 6485 ns, Total: 318296 ns
[2021-11-03T03:46:16.994+0000][7][safepoint    ] Safepoint "Cleanup", Time since last: 1009380081 ns, Reaching safepoint: 344762 ns, At safepoint: 7044 ns, Total: 351806 ns
[2021-11-03T03:46:18.000+0000][7][safepoint    ] Safepoint "Cleanup", Time since last: 1004952116 ns, Reaching safepoint: 563264 ns, At safepoint: 11597 ns, Total: 574861 ns
[2021-11-03T03:46:19.010+0000][7][safepoint    ] Safepoint "Cleanup", Time since last: 1009765732 ns, Reaching safepoint: 468845 ns, At safepoint: 12825 ns, Total: 481670 ns
[2021-11-03T03:46:20.017+0000][7][safepoint    ] Safepoint "Cleanup", Time since last: 1006995428 ns, Reaching safepoint: 352716 ns, At safepoint: 8757 ns, Total: 361473 ns
[2021-11-03T03:46:21.022+0000][7][safepoint    ] Safepoint "Cleanup", Time since last: 1004012618 ns, Reaching safepoint: 423596 ns, At safepoint: 8964 ns, Total: 432560 ns
[2021-11-03T03:46:22.030+0000][7][safepoint    ] Safepoint "Cleanup", Time since last: 1007853962 ns, Reaching safepoint: 203871 ns, At safepoint: 7840 ns, Total: 211711 ns
[2021-11-03T03:46:23.033+0000][7][safepoint    ] Safepoint "Cleanup", Time since last: 1002411858 ns, Reaching safepoint: 358678 ns, At safepoint: 11172 ns, Total: 369850 ns
[2021-11-03T03:46:24.040+0000][7][safepoint    ] Safepoint "Cleanup", Time since last: 1006050963 ns, Reaching safepoint: 812287 ns, At safepoint: 85090 ns, Total: 897377 ns
[2021-11-03T03:46:25.046+0000][7][safepoint    ] Safepoint "Cleanup", Time since last: 1005921447 ns, Reaching safepoint: 472880 ns, At safepoint: 82571 ns, Total: 555451 ns
[2021-11-03T03:46:26.055+0000][7][safepoint    ] Safepoint "Cleanup", Time since last: 1007802992 ns, Reaching safepoint: 631089 ns, At safepoint: 9887 ns, Total: 640976 ns
[2021-11-03T03:46:27.065+0000][7][safepoint    ] Safepoint "Cleanup", Time since last: 1009811935 ns, Reaching safepoint: 211888 ns, At safepoint: 7061 ns, Total: 218949 ns
[2021-11-03T03:46:28.744+0000][7][safepoint    ] Safepoint "Cleanup", Time since last: 1678909508 ns, Reaching safepoint: 316419 ns, At safepoint: 12098 ns, Total: 328517 ns
[2021-11-03T03:46:29.749+0000][7][safepoint    ] Safepoint "Cleanup", Time since last: 1004809676 ns, Reaching safepoint: 236966 ns, At safepoint: 6213 ns, Total: 243179 ns
[2021-11-03T03:46:30.751+0000][7][safepoint    ] Safepoint "Cleanup", Time since last: 1002154827 ns, Reaching safepoint: 134466 ns, At safepoint: 3501 ns, Total: 137967 ns
[2021-11-03T03:46:31.754+0000][7][safepoint    ] Safepoint "Cleanup", Time since last: 1002717998 ns, Reaching safepoint: 114135 ns, At safepoint: 4263 ns, Total: 118398 ns
[2021-11-03T03:46:32.758+0000][7][safepoint    ] Safepoint "Cleanup", Time since last: 1003553824 ns, Reaching safepoint: 231359 ns, At safepoint: 6643 ns, Total: 238002 ns
[2021-11-03T03:46:33.760+0000][7][safepoint    ] Safepoint "Cleanup", Time since last: 1001674942 ns, Reaching safepoint: 122704 ns, At safepoint: 3010 ns, Total: 125714 ns
[2021-11-03T03:46:34.761+0000][7][safepoint    ] Safepoint "Cleanup", Time since last: 1001521506 ns, Reaching safepoint: 306734 ns, At safepoint: 8942 ns, Total: 315676 ns
[2021-11-03T03:46:35.765+0000][7][safepoint    ] Safepoint "Cleanup", Time since last: 1002703670 ns, Reaching safepoint: 683283 ns, At safepoint: 78932 ns, Total: 762215 ns
[2021-11-03T03:46:36.746+0000][7][safepoint    ] Safepoint "Cleanup", Time since last: 1002880333 ns, Reaching safepoint: 291489 ns, At safepoint: 6719 ns, Total: 298208 ns
[2021-11-03T03:46:37.751+0000][7][safepoint    ] Safepoint "Cleanup", Time since last: 1003478341 ns, Reaching safepoint: 656802 ns, At safepoint: 10338 ns, Total: 667140 ns
[2021-11-03T03:46:38.757+0000][7][safepoint    ] Safepoint "Cleanup", Time since last: 1005880532 ns, Reaching safepoint: 575785 ns, At safepoint: 12555 ns, Total: 588340 ns
[2021-11-03T03:46:39.760+0000][7][safepoint    ] Safepoint "Cleanup", Time since last: 1002854116 ns, Reaching safepoint: 232725 ns, At safepoint: 6890 ns, Total: 239615 ns
[2021-11-03T03:46:40.763+0000][7][safepoint    ] Safepoint "Cleanup", Time since last: 1002920342 ns, Reaching safepoint: 236845 ns, At safepoint: 6279 ns, Total: 243124 ns
[2021-11-03T03:46:41.766+0000][7][safepoint    ] Safepoint "Cleanup", Time since last: 1002606778 ns, Reaching safepoint: 239377 ns, At safepoint: 7028 ns, Total: 246405 ns
[2021-11-03T03:46:42.769+0000][7][safepoint    ] Safepoint "Cleanup", Time since last: 1002806286 ns, Reaching safepoint: 266587 ns, At safepoint: 5436 ns, Total: 272023 ns
[2021-11-03T03:46:43.776+0000][7][safepoint    ] Safepoint "Cleanup", Time since last: 1006759688 ns, Reaching safepoint: 92226 ns, At safepoint: 3804 ns, Total: 96030 ns
[2021-11-03T03:46:44.781+0000][7][safepoint    ] Safepoint "Cleanup", Time since last: 1004584618 ns, Reaching safepoint: 303117 ns, At safepoint: 72072 ns, Total: 375189 ns
[2021-11-03T03:46:45.787+0000][7][safepoint    ] Safepoint "Cleanup", Time since last: 1005118330 ns, Reaching safepoint: 407093 ns, At safepoint: 72577 ns, Total: 479670 ns
[2021-11-03T03:46:46.790+0000][7][safepoint    ] Safepoint "Cleanup", Time since last: 1002813397 ns, Reaching safepoint: 216437 ns, At safepoint: 7835 ns, Total: 224272 ns
[2021-11-03T03:46:47.793+0000][7][safepoint    ] Safepoint "Cleanup", Time since last: 1003296411 ns, Reaching safepoint: 168591 ns, At safepoint: 8640 ns, Total: 177231 ns
[2021-11-03T03:46:48.797+0000][7][safepoint    ] Safepoint "Cleanup", Time since last: 1003286486 ns, Reaching safepoint: 441473 ns, At safepoint: 10918 ns, Total: 452391 ns
[2021-11-03T03:46:49.801+0000][7][safepoint    ] Safepoint "Cleanup", Time since last: 1003570471 ns, Reaching safepoint: 550423 ns, At safepoint: 69700 ns, Total: 620123 ns
[2021-11-03T03:46:50.805+0000][7][safepoint    ] Safepoint "Cleanup", Time since last: 1003007762 ns, Reaching safepoint: 572500 ns, At safepoint: 20296 ns, Total: 592796 ns
[2021-11-03T03:46:51.807+0000][7][safepoint    ] Safepoint "Cleanup", Time since last: 1002129948 ns, Reaching safepoint: 330989 ns, At safepoint: 5528 ns, Total: 336517 ns
[2021-11-03T03:46:52.809+0000][7][safepoint    ] Safepoint "Cleanup", Time since last: 1001627296 ns, Reaching safepoint: 253299 ns, At safepoint: 68222 ns, Total: 321521 ns
[2021-11-03T03:46:53.813+0000][7][safepoint    ] Safepoint "Cleanup", Time since last: 1003397755 ns, Reaching safepoint: 634387 ns, At safepoint: 91078 ns, Total: 725465 ns
[2021-11-03T03:46:54.818+0000][7][safepoint    ] Safepoint "Cleanup", Time since last: 1004194092 ns, Reaching safepoint: 548072 ns, At safepoint: 81905 ns, Total: 629977 ns
[2021-11-03T03:46:55.821+0000][7][safepoint    ] Safepoint "Cleanup", Time since last: 1002490043 ns, Reaching safepoint: 598566 ns, At safepoint: 86633 ns, Total: 685199 ns
[2021-11-03T03:46:56.824+0000][7][safepoint    ] Safepoint "Cleanup", Time since last: 1002525893 ns, Reaching safepoint: 411657 ns, At safepoint: 71517 ns, Total: 483174 ns
[2021-11-03T03:46:57.831+0000][7][safepoint    ] Safepoint "Cleanup", Time since last: 1005868215 ns, Reaching safepoint: 446807 ns, At safepoint: 71740 ns, Total: 518547 ns
[2021-11-03T03:46:58.842+0000][7][safepoint    ] Safepoint "Cleanup", Time since last: 1009725251 ns, Reaching safepoint: 990538 ns, At safepoint: 169718 ns, Total: 1160256 ns
[2021-11-03T03:46:59.844+0000][7][safepoint    ] Safepoint "Cleanup", Time since last: 1002238431 ns, Reaching safepoint: 177105 ns, At safepoint: 5973 ns, Total: 183078 ns
[2021-11-03T03:47:00.848+0000][7][safepoint    ] Safepoint "Cleanup", Time since last: 1003295711 ns, Reaching safepoint: 331974 ns, At safepoint: 6557 ns, Total: 338531 ns
[2021-11-03T03:47:01.852+0000][7][safepoint    ] Safepoint "Cleanup", Time since last: 1004047518 ns, Reaching safepoint: 172430 ns, At safepoint: 5864 ns, Total: 178294 ns
[2021-11-03T03:47:02.854+0000][7][safepoint    ] Safepoint "Cleanup", Time since last: 1002420929 ns, Reaching safepoint: 289313 ns, At safepoint: 7288 ns, Total: 296601 ns
[2021-11-03T03:47:03.858+0000][7][safepoint    ] Safepoint "Cleanup", Time since last: 1002595992 ns, Reaching safepoint: 680584 ns, At safepoint: 18490 ns, Total: 699074 ns
[2021-11-03T03:47:04.862+0000][7][safepoint    ] Safepoint "Cleanup", Time since last: 1003935679 ns, Reaching safepoint: 586615 ns, At safepoint: 18717 ns, Total: 605332 ns
[2021-11-03T03:47:05.844+0000][7][safepoint    ] Safepoint "Cleanup", Time since last: 1002493527 ns, Reaching safepoint: 112019 ns, At safepoint: 3445 ns, Total: 115464 ns
[2021-11-03T03:47:06.850+0000][7][safepoint    ] Safepoint "Cleanup", Time since last: 1005697184 ns, Reaching safepoint: 176596 ns, At safepoint: 6852 ns, Total: 183448 ns
[2021-11-03T03:47:07.853+0000][7][safepoint    ] Safepoint "Cleanup", Time since last: 1003234754 ns, Reaching safepoint: 187008 ns, At safepoint: 7018 ns, Total: 194026 ns
[2021-11-03T03:47:08.855+0000][7][safepoint    ] Safepoint "Cleanup", Time since last: 1002040772 ns, Reaching safepoint: 351919 ns, At safepoint: 5164 ns, Total: 357083 ns
[2021-11-03T03:47:09.860+0000][7][safepoint    ] Safepoint "Cleanup", Time since last: 1003986814 ns, Reaching safepoint: 402294 ns, At safepoint: 9865 ns, Total: 412159 ns
[2021-11-03T03:47:10.863+0000][7][safepoint    ] Safepoint "Cleanup", Time since last: 1003203840 ns, Reaching safepoint: 339617 ns, At safepoint: 6562 ns, Total: 346179 ns
[2021-11-03T03:47:11.866+0000][7][safepoint    ] Safepoint "Cleanup", Time since last: 1002182630 ns, Reaching safepoint: 171356 ns, At safepoint: 6447 ns, Total: 177803 ns
[2021-11-03T03:47:12.868+0000][7][safepoint    ] Safepoint "Cleanup", Time since last: 1002491044 ns, Reaching safepoint: 172954 ns, At safepoint: 6180 ns, Total: 179134 ns
[2021-11-03T03:47:13.870+0000][7][safepoint    ] Safepoint "Cleanup", Time since last: 1001774380 ns, Reaching safepoint: 176754 ns, At safepoint: 6371 ns, Total: 183125 ns
[2021-11-03T03:47:14.873+0000][7][safepoint    ] Safepoint "Cleanup", Time since last: 1002533671 ns, Reaching safepoint: 169815 ns, At safepoint: 6046 ns, Total: 175861 ns
[2021-11-03T03:47:15.882+0000][7][safepoint    ] Safepoint "Cleanup", Time since last: 1008977630 ns, Reaching safepoint: 306919 ns, At safepoint: 6184 ns, Total: 313103 ns
[2021-11-03T03:47:16.892+0000][7][safepoint    ] Safepoint "Cleanup", Time since last: 1009576818 ns, Reaching safepoint: 154601 ns, At safepoint: 5865 ns, Total: 160466 ns
[2021-11-03T03:47:17.900+0000][7][safepoint    ] Safepoint "Cleanup", Time since last: 1007682043 ns, Reaching safepoint: 177241 ns, At safepoint: 6714 ns, Total: 183955 ns
[2021-11-03T03:47:18.908+0000][7][safepoint    ] Safepoint "Cleanup", Time since last: 1008201743 ns, Reaching safepoint: 169001 ns, At safepoint: 6871 ns, Total: 175872 ns
[2021-11-03T03:47:19.911+0000][7][safepoint    ] Safepoint "Cleanup", Time since last: 1002411649 ns, Reaching safepoint: 191590 ns, At safepoint: 8301 ns, Total: 199891 ns
[2021-11-03T03:47:20.916+0000][7][safepoint    ] Safepoint "Cleanup", Time since last: 1004806544 ns, Reaching safepoint: 168365 ns, At safepoint: 5792 ns, Total: 174157 ns
[2021-11-03T03:47:21.918+0000][7][safepoint    ] Safepoint "Cleanup", Time since last: 1002052024 ns, Reaching safepoint: 327732 ns, At safepoint: 7615 ns, Total: 335347 ns
[2021-11-03T03:47:22.927+0000][7][safepoint    ] Safepoint "Cleanup", Time since last: 1007903782 ns, Reaching safepoint: 436878 ns, At safepoint: 18772 ns, Total: 455650 ns
[2021-11-03T03:47:23.938+0000][7][safepoint    ] Safepoint "Cleanup", Time since last: 1010726011 ns, Reaching safepoint: 344858 ns, At safepoint: 5284 ns, Total: 350142 ns
[2021-11-03T03:47:24.941+0000][7][safepoint    ] Safepoint "Cleanup", Time since last: 1002201331 ns, Reaching safepoint: 527742 ns, At safepoint: 8817 ns, Total: 536559 ns
[2021-11-03T03:47:25.944+0000][7][safepoint    ] Safepoint "Cleanup", Time since last: 1002726941 ns, Reaching safepoint: 322177 ns, At safepoint: 13051 ns, Total: 335228 ns
[2021-11-03T03:47:26.956+0000][7][safepoint    ] Safepoint "Cleanup", Time since last: 1011841961 ns, Reaching safepoint: 276121 ns, At safepoint: 10157 ns, Total: 286278 ns
[2021-11-03T03:47:27.964+0000][7][safepoint    ] Safepoint "Cleanup", Time since last: 1007403955 ns, Reaching safepoint: 446151 ns, At safepoint: 8968 ns, Total: 455119 ns
[2021-11-03T03:47:28.967+0000][7][safepoint    ] Safepoint "Cleanup", Time since last: 1002584673 ns, Reaching safepoint: 365406 ns, At safepoint: 11330 ns, Total: 376736 ns
[2021-11-03T03:47:29.971+0000][7][safepoint    ] Safepoint "Cleanup", Time since last: 1004056402 ns, Reaching safepoint: 441835 ns, At safepoint: 9418 ns, Total: 451253 ns
[2021-11-03T03:47:30.978+0000][7][safepoint    ] Safepoint "Cleanup", Time since last: 1006860293 ns, Reaching safepoint: 290980 ns, At safepoint: 6760 ns, Total: 297740 ns
[2021-11-03T03:47:31.981+0000][7][safepoint    ] Safepoint "Cleanup", Time since last: 1002373896 ns, Reaching safepoint: 399371 ns, At safepoint: 7975 ns, Total: 407346 ns
[2021-11-03T03:47:32.987+0000][7][safepoint    ] Safepoint "Cleanup", Time since last: 1005746826 ns, Reaching safepoint: 318531 ns, At safepoint: 11903 ns, Total: 330434 ns
[2021-11-03T03:47:33.995+0000][7][safepoint    ] Safepoint "Cleanup", Time since last: 1007356347 ns, Reaching safepoint: 289839 ns, At safepoint: 6807 ns, Total: 296646 ns
[2021-11-03T03:47:35.004+0000][7][safepoint    ] Safepoint "Cleanup", Time since last: 1009122484 ns, Reaching safepoint: 280967 ns, At safepoint: 135800 ns, Total: 416767 ns
[2021-11-03T03:47:35.986+0000][7][safepoint    ] Safepoint "Cleanup", Time since last: 1002628898 ns, Reaching safepoint: 352150 ns, At safepoint: 6671 ns, Total: 358821 ns
[2021-11-03T03:47:36.990+0000][7][safepoint    ] Safepoint "Cleanup", Time since last: 1003826482 ns, Reaching safepoint: 198613 ns, At safepoint: 4560 ns, Total: 203173 ns
[2021-11-03T03:47:37.994+0000][7][safepoint    ] Safepoint "Cleanup", Time since last: 1004003422 ns, Reaching safepoint: 127629 ns, At safepoint: 3536 ns, Total: 131165 ns
[2021-11-03T03:47:38.996+0000][7][safepoint    ] Safepoint "Cleanup", Time since last: 1002160237 ns, Reaching safepoint: 173333 ns, At safepoint: 5871 ns, Total: 179204 ns
[2021-11-03T03:47:40.001+0000][7][safepoint    ] Safepoint "Cleanup", Time since last: 1004048536 ns, Reaching safepoint: 174261 ns, At safepoint: 5876 ns, Total: 180137 ns
[2021-11-03T03:47:41.009+0000][7][safepoint    ] Safepoint "Cleanup", Time since last: 1007941977 ns, Reaching safepoint: 114522 ns, At safepoint: 3870 ns, Total: 118392 ns
[2021-11-03T03:47:42.011+0000][7][safepoint    ] Safepoint "Cleanup", Time since last: 1001939805 ns, Reaching safepoint: 174574 ns, At safepoint: 6914 ns, Total: 181488 ns
[2021-11-03T03:47:43.014+0000][7][safepoint    ] Safepoint "Cleanup", Time since last: 1003134850 ns, Reaching safepoint: 172998 ns, At safepoint: 6459 ns, Total: 179457 ns
[2021-11-03T03:47:44.017+0000][7][safepoint    ] Safepoint "Cleanup", Time since last: 1002724760 ns, Reaching safepoint: 170982 ns, At safepoint: 6205 ns, Total: 177187 ns
[2021-11-03T03:47:45.950+0000][7][safepoint    ] Safepoint "Cleanup", Time since last: 1932579267 ns, Reaching safepoint: 218805 ns, At safepoint: 6464 ns, Total: 225269 ns
[2021-11-03T03:47:46.956+0000][7][safepoint    ] Safepoint "Cleanup", Time since last: 1006289081 ns, Reaching safepoint: 224244 ns, At safepoint: 6224 ns, Total: 230468 ns
[2021-11-03T03:47:47.963+0000][7][safepoint    ] Safepoint "Cleanup", Time since last: 1006110022 ns, Reaching safepoint: 224745 ns, At safepoint: 6089 ns, Total: 230834 ns
[2021-11-03T03:47:48.967+0000][7][safepoint    ] Safepoint "Cleanup", Time since last: 1003595520 ns, Reaching safepoint: 237868 ns, At safepoint: 7069 ns, Total: 244937 ns
[2021-11-03T03:47:49.969+0000][7][safepoint    ] Safepoint "Cleanup", Time since last: 1002672393 ns, Reaching safepoint: 118690 ns, At safepoint: 4051 ns, Total: 122741 ns
[2021-11-03T03:47:50.971+0000][7][safepoint    ] Safepoint "Cleanup", Time since last: 1001653786 ns, Reaching safepoint: 173264 ns, At safepoint: 6617 ns, Total: 179881 ns
[2021-11-03T03:47:51.979+0000][7][safepoint    ] Safepoint "Cleanup", Time since last: 1007390596 ns, Reaching safepoint: 169684 ns, At safepoint: 7032 ns, Total: 176716 ns
[2021-11-03T03:47:52.983+0000][7][safepoint    ] Safepoint "Cleanup", Time since last: 1004431122 ns, Reaching safepoint: 229059 ns, At safepoint: 6880 ns, Total: 235939 ns
[2021-11-03T03:47:53.992+0000][7][safepoint    ] Safepoint "Cleanup", Time since last: 1008743029 ns, Reaching safepoint: 172888 ns, At safepoint: 6491 ns, Total: 179379 ns
[2021-11-03T03:47:54.997+0000][7][safepoint    ] Safepoint "Cleanup", Time since last: 1004320584 ns, Reaching safepoint: 342427 ns, At safepoint: 7727 ns, Total: 350154 ns
[2021-11-03T03:47:56.008+0000][7][safepoint    ] Safepoint "Cleanup", Time since last: 1010701942 ns, Reaching safepoint: 310604 ns, At safepoint: 6869 ns, Total: 317473 ns
[2021-11-03T03:47:57.012+0000][7][safepoint    ] Safepoint "Cleanup", Time since last: 1003584216 ns, Reaching safepoint: 237240 ns, At safepoint: 6705 ns, Total: 243945 ns
[2021-11-03T03:47:58.017+0000][7][safepoint    ] Safepoint "Cleanup", Time since last: 1005040441 ns, Reaching safepoint: 240811 ns, At safepoint: 72603 ns, Total: 313414 ns
[2021-11-03T03:47:59.020+0000][7][safepoint    ] Safepoint "Cleanup", Time since last: 1002682883 ns, Reaching safepoint: 239996 ns, At safepoint: 6522 ns, Total: 246518 ns
[2021-11-03T03:48:00.025+0000][7][safepoint    ] Safepoint "Cleanup", Time since last: 1004711640 ns, Reaching safepoint: 240613 ns, At safepoint: 6050 ns, Total: 246663 ns
[2021-11-03T03:48:01.032+0000][7][safepoint    ] Safepoint "Cleanup", Time since last: 1006948695 ns, Reaching safepoint: 237192 ns, At safepoint: 6522 ns, Total: 243714 ns
[2021-11-03T03:48:02.040+0000][7][safepoint    ] Safepoint "Cleanup", Time since last: 1007018621 ns, Reaching safepoint: 232798 ns, At safepoint: 6568 ns, Total: 239366 ns
[2021-11-03T03:48:03.044+0000][7][safepoint    ] Safepoint "Cleanup", Time since last: 1004177320 ns, Reaching safepoint: 331322 ns, At safepoint: 7491 ns, Total: 338813 ns
[2021-11-03T03:48:04.049+0000][7][safepoint    ] Safepoint "Cleanup", Time since last: 1004924851 ns, Reaching safepoint: 316961 ns, At safepoint: 7455 ns, Total: 324416 ns
[2021-11-03T03:48:05.055+0000][7][safepoint    ] Safepoint "Cleanup", Time since last: 1005638973 ns, Reaching safepoint: 272802 ns, At safepoint: 7648 ns, Total: 280450 ns
[2021-11-03T03:48:06.040+0000][7][safepoint    ] Safepoint "Cleanup", Time since last: 1005015475 ns, Reaching safepoint: 752453 ns, At safepoint: 23705 ns, Total: 776158 ns
[2021-11-03T03:48:07.043+0000][7][safepoint    ] Safepoint "Cleanup", Time since last: 1002342900 ns, Reaching safepoint: 303268 ns, At safepoint: 9903 ns, Total: 313171 ns
[2021-11-03T03:48:08.045+0000][7][safepoint    ] Safepoint "Cleanup", Time since last: 1001891577 ns, Reaching safepoint: 477567 ns, At safepoint: 9196 ns, Total: 486763 ns
[2021-11-03T03:48:09.048+0000][7][safepoint    ] Safepoint "Cleanup", Time since last: 1002001183 ns, Reaching safepoint: 597045 ns, At safepoint: 18962 ns, Total: 616007 ns
[2021-11-03T03:48:10.050+0000][7][safepoint    ] Safepoint "Cleanup", Time since last: 1002123393 ns, Reaching safepoint: 566827 ns, At safepoint: 8196 ns, Total: 575023 ns
[2021-11-03T03:48:11.054+0000][7][safepoint    ] Safepoint "Cleanup", Time since last: 1003640981 ns, Reaching safepoint: 416829 ns, At safepoint: 9366 ns, Total: 426195 ns
[2021-11-03T03:48:12.058+0000][7][safepoint    ] Safepoint "Cleanup", Time since last: 1002931126 ns, Reaching safepoint: 227456 ns, At safepoint: 7696 ns, Total: 235152 ns
[2021-11-03T03:48:13.063+0000][7][safepoint    ] Safepoint "Cleanup", Time since last: 1004988853 ns, Reaching safepoint: 238136 ns, At safepoint: 90283 ns, Total: 328419 ns
[2021-11-03T03:48:14.070+0000][7][safepoint    ] Safepoint "Cleanup", Time since last: 1006545936 ns, Reaching safepoint: 247210 ns, At safepoint: 6463 ns, Total: 253673 ns
[2021-11-03T03:48:15.072+0000][7][safepoint    ] Safepoint "Cleanup", Time since last: 1002540101 ns, Reaching safepoint: 242042 ns, At safepoint: 6743 ns, Total: 248785 ns
[2021-11-03T03:48:16.990+0000][7][safepoint    ] Safepoint "Cleanup", Time since last: 1916613269 ns, Reaching safepoint: 439312 ns, At safepoint: 81396 ns, Total: 520708 ns
[2021-11-03T03:48:17.993+0000][7][safepoint    ] Safepoint "Cleanup", Time since last: 1002613050 ns, Reaching safepoint: 302231 ns, At safepoint: 8500 ns, Total: 310731 ns
[2021-11-03T03:48:18.996+0000][7][safepoint    ] Safepoint "Cleanup", Time since last: 1002822808 ns, Reaching safepoint: 504801 ns, At safepoint: 18873 ns, Total: 523674 ns
[2021-11-03T03:48:19.999+0000][7][safepoint    ] Safepoint "Cleanup", Time since last: 1002795685 ns, Reaching safepoint: 327536 ns, At safepoint: 7066 ns, Total: 334602 ns
[2021-11-03T03:48:21.002+0000][7][safepoint    ] Safepoint "Cleanup", Time since last: 1003124041 ns, Reaching safepoint: 235610 ns, At safepoint: 7046 ns, Total: 242656 ns
[2021-11-03T03:48:22.006+0000][7][safepoint    ] Safepoint "Cleanup", Time since last: 1002974224 ns, Reaching safepoint: 233779 ns, At safepoint: 6565 ns, Total: 240344 ns
[2021-11-03T03:48:23.008+0000][7][safepoint    ] Safepoint "Cleanup", Time since last: 1002159382 ns, Reaching safepoint: 342043 ns, At safepoint: 7853 ns, Total: 349896 ns
[2021-11-03T03:48:24.011+0000][7][safepoint    ] Safepoint "Cleanup", Time since last: 1002761948 ns, Reaching safepoint: 268616 ns, At safepoint: 12302 ns, Total: 280918 ns
[2021-11-03T03:48:25.014+0000][7][safepoint    ] Safepoint "Cleanup", Time since last: 1002170400 ns, Reaching safepoint: 176559 ns, At safepoint: 5969 ns, Total: 182528 ns
[2021-11-03T03:48:26.020+0000][7][safepoint    ] Safepoint "Cleanup", Time since last: 1005923440 ns, Reaching safepoint: 166215 ns, At safepoint: 12335 ns, Total: 178550 ns
[2021-11-03T03:48:27.023+0000][7][safepoint    ] Safepoint "Cleanup", Time since last: 1003490147 ns, Reaching safepoint: 221103 ns, At safepoint: 7071 ns, Total: 228174 ns
[2021-11-03T03:48:28.028+0000][7][safepoint    ] Safepoint "Cleanup", Time since last: 1004812803 ns, Reaching safepoint: 296493 ns, At safepoint: 5798 ns, Total: 302291 ns
[2021-11-03T03:48:29.031+0000][7][safepoint    ] Safepoint "Cleanup", Time since last: 1002603525 ns, Reaching safepoint: 239256 ns, At safepoint: 6418 ns, Total: 245674 ns
[2021-11-03T03:48:30.034+0000][7][safepoint    ] Safepoint "Cleanup", Time since last: 1002848504 ns, Reaching safepoint: 236465 ns, At safepoint: 6900 ns, Total: 243365 ns
[2021-11-03T03:48:31.037+0000][7][safepoint    ] Safepoint "Cleanup", Time since last: 1002320288 ns, Reaching safepoint: 538120 ns, At safepoint: 8673 ns, Total: 546793 ns
[2021-11-03T03:48:32.039+0000][7][safepoint    ] Safepoint "Cleanup", Time since last: 1001626228 ns, Reaching safepoint: 232968 ns, At safepoint: 5995 ns, Total: 238963 ns
[2021-11-03T03:48:33.041+0000][7][safepoint    ] Safepoint "Cleanup", Time since last: 1001923925 ns, Reaching safepoint: 102635 ns, At safepoint: 2388 ns, Total: 105023 ns
[2021-11-03T03:48:34.044+0000][7][safepoint    ] Safepoint "Cleanup", Time since last: 1002436130 ns, Reaching safepoint: 803413 ns, At safepoint: 86302 ns, Total: 889715 ns
[2021-11-03T03:48:35.049+0000][7][safepoint    ] Safepoint "Cleanup", Time since last: 1003674187 ns, Reaching safepoint: 488355 ns, At safepoint: 70092 ns, Total: 558447 ns
[2021-11-03T03:48:36.030+0000][7][safepoint    ] Safepoint "Cleanup", Time since last: 1002557351 ns, Reaching safepoint: 430502 ns, At safepoint: 6444 ns, Total: 436946 ns
[2021-11-03T03:48:37.032+0000][7][safepoint    ] Safepoint "Cleanup", Time since last: 1001957531 ns, Reaching safepoint: 100291 ns, At safepoint: 2614 ns, Total: 102905 ns
[2021-11-03T03:48:38.034+0000][7][safepoint    ] Safepoint "Cleanup", Time since last: 1001579392 ns, Reaching safepoint: 298569 ns, At safepoint: 6816 ns, Total: 305385 ns
[2021-11-03T03:48:39.037+0000][7][safepoint    ] Safepoint "Cleanup", Time since last: 1002732372 ns, Reaching safepoint: 243598 ns, At safepoint: 7255 ns, Total: 250853 ns
[2021-11-03T03:48:40.042+0000][7][safepoint    ] Safepoint "Cleanup", Time since last: 1004432504 ns, Reaching safepoint: 238245 ns, At safepoint: 10937 ns, Total: 249182 ns
[2021-11-03T03:48:41.045+0000][7][safepoint    ] Safepoint "Cleanup", Time since last: 1002427559 ns, Reaching safepoint: 532527 ns, At safepoint: 9576 ns, Total: 542103 ns
[2021-11-03T03:48:42.052+0000][7][safepoint    ] Safepoint "Cleanup", Time since last: 1007169702 ns, Reaching safepoint: 179295 ns, At safepoint: 6208 ns, Total: 185503 ns
[2021-11-03T03:48:43.056+0000][7][safepoint    ] Safepoint "Cleanup", Time since last: 1003575480 ns, Reaching safepoint: 171645 ns, At safepoint: 5753 ns, Total: 177398 ns
[2021-11-03T03:48:44.064+0000][7][safepoint    ] Safepoint "Cleanup", Time since last: 1007697974 ns, Reaching safepoint: 374196 ns, At safepoint: 17635 ns, Total: 391831 ns
[2021-11-03T03:48:45.071+0000][7][safepoint    ] Safepoint "Cleanup", Time since last: 1006337320 ns, Reaching safepoint: 227789 ns, At safepoint: 7756 ns, Total: 235545 ns
[2021-11-03T03:48:47.065+0000][7][safepoint    ] Safepoint "Cleanup", Time since last: 1994116527 ns, Reaching safepoint: 388859 ns, At safepoint: 10228 ns, Total: 399087 ns
[2021-11-03T03:48:48.069+0000][7][safepoint    ] Safepoint "Cleanup", Time since last: 1003606001 ns, Reaching safepoint: 286509 ns, At safepoint: 6271 ns, Total: 292780 ns
[2021-11-03T03:48:49.074+0000][7][safepoint    ] Safepoint "Cleanup", Time since last: 1004297406 ns, Reaching safepoint: 333828 ns, At safepoint: 7485 ns, Total: 341313 ns
[2021-11-03T03:48:50.076+0000][7][safepoint    ] Safepoint "Cleanup", Time since last: 1002474025 ns, Reaching safepoint: 224666 ns, At safepoint: 6002 ns, Total: 230668 ns
[2021-11-03T03:48:51.082+0000][7][safepoint    ] Safepoint "Cleanup", Time since last: 1005710219 ns, Reaching safepoint: 164653 ns, At safepoint: 6324 ns, Total: 170977 ns
[2021-11-03T03:48:52.088+0000][7][safepoint    ] Safepoint "Cleanup", Time since last: 1005478598 ns, Reaching safepoint: 238100 ns, At safepoint: 7031 ns, Total: 245131 ns
[2021-11-03T03:48:53.094+0000][7][safepoint    ] Safepoint "Cleanup", Time since last: 1005240029 ns, Reaching safepoint: 387015 ns, At safepoint: 8878 ns, Total: 395893 ns
[2021-11-03T03:48:54.097+0000][7][safepoint    ] Safepoint "Cleanup", Time since last: 1002797118 ns, Reaching safepoint: 236237 ns, At safepoint: 6400 ns, Total: 242637 ns
[2021-11-03T03:48:55.102+0000][7][safepoint    ] Safepoint "Cleanup", Time since last: 1004984693 ns, Reaching safepoint: 179845 ns, At safepoint: 9465 ns, Total: 189310 ns
[2021-11-03T03:48:56.104+0000][7][safepoint    ] Safepoint "Cleanup", Time since last: 1002151458 ns, Reaching safepoint: 308561 ns, At safepoint: 7106 ns, Total: 315667 ns
[2021-11-03T03:48:57.108+0000][7][safepoint    ] Safepoint "Cleanup", Time since last: 1003378627 ns, Reaching safepoint: 334195 ns, At safepoint: 6125 ns, Total: 340320 ns
[2021-11-03T03:48:58.111+0000][7][safepoint    ] Safepoint "Cleanup", Time since last: 1002223990 ns, Reaching safepoint: 389290 ns, At safepoint: 9227 ns, Total: 398517 ns
[2021-11-03T03:48:59.119+0000][7][safepoint    ] Safepoint "Cleanup", Time since last: 1007696849 ns, Reaching safepoint: 537220 ns, At safepoint: 8759 ns, Total: 545979 ns
[2021-11-03T03:49:00.127+0000][7][safepoint    ] Safepoint "Cleanup", Time since last: 1007931363 ns, Reaching safepoint: 314748 ns, At safepoint: 9040 ns, Total: 323788 ns
[2021-11-03T03:49:01.130+0000][7][safepoint    ] Safepoint "Cleanup", Time since last: 1002563074 ns, Reaching safepoint: 307070 ns, At safepoint: 8138 ns, Total: 315208 ns
[2021-11-03T03:49:02.142+0000][7][safepoint    ] Safepoint "Cleanup", Time since last: 1011244317 ns, Reaching safepoint: 580146 ns, At safepoint: 9020 ns, Total: 589166 ns
[2021-11-03T03:49:03.145+0000][7][safepoint    ] Safepoint "Cleanup", Time since last: 1002418640 ns, Reaching safepoint: 346097 ns, At safepoint: 7949 ns, Total: 354046 ns
[2021-11-03T03:49:04.148+0000][7][safepoint    ] Safepoint "Cleanup", Time since last: 1003022746 ns, Reaching safepoint: 465699 ns, At safepoint: 9976 ns, Total: 475675 ns
[2021-11-03T03:49:05.151+0000][7][safepoint    ] Safepoint "Cleanup", Time since last: 1002523211 ns, Reaching safepoint: 251961 ns, At safepoint: 6345 ns, Total: 258306 ns
[2021-11-03T03:49:06.135+0000][7][safepoint    ] Safepoint "Cleanup", Time since last: 1004963485 ns, Reaching safepoint: 418934 ns, At safepoint: 10485 ns, Total: 429419 ns
[2021-11-03T03:49:07.138+0000][7][safepoint    ] Safepoint "Cleanup", Time since last: 1002158637 ns, Reaching safepoint: 365715 ns, At safepoint: 10504 ns, Total: 376219 ns
[2021-11-03T03:49:08.146+0000][7][safepoint    ] Safepoint "Cleanup", Time since last: 1007970767 ns, Reaching safepoint: 355838 ns, At safepoint: 11792 ns, Total: 367630 ns
[2021-11-03T03:49:09.155+0000][7][safepoint    ] Safepoint "Cleanup", Time since last: 1008133766 ns, Reaching safepoint: 500995 ns, At safepoint: 11992 ns, Total: 512987 ns
[2021-11-03T03:49:10.158+0000][7][safepoint    ] Safepoint "Cleanup", Time since last: 1002950927 ns, Reaching safepoint: 242305 ns, At safepoint: 6506 ns, Total: 248811 ns
[2021-11-03T03:49:11.165+0000][7][safepoint    ] Safepoint "Cleanup", Time since last: 1007042328 ns, Reaching safepoint: 240423 ns, At safepoint: 6641 ns, Total: 247064 ns
[2021-11-03T03:49:12.172+0000][7][safepoint    ] Safepoint "Cleanup", Time since last: 1006638537 ns, Reaching safepoint: 238970 ns, At safepoint: 6184 ns, Total: 245154 ns
[2021-11-03T03:49:13.175+0000][7][safepoint    ] Safepoint "Cleanup", Time since last: 1002429151 ns, Reaching safepoint: 231372 ns, At safepoint: 6175 ns, Total: 237547 ns
[2021-11-03T03:49:14.177+0000][7][safepoint    ] Safepoint "Cleanup", Time since last: 1002623625 ns, Reaching safepoint: 175834 ns, At safepoint: 5771 ns, Total: 181605 ns
[2021-11-03T03:49:15.181+0000][7][safepoint    ] Safepoint "Cleanup", Time since last: 1003550081 ns, Reaching safepoint: 170632 ns, At safepoint: 6369 ns, Total: 177001 ns
[2021-11-03T03:49:16.194+0000][7][safepoint    ] Safepoint "Cleanup", Time since last: 1012370165 ns, Reaching safepoint: 310035 ns, At safepoint: 88315 ns, Total: 398350 ns
[2021-11-03T03:49:17.197+0000][7][safepoint    ] Safepoint "Cleanup", Time since last: 1002926116 ns, Reaching safepoint: 243441 ns, At safepoint: 5839 ns, Total: 249280 ns
[2021-11-03T03:49:18.202+0000][7][safepoint    ] Safepoint "Cleanup", Time since last: 1004341488 ns, Reaching safepoint: 306366 ns, At safepoint: 12108 ns, Total: 318474 ns
[2021-11-03T03:49:19.215+0000][7][safepoint    ] Safepoint "Cleanup", Time since last: 1012584285 ns, Reaching safepoint: 397571 ns, At safepoint: 22528 ns, Total: 420099 ns
[2021-11-03T03:49:20.220+0000][7][safepoint    ] Safepoint "Cleanup", Time since last: 1004835288 ns, Reaching safepoint: 347733 ns, At safepoint: 9144 ns, Total: 356877 ns
[2021-11-03T03:49:21.224+0000][7][safepoint    ] Safepoint "Cleanup", Time since last: 1003432150 ns, Reaching safepoint: 242347 ns, At safepoint: 6751 ns, Total: 249098 ns
[2021-11-03T03:49:22.226+0000][7][safepoint    ] Safepoint "Cleanup", Time since last: 1002515074 ns, Reaching safepoint: 242843 ns, At safepoint: 5818 ns, Total: 248661 ns
[2021-11-03T03:49:23.230+0000][7][safepoint    ] Safepoint "Cleanup", Time since last: 1003846757 ns, Reaching safepoint: 242269 ns, At safepoint: 6889 ns, Total: 249158 ns
[2021-11-03T03:49:24.234+0000][7][safepoint    ] Safepoint "Cleanup", Time since last: 1002936661 ns, Reaching safepoint: 237254 ns, At safepoint: 6554 ns, Total: 243808 ns
[2021-11-03T03:49:25.236+0000][7][safepoint    ] Safepoint "Cleanup", Time since last: 1002174474 ns, Reaching safepoint: 224448 ns, At safepoint: 6020 ns, Total: 230468 ns
[2021-11-03T03:49:26.239+0000][7][safepoint    ] Safepoint "Cleanup", Time since last: 1002784344 ns, Reaching safepoint: 227299 ns, At safepoint: 7024 ns, Total: 234323 ns
[2021-11-03T03:49:27.243+0000][7][safepoint    ] Safepoint "Cleanup", Time since last: 1003975884 ns, Reaching safepoint: 370350 ns, At safepoint: 97650 ns, Total: 468000 ns
[2021-11-03T03:49:28.248+0000][7][safepoint    ] Safepoint "Cleanup", Time since last: 1004348594 ns, Reaching safepoint: 307408 ns, At safepoint: 11668 ns, Total: 319076 ns
[2021-11-03T03:49:29.253+0000][7][safepoint    ] Safepoint "Cleanup", Time since last: 1004974455 ns, Reaching safepoint: 93582 ns, At safepoint: 2558 ns, Total: 96140 ns
[2021-11-03T03:49:30.255+0000][7][safepoint    ] Safepoint "Cleanup", Time since last: 1001770122 ns, Reaching safepoint: 329126 ns, At safepoint: 6870 ns, Total: 335996 ns
[2021-11-03T03:49:31.258+0000][7][safepoint    ] Safepoint "Cleanup", Time since last: 1002119971 ns, Reaching safepoint: 227240 ns, At safepoint: 7120 ns, Total: 234360 ns
[2021-11-03T03:49:33.210+0000][7][safepoint    ] Safepoint "Cleanup", Time since last: 1951847513 ns, Reaching safepoint: 168070 ns, At safepoint: 3834 ns, Total: 171904 ns
[2021-11-03T03:49:34.215+0000][7][safepoint    ] Safepoint "Cleanup", Time since last: 1005521801 ns, Reaching safepoint: 236098 ns, At safepoint: 5882 ns, Total: 241980 ns
[2021-11-03T03:49:35.218+0000][7][safepoint    ] Safepoint "Cleanup", Time since last: 1002771419 ns, Reaching safepoint: 232567 ns, At safepoint: 6155 ns, Total: 238722 ns
[2021-11-03T03:49:36.212+0000][7][safepoint    ] Safepoint "Cleanup", Time since last: 1002497590 ns, Reaching safepoint: 358078 ns, At safepoint: 6920 ns, Total: 364998 ns
[2021-11-03T03:49:37.215+0000][7][safepoint    ] Safepoint "Cleanup", Time since last: 1002969655 ns, Reaching safepoint: 97559 ns, At safepoint: 2605 ns, Total: 100164 ns
[2021-11-03T03:49:38.220+0000][7][safepoint    ] Safepoint "Cleanup", Time since last: 1004908098 ns, Reaching safepoint: 89955 ns, At safepoint: 2843 ns, Total: 92798 ns
[2021-11-03T03:49:39.222+0000][7][safepoint    ] Safepoint "Cleanup", Time since last: 1001694873 ns, Reaching safepoint: 175700 ns, At safepoint: 6177 ns, Total: 181877 ns
[2021-11-03T03:49:40.226+0000][7][safepoint    ] Safepoint "Cleanup", Time since last: 1003251393 ns, Reaching safepoint: 170763 ns, At safepoint: 6775 ns, Total: 177538 ns
[2021-11-03T03:49:41.238+0000][7][safepoint    ] Safepoint "Cleanup", Time since last: 1012399536 ns, Reaching safepoint: 163432 ns, At safepoint: 72626 ns, Total: 236058 ns
[2021-11-03T03:49:42.249+0000][7][safepoint    ] Safepoint "Cleanup", Time since last: 1010746433 ns, Reaching safepoint: 158313 ns, At safepoint: 76027 ns, Total: 234340 ns
[2021-11-03T03:49:43.253+0000][7][safepoint    ] Safepoint "Cleanup", Time since last: 1003721281 ns, Reaching safepoint: 289088 ns, At safepoint: 6335 ns, Total: 295423 ns
[2021-11-03T03:49:44.259+0000][7][safepoint    ] Safepoint "Cleanup", Time since last: 1005807822 ns, Reaching safepoint: 177464 ns, At safepoint: 7870 ns, Total: 185334 ns
[2021-11-03T03:49:45.263+0000][7][safepoint    ] Safepoint "Cleanup", Time since last: 1003928695 ns, Reaching safepoint: 168937 ns, At safepoint: 6640 ns, Total: 175577 ns
[2021-11-03T03:49:46.273+0000][7][safepoint    ] Safepoint "Cleanup", Time since last: 1009089966 ns, Reaching safepoint: 227382 ns, At safepoint: 6514 ns, Total: 233896 ns
[2021-11-03T03:49:47.282+0000][7][safepoint    ] Safepoint "Cleanup", Time since last: 1009093504 ns, Reaching safepoint: 222891 ns, At safepoint: 6635 ns, Total: 229526 ns
[2021-11-03T03:49:48.284+0000][7][safepoint    ] Safepoint "Cleanup", Time since last: 1002228807 ns, Reaching safepoint: 172479 ns, At safepoint: 5766 ns, Total: 178245 ns
[2021-11-03T03:49:49.287+0000][7][safepoint    ] Safepoint "Cleanup", Time since last: 1002472821 ns, Reaching safepoint: 417764 ns, At safepoint: 6573 ns, Total: 424337 ns
[2021-11-03T03:49:50.290+0000][7][safepoint    ] Safepoint "Cleanup", Time since last: 1003007523 ns, Reaching safepoint: 168323 ns, At safepoint: 6346 ns, Total: 174669 ns
[2021-11-03T03:49:51.294+0000][7][safepoint    ] Safepoint "Cleanup", Time since last: 1003662788 ns, Reaching safepoint: 174128 ns, At safepoint: 7141 ns, Total: 181269 ns
[2021-11-03T03:49:52.298+0000][7][safepoint    ] Safepoint "Cleanup", Time since last: 1003595031 ns, Reaching safepoint: 369286 ns, At safepoint: 7386 ns, Total: 376672 ns
[2021-11-03T03:49:53.304+0000][7][safepoint    ] Safepoint "Cleanup", Time since last: 1005961007 ns, Reaching safepoint: 177386 ns, At safepoint: 6447 ns, Total: 183833 ns
[2021-11-03T03:49:54.310+0000][7][safepoint    ] Safepoint "Cleanup", Time since last: 1005036119 ns, Reaching safepoint: 174405 ns, At safepoint: 6327 ns, Total: 180732 ns
[2021-11-03T03:49:55.317+0000][7][safepoint    ] Safepoint "Cleanup", Time since last: 1007655235 ns, Reaching safepoint: 169333 ns, At safepoint: 6676 ns, Total: 176009 ns
[2021-11-03T03:49:56.319+0000][7][safepoint    ] Safepoint "Cleanup", Time since last: 1001649571 ns, Reaching safepoint: 163836 ns, At safepoint: 6325 ns, Total: 170161 ns
[2021-11-03T03:49:57.330+0000][7][safepoint    ] Safepoint "Cleanup", Time since last: 1010421247 ns, Reaching safepoint: 178342 ns, At safepoint: 6885 ns, Total: 185227 ns
[2021-11-03T03:49:58.333+0000][7][safepoint    ] Safepoint "Cleanup", Time since last: 1003423520 ns, Reaching safepoint: 173898 ns, At safepoint: 6449 ns, Total: 180347 ns
[2021-11-03T03:49:59.337+0000][7][safepoint    ] Safepoint "Cleanup", Time since last: 1003250021 ns, Reaching safepoint: 179635 ns, At safepoint: 7359 ns, Total: 186994 ns
[2021-11-03T03:50:00.340+0000][7][safepoint    ] Safepoint "Cleanup", Time since last: 1002631699 ns, Reaching safepoint: 239227 ns, At safepoint: 7416 ns, Total: 246643 ns
[2021-11-03T03:50:01.343+0000][7][safepoint    ] Safepoint "Cleanup", Time since last: 1003168046 ns, Reaching safepoint: 290775 ns, At safepoint: 6576 ns, Total: 297351 ns
[2021-11-03T03:50:02.352+0000][7][safepoint    ] Safepoint "Cleanup", Time since last: 1008188949 ns, Reaching safepoint: 562166 ns, At safepoint: 9524 ns, Total: 571690 ns
[2021-11-03T03:50:03.359+0000][7][safepoint    ] Safepoint "Cleanup", Time since last: 1006115957 ns, Reaching safepoint: 427326 ns, At safepoint: 9494 ns, Total: 436820 ns
[2021-11-03T03:50:04.362+0000][7][safepoint    ] Safepoint "Cleanup", Time since last: 1002544840 ns, Reaching safepoint: 565863 ns, At safepoint: 18867 ns, Total: 584730 ns
[2021-11-03T03:50:05.366+0000][7][safepoint    ] Safepoint "Cleanup", Time since last: 1003657078 ns, Reaching safepoint: 578582 ns, At safepoint: 23153 ns, Total: 601735 ns
[2021-11-03T03:50:06.354+0000][7][safepoint    ] Safepoint "Cleanup", Time since last: 1002745636 ns, Reaching safepoint: 439969 ns, At safepoint: 11408 ns, Total: 451377 ns
[2021-11-03T03:50:07.357+0000][7][safepoint    ] Safepoint "Cleanup", Time since last: 1003187144 ns, Reaching safepoint: 299172 ns, At safepoint: 7911 ns, Total: 307083 ns
[2021-11-03T03:50:08.362+0000][7][safepoint    ] Safepoint "Cleanup", Time since last: 1003615667 ns, Reaching safepoint: 475732 ns, At safepoint: 9488 ns, Total: 485220 ns
[2021-11-03T03:50:09.365+0000][7][safepoint    ] Safepoint "Cleanup", Time since last: 1002713656 ns, Reaching safepoint: 406241 ns, At safepoint: 12021 ns, Total: 418262 ns
[2021-11-03T03:50:10.373+0000][7][safepoint    ] Safepoint "Cleanup", Time since last: 1007840155 ns, Reaching safepoint: 638601 ns, At safepoint: 20253 ns, Total: 658854 ns
[2021-11-03T03:50:11.377+0000][7][safepoint    ] Safepoint "Cleanup", Time since last: 1003193747 ns, Reaching safepoint: 172410 ns, At safepoint: 5894 ns, Total: 178304 ns
[2021-11-03T03:50:12.383+0000][7][safepoint    ] Safepoint "Cleanup", Time since last: 1005860173 ns, Reaching safepoint: 169612 ns, At safepoint: 7547 ns, Total: 177159 ns
[2021-11-03T03:50:13.385+0000][7][safepoint    ] Safepoint "Cleanup", Time since last: 1002425076 ns, Reaching safepoint: 171592 ns, At safepoint: 6069 ns, Total: 177661 ns
[2021-11-03T03:50:14.393+0000][7][safepoint    ] Safepoint "Cleanup", Time since last: 1007386425 ns, Reaching safepoint: 694125 ns, At safepoint: 22290 ns, Total: 716415 ns
[2021-11-03T03:50:15.813+0000][7][safepoint    ] Safepoint "Cleanup", Time since last: 1419731173 ns, Reaching safepoint: 299664 ns, At safepoint: 8289 ns, Total: 307953 ns
[2021-11-03T03:50:16.819+0000][7][safepoint    ] Safepoint "Cleanup", Time since last: 1005756428 ns, Reaching safepoint: 186053 ns, At safepoint: 6806 ns, Total: 192859 ns
[2021-11-03T03:50:17.829+0000][7][safepoint    ] Safepoint "Cleanup", Time since last: 1009147023 ns, Reaching safepoint: 165502 ns, At safepoint: 5676 ns, Total: 171178 ns
[2021-11-03T03:50:18.835+0000][7][safepoint    ] Safepoint "Cleanup", Time since last: 1005592737 ns, Reaching safepoint: 403272 ns, At safepoint: 9692 ns, Total: 412964 ns
[2021-11-03T03:50:19.844+0000][7][safepoint    ] Safepoint "Cleanup", Time since last: 1009208305 ns, Reaching safepoint: 229733 ns, At safepoint: 6466 ns, Total: 236199 ns
[2021-11-03T03:50:20.851+0000][7][safepoint    ] Safepoint "Cleanup", Time since last: 1006865261 ns, Reaching safepoint: 434916 ns, At safepoint: 12853 ns, Total: 447769 ns
[2021-11-03T03:50:21.854+0000][7][safepoint    ] Safepoint "Cleanup", Time since last: 1002157683 ns, Reaching safepoint: 175804 ns, At safepoint: 6290 ns, Total: 182094 ns
[2021-11-03T03:50:22.859+0000][7][safepoint    ] Safepoint "Cleanup", Time since last: 1005013620 ns, Reaching safepoint: 339142 ns, At safepoint: 5529 ns, Total: 344671 ns
[2021-11-03T03:50:23.862+0000][7][safepoint    ] Safepoint "Cleanup", Time since last: 1002400469 ns, Reaching safepoint: 171713 ns, At safepoint: 5860 ns, Total: 177573 ns
[2021-11-03T03:50:24.866+0000][7][safepoint    ] Safepoint "Cleanup", Time since last: 1004411259 ns, Reaching safepoint: 164837 ns, At safepoint: 6605 ns, Total: 171442 ns
[2021-11-03T03:50:25.870+0000][7][safepoint    ] Safepoint "Cleanup", Time since last: 1003700163 ns, Reaching safepoint: 400120 ns, At safepoint: 10084 ns, Total: 410204 ns
[2021-11-03T03:50:26.877+0000][7][safepoint    ] Safepoint "Cleanup", Time since last: 1006115918 ns, Reaching safepoint: 173400 ns, At safepoint: 6545 ns, Total: 179945 ns
[2021-11-03T03:50:27.880+0000][7][safepoint    ] Safepoint "Cleanup", Time since last: 1003075553 ns, Reaching safepoint: 255852 ns, At safepoint: 5460 ns, Total: 261312 ns
[2021-11-03T03:50:28.883+0000][7][safepoint    ] Safepoint "Cleanup", Time since last: 1002901971 ns, Reaching safepoint: 163731 ns, At safepoint: 6360 ns, Total: 170091 ns
[2021-11-03T03:50:29.887+0000][7][safepoint    ] Safepoint "Cleanup", Time since last: 1004012517 ns, Reaching safepoint: 178230 ns, At safepoint: 6821 ns, Total: 185051 ns
[2021-11-03T03:50:30.889+0000][7][safepoint    ] Safepoint "Cleanup", Time since last: 1001991047 ns, Reaching safepoint: 195511 ns, At safepoint: 6673 ns, Total: 202184 ns
[2021-11-03T03:50:31.894+0000][7][safepoint    ] Safepoint "Cleanup", Time since last: 1004699437 ns, Reaching safepoint: 92633 ns, At safepoint: 2972 ns, Total: 95605 ns
[2021-11-03T03:50:32.895+0000][7][safepoint    ] Safepoint "Cleanup", Time since last: 1000996125 ns, Reaching safepoint: 172306 ns, At safepoint: 5254 ns, Total: 177560 ns
[2021-11-03T03:50:34.377+0000][7][safepoint    ] Safepoint "Cleanup", Time since last: 1481087135 ns, Reaching safepoint: 180052 ns, At safepoint: 6680 ns, Total: 186732 ns
[2021-11-03T03:50:35.381+0000][7][safepoint    ] Safepoint "Cleanup", Time since last: 1004262973 ns, Reaching safepoint: 169827 ns, At safepoint: 58181 ns, Total: 228008 ns
[2021-11-03T03:50:36.365+0000][7][safepoint    ] Safepoint "Cleanup", Time since last: 1003727011 ns, Reaching safepoint: 168528 ns, At safepoint: 6030 ns, Total: 174558 ns
[2021-11-03T03:50:37.368+0000][7][safepoint    ] Safepoint "Cleanup", Time since last: 1003285270 ns, Reaching safepoint: 123507 ns, At safepoint: 3652 ns, Total: 127159 ns
[2021-11-03T03:50:38.372+0000][7][safepoint    ] Safepoint "Cleanup", Time since last: 1003554473 ns, Reaching safepoint: 180802 ns, At safepoint: 6434 ns, Total: 187236 ns
[2021-11-03T03:50:39.379+0000][7][safepoint    ] Safepoint "Cleanup", Time since last: 1006917502 ns, Reaching safepoint: 657197 ns, At safepoint: 18880 ns, Total: 676077 ns
[2021-11-03T03:50:40.384+0000][7][safepoint    ] Safepoint "Cleanup", Time since last: 1003750444 ns, Reaching safepoint: 524746 ns, At safepoint: 20681 ns, Total: 545427 ns
[2021-11-03T03:50:41.387+0000][7][safepoint    ] Safepoint "Cleanup", Time since last: 1002368377 ns, Reaching safepoint: 568424 ns, At safepoint: 8261 ns, Total: 576685 ns
[2021-11-03T03:50:42.390+0000][7][safepoint    ] Safepoint "Cleanup", Time since last: 1002719599 ns, Reaching safepoint: 436424 ns, At safepoint: 8788 ns, Total: 445212 ns
[2021-11-03T03:50:43.395+0000][7][safepoint    ] Safepoint "Cleanup", Time since last: 1004223641 ns, Reaching safepoint: 593867 ns, At safepoint: 10009 ns, Total: 603876 ns
[2021-11-03T03:50:44.399+0000][7][safepoint    ] Safepoint "Cleanup", Time since last: 1003892454 ns, Reaching safepoint: 306676 ns, At safepoint: 12296 ns, Total: 318972 ns
[2021-11-03T03:50:45.402+0000][7][safepoint    ] Safepoint "Cleanup", Time since last: 1002401137 ns, Reaching safepoint: 371202 ns, At safepoint: 6611 ns, Total: 377813 ns
[2021-11-03T03:50:46.407+0000][7][safepoint    ] Safepoint "Cleanup", Time since last: 1004915737 ns, Reaching safepoint: 286863 ns, At safepoint: 8592 ns, Total: 295455 ns
[2021-11-03T03:50:47.411+0000][7][safepoint    ] Safepoint "Cleanup", Time since last: 1004037547 ns, Reaching safepoint: 291881 ns, At safepoint: 8158 ns, Total: 300039 ns
[2021-11-03T03:50:48.416+0000][7][safepoint    ] Safepoint "Cleanup", Time since last: 1004267480 ns, Reaching safepoint: 346517 ns, At safepoint: 10667 ns, Total: 357184 ns
[2021-11-03T03:50:49.418+0000][7][safepoint    ] Safepoint "Cleanup", Time since last: 1001533075 ns, Reaching safepoint: 575458 ns, At safepoint: 21286 ns, Total: 596744 ns
[2021-11-03T03:50:50.421+0000][7][safepoint    ] Safepoint "Cleanup", Time since last: 1002489293 ns, Reaching safepoint: 304252 ns, At safepoint: 5695 ns, Total: 309947 ns
[2021-11-03T03:50:51.423+0000][7][safepoint    ] Safepoint "Cleanup", Time since last: 1001995534 ns, Reaching safepoint: 206557 ns, At safepoint: 9909 ns, Total: 216466 ns
[2021-11-03T03:50:52.425+0000][7][safepoint    ] Safepoint "Cleanup", Time since last: 1001413610 ns, Reaching safepoint: 524908 ns, At safepoint: 25216 ns, Total: 550124 ns
[2021-11-03T03:50:53.433+0000][7][safepoint    ] Safepoint "Cleanup", Time since last: 1007194758 ns, Reaching safepoint: 572547 ns, At safepoint: 20966 ns, Total: 593513 ns
[2021-11-03T03:50:54.436+0000][7][safepoint    ] Safepoint "Cleanup", Time since last: 1002532391 ns, Reaching safepoint: 300109 ns, At safepoint: 5963 ns, Total: 306072 ns
[2021-11-03T03:50:55.439+0000][7][safepoint    ] Safepoint "Cleanup", Time since last: 1002607297 ns, Reaching safepoint: 409653 ns, At safepoint: 10880 ns, Total: 420533 ns
[2021-11-03T03:50:56.444+0000][7][safepoint    ] Safepoint "Cleanup", Time since last: 1004790181 ns, Reaching safepoint: 421868 ns, At safepoint: 10771 ns, Total: 432639 ns
[2021-11-03T03:50:57.451+0000][7][safepoint    ] Safepoint "Cleanup", Time since last: 1006930780 ns, Reaching safepoint: 176707 ns, At safepoint: 6238 ns, Total: 182945 ns
[2021-11-03T03:50:58.456+0000][7][safepoint    ] Safepoint "Cleanup", Time since last: 1004300830 ns, Reaching safepoint: 334423 ns, At safepoint: 6745 ns, Total: 341168 ns
[2021-11-03T03:50:59.458+0000][7][safepoint    ] Safepoint "Cleanup", Time since last: 1002119960 ns, Reaching safepoint: 166404 ns, At safepoint: 5829 ns, Total: 172233 ns
[2021-11-03T03:51:00.462+0000][7][safepoint    ] Safepoint "Cleanup", Time since last: 1003811281 ns, Reaching safepoint: 168217 ns, At safepoint: 6437 ns, Total: 174654 ns
[2021-11-03T03:51:01.470+0000][7][safepoint    ] Safepoint "Cleanup", Time since last: 1007934942 ns, Reaching safepoint: 170122 ns, At safepoint: 6072 ns, Total: 176194 ns
[2021-11-03T03:51:02.473+0000][7][safepoint    ] Safepoint "Cleanup", Time since last: 1002245116 ns, Reaching safepoint: 345388 ns, At safepoint: 7245 ns, Total: 352633 ns
[2021-11-03T03:51:04.439+0000][7][safepoint    ] Safepoint "Cleanup", Time since last: 1966212685 ns, Reaching safepoint: 428974 ns, At safepoint: 10752 ns, Total: 439726 ns
[2021-11-03T03:51:05.443+0000][7][safepoint    ] Safepoint "Cleanup", Time since last: 1003216099 ns, Reaching safepoint: 169798 ns, At safepoint: 6027 ns, Total: 175825 ns
[2021-11-03T03:51:06.424+0000][7][safepoint    ] Safepoint "Cleanup", Time since last: 1002342227 ns, Reaching safepoint: 168270 ns, At safepoint: 6025 ns, Total: 174295 ns
[2021-11-03T03:51:07.429+0000][7][safepoint    ] Safepoint "Cleanup", Time since last: 1004298785 ns, Reaching safepoint: 176429 ns, At safepoint: 6696 ns, Total: 183125 ns
[2021-11-03T03:51:08.432+0000][7][safepoint    ] Safepoint "Cleanup", Time since last: 1002994631 ns, Reaching safepoint: 123922 ns, At safepoint: 3271 ns, Total: 127193 ns
[2021-11-03T03:51:09.433+0000][7][safepoint    ] Safepoint "Cleanup", Time since last: 1001207802 ns, Reaching safepoint: 232751 ns, At safepoint: 5727 ns, Total: 238478 ns
[2021-11-03T03:51:10.436+0000][7][safepoint    ] Safepoint "Cleanup", Time since last: 1002478672 ns, Reaching safepoint: 232223 ns, At safepoint: 7454 ns, Total: 239677 ns
[2021-11-03T03:51:11.438+0000][7][safepoint    ] Safepoint "Cleanup", Time since last: 1001783447 ns, Reaching safepoint: 166207 ns, At safepoint: 6561 ns, Total: 172768 ns
[2021-11-03T03:51:12.441+0000][7][safepoint    ] Safepoint "Cleanup", Time since last: 1002469858 ns, Reaching safepoint: 279382 ns, At safepoint: 6282 ns, Total: 285664 ns
[2021-11-03T03:51:13.445+0000][7][safepoint    ] Safepoint "Cleanup", Time since last: 1003307388 ns, Reaching safepoint: 407184 ns, At safepoint: 9764 ns, Total: 416948 ns
[2021-11-03T03:51:14.448+0000][7][safepoint    ] Safepoint "Cleanup", Time since last: 1003573013 ns, Reaching safepoint: 233290 ns, At safepoint: 6405 ns, Total: 239695 ns
[2021-11-03T03:51:15.451+0000][7][safepoint    ] Safepoint "Cleanup", Time since last: 1002078564 ns, Reaching safepoint: 343941 ns, At safepoint: 71305 ns, Total: 415246 ns
[2021-11-03T03:51:16.453+0000][7][safepoint    ] Safepoint "Cleanup", Time since last: 1002292792 ns, Reaching safepoint: 222048 ns, At safepoint: 6585 ns, Total: 228633 ns
[2021-11-03T03:51:17.455+0000][7][safepoint    ] Safepoint "Cleanup", Time since last: 1001788297 ns, Reaching safepoint: 239533 ns, At safepoint: 7224 ns, Total: 246757 ns
[2021-11-03T03:51:18.458+0000][7][safepoint    ] Safepoint "Cleanup", Time since last: 1002431717 ns, Reaching safepoint: 490592 ns, At safepoint: 74536 ns, Total: 565128 ns
[2021-11-03T03:51:19.465+0000][7][safepoint    ] Safepoint "Cleanup", Time since last: 1006112618 ns, Reaching safepoint: 238906 ns, At safepoint: 26775 ns, Total: 265681 ns
[2021-11-03T03:51:20.471+0000][7][safepoint    ] Safepoint "Cleanup", Time since last: 1005594034 ns, Reaching safepoint: 422027 ns, At safepoint: 75045 ns, Total: 497072 ns
[2021-11-03T03:51:21.476+0000][7][safepoint    ] Safepoint "Cleanup", Time since last: 1004414860 ns, Reaching safepoint: 234771 ns, At safepoint: 7258 ns, Total: 242029 ns
[2021-11-03T03:51:22.479+0000][7][safepoint    ] Safepoint "Cleanup", Time since last: 1003298711 ns, Reaching safepoint: 171971 ns, At safepoint: 11517 ns, Total: 183488 ns
[2021-11-03T03:51:23.482+0000][7][safepoint    ] Safepoint "Cleanup", Time since last: 1002507849 ns, Reaching safepoint: 321097 ns, At safepoint: 6695 ns, Total: 327792 ns
[2021-11-03T03:51:24.484+0000][7][safepoint    ] Safepoint "Cleanup", Time since last: 1002260826 ns, Reaching safepoint: 172107 ns, At safepoint: 6495 ns, Total: 178602 ns
[2021-11-03T03:51:25.488+0000][7][safepoint    ] Safepoint "Cleanup", Time since last: 1003238494 ns, Reaching safepoint: 257485 ns, At safepoint: 6760 ns, Total: 264245 ns
[2021-11-03T03:51:26.491+0000][7][safepoint    ] Safepoint "Cleanup", Time since last: 1002815455 ns, Reaching safepoint: 171306 ns, At safepoint: 6427 ns, Total: 177733 ns
[2021-11-03T03:51:27.495+0000][7][safepoint    ] Safepoint "Cleanup", Time since last: 1003892111 ns, Reaching safepoint: 405407 ns, At safepoint: 9023 ns, Total: 414430 ns
[2021-11-03T03:51:28.498+0000][7][safepoint    ] Safepoint "Cleanup", Time since last: 1002930124 ns, Reaching safepoint: 193453 ns, At safepoint: 7058 ns, Total: 200511 ns
[2021-11-03T03:51:29.500+0000][7][safepoint    ] Safepoint "Cleanup", Time since last: 1002048145 ns, Reaching safepoint: 223303 ns, At safepoint: 6364 ns, Total: 229667 ns
[2021-11-03T03:51:30.505+0000][7][safepoint    ] Safepoint "Cleanup", Time since last: 1003889662 ns, Reaching safepoint: 244592 ns, At safepoint: 7470 ns, Total: 252062 ns
[2021-11-03T03:51:31.508+0000][7][safepoint    ] Safepoint "Cleanup", Time since last: 1002573668 ns, Reaching safepoint: 536998 ns, At safepoint: 11133 ns, Total: 548131 ns
[2021-11-03T03:51:32.513+0000][7][safepoint    ] Safepoint "Cleanup", Time since last: 1005253961 ns, Reaching safepoint: 220918 ns, At safepoint: 6333 ns, Total: 227251 ns
[2021-11-03T03:51:33.517+0000][7][safepoint    ] Safepoint "Cleanup", Time since last: 1003968680 ns, Reaching safepoint: 239824 ns, At safepoint: 6192 ns, Total: 246016 ns
[2021-11-03T03:51:34.521+0000][7][safepoint    ] Safepoint "Cleanup", Time since last: 1003247826 ns, Reaching safepoint: 183158 ns, At safepoint: 6049 ns, Total: 189207 ns
[2021-11-03T03:51:35.526+0000][7][safepoint    ] Safepoint "Cleanup", Time since last: 1005334916 ns, Reaching safepoint: 220300 ns, At safepoint: 5472 ns, Total: 225772 ns
[2021-11-03T03:51:36.508+0000][7][safepoint    ] Safepoint "Cleanup", Time since last: 1002983302 ns, Reaching safepoint: 163286 ns, At safepoint: 6897 ns, Total: 170183 ns
[2021-11-03T03:51:37.511+0000][7][safepoint    ] Safepoint "Cleanup", Time since last: 1002076711 ns, Reaching safepoint: 111875 ns, At safepoint: 3207 ns, Total: 115082 ns
[2021-11-03T03:51:38.512+0000][7][safepoint    ] Safepoint "Cleanup", Time since last: 1001228414 ns, Reaching safepoint: 145493 ns, At safepoint: 4478 ns, Total: 149971 ns
[2021-11-03T03:51:39.514+0000][7][safepoint    ] Safepoint "Cleanup", Time since last: 1001847987 ns, Reaching safepoint: 384346 ns, At safepoint: 9071 ns, Total: 393417 ns
[2021-11-03T03:51:40.517+0000][7][safepoint    ] Safepoint "Cleanup", Time since last: 1002553766 ns, Reaching safepoint: 164315 ns, At safepoint: 5954 ns, Total: 170269 ns
[2021-11-03T03:51:41.521+0000][7][safepoint    ] Safepoint "Cleanup", Time since last: 1003027191 ns, Reaching safepoint: 609828 ns, At safepoint: 11546 ns, Total: 621374 ns
[2021-11-03T03:51:42.523+0000][7][safepoint    ] Safepoint "Cleanup", Time since last: 1002435852 ns, Reaching safepoint: 231185 ns, At safepoint: 6818 ns, Total: 238003 ns
[2021-11-03T03:51:43.526+0000][7][safepoint    ] Safepoint "Cleanup", Time since last: 1002034105 ns, Reaching safepoint: 514333 ns, At safepoint: 11659 ns, Total: 525992 ns
[2021-11-03T03:51:44.528+0000][7][safepoint    ] Safepoint "Cleanup", Time since last: 1001810882 ns, Reaching safepoint: 344984 ns, At safepoint: 76820 ns, Total: 421804 ns
[2021-11-03T03:51:45.531+0000][7][safepoint    ] Safepoint "Cleanup", Time since last: 1002489808 ns, Reaching safepoint: 282371 ns, At safepoint: 6499 ns, Total: 288870 ns
[2021-11-03T03:51:46.538+0000][7][safepoint    ] Safepoint "Cleanup", Time since last: 1007137762 ns, Reaching safepoint: 410735 ns, At safepoint: 11540 ns, Total: 422275 ns
[2021-11-03T03:51:47.543+0000][7][safepoint    ] Safepoint "Cleanup", Time since last: 1004189661 ns, Reaching safepoint: 459189 ns, At safepoint: 11096 ns, Total: 470285 ns
[2021-11-03T03:51:48.547+0000][7][safepoint    ] Safepoint "Cleanup", Time since last: 1002968063 ns, Reaching safepoint: 557459 ns, At safepoint: 12556 ns, Total: 570015 ns
[2021-11-03T03:51:49.549+0000][7][safepoint    ] Safepoint "Cleanup", Time since last: 1002202393 ns, Reaching safepoint: 549069 ns, At safepoint: 9671 ns, Total: 558740 ns
[2021-11-03T03:51:50.558+0000][7][safepoint    ] Safepoint "Cleanup", Time since last: 1008466232 ns, Reaching safepoint: 541864 ns, At safepoint: 92335 ns, Total: 634199 ns
[2021-11-03T03:51:51.561+0000][7][safepoint    ] Safepoint "Cleanup", Time since last: 1002298010 ns, Reaching safepoint: 346447 ns, At safepoint: 6776 ns, Total: 353223 ns
[2021-11-03T03:51:52.564+0000][7][safepoint    ] Safepoint "Cleanup", Time since last: 1002408911 ns, Reaching safepoint: 329366 ns, At safepoint: 13183 ns, Total: 342549 ns
[2021-11-03T03:51:53.568+0000][7][safepoint    ] Safepoint "Cleanup", Time since last: 1003753978 ns, Reaching safepoint: 196570 ns, At safepoint: 74394 ns, Total: 270964 ns
[2021-11-03T03:51:54.571+0000][7][safepoint    ] Safepoint "Cleanup", Time since last: 1003168940 ns, Reaching safepoint: 170646 ns, At safepoint: 5792 ns, Total: 176438 ns
[2021-11-03T03:51:55.574+0000][7][safepoint    ] Safepoint "Cleanup", Time since last: 1002560498 ns, Reaching safepoint: 176587 ns, At safepoint: 5994 ns, Total: 182581 ns
[2021-11-03T03:51:56.577+0000][7][safepoint    ] Safepoint "Cleanup", Time since last: 1002493372 ns, Reaching safepoint: 182939 ns, At safepoint: 6158 ns, Total: 189097 ns
[2021-11-03T03:51:57.580+0000][7][safepoint    ] Safepoint "Cleanup", Time since last: 1002773084 ns, Reaching safepoint: 429308 ns, At safepoint: 10120 ns, Total: 439428 ns
[2021-11-03T03:51:58.585+0000][7][safepoint    ] Safepoint "Cleanup", Time since last: 1004544636 ns, Reaching safepoint: 81469 ns, At safepoint: 2437 ns, Total: 83906 ns
[2021-11-03T03:51:59.589+0000][7][safepoint    ] Safepoint "Cleanup", Time since last: 1003931745 ns, Reaching safepoint: 225273 ns, At safepoint: 7156 ns, Total: 232429 ns
[2021-11-03T03:52:00.596+0000][7][safepoint    ] Safepoint "Cleanup", Time since last: 1006615631 ns, Reaching safepoint: 344380 ns, At safepoint: 7267 ns, Total: 351647 ns
[2021-11-03T03:52:02.198+0000][7][safepoint    ] Safepoint "Cleanup", Time since last: 1601941880 ns, Reaching safepoint: 86850 ns, At safepoint: 2329 ns, Total: 89179 ns
[2021-11-03T03:52:03.202+0000][7][safepoint    ] Safepoint "Cleanup", Time since last: 1004293911 ns, Reaching safepoint: 381532 ns, At safepoint: 7530 ns, Total: 389062 ns
[2021-11-03T03:52:04.209+0000][7][safepoint    ] Safepoint "Cleanup", Time since last: 1006369795 ns, Reaching safepoint: 169244 ns, At safepoint: 5984 ns, Total: 175228 ns
[2021-11-03T03:52:05.217+0000][7][safepoint    ] Safepoint "Cleanup", Time since last: 1007563760 ns, Reaching safepoint: 182968 ns, At safepoint: 6307 ns, Total: 189275 ns
[2021-11-03T03:52:06.200+0000][7][safepoint    ] Safepoint "Cleanup", Time since last: 1004124652 ns, Reaching safepoint: 186576 ns, At safepoint: 6203 ns, Total: 192779 ns
[2021-11-03T03:52:07.204+0000][7][safepoint    ] Safepoint "Cleanup", Time since last: 1003664534 ns, Reaching safepoint: 172086 ns, At safepoint: 6521 ns, Total: 178607 ns
[2021-11-03T03:52:08.209+0000][7][safepoint    ] Safepoint "Cleanup", Time since last: 1005188449 ns, Reaching safepoint: 185487 ns, At safepoint: 6539 ns, Total: 192026 ns
[2021-11-03T03:52:09.212+0000][7][safepoint    ] Safepoint "Cleanup", Time since last: 1002243517 ns, Reaching safepoint: 173030 ns, At safepoint: 6610 ns, Total: 179640 ns
[2021-11-03T03:52:10.214+0000][7][safepoint    ] Safepoint "Cleanup", Time since last: 1002433383 ns, Reaching safepoint: 177263 ns, At safepoint: 6536 ns, Total: 183799 ns
[2021-11-03T03:52:11.217+0000][7][safepoint    ] Safepoint "Cleanup", Time since last: 1002936279 ns, Reaching safepoint: 171201 ns, At safepoint: 7078 ns, Total: 178279 ns
[2021-11-03T03:52:12.221+0000][7][safepoint    ] Safepoint "Cleanup", Time since last: 1003437726 ns, Reaching safepoint: 279629 ns, At safepoint: 96301 ns, Total: 375930 ns
[2021-11-03T03:52:13.599+0000][7][safepoint    ] Safepoint "Cleanup", Time since last: 1377650130 ns, Reaching safepoint: 483481 ns, At safepoint: 8798 ns, Total: 492279 ns
[2021-11-03T03:52:14.602+0000][7][safepoint    ] Safepoint "Cleanup", Time since last: 1002182688 ns, Reaching safepoint: 349948 ns, At safepoint: 4377 ns, Total: 354325 ns
[2021-11-03T03:52:15.604+0000][7][safepoint    ] Safepoint "Cleanup", Time since last: 1001466462 ns, Reaching safepoint: 661883 ns, At safepoint: 9340 ns, Total: 671223 ns
[2021-11-03T03:52:16.607+0000][7][safepoint    ] Safepoint "Cleanup", Time since last: 1002479811 ns, Reaching safepoint: 171595 ns, At safepoint: 6556 ns, Total: 178151 ns
[2021-11-03T03:52:17.610+0000][7][safepoint    ] Safepoint "Cleanup", Time since last: 1002671791 ns, Reaching safepoint: 338120 ns, At safepoint: 7266 ns, Total: 345386 ns
[2021-11-03T03:52:18.613+0000][7][safepoint    ] Safepoint "Cleanup", Time since last: 1003274188 ns, Reaching safepoint: 241776 ns, At safepoint: 7130 ns, Total: 248906 ns
[2021-11-03T03:52:19.616+0000][7][safepoint    ] Safepoint "Cleanup", Time since last: 1002580504 ns, Reaching safepoint: 453579 ns, At safepoint: 70988 ns, Total: 524567 ns
[2021-11-03T03:52:20.619+0000][7][safepoint    ] Safepoint "Cleanup", Time since last: 1002765150 ns, Reaching safepoint: 400833 ns, At safepoint: 11551 ns, Total: 412384 ns
[2021-11-03T03:52:21.623+0000][7][safepoint    ] Safepoint "Cleanup", Time since last: 1002896194 ns, Reaching safepoint: 535227 ns, At safepoint: 6257 ns, Total: 541484 ns
[2021-11-03T03:52:22.627+0000][7][safepoint    ] Safepoint "Cleanup", Time since last: 1003388261 ns, Reaching safepoint: 556605 ns, At safepoint: 81813 ns, Total: 638418 ns
[2021-11-03T03:52:23.631+0000][7][safepoint    ] Safepoint "Cleanup", Time since last: 1003332095 ns, Reaching safepoint: 403147 ns, At safepoint: 6749 ns, Total: 409896 ns
[2021-11-03T03:52:24.634+0000][7][safepoint    ] Safepoint "Cleanup", Time since last: 1002988523 ns, Reaching safepoint: 101649 ns, At safepoint: 3051 ns, Total: 104700 ns
[2021-11-03T03:52:25.638+0000][7][safepoint    ] Safepoint "Cleanup", Time since last: 1003654348 ns, Reaching safepoint: 244247 ns, At safepoint: 7567 ns, Total: 251814 ns
[2021-11-03T03:52:26.642+0000][7][safepoint    ] Safepoint "Cleanup", Time since last: 1004124882 ns, Reaching safepoint: 171993 ns, At safepoint: 5906 ns, Total: 177899 ns
[2021-11-03T03:52:27.647+0000][7][safepoint    ] Safepoint "Cleanup", Time since last: 1004962641 ns, Reaching safepoint: 397322 ns, At safepoint: 7763 ns, Total: 405085 ns
[2021-11-03T03:52:28.650+0000][7][safepoint    ] Safepoint "Cleanup", Time since last: 1002030588 ns, Reaching safepoint: 268344 ns, At safepoint: 6542 ns, Total: 274886 ns
[2021-11-03T03:52:30.654+0000][7][safepoint    ] Safepoint "Cleanup", Time since last: 2003296545 ns, Reaching safepoint: 608366 ns, At safepoint: 78857 ns, Total: 687223 ns
[2021-11-03T03:52:31.656+0000][7][safepoint    ] Safepoint "Cleanup", Time since last: 1002335796 ns, Reaching safepoint: 171175 ns, At safepoint: 6614 ns, Total: 177789 ns
[2021-11-03T03:52:32.659+0000][7][safepoint    ] Safepoint "Cleanup", Time since last: 1002313001 ns, Reaching safepoint: 172919 ns, At safepoint: 6163 ns, Total: 179082 ns
[2021-11-03T03:52:33.662+0000][7][safepoint    ] Safepoint "Cleanup", Time since last: 1003243177 ns, Reaching safepoint: 410004 ns, At safepoint: 10391 ns, Total: 420395 ns
[2021-11-03T03:52:34.667+0000][7][safepoint    ] Safepoint "Cleanup", Time since last: 1003886454 ns, Reaching safepoint: 1155024 ns, At safepoint: 10860 ns, Total: 1165884 ns
[2021-11-03T03:52:35.653+0000][7][safepoint    ] Safepoint "Cleanup", Time since last: 1005859104 ns, Reaching safepoint: 616366 ns, At safepoint: 8785 ns, Total: 625151 ns
[2021-11-03T03:52:36.656+0000][7][safepoint    ] Safepoint "Cleanup", Time since last: 1002659600 ns, Reaching safepoint: 451535 ns, At safepoint: 9777 ns, Total: 461312 ns
[2021-11-03T03:52:37.659+0000][7][safepoint    ] Safepoint "Cleanup", Time since last: 1002374266 ns, Reaching safepoint: 532210 ns, At safepoint: 11811 ns, Total: 544021 ns
[2021-11-03T03:52:38.661+0000][7][safepoint    ] Safepoint "Cleanup", Time since last: 1002194204 ns, Reaching safepoint: 169696 ns, At safepoint: 3269 ns, Total: 172965 ns
[2021-11-03T03:52:39.662+0000][7][safepoint    ] Safepoint "Cleanup", Time since last: 1001058935 ns, Reaching safepoint: 206480 ns, At safepoint: 2906 ns, Total: 209386 ns
[2021-11-03T03:52:40.664+0000][7][safepoint    ] Safepoint "Cleanup", Time since last: 1001094117 ns, Reaching safepoint: 272749 ns, At safepoint: 3763 ns, Total: 276512 ns
[2021-11-03T03:52:41.665+0000][7][safepoint    ] Safepoint "Cleanup", Time since last: 1001393877 ns, Reaching safepoint: 160402 ns, At safepoint: 5267 ns, Total: 165669 ns
[2021-11-03T03:52:42.668+0000][7][safepoint    ] Safepoint "Cleanup", Time since last: 1002860300 ns, Reaching safepoint: 138524 ns, At safepoint: 4825 ns, Total: 143349 ns
[2021-11-03T03:52:43.670+0000][7][safepoint    ] Safepoint "Cleanup", Time since last: 1001170986 ns, Reaching safepoint: 306310 ns, At safepoint: 11175 ns, Total: 317485 ns
[2021-11-03T03:52:44.675+0000][7][safepoint    ] Safepoint "Cleanup", Time since last: 1004698604 ns, Reaching safepoint: 316399 ns, At safepoint: 7533 ns, Total: 323932 ns
[2021-11-03T03:52:45.678+0000][7][safepoint    ] Safepoint "Cleanup", Time since last: 1002920628 ns, Reaching safepoint: 391585 ns, At safepoint: 8040 ns, Total: 399625 ns
[2021-11-03T03:52:46.681+0000][7][safepoint    ] Safepoint "Cleanup", Time since last: 1001964795 ns, Reaching safepoint: 228925 ns, At safepoint: 5656 ns, Total: 234581 ns
[2021-11-03T03:52:47.690+0000][7][safepoint    ] Safepoint "Cleanup", Time since last: 1008811963 ns, Reaching safepoint: 403122 ns, At safepoint: 9012 ns, Total: 412134 ns
[2021-11-03T03:52:48.697+0000][7][safepoint    ] Safepoint "Cleanup", Time since last: 1006525113 ns, Reaching safepoint: 216823 ns, At safepoint: 6640 ns, Total: 223463 ns
[2021-11-03T03:52:49.699+0000][7][safepoint    ] Safepoint "Cleanup", Time since last: 1002711713 ns, Reaching safepoint: 257389 ns, At safepoint: 7062 ns, Total: 264451 ns
[2021-11-03T03:52:50.708+0000][7][safepoint    ] Safepoint "Cleanup", Time since last: 1008506555 ns, Reaching safepoint: 180064 ns, At safepoint: 6155 ns, Total: 186219 ns
[2021-11-03T03:52:51.713+0000][7][safepoint    ] Safepoint "Cleanup", Time since last: 1004302550 ns, Reaching safepoint: 284581 ns, At safepoint: 25997 ns, Total: 310578 ns
[2021-11-03T03:52:52.723+0000][7][safepoint    ] Safepoint "Cleanup", Time since last: 1009852722 ns, Reaching safepoint: 306246 ns, At safepoint: 7028 ns, Total: 313274 ns
[2021-11-03T03:52:53.729+0000][7][safepoint    ] Safepoint "Cleanup", Time since last: 1006094535 ns, Reaching safepoint: 182903 ns, At safepoint: 6026 ns, Total: 188929 ns
[2021-11-03T03:52:54.733+0000][7][safepoint    ] Safepoint "Cleanup", Time since last: 1003268998 ns, Reaching safepoint: 393690 ns, At safepoint: 8266 ns, Total: 401956 ns
[2021-11-03T03:52:55.746+0000][7][safepoint    ] Safepoint "Cleanup", Time since last: 1012453940 ns, Reaching safepoint: 472458 ns, At safepoint: 10216 ns, Total: 482674 ns
[2021-11-03T03:52:56.753+0000][7][safepoint    ] Safepoint "Cleanup", Time since last: 1006933069 ns, Reaching safepoint: 266942 ns, At safepoint: 8619 ns, Total: 275561 ns
[2021-11-03T03:52:57.758+0000][7][safepoint    ] Safepoint "Cleanup", Time since last: 1005248969 ns, Reaching safepoint: 170935 ns, At safepoint: 6075 ns, Total: 177010 ns
[2021-11-03T03:52:58.763+0000][7][safepoint    ] Safepoint "Cleanup", Time since last: 1004755566 ns, Reaching safepoint: 182202 ns, At safepoint: 6148 ns, Total: 188350 ns
[2021-11-03T03:52:59.767+0000][7][safepoint    ] Safepoint "Cleanup", Time since last: 1003457303 ns, Reaching safepoint: 97146 ns, At safepoint: 2499 ns, Total: 99645 ns
[2021-11-03T03:53:00.769+0000][7][safepoint    ] Safepoint "Cleanup", Time since last: 1001395093 ns, Reaching safepoint: 296753 ns, At safepoint: 8499 ns, Total: 305252 ns
[2021-11-03T03:53:01.772+0000][7][safepoint    ] Safepoint "Cleanup", Time since last: 1003397035 ns, Reaching safepoint: 188469 ns, At safepoint: 6266 ns, Total: 194735 ns
[2021-11-03T03:53:02.781+0000][7][safepoint    ] Safepoint "Cleanup", Time since last: 1007935812 ns, Reaching safepoint: 489743 ns, At safepoint: 60119 ns, Total: 549862 ns
[2021-11-03T03:53:03.784+0000][7][safepoint    ] Safepoint "Cleanup", Time since last: 1003529401 ns, Reaching safepoint: 173939 ns, At safepoint: 5029 ns, Total: 178968 ns
[2021-11-03T03:53:04.787+0000][7][safepoint    ] Safepoint "Cleanup", Time since last: 1002418157 ns, Reaching safepoint: 195835 ns, At safepoint: 4926 ns, Total: 200761 ns
[2021-11-03T03:53:06.738+0000][7][safepoint    ] Safepoint "Cleanup", Time since last: 1971448767 ns, Reaching safepoint: 96735 ns, At safepoint: 2539 ns, Total: 99274 ns
[2021-11-03T03:53:07.741+0000][7][safepoint    ] Safepoint "Cleanup", Time since last: 1003362045 ns, Reaching safepoint: 248406 ns, At safepoint: 10484 ns, Total: 258890 ns
[2021-11-03T03:53:08.748+0000][7][safepoint    ] Safepoint "Cleanup", Time since last: 1006455732 ns, Reaching safepoint: 209235 ns, At safepoint: 10187 ns, Total: 219422 ns
[2021-11-03T03:53:09.753+0000][7][safepoint    ] Safepoint "Cleanup", Time since last: 1004958310 ns, Reaching safepoint: 325978 ns, At safepoint: 11443 ns, Total: 337421 ns
[2021-11-03T03:53:10.757+0000][7][safepoint    ] Safepoint "Cleanup", Time since last: 1003785264 ns, Reaching safepoint: 309355 ns, At safepoint: 6878 ns, Total: 316233 ns
[2021-11-03T03:53:11.761+0000][7][safepoint    ] Safepoint "Cleanup", Time since last: 1003491736 ns, Reaching safepoint: 182341 ns, At safepoint: 4795 ns, Total: 187136 ns
[2021-11-03T03:53:12.768+0000][7][safepoint    ] Safepoint "Cleanup", Time since last: 1006903669 ns, Reaching safepoint: 242002 ns, At safepoint: 5961 ns, Total: 247963 ns
[2021-11-03T03:53:13.771+0000][7][safepoint    ] Safepoint "Cleanup", Time since last: 1002952132 ns, Reaching safepoint: 241930 ns, At safepoint: 6877 ns, Total: 248807 ns
[2021-11-03T03:53:14.783+0000][7][safepoint    ] Safepoint "Cleanup", Time since last: 1010716190 ns, Reaching safepoint: 462511 ns, At safepoint: 9452 ns, Total: 471963 ns
[2021-11-03T03:53:15.790+0000][7][safepoint    ] Safepoint "Cleanup", Time since last: 1007019326 ns, Reaching safepoint: 447868 ns, At safepoint: 7606 ns, Total: 455474 ns
[2021-11-03T03:53:16.792+0000][7][safepoint    ] Safepoint "Cleanup", Time since last: 1001998884 ns, Reaching safepoint: 269798 ns, At safepoint: 12234 ns, Total: 282032 ns
[2021-11-03T03:53:17.796+0000][7][safepoint    ] Safepoint "Cleanup", Time since last: 1003248186 ns, Reaching safepoint: 419980 ns, At safepoint: 10889 ns, Total: 430869 ns
[2021-11-03T03:53:18.803+0000][7][safepoint    ] Safepoint "Cleanup", Time since last: 1006383310 ns, Reaching safepoint: 300439 ns, At safepoint: 6569 ns, Total: 307008 ns
[2021-11-03T03:53:19.807+0000][7][safepoint    ] Safepoint "Cleanup", Time since last: 1004279292 ns, Reaching safepoint: 106520 ns, At safepoint: 2640 ns, Total: 109160 ns
[2021-11-03T03:53:20.814+0000][7][safepoint    ] Safepoint "Cleanup", Time since last: 1006529514 ns, Reaching safepoint: 601266 ns, At safepoint: 18785 ns, Total: 620051 ns
[2021-11-03T03:53:21.819+0000][7][safepoint    ] Safepoint "Cleanup", Time since last: 1004076074 ns, Reaching safepoint: 364638 ns, At safepoint: 8625 ns, Total: 373263 ns
[2021-11-03T03:53:22.824+0000][7][safepoint    ] Safepoint "Cleanup", Time since last: 1004921547 ns, Reaching safepoint: 107228 ns, At safepoint: 2657 ns, Total: 109885 ns
[2021-11-03T03:53:23.825+0000][7][safepoint    ] Safepoint "Cleanup", Time since last: 1001135961 ns, Reaching safepoint: 275736 ns, At safepoint: 6483 ns, Total: 282219 ns
[2021-11-03T03:53:24.829+0000][7][safepoint    ] Safepoint "Cleanup", Time since last: 1003331095 ns, Reaching safepoint: 329859 ns, At safepoint: 7711 ns, Total: 337570 ns
[2021-11-03T03:53:25.832+0000][7][safepoint    ] Safepoint "Cleanup", Time since last: 1003128443 ns, Reaching safepoint: 415224 ns, At safepoint: 19949 ns, Total: 435173 ns
[2021-11-03T03:53:26.835+0000][7][safepoint    ] Safepoint "Cleanup", Time since last: 1002635647 ns, Reaching safepoint: 376354 ns, At safepoint: 11664 ns, Total: 388018 ns
[2021-11-03T03:53:27.839+0000][7][safepoint    ] Safepoint "Cleanup", Time since last: 1003714226 ns, Reaching safepoint: 236131 ns, At safepoint: 7060 ns, Total: 243191 ns
[2021-11-03T03:53:28.842+0000][7][safepoint    ] Safepoint "Cleanup", Time since last: 1002359001 ns, Reaching safepoint: 92143 ns, At safepoint: 2537 ns, Total: 94680 ns
[2021-11-03T03:53:29.844+0000][7][safepoint    ] Safepoint "Cleanup", Time since last: 1001711843 ns, Reaching safepoint: 136413 ns, At safepoint: 4861 ns, Total: 141274 ns
[2021-11-03T03:53:30.847+0000][7][safepoint    ] Safepoint "Cleanup", Time since last: 1002738396 ns, Reaching safepoint: 389641 ns, At safepoint: 12693 ns, Total: 402334 ns
[2021-11-03T03:53:31.849+0000][7][safepoint    ] Safepoint "Cleanup", Time since last: 1002202564 ns, Reaching safepoint: 335745 ns, At safepoint: 5624 ns, Total: 341369 ns
[2021-11-03T03:53:32.852+0000][7][safepoint    ] Safepoint "Cleanup", Time since last: 1002617879 ns, Reaching safepoint: 474363 ns, At safepoint: 8772 ns, Total: 483135 ns
[2021-11-03T03:53:33.862+0000][7][safepoint    ] Safepoint "Cleanup", Time since last: 1009649468 ns, Reaching safepoint: 371523 ns, At safepoint: 11111 ns, Total: 382634 ns
[2021-11-03T03:53:34.866+0000][7][safepoint    ] Safepoint "Cleanup", Time since last: 1002927728 ns, Reaching safepoint: 308671 ns, At safepoint: 8406 ns, Total: 317077 ns
[2021-11-03T03:53:35.847+0000][7][safepoint    ] Safepoint "Cleanup", Time since last: 1002249779 ns, Reaching safepoint: 430150 ns, At safepoint: 21255 ns, Total: 451405 ns
[2021-11-03T03:53:36.859+0000][7][safepoint    ] Safepoint "Cleanup", Time since last: 1010922132 ns, Reaching safepoint: 731928 ns, At safepoint: 16731 ns, Total: 748659 ns
[2021-11-03T03:53:37.887+0000][7][safepoint    ] Safepoint "Cleanup", Time since last: 1027201828 ns, Reaching safepoint: 451864 ns, At safepoint: 7298 ns, Total: 459162 ns
[2021-11-03T03:53:39.804+0000][7][safepoint    ] Safepoint "Cleanup", Time since last: 1917383248 ns, Reaching safepoint: 308295 ns, At safepoint: 158700 ns, Total: 466995 ns
[2021-11-03T03:53:40.807+0000][7][safepoint    ] Safepoint "Cleanup", Time since last: 1002401098 ns, Reaching safepoint: 241487 ns, At safepoint: 6359 ns, Total: 247846 ns
[2021-11-03T03:53:41.810+0000][7][safepoint    ] Safepoint "Cleanup", Time since last: 1002719463 ns, Reaching safepoint: 106866 ns, At safepoint: 2447 ns, Total: 109313 ns
[2021-11-03T03:53:42.811+0000][7][safepoint    ] Safepoint "Cleanup", Time since last: 1000930372 ns, Reaching safepoint: 224360 ns, At safepoint: 5848 ns, Total: 230208 ns
[2021-11-03T03:53:43.815+0000][7][safepoint    ] Safepoint "Cleanup", Time since last: 1003541828 ns, Reaching safepoint: 244319 ns, At safepoint: 6121 ns, Total: 250440 ns
[2021-11-03T03:53:44.817+0000][7][safepoint    ] Safepoint "Cleanup", Time since last: 1002035376 ns, Reaching safepoint: 95677 ns, At safepoint: 2486 ns, Total: 98163 ns
[2021-11-03T03:53:45.822+0000][7][safepoint    ] Safepoint "Cleanup", Time since last: 1004321715 ns, Reaching safepoint: 351837 ns, At safepoint: 13415 ns, Total: 365252 ns
[2021-11-03T03:53:46.826+0000][7][safepoint    ] Safepoint "Cleanup", Time since last: 1003633179 ns, Reaching safepoint: 252446 ns, At safepoint: 12285 ns, Total: 264731 ns
[2021-11-03T03:53:47.828+0000][7][safepoint    ] Safepoint "Cleanup", Time since last: 1002109380 ns, Reaching safepoint: 106633 ns, At safepoint: 3369 ns, Total: 110002 ns
[2021-11-03T03:53:48.834+0000][7][safepoint    ] Safepoint "Cleanup", Time since last: 1005263030 ns, Reaching safepoint: 298859 ns, At safepoint: 88223 ns, Total: 387082 ns
[2021-11-03T03:53:49.836+0000][7][safepoint    ] Safepoint "Cleanup", Time since last: 1002361632 ns, Reaching safepoint: 490174 ns, At safepoint: 80512 ns, Total: 570686 ns
[2021-11-03T03:53:50.839+0000][7][safepoint    ] Safepoint "Cleanup", Time since last: 1002370436 ns, Reaching safepoint: 132719 ns, At safepoint: 9507 ns, Total: 142226 ns
[2021-11-03T03:53:51.842+0000][7][safepoint    ] Safepoint "Cleanup", Time since last: 1002315694 ns, Reaching safepoint: 476257 ns, At safepoint: 9259 ns, Total: 485516 ns
[2021-11-03T03:53:52.846+0000][7][safepoint    ] Safepoint "Cleanup", Time since last: 1003205460 ns, Reaching safepoint: 914402 ns, At safepoint: 16922 ns, Total: 931324 ns
[2021-11-03T03:53:53.851+0000][7][safepoint    ] Safepoint "Cleanup", Time since last: 1004901430 ns, Reaching safepoint: 359782 ns, At safepoint: 4609 ns, Total: 364391 ns
[2021-11-03T03:53:54.862+0000][7][safepoint    ] Safepoint "Cleanup", Time since last: 1010912241 ns, Reaching safepoint: 411158 ns, At safepoint: 9083 ns, Total: 420241 ns
[2021-11-03T03:53:55.865+0000][7][safepoint    ] Safepoint "Cleanup", Time since last: 1001967982 ns, Reaching safepoint: 159855 ns, At safepoint: 4943 ns, Total: 164798 ns
[2021-11-03T03:53:56.866+0000][7][safepoint    ] Safepoint "Cleanup", Time since last: 1001123376 ns, Reaching safepoint: 159289 ns, At safepoint: 6073 ns, Total: 165362 ns
[2021-11-03T03:53:57.869+0000][7][safepoint    ] Safepoint "Cleanup", Time since last: 1002994428 ns, Reaching safepoint: 471892 ns, At safepoint: 20020 ns, Total: 491912 ns
[2021-11-03T03:53:58.880+0000][7][safepoint    ] Safepoint "Cleanup", Time since last: 1010706624 ns, Reaching safepoint: 170139 ns, At safepoint: 5516 ns, Total: 175655 ns
[2021-11-03T03:53:59.885+0000][7][safepoint    ] Safepoint "Cleanup", Time since last: 1004045801 ns, Reaching safepoint: 401509 ns, At safepoint: 75079 ns, Total: 476588 ns
[2021-11-03T03:54:00.902+0000][7][safepoint    ] Safepoint "Cleanup", Time since last: 1016738700 ns, Reaching safepoint: 172770 ns, At safepoint: 6632 ns, Total: 179402 ns
[2021-11-03T03:54:01.915+0000][7][safepoint    ] Safepoint "Cleanup", Time since last: 1012956054 ns, Reaching safepoint: 194717 ns, At safepoint: 86139 ns, Total: 280856 ns
[2021-11-03T03:54:02.924+0000][7][safepoint    ] Safepoint "Cleanup", Time since last: 1008808441 ns, Reaching safepoint: 304594 ns, At safepoint: 9762 ns, Total: 314356 ns
[2021-11-03T03:54:03.927+0000][7][safepoint    ] Safepoint "Cleanup", Time since last: 1002733522 ns, Reaching safepoint: 317350 ns, At safepoint: 12386 ns, Total: 329736 ns
[2021-11-03T03:54:04.931+0000][7][safepoint    ] Safepoint "Cleanup", Time since last: 1003532925 ns, Reaching safepoint: 190906 ns, At safepoint: 6636 ns, Total: 197542 ns
[2021-11-03T03:54:05.913+0000][7][safepoint    ] Safepoint "Cleanup", Time since last: 1003637329 ns, Reaching safepoint: 174590 ns, At safepoint: 6432 ns, Total: 181022 ns
[2021-11-03T03:54:06.919+0000][7][safepoint    ] Safepoint "Cleanup", Time since last: 1004592327 ns, Reaching safepoint: 610258 ns, At safepoint: 23016 ns, Total: 633274 ns
[2021-11-03T03:54:07.925+0000][7][safepoint    ] Safepoint "Cleanup", Time since last: 1005923368 ns, Reaching safepoint: 223678 ns, At safepoint: 7081 ns, Total: 230759 ns
[2021-11-03T03:54:08.934+0000][7][safepoint    ] Safepoint "Cleanup", Time since last: 1009122509 ns, Reaching safepoint: 392751 ns, At safepoint: 23494 ns, Total: 416245 ns
[2021-11-03T03:54:09.941+0000][7][safepoint    ] Safepoint "Cleanup", Time since last: 1006096411 ns, Reaching safepoint: 348336 ns, At safepoint: 11123 ns, Total: 359459 ns
[2021-11-03T03:54:10.944+0000][7][safepoint    ] Safepoint "Cleanup", Time since last: 1002534333 ns, Reaching safepoint: 268371 ns, At safepoint: 9183 ns, Total: 277554 ns
[2021-11-03T03:54:11.955+0000][7][safepoint    ] Safepoint "Cleanup", Time since last: 1010679773 ns, Reaching safepoint: 426437 ns, At safepoint: 17545 ns, Total: 443982 ns
[2021-11-03T03:54:12.962+0000][7][safepoint    ] Safepoint "Cleanup", Time since last: 1006983725 ns, Reaching safepoint: 310483 ns, At safepoint: 9612 ns, Total: 320095 ns
[2021-11-03T03:54:13.965+0000][7][safepoint    ] Safepoint "Cleanup", Time since last: 1003112751 ns, Reaching safepoint: 204874 ns, At safepoint: 6995 ns, Total: 211869 ns
[2021-11-03T03:54:14.968+0000][7][safepoint    ] Safepoint "Cleanup", Time since last: 1002001415 ns, Reaching safepoint: 168545 ns, At safepoint: 6185 ns, Total: 174730 ns
[2021-11-03T03:54:15.971+0000][7][safepoint    ] Safepoint "Cleanup", Time since last: 1003174636 ns, Reaching safepoint: 237788 ns, At safepoint: 6672 ns, Total: 244460 ns
[2021-11-03T03:54:16.973+0000][7][safepoint    ] Safepoint "Cleanup", Time since last: 1002197282 ns, Reaching safepoint: 227760 ns, At safepoint: 6397 ns, Total: 234157 ns
[2021-11-03T03:54:17.979+0000][7][safepoint    ] Safepoint "Cleanup", Time since last: 1005577822 ns, Reaching safepoint: 513413 ns, At safepoint: 7069 ns, Total: 520482 ns
[2021-11-03T03:54:18.983+0000][7][safepoint    ] Safepoint "Cleanup", Time since last: 1003045325 ns, Reaching safepoint: 317326 ns, At safepoint: 11596 ns, Total: 328922 ns
[2021-11-03T03:54:19.987+0000][7][safepoint    ] Safepoint "Cleanup", Time since last: 1004485419 ns, Reaching safepoint: 136245 ns, At safepoint: 4552 ns, Total: 140797 ns
[2021-11-03T03:54:20.989+0000][7][safepoint    ] Safepoint "Cleanup", Time since last: 1000918437 ns, Reaching safepoint: 125119 ns, At safepoint: 3491 ns, Total: 128610 ns
[2021-11-03T03:54:21.991+0000][7][safepoint    ] Safepoint "Cleanup", Time since last: 1002798581 ns, Reaching safepoint: 117424 ns, At safepoint: 2480 ns, Total: 119904 ns
[2021-11-03T03:54:22.993+0000][7][safepoint    ] Safepoint "Cleanup", Time since last: 1001797994 ns, Reaching safepoint: 179119 ns, At safepoint: 3915 ns, Total: 183034 ns
[2021-11-03T03:54:23.996+0000][7][safepoint    ] Safepoint "Cleanup", Time since last: 1002044956 ns, Reaching safepoint: 128261 ns, At safepoint: 3715 ns, Total: 131976 ns
[2021-11-03T03:54:25.000+0000][7][safepoint    ] Safepoint "Cleanup", Time since last: 1001690964 ns, Reaching safepoint: 2368110 ns, At safepoint: 6194 ns, Total: 2374304 ns
[2021-11-03T03:54:26.004+0000][7][safepoint    ] Safepoint "Cleanup", Time since last: 1003904082 ns, Reaching safepoint: 206047 ns, At safepoint: 15080 ns, Total: 221127 ns
[2021-11-03T03:54:27.008+0000][7][safepoint    ] Safepoint "Cleanup", Time since last: 1004277769 ns, Reaching safepoint: 125888 ns, At safepoint: 3951 ns, Total: 129839 ns
[2021-11-03T03:54:28.012+0000][7][safepoint    ] Safepoint "Cleanup", Time since last: 1002861209 ns, Reaching safepoint: 578991 ns, At safepoint: 9835 ns, Total: 588826 ns
[2021-11-03T03:54:29.016+0000][7][safepoint    ] Safepoint "Cleanup", Time since last: 1004274416 ns, Reaching safepoint: 392006 ns, At safepoint: 8498 ns, Total: 400504 ns
[2021-11-03T03:54:30.023+0000][7][safepoint    ] Safepoint "Cleanup", Time since last: 1006341354 ns, Reaching safepoint: 243577 ns, At safepoint: 6398 ns, Total: 249975 ns
[2021-11-03T03:54:31.027+0000][7][safepoint    ] Safepoint "Cleanup", Time since last: 1003476511 ns, Reaching safepoint: 347706 ns, At safepoint: 9104 ns, Total: 356810 ns
[2021-11-03T03:54:32.030+0000][7][safepoint    ] Safepoint "Cleanup", Time since last: 1002789418 ns, Reaching safepoint: 207269 ns, At safepoint: 4453 ns, Total: 211722 ns
[2021-11-03T03:54:33.032+0000][7][safepoint    ] Safepoint "Cleanup", Time since last: 1002042110 ns, Reaching safepoint: 233578 ns, At safepoint: 6546 ns, Total: 240124 ns
[2021-11-03T03:54:34.948+0000][7][safepoint    ] Safepoint "Cleanup", Time since last: 1915811814 ns, Reaching safepoint: 396798 ns, At safepoint: 7244 ns, Total: 404042 ns
[2021-11-03T03:54:35.933+0000][7][safepoint    ] Safepoint "Cleanup", Time since last: 1005467044 ns, Reaching safepoint: 250009 ns, At safepoint: 6341 ns, Total: 256350 ns
[2021-11-03T03:54:36.938+0000][7][safepoint    ] Safepoint "Cleanup", Time since last: 1005013834 ns, Reaching safepoint: 139657 ns, At safepoint: 3149 ns, Total: 142806 ns
[2021-11-03T03:54:37.951+0000][7][safepoint    ] Safepoint "Cleanup", Time since last: 1010882674 ns, Reaching safepoint: 1291972 ns, At safepoint: 19747 ns, Total: 1311719 ns
[2021-11-03T03:54:38.955+0000][7][safepoint    ] Safepoint "Cleanup", Time since last: 1004225259 ns, Reaching safepoint: 228384 ns, At safepoint: 4416 ns, Total: 232800 ns
[2021-11-03T03:54:39.958+0000][7][safepoint    ] Safepoint "Cleanup", Time since last: 1002726651 ns, Reaching safepoint: 222853 ns, At safepoint: 3761 ns, Total: 226614 ns
[2021-11-03T03:54:40.961+0000][7][safepoint    ] Safepoint "Cleanup", Time since last: 1002258496 ns, Reaching safepoint: 534241 ns, At safepoint: 13915 ns, Total: 548156 ns
[2021-11-03T03:54:41.965+0000][7][safepoint    ] Safepoint "Cleanup", Time since last: 1004118929 ns, Reaching safepoint: 372364 ns, At safepoint: 4603 ns, Total: 376967 ns
[2021-11-03T03:54:42.967+0000][7][safepoint    ] Safepoint "Cleanup", Time since last: 1001614944 ns, Reaching safepoint: 464849 ns, At safepoint: 15807 ns, Total: 480656 ns
[2021-11-03T03:54:43.974+0000][7][safepoint    ] Safepoint "Cleanup", Time since last: 1005676222 ns, Reaching safepoint: 490349 ns, At safepoint: 11608 ns, Total: 501957 ns
[2021-11-03T03:54:44.980+0000][7][safepoint    ] Safepoint "Cleanup", Time since last: 1005933059 ns, Reaching safepoint: 241637 ns, At safepoint: 7055 ns, Total: 248692 ns
[2021-11-03T03:54:45.982+0000][7][safepoint    ] Safepoint "Cleanup", Time since last: 1002109351 ns, Reaching safepoint: 479679 ns, At safepoint: 17554 ns, Total: 497233 ns
[2021-11-03T03:54:46.987+0000][7][safepoint    ] Safepoint "Cleanup", Time since last: 1004195234 ns, Reaching safepoint: 438383 ns, At safepoint: 19593 ns, Total: 457976 ns
[2021-11-03T03:54:47.999+0000][7][safepoint    ] Safepoint "Cleanup", Time since last: 1011820858 ns, Reaching safepoint: 523019 ns, At safepoint: 15342 ns, Total: 538361 ns
[2021-11-03T03:54:49.009+0000][7][safepoint    ] Safepoint "Cleanup", Time since last: 1008912687 ns, Reaching safepoint: 575880 ns, At safepoint: 10065 ns, Total: 585945 ns
[2021-11-03T03:54:50.022+0000][7][safepoint    ] Safepoint "Cleanup", Time since last: 1012967489 ns, Reaching safepoint: 643087 ns, At safepoint: 23951 ns, Total: 667038 ns
[2021-11-03T03:54:51.030+0000][7][safepoint    ] Safepoint "Cleanup", Time since last: 1007667650 ns, Reaching safepoint: 177600 ns, At safepoint: 7178 ns, Total: 184778 ns
[2021-11-03T03:54:52.036+0000][7][safepoint    ] Safepoint "Cleanup", Time since last: 1005757101 ns, Reaching safepoint: 173725 ns, At safepoint: 5542 ns, Total: 179267 ns
[2021-11-03T03:54:53.039+0000][7][safepoint    ] Safepoint "Cleanup", Time since last: 1002206201 ns, Reaching safepoint: 206992 ns, At safepoint: 6348 ns, Total: 213340 ns
[2021-11-03T03:54:54.043+0000][7][safepoint    ] Safepoint "Cleanup", Time since last: 1004079985 ns, Reaching safepoint: 167820 ns, At safepoint: 6302 ns, Total: 174122 ns
[2021-11-03T03:54:55.049+0000][7][safepoint    ] Safepoint "Cleanup", Time since last: 1005586021 ns, Reaching safepoint: 498262 ns, At safepoint: 19474 ns, Total: 517736 ns
[2021-11-03T03:54:56.055+0000][7][safepoint    ] Safepoint "Cleanup", Time since last: 1003940904 ns, Reaching safepoint: 1716070 ns, At safepoint: 21427 ns, Total: 1737497 ns
[2021-11-03T03:54:57.068+0000][7][safepoint    ] Safepoint "Cleanup", Time since last: 1013058586 ns, Reaching safepoint: 601783 ns, At safepoint: 21472 ns, Total: 623255 ns
[2021-11-03T03:54:58.073+0000][7][safepoint    ] Safepoint "Cleanup", Time since last: 1003815675 ns, Reaching safepoint: 620880 ns, At safepoint: 8886 ns, Total: 629766 ns
[2021-11-03T03:54:59.079+0000][7][safepoint    ] Safepoint "Cleanup", Time since last: 1006003905 ns, Reaching safepoint: 282058 ns, At safepoint: 7928 ns, Total: 289986 ns
[2021-11-03T03:55:00.089+0000][7][safepoint    ] Safepoint "Cleanup", Time since last: 1009719819 ns, Reaching safepoint: 411349 ns, At safepoint: 10740 ns, Total: 422089 ns
[2021-11-03T03:55:01.100+0000][7][safepoint    ] Safepoint "Cleanup", Time since last: 1010021414 ns, Reaching safepoint: 551282 ns, At safepoint: 11246 ns, Total: 562528 ns
[2021-11-03T03:55:02.102+0000][7][safepoint    ] Safepoint "Cleanup", Time since last: 1001792266 ns, Reaching safepoint: 233041 ns, At safepoint: 6125 ns, Total: 239166 ns
[2021-11-03T03:55:03.106+0000][7][safepoint    ] Safepoint "Cleanup", Time since last: 1003564048 ns, Reaching safepoint: 607662 ns, At safepoint: 18565 ns, Total: 626227 ns
[2021-11-03T03:55:04.113+0000][7][safepoint    ] Safepoint "Cleanup", Time since last: 1006629136 ns, Reaching safepoint: 611790 ns, At safepoint: 22204 ns, Total: 633994 ns
[2021-11-03T03:55:05.119+0000][7][safepoint    ] Safepoint "Cleanup", Time since last: 1005657997 ns, Reaching safepoint: 258564 ns, At safepoint: 7732 ns, Total: 266296 ns
[2021-11-03T03:55:06.104+0000][7][safepoint    ] Safepoint "Cleanup", Time since last: 1006488626 ns, Reaching safepoint: 499476 ns, At safepoint: 9617 ns, Total: 509093 ns
[2021-11-03T03:55:07.107+0000][7][safepoint    ] Safepoint "Cleanup", Time since last: 1002371704 ns, Reaching safepoint: 293896 ns, At safepoint: 6224 ns, Total: 300120 ns
[2021-11-03T03:55:08.120+0000][7][safepoint    ] Safepoint "Cleanup", Time since last: 1012253497 ns, Reaching safepoint: 350730 ns, At safepoint: 8200 ns, Total: 358930 ns
[2021-11-03T03:55:09.123+0000][7][safepoint    ] Safepoint "Cleanup", Time since last: 1002792144 ns, Reaching safepoint: 239147 ns, At safepoint: 6457 ns, Total: 245604 ns
[2021-11-03T03:55:10.130+0000][7][safepoint    ] Safepoint "Cleanup", Time since last: 1006544149 ns, Reaching safepoint: 237873 ns, At safepoint: 6173 ns, Total: 244046 ns
[2021-11-03T03:55:11.133+0000][7][safepoint    ] Safepoint "Cleanup", Time since last: 1003130983 ns, Reaching safepoint: 236045 ns, At safepoint: 6394 ns, Total: 242439 ns
[2021-11-03T03:55:12.136+0000][7][safepoint    ] Safepoint "Cleanup", Time since last: 1002849313 ns, Reaching safepoint: 340791 ns, At safepoint: 8755 ns, Total: 349546 ns
[2021-11-03T03:55:13.140+0000][7][safepoint    ] Safepoint "Cleanup", Time since last: 1003198746 ns, Reaching safepoint: 412776 ns, At safepoint: 8198 ns, Total: 420974 ns
[2021-11-03T03:55:14.142+0000][7][safepoint    ] Safepoint "Cleanup", Time since last: 1002248233 ns, Reaching safepoint: 253211 ns, At safepoint: 12785 ns, Total: 265996 ns
[2021-11-03T03:55:15.155+0000][7][safepoint    ] Safepoint "Cleanup", Time since last: 1012729676 ns, Reaching safepoint: 92425 ns, At safepoint: 2631 ns, Total: 95056 ns
[2021-11-03T03:55:16.160+0000][7][safepoint    ] Safepoint "Cleanup", Time since last: 1004512376 ns, Reaching safepoint: 174016 ns, At safepoint: 6516 ns, Total: 180532 ns
[2021-11-03T03:55:17.164+0000][7][safepoint    ] Safepoint "Cleanup", Time since last: 1003441966 ns, Reaching safepoint: 604807 ns, At safepoint: 19039 ns, Total: 623846 ns
[2021-11-03T03:55:18.166+0000][7][safepoint    ] Safepoint "Cleanup", Time since last: 1002099442 ns, Reaching safepoint: 464079 ns, At safepoint: 9970 ns, Total: 474049 ns
[2021-11-03T03:55:19.170+0000][7][safepoint    ] Safepoint "Cleanup", Time since last: 1002946088 ns, Reaching safepoint: 422350 ns, At safepoint: 9752 ns, Total: 432102 ns
[2021-11-03T03:55:20.174+0000][7][safepoint    ] Safepoint "Cleanup", Time since last: 1003490511 ns, Reaching safepoint: 233413 ns, At safepoint: 6284 ns, Total: 239697 ns
[2021-11-03T03:55:21.176+0000][7][safepoint    ] Safepoint "Cleanup", Time since last: 1002641144 ns, Reaching safepoint: 239749 ns, At safepoint: 6949 ns, Total: 246698 ns
[2021-11-03T03:55:22.180+0000][7][safepoint    ] Safepoint "Cleanup", Time since last: 1002877430 ns, Reaching safepoint: 236728 ns, At safepoint: 6453 ns, Total: 243181 ns
[2021-11-03T03:55:23.186+0000][7][safepoint    ] Safepoint "Cleanup", Time since last: 1005858812 ns, Reaching safepoint: 229024 ns, At safepoint: 5327 ns, Total: 234351 ns
[2021-11-03T03:55:24.189+0000][7][safepoint    ] Safepoint "Cleanup", Time since last: 1002635697 ns, Reaching safepoint: 298530 ns, At safepoint: 6489 ns, Total: 305019 ns
[2021-11-03T03:55:25.190+0000][7][safepoint    ] Safepoint "Cleanup", Time since last: 1001677246 ns, Reaching safepoint: 232355 ns, At safepoint: 6316 ns, Total: 238671 ns
[2021-11-03T03:55:26.194+0000][7][safepoint    ] Safepoint "Cleanup", Time since last: 1003243645 ns, Reaching safepoint: 238764 ns, At safepoint: 6608 ns, Total: 245372 ns
[2021-11-03T03:55:27.197+0000][7][safepoint    ] Safepoint "Cleanup", Time since last: 1002457098 ns, Reaching safepoint: 280494 ns, At safepoint: 10412 ns, Total: 290906 ns
[2021-11-03T03:55:28.202+0000][7][safepoint    ] Safepoint "Cleanup", Time since last: 1005017172 ns, Reaching safepoint: 394868 ns, At safepoint: 11314 ns, Total: 406182 ns
[2021-11-03T03:55:29.206+0000][7][safepoint    ] Safepoint "Cleanup", Time since last: 1004022644 ns, Reaching safepoint: 243160 ns, At safepoint: 6160 ns, Total: 249320 ns
[2021-11-03T03:55:30.213+0000][7][safepoint    ] Safepoint "Cleanup", Time since last: 1006330541 ns, Reaching safepoint: 284492 ns, At safepoint: 10922 ns, Total: 295414 ns
[2021-11-03T03:55:31.219+0000][7][safepoint    ] Safepoint "Cleanup", Time since last: 1005248556 ns, Reaching safepoint: 233145 ns, At safepoint: 7033 ns, Total: 240178 ns
[2021-11-03T03:55:32.222+0000][7][safepoint    ] Safepoint "Cleanup", Time since last: 1002797993 ns, Reaching safepoint: 359475 ns, At safepoint: 6985 ns, Total: 366460 ns
[2021-11-03T03:55:33.227+0000][7][safepoint    ] Safepoint "Cleanup", Time since last: 1005447968 ns, Reaching safepoint: 173732 ns, At safepoint: 6504 ns, Total: 180236 ns
[2021-11-03T03:55:34.234+0000][7][safepoint    ] Safepoint "Cleanup", Time since last: 1006913005 ns, Reaching safepoint: 168403 ns, At safepoint: 6423 ns, Total: 174826 ns
[2021-11-03T03:55:35.238+0000][7][safepoint    ] Safepoint "Cleanup", Time since last: 1003734978 ns, Reaching safepoint: 171553 ns, At safepoint: 6803 ns, Total: 178356 ns
[2021-11-03T03:55:36.226+0000][7][safepoint    ] Safepoint "Cleanup", Time since last: 1008184037 ns, Reaching safepoint: 169960 ns, At safepoint: 6126 ns, Total: 176086 ns
[2021-11-03T03:55:37.232+0000][7][safepoint    ] Safepoint "Cleanup", Time since last: 1005748361 ns, Reaching safepoint: 145931 ns, At safepoint: 2917 ns, Total: 148848 ns
[2021-11-03T03:55:38.234+0000][7][safepoint    ] Safepoint "Cleanup", Time since last: 1001365578 ns, Reaching safepoint: 164906 ns, At safepoint: 6105 ns, Total: 171011 ns
[2021-11-03T03:55:39.237+0000][7][safepoint    ] Safepoint "Cleanup", Time since last: 1003213432 ns, Reaching safepoint: 245674 ns, At safepoint: 6774 ns, Total: 252448 ns
[2021-11-03T03:55:40.240+0000][7][safepoint    ] Safepoint "Cleanup", Time since last: 1002570283 ns, Reaching safepoint: 528733 ns, At safepoint: 11035 ns, Total: 539768 ns
[2021-11-03T03:55:41.243+0000][7][safepoint    ] Safepoint "Cleanup", Time since last: 1002561115 ns, Reaching safepoint: 391932 ns, At safepoint: 8611 ns, Total: 400543 ns
[2021-11-03T03:55:42.246+0000][7][safepoint    ] Safepoint "Cleanup", Time since last: 1003086046 ns, Reaching safepoint: 262548 ns, At safepoint: 4995 ns, Total: 267543 ns
[2021-11-03T03:55:43.252+0000][7][safepoint    ] Safepoint "Cleanup", Time since last: 1005299355 ns, Reaching safepoint: 178428 ns, At safepoint: 6239 ns, Total: 184667 ns
[2021-11-03T03:55:44.255+0000][7][safepoint    ] Safepoint "Cleanup", Time since last: 1003084207 ns, Reaching safepoint: 123959 ns, At safepoint: 5154 ns, Total: 129113 ns
[2021-11-03T03:55:45.259+0000][7][safepoint    ] Safepoint "Cleanup", Time since last: 1003426101 ns, Reaching safepoint: 739707 ns, At safepoint: 14046 ns, Total: 753753 ns
[2021-11-03T03:55:46.265+0000][7][safepoint    ] Safepoint "Cleanup", Time since last: 1005363428 ns, Reaching safepoint: 335818 ns, At safepoint: 88330 ns, Total: 424148 ns
[2021-11-03T03:55:47.267+0000][7][safepoint    ] Safepoint "Cleanup", Time since last: 1001964503 ns, Reaching safepoint: 222783 ns, At safepoint: 4108 ns, Total: 226891 ns
[2021-11-03T03:55:48.269+0000][7][safepoint    ] Safepoint "Cleanup", Time since last: 1002015552 ns, Reaching safepoint: 161586 ns, At safepoint: 5555 ns, Total: 167141 ns
[2021-11-03T03:55:49.276+0000][7][safepoint    ] Safepoint "Cleanup", Time since last: 1005890172 ns, Reaching safepoint: 252916 ns, At safepoint: 6521 ns, Total: 259437 ns
[2021-11-03T03:55:50.285+0000][7][safepoint    ] Safepoint "Cleanup", Time since last: 1009167422 ns, Reaching safepoint: 370136 ns, At safepoint: 6936 ns, Total: 377072 ns
[2021-11-03T03:55:51.289+0000][7][safepoint    ] Safepoint "Cleanup", Time since last: 1004017325 ns, Reaching safepoint: 175589 ns, At safepoint: 6154 ns, Total: 181743 ns
[2021-11-03T03:55:52.292+0000][7][safepoint    ] Safepoint "Cleanup", Time since last: 1002601151 ns, Reaching safepoint: 186555 ns, At safepoint: 7221 ns, Total: 193776 ns
[2021-11-03T03:55:53.298+0000][7][safepoint    ] Safepoint "Cleanup", Time since last: 1005800378 ns, Reaching safepoint: 165039 ns, At safepoint: 5516 ns, Total: 170555 ns
[2021-11-03T03:55:54.301+0000][7][safepoint    ] Safepoint "Cleanup", Time since last: 1002910822 ns, Reaching safepoint: 166948 ns, At safepoint: 5738 ns, Total: 172686 ns
[2021-11-03T03:55:55.306+0000][7][safepoint    ] Safepoint "Cleanup", Time since last: 1004630900 ns, Reaching safepoint: 256203 ns, At safepoint: 5164 ns, Total: 261367 ns
[2021-11-03T03:55:56.310+0000][7][safepoint    ] Safepoint "Cleanup", Time since last: 1003364524 ns, Reaching safepoint: 191963 ns, At safepoint: 4407 ns, Total: 196370 ns
[2021-11-03T03:55:57.315+0000][7][safepoint    ] Safepoint "Cleanup", Time since last: 1004789400 ns, Reaching safepoint: 220510 ns, At safepoint: 4604 ns, Total: 225114 ns
[2021-11-03T03:55:58.318+0000][7][safepoint    ] Safepoint "Cleanup", Time since last: 1003517436 ns, Reaching safepoint: 169212 ns, At safepoint: 3884 ns, Total: 173096 ns
[2021-11-03T03:55:59.324+0000][7][safepoint    ] Safepoint "Cleanup", Time since last: 1005390197 ns, Reaching safepoint: 262108 ns, At safepoint: 5522 ns, Total: 267630 ns
[2021-11-03T03:56:00.327+0000][7][safepoint    ] Safepoint "Cleanup", Time since last: 1002474001 ns, Reaching safepoint: 234590 ns, At safepoint: 7680 ns, Total: 242270 ns
[2021-11-03T03:56:01.329+0000][7][safepoint    ] Safepoint "Cleanup", Time since last: 1002372995 ns, Reaching safepoint: 274199 ns, At safepoint: 5735 ns, Total: 279934 ns
[2021-11-03T03:56:02.334+0000][7][safepoint    ] Safepoint "Cleanup", Time since last: 1004596820 ns, Reaching safepoint: 289810 ns, At safepoint: 5223 ns, Total: 295033 ns
[2021-11-03T03:56:03.338+0000][7][safepoint    ] Safepoint "Cleanup", Time since last: 1003795284 ns, Reaching safepoint: 322849 ns, At safepoint: 12277 ns, Total: 335126 ns
[2021-11-03T03:56:04.347+0000][7][safepoint    ] Safepoint "Cleanup", Time since last: 1008151196 ns, Reaching safepoint: 438169 ns, At safepoint: 18879 ns, Total: 457048 ns
[2021-11-03T03:56:05.353+0000][7][safepoint    ] Safepoint "Cleanup", Time since last: 1006007465 ns, Reaching safepoint: 247777 ns, At safepoint: 6768 ns, Total: 254545 ns
[2021-11-03T03:56:06.339+0000][7][safepoint    ] Safepoint "Cleanup", Time since last: 1006146460 ns, Reaching safepoint: 242125 ns, At safepoint: 7073 ns, Total: 249198 ns
[2021-11-03T03:56:07.346+0000][7][safepoint    ] Safepoint "Cleanup", Time since last: 1005962762 ns, Reaching safepoint: 229846 ns, At safepoint: 6167 ns, Total: 236013 ns
[2021-11-03T03:56:08.401+0000][7][safepoint    ] Safepoint "Cleanup", Time since last: 1055143715 ns, Reaching safepoint: 241492 ns, At safepoint: 6327 ns, Total: 247819 ns
[2021-11-03T03:56:09.413+0000][7][safepoint    ] Safepoint "Cleanup", Time since last: 1011773895 ns, Reaching safepoint: 154153 ns, At safepoint: 6040 ns, Total: 160193 ns
[2021-11-03T03:56:10.424+0000][7][safepoint    ] Safepoint "Cleanup", Time since last: 1010850982 ns, Reaching safepoint: 323419 ns, At safepoint: 9785 ns, Total: 333204 ns
[2021-11-03T03:56:11.437+0000][7][safepoint    ] Safepoint "Cleanup", Time since last: 1012637030 ns, Reaching safepoint: 228219 ns, At safepoint: 6233 ns, Total: 234452 ns
[2021-11-03T03:56:12.444+0000][7][safepoint    ] Safepoint "Cleanup", Time since last: 1006658119 ns, Reaching safepoint: 242193 ns, At safepoint: 6759 ns, Total: 248952 ns
[2021-11-03T03:56:13.448+0000][7][safepoint    ] Safepoint "Cleanup", Time since last: 1004050139 ns, Reaching safepoint: 147514 ns, At safepoint: 6475 ns, Total: 153989 ns
[2021-11-03T03:56:14.453+0000][7][safepoint    ] Safepoint "Cleanup", Time since last: 1005076417 ns, Reaching safepoint: 232946 ns, At safepoint: 7201 ns, Total: 240147 ns
[2021-11-03T03:56:15.460+0000][7][safepoint    ] Safepoint "Cleanup", Time since last: 1006571305 ns, Reaching safepoint: 226387 ns, At safepoint: 5984 ns, Total: 232371 ns
[2021-11-03T03:56:16.462+0000][7][safepoint    ] Safepoint "Cleanup", Time since last: 1002025169 ns, Reaching safepoint: 233934 ns, At safepoint: 6958 ns, Total: 240892 ns
[2021-11-03T03:56:17.465+0000][7][safepoint    ] Safepoint "Cleanup", Time since last: 1002204582 ns, Reaching safepoint: 108129 ns, At safepoint: 2524 ns, Total: 110653 ns
[2021-11-03T03:56:18.470+0000][7][safepoint    ] Safepoint "Cleanup", Time since last: 1005243406 ns, Reaching safepoint: 281773 ns, At safepoint: 9039 ns, Total: 290812 ns
[2021-11-03T03:56:19.474+0000][7][safepoint    ] Safepoint "Cleanup", Time since last: 1003844824 ns, Reaching safepoint: 244375 ns, At safepoint: 7256 ns, Total: 251631 ns
[2021-11-03T03:56:20.483+0000][7][safepoint    ] Safepoint "Cleanup", Time since last: 1008454474 ns, Reaching safepoint: 176529 ns, At safepoint: 12607 ns, Total: 189136 ns
[2021-11-03T03:56:21.487+0000][7][safepoint    ] Safepoint "Cleanup", Time since last: 1003275911 ns, Reaching safepoint: 173802 ns, At safepoint: 6249 ns, Total: 180051 ns
[2021-11-03T03:56:22.493+0000][7][safepoint    ] Safepoint "Cleanup", Time since last: 1006312305 ns, Reaching safepoint: 239382 ns, At safepoint: 7029 ns, Total: 246411 ns
[2021-11-03T03:56:23.496+0000][7][safepoint    ] Safepoint "Cleanup", Time since last: 1002821553 ns, Reaching safepoint: 234345 ns, At safepoint: 6583 ns, Total: 240928 ns
[2021-11-03T03:56:24.500+0000][7][safepoint    ] Safepoint "Cleanup", Time since last: 1003269558 ns, Reaching safepoint: 512576 ns, At safepoint: 6695 ns, Total: 519271 ns
[2021-11-03T03:56:25.506+0000][7][safepoint    ] Safepoint "Cleanup", Time since last: 1005633195 ns, Reaching safepoint: 346868 ns, At safepoint: 12024 ns, Total: 358892 ns
[2021-11-03T03:56:26.509+0000][7][safepoint    ] Safepoint "Cleanup", Time since last: 1002728805 ns, Reaching safepoint: 248557 ns, At safepoint: 8512 ns, Total: 257069 ns
[2021-11-03T03:56:27.517+0000][7][safepoint    ] Safepoint "Cleanup", Time since last: 1007452354 ns, Reaching safepoint: 360932 ns, At safepoint: 10016 ns, Total: 370948 ns
[2021-11-03T03:56:28.524+0000][7][safepoint    ] Safepoint "Cleanup", Time since last: 1007223487 ns, Reaching safepoint: 333132 ns, At safepoint: 11169 ns, Total: 344301 ns
[2021-11-03T03:56:29.529+0000][7][safepoint    ] Safepoint "Cleanup", Time since last: 1004448462 ns, Reaching safepoint: 243311 ns, At safepoint: 6988 ns, Total: 250299 ns
[2021-11-03T03:56:30.535+0000][7][safepoint    ] Safepoint "Cleanup", Time since last: 1005844382 ns, Reaching safepoint: 165569 ns, At safepoint: 5744 ns, Total: 171313 ns
[2021-11-03T03:56:31.539+0000][7][safepoint    ] Safepoint "Cleanup", Time since last: 1004252180 ns, Reaching safepoint: 166161 ns, At safepoint: 6495 ns, Total: 172656 ns
[2021-11-03T03:56:32.542+0000][7][safepoint    ] Safepoint "Cleanup", Time since last: 1002651331 ns, Reaching safepoint: 164868 ns, At safepoint: 6344 ns, Total: 171212 ns
[2021-11-03T03:56:33.546+0000][7][safepoint    ] Safepoint "Cleanup", Time since last: 1003230210 ns, Reaching safepoint: 380740 ns, At safepoint: 5842 ns, Total: 386582 ns
[2021-11-03T03:56:34.549+0000][7][safepoint    ] Safepoint "Cleanup", Time since last: 1002917945 ns, Reaching safepoint: 169423 ns, At safepoint: 6120 ns, Total: 175543 ns
[2021-11-03T03:56:35.530+0000][7][safepoint    ] Safepoint "Cleanup", Time since last: 1002496148 ns, Reaching safepoint: 159267 ns, At safepoint: 4867 ns, Total: 164134 ns
[2021-11-03T03:56:36.534+0000][7][safepoint    ] Safepoint "Cleanup", Time since last: 1004203464 ns, Reaching safepoint: 162856 ns, At safepoint: 6192 ns, Total: 169048 ns
[2021-11-03T03:56:37.539+0000][7][safepoint    ] Safepoint "Cleanup", Time since last: 1004726694 ns, Reaching safepoint: 178547 ns, At safepoint: 6024 ns, Total: 184571 ns
[2021-11-03T03:56:38.542+0000][7][safepoint    ] Safepoint "Cleanup", Time since last: 1002379374 ns, Reaching safepoint: 497296 ns, At safepoint: 9282 ns, Total: 506578 ns
[2021-11-03T03:56:39.547+0000][7][safepoint    ] Safepoint "Cleanup", Time since last: 1003775108 ns, Reaching safepoint: 570650 ns, At safepoint: 8872 ns, Total: 579522 ns
[2021-11-03T03:56:40.553+0000][7][safepoint    ] Safepoint "Cleanup", Time since last: 1006516340 ns, Reaching safepoint: 240784 ns, At safepoint: 6624 ns, Total: 247408 ns
[2021-11-03T03:56:41.558+0000][7][safepoint    ] Safepoint "Cleanup", Time since last: 1003791653 ns, Reaching safepoint: 569929 ns, At safepoint: 17573 ns, Total: 587502 ns
[2021-11-03T03:56:42.561+0000][7][safepoint    ] Safepoint "Cleanup", Time since last: 1003456661 ns, Reaching safepoint: 112733 ns, At safepoint: 2575 ns, Total: 115308 ns
[2021-11-03T03:56:43.567+0000][7][safepoint    ] Safepoint "Cleanup", Time since last: 1005504379 ns, Reaching safepoint: 275563 ns, At safepoint: 7256 ns, Total: 282819 ns
[2021-11-03T03:56:44.575+0000][7][safepoint    ] Safepoint "Cleanup", Time since last: 1007242293 ns, Reaching safepoint: 528353 ns, At safepoint: 9737 ns, Total: 538090 ns
[2021-11-03T03:56:45.584+0000][7][safepoint    ] Safepoint "Cleanup", Time since last: 1009051158 ns, Reaching safepoint: 411576 ns, At safepoint: 8387 ns, Total: 419963 ns
[2021-11-03T03:56:46.587+0000][7][safepoint    ] Safepoint "Cleanup", Time since last: 1002478600 ns, Reaching safepoint: 382272 ns, At safepoint: 9360 ns, Total: 391632 ns
[2021-11-03T03:56:47.594+0000][7][safepoint    ] Safepoint "Cleanup", Time since last: 1006198075 ns, Reaching safepoint: 296988 ns, At safepoint: 11269 ns, Total: 308257 ns
[2021-11-03T03:56:48.601+0000][7][safepoint    ] Safepoint "Cleanup", Time since last: 1006892560 ns, Reaching safepoint: 527219 ns, At safepoint: 12303 ns, Total: 539522 ns
[2021-11-03T03:56:49.611+0000][7][safepoint    ] Safepoint "Cleanup", Time since last: 1009391138 ns, Reaching safepoint: 306900 ns, At safepoint: 7401 ns, Total: 314301 ns
[2021-11-03T03:56:50.615+0000][7][safepoint    ] Safepoint "Cleanup", Time since last: 1004044749 ns, Reaching safepoint: 242184 ns, At safepoint: 6794 ns, Total: 248978 ns
[2021-11-03T03:56:51.617+0000][7][safepoint    ] Safepoint "Cleanup", Time since last: 1002139202 ns, Reaching safepoint: 165408 ns, At safepoint: 3334 ns, Total: 168742 ns
[2021-11-03T03:56:52.619+0000][7][safepoint    ] Safepoint "Cleanup", Time since last: 1001327333 ns, Reaching safepoint: 281660 ns, At safepoint: 6641 ns, Total: 288301 ns
[2021-11-03T03:56:53.621+0000][7][safepoint    ] Safepoint "Cleanup", Time since last: 1002112496 ns, Reaching safepoint: 134718 ns, At safepoint: 3781 ns, Total: 138499 ns
[2021-11-03T03:56:54.623+0000][7][safepoint    ] Safepoint "Cleanup", Time since last: 1001463853 ns, Reaching safepoint: 236631 ns, At safepoint: 6286 ns, Total: 242917 ns
[2021-11-03T03:56:55.626+0000][7][safepoint    ] Safepoint "Cleanup", Time since last: 1002507638 ns, Reaching safepoint: 243768 ns, At safepoint: 7071 ns, Total: 250839 ns
[2021-11-03T03:56:56.630+0000][7][safepoint    ] Safepoint "Cleanup", Time since last: 1004189552 ns, Reaching safepoint: 358125 ns, At safepoint: 66803 ns, Total: 424928 ns
[2021-11-03T03:56:57.635+0000][7][safepoint    ] Safepoint "Cleanup", Time since last: 1004800387 ns, Reaching safepoint: 288797 ns, At safepoint: 6485 ns, Total: 295282 ns
[2021-11-03T03:56:58.641+0000][7][safepoint    ] Safepoint "Cleanup", Time since last: 1004653585 ns, Reaching safepoint: 635466 ns, At safepoint: 17671 ns, Total: 653137 ns
[2021-11-03T03:56:59.644+0000][7][safepoint    ] Safepoint "Cleanup", Time since last: 1003281684 ns, Reaching safepoint: 144411 ns, At safepoint: 3897 ns, Total: 148308 ns
[2021-11-03T03:57:00.646+0000][7][safepoint    ] Safepoint "Cleanup", Time since last: 1001446125 ns, Reaching safepoint: 352051 ns, At safepoint: 7070 ns, Total: 359121 ns
[2021-11-03T03:57:01.649+0000][7][safepoint    ] Safepoint "Cleanup", Time since last: 1002515780 ns, Reaching safepoint: 243565 ns, At safepoint: 6858 ns, Total: 250423 ns
[2021-11-03T03:57:02.652+0000][7][safepoint    ] Safepoint "Cleanup", Time since last: 1002959380 ns, Reaching safepoint: 89883 ns, At safepoint: 2493 ns, Total: 92376 ns
[2021-11-03T03:57:03.653+0000][7][safepoint    ] Safepoint "Cleanup", Time since last: 1001405037 ns, Reaching safepoint: 175625 ns, At safepoint: 6881 ns, Total: 182506 ns
[2021-11-03T03:57:04.656+0000][7][safepoint    ] Safepoint "Cleanup", Time since last: 1002046759 ns, Reaching safepoint: 180597 ns, At safepoint: 5616 ns, Total: 186213 ns
[2021-11-03T03:57:05.637+0000][7][safepoint    ] Safepoint "Cleanup", Time since last: 1002527496 ns, Reaching safepoint: 172821 ns, At safepoint: 6599 ns, Total: 179420 ns
[2021-11-03T03:57:06.643+0000][7][safepoint    ] Safepoint "Cleanup", Time since last: 1005051828 ns, Reaching safepoint: 192661 ns, At safepoint: 6618 ns, Total: 199279 ns
[2021-11-03T03:57:07.654+0000][7][safepoint    ] Safepoint "Cleanup", Time since last: 1010963643 ns, Reaching safepoint: 175368 ns, At safepoint: 6123 ns, Total: 181491 ns
[2021-11-03T03:57:08.657+0000][7][safepoint    ] Safepoint "Cleanup", Time since last: 1003574752 ns, Reaching safepoint: 174247 ns, At safepoint: 5969 ns, Total: 180216 ns
[2021-11-03T03:57:09.662+0000][7][safepoint    ] Safepoint "Cleanup", Time since last: 1004164979 ns, Reaching safepoint: 176036 ns, At safepoint: 6520 ns, Total: 182556 ns
[2021-11-03T03:57:10.670+0000][7][safepoint    ] Safepoint "Cleanup", Time since last: 1007646755 ns, Reaching safepoint: 170004 ns, At safepoint: 6233 ns, Total: 176237 ns
[2021-11-03T03:57:11.679+0000][7][safepoint    ] Safepoint "Cleanup", Time since last: 1009273932 ns, Reaching safepoint: 347191 ns, At safepoint: 6868 ns, Total: 354059 ns
[2021-11-03T03:57:12.683+0000][7][safepoint    ] Safepoint "Cleanup", Time since last: 1003281753 ns, Reaching safepoint: 241668 ns, At safepoint: 6301 ns, Total: 247969 ns
[2021-11-03T03:57:13.685+0000][7][safepoint    ] Safepoint "Cleanup", Time since last: 1002046406 ns, Reaching safepoint: 252784 ns, At safepoint: 5136 ns, Total: 257920 ns
[2021-11-03T03:57:14.691+0000][7][safepoint    ] Safepoint "Cleanup", Time since last: 1005646174 ns, Reaching safepoint: 248116 ns, At safepoint: 6646 ns, Total: 254762 ns
[2021-11-03T03:57:15.696+0000][7][safepoint    ] Safepoint "Cleanup", Time since last: 1004628954 ns, Reaching safepoint: 247562 ns, At safepoint: 6453 ns, Total: 254015 ns
[2021-11-03T03:57:16.699+0000][7][safepoint    ] Safepoint "Cleanup", Time since last: 1002713589 ns, Reaching safepoint: 267728 ns, At safepoint: 6171 ns, Total: 273899 ns
[2021-11-03T03:57:17.705+0000][7][safepoint    ] Safepoint "Cleanup", Time since last: 1005789263 ns, Reaching safepoint: 575189 ns, At safepoint: 9975 ns, Total: 585164 ns
[2021-11-03T03:57:18.709+0000][7][safepoint    ] Safepoint "Cleanup", Time since last: 1003384640 ns, Reaching safepoint: 326678 ns, At safepoint: 7658 ns, Total: 334336 ns
[2021-11-03T03:57:19.715+0000][7][safepoint    ] Safepoint "Cleanup", Time since last: 1005619637 ns, Reaching safepoint: 472544 ns, At safepoint: 9497 ns, Total: 482041 ns
[2021-11-03T03:57:20.719+0000][7][safepoint    ] Safepoint "Cleanup", Time since last: 1003480079 ns, Reaching safepoint: 213699 ns, At safepoint: 6428 ns, Total: 220127 ns
[2021-11-03T03:57:21.726+0000][7][safepoint    ] Safepoint "Cleanup", Time since last: 1007111792 ns, Reaching safepoint: 352542 ns, At safepoint: 11284 ns, Total: 363826 ns
[2021-11-03T03:57:22.739+0000][7][safepoint    ] Safepoint "Cleanup", Time since last: 1012357840 ns, Reaching safepoint: 194877 ns, At safepoint: 2886 ns, Total: 197763 ns
[2021-11-03T03:57:23.740+0000][7][safepoint    ] Safepoint "Cleanup", Time since last: 1001137241 ns, Reaching safepoint: 335488 ns, At safepoint: 5688 ns, Total: 341176 ns
[2021-11-03T03:57:24.747+0000][7][safepoint    ] Safepoint "Cleanup", Time since last: 1007067701 ns, Reaching safepoint: 173808 ns, At safepoint: 4490 ns, Total: 178298 ns
[2021-11-03T03:57:25.752+0000][7][safepoint    ] Safepoint "Cleanup", Time since last: 1004344532 ns, Reaching safepoint: 421355 ns, At safepoint: 9829 ns, Total: 431184 ns
[2021-11-03T03:57:26.755+0000][7][safepoint    ] Safepoint "Cleanup", Time since last: 1002412339 ns, Reaching safepoint: 334687 ns, At safepoint: 11848 ns, Total: 346535 ns
[2021-11-03T03:57:27.758+0000][7][safepoint    ] Safepoint "Cleanup", Time since last: 1003281629 ns, Reaching safepoint: 137690 ns, At safepoint: 5120 ns, Total: 142810 ns
[2021-11-03T03:57:28.767+0000][7][safepoint    ] Safepoint "Cleanup", Time since last: 1008377362 ns, Reaching safepoint: 165199 ns, At safepoint: 4173 ns, Total: 169372 ns
[2021-11-03T03:57:29.769+0000][7][safepoint    ] Safepoint "Cleanup", Time since last: 1001687430 ns, Reaching safepoint: 305960 ns, At safepoint: 107777 ns, Total: 413737 ns
[2021-11-03T03:57:30.773+0000][7][safepoint    ] Safepoint "Cleanup", Time since last: 1004089109 ns, Reaching safepoint: 262141 ns, At safepoint: 6893 ns, Total: 269034 ns
[2021-11-03T03:57:31.780+0000][7][safepoint    ] Safepoint "Cleanup", Time since last: 1006303322 ns, Reaching safepoint: 463092 ns, At safepoint: 10454 ns, Total: 473546 ns
[2021-11-03T03:57:32.789+0000][7][safepoint    ] Safepoint "Cleanup", Time since last: 1008241253 ns, Reaching safepoint: 576985 ns, At safepoint: 12846 ns, Total: 589831 ns
[2021-11-03T03:57:33.792+0000][7][safepoint    ] Safepoint "Cleanup", Time since last: 1002668406 ns, Reaching safepoint: 145071 ns, At safepoint: 4196 ns, Total: 149267 ns
[2021-11-03T03:57:34.794+0000][7][safepoint    ] Safepoint "Cleanup", Time since last: 1001766843 ns, Reaching safepoint: 449816 ns, At safepoint: 7279 ns, Total: 457095 ns
[2021-11-03T03:57:35.776+0000][7][safepoint    ] Safepoint "Cleanup", Time since last: 1002509076 ns, Reaching safepoint: 491079 ns, At safepoint: 10324 ns, Total: 501403 ns
[2021-11-03T03:57:36.784+0000][7][safepoint    ] Safepoint "Cleanup", Time since last: 1007412801 ns, Reaching safepoint: 291492 ns, At safepoint: 6632 ns, Total: 298124 ns
[2021-11-03T03:57:37.799+0000][7][safepoint    ] Safepoint "Cleanup", Time since last: 1002081940 ns, Reaching safepoint: 12779522 ns, At safepoint: 16051 ns, Total: 12795573 ns
[2021-11-03T03:57:38.809+0000][7][safepoint    ] Safepoint "Cleanup", Time since last: 1010231103 ns, Reaching safepoint: 313659 ns, At safepoint: 4386 ns, Total: 318045 ns
[2021-11-03T03:57:39.816+0000][7][safepoint    ] Safepoint "Cleanup", Time since last: 1005694024 ns, Reaching safepoint: 777608 ns, At safepoint: 16386 ns, Total: 793994 ns
[2021-11-03T03:57:40.819+0000][7][safepoint    ] Safepoint "Cleanup", Time since last: 1002571583 ns, Reaching safepoint: 227102 ns, At safepoint: 6661 ns, Total: 233763 ns
[2021-11-03T03:57:41.821+0000][7][safepoint    ] Safepoint "Cleanup", Time since last: 1002035382 ns, Reaching safepoint: 603672 ns, At safepoint: 13029 ns, Total: 616701 ns
[2021-11-03T03:57:42.826+0000][7][safepoint    ] Safepoint "Cleanup", Time since last: 1004419864 ns, Reaching safepoint: 275672 ns, At safepoint: 48741 ns, Total: 324413 ns
[2021-11-03T03:57:43.829+0000][7][safepoint    ] Safepoint "Cleanup", Time since last: 1003147771 ns, Reaching safepoint: 174873 ns, At safepoint: 6123 ns, Total: 180996 ns
[2021-11-03T03:57:44.833+0000][7][safepoint    ] Safepoint "Cleanup", Time since last: 1003010875 ns, Reaching safepoint: 180466 ns, At safepoint: 6101 ns, Total: 186567 ns
[2021-11-03T03:57:45.843+0000][7][safepoint    ] Safepoint "Cleanup", Time since last: 1009873049 ns, Reaching safepoint: 168599 ns, At safepoint: 6342 ns, Total: 174941 ns
[2021-11-03T03:57:46.849+0000][7][safepoint    ] Safepoint "Cleanup", Time since last: 1005737683 ns, Reaching safepoint: 240481 ns, At safepoint: 8697 ns, Total: 249178 ns
[2021-11-03T03:57:47.853+0000][7][safepoint    ] Safepoint "Cleanup", Time since last: 1004011857 ns, Reaching safepoint: 416412 ns, At safepoint: 9267 ns, Total: 425679 ns
[2021-11-03T03:57:48.858+0000][7][safepoint    ] Safepoint "Cleanup", Time since last: 1005155221 ns, Reaching safepoint: 158644 ns, At safepoint: 4219 ns, Total: 162863 ns
[2021-11-03T03:57:49.862+0000][7][safepoint    ] Safepoint "Cleanup", Time since last: 1002988625 ns, Reaching safepoint: 412005 ns, At safepoint: 12522 ns, Total: 424527 ns
[2021-11-03T03:57:50.867+0000][7][safepoint    ] Safepoint "Cleanup", Time since last: 1005117579 ns, Reaching safepoint: 284522 ns, At safepoint: 7164 ns, Total: 291686 ns
[2021-11-03T03:57:51.874+0000][7][safepoint    ] Safepoint "Cleanup", Time since last: 1006201165 ns, Reaching safepoint: 207182 ns, At safepoint: 7257 ns, Total: 214439 ns
[2021-11-03T03:57:52.877+0000][7][safepoint    ] Safepoint "Cleanup", Time since last: 1003411681 ns, Reaching safepoint: 254448 ns, At safepoint: 5625 ns, Total: 260073 ns
[2021-11-03T03:57:53.879+0000][7][safepoint    ] Safepoint "Cleanup", Time since last: 1001928553 ns, Reaching safepoint: 170617 ns, At safepoint: 6344 ns, Total: 176961 ns
[2021-11-03T03:57:54.881+0000][7][safepoint    ] Safepoint "Cleanup", Time since last: 1001764172 ns, Reaching safepoint: 178325 ns, At safepoint: 6473 ns, Total: 184798 ns
[2021-11-03T03:57:55.887+0000][7][safepoint    ] Safepoint "Cleanup", Time since last: 1005739608 ns, Reaching safepoint: 219575 ns, At safepoint: 8264 ns, Total: 227839 ns
[2021-11-03T03:57:56.892+0000][7][safepoint    ] Safepoint "Cleanup", Time since last: 1004133182 ns, Reaching safepoint: 200025 ns, At safepoint: 6421 ns, Total: 206446 ns
[2021-11-03T03:57:57.898+0000][7][safepoint    ] Safepoint "Cleanup", Time since last: 1005898045 ns, Reaching safepoint: 182184 ns, At safepoint: 6877 ns, Total: 189061 ns
[2021-11-03T03:57:58.903+0000][7][safepoint    ] Safepoint "Cleanup", Time since last: 1005439264 ns, Reaching safepoint: 186242 ns, At safepoint: 6492 ns, Total: 192734 ns
[2021-11-03T03:57:59.907+0000][7][safepoint    ] Safepoint "Cleanup", Time since last: 1003158456 ns, Reaching safepoint: 218204 ns, At safepoint: 6102 ns, Total: 224306 ns
[2021-11-03T03:58:00.909+0000][7][safepoint    ] Safepoint "Cleanup", Time since last: 1002125355 ns, Reaching safepoint: 174952 ns, At safepoint: 5636 ns, Total: 180588 ns
[2021-11-03T03:58:01.915+0000][7][safepoint    ] Safepoint "Cleanup", Time since last: 1005629062 ns, Reaching safepoint: 176826 ns, At safepoint: 6332 ns, Total: 183158 ns
[2021-11-03T03:58:02.919+0000][7][safepoint    ] Safepoint "Cleanup", Time since last: 1004225256 ns, Reaching safepoint: 171638 ns, At safepoint: 6645 ns, Total: 178283 ns
[2021-11-03T03:58:03.927+0000][7][safepoint    ] Safepoint "Cleanup", Time since last: 1007266795 ns, Reaching safepoint: 397030 ns, At safepoint: 8646 ns, Total: 405676 ns
[2021-11-03T03:58:04.932+0000][7][safepoint    ] Safepoint "Cleanup", Time since last: 1004810671 ns, Reaching safepoint: 241226 ns, At safepoint: 10564 ns, Total: 251790 ns
[2021-11-03T03:58:05.917+0000][7][safepoint    ] Safepoint "Cleanup", Time since last: 1005756718 ns, Reaching safepoint: 185846 ns, At safepoint: 6771 ns, Total: 192617 ns
[2021-11-03T03:58:06.919+0000][7][safepoint    ] Safepoint "Cleanup", Time since last: 1002533478 ns, Reaching safepoint: 172278 ns, At safepoint: 7060 ns, Total: 179338 ns
[2021-11-03T03:58:07.925+0000][7][safepoint    ] Safepoint "Cleanup", Time since last: 1005045002 ns, Reaching safepoint: 538107 ns, At safepoint: 7199 ns, Total: 545306 ns
[2021-11-03T03:58:08.928+0000][7][safepoint    ] Safepoint "Cleanup", Time since last: 1002479867 ns, Reaching safepoint: 673321 ns, At safepoint: 18765 ns, Total: 692086 ns
[2021-11-03T03:58:09.932+0000][7][safepoint    ] Safepoint "Cleanup", Time since last: 1003487849 ns, Reaching safepoint: 412651 ns, At safepoint: 8618 ns, Total: 421269 ns
[2021-11-03T03:58:10.934+0000][7][safepoint    ] Safepoint "Cleanup", Time since last: 1001782859 ns, Reaching safepoint: 174622 ns, At safepoint: 5317 ns, Total: 179939 ns
[2021-11-03T03:58:11.937+0000][7][safepoint    ] Safepoint "Cleanup", Time since last: 1002467887 ns, Reaching safepoint: 172565 ns, At safepoint: 5493 ns, Total: 178058 ns
[2021-11-03T03:58:12.944+0000][7][safepoint    ] Safepoint "Cleanup", Time since last: 1006473316 ns, Reaching safepoint: 402468 ns, At safepoint: 9030 ns, Total: 411498 ns
[2021-11-03T03:58:13.950+0000][7][safepoint    ] Safepoint "Cleanup", Time since last: 1006143195 ns, Reaching safepoint: 617698 ns, At safepoint: 18592 ns, Total: 636290 ns
[2021-11-03T03:58:14.960+0000][7][safepoint    ] Safepoint "Cleanup", Time since last: 1009661892 ns, Reaching safepoint: 431240 ns, At safepoint: 9058 ns, Total: 440298 ns
[2021-11-03T03:58:15.964+0000][7][safepoint    ] Safepoint "Cleanup", Time since last: 1003020794 ns, Reaching safepoint: 68098 ns, At safepoint: 4050 ns, Total: 72148 ns
[2021-11-03T03:58:16.970+0000][7][safepoint    ] Safepoint "Cleanup", Time since last: 1005499796 ns, Reaching safepoint: 640657 ns, At safepoint: 21199 ns, Total: 661856 ns
[2021-11-03T03:58:17.973+0000][7][safepoint    ] Safepoint "Cleanup", Time since last: 1003436180 ns, Reaching safepoint: 207677 ns, At safepoint: 36917 ns, Total: 244594 ns
[2021-11-03T03:58:18.981+0000][7][safepoint    ] Safepoint "Cleanup", Time since last: 1007440205 ns, Reaching safepoint: 319834 ns, At safepoint: 77104 ns, Total: 396938 ns
[2021-11-03T03:58:19.985+0000][7][safepoint    ] Safepoint "Cleanup", Time since last: 1003221619 ns, Reaching safepoint: 247821 ns, At safepoint: 6607 ns, Total: 254428 ns
[2021-11-03T03:58:20.988+0000][7][safepoint    ] Safepoint "Cleanup", Time since last: 1003385155 ns, Reaching safepoint: 248090 ns, At safepoint: 7049 ns, Total: 255139 ns
[2021-11-03T03:58:21.991+0000][7][safepoint    ] Safepoint "Cleanup", Time since last: 1001946615 ns, Reaching safepoint: 237507 ns, At safepoint: 7080 ns, Total: 244587 ns
[2021-11-03T03:58:22.994+0000][7][safepoint    ] Safepoint "Cleanup", Time since last: 1003607803 ns, Reaching safepoint: 241007 ns, At safepoint: 7005 ns, Total: 248012 ns
[2021-11-03T03:58:24.002+0000][7][safepoint    ] Safepoint "Cleanup", Time since last: 1007398493 ns, Reaching safepoint: 611227 ns, At safepoint: 9081 ns, Total: 620308 ns
[2021-11-03T03:58:25.012+0000][7][safepoint    ] Safepoint "Cleanup", Time since last: 1009188755 ns, Reaching safepoint: 141303 ns, At safepoint: 2607 ns, Total: 143910 ns
[2021-11-03T03:58:26.013+0000][7][safepoint    ] Safepoint "Cleanup", Time since last: 1001348063 ns, Reaching safepoint: 138231 ns, At safepoint: 3575 ns, Total: 141806 ns
[2021-11-03T03:58:27.021+0000][7][safepoint    ] Safepoint "Cleanup", Time since last: 1006848774 ns, Reaching safepoint: 455435 ns, At safepoint: 8118 ns, Total: 463553 ns
[2021-11-03T03:58:28.025+0000][7][safepoint    ] Safepoint "Cleanup", Time since last: 1004633859 ns, Reaching safepoint: 252821 ns, At safepoint: 6426 ns, Total: 259247 ns
[2021-11-03T03:58:29.033+0000][7][safepoint    ] Safepoint "Cleanup", Time since last: 1006923518 ns, Reaching safepoint: 384401 ns, At safepoint: 16190 ns, Total: 400591 ns
[2021-11-03T03:58:30.038+0000][7][safepoint    ] Safepoint "Cleanup", Time since last: 1004575513 ns, Reaching safepoint: 272700 ns, At safepoint: 9459 ns, Total: 282159 ns
[2021-11-03T03:58:31.041+0000][7][safepoint    ] Safepoint "Cleanup", Time since last: 1003428611 ns, Reaching safepoint: 289798 ns, At safepoint: 7044 ns, Total: 296842 ns
[2021-11-03T03:58:32.047+0000][7][safepoint    ] Safepoint "Cleanup", Time since last: 1005607883 ns, Reaching safepoint: 317545 ns, At safepoint: 10752 ns, Total: 328297 ns
[2021-11-03T03:58:33.054+0000][7][safepoint    ] Safepoint "Cleanup", Time since last: 1006686052 ns, Reaching safepoint: 397286 ns, At safepoint: 8690 ns, Total: 405976 ns
[2021-11-03T03:58:34.058+0000][7][safepoint    ] Safepoint "Cleanup", Time since last: 1002921398 ns, Reaching safepoint: 385448 ns, At safepoint: 11510 ns, Total: 396958 ns
[2021-11-03T03:58:35.061+0000][7][safepoint    ] Safepoint "Cleanup", Time since last: 1003013466 ns, Reaching safepoint: 371634 ns, At safepoint: 7799 ns, Total: 379433 ns
[2021-11-03T03:58:36.654+0000][7][safepoint    ] Safepoint "Cleanup", Time since last: 1612694601 ns, Reaching safepoint: 558117 ns, At safepoint: 8642 ns, Total: 566759 ns
[2021-11-03T03:58:37.659+0000][7][safepoint    ] Safepoint "Cleanup", Time since last: 1004898516 ns, Reaching safepoint: 309898 ns, At safepoint: 13458 ns, Total: 323356 ns
[2021-11-03T03:58:38.662+0000][7][safepoint    ] Safepoint "Cleanup", Time since last: 1003117248 ns, Reaching safepoint: 376553 ns, At safepoint: 7443 ns, Total: 383996 ns
[2021-11-03T03:58:39.665+0000][7][safepoint    ] Safepoint "Cleanup", Time since last: 1002834986 ns, Reaching safepoint: 182758 ns, At safepoint: 6581 ns, Total: 189339 ns
[2021-11-03T03:58:40.668+0000][7][safepoint    ] Safepoint "Cleanup", Time since last: 1002621277 ns, Reaching safepoint: 336579 ns, At safepoint: 7245 ns, Total: 343824 ns
[2021-11-03T03:58:41.671+0000][7][safepoint    ] Safepoint "Cleanup", Time since last: 1002529273 ns, Reaching safepoint: 245027 ns, At safepoint: 5786 ns, Total: 250813 ns
[2021-11-03T03:58:42.676+0000][7][safepoint    ] Safepoint "Cleanup", Time since last: 1004235534 ns, Reaching safepoint: 237191 ns, At safepoint: 5616 ns, Total: 242807 ns
[2021-11-03T03:58:43.678+0000][7][safepoint    ] Safepoint "Cleanup", Time since last: 1001946829 ns, Reaching safepoint: 167942 ns, At safepoint: 6621 ns, Total: 174563 ns
[2021-11-03T03:58:44.687+0000][7][safepoint    ] Safepoint "Cleanup", Time since last: 1009484082 ns, Reaching safepoint: 232100 ns, At safepoint: 7114 ns, Total: 239214 ns
[2021-11-03T03:58:45.690+0000][7][safepoint    ] Safepoint "Cleanup", Time since last: 1002088941 ns, Reaching safepoint: 86570 ns, At safepoint: 2640 ns, Total: 89210 ns
[2021-11-03T03:58:46.691+0000][7][safepoint    ] Safepoint "Cleanup", Time since last: 1001175445 ns, Reaching safepoint: 177254 ns, At safepoint: 6834 ns, Total: 184088 ns
[2021-11-03T03:58:47.694+0000][7][safepoint    ] Safepoint "Cleanup", Time since last: 1003245540 ns, Reaching safepoint: 170829 ns, At safepoint: 6602 ns, Total: 177431 ns
[2021-11-03T03:58:48.699+0000][7][safepoint    ] Safepoint "Cleanup", Time since last: 1003645043 ns, Reaching safepoint: 521088 ns, At safepoint: 19957 ns, Total: 541045 ns
[2021-11-03T03:58:49.702+0000][7][safepoint    ] Safepoint "Cleanup", Time since last: 1003012851 ns, Reaching safepoint: 247972 ns, At safepoint: 7255 ns, Total: 255227 ns
[2021-11-03T03:58:50.706+0000][7][safepoint    ] Safepoint "Cleanup", Time since last: 1003901376 ns, Reaching safepoint: 171209 ns, At safepoint: 6162 ns, Total: 177371 ns
[2021-11-03T03:58:51.712+0000][7][safepoint    ] Safepoint "Cleanup", Time since last: 1005830227 ns, Reaching safepoint: 234012 ns, At safepoint: 6263 ns, Total: 240275 ns
[2021-11-03T03:58:52.718+0000][7][safepoint    ] Safepoint "Cleanup", Time since last: 1005502984 ns, Reaching safepoint: 233009 ns, At safepoint: 6517 ns, Total: 239526 ns
[2021-11-03T03:58:53.721+0000][7][safepoint    ] Safepoint "Cleanup", Time since last: 1003082086 ns, Reaching safepoint: 426529 ns, At safepoint: 11604 ns, Total: 438133 ns
[2021-11-03T03:58:54.725+0000][7][safepoint    ] Safepoint "Cleanup", Time since last: 1002976244 ns, Reaching safepoint: 377752 ns, At safepoint: 118748 ns, Total: 496500 ns
[2021-11-03T03:58:55.727+0000][7][safepoint    ] Safepoint "Cleanup", Time since last: 1002356297 ns, Reaching safepoint: 245232 ns, At safepoint: 5823 ns, Total: 251055 ns
[2021-11-03T03:58:56.730+0000][7][safepoint    ] Safepoint "Cleanup", Time since last: 1002396491 ns, Reaching safepoint: 233438 ns, At safepoint: 5848 ns, Total: 239286 ns
[2021-11-03T03:58:57.735+0000][7][safepoint    ] Safepoint "Cleanup", Time since last: 1004627782 ns, Reaching safepoint: 239762 ns, At safepoint: 6359 ns, Total: 246121 ns
[2021-11-03T03:58:58.738+0000][7][safepoint    ] Safepoint "Cleanup", Time since last: 1002953110 ns, Reaching safepoint: 208214 ns, At safepoint: 5924 ns, Total: 214138 ns
[2021-11-03T03:58:59.741+0000][7][safepoint    ] Safepoint "Cleanup", Time since last: 1002854921 ns, Reaching safepoint: 302373 ns, At safepoint: 6616 ns, Total: 308989 ns
[2021-11-03T03:59:00.747+0000][7][safepoint    ] Safepoint "Cleanup", Time since last: 1004947472 ns, Reaching safepoint: 470097 ns, At safepoint: 8707 ns, Total: 478804 ns
[2021-11-03T03:59:01.749+0000][7][safepoint    ] Safepoint "Cleanup", Time since last: 1002587085 ns, Reaching safepoint: 361890 ns, At safepoint: 6710 ns, Total: 368600 ns
[2021-11-03T03:59:02.756+0000][7][safepoint    ] Safepoint "Cleanup", Time since last: 1005836080 ns, Reaching safepoint: 246754 ns, At safepoint: 6500 ns, Total: 253254 ns
[2021-11-03T03:59:03.760+0000][7][safepoint    ] Safepoint "Cleanup", Time since last: 1003928405 ns, Reaching safepoint: 567655 ns, At safepoint: 25305 ns, Total: 592960 ns
[2021-11-03T03:59:04.765+0000][7][safepoint    ] Safepoint "Cleanup", Time since last: 1004327095 ns, Reaching safepoint: 180292 ns, At safepoint: 6242 ns, Total: 186534 ns
[2021-11-03T03:59:05.750+0000][7][safepoint    ] Safepoint "Cleanup", Time since last: 1006223979 ns, Reaching safepoint: 354247 ns, At safepoint: 8612 ns, Total: 362859 ns
[2021-11-03T03:59:06.755+0000][7][safepoint    ] Safepoint "Cleanup", Time since last: 1004848906 ns, Reaching safepoint: 470424 ns, At safepoint: 8255 ns, Total: 478679 ns
[2021-11-03T03:59:07.759+0000][7][safepoint    ] Safepoint "Cleanup", Time since last: 1003578218 ns, Reaching safepoint: 243984 ns, At safepoint: 6905 ns, Total: 250889 ns
[2021-11-03T03:59:08.764+0000][7][safepoint    ] Safepoint "Cleanup", Time since last: 1004409645 ns, Reaching safepoint: 258345 ns, At safepoint: 7251 ns, Total: 265596 ns
[2021-11-03T03:59:09.767+0000][7][safepoint    ] Safepoint "Cleanup", Time since last: 1002601065 ns, Reaching safepoint: 176017 ns, At safepoint: 7648 ns, Total: 183665 ns
[2021-11-03T03:59:10.770+0000][7][safepoint    ] Safepoint "Cleanup", Time since last: 1003347920 ns, Reaching safepoint: 150731 ns, At safepoint: 5765 ns, Total: 156496 ns
[2021-11-03T03:59:11.773+0000][7][safepoint    ] Safepoint "Cleanup", Time since last: 1002949086 ns, Reaching safepoint: 112726 ns, At safepoint: 2791 ns, Total: 115517 ns
[2021-11-03T03:59:12.775+0000][7][safepoint    ] Safepoint "Cleanup", Time since last: 1001774084 ns, Reaching safepoint: 240590 ns, At safepoint: 6474 ns, Total: 247064 ns
[2021-11-03T03:59:13.778+0000][7][safepoint    ] Safepoint "Cleanup", Time since last: 1002729564 ns, Reaching safepoint: 232716 ns, At safepoint: 6112 ns, Total: 238828 ns
[2021-11-03T03:59:14.781+0000][7][safepoint    ] Safepoint "Cleanup", Time since last: 1002211720 ns, Reaching safepoint: 596073 ns, At safepoint: 19526 ns, Total: 615599 ns
[2021-11-03T03:59:15.787+0000][7][safepoint    ] Safepoint "Cleanup", Time since last: 1005931541 ns, Reaching safepoint: 394646 ns, At safepoint: 11095 ns, Total: 405741 ns
[2021-11-03T03:59:16.791+0000][7][safepoint    ] Safepoint "Cleanup", Time since last: 1002936201 ns, Reaching safepoint: 616783 ns, At safepoint: 22344 ns, Total: 639127 ns
[2021-11-03T03:59:17.796+0000][7][safepoint    ] Safepoint "Cleanup", Time since last: 1004726336 ns, Reaching safepoint: 701956 ns, At safepoint: 56110 ns, Total: 758066 ns
[2021-11-03T03:59:18.799+0000][7][safepoint    ] Safepoint "Cleanup", Time since last: 1002602054 ns, Reaching safepoint: 445300 ns, At safepoint: 10127 ns, Total: 455427 ns
[2021-11-03T03:59:19.804+0000][7][safepoint    ] Safepoint "Cleanup", Time since last: 1003796635 ns, Reaching safepoint: 556433 ns, At safepoint: 22020 ns, Total: 578453 ns
[2021-11-03T03:59:20.806+0000][7][safepoint    ] Safepoint "Cleanup", Time since last: 1002101900 ns, Reaching safepoint: 408593 ns, At safepoint: 11712 ns, Total: 420305 ns
[2021-11-03T03:59:21.809+0000][7][safepoint    ] Safepoint "Cleanup", Time since last: 1002709583 ns, Reaching safepoint: 238436 ns, At safepoint: 7114 ns, Total: 245550 ns
[2021-11-03T03:59:22.814+0000][7][safepoint    ] Safepoint "Cleanup", Time since last: 1004359002 ns, Reaching safepoint: 561681 ns, At safepoint: 22671 ns, Total: 584352 ns
[2021-11-03T03:59:23.817+0000][7][safepoint    ] Safepoint "Cleanup", Time since last: 1002001915 ns, Reaching safepoint: 606963 ns, At safepoint: 22335 ns, Total: 629298 ns
[2021-11-03T03:59:24.820+0000][7][safepoint    ] Safepoint "Cleanup", Time since last: 1002379081 ns, Reaching safepoint: 385731 ns, At safepoint: 9580 ns, Total: 395311 ns
[2021-11-03T03:59:25.824+0000][7][safepoint    ] Safepoint "Cleanup", Time since last: 1004035100 ns, Reaching safepoint: 389989 ns, At safepoint: 7077 ns, Total: 397066 ns
[2021-11-03T03:59:26.828+0000][7][safepoint    ] Safepoint "Cleanup", Time since last: 1003009673 ns, Reaching safepoint: 579718 ns, At safepoint: 19272 ns, Total: 598990 ns
[2021-11-03T03:59:27.832+0000][7][safepoint    ] Safepoint "Cleanup", Time since last: 1003690835 ns, Reaching safepoint: 180784 ns, At safepoint: 6611 ns, Total: 187395 ns
[2021-11-03T03:59:28.836+0000][7][safepoint    ] Safepoint "Cleanup", Time since last: 1004182690 ns, Reaching safepoint: 258077 ns, At safepoint: 6408 ns, Total: 264485 ns
[2021-11-03T03:59:29.841+0000][7][safepoint    ] Safepoint "Cleanup", Time since last: 1004422317 ns, Reaching safepoint: 167632 ns, At safepoint: 5843 ns, Total: 173475 ns
[2021-11-03T03:59:30.852+0000][7][safepoint    ] Safepoint "Cleanup", Time since last: 1011030315 ns, Reaching safepoint: 565987 ns, At safepoint: 9324 ns, Total: 575311 ns
[2021-11-03T03:59:31.855+0000][7][safepoint    ] Safepoint "Cleanup", Time since last: 1002223373 ns, Reaching safepoint: 588219 ns, At safepoint: 18508 ns, Total: 606727 ns
[2021-11-03T03:59:33.467+0000][7][safepoint    ] Safepoint "Cleanup", Time since last: 1611445769 ns, Reaching safepoint: 178367 ns, At safepoint: 6352 ns, Total: 184719 ns
[2021-11-03T03:59:34.471+0000][7][safepoint    ] Safepoint "Cleanup", Time since last: 1004547637 ns, Reaching safepoint: 171877 ns, At safepoint: 6310 ns, Total: 178187 ns
[2021-11-03T03:59:35.454+0000][7][safepoint    ] Safepoint "Cleanup", Time since last: 1003283364 ns, Reaching safepoint: 356965 ns, At safepoint: 7924 ns, Total: 364889 ns
[2021-11-03T03:59:36.457+0000][7][safepoint    ] Safepoint "Cleanup", Time since last: 1002221530 ns, Reaching safepoint: 315467 ns, At safepoint: 11540 ns, Total: 327007 ns
[2021-11-03T03:59:37.460+0000][7][safepoint    ] Safepoint "Cleanup", Time since last: 1002785199 ns, Reaching safepoint: 148579 ns, At safepoint: 4958 ns, Total: 153537 ns
[2021-11-03T03:59:38.463+0000][7][safepoint    ] Safepoint "Cleanup", Time since last: 1002698895 ns, Reaching safepoint: 492083 ns, At safepoint: 8831 ns, Total: 500914 ns
[2021-11-03T03:59:39.466+0000][7][safepoint    ] Safepoint "Cleanup", Time since last: 1002944920 ns, Reaching safepoint: 350670 ns, At safepoint: 6332 ns, Total: 357002 ns
[2021-11-03T03:59:40.469+0000][7][safepoint    ] Safepoint "Cleanup", Time since last: 1002315932 ns, Reaching safepoint: 235333 ns, At safepoint: 7044 ns, Total: 242377 ns
[2021-11-03T03:59:41.473+0000][7][safepoint    ] Safepoint "Cleanup", Time since last: 1003740867 ns, Reaching safepoint: 229877 ns, At safepoint: 6614 ns, Total: 236491 ns
[2021-11-03T03:59:42.475+0000][7][safepoint    ] Safepoint "Cleanup", Time since last: 1002576277 ns, Reaching safepoint: 231093 ns, At safepoint: 6943 ns, Total: 238036 ns
[2021-11-03T03:59:43.482+0000][7][safepoint    ] Safepoint "Cleanup", Time since last: 1006279241 ns, Reaching safepoint: 330699 ns, At safepoint: 13484 ns, Total: 344183 ns
[2021-11-03T03:59:44.488+0000][7][safepoint    ] Safepoint "Cleanup", Time since last: 1005900315 ns, Reaching safepoint: 166506 ns, At safepoint: 8271 ns, Total: 174777 ns
[2021-11-03T03:59:45.495+0000][7][safepoint    ] Safepoint "Cleanup", Time since last: 1006262382 ns, Reaching safepoint: 690060 ns, At safepoint: 127306 ns, Total: 817366 ns
[2021-11-03T03:59:46.497+0000][7][safepoint    ] Safepoint "Cleanup", Time since last: 1002004352 ns, Reaching safepoint: 176784 ns, At safepoint: 7025 ns, Total: 183809 ns
[2021-11-03T03:59:47.501+0000][7][safepoint    ] Safepoint "Cleanup", Time since last: 1002967311 ns, Reaching safepoint: 151202 ns, At safepoint: 5940 ns, Total: 157142 ns
[2021-11-03T03:59:48.508+0000][7][safepoint    ] Safepoint "Cleanup", Time since last: 1007507228 ns, Reaching safepoint: 191106 ns, At safepoint: 77144 ns, Total: 268250 ns
[2021-11-03T03:59:49.516+0000][7][safepoint    ] Safepoint "Cleanup", Time since last: 1007539366 ns, Reaching safepoint: 218019 ns, At safepoint: 10646 ns, Total: 228665 ns
[2021-11-03T03:59:50.528+0000][7][safepoint    ] Safepoint "Cleanup", Time since last: 1011153861 ns, Reaching safepoint: 306808 ns, At safepoint: 77937 ns, Total: 384745 ns
[2021-11-03T03:59:51.535+0000][7][safepoint    ] Safepoint "Cleanup", Time since last: 1006637653 ns, Reaching safepoint: 395240 ns, At safepoint: 73645 ns, Total: 468885 ns
[2021-11-03T03:59:52.543+0000][7][safepoint    ] Safepoint "Cleanup", Time since last: 1007825351 ns, Reaching safepoint: 597598 ns, At safepoint: 70432 ns, Total: 668030 ns
[2021-11-03T03:59:53.547+0000][7][safepoint    ] Safepoint "Cleanup", Time since last: 1003478538 ns, Reaching safepoint: 345629 ns, At safepoint: 7651 ns, Total: 353280 ns
[2021-11-03T03:59:54.550+0000][7][safepoint    ] Safepoint "Cleanup", Time since last: 1002678899 ns, Reaching safepoint: 416523 ns, At safepoint: 15954 ns, Total: 432477 ns
[2021-11-03T03:59:55.553+0000][7][safepoint    ] Safepoint "Cleanup", Time since last: 1002828463 ns, Reaching safepoint: 356194 ns, At safepoint: 11038 ns, Total: 367232 ns
[2021-11-03T03:59:56.563+0000][7][safepoint    ] Safepoint "Cleanup", Time since last: 1009210229 ns, Reaching safepoint: 479095 ns, At safepoint: 13262 ns, Total: 492357 ns
[2021-11-03T03:59:57.566+0000][7][safepoint    ] Safepoint "Cleanup", Time since last: 1001974651 ns, Reaching safepoint: 478814 ns, At safepoint: 71524 ns, Total: 550338 ns
[2021-11-03T03:59:58.568+0000][7][safepoint    ] Safepoint "Cleanup", Time since last: 1002235300 ns, Reaching safepoint: 418259 ns, At safepoint: 70046 ns, Total: 488305 ns
[2021-11-03T03:59:59.570+0000][7][safepoint    ] Safepoint "Cleanup", Time since last: 1001763019 ns, Reaching safepoint: 126797 ns, At safepoint: 2953 ns, Total: 129750 ns
[2021-11-03T04:00:00.572+0000][7][safepoint    ] Safepoint "Cleanup", Time since last: 1000994047 ns, Reaching safepoint: 312190 ns, At safepoint: 12593 ns, Total: 324783 ns
[2021-11-03T04:00:01.574+0000][7][safepoint    ] Safepoint "Cleanup", Time since last: 1001999949 ns, Reaching safepoint: 121276 ns, At safepoint: 4320 ns, Total: 125596 ns
[2021-11-03T04:00:02.576+0000][7][safepoint    ] Safepoint "Cleanup", Time since last: 1002156233 ns, Reaching safepoint: 493414 ns, At safepoint: 8576 ns, Total: 501990 ns
[2021-11-03T04:00:03.580+0000][7][safepoint    ] Safepoint "Cleanup", Time since last: 1003150296 ns, Reaching safepoint: 480410 ns, At safepoint: 14427 ns, Total: 494837 ns
[2021-11-03T04:00:04.583+0000][7][safepoint    ] Safepoint "Cleanup", Time since last: 1002491949 ns, Reaching safepoint: 227947 ns, At safepoint: 8115 ns, Total: 236062 ns
[2021-11-03T04:00:05.564+0000][7][safepoint    ] Safepoint "Cleanup", Time since last: 1002585509 ns, Reaching safepoint: 239231 ns, At safepoint: 6026 ns, Total: 245257 ns
[2021-11-03T04:00:06.567+0000][7][safepoint    ] Safepoint "Cleanup", Time since last: 1002482715 ns, Reaching safepoint: 208319 ns, At safepoint: 8856 ns, Total: 217175 ns
[2021-11-03T04:00:07.570+0000][7][safepoint    ] Safepoint "Cleanup", Time since last: 1002485300 ns, Reaching safepoint: 551223 ns, At safepoint: 10729 ns, Total: 561952 ns
[2021-11-03T04:00:08.574+0000][7][safepoint    ] Safepoint "Cleanup", Time since last: 1004024546 ns, Reaching safepoint: 303714 ns, At safepoint: 10504 ns, Total: 314218 ns
[2021-11-03T04:00:09.578+0000][7][safepoint    ] Safepoint "Cleanup", Time since last: 1003409835 ns, Reaching safepoint: 279054 ns, At safepoint: 6594 ns, Total: 285648 ns
[2021-11-03T04:00:10.579+0000][7][safepoint    ] Safepoint "Cleanup", Time since last: 1000969160 ns, Reaching safepoint: 337067 ns, At safepoint: 69064 ns, Total: 406131 ns
[2021-11-03T04:00:11.584+0000][7][safepoint    ] Safepoint "Cleanup", Time since last: 1004067320 ns, Reaching safepoint: 511196 ns, At safepoint: 24494 ns, Total: 535690 ns
[2021-11-03T04:00:12.589+0000][7][safepoint    ] Safepoint "Cleanup", Time since last: 1004267476 ns, Reaching safepoint: 438955 ns, At safepoint: 9882 ns, Total: 448837 ns
[2021-11-03T04:00:13.592+0000][7][safepoint    ] Safepoint "Cleanup", Time since last: 1003024536 ns, Reaching safepoint: 326507 ns, At safepoint: 11777 ns, Total: 338284 ns
[2021-11-03T04:00:14.594+0000][7][safepoint    ] Safepoint "Cleanup", Time since last: 1002043691 ns, Reaching safepoint: 159221 ns, At safepoint: 41466 ns, Total: 200687 ns
[2021-11-03T04:00:15.597+0000][7][safepoint    ] Safepoint "Cleanup", Time since last: 1002395906 ns, Reaching safepoint: 241819 ns, At safepoint: 6889 ns, Total: 248708 ns
[2021-11-03T04:00:16.603+0000][7][safepoint    ] Safepoint "Cleanup", Time since last: 1005546416 ns, Reaching safepoint: 414903 ns, At safepoint: 8577 ns, Total: 423480 ns
[2021-11-03T04:00:17.608+0000][7][safepoint    ] Safepoint "Cleanup", Time since last: 1004610162 ns, Reaching safepoint: 365069 ns, At safepoint: 8441 ns, Total: 373510 ns
[2021-11-03T04:00:18.615+0000][7][safepoint    ] Safepoint "Cleanup", Time since last: 1006953896 ns, Reaching safepoint: 325331 ns, At safepoint: 10756 ns, Total: 336087 ns
[2021-11-03T04:00:19.619+0000][7][safepoint    ] Safepoint "Cleanup", Time since last: 1003208857 ns, Reaching safepoint: 293289 ns, At safepoint: 11879 ns, Total: 305168 ns
[2021-11-03T04:00:20.627+0000][7][safepoint    ] Safepoint "Cleanup", Time since last: 1008100845 ns, Reaching safepoint: 249699 ns, At safepoint: 6919 ns, Total: 256618 ns
[2021-11-03T04:00:21.634+0000][7][safepoint    ] Safepoint "Cleanup", Time since last: 1007097762 ns, Reaching safepoint: 173574 ns, At safepoint: 6796 ns, Total: 180370 ns
[2021-11-03T04:00:22.644+0000][7][safepoint    ] Safepoint "Cleanup", Time since last: 1009064925 ns, Reaching safepoint: 174140 ns, At safepoint: 6625 ns, Total: 180765 ns
[2021-11-03T04:00:23.646+0000][7][safepoint    ] Safepoint "Cleanup", Time since last: 1002374294 ns, Reaching safepoint: 196095 ns, At safepoint: 6821 ns, Total: 202916 ns
[2021-11-03T04:00:24.654+0000][7][safepoint    ] Safepoint "Cleanup", Time since last: 1007616274 ns, Reaching safepoint: 169856 ns, At safepoint: 8361 ns, Total: 178217 ns
[2021-11-03T04:00:25.658+0000][7][safepoint    ] Safepoint "Cleanup", Time since last: 1003804348 ns, Reaching safepoint: 238582 ns, At safepoint: 78969 ns, Total: 317551 ns
[2021-11-03T04:00:26.662+0000][7][safepoint    ] Safepoint "Cleanup", Time since last: 1002787510 ns, Reaching safepoint: 573467 ns, At safepoint: 23333 ns, Total: 596800 ns
[2021-11-03T04:00:27.665+0000][7][safepoint    ] Safepoint "Cleanup", Time since last: 1003410100 ns, Reaching safepoint: 387192 ns, At safepoint: 8782 ns, Total: 395974 ns
[2021-11-03T04:00:28.668+0000][7][safepoint    ] Safepoint "Cleanup", Time since last: 1002749564 ns, Reaching safepoint: 166859 ns, At safepoint: 6838 ns, Total: 173697 ns
[2021-11-03T04:00:29.673+0000][7][safepoint    ] Safepoint "Cleanup", Time since last: 1004714536 ns, Reaching safepoint: 171548 ns, At safepoint: 6348 ns, Total: 177896 ns
[2021-11-03T04:00:30.677+0000][7][safepoint    ] Safepoint "Cleanup", Time since last: 1003268305 ns, Reaching safepoint: 166163 ns, At safepoint: 6567 ns, Total: 172730 ns
[2021-11-03T04:00:31.679+0000][7][safepoint    ] Safepoint "Cleanup", Time since last: 1002402899 ns, Reaching safepoint: 165840 ns, At safepoint: 6332 ns, Total: 172172 ns
[2021-11-03T04:00:32.683+0000][7][safepoint    ] Safepoint "Cleanup", Time since last: 1003994102 ns, Reaching safepoint: 172734 ns, At safepoint: 4628 ns, Total: 177362 ns
[2021-11-03T04:00:33.688+0000][7][safepoint    ] Safepoint "Cleanup", Time since last: 1004178318 ns, Reaching safepoint: 400235 ns, At safepoint: 7503 ns, Total: 407738 ns
[2021-11-03T04:00:34.691+0000][7][safepoint    ] Safepoint "Cleanup", Time since last: 1002677733 ns, Reaching safepoint: 270977 ns, At safepoint: 6782 ns, Total: 277759 ns
[2021-11-03T04:00:35.676+0000][7][safepoint    ] Safepoint "Cleanup", Time since last: 1006170889 ns, Reaching safepoint: 181536 ns, At safepoint: 7276 ns, Total: 188812 ns
[2021-11-03T04:00:36.683+0000][7][safepoint    ] Safepoint "Cleanup", Time since last: 1006019422 ns, Reaching safepoint: 901408 ns, At safepoint: 147821 ns, Total: 1049229 ns
[2021-11-03T04:00:37.694+0000][7][safepoint    ] Safepoint "Cleanup", Time since last: 1010221316 ns, Reaching safepoint: 362945 ns, At safepoint: 8374 ns, Total: 371319 ns
[2021-11-03T04:00:38.697+0000][7][safepoint    ] Safepoint "Cleanup", Time since last: 1002767262 ns, Reaching safepoint: 235885 ns, At safepoint: 7832 ns, Total: 243717 ns
[2021-11-03T04:00:39.700+0000][7][safepoint    ] Safepoint "Cleanup", Time since last: 1002573260 ns, Reaching safepoint: 782490 ns, At safepoint: 16428 ns, Total: 798918 ns
[2021-11-03T04:00:40.704+0000][7][safepoint    ] Safepoint "Cleanup", Time since last: 1003476672 ns, Reaching safepoint: 169798 ns, At safepoint: 6795 ns, Total: 176593 ns
[2021-11-03T04:00:41.710+0000][7][safepoint    ] Safepoint "Cleanup", Time since last: 1006365569 ns, Reaching safepoint: 277851 ns, At safepoint: 84754 ns, Total: 362605 ns
[2021-11-03T04:00:42.718+0000][7][safepoint    ] Safepoint "Cleanup", Time since last: 1006995835 ns, Reaching safepoint: 436457 ns, At safepoint: 6738 ns, Total: 443195 ns
[2021-11-03T04:00:43.722+0000][7][safepoint    ] Safepoint "Cleanup", Time since last: 1003367055 ns, Reaching safepoint: 296209 ns, At safepoint: 8109 ns, Total: 304318 ns
[2021-11-03T04:00:44.728+0000][7][safepoint    ] Safepoint "Cleanup", Time since last: 1006480651 ns, Reaching safepoint: 166078 ns, At safepoint: 6642 ns, Total: 172720 ns
[2021-11-03T04:00:45.731+0000][7][safepoint    ] Safepoint "Cleanup", Time since last: 1002918450 ns, Reaching safepoint: 171099 ns, At safepoint: 6249 ns, Total: 177348 ns
[2021-11-03T04:00:46.738+0000][7][safepoint    ] Safepoint "Cleanup", Time since last: 1006860859 ns, Reaching safepoint: 236182 ns, At safepoint: 7714 ns, Total: 243896 ns
[2021-11-03T04:00:47.745+0000][7][safepoint    ] Safepoint "Cleanup", Time since last: 1006526203 ns, Reaching safepoint: 163334 ns, At safepoint: 6740 ns, Total: 170074 ns
[2021-11-03T04:00:48.748+0000][7][safepoint    ] Safepoint "Cleanup", Time since last: 1003041160 ns, Reaching safepoint: 171771 ns, At safepoint: 8143 ns, Total: 179914 ns
[2021-11-03T04:00:49.751+0000][7][safepoint    ] Safepoint "Cleanup", Time since last: 1002785119 ns, Reaching safepoint: 169575 ns, At safepoint: 6043 ns, Total: 175618 ns
[2021-11-03T04:00:50.754+0000][7][safepoint    ] Safepoint "Cleanup", Time since last: 1002918860 ns, Reaching safepoint: 163878 ns, At safepoint: 7036 ns, Total: 170914 ns
[2021-11-03T04:00:51.759+0000][7][safepoint    ] Safepoint "Cleanup", Time since last: 1004089102 ns, Reaching safepoint: 160949 ns, At safepoint: 5926 ns, Total: 166875 ns
[2021-11-03T04:00:52.762+0000][7][safepoint    ] Safepoint "Cleanup", Time since last: 1002716827 ns, Reaching safepoint: 340272 ns, At safepoint: 6802 ns, Total: 347074 ns
[2021-11-03T04:00:53.764+0000][7][safepoint    ] Safepoint "Cleanup", Time since last: 1002243349 ns, Reaching safepoint: 95107 ns, At safepoint: 2189 ns, Total: 97296 ns
[2021-11-03T04:00:54.767+0000][7][safepoint    ] Safepoint "Cleanup", Time since last: 1002531181 ns, Reaching safepoint: 175011 ns, At safepoint: 6642 ns, Total: 181653 ns
[2021-11-03T04:00:55.771+0000][7][safepoint    ] Safepoint "Cleanup", Time since last: 1003781049 ns, Reaching safepoint: 166895 ns, At safepoint: 6637 ns, Total: 173532 ns
[2021-11-03T04:00:56.777+0000][7][safepoint    ] Safepoint "Cleanup", Time since last: 1006440160 ns, Reaching safepoint: 150186 ns, At safepoint: 6349 ns, Total: 156535 ns
[2021-11-03T04:00:57.786+0000][7][safepoint    ] Safepoint "Cleanup", Time since last: 1008676110 ns, Reaching safepoint: 183647 ns, At safepoint: 6254 ns, Total: 189901 ns
[2021-11-03T04:00:58.794+0000][7][safepoint    ] Safepoint "Cleanup", Time since last: 1007190883 ns, Reaching safepoint: 214393 ns, At safepoint: 3638 ns, Total: 218031 ns
[2021-11-03T04:00:59.799+0000][7][safepoint    ] Safepoint "Cleanup", Time since last: 1004502046 ns, Reaching safepoint: 572349 ns, At safepoint: 10179 ns, Total: 582528 ns
[2021-11-03T04:01:00.803+0000][7][safepoint    ] Safepoint "Cleanup", Time since last: 1003616643 ns, Reaching safepoint: 461972 ns, At safepoint: 9173 ns, Total: 471145 ns
[2021-11-03T04:01:01.806+0000][7][safepoint    ] Safepoint "Cleanup", Time since last: 1003341964 ns, Reaching safepoint: 140745 ns, At safepoint: 7326 ns, Total: 148071 ns
[2021-11-03T04:01:02.808+0000][7][safepoint    ] Safepoint "Cleanup", Time since last: 1001550661 ns, Reaching safepoint: 225183 ns, At safepoint: 5251 ns, Total: 230434 ns
[2021-11-03T04:01:03.817+0000][7][safepoint    ] Safepoint "Cleanup", Time since last: 1008442987 ns, Reaching safepoint: 172560 ns, At safepoint: 6099 ns, Total: 178659 ns
[2021-11-03T04:01:04.820+0000][7][safepoint    ] Safepoint "Cleanup", Time since last: 1002741559 ns, Reaching safepoint: 434747 ns, At safepoint: 6066 ns, Total: 440813 ns
[2021-11-03T04:01:05.806+0000][7][safepoint    ] Safepoint "Cleanup", Time since last: 1006648120 ns, Reaching safepoint: 214103 ns, At safepoint: 6486 ns, Total: 220589 ns
[2021-11-03T04:01:06.810+0000][7][safepoint    ] Safepoint "Cleanup", Time since last: 1003413107 ns, Reaching safepoint: 172865 ns, At safepoint: 6519 ns, Total: 179384 ns
[2021-11-03T04:01:07.817+0000][7][safepoint    ] Safepoint "Cleanup", Time since last: 1006917891 ns, Reaching safepoint: 188400 ns, At safepoint: 7213 ns, Total: 195613 ns
[2021-11-03T04:01:08.824+0000][7][safepoint    ] Safepoint "Cleanup", Time since last: 1006612027 ns, Reaching safepoint: 363165 ns, At safepoint: 10309 ns, Total: 373474 ns
[2021-11-03T04:01:09.828+0000][7][safepoint    ] Safepoint "Cleanup", Time since last: 1004355096 ns, Reaching safepoint: 244044 ns, At safepoint: 7225 ns, Total: 251269 ns
[2021-11-03T04:01:10.835+0000][7][safepoint    ] Safepoint "Cleanup", Time since last: 1006628929 ns, Reaching safepoint: 177105 ns, At safepoint: 7139 ns, Total: 184244 ns
[2021-11-03T04:01:11.841+0000][7][safepoint    ] Safepoint "Cleanup", Time since last: 1005464889 ns, Reaching safepoint: 406348 ns, At safepoint: 7547 ns, Total: 413895 ns
[2021-11-03T04:01:12.847+0000][7][safepoint    ] Safepoint "Cleanup", Time since last: 1005819337 ns, Reaching safepoint: 495976 ns, At safepoint: 19076 ns, Total: 515052 ns
[2021-11-03T04:01:13.851+0000][7][safepoint    ] Safepoint "Cleanup", Time since last: 1003725032 ns, Reaching safepoint: 234306 ns, At safepoint: 6167 ns, Total: 240473 ns
[2021-11-03T04:01:14.857+0000][7][safepoint    ] Safepoint "Cleanup", Time since last: 1005924518 ns, Reaching safepoint: 238644 ns, At safepoint: 7448 ns, Total: 246092 ns
[2021-11-03T04:01:15.867+0000][7][safepoint    ] Safepoint "Cleanup", Time since last: 1009394750 ns, Reaching safepoint: 98095 ns, At safepoint: 2490 ns, Total: 100585 ns
[2021-11-03T04:01:16.872+0000][7][safepoint    ] Safepoint "Cleanup", Time since last: 1004650234 ns, Reaching safepoint: 71288 ns, At safepoint: 2122 ns, Total: 73410 ns
[2021-11-03T04:01:17.874+0000][7][safepoint    ] Safepoint "Cleanup", Time since last: 1001201888 ns, Reaching safepoint: 1001882 ns, At safepoint: 20421 ns, Total: 1022303 ns
[2021-11-03T04:01:18.882+0000][7][safepoint    ] Safepoint "Cleanup", Time since last: 1005940607 ns, Reaching safepoint: 1391142 ns, At safepoint: 853099 ns, Total: 2244241 ns
[2021-11-03T04:01:19.887+0000][7][safepoint    ] Safepoint "Cleanup", Time since last: 1005050441 ns, Reaching safepoint: 343455 ns, At safepoint: 11503 ns, Total: 354958 ns
[2021-11-03T04:01:20.890+0000][7][safepoint    ] Safepoint "Cleanup", Time since last: 1002598120 ns, Reaching safepoint: 109868 ns, At safepoint: 2494 ns, Total: 112362 ns
[2021-11-03T04:01:21.891+0000][7][safepoint    ] Safepoint "Cleanup", Time since last: 1000882158 ns, Reaching safepoint: 161609 ns, At safepoint: 4265 ns, Total: 165874 ns
[2021-11-03T04:01:22.894+0000][7][safepoint    ] Safepoint "Cleanup", Time since last: 1002578727 ns, Reaching safepoint: 119820 ns, At safepoint: 4499 ns, Total: 124319 ns
[2021-11-03T04:01:23.897+0000][7][safepoint    ] Safepoint "Cleanup", Time since last: 1003199836 ns, Reaching safepoint: 114867 ns, At safepoint: 3304 ns, Total: 118171 ns
[2021-11-03T04:01:24.903+0000][7][safepoint    ] Safepoint "Cleanup", Time since last: 1005199152 ns, Reaching safepoint: 174025 ns, At safepoint: 6313 ns, Total: 180338 ns
[2021-11-03T04:01:25.905+0000][7][safepoint    ] Safepoint "Cleanup", Time since last: 1002152422 ns, Reaching safepoint: 87426 ns, At safepoint: 2316 ns, Total: 89742 ns
[2021-11-03T04:01:27.098+0000][7][safepoint    ] Safepoint "Cleanup", Time since last: 1192931142 ns, Reaching safepoint: 197563 ns, At safepoint: 6463 ns, Total: 204026 ns
[2021-11-03T04:01:28.102+0000][7][safepoint    ] Safepoint "Cleanup", Time since last: 1003789270 ns, Reaching safepoint: 177388 ns, At safepoint: 6495 ns, Total: 183883 ns
[2021-11-03T04:01:29.110+0000][7][safepoint    ] Safepoint "Cleanup", Time since last: 1007877308 ns, Reaching safepoint: 306380 ns, At safepoint: 11919 ns, Total: 318299 ns
[2021-11-03T04:01:30.115+0000][7][safepoint    ] Safepoint "Cleanup", Time since last: 1004796609 ns, Reaching safepoint: 319470 ns, At safepoint: 13256 ns, Total: 332726 ns
[2021-11-03T04:01:31.124+0000][7][safepoint    ] Safepoint "Cleanup", Time since last: 1007843487 ns, Reaching safepoint: 446460 ns, At safepoint: 9463 ns, Total: 455923 ns
[2021-11-03T04:01:32.128+0000][7][safepoint    ] Safepoint "Cleanup", Time since last: 1004519839 ns, Reaching safepoint: 234835 ns, At safepoint: 6941 ns, Total: 241776 ns
[2021-11-03T04:01:33.136+0000][7][safepoint    ] Safepoint "Cleanup", Time since last: 1007079623 ns, Reaching safepoint: 246593 ns, At safepoint: 6407 ns, Total: 253000 ns
[2021-11-03T04:01:34.140+0000][7][safepoint    ] Safepoint "Cleanup", Time since last: 1004068402 ns, Reaching safepoint: 240453 ns, At safepoint: 6345 ns, Total: 246798 ns
[2021-11-03T04:01:35.148+0000][7][safepoint    ] Safepoint "Cleanup", Time since last: 1007901864 ns, Reaching safepoint: 303434 ns, At safepoint: 6510 ns, Total: 309944 ns
[2021-11-03T04:01:36.135+0000][7][safepoint    ] Safepoint "Cleanup", Time since last: 1007710446 ns, Reaching safepoint: 304390 ns, At safepoint: 12007 ns, Total: 316397 ns
[2021-11-03T04:01:37.140+0000][7][safepoint    ] Safepoint "Cleanup", Time since last: 1004450466 ns, Reaching safepoint: 117884 ns, At safepoint: 2406 ns, Total: 120290 ns
[2021-11-03T04:01:38.142+0000][7][safepoint    ] Safepoint "Cleanup", Time since last: 1001562045 ns, Reaching safepoint: 285944 ns, At safepoint: 5264 ns, Total: 291208 ns
[2021-11-03T04:01:39.150+0000][7][safepoint    ] Safepoint "Cleanup", Time since last: 1008687469 ns, Reaching safepoint: 165020 ns, At safepoint: 2624 ns, Total: 167644 ns
[2021-11-03T04:01:40.159+0000][7][safepoint    ] Safepoint "Cleanup", Time since last: 1008936317 ns, Reaching safepoint: 87658 ns, At safepoint: 1845 ns, Total: 89503 ns
[2021-11-03T04:01:41.164+0000][7][safepoint    ] Safepoint "Cleanup", Time since last: 1004599503 ns, Reaching safepoint: 97309 ns, At safepoint: 3062 ns, Total: 100371 ns
[2021-11-03T04:01:42.166+0000][7][safepoint    ] Safepoint "Cleanup", Time since last: 1002038214 ns, Reaching safepoint: 176387 ns, At safepoint: 6854 ns, Total: 183241 ns
[2021-11-03T04:01:43.175+0000][7][safepoint    ] Safepoint "Cleanup", Time since last: 1008669589 ns, Reaching safepoint: 164780 ns, At safepoint: 6251 ns, Total: 171031 ns
[2021-11-03T04:01:44.177+0000][7][safepoint    ] Safepoint "Cleanup", Time since last: 1002117489 ns, Reaching safepoint: 163536 ns, At safepoint: 6181 ns, Total: 169717 ns
[2021-11-03T04:01:45.181+0000][7][safepoint    ] Safepoint "Cleanup", Time since last: 1003034581 ns, Reaching safepoint: 397088 ns, At safepoint: 6043 ns, Total: 403131 ns
[2021-11-03T04:01:46.191+0000][7][safepoint    ] Safepoint "Cleanup", Time since last: 1009438624 ns, Reaching safepoint: 683482 ns, At safepoint: 10759 ns, Total: 694241 ns
[2021-11-03T04:01:47.197+0000][7][safepoint    ] Safepoint "Cleanup", Time since last: 1005688877 ns, Reaching safepoint: 164164 ns, At safepoint: 5451 ns, Total: 169615 ns
[2021-11-03T04:01:48.200+0000][7][safepoint    ] Safepoint "Cleanup", Time since last: 1002545506 ns, Reaching safepoint: 340151 ns, At safepoint: 7887 ns, Total: 348038 ns
[2021-11-03T04:01:49.203+0000][7][safepoint    ] Safepoint "Cleanup", Time since last: 1002656350 ns, Reaching safepoint: 296848 ns, At safepoint: 3995 ns, Total: 300843 ns
[2021-11-03T04:01:50.212+0000][7][safepoint    ] Safepoint "Cleanup", Time since last: 1009191482 ns, Reaching safepoint: 169161 ns, At safepoint: 7208 ns, Total: 176369 ns
[2021-11-03T04:01:51.215+0000][7][safepoint    ] Safepoint "Cleanup", Time since last: 1002982301 ns, Reaching safepoint: 92816 ns, At safepoint: 2526 ns, Total: 95342 ns
[2021-11-03T04:01:52.217+0000][7][safepoint    ] Safepoint "Cleanup", Time since last: 1001636994 ns, Reaching safepoint: 115660 ns, At safepoint: 2920 ns, Total: 118580 ns
[2021-11-03T04:01:53.218+0000][7][safepoint    ] Safepoint "Cleanup", Time since last: 1001343448 ns, Reaching safepoint: 179920 ns, At safepoint: 4693 ns, Total: 184613 ns
[2021-11-03T04:01:54.221+0000][7][safepoint    ] Safepoint "Cleanup", Time since last: 1002174437 ns, Reaching safepoint: 175290 ns, At safepoint: 6681 ns, Total: 181971 ns
[2021-11-03T04:01:55.223+0000][7][safepoint    ] Safepoint "Cleanup", Time since last: 1002293670 ns, Reaching safepoint: 170318 ns, At safepoint: 6643 ns, Total: 176961 ns
[2021-11-03T04:01:56.227+0000][7][safepoint    ] Safepoint "Cleanup", Time since last: 1003187230 ns, Reaching safepoint: 261222 ns, At safepoint: 6155 ns, Total: 267377 ns
[2021-11-03T04:01:57.237+0000][7][safepoint    ] Safepoint "Cleanup", Time since last: 1010108072 ns, Reaching safepoint: 163563 ns, At safepoint: 5955 ns, Total: 169518 ns
[2021-11-03T04:01:58.242+0000][7][safepoint    ] Safepoint "Cleanup", Time since last: 1005052386 ns, Reaching safepoint: 169344 ns, At safepoint: 7004 ns, Total: 176348 ns
[2021-11-03T04:01:59.252+0000][7][safepoint    ] Safepoint "Cleanup", Time since last: 1009961002 ns, Reaching safepoint: 178827 ns, At safepoint: 6426 ns, Total: 185253 ns
[2021-11-03T04:02:00.264+0000][7][safepoint    ] Safepoint "Cleanup", Time since last: 1011402407 ns, Reaching safepoint: 208364 ns, At safepoint: 7937 ns, Total: 216301 ns
[2021-11-03T04:02:01.273+0000][7][safepoint    ] Safepoint "Cleanup", Time since last: 1008340177 ns, Reaching safepoint: 186028 ns, At safepoint: 145569 ns, Total: 331597 ns
[2021-11-03T04:02:02.276+0000][7][safepoint    ] Safepoint "Cleanup", Time since last: 1002761441 ns, Reaching safepoint: 507301 ns, At safepoint: 11067 ns, Total: 518368 ns
[2021-11-03T04:02:03.278+0000][7][safepoint    ] Safepoint "Cleanup", Time since last: 1002288204 ns, Reaching safepoint: 237276 ns, At safepoint: 6566 ns, Total: 243842 ns
[2021-11-03T04:02:04.282+0000][7][safepoint    ] Safepoint "Cleanup", Time since last: 1002842855 ns, Reaching safepoint: 238440 ns, At safepoint: 6574 ns, Total: 245014 ns
[2021-11-03T04:02:05.285+0000][7][safepoint    ] Safepoint "Cleanup", Time since last: 1003447679 ns, Reaching safepoint: 302541 ns, At safepoint: 6366 ns, Total: 308907 ns
[2021-11-03T04:02:06.609+0000][7][safepoint    ] Safepoint "Cleanup", Time since last: 1344610445 ns, Reaching safepoint: 247288 ns, At safepoint: 6991 ns, Total: 254279 ns
[2021-11-03T04:02:07.614+0000][7][safepoint    ] Safepoint "Cleanup", Time since last: 1004220831 ns, Reaching safepoint: 304236 ns, At safepoint: 7450 ns, Total: 311686 ns
[2021-11-03T04:02:08.622+0000][7][safepoint    ] Safepoint "Cleanup", Time since last: 1008222622 ns, Reaching safepoint: 327042 ns, At safepoint: 71186 ns, Total: 398228 ns
[2021-11-03T04:02:09.629+0000][7][safepoint    ] Safepoint "Cleanup", Time since last: 1006749780 ns, Reaching safepoint: 236692 ns, At safepoint: 7645 ns, Total: 244337 ns
[2021-11-03T04:02:10.638+0000][7][safepoint    ] Safepoint "Cleanup", Time since last: 1008699476 ns, Reaching safepoint: 239487 ns, At safepoint: 8092 ns, Total: 247579 ns
[2021-11-03T04:02:11.641+0000][7][safepoint    ] Safepoint "Cleanup", Time since last: 1002286686 ns, Reaching safepoint: 162016 ns, At safepoint: 5179 ns, Total: 167195 ns
[2021-11-03T04:02:12.653+0000][7][safepoint    ] Safepoint "Cleanup", Time since last: 1011823925 ns, Reaching safepoint: 88449 ns, At safepoint: 2480 ns, Total: 90929 ns
[2021-11-03T04:02:13.654+0000][7][safepoint    ] Safepoint "Cleanup", Time since last: 1001229661 ns, Reaching safepoint: 134837 ns, At safepoint: 4959 ns, Total: 139796 ns
[2021-11-03T04:02:14.659+0000][7][safepoint    ] Safepoint "Cleanup", Time since last: 1005085397 ns, Reaching safepoint: 152104 ns, At safepoint: 6975 ns, Total: 159079 ns
[2021-11-03T04:02:15.778+0000][7][safepoint    ] Safepoint "Cleanup", Time since last: 1006533241 ns, Reaching safepoint: 111008995 ns, At safepoint: 18138 ns, Total: 111027133 ns
[2021-11-03T04:02:16.791+0000][7][safepoint    ] Safepoint "Cleanup", Time since last: 1014055285 ns, Reaching safepoint: 337269 ns, At safepoint: 4405 ns, Total: 341674 ns
[2021-11-03T04:02:17.816+0000][7][safepoint    ] Safepoint "Cleanup", Time since last: 1024216132 ns, Reaching safepoint: 877117 ns, At safepoint: 5541 ns, Total: 882658 ns
[2021-11-03T04:02:18.860+0000][7][safepoint    ] Safepoint "Cleanup", Time since last: 1043189581 ns, Reaching safepoint: 210586 ns, At safepoint: 15048 ns, Total: 225634 ns
[2021-11-03T04:02:19.862+0000][7][safepoint    ] Safepoint "Cleanup", Time since last: 1002480879 ns, Reaching safepoint: 145485 ns, At safepoint: 3903 ns, Total: 149388 ns
[2021-11-03T04:02:20.864+0000][7][safepoint    ] Safepoint "Cleanup", Time since last: 1001262059 ns, Reaching safepoint: 663112 ns, At safepoint: 16893 ns, Total: 680005 ns
[2021-11-03T04:02:21.871+0000][7][safepoint    ] Safepoint "Cleanup", Time since last: 1005770054 ns, Reaching safepoint: 815238 ns, At safepoint: 24730 ns, Total: 839968 ns
[2021-11-03T04:02:22.873+0000][7][safepoint    ] Safepoint "Cleanup", Time since last: 1002159619 ns, Reaching safepoint: 164410 ns, At safepoint: 3855 ns, Total: 168265 ns
[2021-11-03T04:02:23.875+0000][7][safepoint    ] Safepoint "Cleanup", Time since last: 1001504047 ns, Reaching safepoint: 220554 ns, At safepoint: 6040 ns, Total: 226594 ns
[2021-11-03T04:02:24.878+0000][7][safepoint    ] Safepoint "Cleanup", Time since last: 1003345494 ns, Reaching safepoint: 138338 ns, At safepoint: 4459 ns, Total: 142797 ns
[2021-11-03T04:02:25.886+0000][7][safepoint    ] Safepoint "Cleanup", Time since last: 1007135149 ns, Reaching safepoint: 436249 ns, At safepoint: 9234 ns, Total: 445483 ns
[2021-11-03T04:02:26.889+0000][7][safepoint    ] Safepoint "Cleanup", Time since last: 1003059591 ns, Reaching safepoint: 295197 ns, At safepoint: 8078 ns, Total: 303275 ns
[2021-11-03T04:02:27.896+0000][7][safepoint    ] Safepoint "Cleanup", Time since last: 1006452411 ns, Reaching safepoint: 250957 ns, At safepoint: 7576 ns, Total: 258533 ns
[2021-11-03T04:02:28.898+0000][7][safepoint    ] Safepoint "Cleanup", Time since last: 1001603603 ns, Reaching safepoint: 532286 ns, At safepoint: 16571 ns, Total: 548857 ns
[2021-11-03T04:02:29.903+0000][7][safepoint    ] Safepoint "Cleanup", Time since last: 1004308538 ns, Reaching safepoint: 630168 ns, At safepoint: 19212 ns, Total: 649380 ns
[2021-11-03T04:02:30.915+0000][7][safepoint    ] Safepoint "Cleanup", Time since last: 1011551964 ns, Reaching safepoint: 625675 ns, At safepoint: 25845 ns, Total: 651520 ns
[2021-11-03T04:02:31.919+0000][7][safepoint    ] Safepoint "Cleanup", Time since last: 1003030513 ns, Reaching safepoint: 880720 ns, At safepoint: 24096 ns, Total: 904816 ns
[2021-11-03T04:02:32.924+0000][7][safepoint    ] Safepoint "Cleanup", Time since last: 1004191019 ns, Reaching safepoint: 605724 ns, At safepoint: 17304 ns, Total: 623028 ns
[2021-11-03T04:02:33.927+0000][7][safepoint    ] Safepoint "Cleanup", Time since last: 1002184914 ns, Reaching safepoint: 449395 ns, At safepoint: 9234 ns, Total: 458629 ns
[2021-11-03T04:02:34.936+0000][7][safepoint    ] Safepoint "Cleanup", Time since last: 1008636912 ns, Reaching safepoint: 659953 ns, At safepoint: 9479 ns, Total: 669432 ns
[2021-11-03T04:02:35.918+0000][7][safepoint    ] Safepoint "Cleanup", Time since last: 1002254904 ns, Reaching safepoint: 493484 ns, At safepoint: 10785 ns, Total: 504269 ns
[2021-11-03T04:02:36.921+0000][7][safepoint    ] Safepoint "Cleanup", Time since last: 1003250952 ns, Reaching safepoint: 148551 ns, At safepoint: 3448 ns, Total: 151999 ns
[2021-11-03T04:02:37.949+0000][7][safepoint    ] Safepoint "Cleanup", Time since last: 1027217718 ns, Reaching safepoint: 236198 ns, At safepoint: 4343 ns, Total: 240541 ns
[2021-11-03T04:02:38.952+0000][7][safepoint    ] Safepoint "Cleanup", Time since last: 1003289105 ns, Reaching safepoint: 162498 ns, At safepoint: 17832 ns, Total: 180330 ns
[2021-11-03T04:02:39.957+0000][7][safepoint    ] Safepoint "Cleanup", Time since last: 1004559940 ns, Reaching safepoint: 230807 ns, At safepoint: 5166 ns, Total: 235973 ns
[2021-11-03T04:02:40.959+0000][7][safepoint    ] Safepoint "Cleanup", Time since last: 1001875177 ns, Reaching safepoint: 282507 ns, At safepoint: 5850 ns, Total: 288357 ns
[2021-11-03T04:02:41.964+0000][7][safepoint    ] Safepoint "Cleanup", Time since last: 1003737932 ns, Reaching safepoint: 420892 ns, At safepoint: 8959 ns, Total: 429851 ns
[2021-11-03T04:02:42.970+0000][7][safepoint    ] Safepoint "Cleanup", Time since last: 1006053767 ns, Reaching safepoint: 368910 ns, At safepoint: 8090 ns, Total: 377000 ns
[2021-11-03T04:02:43.978+0000][7][safepoint    ] Safepoint "Cleanup", Time since last: 1008087857 ns, Reaching safepoint: 189934 ns, At safepoint: 6313 ns, Total: 196247 ns
[2021-11-03T04:02:44.993+0000][7][safepoint    ] Safepoint "Cleanup", Time since last: 1014906078 ns, Reaching safepoint: 212273 ns, At safepoint: 7287 ns, Total: 219560 ns
[2021-11-03T04:02:45.998+0000][7][safepoint    ] Safepoint "Cleanup", Time since last: 1004389890 ns, Reaching safepoint: 173925 ns, At safepoint: 6275 ns, Total: 180200 ns
[2021-11-03T04:02:47.000+0000][7][safepoint    ] Safepoint "Cleanup", Time since last: 1001648124 ns, Reaching safepoint: 285899 ns, At safepoint: 6992 ns, Total: 292891 ns
[2021-11-03T04:02:48.007+0000][7][safepoint    ] Safepoint "Cleanup", Time since last: 1003847464 ns, Reaching safepoint: 2883897 ns, At safepoint: 134141 ns, Total: 3018038 ns
[2021-11-03T04:02:49.009+0000][7][safepoint    ] Safepoint "Cleanup", Time since last: 1002547798 ns, Reaching safepoint: 180463 ns, At safepoint: 6704 ns, Total: 187167 ns
[2021-11-03T04:02:50.012+0000][7][safepoint    ] Safepoint "Cleanup", Time since last: 1002756582 ns, Reaching safepoint: 180061 ns, At safepoint: 6520 ns, Total: 186581 ns
[2021-11-03T04:02:51.015+0000][7][safepoint    ] Safepoint "Cleanup", Time since last: 1002511943 ns, Reaching safepoint: 172922 ns, At safepoint: 6575 ns, Total: 179497 ns
[2021-11-03T04:02:52.018+0000][7][safepoint    ] Safepoint "Cleanup", Time since last: 1002761911 ns, Reaching safepoint: 218256 ns, At safepoint: 71835 ns, Total: 290091 ns
[2021-11-03T04:02:53.020+0000][7][safepoint    ] Safepoint "Cleanup", Time since last: 1001946950 ns, Reaching safepoint: 176460 ns, At safepoint: 6375 ns, Total: 182835 ns
[2021-11-03T04:02:54.025+0000][7][safepoint    ] Safepoint "Cleanup", Time since last: 1004610805 ns, Reaching safepoint: 322046 ns, At safepoint: 48610 ns, Total: 370656 ns
[2021-11-03T04:02:55.028+0000][7][safepoint    ] Safepoint "Cleanup", Time since last: 1002215192 ns, Reaching safepoint: 180823 ns, At safepoint: 6510 ns, Total: 187333 ns
[2021-11-03T04:02:56.032+0000][7][safepoint    ] Safepoint "Cleanup", Time since last: 1004508730 ns, Reaching safepoint: 180063 ns, At safepoint: 5903 ns, Total: 185966 ns
[2021-11-03T04:02:57.036+0000][7][safepoint    ] Safepoint "Cleanup", Time since last: 1003769694 ns, Reaching safepoint: 164669 ns, At safepoint: 6151 ns, Total: 170820 ns
[2021-11-03T04:02:58.043+0000][7][safepoint    ] Safepoint "Cleanup", Time since last: 1006187862 ns, Reaching safepoint: 176115 ns, At safepoint: 6705 ns, Total: 182820 ns
[2021-11-03T04:02:59.045+0000][7][safepoint    ] Safepoint "Cleanup", Time since last: 1002357244 ns, Reaching safepoint: 177580 ns, At safepoint: 77473 ns, Total: 255053 ns
[2021-11-03T04:03:00.048+0000][7][safepoint    ] Safepoint "Cleanup", Time since last: 1002915164 ns, Reaching safepoint: 165870 ns, At safepoint: 71351 ns, Total: 237221 ns
[2021-11-03T04:03:01.054+0000][7][safepoint    ] Safepoint "Cleanup", Time since last: 1005187938 ns, Reaching safepoint: 473722 ns, At safepoint: 73396 ns, Total: 547118 ns
[2021-11-03T04:03:02.058+0000][7][safepoint    ] Safepoint "Cleanup", Time since last: 1003876673 ns, Reaching safepoint: 238895 ns, At safepoint: 6437 ns, Total: 245332 ns
[2021-11-03T04:03:03.065+0000][7][safepoint    ] Safepoint "Cleanup", Time since last: 1006435056 ns, Reaching safepoint: 228279 ns, At safepoint: 6029 ns, Total: 234308 ns
[2021-11-03T04:03:04.069+0000][7][safepoint    ] Safepoint "Cleanup", Time since last: 1003352929 ns, Reaching safepoint: 568300 ns, At safepoint: 71640 ns, Total: 639940 ns
[2021-11-03T04:03:05.072+0000][7][safepoint    ] Safepoint "Cleanup", Time since last: 1003216118 ns, Reaching safepoint: 234820 ns, At safepoint: 6200 ns, Total: 241020 ns
[2021-11-03T04:03:06.056+0000][7][safepoint    ] Safepoint "Cleanup", Time since last: 1003436463 ns, Reaching safepoint: 1568198 ns, At safepoint: 8784 ns, Total: 1576982 ns
[2021-11-03T04:03:07.059+0000][7][safepoint    ] Safepoint "Cleanup", Time since last: 1002131432 ns, Reaching safepoint: 456288 ns, At safepoint: 10602 ns, Total: 466890 ns
[2021-11-03T04:03:08.062+0000][7][safepoint    ] Safepoint "Cleanup", Time since last: 1002915892 ns, Reaching safepoint: 187083 ns, At safepoint: 4904 ns, Total: 191987 ns
[2021-11-03T04:03:09.064+0000][7][safepoint    ] Safepoint "Cleanup", Time since last: 1001875071 ns, Reaching safepoint: 244170 ns, At safepoint: 6423 ns, Total: 250593 ns
[2021-11-03T04:03:10.067+0000][7][safepoint    ] Safepoint "Cleanup", Time since last: 1002351657 ns, Reaching safepoint: 370843 ns, At safepoint: 5741 ns, Total: 376584 ns
[2021-11-03T04:03:11.068+0000][7][safepoint    ] Safepoint "Cleanup", Time since last: 1001383628 ns, Reaching safepoint: 175806 ns, At safepoint: 5426 ns, Total: 181232 ns
[2021-11-03T04:03:12.071+0000][7][safepoint    ] Safepoint "Cleanup", Time since last: 1002653588 ns, Reaching safepoint: 221641 ns, At safepoint: 6393 ns, Total: 228034 ns
[2021-11-03T04:03:13.074+0000][7][safepoint    ] Safepoint "Cleanup", Time since last: 1002150796 ns, Reaching safepoint: 323623 ns, At safepoint: 3916 ns, Total: 327539 ns
[2021-11-03T04:03:14.075+0000][7][safepoint    ] Safepoint "Cleanup", Time since last: 1001590711 ns, Reaching safepoint: 315812 ns, At safepoint: 5854 ns, Total: 321666 ns
[2021-11-03T04:03:15.078+0000][7][safepoint    ] Safepoint "Cleanup", Time since last: 1002504974 ns, Reaching safepoint: 240079 ns, At safepoint: 7449 ns, Total: 247528 ns
[2021-11-03T04:03:16.082+0000][7][safepoint    ] Safepoint "Cleanup", Time since last: 1003925606 ns, Reaching safepoint: 170343 ns, At safepoint: 6356 ns, Total: 176699 ns
[2021-11-03T04:03:17.085+0000][7][safepoint    ] Safepoint "Cleanup", Time since last: 1002017016 ns, Reaching safepoint: 210406 ns, At safepoint: 6203 ns, Total: 216609 ns
[2021-11-03T04:03:18.087+0000][7][safepoint    ] Safepoint "Cleanup", Time since last: 1002005981 ns, Reaching safepoint: 392619 ns, At safepoint: 8464 ns, Total: 401083 ns
[2021-11-03T04:03:19.090+0000][7][safepoint    ] Safepoint "Cleanup", Time since last: 1002620044 ns, Reaching safepoint: 264124 ns, At safepoint: 72601 ns, Total: 336725 ns
[2021-11-03T04:03:20.092+0000][7][safepoint    ] Safepoint "Cleanup", Time since last: 1002010013 ns, Reaching safepoint: 177625 ns, At safepoint: 5885 ns, Total: 183510 ns
[2021-11-03T04:03:21.095+0000][7][safepoint    ] Safepoint "Cleanup", Time since last: 1002399983 ns, Reaching safepoint: 334100 ns, At safepoint: 13218 ns, Total: 347318 ns
[2021-11-03T04:03:22.098+0000][7][safepoint    ] Safepoint "Cleanup", Time since last: 1002440820 ns, Reaching safepoint: 324968 ns, At safepoint: 6884 ns, Total: 331852 ns
[2021-11-03T04:03:23.100+0000][7][safepoint    ] Safepoint "Cleanup", Time since last: 1001806661 ns, Reaching safepoint: 657265 ns, At safepoint: 11616 ns, Total: 668881 ns
[2021-11-03T04:03:24.103+0000][7][safepoint    ] Safepoint "Cleanup", Time since last: 1002393281 ns, Reaching safepoint: 546924 ns, At safepoint: 10153 ns, Total: 557077 ns
[2021-11-03T04:03:25.108+0000][7][safepoint    ] Safepoint "Cleanup", Time since last: 1004342224 ns, Reaching safepoint: 487716 ns, At safepoint: 78561 ns, Total: 566277 ns
[2021-11-03T04:03:26.110+0000][7][safepoint    ] Safepoint "Cleanup", Time since last: 1001823731 ns, Reaching safepoint: 171560 ns, At safepoint: 6600 ns, Total: 178160 ns
[2021-11-03T04:03:27.115+0000][7][safepoint    ] Safepoint "Cleanup", Time since last: 1005010225 ns, Reaching safepoint: 171983 ns, At safepoint: 75352 ns, Total: 247335 ns
[2021-11-03T04:03:28.118+0000][7][safepoint    ] Safepoint "Cleanup", Time since last: 1002572310 ns, Reaching safepoint: 163415 ns, At safepoint: 6842 ns, Total: 170257 ns
[2021-11-03T04:03:29.123+0000][7][safepoint    ] Safepoint "Cleanup", Time since last: 1004606954 ns, Reaching safepoint: 174936 ns, At safepoint: 5990 ns, Total: 180926 ns
[2021-11-03T04:03:30.126+0000][7][safepoint    ] Safepoint "Cleanup", Time since last: 1002921530 ns, Reaching safepoint: 396180 ns, At safepoint: 9169 ns, Total: 405349 ns
[2021-11-03T04:03:31.133+0000][7][safepoint    ] Safepoint "Cleanup", Time since last: 1006445771 ns, Reaching safepoint: 177396 ns, At safepoint: 6564 ns, Total: 183960 ns
[2021-11-03T04:03:32.135+0000][7][safepoint    ] Safepoint "Cleanup", Time since last: 1001986809 ns, Reaching safepoint: 180293 ns, At safepoint: 5737 ns, Total: 186030 ns
[2021-11-03T04:03:33.139+0000][7][safepoint    ] Safepoint "Cleanup", Time since last: 1003201342 ns, Reaching safepoint: 596717 ns, At safepoint: 20479 ns, Total: 617196 ns
[2021-11-03T04:03:34.142+0000][7][safepoint    ] Safepoint "Cleanup", Time since last: 1002543276 ns, Reaching safepoint: 581445 ns, At safepoint: 11039 ns, Total: 592484 ns
[2021-11-03T04:03:35.146+0000][7][safepoint    ] Safepoint "Cleanup", Time since last: 1004242372 ns, Reaching safepoint: 267852 ns, At safepoint: 7345 ns, Total: 275197 ns
[2021-11-03T04:03:36.130+0000][7][safepoint    ] Safepoint "Cleanup", Time since last: 1004042037 ns, Reaching safepoint: 417168 ns, At safepoint: 9694 ns, Total: 426862 ns
[2021-11-03T04:03:37.135+0000][7][safepoint    ] Safepoint "Cleanup", Time since last: 1004581103 ns, Reaching safepoint: 340474 ns, At safepoint: 4041 ns, Total: 344515 ns
[2021-11-03T04:03:38.140+0000][7][safepoint    ] Safepoint "Cleanup", Time since last: 1004336120 ns, Reaching safepoint: 408029 ns, At safepoint: 10190 ns, Total: 418219 ns
[2021-11-03T04:03:39.144+0000][7][safepoint    ] Safepoint "Cleanup", Time since last: 1003478016 ns, Reaching safepoint: 587535 ns, At safepoint: 10545 ns, Total: 598080 ns
[2021-11-03T04:03:40.150+0000][7][safepoint    ] Safepoint "Cleanup", Time since last: 1006532067 ns, Reaching safepoint: 245932 ns, At safepoint: 5785 ns, Total: 251717 ns
[2021-11-03T04:03:41.153+0000][7][safepoint    ] Safepoint "Cleanup", Time since last: 1002088594 ns, Reaching safepoint: 176015 ns, At safepoint: 6202 ns, Total: 182217 ns
[2021-11-03T04:03:43.144+0000][7][safepoint    ] Safepoint "Cleanup", Time since last: 1990529349 ns, Reaching safepoint: 324891 ns, At safepoint: 5852 ns, Total: 330743 ns
[2021-11-03T04:03:44.146+0000][7][safepoint    ] Safepoint "Cleanup", Time since last: 1002134092 ns, Reaching safepoint: 318068 ns, At safepoint: 10844 ns, Total: 328912 ns
[2021-11-03T04:03:45.150+0000][7][safepoint    ] Safepoint "Cleanup", Time since last: 1003854697 ns, Reaching safepoint: 243415 ns, At safepoint: 5634 ns, Total: 249049 ns
[2021-11-03T04:03:46.153+0000][7][safepoint    ] Safepoint "Cleanup", Time since last: 1002396894 ns, Reaching safepoint: 539116 ns, At safepoint: 15903 ns, Total: 555019 ns
[2021-11-03T04:03:47.156+0000][7][safepoint    ] Safepoint "Cleanup", Time since last: 1002951482 ns, Reaching safepoint: 327675 ns, At safepoint: 6851 ns, Total: 334526 ns
[2021-11-03T04:03:48.162+0000][7][safepoint    ] Safepoint "Cleanup", Time since last: 1004887980 ns, Reaching safepoint: 439405 ns, At safepoint: 10652 ns, Total: 450057 ns
[2021-11-03T04:03:49.166+0000][7][safepoint    ] Safepoint "Cleanup", Time since last: 1004147975 ns, Reaching safepoint: 484030 ns, At safepoint: 20062 ns, Total: 504092 ns
[2021-11-03T04:03:50.169+0000][7][safepoint    ] Safepoint "Cleanup", Time since last: 1002327321 ns, Reaching safepoint: 385891 ns, At safepoint: 10764 ns, Total: 396655 ns
[2021-11-03T04:03:51.174+0000][7][safepoint    ] Safepoint "Cleanup", Time since last: 1004125287 ns, Reaching safepoint: 337862 ns, At safepoint: 7772 ns, Total: 345634 ns
[2021-11-03T04:03:52.178+0000][7][safepoint    ] Safepoint "Cleanup", Time since last: 1004619825 ns, Reaching safepoint: 295824 ns, At safepoint: 6504 ns, Total: 302328 ns
[2021-11-03T04:03:53.181+0000][7][safepoint    ] Safepoint "Cleanup", Time since last: 1002372364 ns, Reaching safepoint: 462546 ns, At safepoint: 10263 ns, Total: 472809 ns
[2021-11-03T04:03:54.185+0000][7][safepoint    ] Safepoint "Cleanup", Time since last: 1003584674 ns, Reaching safepoint: 474213 ns, At safepoint: 8812 ns, Total: 483025 ns
[2021-11-03T04:03:55.192+0000][7][safepoint    ] Safepoint "Cleanup", Time since last: 1006678377 ns, Reaching safepoint: 291687 ns, At safepoint: 104243 ns, Total: 395930 ns
[2021-11-03T04:03:56.199+0000][7][safepoint    ] Safepoint "Cleanup", Time since last: 1006694360 ns, Reaching safepoint: 232218 ns, At safepoint: 5191 ns, Total: 237409 ns
[2021-11-03T04:03:57.203+0000][7][safepoint    ] Safepoint "Cleanup", Time since last: 1003131760 ns, Reaching safepoint: 248518 ns, At safepoint: 11221 ns, Total: 259739 ns
[2021-11-03T04:03:58.212+0000][7][safepoint    ] Safepoint "Cleanup", Time since last: 1009195526 ns, Reaching safepoint: 357319 ns, At safepoint: 6246 ns, Total: 363565 ns
[2021-11-03T04:03:59.220+0000][7][safepoint    ] Safepoint "Cleanup", Time since last: 1007759095 ns, Reaching safepoint: 239603 ns, At safepoint: 5683 ns, Total: 245286 ns
[2021-11-03T04:04:00.227+0000][7][safepoint    ] Safepoint "Cleanup", Time since last: 1006101094 ns, Reaching safepoint: 246288 ns, At safepoint: 6609 ns, Total: 252897 ns
[2021-11-03T04:04:01.230+0000][7][safepoint    ] Safepoint "Cleanup", Time since last: 1003141806 ns, Reaching safepoint: 243085 ns, At safepoint: 5813 ns, Total: 248898 ns
[2021-11-03T04:04:02.236+0000][7][safepoint    ] Safepoint "Cleanup", Time since last: 1005084755 ns, Reaching safepoint: 331780 ns, At safepoint: 10286 ns, Total: 342066 ns
[2021-11-03T04:04:03.238+0000][7][safepoint    ] Safepoint "Cleanup", Time since last: 1002387766 ns, Reaching safepoint: 283170 ns, At safepoint: 6015 ns, Total: 289185 ns
[2021-11-03T04:04:04.247+0000][7][safepoint    ] Safepoint "Cleanup", Time since last: 1008342911 ns, Reaching safepoint: 305851 ns, At safepoint: 11523 ns, Total: 317374 ns
[2021-11-03T04:04:05.260+0000][7][safepoint    ] Safepoint "Cleanup", Time since last: 1012572567 ns, Reaching safepoint: 514272 ns, At safepoint: 19835 ns, Total: 534107 ns
[2021-11-03T04:04:06.242+0000][7][safepoint    ] Safepoint "Cleanup", Time since last: 1002771491 ns, Reaching safepoint: 255899 ns, At safepoint: 6811 ns, Total: 262710 ns
[2021-11-03T04:04:07.251+0000][7][safepoint    ] Safepoint "Cleanup", Time since last: 1008602811 ns, Reaching safepoint: 332799 ns, At safepoint: 15389 ns, Total: 348188 ns
[2021-11-03T04:04:08.254+0000][7][safepoint    ] Safepoint "Cleanup", Time since last: 1002884452 ns, Reaching safepoint: 485189 ns, At safepoint: 8731 ns, Total: 493920 ns
[2021-11-03T04:04:09.259+0000][7][safepoint    ] Safepoint "Cleanup", Time since last: 1004699330 ns, Reaching safepoint: 278204 ns, At safepoint: 12151 ns, Total: 290355 ns
[2021-11-03T04:04:10.270+0000][7][safepoint    ] Safepoint "Cleanup", Time since last: 1010770112 ns, Reaching safepoint: 244830 ns, At safepoint: 7316 ns, Total: 252146 ns
[2021-11-03T04:04:11.280+0000][7][safepoint    ] Safepoint "Cleanup", Time since last: 1009520077 ns, Reaching safepoint: 228198 ns, At safepoint: 8376 ns, Total: 236574 ns
[2021-11-03T04:04:12.283+0000][7][safepoint    ] Safepoint "Cleanup", Time since last: 1002822662 ns, Reaching safepoint: 230646 ns, At safepoint: 6088 ns, Total: 236734 ns
[2021-11-03T04:04:13.286+0000][7][safepoint    ] Safepoint "Cleanup", Time since last: 1002595570 ns, Reaching safepoint: 226301 ns, At safepoint: 6446 ns, Total: 232747 ns
[2021-11-03T04:04:14.289+0000][7][safepoint    ] Safepoint "Cleanup", Time since last: 1003022822 ns, Reaching safepoint: 229463 ns, At safepoint: 5669 ns, Total: 235132 ns
[2021-11-03T04:04:15.293+0000][7][safepoint    ] Safepoint "Cleanup", Time since last: 1003247629 ns, Reaching safepoint: 245751 ns, At safepoint: 6723 ns, Total: 252474 ns
[2021-11-03T04:04:16.298+0000][7][safepoint    ] Safepoint "Cleanup", Time since last: 1004817308 ns, Reaching safepoint: 175802 ns, At safepoint: 6360 ns, Total: 182162 ns
[2021-11-03T04:04:17.307+0000][7][safepoint    ] Safepoint "Cleanup", Time since last: 1009102751 ns, Reaching safepoint: 165460 ns, At safepoint: 5597 ns, Total: 171057 ns
[2021-11-03T04:04:18.315+0000][7][safepoint    ] Safepoint "Cleanup", Time since last: 1007893090 ns, Reaching safepoint: 354288 ns, At safepoint: 8077 ns, Total: 362365 ns
[2021-11-03T04:04:19.318+0000][7][safepoint    ] Safepoint "Cleanup", Time since last: 1002653810 ns, Reaching safepoint: 408403 ns, At safepoint: 8283 ns, Total: 416686 ns
[2021-11-03T04:04:20.323+0000][7][safepoint    ] Safepoint "Cleanup", Time since last: 1003684720 ns, Reaching safepoint: 562220 ns, At safepoint: 11893 ns, Total: 574113 ns
[2021-11-03T04:04:21.327+0000][7][safepoint    ] Safepoint "Cleanup", Time since last: 1004280935 ns, Reaching safepoint: 169772 ns, At safepoint: 6628 ns, Total: 176400 ns
[2021-11-03T04:04:22.337+0000][7][safepoint    ] Safepoint "Cleanup", Time since last: 1009231579 ns, Reaching safepoint: 285487 ns, At safepoint: 8069 ns, Total: 293556 ns
[2021-11-03T04:04:23.343+0000][7][safepoint    ] Safepoint "Cleanup", Time since last: 1005839078 ns, Reaching safepoint: 243941 ns, At safepoint: 6459 ns, Total: 250400 ns
[2021-11-03T04:04:24.349+0000][7][safepoint    ] Safepoint "Cleanup", Time since last: 1006025643 ns, Reaching safepoint: 175873 ns, At safepoint: 7057 ns, Total: 182930 ns
[2021-11-03T04:04:25.354+0000][7][safepoint    ] Safepoint "Cleanup", Time since last: 1004679047 ns, Reaching safepoint: 564875 ns, At safepoint: 19001 ns, Total: 583876 ns
[2021-11-03T04:04:26.358+0000][7][safepoint    ] Safepoint "Cleanup", Time since last: 1002873007 ns, Reaching safepoint: 541738 ns, At safepoint: 23277 ns, Total: 565015 ns
[2021-11-03T04:04:27.362+0000][7][safepoint    ] Safepoint "Cleanup", Time since last: 1004275866 ns, Reaching safepoint: 185811 ns, At safepoint: 6627 ns, Total: 192438 ns
[2021-11-03T04:04:28.366+0000][7][safepoint    ] Safepoint "Cleanup", Time since last: 1003637121 ns, Reaching safepoint: 588939 ns, At safepoint: 23046 ns, Total: 611985 ns
[2021-11-03T04:04:29.373+0000][7][safepoint    ] Safepoint "Cleanup", Time since last: 1006189981 ns, Reaching safepoint: 383686 ns, At safepoint: 9220 ns, Total: 392906 ns
[2021-11-03T04:04:30.376+0000][7][safepoint    ] Safepoint "Cleanup", Time since last: 1003034541 ns, Reaching safepoint: 167615 ns, At safepoint: 6157 ns, Total: 173772 ns
[2021-11-03T04:04:31.385+0000][7][safepoint    ] Safepoint "Cleanup", Time since last: 1008650611 ns, Reaching safepoint: 169440 ns, At safepoint: 6520 ns, Total: 175960 ns
[2021-11-03T04:04:32.388+0000][7][safepoint    ] Safepoint "Cleanup", Time since last: 1002812282 ns, Reaching safepoint: 173629 ns, At safepoint: 5983 ns, Total: 179612 ns
[2021-11-03T04:04:33.392+0000][7][safepoint    ] Safepoint "Cleanup", Time since last: 1003700054 ns, Reaching safepoint: 252127 ns, At safepoint: 7689 ns, Total: 259816 ns
[2021-11-03T04:04:34.395+0000][7][safepoint    ] Safepoint "Cleanup", Time since last: 1002706336 ns, Reaching safepoint: 497575 ns, At safepoint: 8790 ns, Total: 506365 ns
[2021-11-03T04:04:35.378+0000][7][safepoint    ] Safepoint "Cleanup", Time since last: 1004133947 ns, Reaching safepoint: 176379 ns, At safepoint: 6231 ns, Total: 182610 ns
[2021-11-03T04:04:36.555+0000][7][safepoint    ] Safepoint "Cleanup", Time since last: 1176105592 ns, Reaching safepoint: 311675 ns, At safepoint: 8641 ns, Total: 320316 ns
[2021-11-03T04:04:37.565+0000][7][safepoint    ] Safepoint "Cleanup", Time since last: 1009074942 ns, Reaching safepoint: 557509 ns, At safepoint: 9023 ns, Total: 566532 ns
[2021-11-03T04:04:38.572+0000][7][safepoint    ] Safepoint "Cleanup", Time since last: 1007039450 ns, Reaching safepoint: 246505 ns, At safepoint: 6417 ns, Total: 252922 ns
[2021-11-03T04:04:39.575+0000][7][safepoint    ] Safepoint "Cleanup", Time since last: 1002436427 ns, Reaching safepoint: 424116 ns, At safepoint: 9560 ns, Total: 433676 ns
[2021-11-03T04:04:40.579+0000][7][safepoint    ] Safepoint "Cleanup", Time since last: 1003413665 ns, Reaching safepoint: 422777 ns, At safepoint: 12831 ns, Total: 435608 ns
[2021-11-03T04:04:41.585+0000][7][safepoint    ] Safepoint "Cleanup", Time since last: 1006363926 ns, Reaching safepoint: 224665 ns, At safepoint: 6299 ns, Total: 230964 ns
[2021-11-03T04:04:42.588+0000][7][safepoint    ] Safepoint "Cleanup", Time since last: 1002125623 ns, Reaching safepoint: 340679 ns, At safepoint: 7843 ns, Total: 348522 ns
[2021-11-03T04:04:43.601+0000][7][safepoint    ] Safepoint "Cleanup", Time since last: 1012776956 ns, Reaching safepoint: 551370 ns, At safepoint: 8631 ns, Total: 560001 ns
[2021-11-03T04:04:44.607+0000][7][safepoint    ] Safepoint "Cleanup", Time since last: 1005927149 ns, Reaching safepoint: 555500 ns, At safepoint: 20316 ns, Total: 575816 ns
[2021-11-03T04:04:45.610+0000][7][safepoint    ] Safepoint "Cleanup", Time since last: 1002415615 ns, Reaching safepoint: 381062 ns, At safepoint: 9697 ns, Total: 390759 ns
[2021-11-03T04:04:46.617+0000][7][safepoint    ] Safepoint "Cleanup", Time since last: 1006396771 ns, Reaching safepoint: 549543 ns, At safepoint: 10435 ns, Total: 559978 ns
[2021-11-03T04:04:47.620+0000][7][safepoint    ] Safepoint "Cleanup", Time since last: 1002897083 ns, Reaching safepoint: 249106 ns, At safepoint: 6652 ns, Total: 255758 ns
[2021-11-03T04:04:48.626+0000][7][safepoint    ] Safepoint "Cleanup", Time since last: 1004963078 ns, Reaching safepoint: 363407 ns, At safepoint: 8319 ns, Total: 371726 ns
[2021-11-03T04:04:49.633+0000][7][safepoint    ] Safepoint "Cleanup", Time since last: 1006826037 ns, Reaching safepoint: 244223 ns, At safepoint: 6421 ns, Total: 250644 ns
[2021-11-03T04:04:50.635+0000][7][safepoint    ] Safepoint "Cleanup", Time since last: 1002106246 ns, Reaching safepoint: 160655 ns, At safepoint: 4177 ns, Total: 164832 ns
[2021-11-03T04:04:51.645+0000][7][safepoint    ] Safepoint "Cleanup", Time since last: 1009486201 ns, Reaching safepoint: 117451 ns, At safepoint: 2903 ns, Total: 120354 ns
[2021-11-03T04:04:52.646+0000][7][safepoint    ] Safepoint "Cleanup", Time since last: 1000960384 ns, Reaching safepoint: 110161 ns, At safepoint: 2452 ns, Total: 112613 ns
[2021-11-03T04:04:53.656+0000][7][safepoint    ] Safepoint "Cleanup", Time since last: 1010061259 ns, Reaching safepoint: 245653 ns, At safepoint: 6155 ns, Total: 251808 ns
[2021-11-03T04:04:54.666+0000][7][safepoint    ] Safepoint "Cleanup", Time since last: 1009308761 ns, Reaching safepoint: 582363 ns, At safepoint: 9836 ns, Total: 592199 ns
[2021-11-03T04:04:55.678+0000][7][safepoint    ] Safepoint "Cleanup", Time since last: 1011661616 ns, Reaching safepoint: 321165 ns, At safepoint: 10457 ns, Total: 331622 ns
[2021-11-03T04:04:56.688+0000][7][safepoint    ] Safepoint "Cleanup", Time since last: 1008585628 ns, Reaching safepoint: 926292 ns, At safepoint: 84325 ns, Total: 1010617 ns
[2021-11-03T04:04:57.694+0000][7][safepoint    ] Safepoint "Cleanup", Time since last: 1005908825 ns, Reaching safepoint: 743974 ns, At safepoint: 20764 ns, Total: 764738 ns
[2021-11-03T04:04:58.701+0000][7][safepoint    ] Safepoint "Cleanup", Time since last: 1005927147 ns, Reaching safepoint: 592455 ns, At safepoint: 22416 ns, Total: 614871 ns
[2021-11-03T04:04:59.712+0000][7][safepoint    ] Safepoint "Cleanup", Time since last: 1011085936 ns, Reaching safepoint: 208435 ns, At safepoint: 3722 ns, Total: 212157 ns
[2021-11-03T04:05:00.715+0000][7][safepoint    ] Safepoint "Cleanup", Time since last: 1003173468 ns, Reaching safepoint: 230695 ns, At safepoint: 7117 ns, Total: 237812 ns
[2021-11-03T04:05:01.719+0000][7][safepoint    ] Safepoint "Cleanup", Time since last: 1002842476 ns, Reaching safepoint: 277635 ns, At safepoint: 8095 ns, Total: 285730 ns
[2021-11-03T04:05:02.725+0000][7][safepoint    ] Safepoint "Cleanup", Time since last: 1006200948 ns, Reaching safepoint: 191838 ns, At safepoint: 6411 ns, Total: 198249 ns
[2021-11-03T04:05:03.738+0000][7][safepoint    ] Safepoint "Cleanup", Time since last: 1012748608 ns, Reaching safepoint: 417349 ns, At safepoint: 11813 ns, Total: 429162 ns
[2021-11-03T04:05:04.749+0000][7][safepoint    ] Safepoint "Cleanup", Time since last: 1010714399 ns, Reaching safepoint: 174302 ns, At safepoint: 6981 ns, Total: 181283 ns
[2021-11-03T04:05:05.735+0000][7][safepoint    ] Safepoint "Cleanup", Time since last: 1007419821 ns, Reaching safepoint: 216430 ns, At safepoint: 7705 ns, Total: 224135 ns
[2021-11-03T04:05:06.740+0000][7][safepoint    ] Safepoint "Cleanup", Time since last: 1003605933 ns, Reaching safepoint: 412070 ns, At safepoint: 12316 ns, Total: 424386 ns
[2021-11-03T04:05:07.747+0000][7][safepoint    ] Safepoint "Cleanup", Time since last: 1007029334 ns, Reaching safepoint: 238515 ns, At safepoint: 6659 ns, Total: 245174 ns
[2021-11-03T04:05:08.753+0000][7][safepoint    ] Safepoint "Cleanup", Time since last: 1006301759 ns, Reaching safepoint: 388961 ns, At safepoint: 7724 ns, Total: 396685 ns
[2021-11-03T04:05:09.756+0000][7][safepoint    ] Safepoint "Cleanup", Time since last: 1002325333 ns, Reaching safepoint: 281553 ns, At safepoint: 5783 ns, Total: 287336 ns
[2021-11-03T04:05:10.762+0000][7][safepoint    ] Safepoint "Cleanup", Time since last: 1005237143 ns, Reaching safepoint: 369334 ns, At safepoint: 69154 ns, Total: 438488 ns
[2021-11-03T04:05:11.769+0000][7][safepoint    ] Safepoint "Cleanup", Time since last: 1006694326 ns, Reaching safepoint: 399217 ns, At safepoint: 10571 ns, Total: 409788 ns
[2021-11-03T04:05:12.782+0000][7][safepoint    ] Safepoint "Cleanup", Time since last: 1012595759 ns, Reaching safepoint: 187568 ns, At safepoint: 6709 ns, Total: 194277 ns
[2021-11-03T04:05:13.785+0000][7][safepoint    ] Safepoint "Cleanup", Time since last: 1003390840 ns, Reaching safepoint: 359066 ns, At safepoint: 8487 ns, Total: 367553 ns
[2021-11-03T04:05:14.789+0000][7][safepoint    ] Safepoint "Cleanup", Time since last: 1003524551 ns, Reaching safepoint: 176103 ns, At safepoint: 6051 ns, Total: 182154 ns
[2021-11-03T04:05:15.794+0000][7][safepoint    ] Safepoint "Cleanup", Time since last: 1004333738 ns, Reaching safepoint: 178238 ns, At safepoint: 6023 ns, Total: 184261 ns
[2021-11-03T04:05:16.804+0000][7][safepoint    ] Safepoint "Cleanup", Time since last: 1010197786 ns, Reaching safepoint: 249631 ns, At safepoint: 8519 ns, Total: 258150 ns
[2021-11-03T04:05:17.810+0000][7][safepoint    ] Safepoint "Cleanup", Time since last: 1005732528 ns, Reaching safepoint: 178726 ns, At safepoint: 6858 ns, Total: 185584 ns
[2021-11-03T04:05:18.818+0000][7][safepoint    ] Safepoint "Cleanup", Time since last: 1008094389 ns, Reaching safepoint: 330019 ns, At safepoint: 8303 ns, Total: 338322 ns
[2021-11-03T04:05:19.821+0000][7][safepoint    ] Safepoint "Cleanup", Time since last: 1002490576 ns, Reaching safepoint: 512722 ns, At safepoint: 10246 ns, Total: 522968 ns
[2021-11-03T04:05:20.827+0000][7][safepoint    ] Safepoint "Cleanup", Time since last: 1004704276 ns, Reaching safepoint: 396893 ns, At safepoint: 6531 ns, Total: 403424 ns
[2021-11-03T04:05:21.832+0000][7][safepoint    ] Safepoint "Cleanup", Time since last: 1004452910 ns, Reaching safepoint: 479332 ns, At safepoint: 12784 ns, Total: 492116 ns
[2021-11-03T04:05:22.835+0000][7][safepoint    ] Safepoint "Cleanup", Time since last: 1003329852 ns, Reaching safepoint: 254468 ns, At safepoint: 7067 ns, Total: 261535 ns
[2021-11-03T04:05:23.840+0000][7][safepoint    ] Safepoint "Cleanup", Time since last: 1004637865 ns, Reaching safepoint: 190127 ns, At safepoint: 3989 ns, Total: 194116 ns
[2021-11-03T04:05:24.842+0000][7][safepoint    ] Safepoint "Cleanup", Time since last: 1001706079 ns, Reaching safepoint: 246815 ns, At safepoint: 6218 ns, Total: 253033 ns
[2021-11-03T04:05:25.845+0000][7][safepoint    ] Safepoint "Cleanup", Time since last: 1003147378 ns, Reaching safepoint: 158161 ns, At safepoint: 3479 ns, Total: 161640 ns
[2021-11-03T04:05:26.849+0000][7][safepoint    ] Safepoint "Cleanup", Time since last: 1003318139 ns, Reaching safepoint: 174497 ns, At safepoint: 5939 ns, Total: 180436 ns
[2021-11-03T04:05:27.852+0000][7][safepoint    ] Safepoint "Cleanup", Time since last: 1002680823 ns, Reaching safepoint: 171635 ns, At safepoint: 6886 ns, Total: 178521 ns
[2021-11-03T04:05:28.854+0000][7][safepoint    ] Safepoint "Cleanup", Time since last: 1002402830 ns, Reaching safepoint: 166732 ns, At safepoint: 5087 ns, Total: 171819 ns
[2021-11-03T04:05:30.372+0000][7][safepoint    ] Safepoint "Cleanup", Time since last: 1517708841 ns, Reaching safepoint: 232974 ns, At safepoint: 6657 ns, Total: 239631 ns
[2021-11-03T04:05:31.376+0000][7][safepoint    ] Safepoint "Cleanup", Time since last: 1003317803 ns, Reaching safepoint: 167652 ns, At safepoint: 6446 ns, Total: 174098 ns
[2021-11-03T04:05:32.381+0000][7][safepoint    ] Safepoint "Cleanup", Time since last: 1005425098 ns, Reaching safepoint: 174272 ns, At safepoint: 5997 ns, Total: 180269 ns
[2021-11-03T04:05:33.387+0000][7][safepoint    ] Safepoint "Cleanup", Time since last: 1005386447 ns, Reaching safepoint: 161679 ns, At safepoint: 5759 ns, Total: 167438 ns
[2021-11-03T04:05:34.395+0000][7][safepoint    ] Safepoint "Cleanup", Time since last: 1008059732 ns, Reaching safepoint: 172413 ns, At safepoint: 6651 ns, Total: 179064 ns
[2021-11-03T04:05:35.376+0000][7][safepoint    ] Safepoint "Cleanup", Time since last: 1002198195 ns, Reaching safepoint: 269245 ns, At safepoint: 7492 ns, Total: 276737 ns
[2021-11-03T04:05:36.381+0000][7][safepoint    ] Safepoint "Cleanup", Time since last: 1004078535 ns, Reaching safepoint: 204919 ns, At safepoint: 8950 ns, Total: 213869 ns
[2021-11-03T04:05:37.384+0000][7][safepoint    ] Safepoint "Cleanup", Time since last: 1003196534 ns, Reaching safepoint: 97958 ns, At safepoint: 2725 ns, Total: 100683 ns
[2021-11-03T04:05:38.394+0000][7][safepoint    ] Safepoint "Cleanup", Time since last: 1009458369 ns, Reaching safepoint: 185334 ns, At safepoint: 6742 ns, Total: 192076 ns
[2021-11-03T04:05:39.401+0000][7][safepoint    ] Safepoint "Cleanup", Time since last: 1006859242 ns, Reaching safepoint: 272737 ns, At safepoint: 7308 ns, Total: 280045 ns
[2021-11-03T04:05:40.411+0000][7][safepoint    ] Safepoint "Cleanup", Time since last: 1009363556 ns, Reaching safepoint: 434787 ns, At safepoint: 5982 ns, Total: 440769 ns
[2021-11-03T04:05:41.413+0000][7][safepoint    ] Safepoint "Cleanup", Time since last: 1001942526 ns, Reaching safepoint: 316265 ns, At safepoint: 7823 ns, Total: 324088 ns
[2021-11-03T04:05:42.416+0000][7][safepoint    ] Safepoint "Cleanup", Time since last: 1002412745 ns, Reaching safepoint: 245432 ns, At safepoint: 6314 ns, Total: 251746 ns
[2021-11-03T04:05:43.421+0000][7][safepoint    ] Safepoint "Cleanup", Time since last: 1005351142 ns, Reaching safepoint: 251563 ns, At safepoint: 6591 ns, Total: 258154 ns
[2021-11-03T04:05:44.425+0000][7][safepoint    ] Safepoint "Cleanup", Time since last: 1003436609 ns, Reaching safepoint: 314883 ns, At safepoint: 7944 ns, Total: 322827 ns
[2021-11-03T04:05:45.429+0000][7][safepoint    ] Safepoint "Cleanup", Time since last: 1003602962 ns, Reaching safepoint: 236176 ns, At safepoint: 5434 ns, Total: 241610 ns
[2021-11-03T04:05:46.431+0000][7][safepoint    ] Safepoint "Cleanup", Time since last: 1002282664 ns, Reaching safepoint: 404564 ns, At safepoint: 12010 ns, Total: 416574 ns
[2021-11-03T04:05:47.434+0000][7][safepoint    ] Safepoint "Cleanup", Time since last: 1002244538 ns, Reaching safepoint: 180172 ns, At safepoint: 5655 ns, Total: 185827 ns
[2021-11-03T04:05:48.439+0000][7][safepoint    ] Safepoint "Cleanup", Time since last: 1004850944 ns, Reaching safepoint: 184453 ns, At safepoint: 10098 ns, Total: 194551 ns
[2021-11-03T04:05:49.441+0000][7][safepoint    ] Safepoint "Cleanup", Time since last: 1002012204 ns, Reaching safepoint: 245547 ns, At safepoint: 6652 ns, Total: 252199 ns
[2021-11-03T04:05:50.444+0000][7][safepoint    ] Safepoint "Cleanup", Time since last: 1002312329 ns, Reaching safepoint: 226616 ns, At safepoint: 5799 ns, Total: 232415 ns
[2021-11-03T04:05:51.447+0000][7][safepoint    ] Safepoint "Cleanup", Time since last: 1002791277 ns, Reaching safepoint: 242640 ns, At safepoint: 6399 ns, Total: 249039 ns
[2021-11-03T04:05:52.449+0000][7][safepoint    ] Safepoint "Cleanup", Time since last: 1002225456 ns, Reaching safepoint: 236508 ns, At safepoint: 6782 ns, Total: 243290 ns
[2021-11-03T04:05:53.452+0000][7][safepoint    ] Safepoint "Cleanup", Time since last: 1002511160 ns, Reaching safepoint: 231606 ns, At safepoint: 6371 ns, Total: 237977 ns
[2021-11-03T04:05:54.455+0000][7][safepoint    ] Safepoint "Cleanup", Time since last: 1003035462 ns, Reaching safepoint: 335177 ns, At safepoint: 5823 ns, Total: 341000 ns
[2021-11-03T04:05:55.458+0000][7][safepoint    ] Safepoint "Cleanup", Time since last: 1002305948 ns, Reaching safepoint: 183253 ns, At safepoint: 4427 ns, Total: 187680 ns
[2021-11-03T04:05:56.467+0000][7][safepoint    ] Safepoint "Cleanup", Time since last: 1009124665 ns, Reaching safepoint: 247961 ns, At safepoint: 8735 ns, Total: 256696 ns
[2021-11-03T04:05:57.469+0000][7][safepoint    ] Safepoint "Cleanup", Time since last: 1001803937 ns, Reaching safepoint: 346762 ns, At safepoint: 8661 ns, Total: 355423 ns
[2021-11-03T04:05:58.474+0000][7][safepoint    ] Safepoint "Cleanup", Time since last: 1004433808 ns, Reaching safepoint: 328971 ns, At safepoint: 6096 ns, Total: 335067 ns
[2021-11-03T04:05:59.480+0000][7][safepoint    ] Safepoint "Cleanup", Time since last: 1005182958 ns, Reaching safepoint: 235865 ns, At safepoint: 4927 ns, Total: 240792 ns
[2021-11-03T04:06:00.482+0000][7][safepoint    ] Safepoint "Cleanup", Time since last: 1001629816 ns, Reaching safepoint: 296890 ns, At safepoint: 6521 ns, Total: 303411 ns
[2021-11-03T04:06:01.486+0000][7][safepoint    ] Safepoint "Cleanup", Time since last: 1004371336 ns, Reaching safepoint: 249481 ns, At safepoint: 7272 ns, Total: 256753 ns
[2021-11-03T04:06:02.489+0000][7][safepoint    ] Safepoint "Cleanup", Time since last: 1002211253 ns, Reaching safepoint: 231642 ns, At safepoint: 6831 ns, Total: 238473 ns
[2021-11-03T04:06:03.491+0000][7][safepoint    ] Safepoint "Cleanup", Time since last: 1002149823 ns, Reaching safepoint: 230169 ns, At safepoint: 6759 ns, Total: 236928 ns
[2021-11-03T04:06:04.494+0000][7][safepoint    ] Safepoint "Cleanup", Time since last: 1002699926 ns, Reaching safepoint: 232570 ns, At safepoint: 6500 ns, Total: 239070 ns
[2021-11-03T04:06:05.477+0000][7][safepoint    ] Safepoint "Cleanup", Time since last: 1003791051 ns, Reaching safepoint: 241090 ns, At safepoint: 6477 ns, Total: 247567 ns
[2021-11-03T04:06:06.482+0000][7][safepoint    ] Safepoint "Cleanup", Time since last: 1004656609 ns, Reaching safepoint: 239473 ns, At safepoint: 6632 ns, Total: 246105 ns
[2021-11-03T04:06:07.490+0000][7][safepoint    ] Safepoint "Cleanup", Time since last: 1007564218 ns, Reaching safepoint: 232879 ns, At safepoint: 5866 ns, Total: 238745 ns
[2021-11-03T04:06:08.493+0000][7][safepoint    ] Safepoint "Cleanup", Time since last: 1003277579 ns, Reaching safepoint: 242451 ns, At safepoint: 6631 ns, Total: 249082 ns
[2021-11-03T04:06:09.496+0000][7][safepoint    ] Safepoint "Cleanup", Time since last: 1002177655 ns, Reaching safepoint: 230708 ns, At safepoint: 6238 ns, Total: 236946 ns
[2021-11-03T04:06:10.505+0000][7][safepoint    ] Safepoint "Cleanup", Time since last: 1009130932 ns, Reaching safepoint: 269257 ns, At safepoint: 6877 ns, Total: 276134 ns
[2021-11-03T04:06:11.511+0000][7][safepoint    ] Safepoint "Cleanup", Time since last: 1005387230 ns, Reaching safepoint: 409533 ns, At safepoint: 9924 ns, Total: 419457 ns
[2021-11-03T04:06:12.520+0000][7][safepoint    ] Safepoint "Cleanup", Time since last: 1008471244 ns, Reaching safepoint: 882180 ns, At safepoint: 10382 ns, Total: 892562 ns
[2021-11-03T04:06:13.525+0000][7][safepoint    ] Safepoint "Cleanup", Time since last: 1004597692 ns, Reaching safepoint: 339693 ns, At safepoint: 6530 ns, Total: 346223 ns
[2021-11-03T04:06:14.528+0000][7][safepoint    ] Safepoint "Cleanup", Time since last: 1002650790 ns, Reaching safepoint: 183579 ns, At safepoint: 6307 ns, Total: 189886 ns
[2021-11-03T04:06:15.536+0000][7][safepoint    ] Safepoint "Cleanup", Time since last: 1007488266 ns, Reaching safepoint: 86094 ns, At safepoint: 2663 ns, Total: 88757 ns
[2021-11-03T04:06:16.544+0000][7][safepoint    ] Safepoint "Cleanup", Time since last: 1007934832 ns, Reaching safepoint: 576595 ns, At safepoint: 18451 ns, Total: 595046 ns
[2021-11-03T04:06:17.552+0000][7][safepoint    ] Safepoint "Cleanup", Time since last: 1007839784 ns, Reaching safepoint: 380099 ns, At safepoint: 19041 ns, Total: 399140 ns
[2021-11-03T04:06:18.562+0000][7][safepoint    ] Safepoint "Cleanup", Time since last: 1009388411 ns, Reaching safepoint: 368991 ns, At safepoint: 9847 ns, Total: 378838 ns
[2021-11-03T04:06:19.566+0000][7][safepoint    ] Safepoint "Cleanup", Time since last: 1003654883 ns, Reaching safepoint: 242081 ns, At safepoint: 6255 ns, Total: 248336 ns
[2021-11-03T04:06:20.569+0000][7][safepoint    ] Safepoint "Cleanup", Time since last: 1002168107 ns, Reaching safepoint: 329332 ns, At safepoint: 6458 ns, Total: 335790 ns
[2021-11-03T04:06:21.575+0000][7][safepoint    ] Safepoint "Cleanup", Time since last: 1006468571 ns, Reaching safepoint: 248732 ns, At safepoint: 6959 ns, Total: 255691 ns
[2021-11-03T04:06:22.584+0000][7][safepoint    ] Safepoint "Cleanup", Time since last: 1008651550 ns, Reaching safepoint: 167777 ns, At safepoint: 6267 ns, Total: 174044 ns
[2021-11-03T04:06:23.593+0000][7][safepoint    ] Safepoint "Cleanup", Time since last: 1008377879 ns, Reaching safepoint: 179406 ns, At safepoint: 7044 ns, Total: 186450 ns
[2021-11-03T04:06:24.599+0000][7][safepoint    ] Safepoint "Cleanup", Time since last: 1006250696 ns, Reaching safepoint: 170485 ns, At safepoint: 6134 ns, Total: 176619 ns
[2021-11-03T04:06:25.601+0000][7][safepoint    ] Safepoint "Cleanup", Time since last: 1002114770 ns, Reaching safepoint: 179739 ns, At safepoint: 3893 ns, Total: 183632 ns
[2021-11-03T04:06:26.609+0000][7][safepoint    ] Safepoint "Cleanup", Time since last: 1007852942 ns, Reaching safepoint: 182787 ns, At safepoint: 8192 ns, Total: 190979 ns
[2021-11-03T04:06:27.614+0000][7][safepoint    ] Safepoint "Cleanup", Time since last: 1004579939 ns, Reaching safepoint: 200264 ns, At safepoint: 7637 ns, Total: 207901 ns
[2021-11-03T04:06:28.617+0000][7][safepoint    ] Safepoint "Cleanup", Time since last: 1002438366 ns, Reaching safepoint: 114657 ns, At safepoint: 3697 ns, Total: 118354 ns
[2021-11-03T04:06:29.620+0000][7][safepoint    ] Safepoint "Cleanup", Time since last: 1003010452 ns, Reaching safepoint: 168287 ns, At safepoint: 5379 ns, Total: 173666 ns
[2021-11-03T04:06:30.627+0000][7][safepoint    ] Safepoint "Cleanup", Time since last: 1006212435 ns, Reaching safepoint: 454990 ns, At safepoint: 7865 ns, Total: 462855 ns
[2021-11-03T04:06:31.630+0000][7][safepoint    ] Safepoint "Cleanup", Time since last: 1003072073 ns, Reaching safepoint: 333197 ns, At safepoint: 6738 ns, Total: 339935 ns
[2021-11-03T04:06:32.639+0000][7][safepoint    ] Safepoint "Cleanup", Time since last: 1008438184 ns, Reaching safepoint: 605527 ns, At safepoint: 21957 ns, Total: 627484 ns
[2021-11-03T04:06:33.648+0000][7][safepoint    ] Safepoint "Cleanup", Time since last: 1008365687 ns, Reaching safepoint: 234787 ns, At safepoint: 7764 ns, Total: 242551 ns
[2021-11-03T04:06:34.654+0000][7][safepoint    ] Safepoint "Cleanup", Time since last: 1005847121 ns, Reaching safepoint: 714138 ns, At safepoint: 11545 ns, Total: 725683 ns
[2021-11-03T04:06:36.495+0000][7][safepoint    ] Safepoint "Cleanup", Time since last: 1861473459 ns, Reaching safepoint: 329336 ns, At safepoint: 80668 ns, Total: 410004 ns
[2021-11-03T04:06:37.498+0000][7][safepoint    ] Safepoint "Cleanup", Time since last: 1002074263 ns, Reaching safepoint: 288666 ns, At safepoint: 6181 ns, Total: 294847 ns
[2021-11-03T04:06:38.501+0000][7][safepoint    ] Safepoint "Cleanup", Time since last: 1002747242 ns, Reaching safepoint: 434988 ns, At safepoint: 8593 ns, Total: 443581 ns
[2021-11-03T04:06:39.505+0000][7][safepoint    ] Safepoint "Cleanup", Time since last: 1004117833 ns, Reaching safepoint: 297163 ns, At safepoint: 6622 ns, Total: 303785 ns
[2021-11-03T04:06:40.508+0000][7][safepoint    ] Safepoint "Cleanup", Time since last: 1002395869 ns, Reaching safepoint: 450865 ns, At safepoint: 7346 ns, Total: 458211 ns
[2021-11-03T04:06:41.512+0000][7][safepoint    ] Safepoint "Cleanup", Time since last: 1003088731 ns, Reaching safepoint: 416217 ns, At safepoint: 8417 ns, Total: 424634 ns
[2021-11-03T04:06:42.516+0000][7][safepoint    ] Safepoint "Cleanup", Time since last: 1004385119 ns, Reaching safepoint: 369898 ns, At safepoint: 5796 ns, Total: 375694 ns
[2021-11-03T04:06:43.521+0000][7][safepoint    ] Safepoint "Cleanup", Time since last: 1003800923 ns, Reaching safepoint: 424649 ns, At safepoint: 8660 ns, Total: 433309 ns
[2021-11-03T04:06:44.524+0000][7][safepoint    ] Safepoint "Cleanup", Time since last: 1003029292 ns, Reaching safepoint: 560619 ns, At safepoint: 21605 ns, Total: 582224 ns
[2021-11-03T04:06:45.528+0000][7][safepoint    ] Safepoint "Cleanup", Time since last: 1003320926 ns, Reaching safepoint: 384051 ns, At safepoint: 14423 ns, Total: 398474 ns
[2021-11-03T04:06:46.561+0000][7][safepoint    ] Safepoint "Cleanup", Time since last: 1032293401 ns, Reaching safepoint: 569713 ns, At safepoint: 24002 ns, Total: 593715 ns
[2021-11-03T04:06:47.570+0000][7][safepoint    ] Safepoint "Cleanup", Time since last: 1008685829 ns, Reaching safepoint: 244127 ns, At safepoint: 6591 ns, Total: 250718 ns
[2021-11-03T04:06:48.573+0000][7][safepoint    ] Safepoint "Cleanup", Time since last: 1003049769 ns, Reaching safepoint: 233649 ns, At safepoint: 6525 ns, Total: 240174 ns
[2021-11-03T04:06:49.576+0000][7][safepoint    ] Safepoint "Cleanup", Time since last: 1002554129 ns, Reaching safepoint: 232132 ns, At safepoint: 6817 ns, Total: 238949 ns
[2021-11-03T04:06:50.578+0000][7][safepoint    ] Safepoint "Cleanup", Time since last: 1002330459 ns, Reaching safepoint: 333322 ns, At safepoint: 6588 ns, Total: 339910 ns
[2021-11-03T04:06:51.590+0000][7][safepoint    ] Safepoint "Cleanup", Time since last: 1011000464 ns, Reaching safepoint: 170238 ns, At safepoint: 5856 ns, Total: 176094 ns
[2021-11-03T04:06:52.596+0000][7][safepoint    ] Safepoint "Cleanup", Time since last: 1006510284 ns, Reaching safepoint: 351537 ns, At safepoint: 7066 ns, Total: 358603 ns
[2021-11-03T04:06:53.608+0000][7][safepoint    ] Safepoint "Cleanup", Time since last: 1010959925 ns, Reaching safepoint: 215888 ns, At safepoint: 7692 ns, Total: 223580 ns
[2021-11-03T04:06:54.612+0000][7][safepoint    ] Safepoint "Cleanup", Time since last: 1003995491 ns, Reaching safepoint: 242832 ns, At safepoint: 6087 ns, Total: 248919 ns
[2021-11-03T04:06:55.615+0000][7][safepoint    ] Safepoint "Cleanup", Time since last: 1003157440 ns, Reaching safepoint: 232398 ns, At safepoint: 6754 ns, Total: 239152 ns
[2021-11-03T04:06:56.619+0000][7][safepoint    ] Safepoint "Cleanup", Time since last: 1002728718 ns, Reaching safepoint: 685201 ns, At safepoint: 21841 ns, Total: 707042 ns
[2021-11-03T04:06:57.623+0000][7][safepoint    ] Safepoint "Cleanup", Time since last: 1003885446 ns, Reaching safepoint: 378456 ns, At safepoint: 8652 ns, Total: 387108 ns
[2021-11-03T04:06:58.625+0000][7][safepoint    ] Safepoint "Cleanup", Time since last: 1001859516 ns, Reaching safepoint: 233726 ns, At safepoint: 6378 ns, Total: 240104 ns
[2021-11-03T04:06:59.632+0000][7][safepoint    ] Safepoint "Cleanup", Time since last: 1006485622 ns, Reaching safepoint: 387273 ns, At safepoint: 7136 ns, Total: 394409 ns
[2021-11-03T04:07:00.636+0000][7][safepoint    ] Safepoint "Cleanup", Time since last: 1003943182 ns, Reaching safepoint: 175685 ns, At safepoint: 6253 ns, Total: 181938 ns
[2021-11-03T04:07:01.642+0000][7][safepoint    ] Safepoint "Cleanup", Time since last: 1005385352 ns, Reaching safepoint: 241927 ns, At safepoint: 7875 ns, Total: 249802 ns
[2021-11-03T04:07:02.645+0000][7][safepoint    ] Safepoint "Cleanup", Time since last: 1002615243 ns, Reaching safepoint: 179463 ns, At safepoint: 6302 ns, Total: 185765 ns
[2021-11-03T04:07:03.646+0000][7][safepoint    ] Safepoint "Cleanup", Time since last: 1001822767 ns, Reaching safepoint: 94877 ns, At safepoint: 2325 ns, Total: 97202 ns
[2021-11-03T04:07:04.649+0000][7][safepoint    ] Safepoint "Cleanup", Time since last: 1001911357 ns, Reaching safepoint: 286340 ns, At safepoint: 75609 ns, Total: 361949 ns
[2021-11-03T04:07:06.508+0000][7][safepoint    ] Safepoint "Cleanup", Time since last: 1872009692 ns, Reaching safepoint: 261891 ns, At safepoint: 6267 ns, Total: 268158 ns
[2021-11-03T04:07:07.516+0000][7][safepoint    ] Safepoint "Cleanup", Time since last: 1007885648 ns, Reaching safepoint: 542331 ns, At safepoint: 9375 ns, Total: 551706 ns
[2021-11-03T04:07:08.523+0000][7][safepoint    ] Safepoint "Cleanup", Time since last: 1006442102 ns, Reaching safepoint: 361442 ns, At safepoint: 16454 ns, Total: 377896 ns
[2021-11-03T04:07:09.536+0000][7][safepoint    ] Safepoint "Cleanup", Time since last: 1012645587 ns, Reaching safepoint: 377721 ns, At safepoint: 12065 ns, Total: 389786 ns
[2021-11-03T04:07:10.545+0000][7][safepoint    ] Safepoint "Cleanup", Time since last: 1008295937 ns, Reaching safepoint: 369567 ns, At safepoint: 78129 ns, Total: 447696 ns
[2021-11-03T04:07:11.548+0000][7][safepoint    ] Safepoint "Cleanup", Time since last: 1002827158 ns, Reaching safepoint: 238214 ns, At safepoint: 6832 ns, Total: 245046 ns
[2021-11-03T04:07:12.551+0000][7][safepoint    ] Safepoint "Cleanup", Time since last: 1003330637 ns, Reaching safepoint: 235253 ns, At safepoint: 6216 ns, Total: 241469 ns
[2021-11-03T04:07:13.555+0000][7][safepoint    ] Safepoint "Cleanup", Time since last: 1003881536 ns, Reaching safepoint: 218731 ns, At safepoint: 8607 ns, Total: 227338 ns
[2021-11-03T04:07:14.561+0000][7][safepoint    ] Safepoint "Cleanup", Time since last: 1005046391 ns, Reaching safepoint: 166902 ns, At safepoint: 33134 ns, Total: 200036 ns
[2021-11-03T04:07:15.563+0000][7][safepoint    ] Safepoint "Cleanup", Time since last: 1001925931 ns, Reaching safepoint: 179104 ns, At safepoint: 7286 ns, Total: 186390 ns
[2021-11-03T04:07:16.566+0000][7][safepoint    ] Safepoint "Cleanup", Time since last: 1003021482 ns, Reaching safepoint: 318877 ns, At safepoint: 7079 ns, Total: 325956 ns
[2021-11-03T04:07:17.568+0000][7][safepoint    ] Safepoint "Cleanup", Time since last: 1002092412 ns, Reaching safepoint: 244352 ns, At safepoint: 6868 ns, Total: 251220 ns
[2021-11-03T04:07:18.573+0000][7][safepoint    ] Safepoint "Cleanup", Time since last: 1003942036 ns, Reaching safepoint: 243081 ns, At safepoint: 7106 ns, Total: 250187 ns
[2021-11-03T04:07:19.578+0000][7][safepoint    ] Safepoint "Cleanup", Time since last: 1005646063 ns, Reaching safepoint: 191320 ns, At safepoint: 6896 ns, Total: 198216 ns
[2021-11-03T04:07:20.581+0000][7][safepoint    ] Safepoint "Cleanup", Time since last: 1002803697 ns, Reaching safepoint: 97913 ns, At safepoint: 2862 ns, Total: 100775 ns
[2021-11-03T04:07:21.585+0000][7][safepoint    ] Safepoint "Cleanup", Time since last: 1003183713 ns, Reaching safepoint: 175363 ns, At safepoint: 6032 ns, Total: 181395 ns
[2021-11-03T04:07:22.588+0000][7][safepoint    ] Safepoint "Cleanup", Time since last: 1002846997 ns, Reaching safepoint: 172343 ns, At safepoint: 6704 ns, Total: 179047 ns
[2021-11-03T04:07:23.590+0000][7][safepoint    ] Safepoint "Cleanup", Time since last: 1002205080 ns, Reaching safepoint: 174897 ns, At safepoint: 6150 ns, Total: 181047 ns
[2021-11-03T04:07:24.594+0000][7][safepoint    ] Safepoint "Cleanup", Time since last: 1003570925 ns, Reaching safepoint: 338259 ns, At safepoint: 8048 ns, Total: 346307 ns
[2021-11-03T04:07:25.596+0000][7][safepoint    ] Safepoint "Cleanup", Time since last: 1002103599 ns, Reaching safepoint: 239980 ns, At safepoint: 6300 ns, Total: 246280 ns
[2021-11-03T04:07:26.599+0000][7][safepoint    ] Safepoint "Cleanup", Time since last: 1002570726 ns, Reaching safepoint: 454852 ns, At safepoint: 8543 ns, Total: 463395 ns
[2021-11-03T04:07:27.602+0000][7][safepoint    ] Safepoint "Cleanup", Time since last: 1002560395 ns, Reaching safepoint: 247761 ns, At safepoint: 70432 ns, Total: 318193 ns
[2021-11-03T04:07:28.612+0000][7][safepoint    ] Safepoint "Cleanup", Time since last: 1009492090 ns, Reaching safepoint: 420597 ns, At safepoint: 9189 ns, Total: 429786 ns
[2021-11-03T04:07:29.615+0000][7][safepoint    ] Safepoint "Cleanup", Time since last: 1002033915 ns, Reaching safepoint: 639532 ns, At safepoint: 71983 ns, Total: 711515 ns
[2021-11-03T04:07:30.619+0000][7][safepoint    ] Safepoint "Cleanup", Time since last: 1004260020 ns, Reaching safepoint: 276966 ns, At safepoint: 7653 ns, Total: 284619 ns
[2021-11-03T04:07:31.622+0000][7][safepoint    ] Safepoint "Cleanup", Time since last: 1001814159 ns, Reaching safepoint: 385546 ns, At safepoint: 11707 ns, Total: 397253 ns
[2021-11-03T04:07:32.624+0000][7][safepoint    ] Safepoint "Cleanup", Time since last: 1002296972 ns, Reaching safepoint: 242767 ns, At safepoint: 7882 ns, Total: 250649 ns
[2021-11-03T04:07:33.628+0000][7][safepoint    ] Safepoint "Cleanup", Time since last: 1003391286 ns, Reaching safepoint: 596593 ns, At safepoint: 91079 ns, Total: 687672 ns
[2021-11-03T04:07:34.632+0000][7][safepoint    ] Safepoint "Cleanup", Time since last: 1003563583 ns, Reaching safepoint: 177172 ns, At safepoint: 6380 ns, Total: 183552 ns
[2021-11-03T04:07:35.621+0000][7][safepoint    ] Safepoint "Cleanup", Time since last: 1003318470 ns, Reaching safepoint: 171271 ns, At safepoint: 6263 ns, Total: 177534 ns
[2021-11-03T04:07:36.624+0000][7][safepoint    ] Safepoint "Cleanup", Time since last: 1002852204 ns, Reaching safepoint: 589289 ns, At safepoint: 19044 ns, Total: 608333 ns
[2021-11-03T04:07:37.628+0000][7][safepoint    ] Safepoint "Cleanup", Time since last: 1003906073 ns, Reaching safepoint: 410149 ns, At safepoint: 10092 ns, Total: 420241 ns
[2021-11-03T04:07:38.632+0000][7][safepoint    ] Safepoint "Cleanup", Time since last: 1002956355 ns, Reaching safepoint: 508994 ns, At safepoint: 12158 ns, Total: 521152 ns
[2021-11-03T04:07:39.636+0000][7][safepoint    ] Safepoint "Cleanup", Time since last: 1003827327 ns, Reaching safepoint: 401650 ns, At safepoint: 81898 ns, Total: 483548 ns
[2021-11-03T04:07:40.642+0000][7][safepoint    ] Safepoint "Cleanup", Time since last: 1005686072 ns, Reaching safepoint: 472043 ns, At safepoint: 123725 ns, Total: 595768 ns
[2021-11-03T04:07:41.646+0000][7][safepoint    ] Safepoint "Cleanup", Time since last: 1003356891 ns, Reaching safepoint: 443399 ns, At safepoint: 78778 ns, Total: 522177 ns
[2021-11-03T04:07:42.649+0000][7][safepoint    ] Safepoint "Cleanup", Time since last: 1002568713 ns, Reaching safepoint: 228779 ns, At safepoint: 6515 ns, Total: 235294 ns
[2021-11-03T04:07:43.654+0000][7][safepoint    ] Safepoint "Cleanup", Time since last: 1004010782 ns, Reaching safepoint: 463381 ns, At safepoint: 78683 ns, Total: 542064 ns
[2021-11-03T04:07:44.656+0000][7][safepoint    ] Safepoint "Cleanup", Time since last: 1002179872 ns, Reaching safepoint: 158384 ns, At safepoint: 4383 ns, Total: 162767 ns
[2021-11-03T04:07:45.658+0000][7][safepoint    ] Safepoint "Cleanup", Time since last: 1001822977 ns, Reaching safepoint: 579919 ns, At safepoint: 22745 ns, Total: 602664 ns
[2021-11-03T04:07:46.662+0000][7][safepoint    ] Safepoint "Cleanup", Time since last: 1003020795 ns, Reaching safepoint: 474351 ns, At safepoint: 124568 ns, Total: 598919 ns
[2021-11-03T04:07:47.671+0000][7][safepoint    ] Safepoint "Cleanup", Time since last: 1008214821 ns, Reaching safepoint: 288321 ns, At safepoint: 72567 ns, Total: 360888 ns
[2021-11-03T04:07:48.678+0000][7][safepoint    ] Safepoint "Cleanup", Time since last: 1007226328 ns, Reaching safepoint: 377089 ns, At safepoint: 71063 ns, Total: 448152 ns
[2021-11-03T04:07:49.689+0000][7][safepoint    ] Safepoint "Cleanup", Time since last: 1010267839 ns, Reaching safepoint: 720070 ns, At safepoint: 16518 ns, Total: 736588 ns
[2021-11-03T04:07:50.699+0000][7][safepoint    ] Safepoint "Cleanup", Time since last: 1008913805 ns, Reaching safepoint: 620621 ns, At safepoint: 11632 ns, Total: 632253 ns
[2021-11-03T04:07:51.702+0000][7][safepoint    ] Safepoint "Cleanup", Time since last: 1002675549 ns, Reaching safepoint: 247664 ns, At safepoint: 7442 ns, Total: 255106 ns
[2021-11-03T04:07:52.705+0000][7][safepoint    ] Safepoint "Cleanup", Time since last: 1002993004 ns, Reaching safepoint: 174045 ns, At safepoint: 6793 ns, Total: 180838 ns
[2021-11-03T04:07:53.709+0000][7][safepoint    ] Safepoint "Cleanup", Time since last: 1003960617 ns, Reaching safepoint: 181142 ns, At safepoint: 6243 ns, Total: 187385 ns
[2021-11-03T04:07:54.712+0000][7][safepoint    ] Safepoint "Cleanup", Time since last: 1002151689 ns, Reaching safepoint: 467672 ns, At safepoint: 6464 ns, Total: 474136 ns
[2021-11-03T04:07:55.717+0000][7][safepoint    ] Safepoint "Cleanup", Time since last: 1004788645 ns, Reaching safepoint: 172637 ns, At safepoint: 6846 ns, Total: 179483 ns
[2021-11-03T04:07:56.723+0000][7][safepoint    ] Safepoint "Cleanup", Time since last: 1006575765 ns, Reaching safepoint: 176306 ns, At safepoint: 6335 ns, Total: 182641 ns
[2021-11-03T04:07:57.730+0000][7][safepoint    ] Safepoint "Cleanup", Time since last: 1006591933 ns, Reaching safepoint: 307834 ns, At safepoint: 9272 ns, Total: 317106 ns
[2021-11-03T04:07:58.735+0000][7][safepoint    ] Safepoint "Cleanup", Time since last: 1004209036 ns, Reaching safepoint: 176387 ns, At safepoint: 6765 ns, Total: 183152 ns
[2021-11-03T04:07:59.738+0000][7][safepoint    ] Safepoint "Cleanup", Time since last: 1002558788 ns, Reaching safepoint: 266429 ns, At safepoint: 44127 ns, Total: 310556 ns
[2021-11-03T04:08:00.742+0000][7][safepoint    ] Safepoint "Cleanup", Time since last: 1003861071 ns, Reaching safepoint: 174261 ns, At safepoint: 6295 ns, Total: 180556 ns
[2021-11-03T04:08:01.748+0000][7][safepoint    ] Safepoint "Cleanup", Time since last: 1006304002 ns, Reaching safepoint: 158946 ns, At safepoint: 6827 ns, Total: 165773 ns
[2021-11-03T04:08:02.757+0000][7][safepoint    ] Safepoint "Cleanup", Time since last: 1009006444 ns, Reaching safepoint: 168396 ns, At safepoint: 5642 ns, Total: 174038 ns
[2021-11-03T04:08:03.760+0000][7][safepoint    ] Safepoint "Cleanup", Time since last: 1002928116 ns, Reaching safepoint: 177835 ns, At safepoint: 6756 ns, Total: 184591 ns
[2021-11-03T04:08:04.764+0000][7][safepoint    ] Safepoint "Cleanup", Time since last: 1003488787 ns, Reaching safepoint: 175115 ns, At safepoint: 6287 ns, Total: 181402 ns
[2021-11-03T04:08:05.749+0000][7][safepoint    ] Safepoint "Cleanup", Time since last: 1004893912 ns, Reaching safepoint: 202912 ns, At safepoint: 6855 ns, Total: 209767 ns
[2021-11-03T04:08:06.760+0000][7][safepoint    ] Safepoint "Cleanup", Time since last: 1009946472 ns, Reaching safepoint: 403841 ns, At safepoint: 9634 ns, Total: 413475 ns
[2021-11-03T04:08:07.763+0000][7][safepoint    ] Safepoint "Cleanup", Time since last: 1002642041 ns, Reaching safepoint: 169660 ns, At safepoint: 6082 ns, Total: 175742 ns
[2021-11-03T04:08:08.770+0000][7][safepoint    ] Safepoint "Cleanup", Time since last: 1007396647 ns, Reaching safepoint: 180655 ns, At safepoint: 6261 ns, Total: 186916 ns
[2021-11-03T04:08:09.774+0000][7][safepoint    ] Safepoint "Cleanup", Time since last: 1003399257 ns, Reaching safepoint: 167992 ns, At safepoint: 7126 ns, Total: 175118 ns
[2021-11-03T04:08:10.776+0000][7][safepoint    ] Safepoint "Cleanup", Time since last: 1002560994 ns, Reaching safepoint: 103933 ns, At safepoint: 3401 ns, Total: 107334 ns
[2021-11-03T04:08:11.780+0000][7][safepoint    ] Safepoint "Cleanup", Time since last: 1003566816 ns, Reaching safepoint: 171289 ns, At safepoint: 6520 ns, Total: 177809 ns
[2021-11-03T04:08:12.783+0000][7][safepoint    ] Safepoint "Cleanup", Time since last: 1002546388 ns, Reaching safepoint: 164768 ns, At safepoint: 5258 ns, Total: 170026 ns
[2021-11-03T04:08:13.785+0000][7][safepoint    ] Safepoint "Cleanup", Time since last: 1002063200 ns, Reaching safepoint: 449449 ns, At safepoint: 83567 ns, Total: 533016 ns
[2021-11-03T04:08:14.788+0000][7][safepoint    ] Safepoint "Cleanup", Time since last: 1001759504 ns, Reaching safepoint: 262208 ns, At safepoint: 6354 ns, Total: 268562 ns
[2021-11-03T04:08:15.791+0000][7][safepoint    ] Safepoint "Cleanup", Time since last: 1002621066 ns, Reaching safepoint: 724860 ns, At safepoint: 19111 ns, Total: 743971 ns
[2021-11-03T04:08:16.795+0000][7][safepoint    ] Safepoint "Cleanup", Time since last: 1003261171 ns, Reaching safepoint: 441047 ns, At safepoint: 10469 ns, Total: 451516 ns
[2021-11-03T04:08:17.799+0000][7][safepoint    ] Safepoint "Cleanup", Time since last: 1004278529 ns, Reaching safepoint: 420444 ns, At safepoint: 7801 ns, Total: 428245 ns
[2021-11-03T04:08:18.802+0000][7][safepoint    ] Safepoint "Cleanup", Time since last: 1002206407 ns, Reaching safepoint: 583458 ns, At safepoint: 22917 ns, Total: 606375 ns
[2021-11-03T04:08:19.806+0000][7][safepoint    ] Safepoint "Cleanup", Time since last: 1003527106 ns, Reaching safepoint: 190417 ns, At safepoint: 7778 ns, Total: 198195 ns
[2021-11-03T04:08:20.809+0000][7][safepoint    ] Safepoint "Cleanup", Time since last: 1002668443 ns, Reaching safepoint: 174436 ns, At safepoint: 6338 ns, Total: 180774 ns
[2021-11-03T04:08:21.818+0000][7][safepoint    ] Safepoint "Cleanup", Time since last: 1009428600 ns, Reaching safepoint: 176663 ns, At safepoint: 5760 ns, Total: 182423 ns
[2021-11-03T04:08:22.822+0000][7][safepoint    ] Safepoint "Cleanup", Time since last: 1003148542 ns, Reaching safepoint: 380323 ns, At safepoint: 9078 ns, Total: 389401 ns
[2021-11-03T04:08:23.825+0000][7][safepoint    ] Safepoint "Cleanup", Time since last: 1003024719 ns, Reaching safepoint: 342620 ns, At safepoint: 6950 ns, Total: 349570 ns
[2021-11-03T04:08:24.828+0000][7][safepoint    ] Safepoint "Cleanup", Time since last: 1002156561 ns, Reaching safepoint: 176702 ns, At safepoint: 6909 ns, Total: 183611 ns
[2021-11-03T04:08:25.835+0000][7][safepoint    ] Safepoint "Cleanup", Time since last: 1007291089 ns, Reaching safepoint: 510558 ns, At safepoint: 7937 ns, Total: 518495 ns
[2021-11-03T04:08:26.842+0000][7][safepoint    ] Safepoint "Cleanup", Time since last: 1006920461 ns, Reaching safepoint: 170823 ns, At safepoint: 6775 ns, Total: 177598 ns
[2021-11-03T04:08:27.848+0000][7][safepoint    ] Safepoint "Cleanup", Time since last: 1005314663 ns, Reaching safepoint: 176268 ns, At safepoint: 5873 ns, Total: 182141 ns
[2021-11-03T04:08:28.855+0000][7][safepoint    ] Safepoint "Cleanup", Time since last: 1006735751 ns, Reaching safepoint: 174370 ns, At safepoint: 7075 ns, Total: 181445 ns
[2021-11-03T04:08:29.858+0000][7][safepoint    ] Safepoint "Cleanup", Time since last: 1002258291 ns, Reaching safepoint: 555407 ns, At safepoint: 19860 ns, Total: 575267 ns
[2021-11-03T04:08:30.863+0000][7][safepoint    ] Safepoint "Cleanup", Time since last: 1005241487 ns, Reaching safepoint: 476905 ns, At safepoint: 8199 ns, Total: 485104 ns
[2021-11-03T04:08:31.868+0000][7][safepoint    ] Safepoint "Cleanup", Time since last: 1004252843 ns, Reaching safepoint: 241307 ns, At safepoint: 7385 ns, Total: 248692 ns
[2021-11-03T04:08:32.877+0000][7][safepoint    ] Safepoint "Cleanup", Time since last: 1008386700 ns, Reaching safepoint: 585262 ns, At safepoint: 22338 ns, Total: 607600 ns
[2021-11-03T04:08:33.881+0000][7][safepoint    ] Safepoint "Cleanup", Time since last: 1003350396 ns, Reaching safepoint: 368695 ns, At safepoint: 9652 ns, Total: 378347 ns
[2021-11-03T04:08:34.889+0000][7][safepoint    ] Safepoint "Cleanup", Time since last: 1007509493 ns, Reaching safepoint: 423218 ns, At safepoint: 12009 ns, Total: 435227 ns
[2021-11-03T04:08:35.876+0000][7][safepoint    ] Safepoint "Cleanup", Time since last: 1007985539 ns, Reaching safepoint: 584126 ns, At safepoint: 11822 ns, Total: 595948 ns
[2021-11-03T04:08:36.894+0000][7][safepoint    ] Safepoint "Cleanup", Time since last: 1017946855 ns, Reaching safepoint: 158777 ns, At safepoint: 4081 ns, Total: 162858 ns
[2021-11-03T04:08:37.910+0000][7][safepoint    ] Safepoint "Cleanup", Time since last: 1015963621 ns, Reaching safepoint: 132577 ns, At safepoint: 3133 ns, Total: 135710 ns
[2021-11-03T04:08:38.912+0000][7][safepoint    ] Safepoint "Cleanup", Time since last: 1001428820 ns, Reaching safepoint: 227712 ns, At safepoint: 4041 ns, Total: 231753 ns
[2021-11-03T04:08:39.918+0000][7][safepoint    ] Safepoint "Cleanup", Time since last: 1005757057 ns, Reaching safepoint: 175557 ns, At safepoint: 92473 ns, Total: 268030 ns
[2021-11-03T04:08:40.921+0000][7][safepoint    ] Safepoint "Cleanup", Time since last: 1002381664 ns, Reaching safepoint: 165286 ns, At safepoint: 6034 ns, Total: 171320 ns
[2021-11-03T04:08:42.769+0000][7][safepoint    ] Safepoint "Cleanup", Time since last: 1847572646 ns, Reaching safepoint: 404690 ns, At safepoint: 9455 ns, Total: 414145 ns
[2021-11-03T04:08:43.772+0000][7][safepoint    ] Safepoint "Cleanup", Time since last: 1003121504 ns, Reaching safepoint: 173717 ns, At safepoint: 5236 ns, Total: 178953 ns
[2021-11-03T04:08:44.774+0000][7][safepoint    ] Safepoint "Cleanup", Time since last: 1002251964 ns, Reaching safepoint: 226073 ns, At safepoint: 6081 ns, Total: 232154 ns
[2021-11-03T04:08:45.778+0000][7][safepoint    ] Safepoint "Cleanup", Time since last: 1002805309 ns, Reaching safepoint: 302451 ns, At safepoint: 9517 ns, Total: 311968 ns
[2021-11-03T04:08:46.782+0000][7][safepoint    ] Safepoint "Cleanup", Time since last: 1003912457 ns, Reaching safepoint: 170418 ns, At safepoint: 5892 ns, Total: 176310 ns
[2021-11-03T04:08:47.789+0000][7][safepoint    ] Safepoint "Cleanup", Time since last: 1006798654 ns, Reaching safepoint: 165808 ns, At safepoint: 5783 ns, Total: 171591 ns
[2021-11-03T04:08:48.793+0000][7][safepoint    ] Safepoint "Cleanup", Time since last: 1003991166 ns, Reaching safepoint: 171701 ns, At safepoint: 5607 ns, Total: 177308 ns
[2021-11-03T04:08:49.796+0000][7][safepoint    ] Safepoint "Cleanup", Time since last: 1002592899 ns, Reaching safepoint: 225870 ns, At safepoint: 6866 ns, Total: 232736 ns
[2021-11-03T04:08:50.801+0000][7][safepoint    ] Safepoint "Cleanup", Time since last: 1004720074 ns, Reaching safepoint: 452570 ns, At safepoint: 8188 ns, Total: 460758 ns
[2021-11-03T04:08:51.809+0000][7][safepoint    ] Safepoint "Cleanup", Time since last: 1007730320 ns, Reaching safepoint: 464069 ns, At safepoint: 127242 ns, Total: 591311 ns
[2021-11-03T04:08:52.813+0000][7][safepoint    ] Safepoint "Cleanup", Time since last: 1003182844 ns, Reaching safepoint: 317519 ns, At safepoint: 12057 ns, Total: 329576 ns
[2021-11-03T04:08:53.816+0000][7][safepoint    ] Safepoint "Cleanup", Time since last: 1002910887 ns, Reaching safepoint: 310935 ns, At safepoint: 10296 ns, Total: 321231 ns
[2021-11-03T04:08:54.825+0000][7][safepoint    ] Safepoint "Cleanup", Time since last: 1008592660 ns, Reaching safepoint: 413356 ns, At safepoint: 9842 ns, Total: 423198 ns
[2021-11-03T04:08:55.828+0000][7][safepoint    ] Safepoint "Cleanup", Time since last: 1002961823 ns, Reaching safepoint: 385814 ns, At safepoint: 7075 ns, Total: 392889 ns
[2021-11-03T04:08:56.831+0000][7][safepoint    ] Safepoint "Cleanup", Time since last: 1002389399 ns, Reaching safepoint: 377042 ns, At safepoint: 12607 ns, Total: 389649 ns
[2021-11-03T04:08:57.833+0000][7][safepoint    ] Safepoint "Cleanup", Time since last: 1001911559 ns, Reaching safepoint: 365419 ns, At safepoint: 9274 ns, Total: 374693 ns
[2021-11-03T04:08:58.842+0000][7][safepoint    ] Safepoint "Cleanup", Time since last: 1008811082 ns, Reaching safepoint: 206548 ns, At safepoint: 8798 ns, Total: 215346 ns
[2021-11-03T04:08:59.845+0000][7][safepoint    ] Safepoint "Cleanup", Time since last: 1002485220 ns, Reaching safepoint: 240246 ns, At safepoint: 7021 ns, Total: 247267 ns
[2021-11-03T04:09:00.848+0000][7][safepoint    ] Safepoint "Cleanup", Time since last: 1002310608 ns, Reaching safepoint: 152580 ns, At safepoint: 3291 ns, Total: 155871 ns
[2021-11-03T04:09:01.853+0000][7][safepoint    ] Safepoint "Cleanup", Time since last: 1005519903 ns, Reaching safepoint: 240243 ns, At safepoint: 6509 ns, Total: 246752 ns
[2021-11-03T04:09:02.857+0000][7][safepoint    ] Safepoint "Cleanup", Time since last: 1003706325 ns, Reaching safepoint: 357707 ns, At safepoint: 6391 ns, Total: 364098 ns
[2021-11-03T04:09:03.863+0000][7][safepoint    ] Safepoint "Cleanup", Time since last: 1005237244 ns, Reaching safepoint: 313076 ns, At safepoint: 12224 ns, Total: 325300 ns
[2021-11-03T04:09:04.871+0000][7][safepoint    ] Safepoint "Cleanup", Time since last: 1007924256 ns, Reaching safepoint: 410120 ns, At safepoint: 7373 ns, Total: 417493 ns
[2021-11-03T04:09:05.853+0000][7][safepoint    ] Safepoint "Cleanup", Time since last: 1002255835 ns, Reaching safepoint: 237078 ns, At safepoint: 6026 ns, Total: 243104 ns
[2021-11-03T04:09:06.857+0000][7][safepoint    ] Safepoint "Cleanup", Time since last: 1003128871 ns, Reaching safepoint: 897274 ns, At safepoint: 22314 ns, Total: 919588 ns
[2021-11-03T04:09:07.867+0000][7][safepoint    ] Safepoint "Cleanup", Time since last: 1009477096 ns, Reaching safepoint: 469046 ns, At safepoint: 9827 ns, Total: 478873 ns
[2021-11-03T04:09:08.872+0000][7][safepoint    ] Safepoint "Cleanup", Time since last: 1004600627 ns, Reaching safepoint: 392012 ns, At safepoint: 20031 ns, Total: 412043 ns
[2021-11-03T04:09:09.878+0000][7][safepoint    ] Safepoint "Cleanup", Time since last: 1005539434 ns, Reaching safepoint: 229053 ns, At safepoint: 6094 ns, Total: 235147 ns
[2021-11-03T04:09:10.882+0000][7][safepoint    ] Safepoint "Cleanup", Time since last: 1003867640 ns, Reaching safepoint: 233822 ns, At safepoint: 6581 ns, Total: 240403 ns
[2021-11-03T04:09:12.848+0000][7][safepoint    ] Safepoint "Cleanup", Time since last: 1966057392 ns, Reaching safepoint: 254013 ns, At safepoint: 7484 ns, Total: 261497 ns
[2021-11-03T04:09:13.851+0000][7][safepoint    ] Safepoint "Cleanup", Time since last: 1002446519 ns, Reaching safepoint: 959802 ns, At safepoint: 18585 ns, Total: 978387 ns
[2021-11-03T04:09:14.857+0000][7][safepoint    ] Safepoint "Cleanup", Time since last: 1005640665 ns, Reaching safepoint: 244327 ns, At safepoint: 6326 ns, Total: 250653 ns
[2021-11-03T04:09:15.864+0000][7][safepoint    ] Safepoint "Cleanup", Time since last: 1006401637 ns, Reaching safepoint: 523193 ns, At safepoint: 8500 ns, Total: 531693 ns
[2021-11-03T04:09:16.871+0000][7][safepoint    ] Safepoint "Cleanup", Time since last: 1006879776 ns, Reaching safepoint: 244635 ns, At safepoint: 7847 ns, Total: 252482 ns
[2021-11-03T04:09:17.875+0000][7][safepoint    ] Safepoint "Cleanup", Time since last: 1003282011 ns, Reaching safepoint: 516394 ns, At safepoint: 18116 ns, Total: 534510 ns
[2021-11-03T04:09:18.887+0000][7][safepoint    ] Safepoint "Cleanup", Time since last: 1010817104 ns, Reaching safepoint: 604389 ns, At safepoint: 9183 ns, Total: 613572 ns
[2021-11-03T04:09:19.894+0000][7][safepoint    ] Safepoint "Cleanup", Time since last: 1007447649 ns, Reaching safepoint: 291195 ns, At safepoint: 6467 ns, Total: 297662 ns
[2021-11-03T04:09:20.898+0000][7][safepoint    ] Safepoint "Cleanup", Time since last: 1003091647 ns, Reaching safepoint: 213081 ns, At safepoint: 7020 ns, Total: 220101 ns
[2021-11-03T04:09:21.901+0000][7][safepoint    ] Safepoint "Cleanup", Time since last: 1002687048 ns, Reaching safepoint: 437022 ns, At safepoint: 8798 ns, Total: 445820 ns
[2021-11-03T04:09:22.906+0000][7][safepoint    ] Safepoint "Cleanup", Time since last: 1005318164 ns, Reaching safepoint: 296790 ns, At safepoint: 6026 ns, Total: 302816 ns
[2021-11-03T04:09:23.909+0000][7][safepoint    ] Safepoint "Cleanup", Time since last: 1002187853 ns, Reaching safepoint: 125745 ns, At safepoint: 2792 ns, Total: 128537 ns
[2021-11-03T04:09:24.916+0000][7][safepoint    ] Safepoint "Cleanup", Time since last: 1007192998 ns, Reaching safepoint: 342446 ns, At safepoint: 7027 ns, Total: 349473 ns
[2021-11-03T04:09:25.923+0000][7][safepoint    ] Safepoint "Cleanup", Time since last: 1006740029 ns, Reaching safepoint: 247119 ns, At safepoint: 7618 ns, Total: 254737 ns
[2021-11-03T04:09:26.926+0000][7][safepoint    ] Safepoint "Cleanup", Time since last: 1002318508 ns, Reaching safepoint: 238145 ns, At safepoint: 6170 ns, Total: 244315 ns
[2021-11-03T04:09:27.929+0000][7][safepoint    ] Safepoint "Cleanup", Time since last: 1002795506 ns, Reaching safepoint: 403354 ns, At safepoint: 156219 ns, Total: 559573 ns
[2021-11-03T04:09:28.934+0000][7][safepoint    ] Safepoint "Cleanup", Time since last: 1004775326 ns, Reaching safepoint: 403594 ns, At safepoint: 5904 ns, Total: 409498 ns
[2021-11-03T04:09:29.940+0000][7][safepoint    ] Safepoint "Cleanup", Time since last: 1005564455 ns, Reaching safepoint: 384902 ns, At safepoint: 7364 ns, Total: 392266 ns
[2021-11-03T04:09:30.946+0000][7][safepoint    ] Safepoint "Cleanup", Time since last: 1005488960 ns, Reaching safepoint: 397417 ns, At safepoint: 7183 ns, Total: 404600 ns
[2021-11-03T04:09:31.950+0000][7][safepoint    ] Safepoint "Cleanup", Time since last: 1003161891 ns, Reaching safepoint: 293120 ns, At safepoint: 6802 ns, Total: 299922 ns
[2021-11-03T04:09:32.952+0000][7][safepoint    ] Safepoint "Cleanup", Time since last: 1002159527 ns, Reaching safepoint: 438142 ns, At safepoint: 7458 ns, Total: 445600 ns
[2021-11-03T04:09:33.955+0000][7][safepoint    ] Safepoint "Cleanup", Time since last: 1001951788 ns, Reaching safepoint: 306911 ns, At safepoint: 9301 ns, Total: 316212 ns
[2021-11-03T04:09:34.959+0000][7][safepoint    ] Safepoint "Cleanup", Time since last: 1004076502 ns, Reaching safepoint: 178762 ns, At safepoint: 7106 ns, Total: 185868 ns
[2021-11-03T04:09:35.952+0000][7][safepoint    ] Safepoint "Cleanup", Time since last: 1013220449 ns, Reaching safepoint: 578885 ns, At safepoint: 15530 ns, Total: 594415 ns
[2021-11-03T04:09:36.955+0000][7][safepoint    ] Safepoint "Cleanup", Time since last: 1003114826 ns, Reaching safepoint: 156980 ns, At safepoint: 5652 ns, Total: 162632 ns
[2021-11-03T04:09:37.957+0000][7][safepoint    ] Safepoint "Cleanup", Time since last: 1001490472 ns, Reaching safepoint: 498860 ns, At safepoint: 9005 ns, Total: 507865 ns
[2021-11-03T04:09:38.960+0000][7][safepoint    ] Safepoint "Cleanup", Time since last: 1002888705 ns, Reaching safepoint: 294033 ns, At safepoint: 6856 ns, Total: 300889 ns
[2021-11-03T04:09:39.967+0000][7][safepoint    ] Safepoint "Cleanup", Time since last: 1005795270 ns, Reaching safepoint: 531317 ns, At safepoint: 86407 ns, Total: 617724 ns
[2021-11-03T04:09:40.973+0000][7][safepoint    ] Safepoint "Cleanup", Time since last: 1006024958 ns, Reaching safepoint: 235844 ns, At safepoint: 6817 ns, Total: 242661 ns
[2021-11-03T04:09:41.979+0000][7][safepoint    ] Safepoint "Cleanup", Time since last: 1005669748 ns, Reaching safepoint: 235029 ns, At safepoint: 7060 ns, Total: 242089 ns
[2021-11-03T04:09:42.981+0000][7][safepoint    ] Safepoint "Cleanup", Time since last: 1001912351 ns, Reaching safepoint: 233822 ns, At safepoint: 6389 ns, Total: 240211 ns
[2021-11-03T04:09:43.986+0000][7][safepoint    ] Safepoint "Cleanup", Time since last: 1004544754 ns, Reaching safepoint: 377137 ns, At safepoint: 10903 ns, Total: 388040 ns
[2021-11-03T04:09:44.996+0000][7][safepoint    ] Safepoint "Cleanup", Time since last: 1009105496 ns, Reaching safepoint: 466086 ns, At safepoint: 9999 ns, Total: 476085 ns
[2021-11-03T04:09:46.001+0000][7][safepoint    ] Safepoint "Cleanup", Time since last: 1005245442 ns, Reaching safepoint: 225046 ns, At safepoint: 5890 ns, Total: 230936 ns
[2021-11-03T04:09:47.004+0000][7][safepoint    ] Safepoint "Cleanup", Time since last: 1001876837 ns, Reaching safepoint: 705552 ns, At safepoint: 21790 ns, Total: 727342 ns
[2021-11-03T04:09:48.007+0000][7][safepoint    ] Safepoint "Cleanup", Time since last: 1003167370 ns, Reaching safepoint: 244815 ns, At safepoint: 7370 ns, Total: 252185 ns
[2021-11-03T04:09:49.010+0000][7][safepoint    ] Safepoint "Cleanup", Time since last: 1002969067 ns, Reaching safepoint: 468342 ns, At safepoint: 14537 ns, Total: 482879 ns
[2021-11-03T04:09:50.014+0000][7][safepoint    ] Safepoint "Cleanup", Time since last: 1003331122 ns, Reaching safepoint: 421644 ns, At safepoint: 11987 ns, Total: 433631 ns
[2021-11-03T04:09:51.017+0000][7][safepoint    ] Safepoint "Cleanup", Time since last: 1002169473 ns, Reaching safepoint: 380675 ns, At safepoint: 10722 ns, Total: 391397 ns
[2021-11-03T04:09:52.019+0000][7][safepoint    ] Safepoint "Cleanup", Time since last: 1002351859 ns, Reaching safepoint: 326363 ns, At safepoint: 6900 ns, Total: 333263 ns
[2021-11-03T04:09:53.024+0000][7][safepoint    ] Safepoint "Cleanup", Time since last: 1003972242 ns, Reaching safepoint: 437596 ns, At safepoint: 8892 ns, Total: 446488 ns
[2021-11-03T04:09:54.971+0000][7][safepoint    ] Safepoint "Cleanup", Time since last: 1946929708 ns, Reaching safepoint: 252692 ns, At safepoint: 6204 ns, Total: 258896 ns
[2021-11-03T04:09:55.975+0000][7][safepoint    ] Safepoint "Cleanup", Time since last: 1003412644 ns, Reaching safepoint: 231328 ns, At safepoint: 6503 ns, Total: 237831 ns
[2021-11-03T04:09:56.979+0000][7][safepoint    ] Safepoint "Cleanup", Time since last: 1003786785 ns, Reaching safepoint: 255996 ns, At safepoint: 6302 ns, Total: 262298 ns
[2021-11-03T04:09:57.988+0000][7][safepoint    ] Safepoint "Cleanup", Time since last: 1008535173 ns, Reaching safepoint: 242813 ns, At safepoint: 7411 ns, Total: 250224 ns
[2021-11-03T04:09:58.991+0000][7][safepoint    ] Safepoint "Cleanup", Time since last: 1003106093 ns, Reaching safepoint: 371482 ns, At safepoint: 8470 ns, Total: 379952 ns
[2021-11-03T04:10:00.002+0000][7][safepoint    ] Safepoint "Cleanup", Time since last: 1010983512 ns, Reaching safepoint: 164372 ns, At safepoint: 6431 ns, Total: 170803 ns
[2021-11-03T04:10:01.006+0000][7][safepoint    ] Safepoint "Cleanup", Time since last: 1002623812 ns, Reaching safepoint: 896467 ns, At safepoint: 76476 ns, Total: 972943 ns
[2021-11-03T04:10:02.011+0000][7][safepoint    ] Safepoint "Cleanup", Time since last: 1005325549 ns, Reaching safepoint: 294189 ns, At safepoint: 6485 ns, Total: 300674 ns
[2021-11-03T04:10:03.019+0000][7][safepoint    ] Safepoint "Cleanup", Time since last: 1006461738 ns, Reaching safepoint: 774600 ns, At safepoint: 18103 ns, Total: 792703 ns
[2021-11-03T04:10:04.028+0000][7][safepoint    ] Safepoint "Cleanup", Time since last: 1008942542 ns, Reaching safepoint: 290694 ns, At safepoint: 6327 ns, Total: 297021 ns
[2021-11-03T04:10:05.033+0000][7][safepoint    ] Safepoint "Cleanup", Time since last: 1004852720 ns, Reaching safepoint: 287104 ns, At safepoint: 6197 ns, Total: 293301 ns
[2021-11-03T04:10:06.025+0000][7][safepoint    ] Safepoint "Cleanup", Time since last: 1012551474 ns, Reaching safepoint: 314412 ns, At safepoint: 12115 ns, Total: 326527 ns
[2021-11-03T04:10:07.033+0000][7][safepoint    ] Safepoint "Cleanup", Time since last: 1007503483 ns, Reaching safepoint: 300398 ns, At safepoint: 9148 ns, Total: 309546 ns
[2021-11-03T04:10:08.036+0000][7][safepoint    ] Safepoint "Cleanup", Time since last: 1003331298 ns, Reaching safepoint: 272945 ns, At safepoint: 7635 ns, Total: 280580 ns
[2021-11-03T04:10:09.038+0000][7][safepoint    ] Safepoint "Cleanup", Time since last: 1001212492 ns, Reaching safepoint: 245765 ns, At safepoint: 6946 ns, Total: 252711 ns
[2021-11-03T04:10:10.045+0000][7][safepoint    ] Safepoint "Cleanup", Time since last: 1006870963 ns, Reaching safepoint: 237410 ns, At safepoint: 5893 ns, Total: 243303 ns
[2021-11-03T04:10:11.049+0000][7][safepoint    ] Safepoint "Cleanup", Time since last: 1003864898 ns, Reaching safepoint: 233940 ns, At safepoint: 6814 ns, Total: 240754 ns
[2021-11-03T04:10:12.055+0000][7][safepoint    ] Safepoint "Cleanup", Time since last: 1005754248 ns, Reaching safepoint: 233244 ns, At safepoint: 6976 ns, Total: 240220 ns
[2021-11-03T04:10:13.060+0000][7][safepoint    ] Safepoint "Cleanup", Time since last: 1004640884 ns, Reaching safepoint: 323117 ns, At safepoint: 11295 ns, Total: 334412 ns
[2021-11-03T04:10:14.071+0000][7][safepoint    ] Safepoint "Cleanup", Time since last: 1010165827 ns, Reaching safepoint: 318860 ns, At safepoint: 11734 ns, Total: 330594 ns
[2021-11-03T04:10:15.075+0000][7][safepoint    ] Safepoint "Cleanup", Time since last: 1004425555 ns, Reaching safepoint: 179013 ns, At safepoint: 6897 ns, Total: 185910 ns
[2021-11-03T04:10:16.082+0000][7][safepoint    ] Safepoint "Cleanup", Time since last: 1006368311 ns, Reaching safepoint: 171766 ns, At safepoint: 6384 ns, Total: 178150 ns
[2021-11-03T04:10:17.089+0000][7][safepoint    ] Safepoint "Cleanup", Time since last: 1006818989 ns, Reaching safepoint: 222438 ns, At safepoint: 6100 ns, Total: 228538 ns
[2021-11-03T04:10:18.095+0000][7][safepoint    ] Safepoint "Cleanup", Time since last: 1005517368 ns, Reaching safepoint: 166146 ns, At safepoint: 5966 ns, Total: 172112 ns
[2021-11-03T04:10:19.098+0000][7][safepoint    ] Safepoint "Cleanup", Time since last: 1003013601 ns, Reaching safepoint: 174511 ns, At safepoint: 6761 ns, Total: 181272 ns
[2021-11-03T04:10:20.104+0000][7][safepoint    ] Safepoint "Cleanup", Time since last: 1005984376 ns, Reaching safepoint: 168021 ns, At safepoint: 6611 ns, Total: 174632 ns
[2021-11-03T04:10:22.020+0000][7][safepoint    ] Safepoint "Cleanup", Time since last: 1915631574 ns, Reaching safepoint: 838848 ns, At safepoint: 79704 ns, Total: 918552 ns
[2021-11-03T04:10:23.023+0000][7][safepoint    ] Safepoint "Cleanup", Time since last: 1002588979 ns, Reaching safepoint: 236715 ns, At safepoint: 6156 ns, Total: 242871 ns
[2021-11-03T04:10:24.026+0000][7][safepoint    ] Safepoint "Cleanup", Time since last: 1002590835 ns, Reaching safepoint: 176016 ns, At safepoint: 6656 ns, Total: 182672 ns
[2021-11-03T04:10:25.029+0000][7][safepoint    ] Safepoint "Cleanup", Time since last: 1002503370 ns, Reaching safepoint: 167683 ns, At safepoint: 6290 ns, Total: 173973 ns
[2021-11-03T04:10:26.032+0000][7][safepoint    ] Safepoint "Cleanup", Time since last: 1002695128 ns, Reaching safepoint: 167875 ns, At safepoint: 5558 ns, Total: 173433 ns
[2021-11-03T04:10:27.034+0000][7][safepoint    ] Safepoint "Cleanup", Time since last: 1002235800 ns, Reaching safepoint: 149511 ns, At safepoint: 10943 ns, Total: 160454 ns
[2021-11-03T04:10:28.037+0000][7][safepoint    ] Safepoint "Cleanup", Time since last: 1002400113 ns, Reaching safepoint: 232222 ns, At safepoint: 5903 ns, Total: 238125 ns
[2021-11-03T04:10:29.040+0000][7][safepoint    ] Safepoint "Cleanup", Time since last: 1003314142 ns, Reaching safepoint: 226402 ns, At safepoint: 6929 ns, Total: 233331 ns
[2021-11-03T04:10:30.043+0000][7][safepoint    ] Safepoint "Cleanup", Time since last: 1002532776 ns, Reaching safepoint: 176713 ns, At safepoint: 5911 ns, Total: 182624 ns
[2021-11-03T04:10:31.047+0000][7][safepoint    ] Safepoint "Cleanup", Time since last: 1004108027 ns, Reaching safepoint: 165060 ns, At safepoint: 6616 ns, Total: 171676 ns
[2021-11-03T04:10:32.053+0000][7][safepoint    ] Safepoint "Cleanup", Time since last: 1005792277 ns, Reaching safepoint: 164588 ns, At safepoint: 6467 ns, Total: 171055 ns
[2021-11-03T04:10:33.060+0000][7][safepoint    ] Safepoint "Cleanup", Time since last: 1006708502 ns, Reaching safepoint: 181666 ns, At safepoint: 6046 ns, Total: 187712 ns
[2021-11-03T04:10:34.066+0000][7][safepoint    ] Safepoint "Cleanup", Time since last: 1005455964 ns, Reaching safepoint: 425081 ns, At safepoint: 75320 ns, Total: 500401 ns
[2021-11-03T04:10:35.075+0000][7][safepoint    ] Safepoint "Cleanup", Time since last: 1008691400 ns, Reaching safepoint: 174997 ns, At safepoint: 5983 ns, Total: 180980 ns
[2021-11-03T04:10:36.056+0000][7][safepoint    ] Safepoint "Cleanup", Time since last: 1002525538 ns, Reaching safepoint: 165496 ns, At safepoint: 6233 ns, Total: 171729 ns
[2021-11-03T04:10:37.060+0000][7][safepoint    ] Safepoint "Cleanup", Time since last: 1003597954 ns, Reaching safepoint: 259850 ns, At safepoint: 6326 ns, Total: 266176 ns
[2021-11-03T04:10:38.064+0000][7][safepoint    ] Safepoint "Cleanup", Time since last: 1003647243 ns, Reaching safepoint: 172893 ns, At safepoint: 5811 ns, Total: 178704 ns
[2021-11-03T04:10:39.067+0000][7][safepoint    ] Safepoint "Cleanup", Time since last: 1002905247 ns, Reaching safepoint: 398523 ns, At safepoint: 8516 ns, Total: 407039 ns
[2021-11-03T04:10:40.075+0000][7][safepoint    ] Safepoint "Cleanup", Time since last: 1007208075 ns, Reaching safepoint: 251399 ns, At safepoint: 10366 ns, Total: 261765 ns
[2021-11-03T04:10:42.050+0000][7][safepoint    ] Safepoint "Cleanup", Time since last: 1974464265 ns, Reaching safepoint: 235381 ns, At safepoint: 7458 ns, Total: 242839 ns
[2021-11-03T04:10:43.052+0000][7][safepoint    ] Safepoint "Cleanup", Time since last: 1002701676 ns, Reaching safepoint: 236184 ns, At safepoint: 7153 ns, Total: 243337 ns
[2021-11-03T04:10:44.057+0000][7][safepoint    ] Safepoint "Cleanup", Time since last: 1004081633 ns, Reaching safepoint: 133427 ns, At safepoint: 4259 ns, Total: 137686 ns
[2021-11-03T04:10:45.059+0000][7][safepoint    ] Safepoint "Cleanup", Time since last: 1002089003 ns, Reaching safepoint: 171100 ns, At safepoint: 5513 ns, Total: 176613 ns
[2021-11-03T04:10:46.063+0000][7][safepoint    ] Safepoint "Cleanup", Time since last: 1004323202 ns, Reaching safepoint: 184597 ns, At safepoint: 5933 ns, Total: 190530 ns
[2021-11-03T04:10:47.066+0000][7][safepoint    ] Safepoint "Cleanup", Time since last: 1002132395 ns, Reaching safepoint: 169928 ns, At safepoint: 5123 ns, Total: 175051 ns
[2021-11-03T04:10:48.068+0000][7][safepoint    ] Safepoint "Cleanup", Time since last: 1002349410 ns, Reaching safepoint: 217783 ns, At safepoint: 4413 ns, Total: 222196 ns
[2021-11-03T04:10:49.071+0000][7][safepoint    ] Safepoint "Cleanup", Time since last: 1002495556 ns, Reaching safepoint: 173216 ns, At safepoint: 7066 ns, Total: 180282 ns
[2021-11-03T04:10:50.076+0000][7][safepoint    ] Safepoint "Cleanup", Time since last: 1004570791 ns, Reaching safepoint: 169523 ns, At safepoint: 6222 ns, Total: 175745 ns
[2021-11-03T04:10:51.079+0000][7][safepoint    ] Safepoint "Cleanup", Time since last: 1003165243 ns, Reaching safepoint: 341836 ns, At safepoint: 7265 ns, Total: 349101 ns
[2021-11-03T04:10:52.082+0000][7][safepoint    ] Safepoint "Cleanup", Time since last: 1002137579 ns, Reaching safepoint: 219026 ns, At safepoint: 11954 ns, Total: 230980 ns
[2021-11-03T04:10:53.086+0000][7][safepoint    ] Safepoint "Cleanup", Time since last: 1003751116 ns, Reaching safepoint: 243993 ns, At safepoint: 6332 ns, Total: 250325 ns
[2021-11-03T04:10:54.089+0000][7][safepoint    ] Safepoint "Cleanup", Time since last: 1003668845 ns, Reaching safepoint: 86216 ns, At safepoint: 2335 ns, Total: 88551 ns
[2021-11-03T04:10:55.091+0000][7][safepoint    ] Safepoint "Cleanup", Time since last: 1000969650 ns, Reaching safepoint: 172111 ns, At safepoint: 7206 ns, Total: 179317 ns
[2021-11-03T04:10:56.095+0000][7][safepoint    ] Safepoint "Cleanup", Time since last: 1004108051 ns, Reaching safepoint: 133369 ns, At safepoint: 4194 ns, Total: 137563 ns
[2021-11-03T04:10:57.106+0000][7][safepoint    ] Safepoint "Cleanup", Time since last: 1010302388 ns, Reaching safepoint: 412130 ns, At safepoint: 9224 ns, Total: 421354 ns
[2021-11-03T04:10:58.109+0000][7][safepoint    ] Safepoint "Cleanup", Time since last: 1002713784 ns, Reaching safepoint: 394398 ns, At safepoint: 9627 ns, Total: 404025 ns
[2021-11-03T04:10:59.114+0000][7][safepoint    ] Safepoint "Cleanup", Time since last: 1005183383 ns, Reaching safepoint: 170489 ns, At safepoint: 6026 ns, Total: 176515 ns
[2021-11-03T04:11:00.123+0000][7][safepoint    ] Safepoint "Cleanup", Time since last: 1009281923 ns, Reaching safepoint: 173826 ns, At safepoint: 5629 ns, Total: 179455 ns
[2021-11-03T04:11:01.126+0000][7][safepoint    ] Safepoint "Cleanup", Time since last: 1002629287 ns, Reaching safepoint: 292598 ns, At safepoint: 6851 ns, Total: 299449 ns
[2021-11-03T04:11:02.138+0000][7][safepoint    ] Safepoint "Cleanup", Time since last: 1010571322 ns, Reaching safepoint: 761562 ns, At safepoint: 21864 ns, Total: 783426 ns
[2021-11-03T04:11:03.142+0000][7][safepoint    ] Safepoint "Cleanup", Time since last: 1003672907 ns, Reaching safepoint: 566511 ns, At safepoint: 18180 ns, Total: 584691 ns
[2021-11-03T04:11:04.149+0000][7][safepoint    ] Safepoint "Cleanup", Time since last: 1007182018 ns, Reaching safepoint: 157592 ns, At safepoint: 2872 ns, Total: 160464 ns
[2021-11-03T04:11:05.136+0000][7][safepoint    ] Safepoint "Cleanup", Time since last: 1007399858 ns, Reaching safepoint: 88747 ns, At safepoint: 3023 ns, Total: 91770 ns
[2021-11-03T04:11:06.141+0000][7][safepoint    ] Safepoint "Cleanup", Time since last: 1004948769 ns, Reaching safepoint: 177276 ns, At safepoint: 6315 ns, Total: 183591 ns
[2021-11-03T04:11:07.153+0000][7][safepoint    ] Safepoint "Cleanup", Time since last: 1011228098 ns, Reaching safepoint: 170995 ns, At safepoint: 5898 ns, Total: 176893 ns
[2021-11-03T04:11:08.161+0000][7][safepoint    ] Safepoint "Cleanup", Time since last: 1008068207 ns, Reaching safepoint: 234298 ns, At safepoint: 4682 ns, Total: 238980 ns
[2021-11-03T04:11:09.164+0000][7][safepoint    ] Safepoint "Cleanup", Time since last: 1002313178 ns, Reaching safepoint: 331149 ns, At safepoint: 7517 ns, Total: 338666 ns
[2021-11-03T04:11:10.168+0000][7][safepoint    ] Safepoint "Cleanup", Time since last: 1004119896 ns, Reaching safepoint: 296011 ns, At safepoint: 5988 ns, Total: 301999 ns
[2021-11-03T04:11:11.175+0000][7][safepoint    ] Safepoint "Cleanup", Time since last: 1006217263 ns, Reaching safepoint: 403654 ns, At safepoint: 9330 ns, Total: 412984 ns
[2021-11-03T04:11:12.177+0000][7][safepoint    ] Safepoint "Cleanup", Time since last: 1002263053 ns, Reaching safepoint: 235892 ns, At safepoint: 6020 ns, Total: 241912 ns
[2021-11-03T04:11:13.184+0000][7][safepoint    ] Safepoint "Cleanup", Time since last: 1006731412 ns, Reaching safepoint: 234392 ns, At safepoint: 6157 ns, Total: 240549 ns
[2021-11-03T04:11:14.193+0000][7][safepoint    ] Safepoint "Cleanup", Time since last: 1008496559 ns, Reaching safepoint: 220516 ns, At safepoint: 6439 ns, Total: 226955 ns
[2021-11-03T04:11:15.197+0000][7][safepoint    ] Safepoint "Cleanup", Time since last: 1004235590 ns, Reaching safepoint: 178711 ns, At safepoint: 6302 ns, Total: 185013 ns
[2021-11-03T04:11:16.201+0000][7][safepoint    ] Safepoint "Cleanup", Time since last: 1003895049 ns, Reaching safepoint: 172683 ns, At safepoint: 78005 ns, Total: 250688 ns
[2021-11-03T04:11:17.205+0000][7][safepoint    ] Safepoint "Cleanup", Time since last: 1003239248 ns, Reaching safepoint: 172531 ns, At safepoint: 6054 ns, Total: 178585 ns
[2021-11-03T04:11:18.208+0000][7][safepoint    ] Safepoint "Cleanup", Time since last: 1003024766 ns, Reaching safepoint: 226472 ns, At safepoint: 6509 ns, Total: 232981 ns
[2021-11-03T04:11:19.211+0000][7][safepoint    ] Safepoint "Cleanup", Time since last: 1002084084 ns, Reaching safepoint: 482038 ns, At safepoint: 20917 ns, Total: 502955 ns
[2021-11-03T04:11:20.215+0000][7][safepoint    ] Safepoint "Cleanup", Time since last: 1003986181 ns, Reaching safepoint: 348533 ns, At safepoint: 9964 ns, Total: 358497 ns
[2021-11-03T04:11:21.225+0000][7][safepoint    ] Safepoint "Cleanup", Time since last: 1009555373 ns, Reaching safepoint: 207850 ns, At safepoint: 7067 ns, Total: 214917 ns
[2021-11-03T04:11:22.235+0000][7][safepoint    ] Safepoint "Cleanup", Time since last: 1009888989 ns, Reaching safepoint: 342071 ns, At safepoint: 12615 ns, Total: 354686 ns
[2021-11-03T04:11:23.241+0000][7][safepoint    ] Safepoint "Cleanup", Time since last: 1005423540 ns, Reaching safepoint: 190964 ns, At safepoint: 3863 ns, Total: 194827 ns
[2021-11-03T04:11:24.242+0000][7][safepoint    ] Safepoint "Cleanup", Time since last: 1000830217 ns, Reaching safepoint: 210882 ns, At safepoint: 8709 ns, Total: 219591 ns
[2021-11-03T04:11:25.247+0000][7][safepoint    ] Safepoint "Cleanup", Time since last: 1005193328 ns, Reaching safepoint: 473918 ns, At safepoint: 9173 ns, Total: 483091 ns
[2021-11-03T04:11:26.258+0000][7][safepoint    ] Safepoint "Cleanup", Time since last: 1010555197 ns, Reaching safepoint: 171909 ns, At safepoint: 6015 ns, Total: 177924 ns
[2021-11-03T04:11:27.263+0000][7][safepoint    ] Safepoint "Cleanup", Time since last: 1004343424 ns, Reaching safepoint: 239714 ns, At safepoint: 7508 ns, Total: 247222 ns
[2021-11-03T04:11:28.266+0000][7][safepoint    ] Safepoint "Cleanup", Time since last: 1002745023 ns, Reaching safepoint: 174290 ns, At safepoint: 5854 ns, Total: 180144 ns
[2021-11-03T04:11:29.269+0000][7][safepoint    ] Safepoint "Cleanup", Time since last: 1002763209 ns, Reaching safepoint: 337963 ns, At safepoint: 7356 ns, Total: 345319 ns
[2021-11-03T04:11:30.271+0000][7][safepoint    ] Safepoint "Cleanup", Time since last: 1002164641 ns, Reaching safepoint: 170327 ns, At safepoint: 5916 ns, Total: 176243 ns
[2021-11-03T04:11:31.273+0000][7][safepoint    ] Safepoint "Cleanup", Time since last: 1002152522 ns, Reaching safepoint: 89743 ns, At safepoint: 38801 ns, Total: 128544 ns
[2021-11-03T04:11:32.285+0000][7][safepoint    ] Safepoint "Cleanup", Time since last: 1011501344 ns, Reaching safepoint: 494022 ns, At safepoint: 8935 ns, Total: 502957 ns
[2021-11-03T04:11:33.292+0000][7][safepoint    ] Safepoint "Cleanup", Time since last: 1006510791 ns, Reaching safepoint: 247950 ns, At safepoint: 7045 ns, Total: 254995 ns
[2021-11-03T04:11:34.295+0000][7][safepoint    ] Safepoint "Cleanup", Time since last: 1002765794 ns, Reaching safepoint: 106130 ns, At safepoint: 2356 ns, Total: 108486 ns
[2021-11-03T04:11:35.276+0000][7][safepoint    ] Safepoint "Cleanup", Time since last: 1001263442 ns, Reaching safepoint: 453921 ns, At safepoint: 8621 ns, Total: 462542 ns
[2021-11-03T04:11:36.481+0000][7][safepoint    ] Safepoint "Cleanup", Time since last: 1204893363 ns, Reaching safepoint: 424809 ns, At safepoint: 8615 ns, Total: 433424 ns
[2021-11-03T04:11:37.484+0000][7][safepoint    ] Safepoint "Cleanup", Time since last: 1002406620 ns, Reaching safepoint: 126315 ns, At safepoint: 2857 ns, Total: 129172 ns
[2021-11-03T04:11:38.485+0000][7][safepoint    ] Safepoint "Cleanup", Time since last: 1001343601 ns, Reaching safepoint: 234987 ns, At safepoint: 5962 ns, Total: 240949 ns
[2021-11-03T04:11:39.490+0000][7][safepoint    ] Safepoint "Cleanup", Time since last: 1004669985 ns, Reaching safepoint: 616606 ns, At safepoint: 22032 ns, Total: 638638 ns
[2021-11-03T04:11:40.495+0000][7][safepoint    ] Safepoint "Cleanup", Time since last: 1003944208 ns, Reaching safepoint: 339903 ns, At safepoint: 8581 ns, Total: 348484 ns
[2021-11-03T04:11:41.502+0000][7][safepoint    ] Safepoint "Cleanup", Time since last: 1006783663 ns, Reaching safepoint: 620700 ns, At safepoint: 18062 ns, Total: 638762 ns
[2021-11-03T04:11:42.508+0000][7][safepoint    ] Safepoint "Cleanup", Time since last: 1005656535 ns, Reaching safepoint: 529470 ns, At safepoint: 10062 ns, Total: 539532 ns
[2021-11-03T04:11:43.513+0000][7][safepoint    ] Safepoint "Cleanup", Time since last: 1004007270 ns, Reaching safepoint: 299242 ns, At safepoint: 7178 ns, Total: 306420 ns
[2021-11-03T04:11:44.519+0000][7][safepoint    ] Safepoint "Cleanup", Time since last: 1006120532 ns, Reaching safepoint: 269116 ns, At safepoint: 6140 ns, Total: 275256 ns
[2021-11-03T04:11:45.522+0000][7][safepoint    ] Safepoint "Cleanup", Time since last: 1002924415 ns, Reaching safepoint: 256186 ns, At safepoint: 6503 ns, Total: 262689 ns
[2021-11-03T04:11:46.525+0000][7][safepoint    ] Safepoint "Cleanup", Time since last: 1002079551 ns, Reaching safepoint: 735292 ns, At safepoint: 17280 ns, Total: 752572 ns
[2021-11-03T04:11:47.529+0000][7][safepoint    ] Safepoint "Cleanup", Time since last: 1003417262 ns, Reaching safepoint: 179916 ns, At safepoint: 6944 ns, Total: 186860 ns
[2021-11-03T04:11:48.532+0000][7][safepoint    ] Safepoint "Cleanup", Time since last: 1003446361 ns, Reaching safepoint: 179956 ns, At safepoint: 6323 ns, Total: 186279 ns
[2021-11-03T04:11:49.535+0000][7][safepoint    ] Safepoint "Cleanup", Time since last: 1002310813 ns, Reaching safepoint: 227961 ns, At safepoint: 6276 ns, Total: 234237 ns
[2021-11-03T04:11:50.539+0000][7][safepoint    ] Safepoint "Cleanup", Time since last: 1003179263 ns, Reaching safepoint: 462399 ns, At safepoint: 15173 ns, Total: 477572 ns
[2021-11-03T04:11:51.543+0000][7][safepoint    ] Safepoint "Cleanup", Time since last: 1003680240 ns, Reaching safepoint: 520105 ns, At safepoint: 11917 ns, Total: 532022 ns
[2021-11-03T04:11:52.547+0000][7][safepoint    ] Safepoint "Cleanup", Time since last: 1004082677 ns, Reaching safepoint: 242650 ns, At safepoint: 6061 ns, Total: 248711 ns
[2021-11-03T04:11:53.550+0000][7][safepoint    ] Safepoint "Cleanup", Time since last: 1002311872 ns, Reaching safepoint: 214036 ns, At safepoint: 9326 ns, Total: 223362 ns
[2021-11-03T04:11:54.553+0000][7][safepoint    ] Safepoint "Cleanup", Time since last: 1002666948 ns, Reaching safepoint: 331474 ns, At safepoint: 7244 ns, Total: 338718 ns
[2021-11-03T04:11:55.559+0000][7][safepoint    ] Safepoint "Cleanup", Time since last: 1005927944 ns, Reaching safepoint: 406600 ns, At safepoint: 13541 ns, Total: 420141 ns
[2021-11-03T04:11:56.562+0000][7][safepoint    ] Safepoint "Cleanup", Time since last: 1002921957 ns, Reaching safepoint: 170177 ns, At safepoint: 5977 ns, Total: 176154 ns
[2021-11-03T04:11:57.566+0000][7][safepoint    ] Safepoint "Cleanup", Time since last: 1003585704 ns, Reaching safepoint: 236002 ns, At safepoint: 6509 ns, Total: 242511 ns
[2021-11-03T04:11:58.570+0000][7][safepoint    ] Safepoint "Cleanup", Time since last: 1003495579 ns, Reaching safepoint: 247587 ns, At safepoint: 6665 ns, Total: 254252 ns
[2021-11-03T04:11:59.574+0000][7][safepoint    ] Safepoint "Cleanup", Time since last: 1003609578 ns, Reaching safepoint: 281870 ns, At safepoint: 7370 ns, Total: 289240 ns
[2021-11-03T04:12:00.583+0000][7][safepoint    ] Safepoint "Cleanup", Time since last: 1009654825 ns, Reaching safepoint: 185266 ns, At safepoint: 6071 ns, Total: 191337 ns
[2021-11-03T04:12:01.592+0000][7][safepoint    ] Safepoint "Cleanup", Time since last: 1008582182 ns, Reaching safepoint: 184313 ns, At safepoint: 6838 ns, Total: 191151 ns
[2021-11-03T04:12:02.605+0000][7][safepoint    ] Safepoint "Cleanup", Time since last: 1012451111 ns, Reaching safepoint: 168024 ns, At safepoint: 6432 ns, Total: 174456 ns
[2021-11-03T04:12:03.608+0000][7][safepoint    ] Safepoint "Cleanup", Time since last: 1002974415 ns, Reaching safepoint: 178712 ns, At safepoint: 6389 ns, Total: 185101 ns
[2021-11-03T04:12:04.615+0000][7][safepoint    ] Safepoint "Cleanup", Time since last: 1006229635 ns, Reaching safepoint: 340481 ns, At safepoint: 7209 ns, Total: 347690 ns
[2021-11-03T04:12:05.604+0000][7][safepoint    ] Safepoint "Cleanup", Time since last: 1009976841 ns, Reaching safepoint: 219299 ns, At safepoint: 6230 ns, Total: 225529 ns
[2021-11-03T04:12:06.610+0000][7][safepoint    ] Safepoint "Cleanup", Time since last: 1005980215 ns, Reaching safepoint: 164829 ns, At safepoint: 7243 ns, Total: 172072 ns
[2021-11-03T04:12:07.619+0000][7][safepoint    ] Safepoint "Cleanup", Time since last: 1008801632 ns, Reaching safepoint: 360144 ns, At safepoint: 11162 ns, Total: 371306 ns
[2021-11-03T04:12:08.622+0000][7][safepoint    ] Safepoint "Cleanup", Time since last: 1002504781 ns, Reaching safepoint: 241988 ns, At safepoint: 5554 ns, Total: 247542 ns
[2021-11-03T04:12:09.628+0000][7][safepoint    ] Safepoint "Cleanup", Time since last: 1005386689 ns, Reaching safepoint: 344317 ns, At safepoint: 7798 ns, Total: 352115 ns
[2021-11-03T04:12:10.769+0000][7][safepoint    ] Safepoint "Cleanup", Time since last: 1140986087 ns, Reaching safepoint: 435573 ns, At safepoint: 13146 ns, Total: 448719 ns
[2021-11-03T04:12:11.771+0000][7][safepoint    ] Safepoint "Cleanup", Time since last: 1002013120 ns, Reaching safepoint: 231112 ns, At safepoint: 3995 ns, Total: 235107 ns
[2021-11-03T04:12:12.776+0000][7][safepoint    ] Safepoint "Cleanup", Time since last: 1004339789 ns, Reaching safepoint: 181883 ns, At safepoint: 13116 ns, Total: 194999 ns
[2021-11-03T04:12:13.779+0000][7][safepoint    ] Safepoint "Cleanup", Time since last: 1002809082 ns, Reaching safepoint: 174236 ns, At safepoint: 6155 ns, Total: 180391 ns
[2021-11-03T04:12:14.785+0000][7][safepoint    ] Safepoint "Cleanup", Time since last: 1005399815 ns, Reaching safepoint: 415329 ns, At safepoint: 9007 ns, Total: 424336 ns
[2021-11-03T04:12:15.788+0000][7][safepoint    ] Safepoint "Cleanup", Time since last: 1003094178 ns, Reaching safepoint: 352892 ns, At safepoint: 6799 ns, Total: 359691 ns
[2021-11-03T04:12:16.791+0000][7][safepoint    ] Safepoint "Cleanup", Time since last: 1002833295 ns, Reaching safepoint: 403676 ns, At safepoint: 9195 ns, Total: 412871 ns
[2021-11-03T04:12:17.794+0000][7][safepoint    ] Safepoint "Cleanup", Time since last: 1002833209 ns, Reaching safepoint: 234709 ns, At safepoint: 6062 ns, Total: 240771 ns
[2021-11-03T04:12:18.800+0000][7][safepoint    ] Safepoint "Cleanup", Time since last: 1004980444 ns, Reaching safepoint: 418958 ns, At safepoint: 9464 ns, Total: 428422 ns
[2021-11-03T04:12:19.804+0000][7][safepoint    ] Safepoint "Cleanup", Time since last: 1003667910 ns, Reaching safepoint: 349596 ns, At safepoint: 8171 ns, Total: 357767 ns
[2021-11-03T04:12:20.808+0000][7][safepoint    ] Safepoint "Cleanup", Time since last: 1003584447 ns, Reaching safepoint: 249910 ns, At safepoint: 6614 ns, Total: 256524 ns
[2021-11-03T04:12:21.814+0000][7][safepoint    ] Safepoint "Cleanup", Time since last: 1005769368 ns, Reaching safepoint: 258700 ns, At safepoint: 6484 ns, Total: 265184 ns
[2021-11-03T04:12:22.819+0000][7][safepoint    ] Safepoint "Cleanup", Time since last: 1005657455 ns, Reaching safepoint: 99980 ns, At safepoint: 2498 ns, Total: 102478 ns
[2021-11-03T04:12:23.823+0000][7][safepoint    ] Safepoint "Cleanup", Time since last: 1003161540 ns, Reaching safepoint: 635322 ns, At safepoint: 18335 ns, Total: 653657 ns
[2021-11-03T04:12:24.835+0000][7][safepoint    ] Safepoint "Cleanup", Time since last: 1011645795 ns, Reaching safepoint: 230444 ns, At safepoint: 6067 ns, Total: 236511 ns
[2021-11-03T04:12:25.842+0000][7][safepoint    ] Safepoint "Cleanup", Time since last: 1006136235 ns, Reaching safepoint: 320390 ns, At safepoint: 6963 ns, Total: 327353 ns
[2021-11-03T04:12:26.844+0000][7][safepoint    ] Safepoint "Cleanup", Time since last: 1002177835 ns, Reaching safepoint: 230255 ns, At safepoint: 7123 ns, Total: 237378 ns
[2021-11-03T04:12:27.852+0000][7][safepoint    ] Safepoint "Cleanup", Time since last: 1008111683 ns, Reaching safepoint: 247121 ns, At safepoint: 6139 ns, Total: 253260 ns
[2021-11-03T04:12:28.860+0000][7][safepoint    ] Safepoint "Cleanup", Time since last: 1007106897 ns, Reaching safepoint: 254290 ns, At safepoint: 6612 ns, Total: 260902 ns
[2021-11-03T04:12:29.864+0000][7][safepoint    ] Safepoint "Cleanup", Time since last: 1004079395 ns, Reaching safepoint: 236675 ns, At safepoint: 6906 ns, Total: 243581 ns
[2021-11-03T04:12:30.867+0000][7][safepoint    ] Safepoint "Cleanup", Time since last: 1002317696 ns, Reaching safepoint: 242308 ns, At safepoint: 6448 ns, Total: 248756 ns
[2021-11-03T04:12:31.870+0000][7][safepoint    ] Safepoint "Cleanup", Time since last: 1002851558 ns, Reaching safepoint: 176735 ns, At safepoint: 6533 ns, Total: 183268 ns
[2021-11-03T04:12:32.879+0000][7][safepoint    ] Safepoint "Cleanup", Time since last: 1009154118 ns, Reaching safepoint: 171939 ns, At safepoint: 5893 ns, Total: 177832 ns
[2021-11-03T04:12:33.882+0000][7][safepoint    ] Safepoint "Cleanup", Time since last: 1003341072 ns, Reaching safepoint: 169572 ns, At safepoint: 6140 ns, Total: 175712 ns
[2021-11-03T04:12:34.894+0000][7][safepoint    ] Safepoint "Cleanup", Time since last: 1011086436 ns, Reaching safepoint: 176947 ns, At safepoint: 6284 ns, Total: 183231 ns
[2021-11-03T04:12:35.875+0000][7][safepoint    ] Safepoint "Cleanup", Time since last: 1002188904 ns, Reaching safepoint: 172921 ns, At safepoint: 6021 ns, Total: 178942 ns
[2021-11-03T04:12:36.880+0000][7][safepoint    ] Safepoint "Cleanup", Time since last: 1004864196 ns, Reaching safepoint: 177314 ns, At safepoint: 6029 ns, Total: 183343 ns
[2021-11-03T04:12:37.886+0000][7][safepoint    ] Safepoint "Cleanup", Time since last: 1005372617 ns, Reaching safepoint: 247189 ns, At safepoint: 6209 ns, Total: 253398 ns
[2021-11-03T04:12:38.891+0000][7][safepoint    ] Safepoint "Cleanup", Time since last: 1004796375 ns, Reaching safepoint: 187546 ns, At safepoint: 6552 ns, Total: 194098 ns
[2021-11-03T04:12:39.895+0000][7][safepoint    ] Safepoint "Cleanup", Time since last: 1004297872 ns, Reaching safepoint: 179798 ns, At safepoint: 6785 ns, Total: 186583 ns
[2021-11-03T04:12:40.900+0000][7][safepoint    ] Safepoint "Cleanup", Time since last: 1004340618 ns, Reaching safepoint: 177589 ns, At safepoint: 6452 ns, Total: 184041 ns
[2021-11-03T04:12:41.908+0000][7][safepoint    ] Safepoint "Cleanup", Time since last: 1007983935 ns, Reaching safepoint: 176154 ns, At safepoint: 6431 ns, Total: 182585 ns
[2021-11-03T04:12:42.915+0000][7][safepoint    ] Safepoint "Cleanup", Time since last: 1007089187 ns, Reaching safepoint: 174449 ns, At safepoint: 6363 ns, Total: 180812 ns
[2021-11-03T04:12:43.921+0000][7][safepoint    ] Safepoint "Cleanup", Time since last: 1005672870 ns, Reaching safepoint: 177557 ns, At safepoint: 6690 ns, Total: 184247 ns
[2021-11-03T04:12:44.925+0000][7][safepoint    ] Safepoint "Cleanup", Time since last: 1003291946 ns, Reaching safepoint: 173084 ns, At safepoint: 6516 ns, Total: 179600 ns
[2021-11-03T04:12:45.929+0000][7][safepoint    ] Safepoint "Cleanup", Time since last: 1004433548 ns, Reaching safepoint: 174742 ns, At safepoint: 5980 ns, Total: 180722 ns
[2021-11-03T04:12:46.938+0000][7][safepoint    ] Safepoint "Cleanup", Time since last: 1008840903 ns, Reaching safepoint: 182565 ns, At safepoint: 6956 ns, Total: 189521 ns
[2021-11-03T04:12:47.947+0000][7][safepoint    ] Safepoint "Cleanup", Time since last: 1007439906 ns, Reaching safepoint: 608495 ns, At safepoint: 140735 ns, Total: 749230 ns
[2021-11-03T04:12:48.955+0000][7][safepoint    ] Safepoint "Cleanup", Time since last: 1007854655 ns, Reaching safepoint: 218848 ns, At safepoint: 3383 ns, Total: 222231 ns
[2021-11-03T04:12:49.957+0000][7][safepoint    ] Safepoint "Cleanup", Time since last: 1001429221 ns, Reaching safepoint: 478331 ns, At safepoint: 15053 ns, Total: 493384 ns
[2021-11-03T04:12:50.963+0000][7][safepoint    ] Safepoint "Cleanup", Time since last: 1006495107 ns, Reaching safepoint: 182096 ns, At safepoint: 4671 ns, Total: 186767 ns
[2021-11-03T04:12:51.967+0000][7][safepoint    ] Safepoint "Cleanup", Time since last: 1003620337 ns, Reaching safepoint: 316218 ns, At safepoint: 6602 ns, Total: 322820 ns
[2021-11-03T04:12:53.364+0000][7][safepoint    ] Safepoint "Cleanup", Time since last: 1396479551 ns, Reaching safepoint: 454299 ns, At safepoint: 8604 ns, Total: 462903 ns
[2021-11-03T04:12:54.368+0000][7][safepoint    ] Safepoint "Cleanup", Time since last: 1003883977 ns, Reaching safepoint: 241274 ns, At safepoint: 6384 ns, Total: 247658 ns
[2021-11-03T04:12:55.371+0000][7][safepoint    ] Safepoint "Cleanup", Time since last: 1002473568 ns, Reaching safepoint: 245980 ns, At safepoint: 7041 ns, Total: 253021 ns
[2021-11-03T04:12:56.376+0000][7][safepoint    ] Safepoint "Cleanup", Time since last: 1004536463 ns, Reaching safepoint: 169694 ns, At safepoint: 6126 ns, Total: 175820 ns
[2021-11-03T04:12:57.382+0000][7][safepoint    ] Safepoint "Cleanup", Time since last: 1005996853 ns, Reaching safepoint: 393538 ns, At safepoint: 10638 ns, Total: 404176 ns
[2021-11-03T04:12:58.391+0000][7][safepoint    ] Safepoint "Cleanup", Time since last: 1008384644 ns, Reaching safepoint: 173918 ns, At safepoint: 6207 ns, Total: 180125 ns
[2021-11-03T04:12:59.399+0000][7][safepoint    ] Safepoint "Cleanup", Time since last: 1008595551 ns, Reaching safepoint: 170487 ns, At safepoint: 6453 ns, Total: 176940 ns
[2021-11-03T04:13:00.403+0000][7][safepoint    ] Safepoint "Cleanup", Time since last: 1003553255 ns, Reaching safepoint: 416600 ns, At safepoint: 9613 ns, Total: 426213 ns
[2021-11-03T04:13:01.412+0000][7][safepoint    ] Safepoint "Cleanup", Time since last: 1008474044 ns, Reaching safepoint: 427746 ns, At safepoint: 10336 ns, Total: 438082 ns
[2021-11-03T04:13:02.426+0000][7][safepoint    ] Safepoint "Cleanup", Time since last: 1012805481 ns, Reaching safepoint: 414879 ns, At safepoint: 12663 ns, Total: 427542 ns
[2021-11-03T04:13:03.431+0000][7][safepoint    ] Safepoint "Cleanup", Time since last: 1004810464 ns, Reaching safepoint: 624152 ns, At safepoint: 21375 ns, Total: 645527 ns
[2021-11-03T04:13:04.480+0000][7][safepoint    ] Safepoint "Cleanup", Time since last: 1011021925 ns, Reaching safepoint: 37589224 ns, At safepoint: 87054 ns, Total: 37676278 ns
[2021-11-03T04:13:05.462+0000][7][safepoint    ] Safepoint "Cleanup", Time since last: 1003213282 ns, Reaching safepoint: 178016 ns, At safepoint: 73745 ns, Total: 251761 ns
[2021-11-03T04:13:06.467+0000][7][safepoint    ] Safepoint "Cleanup", Time since last: 1004298662 ns, Reaching safepoint: 246413 ns, At safepoint: 7263 ns, Total: 253676 ns
[2021-11-03T04:13:07.472+0000][7][safepoint    ] Safepoint "Cleanup", Time since last: 1005081039 ns, Reaching safepoint: 237651 ns, At safepoint: 6682 ns, Total: 244333 ns
[2021-11-03T04:13:08.475+0000][7][safepoint    ] Safepoint "Cleanup", Time since last: 1002864648 ns, Reaching safepoint: 183323 ns, At safepoint: 5948 ns, Total: 189271 ns
[2021-11-03T04:13:09.479+0000][7][safepoint    ] Safepoint "Cleanup", Time since last: 1003203878 ns, Reaching safepoint: 317471 ns, At safepoint: 8345 ns, Total: 325816 ns
[2021-11-03T04:13:10.483+0000][7][safepoint    ] Safepoint "Cleanup", Time since last: 1003680681 ns, Reaching safepoint: 383904 ns, At safepoint: 8112 ns, Total: 392016 ns
[2021-11-03T04:13:11.489+0000][7][safepoint    ] Safepoint "Cleanup", Time since last: 1006316474 ns, Reaching safepoint: 168982 ns, At safepoint: 5754 ns, Total: 174736 ns
[2021-11-03T04:13:12.492+0000][7][safepoint    ] Safepoint "Cleanup", Time since last: 1002526112 ns, Reaching safepoint: 399382 ns, At safepoint: 9875 ns, Total: 409257 ns
[2021-11-03T04:13:13.495+0000][7][safepoint    ] Safepoint "Cleanup", Time since last: 1002550251 ns, Reaching safepoint: 466767 ns, At safepoint: 7327 ns, Total: 474094 ns
[2021-11-03T04:13:14.501+0000][7][safepoint    ] Safepoint "Cleanup", Time since last: 1005510433 ns, Reaching safepoint: 173762 ns, At safepoint: 6917 ns, Total: 180679 ns
[2021-11-03T04:13:15.503+0000][7][safepoint    ] Safepoint "Cleanup", Time since last: 1002200999 ns, Reaching safepoint: 214452 ns, At safepoint: 6651 ns, Total: 221103 ns
[2021-11-03T04:13:16.506+0000][7][safepoint    ] Safepoint "Cleanup", Time since last: 1002443442 ns, Reaching safepoint: 176530 ns, At safepoint: 6127 ns, Total: 182657 ns
[2021-11-03T04:13:17.510+0000][7][safepoint    ] Safepoint "Cleanup", Time since last: 1003887877 ns, Reaching safepoint: 178006 ns, At safepoint: 6297 ns, Total: 184303 ns
[2021-11-03T04:13:18.516+0000][7][safepoint    ] Safepoint "Cleanup", Time since last: 1006311449 ns, Reaching safepoint: 173497 ns, At safepoint: 5982 ns, Total: 179479 ns
[2021-11-03T04:13:19.526+0000][7][safepoint    ] Safepoint "Cleanup", Time since last: 1008825610 ns, Reaching safepoint: 350710 ns, At safepoint: 9943 ns, Total: 360653 ns
[2021-11-03T04:13:20.528+0000][7][safepoint    ] Safepoint "Cleanup", Time since last: 1002043544 ns, Reaching safepoint: 446610 ns, At safepoint: 12383 ns, Total: 458993 ns
[2021-11-03T04:13:21.531+0000][7][safepoint    ] Safepoint "Cleanup", Time since last: 1002330817 ns, Reaching safepoint: 494105 ns, At safepoint: 8692 ns, Total: 502797 ns
[2021-11-03T04:13:22.537+0000][7][safepoint    ] Safepoint "Cleanup", Time since last: 1005917113 ns, Reaching safepoint: 458890 ns, At safepoint: 9356 ns, Total: 468246 ns
[2021-11-03T04:13:23.543+0000][7][safepoint    ] Safepoint "Cleanup", Time since last: 1004804376 ns, Reaching safepoint: 511515 ns, At safepoint: 9829 ns, Total: 521344 ns
[2021-11-03T04:13:24.546+0000][7][safepoint    ] Safepoint "Cleanup", Time since last: 1002824102 ns, Reaching safepoint: 322663 ns, At safepoint: 10253 ns, Total: 332916 ns
[2021-11-03T04:13:25.553+0000][7][safepoint    ] Safepoint "Cleanup", Time since last: 1006263687 ns, Reaching safepoint: 685210 ns, At safepoint: 8526 ns, Total: 693736 ns
[2021-11-03T04:13:26.557+0000][7][safepoint    ] Safepoint "Cleanup", Time since last: 1003687803 ns, Reaching safepoint: 210418 ns, At safepoint: 4519 ns, Total: 214937 ns
[2021-11-03T04:13:27.561+0000][7][safepoint    ] Safepoint "Cleanup", Time since last: 1003984308 ns, Reaching safepoint: 385356 ns, At safepoint: 8161 ns, Total: 393517 ns
[2021-11-03T04:13:28.565+0000][7][safepoint    ] Safepoint "Cleanup", Time since last: 1003796828 ns, Reaching safepoint: 259929 ns, At safepoint: 6966 ns, Total: 266895 ns
[2021-11-03T04:13:29.569+0000][7][safepoint    ] Safepoint "Cleanup", Time since last: 1003607264 ns, Reaching safepoint: 242048 ns, At safepoint: 7605 ns, Total: 249653 ns
[2021-11-03T04:13:30.573+0000][7][safepoint    ] Safepoint "Cleanup", Time since last: 1003464038 ns, Reaching safepoint: 188207 ns, At safepoint: 6891 ns, Total: 195098 ns
[2021-11-03T04:13:31.577+0000][7][safepoint    ] Safepoint "Cleanup", Time since last: 1004432531 ns, Reaching safepoint: 475147 ns, At safepoint: 9152 ns, Total: 484299 ns
[2021-11-03T04:13:32.580+0000][7][safepoint    ] Safepoint "Cleanup", Time since last: 1002217617 ns, Reaching safepoint: 308386 ns, At safepoint: 9698 ns, Total: 318084 ns
[2021-11-03T04:13:33.586+0000][7][safepoint    ] Safepoint "Cleanup", Time since last: 1005920981 ns, Reaching safepoint: 364641 ns, At safepoint: 10652 ns, Total: 375293 ns
[2021-11-03T04:13:34.592+0000][7][safepoint    ] Safepoint "Cleanup", Time since last: 1004983850 ns, Reaching safepoint: 342367 ns, At safepoint: 6112 ns, Total: 348479 ns
[2021-11-03T04:13:35.572+0000][7][safepoint    ] Safepoint "Cleanup", Time since last: 1002290765 ns, Reaching safepoint: 184439 ns, At safepoint: 5858 ns, Total: 190297 ns
[2021-11-03T04:13:36.581+0000][7][safepoint    ] Safepoint "Cleanup", Time since last: 1008127858 ns, Reaching safepoint: 512483 ns, At safepoint: 8695 ns, Total: 521178 ns
[2021-11-03T04:13:37.588+0000][7][safepoint    ] Safepoint "Cleanup", Time since last: 1007151264 ns, Reaching safepoint: 136270 ns, At safepoint: 5378 ns, Total: 141648 ns
[2021-11-03T04:13:38.591+0000][7][safepoint    ] Safepoint "Cleanup", Time since last: 1002392815 ns, Reaching safepoint: 225056 ns, At safepoint: 7181 ns, Total: 232237 ns
[2021-11-03T04:13:39.596+0000][7][safepoint    ] Safepoint "Cleanup", Time since last: 1004809582 ns, Reaching safepoint: 287004 ns, At safepoint: 104990 ns, Total: 391994 ns
[2021-11-03T04:13:40.602+0000][7][safepoint    ] Safepoint "Cleanup", Time since last: 1006206877 ns, Reaching safepoint: 89110 ns, At safepoint: 2552 ns, Total: 91662 ns
[2021-11-03T04:13:41.608+0000][7][safepoint    ] Safepoint "Cleanup", Time since last: 1005567775 ns, Reaching safepoint: 257391 ns, At safepoint: 9823 ns, Total: 267214 ns
[2021-11-03T04:13:42.621+0000][7][safepoint    ] Safepoint "Cleanup", Time since last: 1012339463 ns, Reaching safepoint: 173210 ns, At safepoint: 5989 ns, Total: 179199 ns
[2021-11-03T04:13:43.624+0000][7][safepoint    ] Safepoint "Cleanup", Time since last: 1003058113 ns, Reaching safepoint: 137796 ns, At safepoint: 4691 ns, Total: 142487 ns
[2021-11-03T04:13:44.627+0000][7][safepoint    ] Safepoint "Cleanup", Time since last: 1003117249 ns, Reaching safepoint: 136388 ns, At safepoint: 4902 ns, Total: 141290 ns
[2021-11-03T04:13:45.630+0000][7][safepoint    ] Safepoint "Cleanup", Time since last: 1002227234 ns, Reaching safepoint: 277517 ns, At safepoint: 6907 ns, Total: 284424 ns
[2021-11-03T04:13:46.633+0000][7][safepoint    ] Safepoint "Cleanup", Time since last: 1002746425 ns, Reaching safepoint: 403099 ns, At safepoint: 5837 ns, Total: 408936 ns
[2021-11-03T04:13:47.634+0000][7][safepoint    ] Safepoint "Cleanup", Time since last: 1001345847 ns, Reaching safepoint: 203506 ns, At safepoint: 6503 ns, Total: 210009 ns
[2021-11-03T04:13:48.637+0000][7][safepoint    ] Safepoint "Cleanup", Time since last: 1001799718 ns, Reaching safepoint: 491572 ns, At safepoint: 6621 ns, Total: 498193 ns
[2021-11-03T04:13:49.646+0000][7][safepoint    ] Safepoint "Cleanup", Time since last: 1008973652 ns, Reaching safepoint: 574221 ns, At safepoint: 77355 ns, Total: 651576 ns
[2021-11-03T04:13:50.660+0000][7][safepoint    ] Safepoint "Cleanup", Time since last: 1013358703 ns, Reaching safepoint: 300288 ns, At safepoint: 10420 ns, Total: 310708 ns
[2021-11-03T04:13:51.666+0000][7][safepoint    ] Safepoint "Cleanup", Time since last: 1004869960 ns, Reaching safepoint: 629865 ns, At safepoint: 337943 ns, Total: 967808 ns
[2021-11-03T04:13:52.674+0000][7][safepoint    ] Safepoint "Cleanup", Time since last: 1008092521 ns, Reaching safepoint: 374358 ns, At safepoint: 11993 ns, Total: 386351 ns
[2021-11-03T04:13:53.682+0000][7][safepoint    ] Safepoint "Cleanup", Time since last: 1007513741 ns, Reaching safepoint: 428621 ns, At safepoint: 8177 ns, Total: 436798 ns
[2021-11-03T04:13:54.688+0000][7][safepoint    ] Safepoint "Cleanup", Time since last: 1005521296 ns, Reaching safepoint: 297429 ns, At safepoint: 5954 ns, Total: 303383 ns
[2021-11-03T04:13:55.691+0000][7][safepoint    ] Safepoint "Cleanup", Time since last: 1002347596 ns, Reaching safepoint: 428990 ns, At safepoint: 6890 ns, Total: 435880 ns
[2021-11-03T04:13:56.697+0000][7][safepoint    ] Safepoint "Cleanup", Time since last: 1005721955 ns, Reaching safepoint: 319198 ns, At safepoint: 8246 ns, Total: 327444 ns
[2021-11-03T04:13:57.705+0000][7][safepoint    ] Safepoint "Cleanup", Time since last: 1007864459 ns, Reaching safepoint: 318248 ns, At safepoint: 18844 ns, Total: 337092 ns
[2021-11-03T04:13:58.713+0000][7][safepoint    ] Safepoint "Cleanup", Time since last: 1007815491 ns, Reaching safepoint: 405819 ns, At safepoint: 9547 ns, Total: 415366 ns
[2021-11-03T04:13:59.717+0000][7][safepoint    ] Safepoint "Cleanup", Time since last: 1003025892 ns, Reaching safepoint: 338448 ns, At safepoint: 6516 ns, Total: 344964 ns
[2021-11-03T04:14:00.722+0000][7][safepoint    ] Safepoint "Cleanup", Time since last: 1005325910 ns, Reaching safepoint: 239496 ns, At safepoint: 9476 ns, Total: 248972 ns
[2021-11-03T04:14:01.725+0000][7][safepoint    ] Safepoint "Cleanup", Time since last: 1002352458 ns, Reaching safepoint: 174470 ns, At safepoint: 6470 ns, Total: 180940 ns
[2021-11-03T04:14:02.733+0000][7][safepoint    ] Safepoint "Cleanup", Time since last: 1007674085 ns, Reaching safepoint: 786894 ns, At safepoint: 20963 ns, Total: 807857 ns
[2021-11-03T04:14:03.738+0000][7][safepoint    ] Safepoint "Cleanup", Time since last: 1005045702 ns, Reaching safepoint: 260267 ns, At safepoint: 6950 ns, Total: 267217 ns
[2021-11-03T04:14:04.743+0000][7][safepoint    ] Safepoint "Cleanup", Time since last: 1003995865 ns, Reaching safepoint: 342814 ns, At safepoint: 6069 ns, Total: 348883 ns
[2021-11-03T04:14:05.729+0000][7][safepoint    ] Safepoint "Cleanup", Time since last: 1005446157 ns, Reaching safepoint: 324688 ns, At safepoint: 8293 ns, Total: 332981 ns
[2021-11-03T04:14:06.732+0000][7][safepoint    ] Safepoint "Cleanup", Time since last: 1003302440 ns, Reaching safepoint: 314096 ns, At safepoint: 11487 ns, Total: 325583 ns
[2021-11-03T04:14:07.738+0000][7][safepoint    ] Safepoint "Cleanup", Time since last: 1005295159 ns, Reaching safepoint: 313238 ns, At safepoint: 12023 ns, Total: 325261 ns
[2021-11-03T04:14:08.743+0000][7][safepoint    ] Safepoint "Cleanup", Time since last: 1004284820 ns, Reaching safepoint: 343454 ns, At safepoint: 12489 ns, Total: 355943 ns
[2021-11-03T04:14:09.747+0000][7][safepoint    ] Safepoint "Cleanup", Time since last: 1003699889 ns, Reaching safepoint: 243235 ns, At safepoint: 6791 ns, Total: 250026 ns
[2021-11-03T04:14:10.751+0000][7][safepoint    ] Safepoint "Cleanup", Time since last: 1003902340 ns, Reaching safepoint: 335628 ns, At safepoint: 6202 ns, Total: 341830 ns
[2021-11-03T04:14:11.753+0000][7][safepoint    ] Safepoint "Cleanup", Time since last: 1002050763 ns, Reaching safepoint: 236333 ns, At safepoint: 6034 ns, Total: 242367 ns
[2021-11-03T04:14:12.759+0000][7][safepoint    ] Safepoint "Cleanup", Time since last: 1005147590 ns, Reaching safepoint: 242192 ns, At safepoint: 6791 ns, Total: 248983 ns
[2021-11-03T04:14:13.763+0000][7][safepoint    ] Safepoint "Cleanup", Time since last: 1004582167 ns, Reaching safepoint: 241213 ns, At safepoint: 6211 ns, Total: 247424 ns
[2021-11-03T04:14:14.770+0000][7][safepoint    ] Safepoint "Cleanup", Time since last: 1006361044 ns, Reaching safepoint: 238101 ns, At safepoint: 6693 ns, Total: 244794 ns
[2021-11-03T04:14:15.773+0000][7][safepoint    ] Safepoint "Cleanup", Time since last: 1002994377 ns, Reaching safepoint: 238388 ns, At safepoint: 6811 ns, Total: 245199 ns
[2021-11-03T04:14:16.778+0000][7][safepoint    ] Safepoint "Cleanup", Time since last: 1004683215 ns, Reaching safepoint: 179193 ns, At safepoint: 5764 ns, Total: 184957 ns
[2021-11-03T04:14:17.787+0000][7][safepoint    ] Safepoint "Cleanup", Time since last: 1008774565 ns, Reaching safepoint: 159217 ns, At safepoint: 5777 ns, Total: 164994 ns
[2021-11-03T04:14:18.793+0000][7][safepoint    ] Safepoint "Cleanup", Time since last: 1005265662 ns, Reaching safepoint: 397365 ns, At safepoint: 9658 ns, Total: 407023 ns
[2021-11-03T04:14:19.798+0000][7][safepoint    ] Safepoint "Cleanup", Time since last: 1004684173 ns, Reaching safepoint: 408507 ns, At safepoint: 8276 ns, Total: 416783 ns
[2021-11-03T04:14:20.801+0000][7][safepoint    ] Safepoint "Cleanup", Time since last: 1002585913 ns, Reaching safepoint: 504996 ns, At safepoint: 9042 ns, Total: 514038 ns
[2021-11-03T04:14:21.803+0000][7][safepoint    ] Safepoint "Cleanup", Time since last: 1002158278 ns, Reaching safepoint: 232431 ns, At safepoint: 7589 ns, Total: 240020 ns
[2021-11-03T04:14:22.807+0000][7][safepoint    ] Safepoint "Cleanup", Time since last: 1003935445 ns, Reaching safepoint: 212407 ns, At safepoint: 4043 ns, Total: 216450 ns
[2021-11-03T04:14:24.510+0000][7][safepoint    ] Safepoint "Cleanup", Time since last: 1702236578 ns, Reaching safepoint: 425682 ns, At safepoint: 75982 ns, Total: 501664 ns
[2021-11-03T04:14:25.513+0000][7][safepoint    ] Safepoint "Cleanup", Time since last: 1002971945 ns, Reaching safepoint: 221474 ns, At safepoint: 7251 ns, Total: 228725 ns
[2021-11-03T04:14:26.518+0000][7][safepoint    ] Safepoint "Cleanup", Time since last: 1004110623 ns, Reaching safepoint: 546810 ns, At safepoint: 80329 ns, Total: 627139 ns
[2021-11-03T04:14:27.521+0000][7][safepoint    ] Safepoint "Cleanup", Time since last: 1002915813 ns, Reaching safepoint: 168677 ns, At safepoint: 6153 ns, Total: 174830 ns
[2021-11-03T04:14:28.524+0000][7][safepoint    ] Safepoint "Cleanup", Time since last: 1002584245 ns, Reaching safepoint: 178204 ns, At safepoint: 6604 ns, Total: 184808 ns
[2021-11-03T04:14:29.528+0000][7][safepoint    ] Safepoint "Cleanup", Time since last: 1003418984 ns, Reaching safepoint: 335297 ns, At safepoint: 7746 ns, Total: 343043 ns
[2021-11-03T04:14:30.533+0000][7][safepoint    ] Safepoint "Cleanup", Time since last: 1004705946 ns, Reaching safepoint: 379742 ns, At safepoint: 7607 ns, Total: 387349 ns
[2021-11-03T04:14:31.537+0000][7][safepoint    ] Safepoint "Cleanup", Time since last: 1003943809 ns, Reaching safepoint: 471007 ns, At safepoint: 10971 ns, Total: 481978 ns
[2021-11-03T04:14:32.542+0000][7][safepoint    ] Safepoint "Cleanup", Time since last: 1004755287 ns, Reaching safepoint: 349368 ns, At safepoint: 9520 ns, Total: 358888 ns
[2021-11-03T04:14:33.545+0000][7][safepoint    ] Safepoint "Cleanup", Time since last: 1002637342 ns, Reaching safepoint: 246231 ns, At safepoint: 6376 ns, Total: 252607 ns
[2021-11-03T04:14:34.552+0000][7][safepoint    ] Safepoint "Cleanup", Time since last: 1006779720 ns, Reaching safepoint: 300654 ns, At safepoint: 11119 ns, Total: 311773 ns
[2021-11-03T04:14:35.535+0000][7][safepoint    ] Safepoint "Cleanup", Time since last: 1003132384 ns, Reaching safepoint: 335280 ns, At safepoint: 7256 ns, Total: 342536 ns
[2021-11-03T04:14:36.539+0000][7][safepoint    ] Safepoint "Cleanup", Time since last: 1004238660 ns, Reaching safepoint: 185536 ns, At safepoint: 7945 ns, Total: 193481 ns
[2021-11-03T04:14:37.545+0000][7][safepoint    ] Safepoint "Cleanup", Time since last: 1005764862 ns, Reaching safepoint: 101037 ns, At safepoint: 2860 ns, Total: 103897 ns
[2021-11-03T04:14:38.547+0000][7][safepoint    ] Safepoint "Cleanup", Time since last: 1001794353 ns, Reaching safepoint: 172042 ns, At safepoint: 3912 ns, Total: 175954 ns
[2021-11-03T04:14:39.555+0000][7][safepoint    ] Safepoint "Cleanup", Time since last: 1007331372 ns, Reaching safepoint: 338595 ns, At safepoint: 6924 ns, Total: 345519 ns
[2021-11-03T04:14:40.559+0000][7][safepoint    ] Safepoint "Cleanup", Time since last: 1003637719 ns, Reaching safepoint: 364025 ns, At safepoint: 8232 ns, Total: 372257 ns
[2021-11-03T04:14:41.562+0000][7][safepoint    ] Safepoint "Cleanup", Time since last: 1003467439 ns, Reaching safepoint: 167057 ns, At safepoint: 5822 ns, Total: 172879 ns
[2021-11-03T04:14:42.566+0000][7][safepoint    ] Safepoint "Cleanup", Time since last: 1003036024 ns, Reaching safepoint: 335841 ns, At safepoint: 6291 ns, Total: 342132 ns
[2021-11-03T04:14:43.569+0000][7][safepoint    ] Safepoint "Cleanup", Time since last: 1002743267 ns, Reaching safepoint: 218797 ns, At safepoint: 5373 ns, Total: 224170 ns
[2021-11-03T04:14:44.574+0000][7][safepoint    ] Safepoint "Cleanup", Time since last: 1005168843 ns, Reaching safepoint: 466100 ns, At safepoint: 10181 ns, Total: 476281 ns
[2021-11-03T04:14:45.578+0000][7][safepoint    ] Safepoint "Cleanup", Time since last: 1002747216 ns, Reaching safepoint: 636970 ns, At safepoint: 18021 ns, Total: 654991 ns
[2021-11-03T04:14:46.581+0000][7][safepoint    ] Safepoint "Cleanup", Time since last: 1002231174 ns, Reaching safepoint: 603007 ns, At safepoint: 17843 ns, Total: 620850 ns
[2021-11-03T04:14:47.585+0000][7][safepoint    ] Safepoint "Cleanup", Time since last: 1003682888 ns, Reaching safepoint: 367968 ns, At safepoint: 8634 ns, Total: 376602 ns
[2021-11-03T04:14:48.588+0000][7][safepoint    ] Safepoint "Cleanup", Time since last: 1003432611 ns, Reaching safepoint: 241209 ns, At safepoint: 7156 ns, Total: 248365 ns
[2021-11-03T04:14:49.592+0000][7][safepoint    ] Safepoint "Cleanup", Time since last: 1003394933 ns, Reaching safepoint: 278581 ns, At safepoint: 8340 ns, Total: 286921 ns
[2021-11-03T04:14:50.599+0000][7][safepoint    ] Safepoint "Cleanup", Time since last: 1006486587 ns, Reaching safepoint: 314401 ns, At safepoint: 5312 ns, Total: 319713 ns
[2021-11-03T04:14:51.606+0000][7][safepoint    ] Safepoint "Cleanup", Time since last: 1006954875 ns, Reaching safepoint: 533713 ns, At safepoint: 22662 ns, Total: 556375 ns
[2021-11-03T04:14:52.613+0000][7][safepoint    ] Safepoint "Cleanup", Time since last: 1005876882 ns, Reaching safepoint: 529819 ns, At safepoint: 8297 ns, Total: 538116 ns
[2021-11-03T04:14:53.616+0000][7][safepoint    ] Safepoint "Cleanup", Time since last: 1002359333 ns, Reaching safepoint: 763208 ns, At safepoint: 99993 ns, Total: 863201 ns
[2021-11-03T04:14:54.620+0000][7][safepoint    ] Safepoint "Cleanup", Time since last: 1003839249 ns, Reaching safepoint: 322357 ns, At safepoint: 6755 ns, Total: 329112 ns
[2021-11-03T04:14:55.623+0000][7][safepoint    ] Safepoint "Cleanup", Time since last: 1002863267 ns, Reaching safepoint: 234685 ns, At safepoint: 6815 ns, Total: 241500 ns
[2021-11-03T04:14:56.628+0000][7][safepoint    ] Safepoint "Cleanup", Time since last: 1004482487 ns, Reaching safepoint: 229694 ns, At safepoint: 6122 ns, Total: 235816 ns
[2021-11-03T04:14:57.631+0000][7][safepoint    ] Safepoint "Cleanup", Time since last: 1002987503 ns, Reaching safepoint: 308086 ns, At safepoint: 8864 ns, Total: 316950 ns
[2021-11-03T04:14:58.634+0000][7][safepoint    ] Safepoint "Cleanup", Time since last: 1002385906 ns, Reaching safepoint: 238322 ns, At safepoint: 6721 ns, Total: 245043 ns
[2021-11-03T04:14:59.642+0000][7][safepoint    ] Safepoint "Cleanup", Time since last: 1008050825 ns, Reaching safepoint: 228966 ns, At safepoint: 7818 ns, Total: 236784 ns
[2021-11-03T04:15:00.654+0000][7][safepoint    ] Safepoint "Cleanup", Time since last: 1011133615 ns, Reaching safepoint: 519586 ns, At safepoint: 8591 ns, Total: 528177 ns
[2021-11-03T04:15:01.660+0000][7][safepoint    ] Safepoint "Cleanup", Time since last: 1005528158 ns, Reaching safepoint: 350332 ns, At safepoint: 6489 ns, Total: 356821 ns
[2021-11-03T04:15:02.663+0000][7][safepoint    ] Safepoint "Cleanup", Time since last: 1003084541 ns, Reaching safepoint: 233638 ns, At safepoint: 6634 ns, Total: 240272 ns
[2021-11-03T04:15:03.676+0000][7][safepoint    ] Safepoint "Cleanup", Time since last: 1012686047 ns, Reaching safepoint: 233109 ns, At safepoint: 6627 ns, Total: 239736 ns
[2021-11-03T04:15:04.689+0000][7][safepoint    ] Safepoint "Cleanup", Time since last: 1012053103 ns, Reaching safepoint: 491353 ns, At safepoint: 23555 ns, Total: 514908 ns
[2021-11-03T04:15:05.670+0000][7][safepoint    ] Safepoint "Cleanup", Time since last: 1002564776 ns, Reaching safepoint: 246238 ns, At safepoint: 6245 ns, Total: 252483 ns
[2021-11-03T04:15:06.672+0000][7][safepoint    ] Safepoint "Cleanup", Time since last: 1001539877 ns, Reaching safepoint: 318728 ns, At safepoint: 11546 ns, Total: 330274 ns
[2021-11-03T04:15:07.678+0000][7][safepoint    ] Safepoint "Cleanup", Time since last: 1005400760 ns, Reaching safepoint: 352755 ns, At safepoint: 10769 ns, Total: 363524 ns
[2021-11-03T04:15:08.683+0000][7][safepoint    ] Safepoint "Cleanup", Time since last: 1005097940 ns, Reaching safepoint: 206278 ns, At safepoint: 11156 ns, Total: 217434 ns
[2021-11-03T04:15:09.687+0000][7][safepoint    ] Safepoint "Cleanup", Time since last: 1003438407 ns, Reaching safepoint: 232642 ns, At safepoint: 6228 ns, Total: 238870 ns
[2021-11-03T04:15:10.695+0000][7][safepoint    ] Safepoint "Cleanup", Time since last: 1008147848 ns, Reaching safepoint: 242104 ns, At safepoint: 10515 ns, Total: 252619 ns
[2021-11-03T04:15:11.698+0000][7][safepoint    ] Safepoint "Cleanup", Time since last: 1002660706 ns, Reaching safepoint: 173402 ns, At safepoint: 5665 ns, Total: 179067 ns
[2021-11-03T04:15:12.703+0000][7][safepoint    ] Safepoint "Cleanup", Time since last: 1004159923 ns, Reaching safepoint: 280639 ns, At safepoint: 6566 ns, Total: 287205 ns
[2021-11-03T04:15:13.706+0000][7][safepoint    ] Safepoint "Cleanup", Time since last: 1003072556 ns, Reaching safepoint: 224172 ns, At safepoint: 7515 ns, Total: 231687 ns
[2021-11-03T04:15:14.709+0000][7][safepoint    ] Safepoint "Cleanup", Time since last: 1003179427 ns, Reaching safepoint: 165061 ns, At safepoint: 6242 ns, Total: 171303 ns
[2021-11-03T04:15:15.714+0000][7][safepoint    ] Safepoint "Cleanup", Time since last: 1004237800 ns, Reaching safepoint: 173012 ns, At safepoint: 4849 ns, Total: 177861 ns
[2021-11-03T04:15:16.722+0000][7][safepoint    ] Safepoint "Cleanup", Time since last: 1007887492 ns, Reaching safepoint: 181887 ns, At safepoint: 7617 ns, Total: 189504 ns
[2021-11-03T04:15:17.728+0000][7][safepoint    ] Safepoint "Cleanup", Time since last: 1006475564 ns, Reaching safepoint: 184842 ns, At safepoint: 11112 ns, Total: 195954 ns
[2021-11-03T04:15:18.735+0000][7][safepoint    ] Safepoint "Cleanup", Time since last: 1005708886 ns, Reaching safepoint: 487565 ns, At safepoint: 13463 ns, Total: 501028 ns
[2021-11-03T04:15:19.737+0000][7][safepoint    ] Safepoint "Cleanup", Time since last: 1002383534 ns, Reaching safepoint: 250111 ns, At safepoint: 6016 ns, Total: 256127 ns
[2021-11-03T04:15:20.745+0000][7][safepoint    ] Safepoint "Cleanup", Time since last: 1007348878 ns, Reaching safepoint: 339511 ns, At safepoint: 6581 ns, Total: 346092 ns
[2021-11-03T04:15:21.751+0000][7][safepoint    ] Safepoint "Cleanup", Time since last: 1005367724 ns, Reaching safepoint: 402106 ns, At safepoint: 7034 ns, Total: 409140 ns
[2021-11-03T04:15:22.755+0000][7][safepoint    ] Safepoint "Cleanup", Time since last: 1003787979 ns, Reaching safepoint: 305680 ns, At safepoint: 10781 ns, Total: 316461 ns
[2021-11-03T04:15:23.763+0000][7][safepoint    ] Safepoint "Cleanup", Time since last: 1007552298 ns, Reaching safepoint: 308288 ns, At safepoint: 7610 ns, Total: 315898 ns
[2021-11-03T04:15:24.771+0000][7][safepoint    ] Safepoint "Cleanup", Time since last: 1008211466 ns, Reaching safepoint: 286232 ns, At safepoint: 9413 ns, Total: 295645 ns
[2021-11-03T04:15:25.775+0000][7][safepoint    ] Safepoint "Cleanup", Time since last: 1003543457 ns, Reaching safepoint: 239949 ns, At safepoint: 5830 ns, Total: 245779 ns
[2021-11-03T04:15:26.778+0000][7][safepoint    ] Safepoint "Cleanup", Time since last: 1002209983 ns, Reaching safepoint: 393602 ns, At safepoint: 10896 ns, Total: 404498 ns
[2021-11-03T04:15:27.782+0000][7][safepoint    ] Safepoint "Cleanup", Time since last: 1004013655 ns, Reaching safepoint: 181390 ns, At safepoint: 5562 ns, Total: 186952 ns
[2021-11-03T04:15:28.792+0000][7][safepoint    ] Safepoint "Cleanup", Time since last: 1009448479 ns, Reaching safepoint: 465332 ns, At safepoint: 9008 ns, Total: 474340 ns
[2021-11-03T04:15:29.796+0000][7][safepoint    ] Safepoint "Cleanup", Time since last: 1003771632 ns, Reaching safepoint: 171474 ns, At safepoint: 5711 ns, Total: 177185 ns
[2021-11-03T04:15:30.805+0000][7][safepoint    ] Safepoint "Cleanup", Time since last: 1008890437 ns, Reaching safepoint: 172111 ns, At safepoint: 6209 ns, Total: 178320 ns
[2021-11-03T04:15:31.811+0000][7][safepoint    ] Safepoint "Cleanup", Time since last: 1006079678 ns, Reaching safepoint: 174337 ns, At safepoint: 6072 ns, Total: 180409 ns
[2021-11-03T04:15:32.815+0000][7][safepoint    ] Safepoint "Cleanup", Time since last: 1004099392 ns, Reaching safepoint: 174764 ns, At safepoint: 6168 ns, Total: 180932 ns
[2021-11-03T04:15:33.819+0000][7][safepoint    ] Safepoint "Cleanup", Time since last: 1003003522 ns, Reaching safepoint: 367483 ns, At safepoint: 12078 ns, Total: 379561 ns
[2021-11-03T04:15:35.688+0000][7][safepoint    ] Safepoint "Cleanup", Time since last: 1890324067 ns, Reaching safepoint: 265062 ns, At safepoint: 6453 ns, Total: 271515 ns
[2021-11-03T04:15:36.693+0000][7][safepoint    ] Safepoint "Cleanup", Time since last: 1004477316 ns, Reaching safepoint: 269454 ns, At safepoint: 7130 ns, Total: 276584 ns
[2021-11-03T04:15:37.705+0000][7][safepoint    ] Safepoint "Cleanup", Time since last: 1011404629 ns, Reaching safepoint: 252419 ns, At safepoint: 6802 ns, Total: 259221 ns
[2021-11-03T04:15:38.709+0000][7][safepoint    ] Safepoint "Cleanup", Time since last: 1004328222 ns, Reaching safepoint: 252226 ns, At safepoint: 7628 ns, Total: 259854 ns
[2021-11-03T04:15:39.712+0000][7][safepoint    ] Safepoint "Cleanup", Time since last: 1002482052 ns, Reaching safepoint: 242646 ns, At safepoint: 7673 ns, Total: 250319 ns
[2021-11-03T04:15:40.719+0000][7][safepoint    ] Safepoint "Cleanup", Time since last: 1006801120 ns, Reaching safepoint: 176574 ns, At safepoint: 6558 ns, Total: 183132 ns
[2021-11-03T04:15:41.725+0000][7][safepoint    ] Safepoint "Cleanup", Time since last: 1004961762 ns, Reaching safepoint: 586875 ns, At safepoint: 12325 ns, Total: 599200 ns
[2021-11-03T04:15:42.727+0000][7][safepoint    ] Safepoint "Cleanup", Time since last: 1002118087 ns, Reaching safepoint: 284403 ns, At safepoint: 5627 ns, Total: 290030 ns
[2021-11-03T04:15:43.729+0000][7][safepoint    ] Safepoint "Cleanup", Time since last: 1001684350 ns, Reaching safepoint: 281991 ns, At safepoint: 5981 ns, Total: 287972 ns
[2021-11-03T04:15:44.731+0000][7][safepoint    ] Safepoint "Cleanup", Time since last: 1001761413 ns, Reaching safepoint: 194906 ns, At safepoint: 5681 ns, Total: 200587 ns
[2021-11-03T04:15:45.734+0000][7][safepoint    ] Safepoint "Cleanup", Time since last: 1002727062 ns, Reaching safepoint: 234429 ns, At safepoint: 6234 ns, Total: 240663 ns
[2021-11-03T04:15:46.738+0000][7][safepoint    ] Safepoint "Cleanup", Time since last: 1003305552 ns, Reaching safepoint: 241407 ns, At safepoint: 6891 ns, Total: 248298 ns
[2021-11-03T04:15:47.746+0000][7][safepoint    ] Safepoint "Cleanup", Time since last: 1008470820 ns, Reaching safepoint: 338771 ns, At safepoint: 17832 ns, Total: 356603 ns
[2021-11-03T04:15:48.754+0000][7][safepoint    ] Safepoint "Cleanup", Time since last: 1007733805 ns, Reaching safepoint: 192915 ns, At safepoint: 7223 ns, Total: 200138 ns
[2021-11-03T04:15:49.760+0000][7][safepoint    ] Safepoint "Cleanup", Time since last: 1005167283 ns, Reaching safepoint: 266458 ns, At safepoint: 6322 ns, Total: 272780 ns
[2021-11-03T04:15:50.764+0000][7][safepoint    ] Safepoint "Cleanup", Time since last: 1004438229 ns, Reaching safepoint: 134204 ns, At safepoint: 4587 ns, Total: 138791 ns
[2021-11-03T04:15:51.766+0000][7][safepoint    ] Safepoint "Cleanup", Time since last: 1002160113 ns, Reaching safepoint: 132912 ns, At safepoint: 4121 ns, Total: 137033 ns
[2021-11-03T04:15:52.769+0000][7][safepoint    ] Safepoint "Cleanup", Time since last: 1001769417 ns, Reaching safepoint: 265742 ns, At safepoint: 4928 ns, Total: 270670 ns
[2021-11-03T04:15:53.773+0000][7][safepoint    ] Safepoint "Cleanup", Time since last: 1003748315 ns, Reaching safepoint: 391056 ns, At safepoint: 6453 ns, Total: 397509 ns
[2021-11-03T04:15:54.777+0000][7][safepoint    ] Safepoint "Cleanup", Time since last: 1003465020 ns, Reaching safepoint: 441773 ns, At safepoint: 7203 ns, Total: 448976 ns
[2021-11-03T04:15:55.779+0000][7][safepoint    ] Safepoint "Cleanup", Time since last: 1001926296 ns, Reaching safepoint: 233562 ns, At safepoint: 7613 ns, Total: 241175 ns
[2021-11-03T04:15:56.785+0000][7][safepoint    ] Safepoint "Cleanup", Time since last: 1006318618 ns, Reaching safepoint: 216620 ns, At safepoint: 4524 ns, Total: 221144 ns
[2021-11-03T04:15:57.790+0000][7][safepoint    ] Safepoint "Cleanup", Time since last: 1004137083 ns, Reaching safepoint: 176909 ns, At safepoint: 5065 ns, Total: 181974 ns
[2021-11-03T04:15:58.792+0000][7][safepoint    ] Safepoint "Cleanup", Time since last: 1001995530 ns, Reaching safepoint: 138653 ns, At safepoint: 4293 ns, Total: 142946 ns
[2021-11-03T04:15:59.794+0000][7][safepoint    ] Safepoint "Cleanup", Time since last: 1001892727 ns, Reaching safepoint: 167792 ns, At safepoint: 5816 ns, Total: 173608 ns
[2021-11-03T04:16:00.796+0000][7][safepoint    ] Safepoint "Cleanup", Time since last: 1002113460 ns, Reaching safepoint: 168655 ns, At safepoint: 5517 ns, Total: 174172 ns
[2021-11-03T04:16:01.803+0000][7][safepoint    ] Safepoint "Cleanup", Time since last: 1006964242 ns, Reaching safepoint: 169533 ns, At safepoint: 5982 ns, Total: 175515 ns
[2021-11-03T04:16:02.806+0000][7][safepoint    ] Safepoint "Cleanup", Time since last: 1002850063 ns, Reaching safepoint: 178623 ns, At safepoint: 5820 ns, Total: 184443 ns
[2021-11-03T04:16:03.809+0000][7][safepoint    ] Safepoint "Cleanup", Time since last: 1002252415 ns, Reaching safepoint: 225694 ns, At safepoint: 5785 ns, Total: 231479 ns
[2021-11-03T04:16:04.811+0000][7][safepoint    ] Safepoint "Cleanup", Time since last: 1002207940 ns, Reaching safepoint: 288639 ns, At safepoint: 7074 ns, Total: 295713 ns
[2021-11-03T04:16:05.793+0000][7][safepoint    ] Safepoint "Cleanup", Time since last: 1002310048 ns, Reaching safepoint: 258837 ns, At safepoint: 6864 ns, Total: 265701 ns
[2021-11-03T04:16:06.797+0000][7][safepoint    ] Safepoint "Cleanup", Time since last: 1003455171 ns, Reaching safepoint: 371089 ns, At safepoint: 6174 ns, Total: 377263 ns
[2021-11-03T04:16:07.802+0000][7][safepoint    ] Safepoint "Cleanup", Time since last: 1005108315 ns, Reaching safepoint: 234286 ns, At safepoint: 7153 ns, Total: 241439 ns
[2021-11-03T04:16:08.811+0000][7][safepoint    ] Safepoint "Cleanup", Time since last: 1008173342 ns, Reaching safepoint: 185810 ns, At safepoint: 7005 ns, Total: 192815 ns
[2021-11-03T04:16:09.814+0000][7][safepoint    ] Safepoint "Cleanup", Time since last: 1003541850 ns, Reaching safepoint: 173080 ns, At safepoint: 6450 ns, Total: 179530 ns
[2021-11-03T04:16:10.817+0000][7][safepoint    ] Safepoint "Cleanup", Time since last: 1002420128 ns, Reaching safepoint: 407573 ns, At safepoint: 10152 ns, Total: 417725 ns
[2021-11-03T04:16:11.819+0000][7][safepoint    ] Safepoint "Cleanup", Time since last: 1001868698 ns, Reaching safepoint: 176103 ns, At safepoint: 6272 ns, Total: 182375 ns
[2021-11-03T04:16:12.828+0000][7][safepoint    ] Safepoint "Cleanup", Time since last: 1008388929 ns, Reaching safepoint: 173422 ns, At safepoint: 6522 ns, Total: 179944 ns
[2021-11-03T04:16:13.832+0000][7][safepoint    ] Safepoint "Cleanup", Time since last: 1004335557 ns, Reaching safepoint: 171615 ns, At safepoint: 6496 ns, Total: 178111 ns
[2021-11-03T04:16:14.843+0000][7][safepoint    ] Safepoint "Cleanup", Time since last: 1010691134 ns, Reaching safepoint: 176019 ns, At safepoint: 8184 ns, Total: 184203 ns
[2021-11-03T04:16:15.849+0000][7][safepoint    ] Safepoint "Cleanup", Time since last: 1005160888 ns, Reaching safepoint: 230992 ns, At safepoint: 7244 ns, Total: 238236 ns
[2021-11-03T04:16:16.852+0000][7][safepoint    ] Safepoint "Cleanup", Time since last: 1002951325 ns, Reaching safepoint: 323772 ns, At safepoint: 6620 ns, Total: 330392 ns
[2021-11-03T04:16:17.855+0000][7][safepoint    ] Safepoint "Cleanup", Time since last: 1003154224 ns, Reaching safepoint: 176987 ns, At safepoint: 7251 ns, Total: 184238 ns
[2021-11-03T04:16:18.858+0000][7][safepoint    ] Safepoint "Cleanup", Time since last: 1002816850 ns, Reaching safepoint: 183047 ns, At safepoint: 6230 ns, Total: 189277 ns
[2021-11-03T04:16:19.862+0000][7][safepoint    ] Safepoint "Cleanup", Time since last: 1003296236 ns, Reaching safepoint: 395148 ns, At safepoint: 6721 ns, Total: 401869 ns
[2021-11-03T04:16:20.865+0000][7][safepoint    ] Safepoint "Cleanup", Time since last: 1002729989 ns, Reaching safepoint: 246882 ns, At safepoint: 6801 ns, Total: 253683 ns
[2021-11-03T04:16:21.868+0000][7][safepoint    ] Safepoint "Cleanup", Time since last: 1003115912 ns, Reaching safepoint: 177662 ns, At safepoint: 6426 ns, Total: 184088 ns
[2021-11-03T04:16:22.875+0000][7][safepoint    ] Safepoint "Cleanup", Time since last: 1006731952 ns, Reaching safepoint: 122968 ns, At safepoint: 3282 ns, Total: 126250 ns
[2021-11-03T04:16:23.879+0000][7][safepoint    ] Safepoint "Cleanup", Time since last: 1003878464 ns, Reaching safepoint: 340736 ns, At safepoint: 8568 ns, Total: 349304 ns
[2021-11-03T04:16:24.885+0000][7][safepoint    ] Safepoint "Cleanup", Time since last: 1005639378 ns, Reaching safepoint: 233586 ns, At safepoint: 6513 ns, Total: 240099 ns
[2021-11-03T04:16:25.889+0000][7][safepoint    ] Safepoint "Cleanup", Time since last: 1003245435 ns, Reaching safepoint: 176800 ns, At safepoint: 5707 ns, Total: 182507 ns
[2021-11-03T04:16:26.895+0000][7][safepoint    ] Safepoint "Cleanup", Time since last: 1006025906 ns, Reaching safepoint: 174901 ns, At safepoint: 5933 ns, Total: 180834 ns
[2021-11-03T04:16:27.897+0000][7][safepoint    ] Safepoint "Cleanup", Time since last: 1002287264 ns, Reaching safepoint: 177099 ns, At safepoint: 6404 ns, Total: 183503 ns
[2021-11-03T04:16:28.903+0000][7][safepoint    ] Safepoint "Cleanup", Time since last: 1006031802 ns, Reaching safepoint: 173806 ns, At safepoint: 5951 ns, Total: 179757 ns
[2021-11-03T04:16:30.822+0000][7][safepoint    ] Safepoint "Cleanup", Time since last: 1918877845 ns, Reaching safepoint: 82039 ns, At safepoint: 2094 ns, Total: 84133 ns
[2021-11-03T04:16:31.824+0000][7][safepoint    ] Safepoint "Cleanup", Time since last: 1001618328 ns, Reaching safepoint: 110948 ns, At safepoint: 3151 ns, Total: 114099 ns
[2021-11-03T04:16:32.829+0000][7][safepoint    ] Safepoint "Cleanup", Time since last: 1005138509 ns, Reaching safepoint: 172996 ns, At safepoint: 5794 ns, Total: 178790 ns
[2021-11-03T04:16:33.836+0000][7][safepoint    ] Safepoint "Cleanup", Time since last: 1006396708 ns, Reaching safepoint: 171339 ns, At safepoint: 5928 ns, Total: 177267 ns
[2021-11-03T04:16:34.843+0000][7][safepoint    ] Safepoint "Cleanup", Time since last: 1006366856 ns, Reaching safepoint: 468918 ns, At safepoint: 7153 ns, Total: 476071 ns
[2021-11-03T04:16:35.825+0000][7][safepoint    ] Safepoint "Cleanup", Time since last: 1003235803 ns, Reaching safepoint: 308332 ns, At safepoint: 12066 ns, Total: 320398 ns
[2021-11-03T04:16:36.828+0000][7][safepoint    ] Safepoint "Cleanup", Time since last: 1002160275 ns, Reaching safepoint: 236925 ns, At safepoint: 7277 ns, Total: 244202 ns
[2021-11-03T04:16:37.832+0000][7][safepoint    ] Safepoint "Cleanup", Time since last: 1003232595 ns, Reaching safepoint: 646158 ns, At safepoint: 21103 ns, Total: 667261 ns
[2021-11-03T04:16:38.836+0000][7][safepoint    ] Safepoint "Cleanup", Time since last: 1003560341 ns, Reaching safepoint: 520633 ns, At safepoint: 8586 ns, Total: 529219 ns
[2021-11-03T04:16:39.841+0000][7][safepoint    ] Safepoint "Cleanup", Time since last: 1005145734 ns, Reaching safepoint: 243281 ns, At safepoint: 6456 ns, Total: 249737 ns
[2021-11-03T04:16:40.845+0000][7][safepoint    ] Safepoint "Cleanup", Time since last: 1003641645 ns, Reaching safepoint: 160212 ns, At safepoint: 3094 ns, Total: 163306 ns
[2021-11-03T04:16:41.847+0000][7][safepoint    ] Safepoint "Cleanup", Time since last: 1001824586 ns, Reaching safepoint: 239375 ns, At safepoint: 6531 ns, Total: 245906 ns
[2021-11-03T04:16:42.852+0000][7][safepoint    ] Safepoint "Cleanup", Time since last: 1004238433 ns, Reaching safepoint: 240062 ns, At safepoint: 6433 ns, Total: 246495 ns
[2021-11-03T04:16:43.854+0000][7][safepoint    ] Safepoint "Cleanup", Time since last: 1002154992 ns, Reaching safepoint: 238141 ns, At safepoint: 6618 ns, Total: 244759 ns
[2021-11-03T04:16:44.858+0000][7][safepoint    ] Safepoint "Cleanup", Time since last: 1003617295 ns, Reaching safepoint: 407689 ns, At safepoint: 7780 ns, Total: 415469 ns
[2021-11-03T04:16:45.861+0000][7][safepoint    ] Safepoint "Cleanup", Time since last: 1002527611 ns, Reaching safepoint: 222542 ns, At safepoint: 7413 ns, Total: 229955 ns
[2021-11-03T04:16:46.864+0000][7][safepoint    ] Safepoint "Cleanup", Time since last: 1003027130 ns, Reaching safepoint: 230930 ns, At safepoint: 6700 ns, Total: 237630 ns
[2021-11-03T04:16:47.868+0000][7][safepoint    ] Safepoint "Cleanup", Time since last: 1003530649 ns, Reaching safepoint: 224532 ns, At safepoint: 6646 ns, Total: 231178 ns
[2021-11-03T04:16:48.870+0000][7][safepoint    ] Safepoint "Cleanup", Time since last: 1002128949 ns, Reaching safepoint: 255234 ns, At safepoint: 6041 ns, Total: 261275 ns
[2021-11-03T04:16:49.873+0000][7][safepoint    ] Safepoint "Cleanup", Time since last: 1002168305 ns, Reaching safepoint: 169900 ns, At safepoint: 86516 ns, Total: 256416 ns
[2021-11-03T04:16:50.875+0000][7][safepoint    ] Safepoint "Cleanup", Time since last: 1002405601 ns, Reaching safepoint: 339986 ns, At safepoint: 13346 ns, Total: 353332 ns
[2021-11-03T04:16:51.877+0000][7][safepoint    ] Safepoint "Cleanup", Time since last: 1001230701 ns, Reaching safepoint: 218516 ns, At safepoint: 8273 ns, Total: 226789 ns
[2021-11-03T04:16:52.878+0000][7][safepoint    ] Safepoint "Cleanup", Time since last: 1001339064 ns, Reaching safepoint: 188361 ns, At safepoint: 3332 ns, Total: 191693 ns
[2021-11-03T04:16:53.880+0000][7][safepoint    ] Safepoint "Cleanup", Time since last: 1001481004 ns, Reaching safepoint: 161397 ns, At safepoint: 24686 ns, Total: 186083 ns
[2021-11-03T04:16:54.881+0000][7][safepoint    ] Safepoint "Cleanup", Time since last: 1001065158 ns, Reaching safepoint: 198065 ns, At safepoint: 4895 ns, Total: 202960 ns
[2021-11-03T04:16:55.888+0000][7][safepoint    ] Safepoint "Cleanup", Time since last: 1006473173 ns, Reaching safepoint: 450384 ns, At safepoint: 7566 ns, Total: 457950 ns
[2021-11-03T04:16:57.852+0000][7][safepoint    ] Safepoint "Cleanup", Time since last: 1963784382 ns, Reaching safepoint: 173303 ns, At safepoint: 6380 ns, Total: 179683 ns
[2021-11-03T04:16:58.855+0000][7][safepoint    ] Safepoint "Cleanup", Time since last: 1002519631 ns, Reaching safepoint: 158016 ns, At safepoint: 8773 ns, Total: 166789 ns
[2021-11-03T04:16:59.863+0000][7][safepoint    ] Safepoint "Cleanup", Time since last: 1008139326 ns, Reaching safepoint: 216218 ns, At safepoint: 75067 ns, Total: 291285 ns
[2021-11-03T04:17:00.866+0000][7][safepoint    ] Safepoint "Cleanup", Time since last: 1002286027 ns, Reaching safepoint: 156081 ns, At safepoint: 3748 ns, Total: 159829 ns
[2021-11-03T04:17:01.869+0000][7][safepoint    ] Safepoint "Cleanup", Time since last: 1002947858 ns, Reaching safepoint: 340828 ns, At safepoint: 7593 ns, Total: 348421 ns
[2021-11-03T04:17:02.873+0000][7][safepoint    ] Safepoint "Cleanup", Time since last: 1003305065 ns, Reaching safepoint: 307251 ns, At safepoint: 7842 ns, Total: 315093 ns
[2021-11-03T04:17:03.874+0000][7][safepoint    ] Safepoint "Cleanup", Time since last: 1001038975 ns, Reaching safepoint: 255689 ns, At safepoint: 6517 ns, Total: 262206 ns
[2021-11-03T04:17:04.876+0000][7][safepoint    ] Safepoint "Cleanup", Time since last: 1001746159 ns, Reaching safepoint: 170802 ns, At safepoint: 11715 ns, Total: 182517 ns
[2021-11-03T04:17:05.858+0000][7][safepoint    ] Safepoint "Cleanup", Time since last: 1002485722 ns, Reaching safepoint: 238213 ns, At safepoint: 97108 ns, Total: 335321 ns
[2021-11-03T04:17:06.861+0000][7][safepoint    ] Safepoint "Cleanup", Time since last: 1002701474 ns, Reaching safepoint: 348177 ns, At safepoint: 8372 ns, Total: 356549 ns
[2021-11-03T04:17:07.865+0000][7][safepoint    ] Safepoint "Cleanup", Time since last: 1003388631 ns, Reaching safepoint: 235998 ns, At safepoint: 6660 ns, Total: 242658 ns
[2021-11-03T04:17:08.868+0000][7][safepoint    ] Safepoint "Cleanup", Time since last: 1002829993 ns, Reaching safepoint: 248485 ns, At safepoint: 7025 ns, Total: 255510 ns
[2021-11-03T04:17:09.871+0000][7][safepoint    ] Safepoint "Cleanup", Time since last: 1002990711 ns, Reaching safepoint: 435790 ns, At safepoint: 17307 ns, Total: 453097 ns
[2021-11-03T04:17:10.876+0000][7][safepoint    ] Safepoint "Cleanup", Time since last: 1004479114 ns, Reaching safepoint: 664014 ns, At safepoint: 27142 ns, Total: 691156 ns
[2021-11-03T04:17:11.880+0000][7][safepoint    ] Safepoint "Cleanup", Time since last: 1003478717 ns, Reaching safepoint: 460033 ns, At safepoint: 9954 ns, Total: 469987 ns
[2021-11-03T04:17:12.883+0000][7][safepoint    ] Safepoint "Cleanup", Time since last: 1002295903 ns, Reaching safepoint: 411391 ns, At safepoint: 7583 ns, Total: 418974 ns
[2021-11-03T04:17:13.886+0000][7][safepoint    ] Safepoint "Cleanup", Time since last: 1003208267 ns, Reaching safepoint: 242619 ns, At safepoint: 6426 ns, Total: 249045 ns
[2021-11-03T04:17:14.893+0000][7][safepoint    ] Safepoint "Cleanup", Time since last: 1006109591 ns, Reaching safepoint: 478375 ns, At safepoint: 72556 ns, Total: 550931 ns
[2021-11-03T04:17:15.900+0000][7][safepoint    ] Safepoint "Cleanup", Time since last: 1006689576 ns, Reaching safepoint: 243633 ns, At safepoint: 9399 ns, Total: 253032 ns
[2021-11-03T04:17:16.907+0000][7][safepoint    ] Safepoint "Cleanup", Time since last: 1006263765 ns, Reaching safepoint: 311340 ns, At safepoint: 6847 ns, Total: 318187 ns
[2021-11-03T04:17:17.916+0000][7][safepoint    ] Safepoint "Cleanup", Time since last: 1009340540 ns, Reaching safepoint: 307769 ns, At safepoint: 10776 ns, Total: 318545 ns
[2021-11-03T04:17:18.920+0000][7][safepoint    ] Safepoint "Cleanup", Time since last: 1003811219 ns, Reaching safepoint: 376466 ns, At safepoint: 12164 ns, Total: 388630 ns
[2021-11-03T04:17:19.924+0000][7][safepoint    ] Safepoint "Cleanup", Time since last: 1003538425 ns, Reaching safepoint: 198485 ns, At safepoint: 6211 ns, Total: 204696 ns
[2021-11-03T04:17:20.926+0000][7][safepoint    ] Safepoint "Cleanup", Time since last: 1001757412 ns, Reaching safepoint: 185452 ns, At safepoint: 6106 ns, Total: 191558 ns
[2021-11-03T04:17:21.931+0000][7][safepoint    ] Safepoint "Cleanup", Time since last: 1005016384 ns, Reaching safepoint: 262626 ns, At safepoint: 6994 ns, Total: 269620 ns
[2021-11-03T04:17:22.936+0000][7][safepoint    ] Safepoint "Cleanup", Time since last: 1004229913 ns, Reaching safepoint: 348638 ns, At safepoint: 7002 ns, Total: 355640 ns
[2021-11-03T04:17:23.941+0000][7][safepoint    ] Safepoint "Cleanup", Time since last: 1004737810 ns, Reaching safepoint: 404938 ns, At safepoint: 86628 ns, Total: 491566 ns
[2021-11-03T04:17:24.944+0000][7][safepoint    ] Safepoint "Cleanup", Time since last: 1002714949 ns, Reaching safepoint: 301212 ns, At safepoint: 10988 ns, Total: 312200 ns
[2021-11-03T04:17:25.948+0000][7][safepoint    ] Safepoint "Cleanup", Time since last: 1003388023 ns, Reaching safepoint: 418240 ns, At safepoint: 6744 ns, Total: 424984 ns
[2021-11-03T04:17:26.958+0000][7][safepoint    ] Safepoint "Cleanup", Time since last: 1009486905 ns, Reaching safepoint: 541791 ns, At safepoint: 18573 ns, Total: 560364 ns
[2021-11-03T04:17:27.961+0000][7][safepoint    ] Safepoint "Cleanup", Time since last: 1002314726 ns, Reaching safepoint: 580853 ns, At safepoint: 10137 ns, Total: 590990 ns
[2021-11-03T04:17:28.965+0000][7][safepoint    ] Safepoint "Cleanup", Time since last: 1003288197 ns, Reaching safepoint: 521314 ns, At safepoint: 10273 ns, Total: 531587 ns
[2021-11-03T04:17:29.970+0000][7][safepoint    ] Safepoint "Cleanup", Time since last: 1004818093 ns, Reaching safepoint: 599870 ns, At safepoint: 8986 ns, Total: 608856 ns
[2021-11-03T04:17:30.979+0000][7][safepoint    ] Safepoint "Cleanup", Time since last: 1008837921 ns, Reaching safepoint: 279309 ns, At safepoint: 8713 ns, Total: 288022 ns
[2021-11-03T04:17:31.982+0000][7][safepoint    ] Safepoint "Cleanup", Time since last: 1002563236 ns, Reaching safepoint: 450660 ns, At safepoint: 9809 ns, Total: 460469 ns
[2021-11-03T04:17:32.986+0000][7][safepoint    ] Safepoint "Cleanup", Time since last: 1002827176 ns, Reaching safepoint: 301354 ns, At safepoint: 7791 ns, Total: 309145 ns
[2021-11-03T04:17:33.995+0000][7][safepoint    ] Safepoint "Cleanup", Time since last: 1008519450 ns, Reaching safepoint: 463066 ns, At safepoint: 18467 ns, Total: 481533 ns
[2021-11-03T04:17:34.978+0000][7][safepoint    ] Safepoint "Cleanup", Time since last: 1004607357 ns, Reaching safepoint: 186295 ns, At safepoint: 29179 ns, Total: 215474 ns
[2021-11-03T04:17:35.983+0000][7][safepoint    ] Safepoint "Cleanup", Time since last: 1004258316 ns, Reaching safepoint: 377206 ns, At safepoint: 6272 ns, Total: 383478 ns
[2021-11-03T04:17:36.987+0000][7][safepoint    ] Safepoint "Cleanup", Time since last: 1004406008 ns, Reaching safepoint: 140538 ns, At safepoint: 5131 ns, Total: 145669 ns
[2021-11-03T04:17:37.990+0000][7][safepoint    ] Safepoint "Cleanup", Time since last: 1002342888 ns, Reaching safepoint: 221011 ns, At safepoint: 10004 ns, Total: 231015 ns
[2021-11-03T04:17:38.994+0000][7][safepoint    ] Safepoint "Cleanup", Time since last: 1003596622 ns, Reaching safepoint: 327621 ns, At safepoint: 6896 ns, Total: 334517 ns
[2021-11-03T04:17:40.006+0000][7][safepoint    ] Safepoint "Cleanup", Time since last: 1011370256 ns, Reaching safepoint: 518139 ns, At safepoint: 92487 ns, Total: 610626 ns
[2021-11-03T04:17:41.009+0000][7][safepoint    ] Safepoint "Cleanup", Time since last: 1002499145 ns, Reaching safepoint: 548989 ns, At safepoint: 9616 ns, Total: 558605 ns
[2021-11-03T04:17:42.014+0000][7][safepoint    ] Safepoint "Cleanup", Time since last: 1004866916 ns, Reaching safepoint: 482393 ns, At safepoint: 10122 ns, Total: 492515 ns
[2021-11-03T04:17:43.021+0000][7][safepoint    ] Safepoint "Cleanup", Time since last: 1006361016 ns, Reaching safepoint: 246841 ns, At safepoint: 7994 ns, Total: 254835 ns
[2021-11-03T04:17:44.030+0000][7][safepoint    ] Safepoint "Cleanup", Time since last: 1009251472 ns, Reaching safepoint: 189124 ns, At safepoint: 6403 ns, Total: 195527 ns
[2021-11-03T04:17:45.035+0000][7][safepoint    ] Safepoint "Cleanup", Time since last: 1004442390 ns, Reaching safepoint: 266102 ns, At safepoint: 8312 ns, Total: 274414 ns
[2021-11-03T04:17:46.038+0000][7][safepoint    ] Safepoint "Cleanup", Time since last: 1002174545 ns, Reaching safepoint: 374921 ns, At safepoint: 19307 ns, Total: 394228 ns
[2021-11-03T04:17:47.046+0000][7][safepoint    ] Safepoint "Cleanup", Time since last: 1007521555 ns, Reaching safepoint: 540221 ns, At safepoint: 9173 ns, Total: 549394 ns
[2021-11-03T04:17:48.050+0000][7][safepoint    ] Safepoint "Cleanup", Time since last: 1003650238 ns, Reaching safepoint: 396724 ns, At safepoint: 8007 ns, Total: 404731 ns
[2021-11-03T04:17:49.053+0000][7][safepoint    ] Safepoint "Cleanup", Time since last: 1003056542 ns, Reaching safepoint: 654343 ns, At safepoint: 10420 ns, Total: 664763 ns
[2021-11-03T04:17:50.058+0000][7][safepoint    ] Safepoint "Cleanup", Time since last: 1003549056 ns, Reaching safepoint: 530254 ns, At safepoint: 21563 ns, Total: 551817 ns
[2021-11-03T04:17:51.063+0000][7][safepoint    ] Safepoint "Cleanup", Time since last: 1004758466 ns, Reaching safepoint: 368376 ns, At safepoint: 9872 ns, Total: 378248 ns
[2021-11-03T04:17:52.071+0000][7][safepoint    ] Safepoint "Cleanup", Time since last: 1008366254 ns, Reaching safepoint: 234007 ns, At safepoint: 5806 ns, Total: 239813 ns
[2021-11-03T04:17:53.074+0000][7][safepoint    ] Safepoint "Cleanup", Time since last: 1002502610 ns, Reaching safepoint: 458066 ns, At safepoint: 9080 ns, Total: 467146 ns
[2021-11-03T04:17:54.078+0000][7][safepoint    ] Safepoint "Cleanup", Time since last: 1002927019 ns, Reaching safepoint: 434384 ns, At safepoint: 16952 ns, Total: 451336 ns
[2021-11-03T04:17:55.080+0000][7][safepoint    ] Safepoint "Cleanup", Time since last: 1002376144 ns, Reaching safepoint: 252327 ns, At safepoint: 5722 ns, Total: 258049 ns
[2021-11-03T04:17:56.084+0000][7][safepoint    ] Safepoint "Cleanup", Time since last: 1003286349 ns, Reaching safepoint: 263848 ns, At safepoint: 6673 ns, Total: 270521 ns
[2021-11-03T04:17:57.089+0000][7][safepoint    ] Safepoint "Cleanup", Time since last: 1005071735 ns, Reaching safepoint: 192311 ns, At safepoint: 5337 ns, Total: 197648 ns
[2021-11-03T04:17:58.093+0000][7][safepoint    ] Safepoint "Cleanup", Time since last: 1003539919 ns, Reaching safepoint: 232365 ns, At safepoint: 6390 ns, Total: 238755 ns
[2021-11-03T04:17:59.095+0000][7][safepoint    ] Safepoint "Cleanup", Time since last: 1002194259 ns, Reaching safepoint: 182863 ns, At safepoint: 4484 ns, Total: 187347 ns
[2021-11-03T04:18:00.101+0000][7][safepoint    ] Safepoint "Cleanup", Time since last: 1005539919 ns, Reaching safepoint: 356952 ns, At safepoint: 9323 ns, Total: 366275 ns
[2021-11-03T04:18:01.108+0000][7][safepoint    ] Safepoint "Cleanup", Time since last: 1006278396 ns, Reaching safepoint: 426518 ns, At safepoint: 12699 ns, Total: 439217 ns
[2021-11-03T04:18:02.114+0000][7][safepoint    ] Safepoint "Cleanup", Time since last: 1005664359 ns, Reaching safepoint: 103998 ns, At safepoint: 3143 ns, Total: 107141 ns
[2021-11-03T04:18:03.119+0000][7][safepoint    ] Safepoint "Cleanup", Time since last: 1004355670 ns, Reaching safepoint: 438704 ns, At safepoint: 10831 ns, Total: 449535 ns
[2021-11-03T04:18:04.121+0000][7][safepoint    ] Safepoint "Cleanup", Time since last: 1002465839 ns, Reaching safepoint: 390201 ns, At safepoint: 10195 ns, Total: 400396 ns
[2021-11-03T04:18:05.106+0000][7][safepoint    ] Safepoint "Cleanup", Time since last: 1004039839 ns, Reaching safepoint: 455849 ns, At safepoint: 10086 ns, Total: 465935 ns
[2021-11-03T04:18:06.109+0000][7][safepoint    ] Safepoint "Cleanup", Time since last: 1002670976 ns, Reaching safepoint: 237780 ns, At safepoint: 6223 ns, Total: 244003 ns
[2021-11-03T04:18:07.112+0000][7][safepoint    ] Safepoint "Cleanup", Time since last: 1002800150 ns, Reaching safepoint: 368011 ns, At safepoint: 7837 ns, Total: 375848 ns
[2021-11-03T04:18:08.116+0000][7][safepoint    ] Safepoint "Cleanup", Time since last: 1003948702 ns, Reaching safepoint: 234978 ns, At safepoint: 6114 ns, Total: 241092 ns
[2021-11-03T04:18:09.118+0000][7][safepoint    ] Safepoint "Cleanup", Time since last: 1001755304 ns, Reaching safepoint: 238526 ns, At safepoint: 6913 ns, Total: 245439 ns
[2021-11-03T04:18:10.741+0000][7][safepoint    ] Safepoint "Cleanup", Time since last: 1622670648 ns, Reaching safepoint: 175517 ns, At safepoint: 7049 ns, Total: 182566 ns
[2021-11-03T04:18:11.749+0000][7][safepoint    ] Safepoint "Cleanup", Time since last: 1008020534 ns, Reaching safepoint: 240910 ns, At safepoint: 6105 ns, Total: 247015 ns
[2021-11-03T04:18:12.757+0000][7][safepoint    ] Safepoint "Cleanup", Time since last: 1007720755 ns, Reaching safepoint: 249963 ns, At safepoint: 5951 ns, Total: 255914 ns
[2021-11-03T04:18:13.761+0000][7][safepoint    ] Safepoint "Cleanup", Time since last: 1003594669 ns, Reaching safepoint: 169733 ns, At safepoint: 7114 ns, Total: 176847 ns
[2021-11-03T04:18:14.764+0000][7][safepoint    ] Safepoint "Cleanup", Time since last: 1002864776 ns, Reaching safepoint: 240790 ns, At safepoint: 6643 ns, Total: 247433 ns
[2021-11-03T04:18:15.770+0000][7][safepoint    ] Safepoint "Cleanup", Time since last: 1006040178 ns, Reaching safepoint: 243590 ns, At safepoint: 6455 ns, Total: 250045 ns
[2021-11-03T04:18:16.774+0000][7][safepoint    ] Safepoint "Cleanup", Time since last: 1003217360 ns, Reaching safepoint: 244171 ns, At safepoint: 6442 ns, Total: 250613 ns
[2021-11-03T04:18:17.777+0000][7][safepoint    ] Safepoint "Cleanup", Time since last: 1003089011 ns, Reaching safepoint: 424539 ns, At safepoint: 10498 ns, Total: 435037 ns
[2021-11-03T04:18:18.788+0000][7][safepoint    ] Safepoint "Cleanup", Time since last: 1010367746 ns, Reaching safepoint: 128693 ns, At safepoint: 2496 ns, Total: 131189 ns
[2021-11-03T04:18:19.790+0000][7][safepoint    ] Safepoint "Cleanup", Time since last: 1001998628 ns, Reaching safepoint: 305981 ns, At safepoint: 6583 ns, Total: 312564 ns
[2021-11-03T04:18:20.793+0000][7][safepoint    ] Safepoint "Cleanup", Time since last: 1002370669 ns, Reaching safepoint: 294796 ns, At safepoint: 6704 ns, Total: 301500 ns
[2021-11-03T04:18:21.796+0000][7][safepoint    ] Safepoint "Cleanup", Time since last: 1002554288 ns, Reaching safepoint: 797460 ns, At safepoint: 7289 ns, Total: 804749 ns
[2021-11-03T04:18:22.804+0000][7][safepoint    ] Safepoint "Cleanup", Time since last: 1007701816 ns, Reaching safepoint: 507667 ns, At safepoint: 15179 ns, Total: 522846 ns
[2021-11-03T04:18:23.806+0000][7][safepoint    ] Safepoint "Cleanup", Time since last: 1001531756 ns, Reaching safepoint: 393700 ns, At safepoint: 9294 ns, Total: 402994 ns
[2021-11-03T04:18:24.817+0000][7][safepoint    ] Safepoint "Cleanup", Time since last: 1010207979 ns, Reaching safepoint: 376619 ns, At safepoint: 9873 ns, Total: 386492 ns
[2021-11-03T04:18:25.820+0000][7][safepoint    ] Safepoint "Cleanup", Time since last: 1002337641 ns, Reaching safepoint: 400203 ns, At safepoint: 8690 ns, Total: 408893 ns
[2021-11-03T04:18:26.827+0000][7][safepoint    ] Safepoint "Cleanup", Time since last: 1006716062 ns, Reaching safepoint: 535683 ns, At safepoint: 9977 ns, Total: 545660 ns
[2021-11-03T04:18:27.829+0000][7][safepoint    ] Safepoint "Cleanup", Time since last: 1001935785 ns, Reaching safepoint: 276507 ns, At safepoint: 7328 ns, Total: 283835 ns
[2021-11-03T04:18:28.836+0000][7][safepoint    ] Safepoint "Cleanup", Time since last: 1006599048 ns, Reaching safepoint: 184999 ns, At safepoint: 6085 ns, Total: 191084 ns
[2021-11-03T04:18:29.838+0000][7][safepoint    ] Safepoint "Cleanup", Time since last: 1002234233 ns, Reaching safepoint: 174265 ns, At safepoint: 6358 ns, Total: 180623 ns
[2021-11-03T04:18:30.842+0000][7][safepoint    ] Safepoint "Cleanup", Time since last: 1003300696 ns, Reaching safepoint: 169440 ns, At safepoint: 6070 ns, Total: 175510 ns
[2021-11-03T04:18:31.844+0000][7][safepoint    ] Safepoint "Cleanup", Time since last: 1002084841 ns, Reaching safepoint: 237893 ns, At safepoint: 5739 ns, Total: 243632 ns
[2021-11-03T04:18:32.846+0000][7][safepoint    ] Safepoint "Cleanup", Time since last: 1001661478 ns, Reaching safepoint: 148449 ns, At safepoint: 3696 ns, Total: 152145 ns
[2021-11-03T04:18:33.848+0000][7][safepoint    ] Safepoint "Cleanup", Time since last: 1001799285 ns, Reaching safepoint: 245614 ns, At safepoint: 6468 ns, Total: 252082 ns
[2021-11-03T04:18:34.857+0000][7][safepoint    ] Safepoint "Cleanup", Time since last: 1007992754 ns, Reaching safepoint: 590111 ns, At safepoint: 22859 ns, Total: 612970 ns
[2021-11-03T04:18:35.838+0000][7][safepoint    ] Safepoint "Cleanup", Time since last: 1002764304 ns, Reaching safepoint: 512828 ns, At safepoint: 10498 ns, Total: 523326 ns
[2021-11-03T04:18:36.842+0000][7][safepoint    ] Safepoint "Cleanup", Time since last: 1003380367 ns, Reaching safepoint: 348200 ns, At safepoint: 6639 ns, Total: 354839 ns
[2021-11-03T04:18:37.847+0000][7][safepoint    ] Safepoint "Cleanup", Time since last: 1004595282 ns, Reaching safepoint: 515365 ns, At safepoint: 9511 ns, Total: 524876 ns
[2021-11-03T04:18:38.852+0000][7][safepoint    ] Safepoint "Cleanup", Time since last: 1004079685 ns, Reaching safepoint: 644366 ns, At safepoint: 23068 ns, Total: 667434 ns
[2021-11-03T04:18:39.855+0000][7][safepoint    ] Safepoint "Cleanup", Time since last: 1003073087 ns, Reaching safepoint: 356634 ns, At safepoint: 10464 ns, Total: 367098 ns
[2021-11-03T04:18:41.042+0000][7][safepoint    ] Safepoint "Cleanup", Time since last: 1186957460 ns, Reaching safepoint: 292520 ns, At safepoint: 8056 ns, Total: 300576 ns
[2021-11-03T04:18:42.047+0000][7][safepoint    ] Safepoint "Cleanup", Time since last: 1003853948 ns, Reaching safepoint: 567642 ns, At safepoint: 7943 ns, Total: 575585 ns
[2021-11-03T04:18:43.052+0000][7][safepoint    ] Safepoint "Cleanup", Time since last: 1005229254 ns, Reaching safepoint: 179385 ns, At safepoint: 5724 ns, Total: 185109 ns
[2021-11-03T04:18:44.055+0000][7][safepoint    ] Safepoint "Cleanup", Time since last: 1002339070 ns, Reaching safepoint: 295886 ns, At safepoint: 5959 ns, Total: 301845 ns
[2021-11-03T04:18:45.058+0000][7][safepoint    ] Safepoint "Cleanup", Time since last: 1002653008 ns, Reaching safepoint: 622799 ns, At safepoint: 9158 ns, Total: 631957 ns
[2021-11-03T04:18:46.062+0000][7][safepoint    ] Safepoint "Cleanup", Time since last: 1003124491 ns, Reaching safepoint: 818584 ns, At safepoint: 19392 ns, Total: 837976 ns
[2021-11-03T04:18:47.065+0000][7][safepoint    ] Safepoint "Cleanup", Time since last: 1002686009 ns, Reaching safepoint: 344839 ns, At safepoint: 8900 ns, Total: 353739 ns
[2021-11-03T04:18:48.071+0000][7][safepoint    ] Safepoint "Cleanup", Time since last: 1005224455 ns, Reaching safepoint: 537158 ns, At safepoint: 19387 ns, Total: 556545 ns
[2021-11-03T04:18:49.077+0000][7][safepoint    ] Safepoint "Cleanup", Time since last: 1006141145 ns, Reaching safepoint: 380867 ns, At safepoint: 11385 ns, Total: 392252 ns
[2021-11-03T04:18:50.085+0000][7][safepoint    ] Safepoint "Cleanup", Time since last: 1006690822 ns, Reaching safepoint: 312146 ns, At safepoint: 73265 ns, Total: 385411 ns
[2021-11-03T04:18:51.087+0000][7][safepoint    ] Safepoint "Cleanup", Time since last: 1002062466 ns, Reaching safepoint: 298882 ns, At safepoint: 5696 ns, Total: 304578 ns
[2021-11-03T04:18:52.095+0000][7][safepoint    ] Safepoint "Cleanup", Time since last: 1007481355 ns, Reaching safepoint: 430856 ns, At safepoint: 6144 ns, Total: 437000 ns
[2021-11-03T04:18:53.105+0000][7][safepoint    ] Safepoint "Cleanup", Time since last: 1010149599 ns, Reaching safepoint: 416040 ns, At safepoint: 7712 ns, Total: 423752 ns
[2021-11-03T04:18:54.116+0000][7][safepoint    ] Safepoint "Cleanup", Time since last: 1010208127 ns, Reaching safepoint: 286151 ns, At safepoint: 7079 ns, Total: 293230 ns
[2021-11-03T04:18:55.118+0000][7][safepoint    ] Safepoint "Cleanup", Time since last: 1001994357 ns, Reaching safepoint: 175385 ns, At safepoint: 5365 ns, Total: 180750 ns
[2021-11-03T04:18:56.122+0000][7][safepoint    ] Safepoint "Cleanup", Time since last: 1003915558 ns, Reaching safepoint: 179989 ns, At safepoint: 6686 ns, Total: 186675 ns
[2021-11-03T04:18:57.132+0000][7][safepoint    ] Safepoint "Cleanup", Time since last: 1009876188 ns, Reaching safepoint: 177175 ns, At safepoint: 6730 ns, Total: 183905 ns
[2021-11-03T04:18:58.135+0000][7][safepoint    ] Safepoint "Cleanup", Time since last: 1002644114 ns, Reaching safepoint: 179631 ns, At safepoint: 6295 ns, Total: 185926 ns
[2021-11-03T04:18:59.146+0000][7][safepoint    ] Safepoint "Cleanup", Time since last: 1010391789 ns, Reaching safepoint: 416346 ns, At safepoint: 6461 ns, Total: 422807 ns
[2021-11-03T04:19:00.149+0000][7][safepoint    ] Safepoint "Cleanup", Time since last: 1002492902 ns, Reaching safepoint: 178179 ns, At safepoint: 6556 ns, Total: 184735 ns
[2021-11-03T04:19:01.153+0000][7][safepoint    ] Safepoint "Cleanup", Time since last: 1004565117 ns, Reaching safepoint: 165241 ns, At safepoint: 6391 ns, Total: 171632 ns
[2021-11-03T04:19:02.159+0000][7][safepoint    ] Safepoint "Cleanup", Time since last: 1005100089 ns, Reaching safepoint: 182469 ns, At safepoint: 6234 ns, Total: 188703 ns
[2021-11-03T04:19:03.161+0000][7][safepoint    ] Safepoint "Cleanup", Time since last: 1002603925 ns, Reaching safepoint: 175858 ns, At safepoint: 6240 ns, Total: 182098 ns
[2021-11-03T04:19:05.084+0000][7][safepoint    ] Safepoint "Cleanup", Time since last: 1942563494 ns, Reaching safepoint: 363832 ns, At safepoint: 174741 ns, Total: 538573 ns
[2021-11-03T04:19:06.087+0000][7][safepoint    ] Safepoint "Cleanup", Time since last: 1002688031 ns, Reaching safepoint: 594492 ns, At safepoint: 23356 ns, Total: 617848 ns
[2021-11-03T04:19:07.092+0000][7][safepoint    ] Safepoint "Cleanup", Time since last: 1004584477 ns, Reaching safepoint: 469640 ns, At safepoint: 133320 ns, Total: 602960 ns
[2021-11-03T04:19:08.099+0000][7][safepoint    ] Safepoint "Cleanup", Time since last: 1006326574 ns, Reaching safepoint: 414784 ns, At safepoint: 68325 ns, Total: 483109 ns
[2021-11-03T04:19:09.103+0000][7][safepoint    ] Safepoint "Cleanup", Time since last: 1003273369 ns, Reaching safepoint: 190790 ns, At safepoint: 75314 ns, Total: 266104 ns
[2021-11-03T04:19:10.108+0000][7][safepoint    ] Safepoint "Cleanup", Time since last: 1005089977 ns, Reaching safepoint: 193122 ns, At safepoint: 228578 ns, Total: 421700 ns
[2021-11-03T04:19:11.111+0000][7][safepoint    ] Safepoint "Cleanup", Time since last: 1002259381 ns, Reaching safepoint: 173860 ns, At safepoint: 6113 ns, Total: 179973 ns
[2021-11-03T04:19:12.113+0000][7][safepoint    ] Safepoint "Cleanup", Time since last: 1002167479 ns, Reaching safepoint: 290712 ns, At safepoint: 8690 ns, Total: 299402 ns
[2021-11-03T04:19:13.116+0000][7][safepoint    ] Safepoint "Cleanup", Time since last: 1002572547 ns, Reaching safepoint: 698298 ns, At safepoint: 86244 ns, Total: 784542 ns
[2021-11-03T04:19:14.119+0000][7][safepoint    ] Safepoint "Cleanup", Time since last: 1002508101 ns, Reaching safepoint: 391255 ns, At safepoint: 9575 ns, Total: 400830 ns
[2021-11-03T04:19:15.123+0000][7][safepoint    ] Safepoint "Cleanup", Time since last: 1002862245 ns, Reaching safepoint: 769824 ns, At safepoint: 21347 ns, Total: 791171 ns
[2021-11-03T04:19:16.126+0000][7][safepoint    ] Safepoint "Cleanup", Time since last: 1002751308 ns, Reaching safepoint: 613505 ns, At safepoint: 82768 ns, Total: 696273 ns
[2021-11-03T04:19:17.129+0000][7][safepoint    ] Safepoint "Cleanup", Time since last: 1002399050 ns, Reaching safepoint: 159970 ns, At safepoint: 3150 ns, Total: 163120 ns
[2021-11-03T04:19:18.131+0000][7][safepoint    ] Safepoint "Cleanup", Time since last: 1001652200 ns, Reaching safepoint: 179559 ns, At safepoint: 6380 ns, Total: 185939 ns
[2021-11-03T04:19:19.134+0000][7][safepoint    ] Safepoint "Cleanup", Time since last: 1003102654 ns, Reaching safepoint: 283046 ns, At safepoint: 7203 ns, Total: 290249 ns
[2021-11-03T04:19:20.138+0000][7][safepoint    ] Safepoint "Cleanup", Time since last: 1003222984 ns, Reaching safepoint: 399918 ns, At safepoint: 9903 ns, Total: 409821 ns
[2021-11-03T04:19:21.142+0000][7][safepoint    ] Safepoint "Cleanup", Time since last: 1003529532 ns, Reaching safepoint: 183072 ns, At safepoint: 6177 ns, Total: 189249 ns
[2021-11-03T04:19:22.145+0000][7][safepoint    ] Safepoint "Cleanup", Time since last: 1002923130 ns, Reaching safepoint: 176642 ns, At safepoint: 6494 ns, Total: 183136 ns
[2021-11-03T04:19:23.150+0000][7][safepoint    ] Safepoint "Cleanup", Time since last: 1005425262 ns, Reaching safepoint: 390482 ns, At safepoint: 8909 ns, Total: 399391 ns
[2021-11-03T04:19:24.159+0000][7][safepoint    ] Safepoint "Cleanup", Time since last: 1008361961 ns, Reaching safepoint: 494483 ns, At safepoint: 9563 ns, Total: 504046 ns
[2021-11-03T04:19:25.166+0000][7][safepoint    ] Safepoint "Cleanup", Time since last: 1006741988 ns, Reaching safepoint: 171528 ns, At safepoint: 6171 ns, Total: 177699 ns
[2021-11-03T04:19:26.175+0000][7][safepoint    ] Safepoint "Cleanup", Time since last: 1008509430 ns, Reaching safepoint: 294491 ns, At safepoint: 7743 ns, Total: 302234 ns
[2021-11-03T04:19:27.178+0000][7][safepoint    ] Safepoint "Cleanup", Time since last: 1002483219 ns, Reaching safepoint: 176098 ns, At safepoint: 6049 ns, Total: 182147 ns
[2021-11-03T04:19:28.188+0000][7][safepoint    ] Safepoint "Cleanup", Time since last: 1009601801 ns, Reaching safepoint: 201563 ns, At safepoint: 6903 ns, Total: 208466 ns
[2021-11-03T04:19:29.196+0000][7][safepoint    ] Safepoint "Cleanup", Time since last: 1007958539 ns, Reaching safepoint: 228399 ns, At safepoint: 6217 ns, Total: 234616 ns
[2021-11-03T04:19:30.199+0000][7][safepoint    ] Safepoint "Cleanup", Time since last: 1003112568 ns, Reaching safepoint: 287417 ns, At safepoint: 6946 ns, Total: 294363 ns
[2021-11-03T04:19:31.203+0000][7][safepoint    ] Safepoint "Cleanup", Time since last: 1003651158 ns, Reaching safepoint: 350216 ns, At safepoint: 6401 ns, Total: 356617 ns
[2021-11-03T04:19:32.208+0000][7][safepoint    ] Safepoint "Cleanup", Time since last: 1004219647 ns, Reaching safepoint: 171629 ns, At safepoint: 6191 ns, Total: 177820 ns
[2021-11-03T04:19:33.210+0000][7][safepoint    ] Safepoint "Cleanup", Time since last: 1002603016 ns, Reaching safepoint: 170867 ns, At safepoint: 6397 ns, Total: 177264 ns
[2021-11-03T04:19:34.214+0000][7][safepoint    ] Safepoint "Cleanup", Time since last: 1003304586 ns, Reaching safepoint: 172630 ns, At safepoint: 7486 ns, Total: 180116 ns
[2021-11-03T04:19:35.196+0000][7][safepoint    ] Safepoint "Cleanup", Time since last: 1003571667 ns, Reaching safepoint: 170482 ns, At safepoint: 6811 ns, Total: 177293 ns
[2021-11-03T04:19:36.199+0000][7][safepoint    ] Safepoint "Cleanup", Time since last: 1002993387 ns, Reaching safepoint: 189329 ns, At safepoint: 6430 ns, Total: 195759 ns
[2021-11-03T04:19:37.202+0000][7][safepoint    ] Safepoint "Cleanup", Time since last: 1002185900 ns, Reaching safepoint: 107625 ns, At safepoint: 2682 ns, Total: 110307 ns
[2021-11-03T04:19:38.204+0000][7][safepoint    ] Safepoint "Cleanup", Time since last: 1002044809 ns, Reaching safepoint: 179733 ns, At safepoint: 6295 ns, Total: 186028 ns
[2021-11-03T04:19:39.208+0000][7][safepoint    ] Safepoint "Cleanup", Time since last: 1003391314 ns, Reaching safepoint: 291824 ns, At safepoint: 6404 ns, Total: 298228 ns
[2021-11-03T04:19:40.213+0000][7][safepoint    ] Safepoint "Cleanup", Time since last: 1005251838 ns, Reaching safepoint: 178706 ns, At safepoint: 7453 ns, Total: 186159 ns
[2021-11-03T04:19:41.220+0000][7][safepoint    ] Safepoint "Cleanup", Time since last: 1006641589 ns, Reaching safepoint: 177734 ns, At safepoint: 6269 ns, Total: 184003 ns
[2021-11-03T04:19:42.227+0000][7][safepoint    ] Safepoint "Cleanup", Time since last: 1007042217 ns, Reaching safepoint: 185651 ns, At safepoint: 6401 ns, Total: 192052 ns
[2021-11-03T04:19:43.231+0000][7][safepoint    ] Safepoint "Cleanup", Time since last: 1003319066 ns, Reaching safepoint: 624859 ns, At safepoint: 22957 ns, Total: 647816 ns
[2021-11-03T04:19:44.234+0000][7][safepoint    ] Safepoint "Cleanup", Time since last: 1002462831 ns, Reaching safepoint: 592682 ns, At safepoint: 21906 ns, Total: 614588 ns
[2021-11-03T04:19:45.238+0000][7][safepoint    ] Safepoint "Cleanup", Time since last: 1003242833 ns, Reaching safepoint: 173861 ns, At safepoint: 5732 ns, Total: 179593 ns
[2021-11-03T04:19:46.243+0000][7][safepoint    ] Safepoint "Cleanup", Time since last: 1005178720 ns, Reaching safepoint: 171123 ns, At safepoint: 6340 ns, Total: 177463 ns
[2021-11-03T04:19:47.251+0000][7][safepoint    ] Safepoint "Cleanup", Time since last: 1007436369 ns, Reaching safepoint: 521135 ns, At safepoint: 16869 ns, Total: 538004 ns
[2021-11-03T04:19:48.254+0000][7][safepoint    ] Safepoint "Cleanup", Time since last: 1002422979 ns, Reaching safepoint: 184077 ns, At safepoint: 4854 ns, Total: 188931 ns
[2021-11-03T04:19:49.259+0000][7][safepoint    ] Safepoint "Cleanup", Time since last: 1005553248 ns, Reaching safepoint: 172892 ns, At safepoint: 4058 ns, Total: 176950 ns
[2021-11-03T04:19:50.268+0000][7][safepoint    ] Safepoint "Cleanup", Time since last: 1008956612 ns, Reaching safepoint: 157266 ns, At safepoint: 5726 ns, Total: 162992 ns
[2021-11-03T04:19:51.273+0000][7][safepoint    ] Safepoint "Cleanup", Time since last: 1004240826 ns, Reaching safepoint: 603653 ns, At safepoint: 16283 ns, Total: 619936 ns
[2021-11-03T04:19:52.276+0000][7][safepoint    ] Safepoint "Cleanup", Time since last: 1002678879 ns, Reaching safepoint: 398601 ns, At safepoint: 8253 ns, Total: 406854 ns
[2021-11-03T04:19:53.284+0000][7][safepoint    ] Safepoint "Cleanup", Time since last: 1007141831 ns, Reaching safepoint: 399709 ns, At safepoint: 6887 ns, Total: 406596 ns
[2021-11-03T04:19:54.286+0000][7][safepoint    ] Safepoint "Cleanup", Time since last: 1001542053 ns, Reaching safepoint: 205070 ns, At safepoint: 5134 ns, Total: 210204 ns
[2021-11-03T04:19:55.290+0000][7][safepoint    ] Safepoint "Cleanup", Time since last: 1004006367 ns, Reaching safepoint: 225640 ns, At safepoint: 7054 ns, Total: 232694 ns
[2021-11-03T04:19:56.294+0000][7][safepoint    ] Safepoint "Cleanup", Time since last: 1004245920 ns, Reaching safepoint: 175371 ns, At safepoint: 5032 ns, Total: 180403 ns
[2021-11-03T04:19:57.302+0000][7][safepoint    ] Safepoint "Cleanup", Time since last: 1007960618 ns, Reaching safepoint: 178214 ns, At safepoint: 6625 ns, Total: 184839 ns
[2021-11-03T04:19:58.305+0000][7][safepoint    ] Safepoint "Cleanup", Time since last: 1002656732 ns, Reaching safepoint: 123514 ns, At safepoint: 5030 ns, Total: 128544 ns
[2021-11-03T04:19:59.314+0000][7][safepoint    ] Safepoint "Cleanup", Time since last: 1008901905 ns, Reaching safepoint: 140405 ns, At safepoint: 3618 ns, Total: 144023 ns
[2021-11-03T04:20:00.326+0000][7][safepoint    ] Safepoint "Cleanup", Time since last: 1011645439 ns, Reaching safepoint: 236950 ns, At safepoint: 6426 ns, Total: 243376 ns
[2021-11-03T04:20:01.332+0000][7][safepoint    ] Safepoint "Cleanup", Time since last: 1005316942 ns, Reaching safepoint: 340377 ns, At safepoint: 73803 ns, Total: 414180 ns
[2021-11-03T04:20:02.335+0000][7][safepoint    ] Safepoint "Cleanup", Time since last: 1002395860 ns, Reaching safepoint: 168651 ns, At safepoint: 7115 ns, Total: 175766 ns
[2021-11-03T04:20:03.340+0000][7][safepoint    ] Safepoint "Cleanup", Time since last: 1005122883 ns, Reaching safepoint: 172608 ns, At safepoint: 6828 ns, Total: 179436 ns
[2021-11-03T04:20:04.347+0000][7][safepoint    ] Safepoint "Cleanup", Time since last: 1006557210 ns, Reaching safepoint: 178634 ns, At safepoint: 6419 ns, Total: 185053 ns
[2021-11-03T04:20:05.328+0000][7][safepoint    ] Safepoint "Cleanup", Time since last: 1002067560 ns, Reaching safepoint: 192557 ns, At safepoint: 5618 ns, Total: 198175 ns
[2021-11-03T04:20:07.209+0000][7][safepoint    ] Safepoint "Cleanup", Time since last: 1880416641 ns, Reaching safepoint: 191273 ns, At safepoint: 6720 ns, Total: 197993 ns
[2021-11-03T04:20:08.212+0000][7][safepoint    ] Safepoint "Cleanup", Time since last: 1003138528 ns, Reaching safepoint: 278422 ns, At safepoint: 6700 ns, Total: 285122 ns
[2021-11-03T04:20:09.216+0000][7][safepoint    ] Safepoint "Cleanup", Time since last: 1003924877 ns, Reaching safepoint: 130203 ns, At safepoint: 3974 ns, Total: 134177 ns
[2021-11-03T04:20:10.217+0000][7][safepoint    ] Safepoint "Cleanup", Time since last: 1001209363 ns, Reaching safepoint: 86213 ns, At safepoint: 2145 ns, Total: 88358 ns
[2021-11-03T04:20:11.219+0000][7][safepoint    ] Safepoint "Cleanup", Time since last: 1001551152 ns, Reaching safepoint: 85678 ns, At safepoint: 2619 ns, Total: 88297 ns
[2021-11-03T04:20:12.222+0000][7][safepoint    ] Safepoint "Cleanup", Time since last: 1002508154 ns, Reaching safepoint: 481263 ns, At safepoint: 7340 ns, Total: 488603 ns
[2021-11-03T04:20:13.229+0000][7][safepoint    ] Safepoint "Cleanup", Time since last: 1006462284 ns, Reaching safepoint: 201884 ns, At safepoint: 10571 ns, Total: 212455 ns
[2021-11-03T04:20:14.234+0000][7][safepoint    ] Safepoint "Cleanup", Time since last: 1004758235 ns, Reaching safepoint: 167694 ns, At safepoint: 7629 ns, Total: 175323 ns
[2021-11-03T04:20:15.238+0000][7][safepoint    ] Safepoint "Cleanup", Time since last: 1004523283 ns, Reaching safepoint: 181767 ns, At safepoint: 6264 ns, Total: 188031 ns
[2021-11-03T04:20:16.244+0000][7][safepoint    ] Safepoint "Cleanup", Time since last: 1005106681 ns, Reaching safepoint: 186430 ns, At safepoint: 6856 ns, Total: 193286 ns
[2021-11-03T04:20:17.249+0000][7][safepoint    ] Safepoint "Cleanup", Time since last: 1005502331 ns, Reaching safepoint: 128616 ns, At safepoint: 3956 ns, Total: 132572 ns
[2021-11-03T04:20:18.251+0000][7][safepoint    ] Safepoint "Cleanup", Time since last: 1001545626 ns, Reaching safepoint: 176296 ns, At safepoint: 6687 ns, Total: 182983 ns
[2021-11-03T04:20:19.256+0000][7][safepoint    ] Safepoint "Cleanup", Time since last: 1004996394 ns, Reaching safepoint: 446081 ns, At safepoint: 9161 ns, Total: 455242 ns
[2021-11-03T04:20:20.262+0000][7][safepoint    ] Safepoint "Cleanup", Time since last: 1005485260 ns, Reaching safepoint: 334401 ns, At safepoint: 80278 ns, Total: 414679 ns
[2021-11-03T04:20:21.269+0000][7][safepoint    ] Safepoint "Cleanup", Time since last: 1006366039 ns, Reaching safepoint: 516471 ns, At safepoint: 9871 ns, Total: 526342 ns
[2021-11-03T04:20:22.276+0000][7][safepoint    ] Safepoint "Cleanup", Time since last: 1006865114 ns, Reaching safepoint: 250253 ns, At safepoint: 69509 ns, Total: 319762 ns
[2021-11-03T04:20:23.279+0000][7][safepoint    ] Safepoint "Cleanup", Time since last: 1002001781 ns, Reaching safepoint: 543965 ns, At safepoint: 7760 ns, Total: 551725 ns
[2021-11-03T04:20:24.281+0000][7][safepoint    ] Safepoint "Cleanup", Time since last: 1001890651 ns, Reaching safepoint: 568656 ns, At safepoint: 17360 ns, Total: 586016 ns
[2021-11-03T04:20:26.256+0000][7][safepoint    ] Safepoint "Cleanup", Time since last: 1974456789 ns, Reaching safepoint: 567621 ns, At safepoint: 22704 ns, Total: 590325 ns
[2021-11-03T04:20:27.259+0000][7][safepoint    ] Safepoint "Cleanup", Time since last: 1002392670 ns, Reaching safepoint: 171296 ns, At safepoint: 4072 ns, Total: 175368 ns
[2021-11-03T04:20:28.261+0000][7][safepoint    ] Safepoint "Cleanup", Time since last: 1001517928 ns, Reaching safepoint: 297250 ns, At safepoint: 4712 ns, Total: 301962 ns
[2021-11-03T04:20:29.263+0000][7][safepoint    ] Safepoint "Cleanup", Time since last: 1001703454 ns, Reaching safepoint: 404406 ns, At safepoint: 7463 ns, Total: 411869 ns
[2021-11-03T04:20:30.270+0000][7][safepoint    ] Safepoint "Cleanup", Time since last: 1005691789 ns, Reaching safepoint: 839271 ns, At safepoint: 22075 ns, Total: 861346 ns
[2021-11-03T04:20:31.279+0000][7][safepoint    ] Safepoint "Cleanup", Time since last: 1009155614 ns, Reaching safepoint: 562217 ns, At safepoint: 10916 ns, Total: 573133 ns
[2021-11-03T04:20:32.283+0000][7][safepoint    ] Safepoint "Cleanup", Time since last: 1003611046 ns, Reaching safepoint: 294186 ns, At safepoint: 8595 ns, Total: 302781 ns
[2021-11-03T04:20:33.291+0000][7][safepoint    ] Safepoint "Cleanup", Time since last: 1007581404 ns, Reaching safepoint: 323540 ns, At safepoint: 7445 ns, Total: 330985 ns
[2021-11-03T04:20:34.294+0000][7][safepoint    ] Safepoint "Cleanup", Time since last: 1002129881 ns, Reaching safepoint: 417336 ns, At safepoint: 10138 ns, Total: 427474 ns
[2021-11-03T04:20:35.276+0000][7][safepoint    ] Safepoint "Cleanup", Time since last: 1003218500 ns, Reaching safepoint: 348543 ns, At safepoint: 7863 ns, Total: 356406 ns
[2021-11-03T04:20:36.281+0000][7][safepoint    ] Safepoint "Cleanup", Time since last: 1004080631 ns, Reaching safepoint: 578057 ns, At safepoint: 10163 ns, Total: 588220 ns
[2021-11-03T04:20:37.284+0000][7][safepoint    ] Safepoint "Cleanup", Time since last: 1002588949 ns, Reaching safepoint: 464789 ns, At safepoint: 8681 ns, Total: 473470 ns
[2021-11-03T04:20:38.286+0000][7][safepoint    ] Safepoint "Cleanup", Time since last: 1001459038 ns, Reaching safepoint: 243238 ns, At safepoint: 6689 ns, Total: 249927 ns
[2021-11-03T04:20:39.290+0000][7][safepoint    ] Safepoint "Cleanup", Time since last: 1003387144 ns, Reaching safepoint: 688158 ns, At safepoint: 23708 ns, Total: 711866 ns
[2021-11-03T04:20:40.293+0000][7][safepoint    ] Safepoint "Cleanup", Time since last: 1002846260 ns, Reaching safepoint: 370038 ns, At safepoint: 8672 ns, Total: 378710 ns
[2021-11-03T04:20:41.296+0000][7][safepoint    ] Safepoint "Cleanup", Time since last: 1002814399 ns, Reaching safepoint: 443527 ns, At safepoint: 10655 ns, Total: 454182 ns
[2021-11-03T04:20:42.299+0000][7][safepoint    ] Safepoint "Cleanup", Time since last: 1002199791 ns, Reaching safepoint: 372142 ns, At safepoint: 10582 ns, Total: 382724 ns
[2021-11-03T04:20:43.308+0000][7][safepoint    ] Safepoint "Cleanup", Time since last: 1008489118 ns, Reaching safepoint: 362896 ns, At safepoint: 8447 ns, Total: 371343 ns
[2021-11-03T04:20:44.310+0000][7][safepoint    ] Safepoint "Cleanup", Time since last: 1002438935 ns, Reaching safepoint: 322157 ns, At safepoint: 10406 ns, Total: 332563 ns
[2021-11-03T04:20:45.315+0000][7][safepoint    ] Safepoint "Cleanup", Time since last: 1004095215 ns, Reaching safepoint: 203580 ns, At safepoint: 7312 ns, Total: 210892 ns
[2021-11-03T04:20:46.318+0000][7][safepoint    ] Safepoint "Cleanup", Time since last: 1003256965 ns, Reaching safepoint: 173853 ns, At safepoint: 6220 ns, Total: 180073 ns
[2021-11-03T04:20:47.321+0000][7][safepoint    ] Safepoint "Cleanup", Time since last: 1001921492 ns, Reaching safepoint: 623882 ns, At safepoint: 21515 ns, Total: 645397 ns
[2021-11-03T04:20:48.324+0000][7][safepoint    ] Safepoint "Cleanup", Time since last: 1002652077 ns, Reaching safepoint: 183043 ns, At safepoint: 5955 ns, Total: 188998 ns
[2021-11-03T04:20:49.327+0000][7][safepoint    ] Safepoint "Cleanup", Time since last: 1003455953 ns, Reaching safepoint: 395413 ns, At safepoint: 9484 ns, Total: 404897 ns
[2021-11-03T04:20:50.332+0000][7][safepoint    ] Safepoint "Cleanup", Time since last: 1004118525 ns, Reaching safepoint: 603125 ns, At safepoint: 19261 ns, Total: 622386 ns
[2021-11-03T04:20:51.339+0000][7][safepoint    ] Safepoint "Cleanup", Time since last: 1005877624 ns, Reaching safepoint: 754634 ns, At safepoint: 19583 ns, Total: 774217 ns
[2021-11-03T04:20:52.347+0000][7][safepoint    ] Safepoint "Cleanup", Time since last: 1008301838 ns, Reaching safepoint: 184367 ns, At safepoint: 6320 ns, Total: 190687 ns
[2021-11-03T04:20:53.360+0000][7][safepoint    ] Safepoint "Cleanup", Time since last: 1011727641 ns, Reaching safepoint: 562203 ns, At safepoint: 21553 ns, Total: 583756 ns
[2021-11-03T04:20:54.362+0000][7][safepoint    ] Safepoint "Cleanup", Time since last: 1002473233 ns, Reaching safepoint: 429283 ns, At safepoint: 12093 ns, Total: 441376 ns
[2021-11-03T04:20:55.365+0000][7][safepoint    ] Safepoint "Cleanup", Time since last: 1002547580 ns, Reaching safepoint: 411697 ns, At safepoint: 11016 ns, Total: 422713 ns
[2021-11-03T04:20:56.371+0000][7][safepoint    ] Safepoint "Cleanup", Time since last: 1005030450 ns, Reaching safepoint: 398764 ns, At safepoint: 10564 ns, Total: 409328 ns
[2021-11-03T04:20:57.373+0000][7][safepoint    ] Safepoint "Cleanup", Time since last: 1002252695 ns, Reaching safepoint: 219980 ns, At safepoint: 6967 ns, Total: 226947 ns
[2021-11-03T04:20:58.376+0000][7][safepoint    ] Safepoint "Cleanup", Time since last: 1001941868 ns, Reaching safepoint: 227583 ns, At safepoint: 5822 ns, Total: 233405 ns
[2021-11-03T04:20:59.386+0000][7][safepoint    ] Safepoint "Cleanup", Time since last: 1009843275 ns, Reaching safepoint: 233854 ns, At safepoint: 6325 ns, Total: 240179 ns
[2021-11-03T04:21:00.388+0000][7][safepoint    ] Safepoint "Cleanup", Time since last: 1002310689 ns, Reaching safepoint: 239717 ns, At safepoint: 6559 ns, Total: 246276 ns
[2021-11-03T04:21:01.392+0000][7][safepoint    ] Safepoint "Cleanup", Time since last: 1003408426 ns, Reaching safepoint: 594339 ns, At safepoint: 9070 ns, Total: 603409 ns
[2021-11-03T04:21:02.401+0000][7][safepoint    ] Safepoint "Cleanup", Time since last: 1008700685 ns, Reaching safepoint: 174810 ns, At safepoint: 5886 ns, Total: 180696 ns
[2021-11-03T04:21:03.405+0000][7][safepoint    ] Safepoint "Cleanup", Time since last: 1003696051 ns, Reaching safepoint: 392874 ns, At safepoint: 9620 ns, Total: 402494 ns
[2021-11-03T04:21:04.411+0000][7][safepoint    ] Safepoint "Cleanup", Time since last: 1005587996 ns, Reaching safepoint: 164474 ns, At safepoint: 7089 ns, Total: 171563 ns
[2021-11-03T04:21:05.395+0000][7][safepoint    ] Safepoint "Cleanup", Time since last: 1004770792 ns, Reaching safepoint: 167689 ns, At safepoint: 5818 ns, Total: 173507 ns
[2021-11-03T04:21:06.399+0000][7][safepoint    ] Safepoint "Cleanup", Time since last: 1003609069 ns, Reaching safepoint: 439890 ns, At safepoint: 7318 ns, Total: 447208 ns
[2021-11-03T04:21:07.404+0000][7][safepoint    ] Safepoint "Cleanup", Time since last: 1004407827 ns, Reaching safepoint: 317214 ns, At safepoint: 10177 ns, Total: 327391 ns
[2021-11-03T04:21:08.407+0000][7][safepoint    ] Safepoint "Cleanup", Time since last: 1002510722 ns, Reaching safepoint: 301822 ns, At safepoint: 6407 ns, Total: 308229 ns
[2021-11-03T04:21:09.411+0000][7][safepoint    ] Safepoint "Cleanup", Time since last: 1003760684 ns, Reaching safepoint: 362115 ns, At safepoint: 7327 ns, Total: 369442 ns
[2021-11-03T04:21:10.415+0000][7][safepoint    ] Safepoint "Cleanup", Time since last: 1004443190 ns, Reaching safepoint: 233388 ns, At safepoint: 6457 ns, Total: 239845 ns
[2021-11-03T04:21:11.418+0000][7][safepoint    ] Safepoint "Cleanup", Time since last: 1002654878 ns, Reaching safepoint: 239092 ns, At safepoint: 6540 ns, Total: 245632 ns
[2021-11-03T04:21:12.421+0000][7][safepoint    ] Safepoint "Cleanup", Time since last: 1002859660 ns, Reaching safepoint: 247365 ns, At safepoint: 6824 ns, Total: 254189 ns
[2021-11-03T04:21:13.426+0000][7][safepoint    ] Safepoint "Cleanup", Time since last: 1003901571 ns, Reaching safepoint: 243512 ns, At safepoint: 5771 ns, Total: 249283 ns
[2021-11-03T04:21:14.431+0000][7][safepoint    ] Safepoint "Cleanup", Time since last: 1005184806 ns, Reaching safepoint: 240923 ns, At safepoint: 6296 ns, Total: 247219 ns
[2021-11-03T04:21:15.440+0000][7][safepoint    ] Safepoint "Cleanup", Time since last: 1008690683 ns, Reaching safepoint: 521083 ns, At safepoint: 8610 ns, Total: 529693 ns
[2021-11-03T04:21:16.453+0000][7][safepoint    ] Safepoint "Cleanup", Time since last: 1012559550 ns, Reaching safepoint: 418059 ns, At safepoint: 16063 ns, Total: 434122 ns
[2021-11-03T04:21:17.458+0000][7][safepoint    ] Safepoint "Cleanup", Time since last: 1004990628 ns, Reaching safepoint: 183800 ns, At safepoint: 6466 ns, Total: 190266 ns
[2021-11-03T04:21:18.463+0000][7][safepoint    ] Safepoint "Cleanup", Time since last: 1004433939 ns, Reaching safepoint: 323736 ns, At safepoint: 7101 ns, Total: 330837 ns
[2021-11-03T04:21:19.466+0000][7][safepoint    ] Safepoint "Cleanup", Time since last: 1002306111 ns, Reaching safepoint: 246949 ns, At safepoint: 6187 ns, Total: 253136 ns
[2021-11-03T04:21:20.475+0000][7][safepoint    ] Safepoint "Cleanup", Time since last: 1008567080 ns, Reaching safepoint: 165706 ns, At safepoint: 6686 ns, Total: 172392 ns
[2021-11-03T04:21:21.484+0000][7][safepoint    ] Safepoint "Cleanup", Time since last: 1009523087 ns, Reaching safepoint: 230664 ns, At safepoint: 6104 ns, Total: 236768 ns
[2021-11-03T04:21:22.488+0000][7][safepoint    ] Safepoint "Cleanup", Time since last: 1003456176 ns, Reaching safepoint: 411117 ns, At safepoint: 12849 ns, Total: 423966 ns
[2021-11-03T04:21:23.575+0000][7][safepoint    ] Safepoint "Cleanup", Time since last: 1086028766 ns, Reaching safepoint: 485176 ns, At safepoint: 8947 ns, Total: 494123 ns
[2021-11-03T04:21:24.579+0000][7][safepoint    ] Safepoint "Cleanup", Time since last: 1003618940 ns, Reaching safepoint: 421668 ns, At safepoint: 9680 ns, Total: 431348 ns
[2021-11-03T04:21:25.589+0000][7][safepoint    ] Safepoint "Cleanup", Time since last: 1010150145 ns, Reaching safepoint: 419001 ns, At safepoint: 4827 ns, Total: 423828 ns
[2021-11-03T04:21:26.592+0000][7][safepoint    ] Safepoint "Cleanup", Time since last: 1002623840 ns, Reaching safepoint: 233957 ns, At safepoint: 6331 ns, Total: 240288 ns
[2021-11-03T04:21:27.597+0000][7][safepoint    ] Safepoint "Cleanup", Time since last: 1004529979 ns, Reaching safepoint: 405619 ns, At safepoint: 15086 ns, Total: 420705 ns
[2021-11-03T04:21:28.601+0000][7][safepoint    ] Safepoint "Cleanup", Time since last: 1003312742 ns, Reaching safepoint: 237557 ns, At safepoint: 6767 ns, Total: 244324 ns
[2021-11-03T04:21:29.609+0000][7][safepoint    ] Safepoint "Cleanup", Time since last: 1007675864 ns, Reaching safepoint: 368385 ns, At safepoint: 6737 ns, Total: 375122 ns
[2021-11-03T04:21:30.612+0000][7][safepoint    ] Safepoint "Cleanup", Time since last: 1003431046 ns, Reaching safepoint: 298680 ns, At safepoint: 8952 ns, Total: 307632 ns
[2021-11-03T04:21:31.619+0000][7][safepoint    ] Safepoint "Cleanup", Time since last: 1005689604 ns, Reaching safepoint: 451112 ns, At safepoint: 10709 ns, Total: 461821 ns
[2021-11-03T04:21:32.624+0000][7][safepoint    ] Safepoint "Cleanup", Time since last: 1005460731 ns, Reaching safepoint: 382955 ns, At safepoint: 6439 ns, Total: 389394 ns
[2021-11-03T04:21:33.627+0000][7][safepoint    ] Safepoint "Cleanup", Time since last: 1002010821 ns, Reaching safepoint: 614510 ns, At safepoint: 20563 ns, Total: 635073 ns
[2021-11-03T04:21:34.635+0000][7][safepoint    ] Safepoint "Cleanup", Time since last: 1007688652 ns, Reaching safepoint: 282100 ns, At safepoint: 8466 ns, Total: 290566 ns
[2021-11-03T04:21:35.617+0000][7][safepoint    ] Safepoint "Cleanup", Time since last: 1002254539 ns, Reaching safepoint: 606436 ns, At safepoint: 15130 ns, Total: 621566 ns
[2021-11-03T04:21:36.620+0000][7][safepoint    ] Safepoint "Cleanup", Time since last: 1002591347 ns, Reaching safepoint: 287477 ns, At safepoint: 106381 ns, Total: 393858 ns
[2021-11-03T04:21:37.627+0000][7][safepoint    ] Safepoint "Cleanup", Time since last: 1006686146 ns, Reaching safepoint: 642247 ns, At safepoint: 9632 ns, Total: 651879 ns
[2021-11-03T04:21:38.630+0000][7][safepoint    ] Safepoint "Cleanup", Time since last: 1002039298 ns, Reaching safepoint: 514435 ns, At safepoint: 12945 ns, Total: 527380 ns
[2021-11-03T04:21:39.642+0000][7][safepoint    ] Safepoint "Cleanup", Time since last: 1011604586 ns, Reaching safepoint: 147297 ns, At safepoint: 4535 ns, Total: 151832 ns
[2021-11-03T04:21:40.645+0000][7][safepoint    ] Safepoint "Cleanup", Time since last: 1002680835 ns, Reaching safepoint: 181663 ns, At safepoint: 6299 ns, Total: 187962 ns
[2021-11-03T04:21:41.651+0000][7][safepoint    ] Safepoint "Cleanup", Time since last: 1006550638 ns, Reaching safepoint: 184550 ns, At safepoint: 6411 ns, Total: 190961 ns
[2021-11-03T04:21:42.657+0000][7][safepoint    ] Safepoint "Cleanup", Time since last: 1005359846 ns, Reaching safepoint: 179344 ns, At safepoint: 6155 ns, Total: 185499 ns
[2021-11-03T04:21:43.666+0000][7][safepoint    ] Safepoint "Cleanup", Time since last: 1008620778 ns, Reaching safepoint: 535810 ns, At safepoint: 25380 ns, Total: 561190 ns
[2021-11-03T04:21:44.669+0000][7][safepoint    ] Safepoint "Cleanup", Time since last: 1002458885 ns, Reaching safepoint: 174248 ns, At safepoint: 5591 ns, Total: 179839 ns
[2021-11-03T04:21:45.671+0000][7][safepoint    ] Safepoint "Cleanup", Time since last: 1002403226 ns, Reaching safepoint: 175108 ns, At safepoint: 6866 ns, Total: 181974 ns
[2021-11-03T04:21:46.676+0000][7][safepoint    ] Safepoint "Cleanup", Time since last: 1004539428 ns, Reaching safepoint: 334140 ns, At safepoint: 7315 ns, Total: 341455 ns
[2021-11-03T04:21:47.683+0000][7][safepoint    ] Safepoint "Cleanup", Time since last: 1006921102 ns, Reaching safepoint: 167041 ns, At safepoint: 5608 ns, Total: 172649 ns
[2021-11-03T04:21:48.687+0000][7][safepoint    ] Safepoint "Cleanup", Time since last: 1003118548 ns, Reaching safepoint: 247994 ns, At safepoint: 6595 ns, Total: 254589 ns
[2021-11-03T04:21:49.693+0000][7][safepoint    ] Safepoint "Cleanup", Time since last: 1006149313 ns, Reaching safepoint: 515859 ns, At safepoint: 8641 ns, Total: 524500 ns
[2021-11-03T04:21:50.697+0000][7][safepoint    ] Safepoint "Cleanup", Time since last: 1003490170 ns, Reaching safepoint: 334321 ns, At safepoint: 6621 ns, Total: 340942 ns
[2021-11-03T04:21:51.700+0000][7][safepoint    ] Safepoint "Cleanup", Time since last: 1002774953 ns, Reaching safepoint: 166880 ns, At safepoint: 5596 ns, Total: 172476 ns
[2021-11-03T04:21:52.710+0000][7][safepoint    ] Safepoint "Cleanup", Time since last: 1009457266 ns, Reaching safepoint: 164333 ns, At safepoint: 7010 ns, Total: 171343 ns
[2021-11-03T04:21:53.713+0000][7][safepoint    ] Safepoint "Cleanup", Time since last: 1003149169 ns, Reaching safepoint: 271841 ns, At safepoint: 6764 ns, Total: 278605 ns
[2021-11-03T04:21:54.716+0000][7][safepoint    ] Safepoint "Cleanup", Time since last: 1002702289 ns, Reaching safepoint: 265907 ns, At safepoint: 6995 ns, Total: 272902 ns
[2021-11-03T04:21:55.719+0000][7][safepoint    ] Safepoint "Cleanup", Time since last: 1002358305 ns, Reaching safepoint: 251916 ns, At safepoint: 5661 ns, Total: 257577 ns
[2021-11-03T04:21:56.721+0000][7][safepoint    ] Safepoint "Cleanup", Time since last: 1001974127 ns, Reaching safepoint: 171065 ns, At safepoint: 5304 ns, Total: 176369 ns
[2021-11-03T04:21:57.724+0000][7][safepoint    ] Safepoint "Cleanup", Time since last: 1002378351 ns, Reaching safepoint: 261455 ns, At safepoint: 13202 ns, Total: 274657 ns
[2021-11-03T04:21:58.730+0000][7][safepoint    ] Safepoint "Cleanup", Time since last: 1005744157 ns, Reaching safepoint: 255622 ns, At safepoint: 7530 ns, Total: 263152 ns
[2021-11-03T04:21:59.740+0000][7][safepoint    ] Safepoint "Cleanup", Time since last: 1009936402 ns, Reaching safepoint: 238157 ns, At safepoint: 7047 ns, Total: 245204 ns
[2021-11-03T04:22:00.745+0000][7][safepoint    ] Safepoint "Cleanup", Time since last: 1004829110 ns, Reaching safepoint: 409472 ns, At safepoint: 9257 ns, Total: 418729 ns
[2021-11-03T04:22:01.754+0000][7][safepoint    ] Safepoint "Cleanup", Time since last: 1009022679 ns, Reaching safepoint: 107546 ns, At safepoint: 3163 ns, Total: 110709 ns
[2021-11-03T04:22:02.757+0000][7][safepoint    ] Safepoint "Cleanup", Time since last: 1002628745 ns, Reaching safepoint: 158656 ns, At safepoint: 4436 ns, Total: 163092 ns
[2021-11-03T04:22:03.759+0000][7][safepoint    ] Safepoint "Cleanup", Time since last: 1002099584 ns, Reaching safepoint: 171102 ns, At safepoint: 5952 ns, Total: 177054 ns
[2021-11-03T04:22:04.765+0000][7][safepoint    ] Safepoint "Cleanup", Time since last: 1005314655 ns, Reaching safepoint: 167132 ns, At safepoint: 6264 ns, Total: 173396 ns
[2021-11-03T04:22:05.751+0000][7][safepoint    ] Safepoint "Cleanup", Time since last: 1006930489 ns, Reaching safepoint: 122856 ns, At safepoint: 3675 ns, Total: 126531 ns
[2021-11-03T04:22:06.758+0000][7][safepoint    ] Safepoint "Cleanup", Time since last: 1006652618 ns, Reaching safepoint: 175918 ns, At safepoint: 6344 ns, Total: 182262 ns
[2021-11-03T04:22:07.760+0000][7][safepoint    ] Safepoint "Cleanup", Time since last: 1002497077 ns, Reaching safepoint: 166949 ns, At safepoint: 6271 ns, Total: 173220 ns
[2021-11-03T04:22:08.764+0000][7][safepoint    ] Safepoint "Cleanup", Time since last: 1003217018 ns, Reaching safepoint: 166720 ns, At safepoint: 4695 ns, Total: 171415 ns
[2021-11-03T04:22:09.770+0000][7][safepoint    ] Safepoint "Cleanup", Time since last: 1006614399 ns, Reaching safepoint: 170664 ns, At safepoint: 6216 ns, Total: 176880 ns
[2021-11-03T04:22:10.775+0000][7][safepoint    ] Safepoint "Cleanup", Time since last: 1004341985 ns, Reaching safepoint: 339301 ns, At safepoint: 7819 ns, Total: 347120 ns
[2021-11-03T04:22:11.782+0000][7][safepoint    ] Safepoint "Cleanup", Time since last: 1006407831 ns, Reaching safepoint: 172902 ns, At safepoint: 6852 ns, Total: 179754 ns
[2021-11-03T04:22:12.789+0000][7][safepoint    ] Safepoint "Cleanup", Time since last: 1007385266 ns, Reaching safepoint: 169001 ns, At safepoint: 6295 ns, Total: 175296 ns
[2021-11-03T04:22:13.792+0000][7][safepoint    ] Safepoint "Cleanup", Time since last: 1002879137 ns, Reaching safepoint: 311139 ns, At safepoint: 9840 ns, Total: 320979 ns
[2021-11-03T04:22:14.797+0000][7][safepoint    ] Safepoint "Cleanup", Time since last: 1004004259 ns, Reaching safepoint: 299440 ns, At safepoint: 7284 ns, Total: 306724 ns
[2021-11-03T04:22:15.805+0000][7][safepoint    ] Safepoint "Cleanup", Time since last: 1007808613 ns, Reaching safepoint: 272548 ns, At safepoint: 11826 ns, Total: 284374 ns
[2021-11-03T04:22:16.812+0000][7][safepoint    ] Safepoint "Cleanup", Time since last: 1006439094 ns, Reaching safepoint: 236493 ns, At safepoint: 6439 ns, Total: 242932 ns
[2021-11-03T04:22:17.815+0000][7][safepoint    ] Safepoint "Cleanup", Time since last: 1002814213 ns, Reaching safepoint: 230320 ns, At safepoint: 6995 ns, Total: 237315 ns
[2021-11-03T04:22:18.818+0000][7][safepoint    ] Safepoint "Cleanup", Time since last: 1002745163 ns, Reaching safepoint: 238510 ns, At safepoint: 6647 ns, Total: 245157 ns
[2021-11-03T04:22:19.821+0000][7][safepoint    ] Safepoint "Cleanup", Time since last: 1002902221 ns, Reaching safepoint: 236147 ns, At safepoint: 6360 ns, Total: 242507 ns
[2021-11-03T04:22:20.824+0000][7][safepoint    ] Safepoint "Cleanup", Time since last: 1002887509 ns, Reaching safepoint: 240663 ns, At safepoint: 6702 ns, Total: 247365 ns
[2021-11-03T04:22:21.828+0000][7][safepoint    ] Safepoint "Cleanup", Time since last: 1003420338 ns, Reaching safepoint: 233748 ns, At safepoint: 6375 ns, Total: 240123 ns
[2021-11-03T04:22:22.838+0000][7][safepoint    ] Safepoint "Cleanup", Time since last: 1010064843 ns, Reaching safepoint: 493312 ns, At safepoint: 96018 ns, Total: 589330 ns
[2021-11-03T04:22:24.557+0000][7][safepoint    ] Safepoint "Cleanup", Time since last: 1718138014 ns, Reaching safepoint: 179067 ns, At safepoint: 7208 ns, Total: 186275 ns
[2021-11-03T04:22:25.568+0000][7][safepoint    ] Safepoint "Cleanup", Time since last: 1011285690 ns, Reaching safepoint: 332218 ns, At safepoint: 7419 ns, Total: 339637 ns
[2021-11-03T04:22:26.570+0000][7][safepoint    ] Safepoint "Cleanup", Time since last: 1002172598 ns, Reaching safepoint: 161526 ns, At safepoint: 6483 ns, Total: 168009 ns
[2021-11-03T04:22:27.574+0000][7][safepoint    ] Safepoint "Cleanup", Time since last: 1002882250 ns, Reaching safepoint: 412056 ns, At safepoint: 13728 ns, Total: 425784 ns
[2021-11-03T04:22:28.577+0000][7][safepoint    ] Safepoint "Cleanup", Time since last: 1003035056 ns, Reaching safepoint: 449343 ns, At safepoint: 8601 ns, Total: 457944 ns
[2021-11-03T04:22:29.581+0000][7][safepoint    ] Safepoint "Cleanup", Time since last: 1003659772 ns, Reaching safepoint: 307367 ns, At safepoint: 11428 ns, Total: 318795 ns
[2021-11-03T04:22:30.589+0000][7][safepoint    ] Safepoint "Cleanup", Time since last: 1007240687 ns, Reaching safepoint: 190804 ns, At safepoint: 7621 ns, Total: 198425 ns
[2021-11-03T04:22:31.593+0000][7][safepoint    ] Safepoint "Cleanup", Time since last: 1003467261 ns, Reaching safepoint: 343804 ns, At safepoint: 6694 ns, Total: 350498 ns
[2021-11-03T04:22:32.598+0000][7][safepoint    ] Safepoint "Cleanup", Time since last: 1004809403 ns, Reaching safepoint: 316466 ns, At safepoint: 11045 ns, Total: 327511 ns
[2021-11-03T04:22:33.606+0000][7][safepoint    ] Safepoint "Cleanup", Time since last: 1008428510 ns, Reaching safepoint: 326876 ns, At safepoint: 6746 ns, Total: 333622 ns
[2021-11-03T04:22:34.609+0000][7][safepoint    ] Safepoint "Cleanup", Time since last: 1002722792 ns, Reaching safepoint: 241999 ns, At safepoint: 6785 ns, Total: 248784 ns
[2021-11-03T04:22:35.596+0000][7][safepoint    ] Safepoint "Cleanup", Time since last: 1007713482 ns, Reaching safepoint: 168728 ns, At safepoint: 6315 ns, Total: 175043 ns
[2021-11-03T04:22:36.605+0000][7][safepoint    ] Safepoint "Cleanup", Time since last: 1008646828 ns, Reaching safepoint: 176122 ns, At safepoint: 6860 ns, Total: 182982 ns
[2021-11-03T04:22:37.614+0000][7][safepoint    ] Safepoint "Cleanup", Time since last: 1008363741 ns, Reaching safepoint: 174582 ns, At safepoint: 6348 ns, Total: 180930 ns
[2021-11-03T04:22:38.617+0000][7][safepoint    ] Safepoint "Cleanup", Time since last: 1003272217 ns, Reaching safepoint: 179425 ns, At safepoint: 6424 ns, Total: 185849 ns
[2021-11-03T04:22:39.624+0000][7][safepoint    ] Safepoint "Cleanup", Time since last: 1006903117 ns, Reaching safepoint: 118124 ns, At safepoint: 3413 ns, Total: 121537 ns
[2021-11-03T04:22:40.631+0000][7][safepoint    ] Safepoint "Cleanup", Time since last: 1007079793 ns, Reaching safepoint: 182892 ns, At safepoint: 7339 ns, Total: 190231 ns
[2021-11-03T04:22:41.636+0000][7][safepoint    ] Safepoint "Cleanup", Time since last: 1004471110 ns, Reaching safepoint: 280141 ns, At safepoint: 6517 ns, Total: 286658 ns
[2021-11-03T04:22:42.639+0000][7][safepoint    ] Safepoint "Cleanup", Time since last: 1002466464 ns, Reaching safepoint: 181342 ns, At safepoint: 6667 ns, Total: 188009 ns
[2021-11-03T04:22:43.643+0000][7][safepoint    ] Safepoint "Cleanup", Time since last: 1003458598 ns, Reaching safepoint: 174552 ns, At safepoint: 5954 ns, Total: 180506 ns
[2021-11-03T04:22:44.645+0000][7][safepoint    ] Safepoint "Cleanup", Time since last: 1002303422 ns, Reaching safepoint: 330577 ns, At safepoint: 7201 ns, Total: 337778 ns
[2021-11-03T04:22:45.648+0000][7][safepoint    ] Safepoint "Cleanup", Time since last: 1002138950 ns, Reaching safepoint: 385733 ns, At safepoint: 9391 ns, Total: 395124 ns
[2021-11-03T04:22:46.651+0000][7][safepoint    ] Safepoint "Cleanup", Time since last: 1002782367 ns, Reaching safepoint: 163190 ns, At safepoint: 6161 ns, Total: 169351 ns
[2021-11-03T04:22:47.653+0000][7][safepoint    ] Safepoint "Cleanup", Time since last: 1001625287 ns, Reaching safepoint: 345806 ns, At safepoint: 8580 ns, Total: 354386 ns
[2021-11-03T04:22:48.661+0000][7][safepoint    ] Safepoint "Cleanup", Time since last: 1007632065 ns, Reaching safepoint: 289515 ns, At safepoint: 12325 ns, Total: 301840 ns
[2021-11-03T04:22:49.667+0000][7][safepoint    ] Safepoint "Cleanup", Time since last: 1005614740 ns, Reaching safepoint: 470801 ns, At safepoint: 8440 ns, Total: 479241 ns
[2021-11-03T04:22:50.678+0000][7][safepoint    ] Safepoint "Cleanup", Time since last: 1010349760 ns, Reaching safepoint: 657734 ns, At safepoint: 20473 ns, Total: 678207 ns
[2021-11-03T04:22:51.682+0000][7][safepoint    ] Safepoint "Cleanup", Time since last: 1003667807 ns, Reaching safepoint: 312873 ns, At safepoint: 11639 ns, Total: 324512 ns
[2021-11-03T04:22:52.685+0000][7][safepoint    ] Safepoint "Cleanup", Time since last: 1002803732 ns, Reaching safepoint: 149292 ns, At safepoint: 4921 ns, Total: 154213 ns
[2021-11-03T04:22:53.689+0000][7][safepoint    ] Safepoint "Cleanup", Time since last: 1004049931 ns, Reaching safepoint: 237500 ns, At safepoint: 6175 ns, Total: 243675 ns
[2021-11-03T04:22:54.694+0000][7][safepoint    ] Safepoint "Cleanup", Time since last: 1005181227 ns, Reaching safepoint: 236915 ns, At safepoint: 6254 ns, Total: 243169 ns
[2021-11-03T04:22:56.579+0000][7][safepoint    ] Safepoint "Cleanup", Time since last: 1884097907 ns, Reaching safepoint: 239313 ns, At safepoint: 7329 ns, Total: 246642 ns
[2021-11-03T04:22:57.584+0000][7][safepoint    ] Safepoint "Cleanup", Time since last: 1004900282 ns, Reaching safepoint: 171518 ns, At safepoint: 6047 ns, Total: 177565 ns
[2021-11-03T04:22:58.588+0000][7][safepoint    ] Safepoint "Cleanup", Time since last: 1004339414 ns, Reaching safepoint: 164336 ns, At safepoint: 4827 ns, Total: 169163 ns
[2021-11-03T04:22:59.592+0000][7][safepoint    ] Safepoint "Cleanup", Time since last: 1002542439 ns, Reaching safepoint: 675668 ns, At safepoint: 19760 ns, Total: 695428 ns
[2021-11-03T04:23:00.595+0000][7][safepoint    ] Safepoint "Cleanup", Time since last: 1002958733 ns, Reaching safepoint: 235228 ns, At safepoint: 6387 ns, Total: 241615 ns
[2021-11-03T04:23:01.599+0000][7][safepoint    ] Safepoint "Cleanup", Time since last: 1003593109 ns, Reaching safepoint: 622967 ns, At safepoint: 17908 ns, Total: 640875 ns
[2021-11-03T04:23:02.602+0000][7][safepoint    ] Safepoint "Cleanup", Time since last: 1002271854 ns, Reaching safepoint: 458969 ns, At safepoint: 9893 ns, Total: 468862 ns
[2021-11-03T04:23:03.606+0000][7][safepoint    ] Safepoint "Cleanup", Time since last: 1003571795 ns, Reaching safepoint: 450230 ns, At safepoint: 12135 ns, Total: 462365 ns
[2021-11-03T04:23:04.609+0000][7][safepoint    ] Safepoint "Cleanup", Time since last: 1002531503 ns, Reaching safepoint: 290678 ns, At safepoint: 7380 ns, Total: 298058 ns
[2021-11-03T04:23:05.598+0000][7][safepoint    ] Safepoint "Cleanup", Time since last: 1009802632 ns, Reaching safepoint: 575752 ns, At safepoint: 115717 ns, Total: 691469 ns
[2021-11-03T04:23:06.602+0000][7][safepoint    ] Safepoint "Cleanup", Time since last: 1003784044 ns, Reaching safepoint: 338035 ns, At safepoint: 9136 ns, Total: 347171 ns
[2021-11-03T04:23:07.607+0000][7][safepoint    ] Safepoint "Cleanup", Time since last: 1005225089 ns, Reaching safepoint: 165889 ns, At safepoint: 6345 ns, Total: 172234 ns
[2021-11-03T04:23:08.611+0000][7][safepoint    ] Safepoint "Cleanup", Time since last: 1003387343 ns, Reaching safepoint: 344924 ns, At safepoint: 7505 ns, Total: 352429 ns
[2021-11-03T04:23:09.620+0000][7][safepoint    ] Safepoint "Cleanup", Time since last: 1008459164 ns, Reaching safepoint: 173387 ns, At safepoint: 6606 ns, Total: 179993 ns
[2021-11-03T04:23:10.623+0000][7][safepoint    ] Safepoint "Cleanup", Time since last: 1002417464 ns, Reaching safepoint: 222035 ns, At safepoint: 7127 ns, Total: 229162 ns
[2021-11-03T04:23:11.628+0000][7][safepoint    ] Safepoint "Cleanup", Time since last: 1005709960 ns, Reaching safepoint: 234526 ns, At safepoint: 6672 ns, Total: 241198 ns
[2021-11-03T04:23:12.640+0000][7][safepoint    ] Safepoint "Cleanup", Time since last: 1011083009 ns, Reaching safepoint: 556066 ns, At safepoint: 21366 ns, Total: 577432 ns
[2021-11-03T04:23:13.645+0000][7][safepoint    ] Safepoint "Cleanup", Time since last: 1004164507 ns, Reaching safepoint: 229276 ns, At safepoint: 7655 ns, Total: 236931 ns
[2021-11-03T04:23:14.649+0000][7][safepoint    ] Safepoint "Cleanup", Time since last: 1004646314 ns, Reaching safepoint: 242903 ns, At safepoint: 6719 ns, Total: 249622 ns
[2021-11-03T04:23:15.653+0000][7][safepoint    ] Safepoint "Cleanup", Time since last: 1003114987 ns, Reaching safepoint: 386660 ns, At safepoint: 9432 ns, Total: 396092 ns
[2021-11-03T04:23:16.656+0000][7][safepoint    ] Safepoint "Cleanup", Time since last: 1002910170 ns, Reaching safepoint: 533954 ns, At safepoint: 12354 ns, Total: 546308 ns
[2021-11-03T04:23:17.659+0000][7][safepoint    ] Safepoint "Cleanup", Time since last: 1002716274 ns, Reaching safepoint: 283834 ns, At safepoint: 7987 ns, Total: 291821 ns
[2021-11-03T04:23:18.663+0000][7][safepoint    ] Safepoint "Cleanup", Time since last: 1002999989 ns, Reaching safepoint: 236063 ns, At safepoint: 10444 ns, Total: 246507 ns
[2021-11-03T04:23:19.674+0000][7][safepoint    ] Safepoint "Cleanup", Time since last: 1010907232 ns, Reaching safepoint: 292623 ns, At safepoint: 180206 ns, Total: 472829 ns
[2021-11-03T04:23:20.678+0000][7][safepoint    ] Safepoint "Cleanup", Time since last: 1003091691 ns, Reaching safepoint: 419900 ns, At safepoint: 10304 ns, Total: 430204 ns
[2021-11-03T04:23:21.681+0000][7][safepoint    ] Safepoint "Cleanup", Time since last: 1002808177 ns, Reaching safepoint: 241606 ns, At safepoint: 6329 ns, Total: 247935 ns
[2021-11-03T04:23:22.684+0000][7][safepoint    ] Safepoint "Cleanup", Time since last: 1003250511 ns, Reaching safepoint: 323586 ns, At safepoint: 6857 ns, Total: 330443 ns
[2021-11-03T04:23:23.688+0000][7][safepoint    ] Safepoint "Cleanup", Time since last: 1002681834 ns, Reaching safepoint: 660023 ns, At safepoint: 11170 ns, Total: 671193 ns
[2021-11-03T04:23:24.691+0000][7][safepoint    ] Safepoint "Cleanup", Time since last: 1003375746 ns, Reaching safepoint: 232857 ns, At safepoint: 6962 ns, Total: 239819 ns
[2021-11-03T04:23:25.698+0000][7][safepoint    ] Safepoint "Cleanup", Time since last: 1006571962 ns, Reaching safepoint: 404973 ns, At safepoint: 8152 ns, Total: 413125 ns
[2021-11-03T04:23:26.711+0000][7][safepoint    ] Safepoint "Cleanup", Time since last: 1012394073 ns, Reaching safepoint: 165316 ns, At safepoint: 7058 ns, Total: 172374 ns
[2021-11-03T04:23:27.716+0000][7][safepoint    ] Safepoint "Cleanup", Time since last: 1005458383 ns, Reaching safepoint: 177612 ns, At safepoint: 5671 ns, Total: 183283 ns
[2021-11-03T04:23:28.722+0000][7][safepoint    ] Safepoint "Cleanup", Time since last: 1005009578 ns, Reaching safepoint: 174029 ns, At safepoint: 6247 ns, Total: 180276 ns
[2021-11-03T04:23:29.733+0000][7][safepoint    ] Safepoint "Cleanup", Time since last: 1010633699 ns, Reaching safepoint: 413539 ns, At safepoint: 11509 ns, Total: 425048 ns
[2021-11-03T04:23:30.737+0000][7][safepoint    ] Safepoint "Cleanup", Time since last: 1004259567 ns, Reaching safepoint: 336064 ns, At safepoint: 7244 ns, Total: 343308 ns
[2021-11-03T04:23:31.743+0000][7][safepoint    ] Safepoint "Cleanup", Time since last: 1005237169 ns, Reaching safepoint: 239113 ns, At safepoint: 6680 ns, Total: 245793 ns
[2021-11-03T04:23:32.745+0000][7][safepoint    ] Safepoint "Cleanup", Time since last: 1002444386 ns, Reaching safepoint: 281770 ns, At safepoint: 7872 ns, Total: 289642 ns
[2021-11-03T04:23:33.752+0000][7][safepoint    ] Safepoint "Cleanup", Time since last: 1006032350 ns, Reaching safepoint: 173075 ns, At safepoint: 6332 ns, Total: 179407 ns
[2021-11-03T04:23:34.756+0000][7][safepoint    ] Safepoint "Cleanup", Time since last: 1004570606 ns, Reaching safepoint: 213999 ns, At safepoint: 6118 ns, Total: 220117 ns
[2021-11-03T04:23:35.749+0000][7][safepoint    ] Safepoint "Cleanup", Time since last: 1012807288 ns, Reaching safepoint: 168782 ns, At safepoint: 6525 ns, Total: 175307 ns
[2021-11-03T04:23:36.757+0000][7][safepoint    ] Safepoint "Cleanup", Time since last: 1008203839 ns, Reaching safepoint: 173630 ns, At safepoint: 6280 ns, Total: 179910 ns
[2021-11-03T04:23:37.765+0000][7][safepoint    ] Safepoint "Cleanup", Time since last: 1007521900 ns, Reaching safepoint: 171507 ns, At safepoint: 6085 ns, Total: 177592 ns
[2021-11-03T04:23:38.769+0000][7][safepoint    ] Safepoint "Cleanup", Time since last: 1003739187 ns, Reaching safepoint: 180563 ns, At safepoint: 6684 ns, Total: 187247 ns
[2021-11-03T04:23:39.772+0000][7][safepoint    ] Safepoint "Cleanup", Time since last: 1003497395 ns, Reaching safepoint: 165616 ns, At safepoint: 6376 ns, Total: 171992 ns
[2021-11-03T04:23:40.776+0000][7][safepoint    ] Safepoint "Cleanup", Time since last: 1003665993 ns, Reaching safepoint: 343894 ns, At safepoint: 8202 ns, Total: 352096 ns
[2021-11-03T04:23:41.781+0000][7][safepoint    ] Safepoint "Cleanup", Time since last: 1004931775 ns, Reaching safepoint: 171545 ns, At safepoint: 6389 ns, Total: 177934 ns
[2021-11-03T04:23:42.787+0000][7][safepoint    ] Safepoint "Cleanup", Time since last: 1005466728 ns, Reaching safepoint: 173431 ns, At safepoint: 6245 ns, Total: 179676 ns
[2021-11-03T04:23:43.790+0000][7][safepoint    ] Safepoint "Cleanup", Time since last: 1003144592 ns, Reaching safepoint: 177040 ns, At safepoint: 7379 ns, Total: 184419 ns
[2021-11-03T04:23:44.794+0000][7][safepoint    ] Safepoint "Cleanup", Time since last: 1003885165 ns, Reaching safepoint: 255962 ns, At safepoint: 7978 ns, Total: 263940 ns
[2021-11-03T04:23:45.798+0000][7][safepoint    ] Safepoint "Cleanup", Time since last: 1003208228 ns, Reaching safepoint: 178919 ns, At safepoint: 7170 ns, Total: 186089 ns
[2021-11-03T04:23:46.805+0000][7][safepoint    ] Safepoint "Cleanup", Time since last: 1006195145 ns, Reaching safepoint: 823065 ns, At safepoint: 22188 ns, Total: 845253 ns
[2021-11-03T04:23:47.815+0000][7][safepoint    ] Safepoint "Cleanup", Time since last: 1009925546 ns, Reaching safepoint: 235296 ns, At safepoint: 6179 ns, Total: 241475 ns
[2021-11-03T04:23:48.818+0000][7][safepoint    ] Safepoint "Cleanup", Time since last: 1001886646 ns, Reaching safepoint: 742354 ns, At safepoint: 17589 ns, Total: 759943 ns
[2021-11-03T04:23:49.829+0000][7][safepoint    ] Safepoint "Cleanup", Time since last: 1010883781 ns, Reaching safepoint: 503873 ns, At safepoint: 11452 ns, Total: 515325 ns
[2021-11-03T04:23:50.836+0000][7][safepoint    ] Safepoint "Cleanup", Time since last: 1006147634 ns, Reaching safepoint: 237130 ns, At safepoint: 6847 ns, Total: 243977 ns
[2021-11-03T04:23:51.839+0000][7][safepoint    ] Safepoint "Cleanup", Time since last: 1003175122 ns, Reaching safepoint: 426570 ns, At safepoint: 10492 ns, Total: 437062 ns
[2021-11-03T04:23:52.846+0000][7][safepoint    ] Safepoint "Cleanup", Time since last: 1006234723 ns, Reaching safepoint: 227763 ns, At safepoint: 6827 ns, Total: 234590 ns
[2021-11-03T04:23:53.849+0000][7][safepoint    ] Safepoint "Cleanup", Time since last: 1003091055 ns, Reaching safepoint: 190913 ns, At safepoint: 3687 ns, Total: 194600 ns
[2021-11-03T04:23:54.851+0000][7][safepoint    ] Safepoint "Cleanup", Time since last: 1001783574 ns, Reaching safepoint: 254134 ns, At safepoint: 6866 ns, Total: 261000 ns
[2021-11-03T04:23:55.856+0000][7][safepoint    ] Safepoint "Cleanup", Time since last: 1004966835 ns, Reaching safepoint: 370189 ns, At safepoint: 9407 ns, Total: 379596 ns
[2021-11-03T04:23:56.859+0000][7][safepoint    ] Safepoint "Cleanup", Time since last: 1002495175 ns, Reaching safepoint: 223270 ns, At safepoint: 7257 ns, Total: 230527 ns
[2021-11-03T04:23:57.862+0000][7][safepoint    ] Safepoint "Cleanup", Time since last: 1002636607 ns, Reaching safepoint: 189925 ns, At safepoint: 5899 ns, Total: 195824 ns
[2021-11-03T04:23:58.865+0000][7][safepoint    ] Safepoint "Cleanup", Time since last: 1003023374 ns, Reaching safepoint: 175598 ns, At safepoint: 6234 ns, Total: 181832 ns
[2021-11-03T04:23:59.868+0000][7][safepoint    ] Safepoint "Cleanup", Time since last: 1003156580 ns, Reaching safepoint: 169764 ns, At safepoint: 5754 ns, Total: 175518 ns
[2021-11-03T04:24:00.872+0000][7][safepoint    ] Safepoint "Cleanup", Time since last: 1003131125 ns, Reaching safepoint: 180621 ns, At safepoint: 6095 ns, Total: 186716 ns
[2021-11-03T04:24:01.874+0000][7][safepoint    ] Safepoint "Cleanup", Time since last: 1002538406 ns, Reaching safepoint: 211050 ns, At safepoint: 5740 ns, Total: 216790 ns
[2021-11-03T04:24:02.876+0000][7][safepoint    ] Safepoint "Cleanup", Time since last: 1001527307 ns, Reaching safepoint: 270919 ns, At safepoint: 5326 ns, Total: 276245 ns
[2021-11-03T04:24:03.879+0000][7][safepoint    ] Safepoint "Cleanup", Time since last: 1002745624 ns, Reaching safepoint: 273745 ns, At safepoint: 7553 ns, Total: 281298 ns
[2021-11-03T04:24:04.864+0000][7][safepoint    ] Safepoint "Cleanup", Time since last: 1005803565 ns, Reaching safepoint: 170217 ns, At safepoint: 6567 ns, Total: 176784 ns
[2021-11-03T04:24:05.867+0000][7][safepoint    ] Safepoint "Cleanup", Time since last: 1002622366 ns, Reaching safepoint: 627526 ns, At safepoint: 72317 ns, Total: 699843 ns
[2021-11-03T04:24:06.879+0000][7][safepoint    ] Safepoint "Cleanup", Time since last: 1011233593 ns, Reaching safepoint: 264699 ns, At safepoint: 11859 ns, Total: 276558 ns
[2021-11-03T04:24:07.889+0000][7][safepoint    ] Safepoint "Cleanup", Time since last: 1009582628 ns, Reaching safepoint: 254548 ns, At safepoint: 11616 ns, Total: 266164 ns
[2021-11-03T04:24:08.892+0000][7][safepoint    ] Safepoint "Cleanup", Time since last: 1003187251 ns, Reaching safepoint: 99595 ns, At safepoint: 2863 ns, Total: 102458 ns
[2021-11-03T04:24:09.896+0000][7][safepoint    ] Safepoint "Cleanup", Time since last: 1003115476 ns, Reaching safepoint: 266862 ns, At safepoint: 7277 ns, Total: 274139 ns
[2021-11-03T04:24:10.904+0000][7][safepoint    ] Safepoint "Cleanup", Time since last: 1007817835 ns, Reaching safepoint: 322264 ns, At safepoint: 7372 ns, Total: 329636 ns
[2021-11-03T04:24:11.907+0000][7][safepoint    ] Safepoint "Cleanup", Time since last: 1003111670 ns, Reaching safepoint: 357253 ns, At safepoint: 7935 ns, Total: 365188 ns
[2021-11-03T04:24:12.910+0000][7][safepoint    ] Safepoint "Cleanup", Time since last: 1002870860 ns, Reaching safepoint: 416415 ns, At safepoint: 10465 ns, Total: 426880 ns
[2021-11-03T04:24:13.914+0000][7][safepoint    ] Safepoint "Cleanup", Time since last: 1003855030 ns, Reaching safepoint: 107087 ns, At safepoint: 2670 ns, Total: 109757 ns
[2021-11-03T04:24:14.916+0000][7][safepoint    ] Safepoint "Cleanup", Time since last: 1001835440 ns, Reaching safepoint: 243915 ns, At safepoint: 6813 ns, Total: 250728 ns
[2021-11-03T04:24:15.923+0000][7][safepoint    ] Safepoint "Cleanup", Time since last: 1006019046 ns, Reaching safepoint: 510757 ns, At safepoint: 21293 ns, Total: 532050 ns
[2021-11-03T04:24:16.931+0000][7][safepoint    ] Safepoint "Cleanup", Time since last: 1007103415 ns, Reaching safepoint: 616047 ns, At safepoint: 20568 ns, Total: 636615 ns
[2021-11-03T04:24:17.937+0000][7][safepoint    ] Safepoint "Cleanup", Time since last: 1006023885 ns, Reaching safepoint: 388230 ns, At safepoint: 10312 ns, Total: 398542 ns
[2021-11-03T04:24:18.945+0000][7][safepoint    ] Safepoint "Cleanup", Time since last: 1007823748 ns, Reaching safepoint: 235657 ns, At safepoint: 6019 ns, Total: 241676 ns
[2021-11-03T04:24:19.948+0000][7][safepoint    ] Safepoint "Cleanup", Time since last: 1002396026 ns, Reaching safepoint: 242179 ns, At safepoint: 6750 ns, Total: 248929 ns
[2021-11-03T04:24:20.955+0000][7][safepoint    ] Safepoint "Cleanup", Time since last: 1006406242 ns, Reaching safepoint: 213831 ns, At safepoint: 6520 ns, Total: 220351 ns
[2021-11-03T04:24:21.957+0000][7][safepoint    ] Safepoint "Cleanup", Time since last: 1002705757 ns, Reaching safepoint: 229543 ns, At safepoint: 6549 ns, Total: 236092 ns
[2021-11-03T04:24:22.967+0000][7][safepoint    ] Safepoint "Cleanup", Time since last: 1009099196 ns, Reaching safepoint: 184735 ns, At safepoint: 6834 ns, Total: 191569 ns
[2021-11-03T04:24:23.971+0000][7][safepoint    ] Safepoint "Cleanup", Time since last: 1003976795 ns, Reaching safepoint: 316899 ns, At safepoint: 9079 ns, Total: 325978 ns
[2021-11-03T04:24:24.974+0000][7][safepoint    ] Safepoint "Cleanup", Time since last: 1002764868 ns, Reaching safepoint: 327103 ns, At safepoint: 7218 ns, Total: 334321 ns
[2021-11-03T04:24:25.977+0000][7][safepoint    ] Safepoint "Cleanup", Time since last: 1003046398 ns, Reaching safepoint: 226954 ns, At safepoint: 12678 ns, Total: 239632 ns
[2021-11-03T04:24:26.982+0000][7][safepoint    ] Safepoint "Cleanup", Time since last: 1004223990 ns, Reaching safepoint: 242058 ns, At safepoint: 6130 ns, Total: 248188 ns
[2021-11-03T04:24:27.985+0000][7][safepoint    ] Safepoint "Cleanup", Time since last: 1003154480 ns, Reaching safepoint: 239471 ns, At safepoint: 11228 ns, Total: 250699 ns
[2021-11-03T04:24:28.988+0000][7][safepoint    ] Safepoint "Cleanup", Time since last: 1002345588 ns, Reaching safepoint: 178201 ns, At safepoint: 5887 ns, Total: 184088 ns
[2021-11-03T04:24:29.992+0000][7][safepoint    ] Safepoint "Cleanup", Time since last: 1004012718 ns, Reaching safepoint: 453052 ns, At safepoint: 12868 ns, Total: 465920 ns
[2021-11-03T04:24:30.994+0000][7][safepoint    ] Safepoint "Cleanup", Time since last: 1001906650 ns, Reaching safepoint: 171142 ns, At safepoint: 5395 ns, Total: 176537 ns
[2021-11-03T04:24:31.997+0000][7][safepoint    ] Safepoint "Cleanup", Time since last: 1002499309 ns, Reaching safepoint: 170057 ns, At safepoint: 6666 ns, Total: 176723 ns
[2021-11-03T04:24:33.000+0000][7][safepoint    ] Safepoint "Cleanup", Time since last: 1002395248 ns, Reaching safepoint: 152691 ns, At safepoint: 4052 ns, Total: 156743 ns
[2021-11-03T04:24:34.005+0000][7][safepoint    ] Safepoint "Cleanup", Time since last: 1004866199 ns, Reaching safepoint: 158814 ns, At safepoint: 5853 ns, Total: 164667 ns
[2021-11-03T04:24:34.988+0000][7][safepoint    ] Safepoint "Cleanup", Time since last: 1004003387 ns, Reaching safepoint: 173187 ns, At safepoint: 6142 ns, Total: 179329 ns
[2021-11-03T04:24:35.990+0000][7][safepoint    ] Safepoint "Cleanup", Time since last: 1002197723 ns, Reaching safepoint: 167652 ns, At safepoint: 6743 ns, Total: 174395 ns
[2021-11-03T04:24:36.996+0000][7][safepoint    ] Safepoint "Cleanup", Time since last: 1005884295 ns, Reaching safepoint: 166539 ns, At safepoint: 3655 ns, Total: 170194 ns
[2021-11-03T04:24:37.998+0000][7][safepoint    ] Safepoint "Cleanup", Time since last: 1000995951 ns, Reaching safepoint: 203918 ns, At safepoint: 3952 ns, Total: 207870 ns
[2021-11-03T04:24:39.001+0000][7][safepoint    ] Safepoint "Cleanup", Time since last: 1003115596 ns, Reaching safepoint: 235366 ns, At safepoint: 6431 ns, Total: 241797 ns
[2021-11-03T04:24:40.008+0000][7][safepoint    ] Safepoint "Cleanup", Time since last: 1006318328 ns, Reaching safepoint: 478979 ns, At safepoint: 75187 ns, Total: 554166 ns
[2021-11-03T04:24:41.011+0000][7][safepoint    ] Safepoint "Cleanup", Time since last: 1003199982 ns, Reaching safepoint: 459612 ns, At safepoint: 10967 ns, Total: 470579 ns
[2021-11-03T04:24:42.015+0000][7][safepoint    ] Safepoint "Cleanup", Time since last: 1003226591 ns, Reaching safepoint: 405470 ns, At safepoint: 9532 ns, Total: 415002 ns
[2021-11-03T04:24:43.017+0000][7][safepoint    ] Safepoint "Cleanup", Time since last: 1001944506 ns, Reaching safepoint: 289459 ns, At safepoint: 6629 ns, Total: 296088 ns
[2021-11-03T04:24:44.020+0000][7][safepoint    ] Safepoint "Cleanup", Time since last: 1002867525 ns, Reaching safepoint: 293360 ns, At safepoint: 6191 ns, Total: 299551 ns
[2021-11-03T04:24:45.026+0000][7][safepoint    ] Safepoint "Cleanup", Time since last: 1005002605 ns, Reaching safepoint: 294305 ns, At safepoint: 6304 ns, Total: 300609 ns
[2021-11-03T04:24:46.029+0000][7][safepoint    ] Safepoint "Cleanup", Time since last: 1002799134 ns, Reaching safepoint: 299886 ns, At safepoint: 6775 ns, Total: 306661 ns
[2021-11-03T04:24:47.033+0000][7][safepoint    ] Safepoint "Cleanup", Time since last: 1003552336 ns, Reaching safepoint: 312402 ns, At safepoint: 11387 ns, Total: 323789 ns
[2021-11-03T04:24:48.036+0000][7][safepoint    ] Safepoint "Cleanup", Time since last: 1003269079 ns, Reaching safepoint: 294144 ns, At safepoint: 7136 ns, Total: 301280 ns
[2021-11-03T04:24:49.042+0000][7][safepoint    ] Safepoint "Cleanup", Time since last: 1005367379 ns, Reaching safepoint: 296570 ns, At safepoint: 7088 ns, Total: 303658 ns
[2021-11-03T04:24:50.046+0000][7][safepoint    ] Safepoint "Cleanup", Time since last: 1003377952 ns, Reaching safepoint: 398915 ns, At safepoint: 8113 ns, Total: 407028 ns
[2021-11-03T04:24:51.050+0000][7][safepoint    ] Safepoint "Cleanup", Time since last: 1003447457 ns, Reaching safepoint: 354087 ns, At safepoint: 11291 ns, Total: 365378 ns
[2021-11-03T04:24:52.054+0000][7][safepoint    ] Safepoint "Cleanup", Time since last: 1004306931 ns, Reaching safepoint: 430983 ns, At safepoint: 7299 ns, Total: 438282 ns
[2021-11-03T04:24:53.060+0000][7][safepoint    ] Safepoint "Cleanup", Time since last: 1005065698 ns, Reaching safepoint: 503077 ns, At safepoint: 107676 ns, Total: 610753 ns
[2021-11-03T04:24:54.065+0000][7][safepoint    ] Safepoint "Cleanup", Time since last: 1004033718 ns, Reaching safepoint: 611222 ns, At safepoint: 19372 ns, Total: 630594 ns
[2021-11-03T04:24:55.068+0000][7][safepoint    ] Safepoint "Cleanup", Time since last: 1002312745 ns, Reaching safepoint: 557506 ns, At safepoint: 19124 ns, Total: 576630 ns
[2021-11-03T04:24:56.070+0000][7][safepoint    ] Safepoint "Cleanup", Time since last: 1002342357 ns, Reaching safepoint: 345489 ns, At safepoint: 6353 ns, Total: 351842 ns
[2021-11-03T04:24:57.073+0000][7][safepoint    ] Safepoint "Cleanup", Time since last: 1001956151 ns, Reaching safepoint: 595654 ns, At safepoint: 21387 ns, Total: 617041 ns
[2021-11-03T04:24:58.077+0000][7][safepoint    ] Safepoint "Cleanup", Time since last: 1003077124 ns, Reaching safepoint: 685150 ns, At safepoint: 23548 ns, Total: 708698 ns
[2021-11-03T04:24:59.080+0000][7][safepoint    ] Safepoint "Cleanup", Time since last: 1002769062 ns, Reaching safepoint: 205371 ns, At safepoint: 6642 ns, Total: 212013 ns
[2021-11-03T04:25:00.085+0000][7][safepoint    ] Safepoint "Cleanup", Time since last: 1005229604 ns, Reaching safepoint: 343333 ns, At safepoint: 8427 ns, Total: 351760 ns
[2021-11-03T04:25:01.089+0000][7][safepoint    ] Safepoint "Cleanup", Time since last: 1003393182 ns, Reaching safepoint: 181193 ns, At safepoint: 6204 ns, Total: 187397 ns
[2021-11-03T04:25:02.093+0000][7][safepoint    ] Safepoint "Cleanup", Time since last: 1004464818 ns, Reaching safepoint: 176376 ns, At safepoint: 6900 ns, Total: 183276 ns
[2021-11-03T04:25:03.096+0000][7][safepoint    ] Safepoint "Cleanup", Time since last: 1002495834 ns, Reaching safepoint: 279905 ns, At safepoint: 7260 ns, Total: 287165 ns
[2021-11-03T04:25:04.104+0000][7][safepoint    ] Safepoint "Cleanup", Time since last: 1007469762 ns, Reaching safepoint: 179349 ns, At safepoint: 74057 ns, Total: 253406 ns
[2021-11-03T04:25:05.086+0000][7][safepoint    ] Safepoint "Cleanup", Time since last: 1002688723 ns, Reaching safepoint: 177178 ns, At safepoint: 6755 ns, Total: 183933 ns
[2021-11-03T04:25:06.089+0000][7][safepoint    ] Safepoint "Cleanup", Time since last: 1002541512 ns, Reaching safepoint: 167533 ns, At safepoint: 5948 ns, Total: 173481 ns
[2021-11-03T04:25:07.092+0000][7][safepoint    ] Safepoint "Cleanup", Time since last: 1003113858 ns, Reaching safepoint: 157663 ns, At safepoint: 6108 ns, Total: 163771 ns
[2021-11-03T04:25:08.095+0000][7][safepoint    ] Safepoint "Cleanup", Time since last: 1003348681 ns, Reaching safepoint: 162866 ns, At safepoint: 4185 ns, Total: 167051 ns
[2021-11-03T04:25:09.097+0000][7][safepoint    ] Safepoint "Cleanup", Time since last: 1001820862 ns, Reaching safepoint: 179956 ns, At safepoint: 6424 ns, Total: 186380 ns
[2021-11-03T04:25:10.101+0000][7][safepoint    ] Safepoint "Cleanup", Time since last: 1003814710 ns, Reaching safepoint: 176434 ns, At safepoint: 6662 ns, Total: 183096 ns
[2021-11-03T04:25:11.107+0000][7][safepoint    ] Safepoint "Cleanup", Time since last: 1005474761 ns, Reaching safepoint: 170380 ns, At safepoint: 6240 ns, Total: 176620 ns
[2021-11-03T04:25:12.110+0000][7][safepoint    ] Safepoint "Cleanup", Time since last: 1002416341 ns, Reaching safepoint: 174012 ns, At safepoint: 6415 ns, Total: 180427 ns
[2021-11-03T04:25:13.114+0000][7][safepoint    ] Safepoint "Cleanup", Time since last: 1004121839 ns, Reaching safepoint: 172912 ns, At safepoint: 6561 ns, Total: 179473 ns
[2021-11-03T04:25:14.118+0000][7][safepoint    ] Safepoint "Cleanup", Time since last: 1004290870 ns, Reaching safepoint: 166941 ns, At safepoint: 6372 ns, Total: 173313 ns
[2021-11-03T04:25:15.123+0000][7][safepoint    ] Safepoint "Cleanup", Time since last: 1003592527 ns, Reaching safepoint: 494991 ns, At safepoint: 8445 ns, Total: 503436 ns
[2021-11-03T04:25:16.129+0000][7][safepoint    ] Safepoint "Cleanup", Time since last: 1006193901 ns, Reaching safepoint: 155439 ns, At safepoint: 9028 ns, Total: 164467 ns
[2021-11-03T04:25:17.133+0000][7][safepoint    ] Safepoint "Cleanup", Time since last: 1003730977 ns, Reaching safepoint: 256820 ns, At safepoint: 9343 ns, Total: 266163 ns
[2021-11-03T04:25:18.140+0000][7][safepoint    ] Safepoint "Cleanup", Time since last: 1006560684 ns, Reaching safepoint: 236591 ns, At safepoint: 6887 ns, Total: 243478 ns
[2021-11-03T04:25:19.143+0000][7][safepoint    ] Safepoint "Cleanup", Time since last: 1002667154 ns, Reaching safepoint: 180604 ns, At safepoint: 6889 ns, Total: 187493 ns
[2021-11-03T04:25:20.146+0000][7][safepoint    ] Safepoint "Cleanup", Time since last: 1003623520 ns, Reaching safepoint: 170764 ns, At safepoint: 6095 ns, Total: 176859 ns
[2021-11-03T04:25:21.150+0000][7][safepoint    ] Safepoint "Cleanup", Time since last: 1002682278 ns, Reaching safepoint: 687765 ns, At safepoint: 23549 ns, Total: 711314 ns
[2021-11-03T04:25:22.156+0000][7][safepoint    ] Safepoint "Cleanup", Time since last: 1005937581 ns, Reaching safepoint: 171657 ns, At safepoint: 6894 ns, Total: 178551 ns
[2021-11-03T04:25:23.159+0000][7][safepoint    ] Safepoint "Cleanup", Time since last: 1002699189 ns, Reaching safepoint: 233934 ns, At safepoint: 6447 ns, Total: 240381 ns
[2021-11-03T04:25:24.167+0000][7][safepoint    ] Safepoint "Cleanup", Time since last: 1007358213 ns, Reaching safepoint: 601886 ns, At safepoint: 17110 ns, Total: 618996 ns
[2021-11-03T04:25:25.173+0000][7][safepoint    ] Safepoint "Cleanup", Time since last: 1005724846 ns, Reaching safepoint: 460266 ns, At safepoint: 9376 ns, Total: 469642 ns
[2021-11-03T04:25:26.176+0000][7][safepoint    ] Safepoint "Cleanup", Time since last: 1002714206 ns, Reaching safepoint: 275131 ns, At safepoint: 12188 ns, Total: 287319 ns
[2021-11-03T04:25:27.186+0000][7][safepoint    ] Safepoint "Cleanup", Time since last: 1009115924 ns, Reaching safepoint: 372888 ns, At safepoint: 11916 ns, Total: 384804 ns
[2021-11-03T04:25:28.189+0000][7][safepoint    ] Safepoint "Cleanup", Time since last: 1002923768 ns, Reaching safepoint: 488851 ns, At safepoint: 8582 ns, Total: 497433 ns
[2021-11-03T04:25:29.197+0000][7][safepoint    ] Safepoint "Cleanup", Time since last: 1007742391 ns, Reaching safepoint: 664188 ns, At safepoint: 20359 ns, Total: 684547 ns
[2021-11-03T04:25:30.200+0000][7][safepoint    ] Safepoint "Cleanup", Time since last: 1002560288 ns, Reaching safepoint: 406470 ns, At safepoint: 10076 ns, Total: 416546 ns
[2021-11-03T04:25:31.205+0000][7][safepoint    ] Safepoint "Cleanup", Time since last: 1004166121 ns, Reaching safepoint: 966392 ns, At safepoint: 20013 ns, Total: 986405 ns
[2021-11-03T04:25:32.211+0000][7][safepoint    ] Safepoint "Cleanup", Time since last: 1005263763 ns, Reaching safepoint: 566324 ns, At safepoint: 10248 ns, Total: 576572 ns
[2021-11-03T04:25:33.215+0000][7][safepoint    ] Safepoint "Cleanup", Time since last: 1003690525 ns, Reaching safepoint: 391633 ns, At safepoint: 8530 ns, Total: 400163 ns
[2021-11-03T04:25:34.226+0000][7][safepoint    ] Safepoint "Cleanup", Time since last: 1009494142 ns, Reaching safepoint: 477782 ns, At safepoint: 78640 ns, Total: 556422 ns
[2021-11-03T04:25:35.220+0000][7][safepoint    ] Safepoint "Cleanup", Time since last: 1005768267 ns, Reaching safepoint: 246681 ns, At safepoint: 7723 ns, Total: 254404 ns
[2021-11-03T04:25:36.226+0000][7][safepoint    ] Safepoint "Cleanup", Time since last: 1006649019 ns, Reaching safepoint: 239510 ns, At safepoint: 6625 ns, Total: 246135 ns
[2021-11-03T04:25:37.230+0000][7][safepoint    ] Safepoint "Cleanup", Time since last: 1003494648 ns, Reaching safepoint: 155113 ns, At safepoint: 3518 ns, Total: 158631 ns
[2021-11-03T04:25:38.237+0000][7][safepoint    ] Safepoint "Cleanup", Time since last: 1006225237 ns, Reaching safepoint: 295001 ns, At safepoint: 7061 ns, Total: 302062 ns
[2021-11-03T04:25:39.243+0000][7][safepoint    ] Safepoint "Cleanup", Time since last: 1006367664 ns, Reaching safepoint: 406293 ns, At safepoint: 8092 ns, Total: 414385 ns
[2021-11-03T04:25:40.247+0000][7][safepoint    ] Safepoint "Cleanup", Time since last: 1003692659 ns, Reaching safepoint: 324778 ns, At safepoint: 7191 ns, Total: 331969 ns
[2021-11-03T04:25:41.252+0000][7][safepoint    ] Safepoint "Cleanup", Time since last: 1004186391 ns, Reaching safepoint: 280557 ns, At safepoint: 6124 ns, Total: 286681 ns
[2021-11-03T04:25:42.255+0000][7][safepoint    ] Safepoint "Cleanup", Time since last: 1002048240 ns, Reaching safepoint: 653136 ns, At safepoint: 16410 ns, Total: 669546 ns
[2021-11-03T04:25:43.258+0000][7][safepoint    ] Safepoint "Cleanup", Time since last: 1002748513 ns, Reaching safepoint: 428006 ns, At safepoint: 11833 ns, Total: 439839 ns
[2021-11-03T04:25:44.262+0000][7][safepoint    ] Safepoint "Cleanup", Time since last: 1003451995 ns, Reaching safepoint: 479069 ns, At safepoint: 9286 ns, Total: 488355 ns
[2021-11-03T04:25:45.270+0000][7][safepoint    ] Safepoint "Cleanup", Time since last: 1007712656 ns, Reaching safepoint: 434648 ns, At safepoint: 10828 ns, Total: 445476 ns
[2021-11-03T04:25:46.274+0000][7][safepoint    ] Safepoint "Cleanup", Time since last: 1003752357 ns, Reaching safepoint: 588195 ns, At safepoint: 17747 ns, Total: 605942 ns
[2021-11-03T04:25:47.282+0000][7][safepoint    ] Safepoint "Cleanup", Time since last: 1007531322 ns, Reaching safepoint: 244135 ns, At safepoint: 7574 ns, Total: 251709 ns
[2021-11-03T04:25:48.290+0000][7][safepoint    ] Safepoint "Cleanup", Time since last: 1007815537 ns, Reaching safepoint: 224308 ns, At safepoint: 6141 ns, Total: 230449 ns
[2021-11-03T04:25:49.299+0000][7][safepoint    ] Safepoint "Cleanup", Time since last: 1008038018 ns, Reaching safepoint: 554681 ns, At safepoint: 11805 ns, Total: 566486 ns
[2021-11-03T04:25:50.304+0000][7][safepoint    ] Safepoint "Cleanup", Time since last: 1004453792 ns, Reaching safepoint: 347415 ns, At safepoint: 7622 ns, Total: 355037 ns
[2021-11-03T04:25:51.307+0000][7][safepoint    ] Safepoint "Cleanup", Time since last: 1002850238 ns, Reaching safepoint: 230291 ns, At safepoint: 5741 ns, Total: 236032 ns
[2021-11-03T04:25:52.309+0000][7][safepoint    ] Safepoint "Cleanup", Time since last: 1002179757 ns, Reaching safepoint: 173920 ns, At safepoint: 5649 ns, Total: 179569 ns
[2021-11-03T04:25:53.312+0000][7][safepoint    ] Safepoint "Cleanup", Time since last: 1002661096 ns, Reaching safepoint: 555948 ns, At safepoint: 18841 ns, Total: 574789 ns
[2021-11-03T04:25:54.316+0000][7][safepoint    ] Safepoint "Cleanup", Time since last: 1003134078 ns, Reaching safepoint: 170756 ns, At safepoint: 5924 ns, Total: 176680 ns
[2021-11-03T04:25:55.323+0000][7][safepoint    ] Safepoint "Cleanup", Time since last: 1007591873 ns, Reaching safepoint: 270465 ns, At safepoint: 3994 ns, Total: 274459 ns
[2021-11-03T04:25:56.332+0000][7][safepoint    ] Safepoint "Cleanup", Time since last: 1007685667 ns, Reaching safepoint: 531518 ns, At safepoint: 60778 ns, Total: 592296 ns
[2021-11-03T04:25:57.338+0000][7][safepoint    ] Safepoint "Cleanup", Time since last: 1005673187 ns, Reaching safepoint: 351474 ns, At safepoint: 8699 ns, Total: 360173 ns
[2021-11-03T04:25:58.345+0000][7][safepoint    ] Safepoint "Cleanup", Time since last: 1006969471 ns, Reaching safepoint: 142686 ns, At safepoint: 4901 ns, Total: 147587 ns
[2021-11-03T04:25:59.347+0000][7][safepoint    ] Safepoint "Cleanup", Time since last: 1001886243 ns, Reaching safepoint: 273277 ns, At safepoint: 6880 ns, Total: 280157 ns
[2021-11-03T04:26:00.354+0000][7][safepoint    ] Safepoint "Cleanup", Time since last: 1007059911 ns, Reaching safepoint: 194973 ns, At safepoint: 71377 ns, Total: 266350 ns
[2021-11-03T04:26:01.363+0000][7][safepoint    ] Safepoint "Cleanup", Time since last: 1008504745 ns, Reaching safepoint: 187143 ns, At safepoint: 5490 ns, Total: 192633 ns
[2021-11-03T04:26:02.372+0000][7][safepoint    ] Safepoint "Cleanup", Time since last: 1009060279 ns, Reaching safepoint: 354685 ns, At safepoint: 6607 ns, Total: 361292 ns
[2021-11-03T04:26:03.383+0000][7][safepoint    ] Safepoint "Cleanup", Time since last: 1009603655 ns, Reaching safepoint: 431269 ns, At safepoint: 7278 ns, Total: 438547 ns
[2021-11-03T04:26:04.387+0000][7][safepoint    ] Safepoint "Cleanup", Time since last: 1004243237 ns, Reaching safepoint: 610237 ns, At safepoint: 21186 ns, Total: 631423 ns
[2021-11-03T04:26:05.370+0000][7][safepoint    ] Safepoint "Cleanup", Time since last: 1001971633 ns, Reaching safepoint: 410758 ns, At safepoint: 11277 ns, Total: 422035 ns
[2021-11-03T04:26:06.375+0000][7][safepoint    ] Safepoint "Cleanup", Time since last: 1004679115 ns, Reaching safepoint: 175981 ns, At safepoint: 6765 ns, Total: 182746 ns
[2021-11-03T04:26:07.378+0000][7][safepoint    ] Safepoint "Cleanup", Time since last: 1002497929 ns, Reaching safepoint: 149373 ns, At safepoint: 2938 ns, Total: 152311 ns
[2021-11-03T04:26:08.380+0000][7][safepoint    ] Safepoint "Cleanup", Time since last: 1002213696 ns, Reaching safepoint: 176852 ns, At safepoint: 6180 ns, Total: 183032 ns
[2021-11-03T04:26:09.384+0000][7][safepoint    ] Safepoint "Cleanup", Time since last: 1003741490 ns, Reaching safepoint: 233410 ns, At safepoint: 5764 ns, Total: 239174 ns
[2021-11-03T04:26:10.395+0000][7][safepoint    ] Safepoint "Cleanup", Time since last: 1010340495 ns, Reaching safepoint: 928975 ns, At safepoint: 16736 ns, Total: 945711 ns
[2021-11-03T04:26:11.399+0000][7][safepoint    ] Safepoint "Cleanup", Time since last: 1003902563 ns, Reaching safepoint: 286541 ns, At safepoint: 6306 ns, Total: 292847 ns
[2021-11-03T04:26:12.403+0000][7][safepoint    ] Safepoint "Cleanup", Time since last: 1002724010 ns, Reaching safepoint: 317001 ns, At safepoint: 9583 ns, Total: 326584 ns
[2021-11-03T04:26:13.409+0000][7][safepoint    ] Safepoint "Cleanup", Time since last: 1006454005 ns, Reaching safepoint: 232719 ns, At safepoint: 6623 ns, Total: 239342 ns
[2021-11-03T04:26:14.418+0000][7][safepoint    ] Safepoint "Cleanup", Time since last: 1008657487 ns, Reaching safepoint: 248193 ns, At safepoint: 7658 ns, Total: 255851 ns
[2021-11-03T04:26:15.422+0000][7][safepoint    ] Safepoint "Cleanup", Time since last: 1003220094 ns, Reaching safepoint: 426133 ns, At safepoint: 8478 ns, Total: 434611 ns
[2021-11-03T04:26:16.434+0000][7][safepoint    ] Safepoint "Cleanup", Time since last: 1011544638 ns, Reaching safepoint: 504980 ns, At safepoint: 17928 ns, Total: 522908 ns
[2021-11-03T04:26:17.437+0000][7][safepoint    ] Safepoint "Cleanup", Time since last: 1002310463 ns, Reaching safepoint: 533935 ns, At safepoint: 10740 ns, Total: 544675 ns
[2021-11-03T04:26:18.439+0000][7][safepoint    ] Safepoint "Cleanup", Time since last: 1002338521 ns, Reaching safepoint: 178606 ns, At safepoint: 3807 ns, Total: 182413 ns
[2021-11-03T04:26:19.442+0000][7][safepoint    ] Safepoint "Cleanup", Time since last: 1002600981 ns, Reaching safepoint: 235932 ns, At safepoint: 6320 ns, Total: 242252 ns
[2021-11-03T04:26:20.445+0000][7][safepoint    ] Safepoint "Cleanup", Time since last: 1002735929 ns, Reaching safepoint: 232001 ns, At safepoint: 6693 ns, Total: 238694 ns
[2021-11-03T04:26:21.447+0000][7][safepoint    ] Safepoint "Cleanup", Time since last: 1001957558 ns, Reaching safepoint: 230291 ns, At safepoint: 6848 ns, Total: 237139 ns
[2021-11-03T04:26:22.451+0000][7][safepoint    ] Safepoint "Cleanup", Time since last: 1003325670 ns, Reaching safepoint: 195093 ns, At safepoint: 4786 ns, Total: 199879 ns
[2021-11-03T04:26:23.453+0000][7][safepoint    ] Safepoint "Cleanup", Time since last: 1001567838 ns, Reaching safepoint: 307048 ns, At safepoint: 6524 ns, Total: 313572 ns
[2021-11-03T04:26:24.455+0000][7][safepoint    ] Safepoint "Cleanup", Time since last: 1001806808 ns, Reaching safepoint: 387847 ns, At safepoint: 10890 ns, Total: 398737 ns
[2021-11-03T04:26:25.461+0000][7][safepoint    ] Safepoint "Cleanup", Time since last: 1005742143 ns, Reaching safepoint: 287986 ns, At safepoint: 6614 ns, Total: 294600 ns
[2021-11-03T04:26:26.474+0000][7][safepoint    ] Safepoint "Cleanup", Time since last: 1012915386 ns, Reaching safepoint: 643614 ns, At safepoint: 15451 ns, Total: 659065 ns
[2021-11-03T04:26:27.477+0000][7][safepoint    ] Safepoint "Cleanup", Time since last: 1002728081 ns, Reaching safepoint: 169359 ns, At safepoint: 6463 ns, Total: 175822 ns
[2021-11-03T04:26:28.484+0000][7][safepoint    ] Safepoint "Cleanup", Time since last: 1006420088 ns, Reaching safepoint: 565039 ns, At safepoint: 19451 ns, Total: 584490 ns
[2021-11-03T04:26:29.488+0000][7][safepoint    ] Safepoint "Cleanup", Time since last: 1002658360 ns, Reaching safepoint: 557391 ns, At safepoint: 17900 ns, Total: 575291 ns
[2021-11-03T04:26:30.492+0000][7][safepoint    ] Safepoint "Cleanup", Time since last: 1004088801 ns, Reaching safepoint: 418027 ns, At safepoint: 9907 ns, Total: 427934 ns
[2021-11-03T04:26:31.495+0000][7][safepoint    ] Safepoint "Cleanup", Time since last: 1002730592 ns, Reaching safepoint: 232565 ns, At safepoint: 6526 ns, Total: 239091 ns
[2021-11-03T04:26:32.501+0000][7][safepoint    ] Safepoint "Cleanup", Time since last: 1005890985 ns, Reaching safepoint: 188978 ns, At safepoint: 12357 ns, Total: 201335 ns
[2021-11-03T04:26:33.506+0000][7][safepoint    ] Safepoint "Cleanup", Time since last: 1004271835 ns, Reaching safepoint: 354607 ns, At safepoint: 6241 ns, Total: 360848 ns
[2021-11-03T04:26:34.515+0000][7][safepoint    ] Safepoint "Cleanup", Time since last: 1008565698 ns, Reaching safepoint: 380138 ns, At safepoint: 7300 ns, Total: 387438 ns
[2021-11-03T04:26:35.497+0000][7][safepoint    ] Safepoint "Cleanup", Time since last: 1002615946 ns, Reaching safepoint: 342084 ns, At safepoint: 7778 ns, Total: 349862 ns
[2021-11-03T04:26:36.504+0000][7][safepoint    ] Safepoint "Cleanup", Time since last: 1006417765 ns, Reaching safepoint: 168407 ns, At safepoint: 5449 ns, Total: 173856 ns
[2021-11-03T04:26:37.511+0000][7][safepoint    ] Safepoint "Cleanup", Time since last: 1007342884 ns, Reaching safepoint: 130861 ns, At safepoint: 3876 ns, Total: 134737 ns
[2021-11-03T04:26:38.513+0000][7][safepoint    ] Safepoint "Cleanup", Time since last: 1001433275 ns, Reaching safepoint: 200037 ns, At safepoint: 4460 ns, Total: 204497 ns
[2021-11-03T04:26:39.515+0000][7][safepoint    ] Safepoint "Cleanup", Time since last: 1002018298 ns, Reaching safepoint: 306286 ns, At safepoint: 6541 ns, Total: 312827 ns
[2021-11-03T04:26:40.520+0000][7][safepoint    ] Safepoint "Cleanup", Time since last: 1005347673 ns, Reaching safepoint: 176819 ns, At safepoint: 6583 ns, Total: 183402 ns
[2021-11-03T04:26:41.525+0000][7][safepoint    ] Safepoint "Cleanup", Time since last: 1004096970 ns, Reaching safepoint: 165292 ns, At safepoint: 6297 ns, Total: 171589 ns
[2021-11-03T04:26:42.529+0000][7][safepoint    ] Safepoint "Cleanup", Time since last: 1004253993 ns, Reaching safepoint: 172124 ns, At safepoint: 6342 ns, Total: 178466 ns
[2021-11-03T04:26:43.536+0000][7][safepoint    ] Safepoint "Cleanup", Time since last: 1006527821 ns, Reaching safepoint: 400403 ns, At safepoint: 240349 ns, Total: 640752 ns
[2021-11-03T04:26:44.542+0000][7][safepoint    ] Safepoint "Cleanup", Time since last: 1005057601 ns, Reaching safepoint: 240573 ns, At safepoint: 7093 ns, Total: 247666 ns
[2021-11-03T04:26:45.548+0000][7][safepoint    ] Safepoint "Cleanup", Time since last: 1005491151 ns, Reaching safepoint: 538039 ns, At safepoint: 8518 ns, Total: 546557 ns
[2021-11-03T04:26:46.557+0000][7][safepoint    ] Safepoint "Cleanup", Time since last: 1009675490 ns, Reaching safepoint: 106481 ns, At safepoint: 2710 ns, Total: 109191 ns
[2021-11-03T04:26:47.565+0000][7][safepoint    ] Safepoint "Cleanup", Time since last: 1007769171 ns, Reaching safepoint: 242856 ns, At safepoint: 6820 ns, Total: 249676 ns
[2021-11-03T04:26:48.568+0000][7][safepoint    ] Safepoint "Cleanup", Time since last: 1001986251 ns, Reaching safepoint: 237052 ns, At safepoint: 6762 ns, Total: 243814 ns
[2021-11-03T04:26:49.572+0000][7][safepoint    ] Safepoint "Cleanup", Time since last: 1004288375 ns, Reaching safepoint: 174719 ns, At safepoint: 6923 ns, Total: 181642 ns
[2021-11-03T04:26:50.576+0000][7][safepoint    ] Safepoint "Cleanup", Time since last: 1003503594 ns, Reaching safepoint: 315730 ns, At safepoint: 6342 ns, Total: 322072 ns
[2021-11-03T04:26:51.581+0000][7][safepoint    ] Safepoint "Cleanup", Time since last: 1005254717 ns, Reaching safepoint: 179755 ns, At safepoint: 4269 ns, Total: 184024 ns
[2021-11-03T04:26:52.586+0000][7][safepoint    ] Safepoint "Cleanup", Time since last: 1004654765 ns, Reaching safepoint: 399754 ns, At safepoint: 9136 ns, Total: 408890 ns
[2021-11-03T04:26:53.592+0000][7][safepoint    ] Safepoint "Cleanup", Time since last: 1005010637 ns, Reaching safepoint: 417814 ns, At safepoint: 13302 ns, Total: 431116 ns
[2021-11-03T04:26:54.597+0000][7][safepoint    ] Safepoint "Cleanup", Time since last: 1004556977 ns, Reaching safepoint: 475144 ns, At safepoint: 13777 ns, Total: 488921 ns
[2021-11-03T04:26:55.599+0000][7][safepoint    ] Safepoint "Cleanup", Time since last: 1002056439 ns, Reaching safepoint: 129321 ns, At safepoint: 4099 ns, Total: 133420 ns
[2021-11-03T04:26:56.602+0000][7][safepoint    ] Safepoint "Cleanup", Time since last: 1003008933 ns, Reaching safepoint: 171415 ns, At safepoint: 5963 ns, Total: 177378 ns
[2021-11-03T04:26:57.605+0000][7][safepoint    ] Safepoint "Cleanup", Time since last: 1002848161 ns, Reaching safepoint: 164949 ns, At safepoint: 6063 ns, Total: 171012 ns
[2021-11-03T04:26:58.611+0000][7][safepoint    ] Safepoint "Cleanup", Time since last: 1005451779 ns, Reaching safepoint: 164368 ns, At safepoint: 6672 ns, Total: 171040 ns
[2021-11-03T04:26:59.613+0000][7][safepoint    ] Safepoint "Cleanup", Time since last: 1001831620 ns, Reaching safepoint: 277697 ns, At safepoint: 9249 ns, Total: 286946 ns
[2021-11-03T04:27:00.625+0000][7][safepoint    ] Safepoint "Cleanup", Time since last: 1011792975 ns, Reaching safepoint: 304066 ns, At safepoint: 72584 ns, Total: 376650 ns
[2021-11-03T04:27:01.636+0000][7][safepoint    ] Safepoint "Cleanup", Time since last: 1010329030 ns, Reaching safepoint: 375942 ns, At safepoint: 6505 ns, Total: 382447 ns
[2021-11-03T04:27:02.639+0000][7][safepoint    ] Safepoint "Cleanup", Time since last: 1002884646 ns, Reaching safepoint: 209132 ns, At safepoint: 6542 ns, Total: 215674 ns
[2021-11-03T04:27:03.651+0000][7][safepoint    ] Safepoint "Cleanup", Time since last: 1011904758 ns, Reaching safepoint: 154394 ns, At safepoint: 5252 ns, Total: 159646 ns
[2021-11-03T04:27:04.663+0000][7][safepoint    ] Safepoint "Cleanup", Time since last: 1011306211 ns, Reaching safepoint: 229165 ns, At safepoint: 10566 ns, Total: 239731 ns
[2021-11-03T04:27:05.650+0000][7][safepoint    ] Safepoint "Cleanup", Time since last: 1008271447 ns, Reaching safepoint: 395123 ns, At safepoint: 14793 ns, Total: 409916 ns
[2021-11-03T04:27:06.653+0000][7][safepoint    ] Safepoint "Cleanup", Time since last: 1002248174 ns, Reaching safepoint: 566791 ns, At safepoint: 11557 ns, Total: 578348 ns
[2021-11-03T04:27:07.665+0000][7][safepoint    ] Safepoint "Cleanup", Time since last: 1011947397 ns, Reaching safepoint: 174141 ns, At safepoint: 6048 ns, Total: 180189 ns
[2021-11-03T04:27:08.672+0000][7][safepoint    ] Safepoint "Cleanup", Time since last: 1005761188 ns, Reaching safepoint: 572250 ns, At safepoint: 18848 ns, Total: 591098 ns
[2021-11-03T04:27:09.682+0000][7][safepoint    ] Safepoint "Cleanup", Time since last: 1010302270 ns, Reaching safepoint: 406631 ns, At safepoint: 9585 ns, Total: 416216 ns
[2021-11-03T04:27:10.686+0000][7][safepoint    ] Safepoint "Cleanup", Time since last: 1003339497 ns, Reaching safepoint: 488814 ns, At safepoint: 9952 ns, Total: 498766 ns
[2021-11-03T04:27:11.690+0000][7][safepoint    ] Safepoint "Cleanup", Time since last: 1003210093 ns, Reaching safepoint: 179943 ns, At safepoint: 6309 ns, Total: 186252 ns
[2021-11-03T04:27:12.692+0000][7][safepoint    ] Safepoint "Cleanup", Time since last: 1002627193 ns, Reaching safepoint: 174819 ns, At safepoint: 6123 ns, Total: 180942 ns
[2021-11-03T04:27:13.696+0000][7][safepoint    ] Safepoint "Cleanup", Time since last: 1003314358 ns, Reaching safepoint: 173033 ns, At safepoint: 6637 ns, Total: 179670 ns
[2021-11-03T04:27:14.698+0000][7][safepoint    ] Safepoint "Cleanup", Time since last: 1002097066 ns, Reaching safepoint: 166449 ns, At safepoint: 7109 ns, Total: 173558 ns
[2021-11-03T04:27:15.707+0000][7][safepoint    ] Safepoint "Cleanup", Time since last: 1008215721 ns, Reaching safepoint: 179904 ns, At safepoint: 6282 ns, Total: 186186 ns
[2021-11-03T04:27:16.715+0000][7][safepoint    ] Safepoint "Cleanup", Time since last: 1008526888 ns, Reaching safepoint: 172565 ns, At safepoint: 6131 ns, Total: 178696 ns
[2021-11-03T04:27:17.718+0000][7][safepoint    ] Safepoint "Cleanup", Time since last: 1002782888 ns, Reaching safepoint: 166148 ns, At safepoint: 6076 ns, Total: 172224 ns
[2021-11-03T04:27:18.727+0000][7][safepoint    ] Safepoint "Cleanup", Time since last: 1008770354 ns, Reaching safepoint: 183195 ns, At safepoint: 6284 ns, Total: 189479 ns
[2021-11-03T04:27:19.735+0000][7][safepoint    ] Safepoint "Cleanup", Time since last: 1007360596 ns, Reaching safepoint: 331683 ns, At safepoint: 7051 ns, Total: 338734 ns
[2021-11-03T04:27:20.740+0000][7][safepoint    ] Safepoint "Cleanup", Time since last: 1004366884 ns, Reaching safepoint: 178685 ns, At safepoint: 7224 ns, Total: 185909 ns
[2021-11-03T04:27:21.744+0000][7][safepoint    ] Safepoint "Cleanup", Time since last: 1004045573 ns, Reaching safepoint: 342587 ns, At safepoint: 12030 ns, Total: 354617 ns
[2021-11-03T04:27:22.748+0000][7][safepoint    ] Safepoint "Cleanup", Time since last: 1003588941 ns, Reaching safepoint: 173480 ns, At safepoint: 7218 ns, Total: 180698 ns
[2021-11-03T04:27:23.754+0000][7][safepoint    ] Safepoint "Cleanup", Time since last: 1006068874 ns, Reaching safepoint: 169674 ns, At safepoint: 6168 ns, Total: 175842 ns
[2021-11-03T04:27:24.761+0000][7][safepoint    ] Safepoint "Cleanup", Time since last: 1006570926 ns, Reaching safepoint: 569761 ns, At safepoint: 9209 ns, Total: 578970 ns
[2021-11-03T04:27:25.765+0000][7][safepoint    ] Safepoint "Cleanup", Time since last: 1003708118 ns, Reaching safepoint: 176011 ns, At safepoint: 6655 ns, Total: 182666 ns
[2021-11-03T04:27:26.768+0000][7][safepoint    ] Safepoint "Cleanup", Time since last: 1002472140 ns, Reaching safepoint: 90417 ns, At safepoint: 2392 ns, Total: 92809 ns
[2021-11-03T04:27:27.770+0000][7][safepoint    ] Safepoint "Cleanup", Time since last: 1001802757 ns, Reaching safepoint: 181568 ns, At safepoint: 6620 ns, Total: 188188 ns
[2021-11-03T04:27:28.772+0000][7][safepoint    ] Safepoint "Cleanup", Time since last: 1002573879 ns, Reaching safepoint: 174228 ns, At safepoint: 7208 ns, Total: 181436 ns
[2021-11-03T04:27:29.776+0000][7][safepoint    ] Safepoint "Cleanup", Time since last: 1003161361 ns, Reaching safepoint: 417108 ns, At safepoint: 9799 ns, Total: 426907 ns
[2021-11-03T04:27:30.778+0000][7][safepoint    ] Safepoint "Cleanup", Time since last: 1002281094 ns, Reaching safepoint: 177110 ns, At safepoint: 6607 ns, Total: 183717 ns
[2021-11-03T04:27:31.782+0000][7][safepoint    ] Safepoint "Cleanup", Time since last: 1002878283 ns, Reaching safepoint: 350790 ns, At safepoint: 9078 ns, Total: 359868 ns
[2021-11-03T04:27:32.785+0000][7][safepoint    ] Safepoint "Cleanup", Time since last: 1002884207 ns, Reaching safepoint: 192174 ns, At safepoint: 6584 ns, Total: 198758 ns
[2021-11-03T04:27:33.790+0000][7][safepoint    ] Safepoint "Cleanup", Time since last: 1004962181 ns, Reaching safepoint: 562347 ns, At safepoint: 10367 ns, Total: 572714 ns
[2021-11-03T04:27:34.777+0000][7][safepoint    ] Safepoint "Cleanup", Time since last: 1006846784 ns, Reaching safepoint: 416206 ns, At safepoint: 11474 ns, Total: 427680 ns
[2021-11-03T04:27:35.782+0000][7][safepoint    ] Safepoint "Cleanup", Time since last: 1004682340 ns, Reaching safepoint: 175194 ns, At safepoint: 6247 ns, Total: 181441 ns
[2021-11-03T04:27:36.785+0000][7][safepoint    ] Safepoint "Cleanup", Time since last: 1003767147 ns, Reaching safepoint: 164672 ns, At safepoint: 6368 ns, Total: 171040 ns
[2021-11-03T04:27:37.788+0000][7][safepoint    ] Safepoint "Cleanup", Time since last: 1001918865 ns, Reaching safepoint: 399815 ns, At safepoint: 8381 ns, Total: 408196 ns
[2021-11-03T04:27:38.790+0000][7][safepoint    ] Safepoint "Cleanup", Time since last: 1002387484 ns, Reaching safepoint: 224562 ns, At safepoint: 9015 ns, Total: 233577 ns
[2021-11-03T04:27:39.796+0000][7][safepoint    ] Safepoint "Cleanup", Time since last: 1005102024 ns, Reaching safepoint: 176509 ns, At safepoint: 6712 ns, Total: 183221 ns
[2021-11-03T04:27:40.798+0000][7][safepoint    ] Safepoint "Cleanup", Time since last: 1002555407 ns, Reaching safepoint: 221017 ns, At safepoint: 5863 ns, Total: 226880 ns
[2021-11-03T04:27:41.801+0000][7][safepoint    ] Safepoint "Cleanup", Time since last: 1002213345 ns, Reaching safepoint: 170203 ns, At safepoint: 6575 ns, Total: 176778 ns
[2021-11-03T04:27:42.804+0000][7][safepoint    ] Safepoint "Cleanup", Time since last: 1002818019 ns, Reaching safepoint: 173624 ns, At safepoint: 6345 ns, Total: 179969 ns
[2021-11-03T04:27:43.808+0000][7][safepoint    ] Safepoint "Cleanup", Time since last: 1003625178 ns, Reaching safepoint: 297506 ns, At safepoint: 6659 ns, Total: 304165 ns
[2021-11-03T04:27:44.811+0000][7][safepoint    ] Safepoint "Cleanup", Time since last: 1003224736 ns, Reaching safepoint: 374473 ns, At safepoint: 8626 ns, Total: 383099 ns
[2021-11-03T04:27:45.818+0000][7][safepoint    ] Safepoint "Cleanup", Time since last: 1006020496 ns, Reaching safepoint: 186623 ns, At safepoint: 6940 ns, Total: 193563 ns
[2021-11-03T04:27:46.826+0000][7][safepoint    ] Safepoint "Cleanup", Time since last: 1008584704 ns, Reaching safepoint: 172532 ns, At safepoint: 5675 ns, Total: 178207 ns
[2021-11-03T04:27:47.831+0000][7][safepoint    ] Safepoint "Cleanup", Time since last: 1004263375 ns, Reaching safepoint: 173533 ns, At safepoint: 6500 ns, Total: 180033 ns
[2021-11-03T04:27:48.834+0000][7][safepoint    ] Safepoint "Cleanup", Time since last: 1003069383 ns, Reaching safepoint: 293178 ns, At safepoint: 6289 ns, Total: 299467 ns
[2021-11-03T04:27:49.840+0000][7][safepoint    ] Safepoint "Cleanup", Time since last: 1006096619 ns, Reaching safepoint: 169396 ns, At safepoint: 5875 ns, Total: 175271 ns
[2021-11-03T04:27:50.844+0000][7][safepoint    ] Safepoint "Cleanup", Time since last: 1003479671 ns, Reaching safepoint: 177969 ns, At safepoint: 5809 ns, Total: 183778 ns
[2021-11-03T04:27:51.847+0000][7][safepoint    ] Safepoint "Cleanup", Time since last: 1002776238 ns, Reaching safepoint: 172329 ns, At safepoint: 6644 ns, Total: 178973 ns
[2021-11-03T04:27:52.849+0000][7][safepoint    ] Safepoint "Cleanup", Time since last: 1002193057 ns, Reaching safepoint: 169466 ns, At safepoint: 6527 ns, Total: 175993 ns
[2021-11-03T04:27:53.854+0000][7][safepoint    ] Safepoint "Cleanup", Time since last: 1004583762 ns, Reaching safepoint: 176950 ns, At safepoint: 6717 ns, Total: 183667 ns
[2021-11-03T04:27:54.864+0000][7][safepoint    ] Safepoint "Cleanup", Time since last: 1009906749 ns, Reaching safepoint: 174217 ns, At safepoint: 5046 ns, Total: 179263 ns
[2021-11-03T04:27:55.866+0000][7][safepoint    ] Safepoint "Cleanup", Time since last: 1002009831 ns, Reaching safepoint: 170051 ns, At safepoint: 6244 ns, Total: 176295 ns
[2021-11-03T04:27:56.870+0000][7][safepoint    ] Safepoint "Cleanup", Time since last: 1003627985 ns, Reaching safepoint: 171549 ns, At safepoint: 6358 ns, Total: 177907 ns
[2021-11-03T04:27:57.874+0000][7][safepoint    ] Safepoint "Cleanup", Time since last: 1002813513 ns, Reaching safepoint: 398690 ns, At safepoint: 8822 ns, Total: 407512 ns
[2021-11-03T04:27:58.878+0000][7][safepoint    ] Safepoint "Cleanup", Time since last: 1003791161 ns, Reaching safepoint: 232494 ns, At safepoint: 6404 ns, Total: 238898 ns
[2021-11-03T04:27:59.880+0000][7][safepoint    ] Safepoint "Cleanup", Time since last: 1002674180 ns, Reaching safepoint: 237988 ns, At safepoint: 7035 ns, Total: 245023 ns
[2021-11-03T04:28:00.883+0000][7][safepoint    ] Safepoint "Cleanup", Time since last: 1002641802 ns, Reaching safepoint: 236379 ns, At safepoint: 6912 ns, Total: 243291 ns
[2021-11-03T04:28:01.889+0000][7][safepoint    ] Safepoint "Cleanup", Time since last: 1004941099 ns, Reaching safepoint: 243658 ns, At safepoint: 70193 ns, Total: 313851 ns
[2021-11-03T04:28:02.900+0000][7][safepoint    ] Safepoint "Cleanup", Time since last: 1011188841 ns, Reaching safepoint: 357564 ns, At safepoint: 10851 ns, Total: 368415 ns
[2021-11-03T04:28:03.903+0000][7][safepoint    ] Safepoint "Cleanup", Time since last: 1002228453 ns, Reaching safepoint: 167980 ns, At safepoint: 6220 ns, Total: 174200 ns
[2021-11-03T04:28:04.885+0000][7][safepoint    ] Safepoint "Cleanup", Time since last: 1003367636 ns, Reaching safepoint: 163719 ns, At safepoint: 5860 ns, Total: 169579 ns
[2021-11-03T04:28:05.888+0000][7][safepoint    ] Safepoint "Cleanup", Time since last: 1003135327 ns, Reaching safepoint: 169237 ns, At safepoint: 6325 ns, Total: 175562 ns
[2021-11-03T04:28:06.892+0000][7][safepoint    ] Safepoint "Cleanup", Time since last: 1003790440 ns, Reaching safepoint: 165840 ns, At safepoint: 6403 ns, Total: 172243 ns
[2021-11-03T04:28:07.895+0000][7][safepoint    ] Safepoint "Cleanup", Time since last: 1002096831 ns, Reaching safepoint: 171645 ns, At safepoint: 6354 ns, Total: 177999 ns
[2021-11-03T04:28:08.902+0000][7][safepoint    ] Safepoint "Cleanup", Time since last: 1007007328 ns, Reaching safepoint: 177796 ns, At safepoint: 5895 ns, Total: 183691 ns
[2021-11-03T04:28:09.910+0000][7][safepoint    ] Safepoint "Cleanup", Time since last: 1008242576 ns, Reaching safepoint: 168962 ns, At safepoint: 5833 ns, Total: 174795 ns
[2021-11-03T04:28:10.913+0000][7][safepoint    ] Safepoint "Cleanup", Time since last: 1002221126 ns, Reaching safepoint: 418591 ns, At safepoint: 126494 ns, Total: 545085 ns
[2021-11-03T04:28:11.924+0000][7][safepoint    ] Safepoint "Cleanup", Time since last: 1010289738 ns, Reaching safepoint: 306823 ns, At safepoint: 6194 ns, Total: 313017 ns
[2021-11-03T04:28:12.926+0000][7][safepoint    ] Safepoint "Cleanup", Time since last: 1002331441 ns, Reaching safepoint: 231276 ns, At safepoint: 7222 ns, Total: 238498 ns
[2021-11-03T04:28:13.932+0000][7][safepoint    ] Safepoint "Cleanup", Time since last: 1006014894 ns, Reaching safepoint: 240885 ns, At safepoint: 7691 ns, Total: 248576 ns
[2021-11-03T04:28:14.937+0000][7][safepoint    ] Safepoint "Cleanup", Time since last: 1003845255 ns, Reaching safepoint: 319501 ns, At safepoint: 12414 ns, Total: 331915 ns
[2021-11-03T04:28:15.939+0000][7][safepoint    ] Safepoint "Cleanup", Time since last: 1002146807 ns, Reaching safepoint: 525607 ns, At safepoint: 9872 ns, Total: 535479 ns
[2021-11-03T04:28:16.941+0000][7][safepoint    ] Safepoint "Cleanup", Time since last: 1001677008 ns, Reaching safepoint: 228744 ns, At safepoint: 7048 ns, Total: 235792 ns
[2021-11-03T04:28:17.944+0000][7][safepoint    ] Safepoint "Cleanup", Time since last: 1002593413 ns, Reaching safepoint: 367290 ns, At safepoint: 10817 ns, Total: 378107 ns
[2021-11-03T04:28:18.948+0000][7][safepoint    ] Safepoint "Cleanup", Time since last: 1003106540 ns, Reaching safepoint: 294510 ns, At safepoint: 6411 ns, Total: 300921 ns
[2021-11-03T04:28:19.952+0000][7][safepoint    ] Safepoint "Cleanup", Time since last: 1004098716 ns, Reaching safepoint: 243582 ns, At safepoint: 7652 ns, Total: 251234 ns
[2021-11-03T04:28:20.955+0000][7][safepoint    ] Safepoint "Cleanup", Time since last: 1003214187 ns, Reaching safepoint: 118558 ns, At safepoint: 3825 ns, Total: 122383 ns
[2021-11-03T04:28:21.959+0000][7][safepoint    ] Safepoint "Cleanup", Time since last: 1003233157 ns, Reaching safepoint: 379552 ns, At safepoint: 12121 ns, Total: 391673 ns
[2021-11-03T04:28:22.961+0000][7][safepoint    ] Safepoint "Cleanup", Time since last: 1002006420 ns, Reaching safepoint: 169515 ns, At safepoint: 5236 ns, Total: 174751 ns
[2021-11-03T04:28:23.964+0000][7][safepoint    ] Safepoint "Cleanup", Time since last: 1002246763 ns, Reaching safepoint: 306167 ns, At safepoint: 12363 ns, Total: 318530 ns
[2021-11-03T04:28:24.970+0000][7][safepoint    ] Safepoint "Cleanup", Time since last: 1005755697 ns, Reaching safepoint: 509607 ns, At safepoint: 126637 ns, Total: 636244 ns
[2021-11-03T04:28:25.973+0000][7][safepoint    ] Safepoint "Cleanup", Time since last: 1002370540 ns, Reaching safepoint: 187592 ns, At safepoint: 6349 ns, Total: 193941 ns
[2021-11-03T04:28:26.975+0000][7][safepoint    ] Safepoint "Cleanup", Time since last: 1002684616 ns, Reaching safepoint: 227507 ns, At safepoint: 6368 ns, Total: 233875 ns
[2021-11-03T04:28:27.978+0000][7][safepoint    ] Safepoint "Cleanup", Time since last: 1002411201 ns, Reaching safepoint: 241197 ns, At safepoint: 6490 ns, Total: 247687 ns
[2021-11-03T04:28:28.986+0000][7][safepoint    ] Safepoint "Cleanup", Time since last: 1007595216 ns, Reaching safepoint: 335490 ns, At safepoint: 9572 ns, Total: 345062 ns
[2021-11-03T04:28:29.988+0000][7][safepoint    ] Safepoint "Cleanup", Time since last: 1001913024 ns, Reaching safepoint: 279107 ns, At safepoint: 6046 ns, Total: 285153 ns
[2021-11-03T04:28:30.996+0000][7][safepoint    ] Safepoint "Cleanup", Time since last: 1006837865 ns, Reaching safepoint: 624732 ns, At safepoint: 12297 ns, Total: 637029 ns
[2021-11-03T04:28:31.999+0000][7][safepoint    ] Safepoint "Cleanup", Time since last: 1003161398 ns, Reaching safepoint: 301092 ns, At safepoint: 6106 ns, Total: 307198 ns
[2021-11-03T04:28:33.003+0000][7][safepoint    ] Safepoint "Cleanup", Time since last: 1003179580 ns, Reaching safepoint: 331604 ns, At safepoint: 6203 ns, Total: 337807 ns
[2021-11-03T04:28:34.005+0000][7][safepoint    ] Safepoint "Cleanup", Time since last: 1002490784 ns, Reaching safepoint: 236601 ns, At safepoint: 6167 ns, Total: 242768 ns
[2021-11-03T04:28:34.987+0000][7][safepoint    ] Safepoint "Cleanup", Time since last: 1002247450 ns, Reaching safepoint: 154261 ns, At safepoint: 3055 ns, Total: 157316 ns
[2021-11-03T04:28:35.990+0000][7][safepoint    ] Safepoint "Cleanup", Time since last: 1002830371 ns, Reaching safepoint: 422054 ns, At safepoint: 7078 ns, Total: 429132 ns
[2021-11-03T04:28:36.994+0000][7][safepoint    ] Safepoint "Cleanup", Time since last: 1003940665 ns, Reaching safepoint: 146754 ns, At safepoint: 3444 ns, Total: 150198 ns
[2021-11-03T04:28:37.997+0000][7][safepoint    ] Safepoint "Cleanup", Time since last: 1002190258 ns, Reaching safepoint: 566151 ns, At safepoint: 15683 ns, Total: 581834 ns
[2021-11-03T04:28:39.002+0000][7][safepoint    ] Safepoint "Cleanup", Time since last: 1003903911 ns, Reaching safepoint: 462561 ns, At safepoint: 12341 ns, Total: 474902 ns
[2021-11-03T04:28:40.005+0000][7][safepoint    ] Safepoint "Cleanup", Time since last: 1002740251 ns, Reaching safepoint: 280687 ns, At safepoint: 7472 ns, Total: 288159 ns
[2021-11-03T04:28:41.010+0000][7][safepoint    ] Safepoint "Cleanup", Time since last: 1004691768 ns, Reaching safepoint: 609154 ns, At safepoint: 19078 ns, Total: 628232 ns
[2021-11-03T04:28:42.014+0000][7][safepoint    ] Safepoint "Cleanup", Time since last: 1003935837 ns, Reaching safepoint: 196111 ns, At safepoint: 6429 ns, Total: 202540 ns
[2021-11-03T04:28:43.019+0000][7][safepoint    ] Safepoint "Cleanup", Time since last: 1004390535 ns, Reaching safepoint: 302643 ns, At safepoint: 7412 ns, Total: 310055 ns
[2021-11-03T04:28:44.026+0000][7][safepoint    ] Safepoint "Cleanup", Time since last: 1006828909 ns, Reaching safepoint: 174328 ns, At safepoint: 6621 ns, Total: 180949 ns
[2021-11-03T04:28:45.033+0000][7][safepoint    ] Safepoint "Cleanup", Time since last: 1007023886 ns, Reaching safepoint: 170987 ns, At safepoint: 6500 ns, Total: 177487 ns
[2021-11-03T04:28:46.038+0000][7][safepoint    ] Safepoint "Cleanup", Time since last: 1005281322 ns, Reaching safepoint: 167698 ns, At safepoint: 6621 ns, Total: 174319 ns
[2021-11-03T04:28:47.043+0000][7][safepoint    ] Safepoint "Cleanup", Time since last: 1004493958 ns, Reaching safepoint: 84339 ns, At safepoint: 2940 ns, Total: 87279 ns
[2021-11-03T04:28:48.045+0000][7][safepoint    ] Safepoint "Cleanup", Time since last: 1001399525 ns, Reaching safepoint: 540146 ns, At safepoint: 19960 ns, Total: 560106 ns
[2021-11-03T04:28:49.051+0000][7][safepoint    ] Safepoint "Cleanup", Time since last: 1005506000 ns, Reaching safepoint: 126088 ns, At safepoint: 3165 ns, Total: 129253 ns
[2021-11-03T04:28:50.058+0000][7][safepoint    ] Safepoint "Cleanup", Time since last: 1006464932 ns, Reaching safepoint: 446451 ns, At safepoint: 18080 ns, Total: 464531 ns
[2021-11-03T04:28:51.063+0000][7][safepoint    ] Safepoint "Cleanup", Time since last: 1004941454 ns, Reaching safepoint: 411032 ns, At safepoint: 9726 ns, Total: 420758 ns
[2021-11-03T04:28:52.072+0000][7][safepoint    ] Safepoint "Cleanup", Time since last: 1008609848 ns, Reaching safepoint: 163168 ns, At safepoint: 6167 ns, Total: 169335 ns
[2021-11-03T04:28:53.075+0000][7][safepoint    ] Safepoint "Cleanup", Time since last: 1002822668 ns, Reaching safepoint: 162522 ns, At safepoint: 6697 ns, Total: 169219 ns
[2021-11-03T04:28:54.078+0000][7][safepoint    ] Safepoint "Cleanup", Time since last: 1003014237 ns, Reaching safepoint: 175299 ns, At safepoint: 6163 ns, Total: 181462 ns
[2021-11-03T04:28:55.081+0000][7][safepoint    ] Safepoint "Cleanup", Time since last: 1002583268 ns, Reaching safepoint: 166413 ns, At safepoint: 6521 ns, Total: 172934 ns
[2021-11-03T04:28:56.084+0000][7][safepoint    ] Safepoint "Cleanup", Time since last: 1003105959 ns, Reaching safepoint: 159203 ns, At safepoint: 4454 ns, Total: 163657 ns
[2021-11-03T04:28:57.089+0000][7][safepoint    ] Safepoint "Cleanup", Time since last: 1004390117 ns, Reaching safepoint: 241796 ns, At safepoint: 7126 ns, Total: 248922 ns
[2021-11-03T04:28:58.093+0000][7][safepoint    ] Safepoint "Cleanup", Time since last: 1003880982 ns, Reaching safepoint: 241205 ns, At safepoint: 6746 ns, Total: 247951 ns
[2021-11-03T04:28:59.103+0000][7][safepoint    ] Safepoint "Cleanup", Time since last: 1009763568 ns, Reaching safepoint: 233380 ns, At safepoint: 7052 ns, Total: 240432 ns
[2021-11-03T04:29:00.105+0000][7][safepoint    ] Safepoint "Cleanup", Time since last: 1002262733 ns, Reaching safepoint: 491042 ns, At safepoint: 9179 ns, Total: 500221 ns
[2021-11-03T04:29:01.107+0000][7][safepoint    ] Safepoint "Cleanup", Time since last: 1001772891 ns, Reaching safepoint: 222056 ns, At safepoint: 6972 ns, Total: 229028 ns
[2021-11-03T04:29:02.110+0000][7][safepoint    ] Safepoint "Cleanup", Time since last: 1001956063 ns, Reaching safepoint: 223135 ns, At safepoint: 7031 ns, Total: 230166 ns
[2021-11-03T04:29:03.112+0000][7][safepoint    ] Safepoint "Cleanup", Time since last: 1002403013 ns, Reaching safepoint: 257153 ns, At safepoint: 6302 ns, Total: 263455 ns
[2021-11-03T04:29:04.115+0000][7][safepoint    ] Safepoint "Cleanup", Time since last: 1002300393 ns, Reaching safepoint: 175692 ns, At safepoint: 6170 ns, Total: 181862 ns
[2021-11-03T04:29:05.097+0000][7][safepoint    ] Safepoint "Cleanup", Time since last: 1002993638 ns, Reaching safepoint: 469709 ns, At safepoint: 8443 ns, Total: 478152 ns
[2021-11-03T04:29:06.104+0000][7][safepoint    ] Safepoint "Cleanup", Time since last: 1006564783 ns, Reaching safepoint: 392282 ns, At safepoint: 8887 ns, Total: 401169 ns
[2021-11-03T04:29:07.108+0000][7][safepoint    ] Safepoint "Cleanup", Time since last: 1003518803 ns, Reaching safepoint: 294482 ns, At safepoint: 148420 ns, Total: 442902 ns
[2021-11-03T04:29:08.113+0000][7][safepoint    ] Safepoint "Cleanup", Time since last: 1004579140 ns, Reaching safepoint: 466070 ns, At safepoint: 9440 ns, Total: 475510 ns
[2021-11-03T04:29:09.118+0000][7][safepoint    ] Safepoint "Cleanup", Time since last: 1004196886 ns, Reaching safepoint: 374826 ns, At safepoint: 10080 ns, Total: 384906 ns
[2021-11-03T04:29:10.120+0000][7][safepoint    ] Safepoint "Cleanup", Time since last: 1001991941 ns, Reaching safepoint: 236701 ns, At safepoint: 6348 ns, Total: 243049 ns
[2021-11-03T04:29:11.122+0000][7][safepoint    ] Safepoint "Cleanup", Time since last: 1001940605 ns, Reaching safepoint: 336846 ns, At safepoint: 6532 ns, Total: 343378 ns
[2021-11-03T04:29:12.128+0000][7][safepoint    ] Safepoint "Cleanup", Time since last: 1005344653 ns, Reaching safepoint: 316998 ns, At safepoint: 9983 ns, Total: 326981 ns
[2021-11-03T04:29:13.131+0000][7][safepoint    ] Safepoint "Cleanup", Time since last: 1002621381 ns, Reaching safepoint: 208038 ns, At safepoint: 6061 ns, Total: 214099 ns
[2021-11-03T04:29:14.133+0000][7][safepoint    ] Safepoint "Cleanup", Time since last: 1002222249 ns, Reaching safepoint: 162538 ns, At safepoint: 6242 ns, Total: 168780 ns
[2021-11-03T04:29:15.136+0000][7][safepoint    ] Safepoint "Cleanup", Time since last: 1002095183 ns, Reaching safepoint: 169757 ns, At safepoint: 6968 ns, Total: 176725 ns
[2021-11-03T04:29:16.141+0000][7][safepoint    ] Safepoint "Cleanup", Time since last: 1005565611 ns, Reaching safepoint: 171254 ns, At safepoint: 6651 ns, Total: 177905 ns
[2021-11-03T04:29:17.154+0000][7][safepoint    ] Safepoint "Cleanup", Time since last: 1012008299 ns, Reaching safepoint: 667199 ns, At safepoint: 9947 ns, Total: 677146 ns
[2021-11-03T04:29:18.157+0000][7][safepoint    ] Safepoint "Cleanup", Time since last: 1002629282 ns, Reaching safepoint: 177284 ns, At safepoint: 6425 ns, Total: 183709 ns
[2021-11-03T04:29:19.160+0000][7][safepoint    ] Safepoint "Cleanup", Time since last: 1002734564 ns, Reaching safepoint: 172865 ns, At safepoint: 6046 ns, Total: 178911 ns
[2021-11-03T04:29:20.165+0000][7][safepoint    ] Safepoint "Cleanup", Time since last: 1004591302 ns, Reaching safepoint: 650053 ns, At safepoint: 20988 ns, Total: 671041 ns
[2021-11-03T04:29:21.167+0000][7][safepoint    ] Safepoint "Cleanup", Time since last: 1001939220 ns, Reaching safepoint: 403847 ns, At safepoint: 21771 ns, Total: 425618 ns
[2021-11-03T04:29:22.174+0000][7][safepoint    ] Safepoint "Cleanup", Time since last: 1005963733 ns, Reaching safepoint: 415651 ns, At safepoint: 9206 ns, Total: 424857 ns
[2021-11-03T04:29:23.177+0000][7][safepoint    ] Safepoint "Cleanup", Time since last: 1002592345 ns, Reaching safepoint: 418066 ns, At safepoint: 9366 ns, Total: 427432 ns
[2021-11-03T04:29:24.179+0000][7][safepoint    ] Safepoint "Cleanup", Time since last: 1002517443 ns, Reaching safepoint: 156567 ns, At safepoint: 2864 ns, Total: 159431 ns
[2021-11-03T04:29:25.181+0000][7][safepoint    ] Safepoint "Cleanup", Time since last: 1001355209 ns, Reaching safepoint: 241279 ns, At safepoint: 7307 ns, Total: 248586 ns
[2021-11-03T04:29:26.187+0000][7][safepoint    ] Safepoint "Cleanup", Time since last: 1006010008 ns, Reaching safepoint: 149437 ns, At safepoint: 2601 ns, Total: 152038 ns
[2021-11-03T04:29:27.189+0000][7][safepoint    ] Safepoint "Cleanup", Time since last: 1001252485 ns, Reaching safepoint: 238109 ns, At safepoint: 4647 ns, Total: 242756 ns
[2021-11-03T04:29:28.193+0000][7][safepoint    ] Safepoint "Cleanup", Time since last: 1004322085 ns, Reaching safepoint: 312783 ns, At safepoint: 7419 ns, Total: 320202 ns
[2021-11-03T04:29:29.198+0000][7][safepoint    ] Safepoint "Cleanup", Time since last: 1004719656 ns, Reaching safepoint: 417067 ns, At safepoint: 11944 ns, Total: 429011 ns
[2021-11-03T04:29:30.200+0000][7][safepoint    ] Safepoint "Cleanup", Time since last: 1001641646 ns, Reaching safepoint: 258181 ns, At safepoint: 9156 ns, Total: 267337 ns
[2021-11-03T04:29:31.204+0000][7][safepoint    ] Safepoint "Cleanup", Time since last: 1002713038 ns, Reaching safepoint: 574508 ns, At safepoint: 18022 ns, Total: 592530 ns
[2021-11-03T04:29:32.210+0000][7][safepoint    ] Safepoint "Cleanup", Time since last: 1006004391 ns, Reaching safepoint: 784737 ns, At safepoint: 18982 ns, Total: 803719 ns
[2021-11-03T04:29:33.214+0000][7][safepoint    ] Safepoint "Cleanup", Time since last: 1003621585 ns, Reaching safepoint: 282012 ns, At safepoint: 7146 ns, Total: 289158 ns
[2021-11-03T04:29:34.220+0000][7][safepoint    ] Safepoint "Cleanup", Time since last: 1005055763 ns, Reaching safepoint: 307171 ns, At safepoint: 6582 ns, Total: 313753 ns
[2021-11-03T04:29:35.203+0000][7][safepoint    ] Safepoint "Cleanup", Time since last: 1003788667 ns, Reaching safepoint: 333772 ns, At safepoint: 7794 ns, Total: 341566 ns
[2021-11-03T04:29:36.206+0000][7][safepoint    ] Safepoint "Cleanup", Time since last: 1002697410 ns, Reaching safepoint: 216639 ns, At safepoint: 6775 ns, Total: 223414 ns
[2021-11-03T04:29:37.209+0000][7][safepoint    ] Safepoint "Cleanup", Time since last: 1002720871 ns, Reaching safepoint: 344791 ns, At safepoint: 78995 ns, Total: 423786 ns
[2021-11-03T04:29:38.211+0000][7][safepoint    ] Safepoint "Cleanup", Time since last: 1002371572 ns, Reaching safepoint: 163567 ns, At safepoint: 4468 ns, Total: 168035 ns
[2021-11-03T04:29:39.213+0000][7][safepoint    ] Safepoint "Cleanup", Time since last: 1001727469 ns, Reaching safepoint: 246246 ns, At safepoint: 6737 ns, Total: 252983 ns
[2021-11-03T04:29:40.216+0000][7][safepoint    ] Safepoint "Cleanup", Time since last: 1002309786 ns, Reaching safepoint: 247848 ns, At safepoint: 7087 ns, Total: 254935 ns
[2021-11-03T04:29:41.221+0000][7][safepoint    ] Safepoint "Cleanup", Time since last: 1005091217 ns, Reaching safepoint: 233973 ns, At safepoint: 8598 ns, Total: 242571 ns
[2021-11-03T04:29:42.226+0000][7][safepoint    ] Safepoint "Cleanup", Time since last: 1004358232 ns, Reaching safepoint: 444000 ns, At safepoint: 8856 ns, Total: 452856 ns
[2021-11-03T04:29:43.231+0000][7][safepoint    ] Safepoint "Cleanup", Time since last: 1004057524 ns, Reaching safepoint: 287174 ns, At safepoint: 6931 ns, Total: 294105 ns
[2021-11-03T04:29:44.234+0000][7][safepoint    ] Safepoint "Cleanup", Time since last: 1003106682 ns, Reaching safepoint: 331934 ns, At safepoint: 6373 ns, Total: 338307 ns
[2021-11-03T04:29:45.237+0000][7][safepoint    ] Safepoint "Cleanup", Time since last: 1002361058 ns, Reaching safepoint: 291290 ns, At safepoint: 6178 ns, Total: 297468 ns
[2021-11-03T04:29:46.244+0000][7][safepoint    ] Safepoint "Cleanup", Time since last: 1007225234 ns, Reaching safepoint: 545820 ns, At safepoint: 20584 ns, Total: 566404 ns
[2021-11-03T04:29:47.252+0000][7][safepoint    ] Safepoint "Cleanup", Time since last: 1007421842 ns, Reaching safepoint: 519019 ns, At safepoint: 18607 ns, Total: 537626 ns
[2021-11-03T04:29:48.255+0000][7][safepoint    ] Safepoint "Cleanup", Time since last: 1002667317 ns, Reaching safepoint: 405959 ns, At safepoint: 11136 ns, Total: 417095 ns
[2021-11-03T04:29:49.259+0000][7][safepoint    ] Safepoint "Cleanup", Time since last: 1003546357 ns, Reaching safepoint: 347555 ns, At safepoint: 6312 ns, Total: 353867 ns
[2021-11-03T04:29:50.263+0000][7][safepoint    ] Safepoint "Cleanup", Time since last: 1002983898 ns, Reaching safepoint: 241081 ns, At safepoint: 6185 ns, Total: 247266 ns
[2021-11-03T04:29:51.266+0000][7][safepoint    ] Safepoint "Cleanup", Time since last: 1002939996 ns, Reaching safepoint: 248508 ns, At safepoint: 7323 ns, Total: 255831 ns
[2021-11-03T04:29:52.269+0000][7][safepoint    ] Safepoint "Cleanup", Time since last: 1003396716 ns, Reaching safepoint: 234248 ns, At safepoint: 6456 ns, Total: 240704 ns
[2021-11-03T04:29:53.278+0000][7][safepoint    ] Safepoint "Cleanup", Time since last: 1008097876 ns, Reaching safepoint: 180331 ns, At safepoint: 20702 ns, Total: 201033 ns
[2021-11-03T04:29:54.281+0000][7][safepoint    ] Safepoint "Cleanup", Time since last: 1003253225 ns, Reaching safepoint: 391141 ns, At safepoint: 8079 ns, Total: 399220 ns
[2021-11-03T04:29:55.284+0000][7][safepoint    ] Safepoint "Cleanup", Time since last: 1002189658 ns, Reaching safepoint: 287073 ns, At safepoint: 7172 ns, Total: 294245 ns
[2021-11-03T04:29:56.287+0000][7][safepoint    ] Safepoint "Cleanup", Time since last: 1002976887 ns, Reaching safepoint: 250860 ns, At safepoint: 9801 ns, Total: 260661 ns
[2021-11-03T04:29:57.290+0000][7][safepoint    ] Safepoint "Cleanup", Time since last: 1003044141 ns, Reaching safepoint: 246609 ns, At safepoint: 7423 ns, Total: 254032 ns
[2021-11-03T04:29:58.295+0000][7][safepoint    ] Safepoint "Cleanup", Time since last: 1003771301 ns, Reaching safepoint: 560133 ns, At safepoint: 9068 ns, Total: 569201 ns
[2021-11-03T04:29:59.298+0000][7][safepoint    ] Safepoint "Cleanup", Time since last: 1002831686 ns, Reaching safepoint: 103808 ns, At safepoint: 2239 ns, Total: 106047 ns
[2021-11-03T04:30:00.299+0000][7][safepoint    ] Safepoint "Cleanup", Time since last: 1001034596 ns, Reaching safepoint: 284069 ns, At safepoint: 6731 ns, Total: 290800 ns
[2021-11-03T04:30:01.303+0000][7][safepoint    ] Safepoint "Cleanup", Time since last: 1003248986 ns, Reaching safepoint: 288889 ns, At safepoint: 5723 ns, Total: 294612 ns
[2021-11-03T04:30:02.307+0000][7][safepoint    ] Safepoint "Cleanup", Time since last: 1004404039 ns, Reaching safepoint: 389940 ns, At safepoint: 99572 ns, Total: 489512 ns
[2021-11-03T04:30:03.310+0000][7][safepoint    ] Safepoint "Cleanup", Time since last: 1002474396 ns, Reaching safepoint: 361141 ns, At safepoint: 7634 ns, Total: 368775 ns
[2021-11-03T04:30:04.315+0000][7][safepoint    ] Safepoint "Cleanup", Time since last: 1004085667 ns, Reaching safepoint: 298490 ns, At safepoint: 67589 ns, Total: 366079 ns
[2021-11-03T04:30:05.299+0000][7][safepoint    ] Safepoint "Cleanup", Time since last: 1004557724 ns, Reaching safepoint: 304319 ns, At safepoint: 7364 ns, Total: 311683 ns
[2021-11-03T04:30:06.304+0000][7][safepoint    ] Safepoint "Cleanup", Time since last: 1005134959 ns, Reaching safepoint: 325142 ns, At safepoint: 121202 ns, Total: 446344 ns
[2021-11-03T04:30:07.307+0000][7][safepoint    ] Safepoint "Cleanup", Time since last: 1002363894 ns, Reaching safepoint: 302708 ns, At safepoint: 9004 ns, Total: 311712 ns
[2021-11-03T04:30:08.311+0000][7][safepoint    ] Safepoint "Cleanup", Time since last: 1003373396 ns, Reaching safepoint: 198735 ns, At safepoint: 10410 ns, Total: 209145 ns
[2021-11-03T04:30:09.319+0000][7][safepoint    ] Safepoint "Cleanup", Time since last: 1008334839 ns, Reaching safepoint: 243040 ns, At safepoint: 6640 ns, Total: 249680 ns
[2021-11-03T04:30:10.325+0000][7][safepoint    ] Safepoint "Cleanup", Time since last: 1005770177 ns, Reaching safepoint: 440744 ns, At safepoint: 18660 ns, Total: 459404 ns
[2021-11-03T04:30:11.330+0000][7][safepoint    ] Safepoint "Cleanup", Time since last: 1004051523 ns, Reaching safepoint: 297431 ns, At safepoint: 6692 ns, Total: 304123 ns
[2021-11-03T04:30:12.342+0000][7][safepoint    ] Safepoint "Cleanup", Time since last: 1011486659 ns, Reaching safepoint: 312594 ns, At safepoint: 7156 ns, Total: 319750 ns
[2021-11-03T04:30:13.348+0000][7][safepoint    ] Safepoint "Cleanup", Time since last: 1006036090 ns, Reaching safepoint: 315564 ns, At safepoint: 10476 ns, Total: 326040 ns
[2021-11-03T04:30:14.354+0000][7][safepoint    ] Safepoint "Cleanup", Time since last: 1005458340 ns, Reaching safepoint: 323032 ns, At safepoint: 7417 ns, Total: 330449 ns
[2021-11-03T04:30:15.365+0000][7][safepoint    ] Safepoint "Cleanup", Time since last: 1011026178 ns, Reaching safepoint: 249471 ns, At safepoint: 6324 ns, Total: 255795 ns
[2021-11-03T04:30:16.372+0000][7][safepoint    ] Safepoint "Cleanup", Time since last: 1007297549 ns, Reaching safepoint: 216411 ns, At safepoint: 6230 ns, Total: 222641 ns
[2021-11-03T04:30:17.376+0000][7][safepoint    ] Safepoint "Cleanup", Time since last: 1003361657 ns, Reaching safepoint: 222551 ns, At safepoint: 6355 ns, Total: 228906 ns
[2021-11-03T04:30:18.383+0000][7][safepoint    ] Safepoint "Cleanup", Time since last: 1006345353 ns, Reaching safepoint: 162629 ns, At safepoint: 5495 ns, Total: 168124 ns
[2021-11-03T04:30:19.386+0000][7][safepoint    ] Safepoint "Cleanup", Time since last: 1002910030 ns, Reaching safepoint: 418659 ns, At safepoint: 9549 ns, Total: 428208 ns
[2021-11-03T04:30:20.391+0000][7][safepoint    ] Safepoint "Cleanup", Time since last: 1005102141 ns, Reaching safepoint: 224765 ns, At safepoint: 5898 ns, Total: 230663 ns
[2021-11-03T04:30:21.395+0000][7][safepoint    ] Safepoint "Cleanup", Time since last: 1003809260 ns, Reaching safepoint: 327452 ns, At safepoint: 7811 ns, Total: 335263 ns
[2021-11-03T04:30:22.398+0000][7][safepoint    ] Safepoint "Cleanup", Time since last: 1002798155 ns, Reaching safepoint: 105477 ns, At safepoint: 2602 ns, Total: 108079 ns
[2021-11-03T04:30:23.401+0000][7][safepoint    ] Safepoint "Cleanup", Time since last: 1002718960 ns, Reaching safepoint: 392981 ns, At safepoint: 8166 ns, Total: 401147 ns
[2021-11-03T04:30:24.409+0000][7][safepoint    ] Safepoint "Cleanup", Time since last: 1007464600 ns, Reaching safepoint: 250710 ns, At safepoint: 170505 ns, Total: 421215 ns
[2021-11-03T04:30:25.421+0000][7][safepoint    ] Safepoint "Cleanup", Time since last: 1011440105 ns, Reaching safepoint: 505980 ns, At safepoint: 9833 ns, Total: 515813 ns
[2021-11-03T04:30:26.424+0000][7][safepoint    ] Safepoint "Cleanup", Time since last: 1002458560 ns, Reaching safepoint: 287957 ns, At safepoint: 5986 ns, Total: 293943 ns
[2021-11-03T04:30:27.427+0000][7][safepoint    ] Safepoint "Cleanup", Time since last: 1002113416 ns, Reaching safepoint: 372586 ns, At safepoint: 7297 ns, Total: 379883 ns
[2021-11-03T04:30:28.430+0000][7][safepoint    ] Safepoint "Cleanup", Time since last: 1003243564 ns, Reaching safepoint: 176843 ns, At safepoint: 6508 ns, Total: 183351 ns
[2021-11-03T04:30:29.437+0000][7][safepoint    ] Safepoint "Cleanup", Time since last: 1007174962 ns, Reaching safepoint: 330698 ns, At safepoint: 7025 ns, Total: 337723 ns
[2021-11-03T04:30:30.441+0000][7][safepoint    ] Safepoint "Cleanup", Time since last: 1003466854 ns, Reaching safepoint: 297643 ns, At safepoint: 11225 ns, Total: 308868 ns
[2021-11-03T04:30:31.450+0000][7][safepoint    ] Safepoint "Cleanup", Time since last: 1008638636 ns, Reaching safepoint: 231772 ns, At safepoint: 6139 ns, Total: 237911 ns
[2021-11-03T04:30:32.453+0000][7][safepoint    ] Safepoint "Cleanup", Time since last: 1002489775 ns, Reaching safepoint: 226846 ns, At safepoint: 7108 ns, Total: 233954 ns
[2021-11-03T04:30:33.456+0000][7][safepoint    ] Safepoint "Cleanup", Time since last: 1002529524 ns, Reaching safepoint: 235970 ns, At safepoint: 13968 ns, Total: 249938 ns
[2021-11-03T04:30:34.459+0000][7][safepoint    ] Safepoint "Cleanup", Time since last: 1002677177 ns, Reaching safepoint: 264347 ns, At safepoint: 10158 ns, Total: 274505 ns
[2021-11-03T04:30:35.441+0000][7][safepoint    ] Safepoint "Cleanup", Time since last: 1002880182 ns, Reaching safepoint: 236256 ns, At safepoint: 6794 ns, Total: 243050 ns
[2021-11-03T04:30:36.448+0000][7][safepoint    ] Safepoint "Cleanup", Time since last: 1007063967 ns, Reaching safepoint: 224805 ns, At safepoint: 5131 ns, Total: 229936 ns
[2021-11-03T04:30:37.450+0000][7][safepoint    ] Safepoint "Cleanup", Time since last: 1001844239 ns, Reaching safepoint: 99424 ns, At safepoint: 3853 ns, Total: 103277 ns
[2021-11-03T04:30:38.452+0000][7][safepoint    ] Safepoint "Cleanup", Time since last: 1001626319 ns, Reaching safepoint: 166480 ns, At safepoint: 5589 ns, Total: 172069 ns
[2021-11-03T04:30:39.460+0000][7][safepoint    ] Safepoint "Cleanup", Time since last: 1008589045 ns, Reaching safepoint: 163607 ns, At safepoint: 7115 ns, Total: 170722 ns
[2021-11-03T04:30:40.466+0000][7][safepoint    ] Safepoint "Cleanup", Time since last: 1005505501 ns, Reaching safepoint: 160882 ns, At safepoint: 5873 ns, Total: 166755 ns
[2021-11-03T04:30:41.471+0000][7][safepoint    ] Safepoint "Cleanup", Time since last: 1004450631 ns, Reaching safepoint: 171039 ns, At safepoint: 6787 ns, Total: 177826 ns
[2021-11-03T04:30:42.474+0000][7][safepoint    ] Safepoint "Cleanup", Time since last: 1002653972 ns, Reaching safepoint: 162393 ns, At safepoint: 5979 ns, Total: 168372 ns
[2021-11-03T04:30:43.477+0000][7][safepoint    ] Safepoint "Cleanup", Time since last: 1003567698 ns, Reaching safepoint: 268010 ns, At safepoint: 6853 ns, Total: 274863 ns
[2021-11-03T04:30:44.480+0000][7][safepoint    ] Safepoint "Cleanup", Time since last: 1002828705 ns, Reaching safepoint: 160757 ns, At safepoint: 6231 ns, Total: 166988 ns
[2021-11-03T04:30:45.485+0000][7][safepoint    ] Safepoint "Cleanup", Time since last: 1004363433 ns, Reaching safepoint: 288439 ns, At safepoint: 5949 ns, Total: 294388 ns
[2021-11-03T04:30:46.487+0000][7][safepoint    ] Safepoint "Cleanup", Time since last: 1001946720 ns, Reaching safepoint: 346986 ns, At safepoint: 9594 ns, Total: 356580 ns
[2021-11-03T04:30:47.494+0000][7][safepoint    ] Safepoint "Cleanup", Time since last: 1006653642 ns, Reaching safepoint: 279301 ns, At safepoint: 9059 ns, Total: 288360 ns
[2021-11-03T04:30:48.497+0000][7][safepoint    ] Safepoint "Cleanup", Time since last: 1002937830 ns, Reaching safepoint: 237303 ns, At safepoint: 5222 ns, Total: 242525 ns
[2021-11-03T04:30:49.500+0000][7][safepoint    ] Safepoint "Cleanup", Time since last: 1002018845 ns, Reaching safepoint: 171635 ns, At safepoint: 6239 ns, Total: 177874 ns
[2021-11-03T04:30:50.502+0000][7][safepoint    ] Safepoint "Cleanup", Time since last: 1002643418 ns, Reaching safepoint: 173828 ns, At safepoint: 6365 ns, Total: 180193 ns
[2021-11-03T04:30:51.506+0000][7][safepoint    ] Safepoint "Cleanup", Time since last: 1003249874 ns, Reaching safepoint: 178025 ns, At safepoint: 6905 ns, Total: 184930 ns
[2021-11-03T04:30:52.510+0000][7][safepoint    ] Safepoint "Cleanup", Time since last: 1003572800 ns, Reaching safepoint: 176515 ns, At safepoint: 6468 ns, Total: 182983 ns
[2021-11-03T04:30:53.513+0000][7][safepoint    ] Safepoint "Cleanup", Time since last: 1002728126 ns, Reaching safepoint: 176119 ns, At safepoint: 6230 ns, Total: 182349 ns
[2021-11-03T04:30:54.517+0000][7][safepoint    ] Safepoint "Cleanup", Time since last: 1003993401 ns, Reaching safepoint: 107196 ns, At safepoint: 2398 ns, Total: 109594 ns
[2021-11-03T04:30:55.518+0000][7][safepoint    ] Safepoint "Cleanup", Time since last: 1001483057 ns, Reaching safepoint: 161464 ns, At safepoint: 5959 ns, Total: 167423 ns
[2021-11-03T04:30:56.521+0000][7][safepoint    ] Safepoint "Cleanup", Time since last: 1002221176 ns, Reaching safepoint: 251109 ns, At safepoint: 6446 ns, Total: 257555 ns
[2021-11-03T04:30:57.524+0000][7][safepoint    ] Safepoint "Cleanup", Time since last: 1002536226 ns, Reaching safepoint: 230672 ns, At safepoint: 6522 ns, Total: 237194 ns
[2021-11-03T04:30:58.527+0000][7][safepoint    ] Safepoint "Cleanup", Time since last: 1002894540 ns, Reaching safepoint: 612707 ns, At safepoint: 106776 ns, Total: 719483 ns
[2021-11-03T04:30:59.530+0000][7][safepoint    ] Safepoint "Cleanup", Time since last: 1002580763 ns, Reaching safepoint: 240368 ns, At safepoint: 6857 ns, Total: 247225 ns
[2021-11-03T04:31:00.533+0000][7][safepoint    ] Safepoint "Cleanup", Time since last: 1002794085 ns, Reaching safepoint: 610039 ns, At safepoint: 19653 ns, Total: 629692 ns
[2021-11-03T04:31:01.538+0000][7][safepoint    ] Safepoint "Cleanup", Time since last: 1004187251 ns, Reaching safepoint: 412191 ns, At safepoint: 8734 ns, Total: 420925 ns
[2021-11-03T04:31:02.542+0000][7][safepoint    ] Safepoint "Cleanup", Time since last: 1003140266 ns, Reaching safepoint: 349428 ns, At safepoint: 9090 ns, Total: 358518 ns
[2021-11-03T04:31:03.546+0000][7][safepoint    ] Safepoint "Cleanup", Time since last: 1004532758 ns, Reaching safepoint: 248410 ns, At safepoint: 6210 ns, Total: 254620 ns
[2021-11-03T04:31:04.553+0000][7][safepoint    ] Safepoint "Cleanup", Time since last: 1006413878 ns, Reaching safepoint: 238124 ns, At safepoint: 12702 ns, Total: 250826 ns
[2021-11-03T04:31:05.536+0000][7][safepoint    ] Safepoint "Cleanup", Time since last: 1003998954 ns, Reaching safepoint: 160193 ns, At safepoint: 3233 ns, Total: 163426 ns
[2021-11-03T04:31:06.538+0000][7][safepoint    ] Safepoint "Cleanup", Time since last: 1001339575 ns, Reaching safepoint: 219158 ns, At safepoint: 7157 ns, Total: 226315 ns
[2021-11-03T04:31:07.540+0000][7][safepoint    ] Safepoint "Cleanup", Time since last: 1002409667 ns, Reaching safepoint: 228115 ns, At safepoint: 6089 ns, Total: 234204 ns
[2021-11-03T04:31:08.544+0000][7][safepoint    ] Safepoint "Cleanup", Time since last: 1003836712 ns, Reaching safepoint: 261222 ns, At safepoint: 29694 ns, Total: 290916 ns
[2021-11-03T04:31:09.548+0000][7][safepoint    ] Safepoint "Cleanup", Time since last: 1003660370 ns, Reaching safepoint: 234239 ns, At safepoint: 6804 ns, Total: 241043 ns
[2021-11-03T04:31:10.550+0000][7][safepoint    ] Safepoint "Cleanup", Time since last: 1002048566 ns, Reaching safepoint: 230829 ns, At safepoint: 6959 ns, Total: 237788 ns
[2021-11-03T04:31:11.553+0000][7][safepoint    ] Safepoint "Cleanup", Time since last: 1002533829 ns, Reaching safepoint: 229950 ns, At safepoint: 6554 ns, Total: 236504 ns
[2021-11-03T04:31:12.562+0000][7][safepoint    ] Safepoint "Cleanup", Time since last: 1007564970 ns, Reaching safepoint: 715486 ns, At safepoint: 19806 ns, Total: 735292 ns
[2021-11-03T04:31:13.565+0000][7][safepoint    ] Safepoint "Cleanup", Time since last: 1003221339 ns, Reaching safepoint: 357701 ns, At safepoint: 6784 ns, Total: 364485 ns
[2021-11-03T04:31:14.569+0000][7][safepoint    ] Safepoint "Cleanup", Time since last: 1004038122 ns, Reaching safepoint: 231002 ns, At safepoint: 6075 ns, Total: 237077 ns
[2021-11-03T04:31:15.578+0000][7][safepoint    ] Safepoint "Cleanup", Time since last: 1007937723 ns, Reaching safepoint: 227663 ns, At safepoint: 6793 ns, Total: 234456 ns
[2021-11-03T04:31:16.581+0000][7][safepoint    ] Safepoint "Cleanup", Time since last: 1003433465 ns, Reaching safepoint: 278757 ns, At safepoint: 6105 ns, Total: 284862 ns
[2021-11-03T04:31:17.584+0000][7][safepoint    ] Safepoint "Cleanup", Time since last: 1002119968 ns, Reaching safepoint: 248211 ns, At safepoint: 6766 ns, Total: 254977 ns
[2021-11-03T04:31:18.587+0000][7][safepoint    ] Safepoint "Cleanup", Time since last: 1003444469 ns, Reaching safepoint: 246519 ns, At safepoint: 6471 ns, Total: 252990 ns
[2021-11-03T04:31:19.592+0000][7][safepoint    ] Safepoint "Cleanup", Time since last: 1004889083 ns, Reaching safepoint: 190359 ns, At safepoint: 7604 ns, Total: 197963 ns
[2021-11-03T04:31:20.596+0000][7][safepoint    ] Safepoint "Cleanup", Time since last: 1002928403 ns, Reaching safepoint: 300541 ns, At safepoint: 11377 ns, Total: 311918 ns
[2021-11-03T04:31:21.598+0000][7][safepoint    ] Safepoint "Cleanup", Time since last: 1002216893 ns, Reaching safepoint: 306778 ns, At safepoint: 12114 ns, Total: 318892 ns
[2021-11-03T04:31:22.602+0000][7][safepoint    ] Safepoint "Cleanup", Time since last: 1003125737 ns, Reaching safepoint: 237533 ns, At safepoint: 6342 ns, Total: 243875 ns
[2021-11-03T04:31:23.610+0000][7][safepoint    ] Safepoint "Cleanup", Time since last: 1007992201 ns, Reaching safepoint: 474703 ns, At safepoint: 9225 ns, Total: 483928 ns
[2021-11-03T04:31:24.613+0000][7][safepoint    ] Safepoint "Cleanup", Time since last: 1002499001 ns, Reaching safepoint: 250472 ns, At safepoint: 8666 ns, Total: 259138 ns
[2021-11-03T04:31:25.619+0000][7][safepoint    ] Safepoint "Cleanup", Time since last: 1005702242 ns, Reaching safepoint: 234463 ns, At safepoint: 7381 ns, Total: 241844 ns
[2021-11-03T04:31:26.625+0000][7][safepoint    ] Safepoint "Cleanup", Time since last: 1006304382 ns, Reaching safepoint: 231700 ns, At safepoint: 7286 ns, Total: 238986 ns
[2021-11-03T04:31:27.635+0000][7][safepoint    ] Safepoint "Cleanup", Time since last: 1009323671 ns, Reaching safepoint: 230591 ns, At safepoint: 7501 ns, Total: 238092 ns
[2021-11-03T04:31:28.638+0000][7][safepoint    ] Safepoint "Cleanup", Time since last: 1002883885 ns, Reaching safepoint: 538921 ns, At safepoint: 8172 ns, Total: 547093 ns
[2021-11-03T04:31:29.642+0000][7][safepoint    ] Safepoint "Cleanup", Time since last: 1003233021 ns, Reaching safepoint: 284862 ns, At safepoint: 6368 ns, Total: 291230 ns
[2021-11-03T04:31:30.648+0000][7][safepoint    ] Safepoint "Cleanup", Time since last: 1005329878 ns, Reaching safepoint: 519929 ns, At safepoint: 9879 ns, Total: 529808 ns
[2021-11-03T04:31:31.658+0000][7][safepoint    ] Safepoint "Cleanup", Time since last: 1009815694 ns, Reaching safepoint: 575760 ns, At safepoint: 82826 ns, Total: 658586 ns
[2021-11-03T04:31:32.662+0000][7][safepoint    ] Safepoint "Cleanup", Time since last: 1003182139 ns, Reaching safepoint: 460709 ns, At safepoint: 9966 ns, Total: 470675 ns
[2021-11-03T04:31:33.665+0000][7][safepoint    ] Safepoint "Cleanup", Time since last: 1002387810 ns, Reaching safepoint: 475356 ns, At safepoint: 12991 ns, Total: 488347 ns
[2021-11-03T04:31:34.647+0000][7][safepoint    ] Safepoint "Cleanup", Time since last: 1001928670 ns, Reaching safepoint: 663830 ns, At safepoint: 25406 ns, Total: 689236 ns
[2021-11-03T04:31:36.224+0000][7][safepoint    ] Safepoint "Cleanup", Time since last: 1576969768 ns, Reaching safepoint: 244414 ns, At safepoint: 7503 ns, Total: 251917 ns
[2021-11-03T04:31:37.226+0000][7][safepoint    ] Safepoint "Cleanup", Time since last: 1002228213 ns, Reaching safepoint: 211928 ns, At safepoint: 4107 ns, Total: 216035 ns
[2021-11-03T04:31:38.230+0000][7][safepoint    ] Safepoint "Cleanup", Time since last: 1003378398 ns, Reaching safepoint: 242579 ns, At safepoint: 6510 ns, Total: 249089 ns
[2021-11-03T04:31:39.233+0000][7][safepoint    ] Safepoint "Cleanup", Time since last: 1002066057 ns, Reaching safepoint: 470132 ns, At safepoint: 20949 ns, Total: 491081 ns
[2021-11-03T04:31:40.236+0000][7][safepoint    ] Safepoint "Cleanup", Time since last: 1002890036 ns, Reaching safepoint: 275623 ns, At safepoint: 7079 ns, Total: 282702 ns
[2021-11-03T04:31:41.240+0000][7][safepoint    ] Safepoint "Cleanup", Time since last: 1003935523 ns, Reaching safepoint: 320724 ns, At safepoint: 12338 ns, Total: 333062 ns
[2021-11-03T04:31:42.242+0000][7][safepoint    ] Safepoint "Cleanup", Time since last: 1001756889 ns, Reaching safepoint: 229824 ns, At safepoint: 6671 ns, Total: 236495 ns
[2021-11-03T04:31:43.246+0000][7][safepoint    ] Safepoint "Cleanup", Time since last: 1003987603 ns, Reaching safepoint: 264270 ns, At safepoint: 7968 ns, Total: 272238 ns
[2021-11-03T04:31:44.251+0000][7][safepoint    ] Safepoint "Cleanup", Time since last: 1004632892 ns, Reaching safepoint: 308584 ns, At safepoint: 7473 ns, Total: 316057 ns
[2021-11-03T04:31:45.261+0000][7][safepoint    ] Safepoint "Cleanup", Time since last: 1009561227 ns, Reaching safepoint: 186606 ns, At safepoint: 8429 ns, Total: 195035 ns
[2021-11-03T04:31:46.267+0000][7][safepoint    ] Safepoint "Cleanup", Time since last: 1005737971 ns, Reaching safepoint: 356218 ns, At safepoint: 7579 ns, Total: 363797 ns
[2021-11-03T04:31:47.270+0000][7][safepoint    ] Safepoint "Cleanup", Time since last: 1002433202 ns, Reaching safepoint: 414159 ns, At safepoint: 8667 ns, Total: 422826 ns
[2021-11-03T04:31:48.273+0000][7][safepoint    ] Safepoint "Cleanup", Time since last: 1002754119 ns, Reaching safepoint: 248779 ns, At safepoint: 7401 ns, Total: 256180 ns
[2021-11-03T04:31:49.277+0000][7][safepoint    ] Safepoint "Cleanup", Time since last: 1003495582 ns, Reaching safepoint: 241520 ns, At safepoint: 6572 ns, Total: 248092 ns
[2021-11-03T04:31:50.281+0000][7][safepoint    ] Safepoint "Cleanup", Time since last: 1004179126 ns, Reaching safepoint: 202173 ns, At safepoint: 7459 ns, Total: 209632 ns
[2021-11-03T04:31:51.287+0000][7][safepoint    ] Safepoint "Cleanup", Time since last: 1005946348 ns, Reaching safepoint: 169547 ns, At safepoint: 6566 ns, Total: 176113 ns
[2021-11-03T04:31:52.292+0000][7][safepoint    ] Safepoint "Cleanup", Time since last: 1004333418 ns, Reaching safepoint: 163970 ns, At safepoint: 5979 ns, Total: 169949 ns
[2021-11-03T04:31:53.296+0000][7][safepoint    ] Safepoint "Cleanup", Time since last: 1003711632 ns, Reaching safepoint: 162565 ns, At safepoint: 5585 ns, Total: 168150 ns
[2021-11-03T04:31:54.299+0000][7][safepoint    ] Safepoint "Cleanup", Time since last: 1003805942 ns, Reaching safepoint: 110891 ns, At safepoint: 3866 ns, Total: 114757 ns
[2021-11-03T04:31:55.301+0000][7][safepoint    ] Safepoint "Cleanup", Time since last: 1001873697 ns, Reaching safepoint: 174019 ns, At safepoint: 6315 ns, Total: 180334 ns
[2021-11-03T04:31:56.307+0000][7][safepoint    ] Safepoint "Cleanup", Time since last: 1005593908 ns, Reaching safepoint: 342110 ns, At safepoint: 7756 ns, Total: 349866 ns
[2021-11-03T04:31:57.316+0000][7][safepoint    ] Safepoint "Cleanup", Time since last: 1008293839 ns, Reaching safepoint: 276591 ns, At safepoint: 7182 ns, Total: 283773 ns
[2021-11-03T04:31:58.319+0000][7][safepoint    ] Safepoint "Cleanup", Time since last: 1002944296 ns, Reaching safepoint: 169244 ns, At safepoint: 6574 ns, Total: 175818 ns
[2021-11-03T04:31:59.328+0000][7][safepoint    ] Safepoint "Cleanup", Time since last: 1008356127 ns, Reaching safepoint: 173546 ns, At safepoint: 6056 ns, Total: 179602 ns
[2021-11-03T04:32:00.340+0000][7][safepoint    ] Safepoint "Cleanup", Time since last: 1012630692 ns, Reaching safepoint: 163053 ns, At safepoint: 6631 ns, Total: 169684 ns
[2021-11-03T04:32:01.350+0000][7][safepoint    ] Safepoint "Cleanup", Time since last: 1009020440 ns, Reaching safepoint: 164406 ns, At safepoint: 6327 ns, Total: 170733 ns
[2021-11-03T04:32:02.354+0000][7][safepoint    ] Safepoint "Cleanup", Time since last: 1004256582 ns, Reaching safepoint: 162788 ns, At safepoint: 6875 ns, Total: 169663 ns
[2021-11-03T04:32:03.359+0000][7][safepoint    ] Safepoint "Cleanup", Time since last: 1005156085 ns, Reaching safepoint: 201280 ns, At safepoint: 8013 ns, Total: 209293 ns
[2021-11-03T04:32:04.362+0000][7][safepoint    ] Safepoint "Cleanup", Time since last: 1002213628 ns, Reaching safepoint: 345256 ns, At safepoint: 8582 ns, Total: 353838 ns
[2021-11-03T04:32:05.344+0000][7][safepoint    ] Safepoint "Cleanup", Time since last: 1002478518 ns, Reaching safepoint: 168303 ns, At safepoint: 6386 ns, Total: 174689 ns
[2021-11-03T04:32:06.346+0000][7][safepoint    ] Safepoint "Cleanup", Time since last: 1002098730 ns, Reaching safepoint: 119382 ns, At safepoint: 3584 ns, Total: 122966 ns
[2021-11-03T04:32:07.349+0000][7][safepoint    ] Safepoint "Cleanup", Time since last: 1002235319 ns, Reaching safepoint: 346738 ns, At safepoint: 7185 ns, Total: 353923 ns
[2021-11-03T04:32:08.351+0000][7][safepoint    ] Safepoint "Cleanup", Time since last: 1002004227 ns, Reaching safepoint: 247783 ns, At safepoint: 6903 ns, Total: 254686 ns
[2021-11-03T04:32:09.356+0000][7][safepoint    ] Safepoint "Cleanup", Time since last: 1005309185 ns, Reaching safepoint: 175861 ns, At safepoint: 6806 ns, Total: 182667 ns
[2021-11-03T04:32:10.358+0000][7][safepoint    ] Safepoint "Cleanup", Time since last: 1001932420 ns, Reaching safepoint: 210036 ns, At safepoint: 3825 ns, Total: 213861 ns
[2021-11-03T04:32:11.360+0000][7][safepoint    ] Safepoint "Cleanup", Time since last: 1001456872 ns, Reaching safepoint: 165961 ns, At safepoint: 6116 ns, Total: 172077 ns
[2021-11-03T04:32:12.363+0000][7][safepoint    ] Safepoint "Cleanup", Time since last: 1002151568 ns, Reaching safepoint: 372712 ns, At safepoint: 7307 ns, Total: 380019 ns
[2021-11-03T04:32:13.367+0000][7][safepoint    ] Safepoint "Cleanup", Time since last: 1004323933 ns, Reaching safepoint: 137738 ns, At safepoint: 3061 ns, Total: 140799 ns
[2021-11-03T04:32:14.369+0000][7][safepoint    ] Safepoint "Cleanup", Time since last: 1001445755 ns, Reaching safepoint: 250347 ns, At safepoint: 7528 ns, Total: 257875 ns
[2021-11-03T04:32:15.380+0000][7][safepoint    ] Safepoint "Cleanup", Time since last: 1010717396 ns, Reaching safepoint: 172759 ns, At safepoint: 6276 ns, Total: 179035 ns
[2021-11-03T04:32:16.383+0000][7][safepoint    ] Safepoint "Cleanup", Time since last: 1003375379 ns, Reaching safepoint: 118107 ns, At safepoint: 3907 ns, Total: 122014 ns
[2021-11-03T04:32:17.385+0000][7][safepoint    ] Safepoint "Cleanup", Time since last: 1001713271 ns, Reaching safepoint: 217818 ns, At safepoint: 6674 ns, Total: 224492 ns
[2021-11-03T04:32:18.391+0000][7][safepoint    ] Safepoint "Cleanup", Time since last: 1005103941 ns, Reaching safepoint: 335015 ns, At safepoint: 6805 ns, Total: 341820 ns
[2021-11-03T04:32:19.394+0000][7][safepoint    ] Safepoint "Cleanup", Time since last: 1002848598 ns, Reaching safepoint: 305838 ns, At safepoint: 6067 ns, Total: 311905 ns
[2021-11-03T04:32:20.401+0000][7][safepoint    ] Safepoint "Cleanup", Time since last: 1006844568 ns, Reaching safepoint: 281677 ns, At safepoint: 6179 ns, Total: 287856 ns
[2021-11-03T04:32:21.403+0000][7][safepoint    ] Safepoint "Cleanup", Time since last: 1002107680 ns, Reaching safepoint: 488788 ns, At safepoint: 9421 ns, Total: 498209 ns
[2021-11-03T04:32:22.409+0000][7][safepoint    ] Safepoint "Cleanup", Time since last: 1005108963 ns, Reaching safepoint: 309807 ns, At safepoint: 8135 ns, Total: 317942 ns
[2021-11-03T04:32:23.412+0000][7][safepoint    ] Safepoint "Cleanup", Time since last: 1002911633 ns, Reaching safepoint: 206045 ns, At safepoint: 4296 ns, Total: 210341 ns
[2021-11-03T04:32:24.415+0000][7][safepoint    ] Safepoint "Cleanup", Time since last: 1002172722 ns, Reaching safepoint: 478621 ns, At safepoint: 8187 ns, Total: 486808 ns
[2021-11-03T04:32:25.424+0000][7][safepoint    ] Safepoint "Cleanup", Time since last: 1008731649 ns, Reaching safepoint: 318423 ns, At safepoint: 12499 ns, Total: 330922 ns
[2021-11-03T04:32:26.427+0000][7][safepoint    ] Safepoint "Cleanup", Time since last: 1003155762 ns, Reaching safepoint: 496087 ns, At safepoint: 9516 ns, Total: 505603 ns
[2021-11-03T04:32:27.431+0000][7][safepoint    ] Safepoint "Cleanup", Time since last: 1003558671 ns, Reaching safepoint: 420094 ns, At safepoint: 9060 ns, Total: 429154 ns
[2021-11-03T04:32:28.439+0000][7][safepoint    ] Safepoint "Cleanup", Time since last: 1007567379 ns, Reaching safepoint: 286931 ns, At safepoint: 6019 ns, Total: 292950 ns
[2021-11-03T04:32:29.445+0000][7][safepoint    ] Safepoint "Cleanup", Time since last: 1005254492 ns, Reaching safepoint: 452113 ns, At safepoint: 8744 ns, Total: 460857 ns
[2021-11-03T04:32:30.452+0000][7][safepoint    ] Safepoint "Cleanup", Time since last: 1006272254 ns, Reaching safepoint: 632586 ns, At safepoint: 71974 ns, Total: 704560 ns
[2021-11-03T04:32:31.465+0000][7][safepoint    ] Safepoint "Cleanup", Time since last: 1012649404 ns, Reaching safepoint: 238451 ns, At safepoint: 7772 ns, Total: 246223 ns
[2021-11-03T04:32:32.474+0000][7][safepoint    ] Safepoint "Cleanup", Time since last: 1008787612 ns, Reaching safepoint: 174109 ns, At safepoint: 6995 ns, Total: 181104 ns
[2021-11-03T04:32:33.478+0000][7][safepoint    ] Safepoint "Cleanup", Time since last: 1003666014 ns, Reaching safepoint: 163927 ns, At safepoint: 6810 ns, Total: 170737 ns
[2021-11-03T04:32:34.488+0000][7][safepoint    ] Safepoint "Cleanup", Time since last: 1010346948 ns, Reaching safepoint: 161160 ns, At safepoint: 5971 ns, Total: 167131 ns
[2021-11-03T04:32:35.470+0000][7][safepoint    ] Safepoint "Cleanup", Time since last: 1002472219 ns, Reaching safepoint: 166774 ns, At safepoint: 6260 ns, Total: 173034 ns
[2021-11-03T04:32:36.473+0000][7][safepoint    ] Safepoint "Cleanup", Time since last: 1002681941 ns, Reaching safepoint: 386017 ns, At safepoint: 9059 ns, Total: 395076 ns
[2021-11-03T04:32:37.475+0000][7][safepoint    ] Safepoint "Cleanup", Time since last: 1002336135 ns, Reaching safepoint: 193868 ns, At safepoint: 4220 ns, Total: 198088 ns
[2021-11-03T04:32:38.479+0000][7][safepoint    ] Safepoint "Cleanup", Time since last: 1002918214 ns, Reaching safepoint: 178952 ns, At safepoint: 6174 ns, Total: 185126 ns
[2021-11-03T04:32:39.481+0000][7][safepoint    ] Safepoint "Cleanup", Time since last: 1002609571 ns, Reaching safepoint: 164739 ns, At safepoint: 6001 ns, Total: 170740 ns
[2021-11-03T04:32:40.488+0000][7][safepoint    ] Safepoint "Cleanup", Time since last: 1006800713 ns, Reaching safepoint: 162534 ns, At safepoint: 5855 ns, Total: 168389 ns
[2021-11-03T04:32:41.494+0000][7][safepoint    ] Safepoint "Cleanup", Time since last: 1005456401 ns, Reaching safepoint: 169427 ns, At safepoint: 7039 ns, Total: 176466 ns
[2021-11-03T04:32:42.496+0000][7][safepoint    ] Safepoint "Cleanup", Time since last: 1002183109 ns, Reaching safepoint: 166089 ns, At safepoint: 6177 ns, Total: 172266 ns
[2021-11-03T04:32:43.499+0000][7][safepoint    ] Safepoint "Cleanup", Time since last: 1002588717 ns, Reaching safepoint: 387549 ns, At safepoint: 8824 ns, Total: 396373 ns
[2021-11-03T04:32:44.502+0000][7][safepoint    ] Safepoint "Cleanup", Time since last: 1002658681 ns, Reaching safepoint: 532648 ns, At safepoint: 21452 ns, Total: 554100 ns
[2021-11-03T04:32:45.506+0000][7][safepoint    ] Safepoint "Cleanup", Time since last: 1002922982 ns, Reaching safepoint: 396715 ns, At safepoint: 8834 ns, Total: 405549 ns
[2021-11-03T04:32:46.508+0000][7][safepoint    ] Safepoint "Cleanup", Time since last: 1002391375 ns, Reaching safepoint: 171596 ns, At safepoint: 5714 ns, Total: 177310 ns
[2021-11-03T04:32:47.512+0000][7][safepoint    ] Safepoint "Cleanup", Time since last: 1003196629 ns, Reaching safepoint: 147585 ns, At safepoint: 26846 ns, Total: 174431 ns
[2021-11-03T04:32:48.515+0000][7][safepoint    ] Safepoint "Cleanup", Time since last: 1002870856 ns, Reaching safepoint: 173506 ns, At safepoint: 2736 ns, Total: 176242 ns
[2021-11-03T04:32:49.518+0000][7][safepoint    ] Safepoint "Cleanup", Time since last: 1002616287 ns, Reaching safepoint: 277064 ns, At safepoint: 6943 ns, Total: 284007 ns
[2021-11-03T04:32:50.521+0000][7][safepoint    ] Safepoint "Cleanup", Time since last: 1003042677 ns, Reaching safepoint: 286264 ns, At safepoint: 5840 ns, Total: 292104 ns
[2021-11-03T04:32:51.526+0000][7][safepoint    ] Safepoint "Cleanup", Time since last: 1004449925 ns, Reaching safepoint: 319497 ns, At safepoint: 6880 ns, Total: 326377 ns
[2021-11-03T04:32:52.529+0000][7][safepoint    ] Safepoint "Cleanup", Time since last: 1002378636 ns, Reaching safepoint: 443198 ns, At safepoint: 8968 ns, Total: 452166 ns
[2021-11-03T04:32:53.536+0000][7][safepoint    ] Safepoint "Cleanup", Time since last: 1007461949 ns, Reaching safepoint: 259012 ns, At safepoint: 6930 ns, Total: 265942 ns
[2021-11-03T04:32:54.542+0000][7][safepoint    ] Safepoint "Cleanup", Time since last: 1005226556 ns, Reaching safepoint: 152152 ns, At safepoint: 103378 ns, Total: 255530 ns
[2021-11-03T04:32:55.545+0000][7][safepoint    ] Safepoint "Cleanup", Time since last: 1002769648 ns, Reaching safepoint: 166803 ns, At safepoint: 5533 ns, Total: 172336 ns
[2021-11-03T04:32:56.549+0000][7][safepoint    ] Safepoint "Cleanup", Time since last: 1003620000 ns, Reaching safepoint: 172002 ns, At safepoint: 6823 ns, Total: 178825 ns
[2021-11-03T04:32:57.556+0000][7][safepoint    ] Safepoint "Cleanup", Time since last: 1006708954 ns, Reaching safepoint: 260876 ns, At safepoint: 6791 ns, Total: 267667 ns
[2021-11-03T04:32:58.558+0000][7][safepoint    ] Safepoint "Cleanup", Time since last: 1002159548 ns, Reaching safepoint: 108332 ns, At safepoint: 2830 ns, Total: 111162 ns
[2021-11-03T04:32:59.560+0000][7][safepoint    ] Safepoint "Cleanup", Time since last: 1001366962 ns, Reaching safepoint: 347121 ns, At safepoint: 7704 ns, Total: 354825 ns
[2021-11-03T04:33:00.563+0000][7][safepoint    ] Safepoint "Cleanup", Time since last: 1003350957 ns, Reaching safepoint: 164202 ns, At safepoint: 6322 ns, Total: 170524 ns
[2021-11-03T04:33:01.574+0000][7][safepoint    ] Safepoint "Cleanup", Time since last: 1010699770 ns, Reaching safepoint: 225177 ns, At safepoint: 6620 ns, Total: 231797 ns
[2021-11-03T04:33:02.581+0000][7][safepoint    ] Safepoint "Cleanup", Time since last: 1006504262 ns, Reaching safepoint: 226642 ns, At safepoint: 6483 ns, Total: 233125 ns
[2021-11-03T04:33:03.586+0000][7][safepoint    ] Safepoint "Cleanup", Time since last: 1004809495 ns, Reaching safepoint: 162357 ns, At safepoint: 6062 ns, Total: 168419 ns
[2021-11-03T04:33:04.567+0000][7][safepoint    ] Safepoint "Cleanup", Time since last: 1002445045 ns, Reaching safepoint: 336277 ns, At safepoint: 7605 ns, Total: 343882 ns
[2021-11-03T04:33:05.570+0000][7][safepoint    ] Safepoint "Cleanup", Time since last: 1002813246 ns, Reaching safepoint: 160917 ns, At safepoint: 5936 ns, Total: 166853 ns
[2021-11-03T04:33:06.579+0000][7][safepoint    ] Safepoint "Cleanup", Time since last: 1007976704 ns, Reaching safepoint: 192064 ns, At safepoint: 6461 ns, Total: 198525 ns
[2021-11-03T04:33:07.582+0000][7][safepoint    ] Safepoint "Cleanup", Time since last: 1003260539 ns, Reaching safepoint: 173556 ns, At safepoint: 6288 ns, Total: 179844 ns
[2021-11-03T04:33:08.594+0000][7][safepoint    ] Safepoint "Cleanup", Time since last: 1011322596 ns, Reaching safepoint: 218650 ns, At safepoint: 7931 ns, Total: 226581 ns
[2021-11-03T04:33:09.599+0000][7][safepoint    ] Safepoint "Cleanup", Time since last: 1004616016 ns, Reaching safepoint: 528986 ns, At safepoint: 21530 ns, Total: 550516 ns
[2021-11-03T04:33:10.602+0000][7][safepoint    ] Safepoint "Cleanup", Time since last: 1003087488 ns, Reaching safepoint: 241992 ns, At safepoint: 6805 ns, Total: 248797 ns
[2021-11-03T04:33:11.607+0000][7][safepoint    ] Safepoint "Cleanup", Time since last: 1004240519 ns, Reaching safepoint: 161049 ns, At safepoint: 6677 ns, Total: 167726 ns
[2021-11-03T04:33:12.609+0000][7][safepoint    ] Safepoint "Cleanup", Time since last: 1002434230 ns, Reaching safepoint: 237549 ns, At safepoint: 7839 ns, Total: 245388 ns
[2021-11-03T04:33:13.613+0000][7][safepoint    ] Safepoint "Cleanup", Time since last: 1003772786 ns, Reaching safepoint: 134196 ns, At safepoint: 3475 ns, Total: 137671 ns
[2021-11-03T04:33:14.619+0000][7][safepoint    ] Safepoint "Cleanup", Time since last: 1005588630 ns, Reaching safepoint: 237925 ns, At safepoint: 6808 ns, Total: 244733 ns
[2021-11-03T04:33:15.623+0000][7][safepoint    ] Safepoint "Cleanup", Time since last: 1003352900 ns, Reaching safepoint: 321342 ns, At safepoint: 9080 ns, Total: 330422 ns
[2021-11-03T04:33:16.626+0000][7][safepoint    ] Safepoint "Cleanup", Time since last: 1003193704 ns, Reaching safepoint: 170289 ns, At safepoint: 5917 ns, Total: 176206 ns
[2021-11-03T04:33:17.629+0000][7][safepoint    ] Safepoint "Cleanup", Time since last: 1002955187 ns, Reaching safepoint: 174115 ns, At safepoint: 6552 ns, Total: 180667 ns
[2021-11-03T04:33:18.632+0000][7][safepoint    ] Safepoint "Cleanup", Time since last: 1002589342 ns, Reaching safepoint: 219469 ns, At safepoint: 6264 ns, Total: 225733 ns
[2021-11-03T04:33:19.635+0000][7][safepoint    ] Safepoint "Cleanup", Time since last: 1002304018 ns, Reaching safepoint: 248200 ns, At safepoint: 6429 ns, Total: 254629 ns
[2021-11-03T04:33:20.638+0000][7][safepoint    ] Safepoint "Cleanup", Time since last: 1003097305 ns, Reaching safepoint: 159858 ns, At safepoint: 6010 ns, Total: 165868 ns
[2021-11-03T04:33:21.642+0000][7][safepoint    ] Safepoint "Cleanup", Time since last: 1002915190 ns, Reaching safepoint: 792355 ns, At safepoint: 13945 ns, Total: 806300 ns
[2021-11-03T04:33:22.646+0000][7][safepoint    ] Safepoint "Cleanup", Time since last: 1003636785 ns, Reaching safepoint: 345015 ns, At safepoint: 6745 ns, Total: 351760 ns
[2021-11-03T04:33:23.653+0000][7][safepoint    ] Safepoint "Cleanup", Time since last: 1006898183 ns, Reaching safepoint: 349701 ns, At safepoint: 74567 ns, Total: 424268 ns
[2021-11-03T04:33:24.661+0000][7][safepoint    ] Safepoint "Cleanup", Time since last: 1007424857 ns, Reaching safepoint: 370179 ns, At safepoint: 74162 ns, Total: 444341 ns
[2021-11-03T04:33:25.663+0000][7][safepoint    ] Safepoint "Cleanup", Time since last: 1002231464 ns, Reaching safepoint: 170373 ns, At safepoint: 5607 ns, Total: 175980 ns
[2021-11-03T04:33:26.672+0000][7][safepoint    ] Safepoint "Cleanup", Time since last: 1008892975 ns, Reaching safepoint: 240811 ns, At safepoint: 4344 ns, Total: 245155 ns
[2021-11-03T04:33:27.675+0000][7][safepoint    ] Safepoint "Cleanup", Time since last: 1002495913 ns, Reaching safepoint: 166082 ns, At safepoint: 6042 ns, Total: 172124 ns
[2021-11-03T04:33:28.680+0000][7][safepoint    ] Safepoint "Cleanup", Time since last: 1005108212 ns, Reaching safepoint: 173456 ns, At safepoint: 6726 ns, Total: 180182 ns
[2021-11-03T04:33:29.684+0000][7][safepoint    ] Safepoint "Cleanup", Time since last: 1003343267 ns, Reaching safepoint: 164062 ns, At safepoint: 6158 ns, Total: 170220 ns
[2021-11-03T04:33:30.689+0000][7][safepoint    ] Safepoint "Cleanup", Time since last: 1005006109 ns, Reaching safepoint: 227100 ns, At safepoint: 6183 ns, Total: 233283 ns
[2021-11-03T04:33:31.701+0000][7][safepoint    ] Safepoint "Cleanup", Time since last: 1011415963 ns, Reaching safepoint: 292681 ns, At safepoint: 31120 ns, Total: 323801 ns
[2021-11-03T04:33:32.704+0000][7][safepoint    ] Safepoint "Cleanup", Time since last: 1002804711 ns, Reaching safepoint: 322570 ns, At safepoint: 6876 ns, Total: 329446 ns
[2021-11-03T04:33:33.713+0000][7][safepoint    ] Safepoint "Cleanup", Time since last: 1008370352 ns, Reaching safepoint: 365237 ns, At safepoint: 7763 ns, Total: 373000 ns
[2021-11-03T04:33:34.694+0000][7][safepoint    ] Safepoint "Cleanup", Time since last: 1001980826 ns, Reaching safepoint: 228758 ns, At safepoint: 6876 ns, Total: 235634 ns
[2021-11-03T04:33:35.698+0000][7][safepoint    ] Safepoint "Cleanup", Time since last: 1003676803 ns, Reaching safepoint: 208692 ns, At safepoint: 7561 ns, Total: 216253 ns
[2021-11-03T04:33:36.701+0000][7][safepoint    ] Safepoint "Cleanup", Time since last: 1002712713 ns, Reaching safepoint: 236231 ns, At safepoint: 7097 ns, Total: 243328 ns
[2021-11-03T04:33:38.246+0000][7][safepoint    ] Safepoint "Cleanup", Time since last: 1544994468 ns, Reaching safepoint: 178899 ns, At safepoint: 6381 ns, Total: 185280 ns
[2021-11-03T04:33:39.249+0000][7][safepoint    ] Safepoint "Cleanup", Time since last: 1002892294 ns, Reaching safepoint: 171081 ns, At safepoint: 6688 ns, Total: 177769 ns
[2021-11-03T04:33:40.252+0000][7][safepoint    ] Safepoint "Cleanup", Time since last: 1002481484 ns, Reaching safepoint: 169588 ns, At safepoint: 6729 ns, Total: 176317 ns
[2021-11-03T04:33:41.257+0000][7][safepoint    ] Safepoint "Cleanup", Time since last: 1004469402 ns, Reaching safepoint: 561328 ns, At safepoint: 10679 ns, Total: 572007 ns
[2021-11-03T04:33:42.261+0000][7][safepoint    ] Safepoint "Cleanup", Time since last: 1003846016 ns, Reaching safepoint: 308898 ns, At safepoint: 10812 ns, Total: 319710 ns
[2021-11-03T04:33:43.263+0000][7][safepoint    ] Safepoint "Cleanup", Time since last: 1002128719 ns, Reaching safepoint: 239430 ns, At safepoint: 7011 ns, Total: 246441 ns
[2021-11-03T04:33:44.266+0000][7][safepoint    ] Safepoint "Cleanup", Time since last: 1002375645 ns, Reaching safepoint: 243750 ns, At safepoint: 6516 ns, Total: 250266 ns
[2021-11-03T04:33:45.269+0000][7][safepoint    ] Safepoint "Cleanup", Time since last: 1002893222 ns, Reaching safepoint: 169769 ns, At safepoint: 7051 ns, Total: 176820 ns
[2021-11-03T04:33:46.272+0000][7][safepoint    ] Safepoint "Cleanup", Time since last: 1002429234 ns, Reaching safepoint: 342032 ns, At safepoint: 6769 ns, Total: 348801 ns
[2021-11-03T04:33:47.277+0000][7][safepoint    ] Safepoint "Cleanup", Time since last: 1004617669 ns, Reaching safepoint: 553689 ns, At safepoint: 8664 ns, Total: 562353 ns
[2021-11-03T04:33:48.280+0000][7][safepoint    ] Safepoint "Cleanup", Time since last: 1002343717 ns, Reaching safepoint: 398906 ns, At safepoint: 9056 ns, Total: 407962 ns
[2021-11-03T04:33:49.287+0000][7][safepoint    ] Safepoint "Cleanup", Time since last: 1006536460 ns, Reaching safepoint: 475045 ns, At safepoint: 11711 ns, Total: 486756 ns
[2021-11-03T04:33:50.295+0000][7][safepoint    ] Safepoint "Cleanup", Time since last: 1008429884 ns, Reaching safepoint: 168672 ns, At safepoint: 6064 ns, Total: 174736 ns
[2021-11-03T04:33:51.298+0000][7][safepoint    ] Safepoint "Cleanup", Time since last: 1002602621 ns, Reaching safepoint: 168692 ns, At safepoint: 6139 ns, Total: 174831 ns
[2021-11-03T04:33:52.304+0000][7][safepoint    ] Safepoint "Cleanup", Time since last: 1005552805 ns, Reaching safepoint: 262211 ns, At safepoint: 6692 ns, Total: 268903 ns
[2021-11-03T04:33:53.311+0000][7][safepoint    ] Safepoint "Cleanup", Time since last: 1006398610 ns, Reaching safepoint: 555994 ns, At safepoint: 19193 ns, Total: 575187 ns
[2021-11-03T04:33:54.317+0000][7][safepoint    ] Safepoint "Cleanup", Time since last: 1005754865 ns, Reaching safepoint: 397848 ns, At safepoint: 8006 ns, Total: 405854 ns
[2021-11-03T04:33:55.322+0000][7][safepoint    ] Safepoint "Cleanup", Time since last: 1005045137 ns, Reaching safepoint: 173093 ns, At safepoint: 5992 ns, Total: 179085 ns
[2021-11-03T04:33:56.327+0000][7][safepoint    ] Safepoint "Cleanup", Time since last: 1004215219 ns, Reaching safepoint: 165041 ns, At safepoint: 6644 ns, Total: 171685 ns
[2021-11-03T04:33:57.330+0000][7][safepoint    ] Safepoint "Cleanup", Time since last: 1002951892 ns, Reaching safepoint: 166157 ns, At safepoint: 7040 ns, Total: 173197 ns
[2021-11-03T04:33:58.334+0000][7][safepoint    ] Safepoint "Cleanup", Time since last: 1003594882 ns, Reaching safepoint: 336777 ns, At safepoint: 7833 ns, Total: 344610 ns
[2021-11-03T04:33:59.340+0000][7][safepoint    ] Safepoint "Cleanup", Time since last: 1006304755 ns, Reaching safepoint: 243292 ns, At safepoint: 7288 ns, Total: 250580 ns
[2021-11-03T04:34:00.344+0000][7][safepoint    ] Safepoint "Cleanup", Time since last: 1003582104 ns, Reaching safepoint: 611506 ns, At safepoint: 21276 ns, Total: 632782 ns
[2021-11-03T04:34:01.353+0000][7][safepoint    ] Safepoint "Cleanup", Time since last: 1008828566 ns, Reaching safepoint: 233002 ns, At safepoint: 6305 ns, Total: 239307 ns
[2021-11-03T04:34:02.358+0000][7][safepoint    ] Safepoint "Cleanup", Time since last: 1004271359 ns, Reaching safepoint: 196486 ns, At safepoint: 7158 ns, Total: 203644 ns
[2021-11-03T04:34:03.368+0000][7][safepoint    ] Safepoint "Cleanup", Time since last: 1010114155 ns, Reaching safepoint: 171321 ns, At safepoint: 6462 ns, Total: 177783 ns
[2021-11-03T04:34:04.372+0000][7][safepoint    ] Safepoint "Cleanup", Time since last: 1003209203 ns, Reaching safepoint: 219802 ns, At safepoint: 7328 ns, Total: 227130 ns
[2021-11-03T04:34:05.355+0000][7][safepoint    ] Safepoint "Cleanup", Time since last: 1004297136 ns, Reaching safepoint: 167333 ns, At safepoint: 6355 ns, Total: 173688 ns
[2021-11-03T04:34:06.358+0000][7][safepoint    ] Safepoint "Cleanup", Time since last: 1002522135 ns, Reaching safepoint: 175221 ns, At safepoint: 6702 ns, Total: 181923 ns
[2021-11-03T04:34:07.361+0000][7][safepoint    ] Safepoint "Cleanup", Time since last: 1003318808 ns, Reaching safepoint: 171011 ns, At safepoint: 6558 ns, Total: 177569 ns
[2021-11-03T04:34:08.367+0000][7][safepoint    ] Safepoint "Cleanup", Time since last: 1005842118 ns, Reaching safepoint: 180854 ns, At safepoint: 107765 ns, Total: 288619 ns
[2021-11-03T04:34:09.371+0000][7][safepoint    ] Safepoint "Cleanup", Time since last: 1003025788 ns, Reaching safepoint: 169241 ns, At safepoint: 6808 ns, Total: 176049 ns
[2021-11-03T04:34:10.374+0000][7][safepoint    ] Safepoint "Cleanup", Time since last: 1002852499 ns, Reaching safepoint: 169899 ns, At safepoint: 6469 ns, Total: 176368 ns
[2021-11-03T04:34:11.376+0000][7][safepoint    ] Safepoint "Cleanup", Time since last: 1002320210 ns, Reaching safepoint: 154189 ns, At safepoint: 5015 ns, Total: 159204 ns
[2021-11-03T04:34:12.379+0000][7][safepoint    ] Safepoint "Cleanup", Time since last: 1002892536 ns, Reaching safepoint: 218272 ns, At safepoint: 7083 ns, Total: 225355 ns
[2021-11-03T04:34:13.383+0000][7][safepoint    ] Safepoint "Cleanup", Time since last: 1002975255 ns, Reaching safepoint: 324884 ns, At safepoint: 6985 ns, Total: 331869 ns
[2021-11-03T04:34:14.391+0000][7][safepoint    ] Safepoint "Cleanup", Time since last: 1008146741 ns, Reaching safepoint: 356660 ns, At safepoint: 75890 ns, Total: 432550 ns
[2021-11-03T04:34:15.398+0000][7][safepoint    ] Safepoint "Cleanup", Time since last: 1003295127 ns, Reaching safepoint: 3208220 ns, At safepoint: 23663 ns, Total: 3231883 ns
[2021-11-03T04:34:16.402+0000][7][safepoint    ] Safepoint "Cleanup", Time since last: 1003580463 ns, Reaching safepoint: 395134 ns, At safepoint: 6640 ns, Total: 401774 ns
[2021-11-03T04:34:17.408+0000][7][safepoint    ] Safepoint "Cleanup", Time since last: 1006429797 ns, Reaching safepoint: 172086 ns, At safepoint: 6431 ns, Total: 178517 ns
[2021-11-03T04:34:18.412+0000][7][safepoint    ] Safepoint "Cleanup", Time since last: 1003445028 ns, Reaching safepoint: 169809 ns, At safepoint: 5430 ns, Total: 175239 ns
[2021-11-03T04:34:19.421+0000][7][safepoint    ] Safepoint "Cleanup", Time since last: 1008557675 ns, Reaching safepoint: 282787 ns, At safepoint: 72959 ns, Total: 355746 ns
[2021-11-03T04:34:20.430+0000][7][safepoint    ] Safepoint "Cleanup", Time since last: 1009005635 ns, Reaching safepoint: 283683 ns, At safepoint: 6412 ns, Total: 290095 ns
[2021-11-03T04:34:21.434+0000][7][safepoint    ] Safepoint "Cleanup", Time since last: 1003452783 ns, Reaching safepoint: 241887 ns, At safepoint: 6943 ns, Total: 248830 ns
[2021-11-03T04:34:22.438+0000][7][safepoint    ] Safepoint "Cleanup", Time since last: 1003655443 ns, Reaching safepoint: 234422 ns, At safepoint: 6601 ns, Total: 241023 ns
[2021-11-03T04:34:23.442+0000][7][safepoint    ] Safepoint "Cleanup", Time since last: 1004419794 ns, Reaching safepoint: 177610 ns, At safepoint: 4573 ns, Total: 182183 ns
[2021-11-03T04:34:24.447+0000][7][safepoint    ] Safepoint "Cleanup", Time since last: 1004431138 ns, Reaching safepoint: 263225 ns, At safepoint: 6091 ns, Total: 269316 ns
[2021-11-03T04:34:25.450+0000][7][safepoint    ] Safepoint "Cleanup", Time since last: 1002592468 ns, Reaching safepoint: 243511 ns, At safepoint: 6731 ns, Total: 250242 ns
[2021-11-03T04:34:26.457+0000][7][safepoint    ] Safepoint "Cleanup", Time since last: 1006431888 ns, Reaching safepoint: 527156 ns, At safepoint: 12429 ns, Total: 539585 ns
[2021-11-03T04:34:27.462+0000][7][safepoint    ] Safepoint "Cleanup", Time since last: 1004645495 ns, Reaching safepoint: 213352 ns, At safepoint: 7510 ns, Total: 220862 ns
[2021-11-03T04:34:28.471+0000][7][safepoint    ] Safepoint "Cleanup", Time since last: 1008896309 ns, Reaching safepoint: 602538 ns, At safepoint: 18583 ns, Total: 621121 ns
[2021-11-03T04:34:29.475+0000][7][safepoint    ] Safepoint "Cleanup", Time since last: 1003471165 ns, Reaching safepoint: 581805 ns, At safepoint: 22552 ns, Total: 604357 ns
[2021-11-03T04:34:30.488+0000][7][safepoint    ] Safepoint "Cleanup", Time since last: 1012442587 ns, Reaching safepoint: 182954 ns, At safepoint: 6762 ns, Total: 189716 ns
[2021-11-03T04:34:31.492+0000][7][safepoint    ] Safepoint "Cleanup", Time since last: 1003625768 ns, Reaching safepoint: 175100 ns, At safepoint: 6506 ns, Total: 181606 ns
[2021-11-03T04:34:32.502+0000][7][safepoint    ] Safepoint "Cleanup", Time since last: 1010101959 ns, Reaching safepoint: 284178 ns, At safepoint: 17087 ns, Total: 301265 ns
[2021-11-03T04:34:33.513+0000][7][safepoint    ] Safepoint "Cleanup", Time since last: 1010287174 ns, Reaching safepoint: 543381 ns, At safepoint: 10889 ns, Total: 554270 ns
[2021-11-03T04:34:34.495+0000][7][safepoint    ] Safepoint "Cleanup", Time since last: 1002757183 ns, Reaching safepoint: 288451 ns, At safepoint: 6480 ns, Total: 294931 ns
[2021-11-03T04:34:35.508+0000][7][safepoint    ] Safepoint "Cleanup", Time since last: 1012728546 ns, Reaching safepoint: 243483 ns, At safepoint: 9721 ns, Total: 253204 ns
[2021-11-03T04:34:36.512+0000][7][safepoint    ] Safepoint "Cleanup", Time since last: 1003155523 ns, Reaching safepoint: 564114 ns, At safepoint: 11495 ns, Total: 575609 ns
[2021-11-03T04:34:37.515+0000][7][safepoint    ] Safepoint "Cleanup", Time since last: 1003182481 ns, Reaching safepoint: 497096 ns, At safepoint: 9070 ns, Total: 506166 ns
[2021-11-03T04:34:38.519+0000][7][safepoint    ] Safepoint "Cleanup", Time since last: 1003073550 ns, Reaching safepoint: 426478 ns, At safepoint: 11397 ns, Total: 437875 ns
[2021-11-03T04:34:39.523+0000][7][safepoint    ] Safepoint "Cleanup", Time since last: 1003240403 ns, Reaching safepoint: 369136 ns, At safepoint: 7546 ns, Total: 376682 ns
[2021-11-03T04:34:40.525+0000][7][safepoint    ] Safepoint "Cleanup", Time since last: 1002370816 ns, Reaching safepoint: 345619 ns, At safepoint: 6676 ns, Total: 352295 ns
[2021-11-03T04:34:41.530+0000][7][safepoint    ] Safepoint "Cleanup", Time since last: 1004283094 ns, Reaching safepoint: 418309 ns, At safepoint: 13213 ns, Total: 431522 ns
[2021-11-03T04:34:42.533+0000][7][safepoint    ] Safepoint "Cleanup", Time since last: 1002292220 ns, Reaching safepoint: 632306 ns, At safepoint: 8958 ns, Total: 641264 ns
[2021-11-03T04:34:43.538+0000][7][safepoint    ] Safepoint "Cleanup", Time since last: 1004543530 ns, Reaching safepoint: 610169 ns, At safepoint: 25359 ns, Total: 635528 ns
[2021-11-03T04:34:44.547+0000][7][safepoint    ] Safepoint "Cleanup", Time since last: 1008635322 ns, Reaching safepoint: 404866 ns, At safepoint: 21979 ns, Total: 426845 ns
[2021-11-03T04:34:45.554+0000][7][safepoint    ] Safepoint "Cleanup", Time since last: 1006418938 ns, Reaching safepoint: 438810 ns, At safepoint: 19032 ns, Total: 457842 ns
[2021-11-03T04:34:46.564+0000][7][safepoint    ] Safepoint "Cleanup", Time since last: 1009835372 ns, Reaching safepoint: 236252 ns, At safepoint: 6260 ns, Total: 242512 ns
[2021-11-03T04:34:47.569+0000][7][safepoint    ] Safepoint "Cleanup", Time since last: 1005028470 ns, Reaching safepoint: 246903 ns, At safepoint: 6016 ns, Total: 252919 ns
[2021-11-03T04:34:48.577+0000][7][safepoint    ] Safepoint "Cleanup", Time since last: 1007682908 ns, Reaching safepoint: 425351 ns, At safepoint: 9846 ns, Total: 435197 ns
[2021-11-03T04:34:49.583+0000][7][safepoint    ] Safepoint "Cleanup", Time since last: 1004593920 ns, Reaching safepoint: 429132 ns, At safepoint: 10857 ns, Total: 439989 ns
[2021-11-03T04:34:50.592+0000][7][safepoint    ] Safepoint "Cleanup", Time since last: 1009476040 ns, Reaching safepoint: 287749 ns, At safepoint: 6918 ns, Total: 294667 ns
[2021-11-03T04:34:51.603+0000][7][safepoint    ] Safepoint "Cleanup", Time since last: 1010571282 ns, Reaching safepoint: 230937 ns, At safepoint: 7186 ns, Total: 238123 ns
[2021-11-03T04:34:52.606+0000][7][safepoint    ] Safepoint "Cleanup", Time since last: 1002980454 ns, Reaching safepoint: 160801 ns, At safepoint: 10227 ns, Total: 171028 ns
[2021-11-03T04:34:53.613+0000][7][safepoint    ] Safepoint "Cleanup", Time since last: 1006441641 ns, Reaching safepoint: 209782 ns, At safepoint: 7150 ns, Total: 216932 ns
[2021-11-03T04:34:54.616+0000][7][safepoint    ] Safepoint "Cleanup", Time since last: 1003122396 ns, Reaching safepoint: 228835 ns, At safepoint: 6610 ns, Total: 235445 ns
[2021-11-03T04:34:55.620+0000][7][safepoint    ] Safepoint "Cleanup", Time since last: 1003467109 ns, Reaching safepoint: 288413 ns, At safepoint: 7008 ns, Total: 295421 ns
[2021-11-03T04:34:56.625+0000][7][safepoint    ] Safepoint "Cleanup", Time since last: 1004512277 ns, Reaching safepoint: 226588 ns, At safepoint: 6963 ns, Total: 233551 ns
[2021-11-03T04:34:57.627+0000][7][safepoint    ] Safepoint "Cleanup", Time since last: 1001791439 ns, Reaching safepoint: 157788 ns, At safepoint: 3898 ns, Total: 161686 ns
[2021-11-03T04:34:58.630+0000][7][safepoint    ] Safepoint "Cleanup", Time since last: 1003345691 ns, Reaching safepoint: 249915 ns, At safepoint: 7283 ns, Total: 257198 ns
[2021-11-03T04:34:59.636+0000][7][safepoint    ] Safepoint "Cleanup", Time since last: 1004984776 ns, Reaching safepoint: 312048 ns, At safepoint: 8450 ns, Total: 320498 ns
[2021-11-03T04:35:00.641+0000][7][safepoint    ] Safepoint "Cleanup", Time since last: 1004557131 ns, Reaching safepoint: 477108 ns, At safepoint: 9713 ns, Total: 486821 ns
[2021-11-03T04:35:01.645+0000][7][safepoint    ] Safepoint "Cleanup", Time since last: 1003944157 ns, Reaching safepoint: 207694 ns, At safepoint: 5646 ns, Total: 213340 ns
[2021-11-03T04:35:02.650+0000][7][safepoint    ] Safepoint "Cleanup", Time since last: 1004318042 ns, Reaching safepoint: 336377 ns, At safepoint: 7236 ns, Total: 343613 ns
[2021-11-03T04:35:03.659+0000][7][safepoint    ] Safepoint "Cleanup", Time since last: 1008769115 ns, Reaching safepoint: 447371 ns, At safepoint: 48400 ns, Total: 495771 ns
[2021-11-03T04:35:04.728+0000][7][safepoint    ] Safepoint "Cleanup", Time since last: 1089444841 ns, Reaching safepoint: 452528 ns, At safepoint: 17410 ns, Total: 469938 ns
[2021-11-03T04:35:05.737+0000][7][safepoint    ] Safepoint "Cleanup", Time since last: 1009081615 ns, Reaching safepoint: 328208 ns, At safepoint: 9706 ns, Total: 337914 ns
[2021-11-03T04:35:06.741+0000][7][safepoint    ] Safepoint "Cleanup", Time since last: 1002977523 ns, Reaching safepoint: 315649 ns, At safepoint: 6576 ns, Total: 322225 ns
[2021-11-03T04:35:07.744+0000][7][safepoint    ] Safepoint "Cleanup", Time since last: 1003182598 ns, Reaching safepoint: 427257 ns, At safepoint: 9603 ns, Total: 436860 ns
[2021-11-03T04:35:08.747+0000][7][safepoint    ] Safepoint "Cleanup", Time since last: 1002276770 ns, Reaching safepoint: 106079 ns, At safepoint: 3652 ns, Total: 109731 ns
[2021-11-03T04:35:09.751+0000][7][safepoint    ] Safepoint "Cleanup", Time since last: 1003679786 ns, Reaching safepoint: 596293 ns, At safepoint: 8058 ns, Total: 604351 ns
[2021-11-03T04:35:10.753+0000][7][safepoint    ] Safepoint "Cleanup", Time since last: 1002358020 ns, Reaching safepoint: 167726 ns, At safepoint: 6333 ns, Total: 174059 ns
[2021-11-03T04:35:11.756+0000][7][safepoint    ] Safepoint "Cleanup", Time since last: 1002436802 ns, Reaching safepoint: 162736 ns, At safepoint: 6076 ns, Total: 168812 ns
[2021-11-03T04:35:12.759+0000][7][safepoint    ] Safepoint "Cleanup", Time since last: 1002108191 ns, Reaching safepoint: 601094 ns, At safepoint: 21386 ns, Total: 622480 ns
[2021-11-03T04:35:13.763+0000][7][safepoint    ] Safepoint "Cleanup", Time since last: 1003122968 ns, Reaching safepoint: 721157 ns, At safepoint: 21735 ns, Total: 742892 ns
[2021-11-03T04:35:14.767+0000][7][safepoint    ] Safepoint "Cleanup", Time since last: 1003366768 ns, Reaching safepoint: 591323 ns, At safepoint: 25619 ns, Total: 616942 ns
[2021-11-03T04:35:15.769+0000][7][safepoint    ] Safepoint "Cleanup", Time since last: 1002512253 ns, Reaching safepoint: 175963 ns, At safepoint: 6591 ns, Total: 182554 ns
[2021-11-03T04:35:16.773+0000][7][safepoint    ] Safepoint "Cleanup", Time since last: 1003817190 ns, Reaching safepoint: 170761 ns, At safepoint: 6047 ns, Total: 176808 ns
[2021-11-03T04:35:17.777+0000][7][safepoint    ] Safepoint "Cleanup", Time since last: 1003173451 ns, Reaching safepoint: 301125 ns, At safepoint: 5304 ns, Total: 306429 ns
[2021-11-03T04:35:18.780+0000][7][safepoint    ] Safepoint "Cleanup", Time since last: 1002762818 ns, Reaching safepoint: 610653 ns, At safepoint: 19568 ns, Total: 630221 ns
[2021-11-03T04:35:19.785+0000][7][safepoint    ] Safepoint "Cleanup", Time since last: 1003936153 ns, Reaching safepoint: 524299 ns, At safepoint: 13117 ns, Total: 537416 ns
[2021-11-03T04:35:20.789+0000][7][safepoint    ] Safepoint "Cleanup", Time since last: 1003730167 ns, Reaching safepoint: 326841 ns, At safepoint: 7141 ns, Total: 333982 ns
[2021-11-03T04:35:21.794+0000][7][safepoint    ] Safepoint "Cleanup", Time since last: 1004678154 ns, Reaching safepoint: 844966 ns, At safepoint: 22312 ns, Total: 867278 ns
[2021-11-03T04:35:22.800+0000][7][safepoint    ] Safepoint "Cleanup", Time since last: 1005451231 ns, Reaching safepoint: 598999 ns, At safepoint: 18655 ns, Total: 617654 ns
[2021-11-03T04:35:23.803+0000][7][safepoint    ] Safepoint "Cleanup", Time since last: 1002892571 ns, Reaching safepoint: 179251 ns, At safepoint: 6263 ns, Total: 185514 ns
[2021-11-03T04:35:24.807+0000][7][safepoint    ] Safepoint "Cleanup", Time since last: 1002933962 ns, Reaching safepoint: 163461 ns, At safepoint: 5734 ns, Total: 169195 ns
[2021-11-03T04:35:25.809+0000][7][safepoint    ] Safepoint "Cleanup", Time since last: 1002631148 ns, Reaching safepoint: 166813 ns, At safepoint: 6590 ns, Total: 173403 ns
[2021-11-03T04:35:26.813+0000][7][safepoint    ] Safepoint "Cleanup", Time since last: 1003033134 ns, Reaching safepoint: 161324 ns, At safepoint: 5575 ns, Total: 166899 ns
[2021-11-03T04:35:27.817+0000][7][safepoint    ] Safepoint "Cleanup", Time since last: 1003886296 ns, Reaching safepoint: 314670 ns, At safepoint: 77648 ns, Total: 392318 ns
[2021-11-03T04:35:28.827+0000][7][safepoint    ] Safepoint "Cleanup", Time since last: 1009623775 ns, Reaching safepoint: 382591 ns, At safepoint: 9822 ns, Total: 392413 ns
[2021-11-03T04:35:29.830+0000][7][safepoint    ] Safepoint "Cleanup", Time since last: 1002441183 ns, Reaching safepoint: 242676 ns, At safepoint: 6854 ns, Total: 249530 ns
[2021-11-03T04:35:30.833+0000][7][safepoint    ] Safepoint "Cleanup", Time since last: 1003512867 ns, Reaching safepoint: 187694 ns, At safepoint: 6475 ns, Total: 194169 ns
[2021-11-03T04:35:31.838+0000][7][safepoint    ] Safepoint "Cleanup", Time since last: 1004032432 ns, Reaching safepoint: 414454 ns, At safepoint: 8142 ns, Total: 422596 ns
[2021-11-03T04:35:32.846+0000][7][safepoint    ] Safepoint "Cleanup", Time since last: 1008091432 ns, Reaching safepoint: 151578 ns, At safepoint: 4758 ns, Total: 156336 ns
[2021-11-03T04:35:33.849+0000][7][safepoint    ] Safepoint "Cleanup", Time since last: 1002317327 ns, Reaching safepoint: 428511 ns, At safepoint: 18978 ns, Total: 447489 ns
[2021-11-03T04:35:34.830+0000][7][safepoint    ] Safepoint "Cleanup", Time since last: 1002260041 ns, Reaching safepoint: 265425 ns, At safepoint: 7431 ns, Total: 272856 ns
[2021-11-03T04:35:35.833+0000][7][safepoint    ] Safepoint "Cleanup", Time since last: 1002323413 ns, Reaching safepoint: 405544 ns, At safepoint: 12093 ns, Total: 417637 ns
[2021-11-03T04:35:36.837+0000][7][safepoint    ] Safepoint "Cleanup", Time since last: 1003821958 ns, Reaching safepoint: 248294 ns, At safepoint: 7327 ns, Total: 255621 ns
[2021-11-03T04:35:37.840+0000][7][safepoint    ] Safepoint "Cleanup", Time since last: 1002639926 ns, Reaching safepoint: 246892 ns, At safepoint: 6451 ns, Total: 253343 ns
[2021-11-03T04:35:38.842+0000][7][safepoint    ] Safepoint "Cleanup", Time since last: 1002322679 ns, Reaching safepoint: 235966 ns, At safepoint: 7058 ns, Total: 243024 ns
[2021-11-03T04:35:39.847+0000][7][safepoint    ] Safepoint "Cleanup", Time since last: 1003957282 ns, Reaching safepoint: 375790 ns, At safepoint: 10027 ns, Total: 385817 ns
[2021-11-03T04:35:40.855+0000][7][safepoint    ] Safepoint "Cleanup", Time since last: 1008232183 ns, Reaching safepoint: 216881 ns, At safepoint: 7696 ns, Total: 224577 ns
[2021-11-03T04:35:41.860+0000][7][safepoint    ] Safepoint "Cleanup", Time since last: 1004799762 ns, Reaching safepoint: 408284 ns, At safepoint: 10328 ns, Total: 418612 ns
[2021-11-03T04:35:42.863+0000][7][safepoint    ] Safepoint "Cleanup", Time since last: 1002640033 ns, Reaching safepoint: 220086 ns, At safepoint: 6826 ns, Total: 226912 ns
[2021-11-03T04:35:43.868+0000][7][safepoint    ] Safepoint "Cleanup", Time since last: 1004190057 ns, Reaching safepoint: 268450 ns, At safepoint: 6359 ns, Total: 274809 ns
[2021-11-03T04:35:44.876+0000][7][safepoint    ] Safepoint "Cleanup", Time since last: 1008317841 ns, Reaching safepoint: 229624 ns, At safepoint: 6448 ns, Total: 236072 ns
[2021-11-03T04:35:45.879+0000][7][safepoint    ] Safepoint "Cleanup", Time since last: 1002538999 ns, Reaching safepoint: 171113 ns, At safepoint: 6912 ns, Total: 178025 ns
[2021-11-03T04:35:46.885+0000][7][safepoint    ] Safepoint "Cleanup", Time since last: 1006057979 ns, Reaching safepoint: 163703 ns, At safepoint: 6487 ns, Total: 170190 ns
[2021-11-03T04:35:47.893+0000][7][safepoint    ] Safepoint "Cleanup", Time since last: 1007771825 ns, Reaching safepoint: 160377 ns, At safepoint: 6388 ns, Total: 166765 ns
[2021-11-03T04:35:48.897+0000][7][safepoint    ] Safepoint "Cleanup", Time since last: 1003957072 ns, Reaching safepoint: 238088 ns, At safepoint: 6052 ns, Total: 244140 ns
[2021-11-03T04:35:49.902+0000][7][safepoint    ] Safepoint "Cleanup", Time since last: 1004081994 ns, Reaching safepoint: 241864 ns, At safepoint: 6579 ns, Total: 248443 ns
[2021-11-03T04:35:50.905+0000][7][safepoint    ] Safepoint "Cleanup", Time since last: 1002550015 ns, Reaching safepoint: 395531 ns, At safepoint: 8131 ns, Total: 403662 ns
[2021-11-03T04:35:51.908+0000][7][safepoint    ] Safepoint "Cleanup", Time since last: 1002964405 ns, Reaching safepoint: 412797 ns, At safepoint: 8969 ns, Total: 421766 ns
[2021-11-03T04:35:52.911+0000][7][safepoint    ] Safepoint "Cleanup", Time since last: 1003004134 ns, Reaching safepoint: 181166 ns, At safepoint: 7232 ns, Total: 188398 ns
[2021-11-03T04:35:53.919+0000][7][safepoint    ] Safepoint "Cleanup", Time since last: 1007205546 ns, Reaching safepoint: 165071 ns, At safepoint: 6626 ns, Total: 171697 ns
[2021-11-03T04:35:54.923+0000][7][safepoint    ] Safepoint "Cleanup", Time since last: 1003697622 ns, Reaching safepoint: 219060 ns, At safepoint: 4906 ns, Total: 223966 ns
[2021-11-03T04:35:55.927+0000][7][safepoint    ] Safepoint "Cleanup", Time since last: 1004205793 ns, Reaching safepoint: 90602 ns, At safepoint: 2718 ns, Total: 93320 ns
[2021-11-03T04:35:56.929+0000][7][safepoint    ] Safepoint "Cleanup", Time since last: 1001739366 ns, Reaching safepoint: 145143 ns, At safepoint: 3881 ns, Total: 149024 ns
[2021-11-03T04:35:57.937+0000][7][safepoint    ] Safepoint "Cleanup", Time since last: 1008321268 ns, Reaching safepoint: 109634 ns, At safepoint: 2977 ns, Total: 112611 ns
[2021-11-03T04:35:58.941+0000][7][safepoint    ] Safepoint "Cleanup", Time since last: 1003172144 ns, Reaching safepoint: 173079 ns, At safepoint: 2568 ns, Total: 175647 ns
[2021-11-03T04:35:59.949+0000][7][safepoint    ] Safepoint "Cleanup", Time since last: 1007912869 ns, Reaching safepoint: 181853 ns, At safepoint: 5548 ns, Total: 187401 ns
[2021-11-03T04:36:00.957+0000][7][safepoint    ] Safepoint "Cleanup", Time since last: 1007976604 ns, Reaching safepoint: 234676 ns, At safepoint: 6564 ns, Total: 241240 ns
[2021-11-03T04:36:01.959+0000][7][safepoint    ] Safepoint "Cleanup", Time since last: 1002385349 ns, Reaching safepoint: 85195 ns, At safepoint: 24133 ns, Total: 109328 ns
[2021-11-03T04:36:02.968+0000][7][safepoint    ] Safepoint "Cleanup", Time since last: 1008152512 ns, Reaching safepoint: 188492 ns, At safepoint: 8013 ns, Total: 196505 ns
[2021-11-03T04:36:03.971+0000][7][safepoint    ] Safepoint "Cleanup", Time since last: 1002837211 ns, Reaching safepoint: 176397 ns, At safepoint: 6359 ns, Total: 182756 ns
[2021-11-03T04:36:04.956+0000][7][safepoint    ] Safepoint "Cleanup", Time since last: 1005622129 ns, Reaching safepoint: 357717 ns, At safepoint: 74590 ns, Total: 432307 ns
[2021-11-03T04:36:06.124+0000][7][safepoint    ] Safepoint "Cleanup", Time since last: 1167355351 ns, Reaching safepoint: 533755 ns, At safepoint: 18365 ns, Total: 552120 ns
[2021-11-03T04:36:07.128+0000][7][safepoint    ] Safepoint "Cleanup", Time since last: 1003483983 ns, Reaching safepoint: 323759 ns, At safepoint: 11388 ns, Total: 335147 ns
[2021-11-03T04:36:08.131+0000][7][safepoint    ] Safepoint "Cleanup", Time since last: 1003160389 ns, Reaching safepoint: 155484 ns, At safepoint: 4695 ns, Total: 160179 ns
[2021-11-03T04:36:09.133+0000][7][safepoint    ] Safepoint "Cleanup", Time since last: 1001333566 ns, Reaching safepoint: 298394 ns, At safepoint: 86688 ns, Total: 385082 ns
[2021-11-03T04:36:10.137+0000][7][safepoint    ] Safepoint "Cleanup", Time since last: 1003855095 ns, Reaching safepoint: 323199 ns, At safepoint: 6275 ns, Total: 329474 ns
[2021-11-03T04:36:11.141+0000][7][safepoint    ] Safepoint "Cleanup", Time since last: 1003955934 ns, Reaching safepoint: 156346 ns, At safepoint: 65004 ns, Total: 221350 ns
[2021-11-03T04:36:12.146+0000][7][safepoint    ] Safepoint "Cleanup", Time since last: 1005013004 ns, Reaching safepoint: 238631 ns, At safepoint: 6824 ns, Total: 245455 ns
[2021-11-03T04:36:13.149+0000][7][safepoint    ] Safepoint "Cleanup", Time since last: 1002650178 ns, Reaching safepoint: 323268 ns, At safepoint: 8069 ns, Total: 331337 ns
[2021-11-03T04:36:14.153+0000][7][safepoint    ] Safepoint "Cleanup", Time since last: 1003278489 ns, Reaching safepoint: 373800 ns, At safepoint: 17134 ns, Total: 390934 ns
[2021-11-03T04:36:15.156+0000][7][safepoint    ] Safepoint "Cleanup", Time since last: 1003271104 ns, Reaching safepoint: 239552 ns, At safepoint: 10715 ns, Total: 250267 ns
[2021-11-03T04:36:16.160+0000][7][safepoint    ] Safepoint "Cleanup", Time since last: 1003272226 ns, Reaching safepoint: 258487 ns, At safepoint: 6091 ns, Total: 264578 ns
[2021-11-03T04:36:17.165+0000][7][safepoint    ] Safepoint "Cleanup", Time since last: 1004429123 ns, Reaching safepoint: 237626 ns, At safepoint: 102109 ns, Total: 339735 ns
[2021-11-03T04:36:18.177+0000][7][safepoint    ] Safepoint "Cleanup", Time since last: 1012057587 ns, Reaching safepoint: 351409 ns, At safepoint: 8520 ns, Total: 359929 ns
[2021-11-03T04:36:19.182+0000][7][safepoint    ] Safepoint "Cleanup", Time since last: 1004196434 ns, Reaching safepoint: 449916 ns, At safepoint: 8112 ns, Total: 458028 ns
[2021-11-03T04:36:20.188+0000][7][safepoint    ] Safepoint "Cleanup", Time since last: 1005414047 ns, Reaching safepoint: 431749 ns, At safepoint: 9761 ns, Total: 441510 ns
[2021-11-03T04:36:21.194+0000][7][safepoint    ] Safepoint "Cleanup", Time since last: 1006258484 ns, Reaching safepoint: 234492 ns, At safepoint: 6592 ns, Total: 241084 ns
[2021-11-03T04:36:22.197+0000][7][safepoint    ] Safepoint "Cleanup", Time since last: 1002528164 ns, Reaching safepoint: 164817 ns, At safepoint: 6912 ns, Total: 171729 ns
[2021-11-03T04:36:23.205+0000][7][safepoint    ] Safepoint "Cleanup", Time since last: 1007620852 ns, Reaching safepoint: 375096 ns, At safepoint: 6245 ns, Total: 381341 ns
[2021-11-03T04:36:24.208+0000][7][safepoint    ] Safepoint "Cleanup", Time since last: 1002507866 ns, Reaching safepoint: 384616 ns, At safepoint: 22180 ns, Total: 406796 ns
[2021-11-03T04:36:25.211+0000][7][safepoint    ] Safepoint "Cleanup", Time since last: 1002197173 ns, Reaching safepoint: 563678 ns, At safepoint: 18883 ns, Total: 582561 ns
[2021-11-03T04:36:26.214+0000][7][safepoint    ] Safepoint "Cleanup", Time since last: 1002655271 ns, Reaching safepoint: 659750 ns, At safepoint: 25028 ns, Total: 684778 ns
[2021-11-03T04:36:27.217+0000][7][safepoint    ] Safepoint "Cleanup", Time since last: 1003124756 ns, Reaching safepoint: 394678 ns, At safepoint: 10963 ns, Total: 405641 ns
[2021-11-03T04:36:28.224+0000][7][safepoint    ] Safepoint "Cleanup", Time since last: 1005844122 ns, Reaching safepoint: 285090 ns, At safepoint: 7933 ns, Total: 293023 ns
[2021-11-03T04:36:29.226+0000][7][safepoint    ] Safepoint "Cleanup", Time since last: 1002565378 ns, Reaching safepoint: 165170 ns, At safepoint: 6292 ns, Total: 171462 ns
[2021-11-03T04:36:30.236+0000][7][safepoint    ] Safepoint "Cleanup", Time since last: 1009972398 ns, Reaching safepoint: 164534 ns, At safepoint: 6391 ns, Total: 170925 ns
[2021-11-03T04:36:31.241+0000][7][safepoint    ] Safepoint "Cleanup", Time since last: 1004608822 ns, Reaching safepoint: 167037 ns, At safepoint: 5751 ns, Total: 172788 ns
[2021-11-03T04:36:32.245+0000][7][safepoint    ] Safepoint "Cleanup", Time since last: 1003361018 ns, Reaching safepoint: 88938 ns, At safepoint: 2924 ns, Total: 91862 ns
[2021-11-03T04:36:33.249+0000][7][safepoint    ] Safepoint "Cleanup", Time since last: 1004375552 ns, Reaching safepoint: 176223 ns, At safepoint: 6778 ns, Total: 183001 ns
[2021-11-03T04:36:34.252+0000][7][safepoint    ] Safepoint "Cleanup", Time since last: 1002952103 ns, Reaching safepoint: 171118 ns, At safepoint: 6624 ns, Total: 177742 ns
[2021-11-03T04:36:35.238+0000][7][safepoint    ] Safepoint "Cleanup", Time since last: 1005899638 ns, Reaching safepoint: 423559 ns, At safepoint: 11524 ns, Total: 435083 ns
[2021-11-03T04:36:36.250+0000][7][safepoint    ] Safepoint "Cleanup", Time since last: 1011080272 ns, Reaching safepoint: 852584 ns, At safepoint: 20802 ns, Total: 873386 ns
[2021-11-03T04:36:37.256+0000][7][safepoint    ] Safepoint "Cleanup", Time since last: 1005647433 ns, Reaching safepoint: 219986 ns, At safepoint: 6195 ns, Total: 226181 ns
[2021-11-03T04:36:38.257+0000][7][safepoint    ] Safepoint "Cleanup", Time since last: 1001285194 ns, Reaching safepoint: 180759 ns, At safepoint: 6831 ns, Total: 187590 ns
[2021-11-03T04:36:39.262+0000][7][safepoint    ] Safepoint "Cleanup", Time since last: 1004486284 ns, Reaching safepoint: 292406 ns, At safepoint: 7055 ns, Total: 299461 ns
[2021-11-03T04:36:40.267+0000][7][safepoint    ] Safepoint "Cleanup", Time since last: 1004824697 ns, Reaching safepoint: 173184 ns, At safepoint: 7280 ns, Total: 180464 ns
[2021-11-03T04:36:41.269+0000][7][safepoint    ] Safepoint "Cleanup", Time since last: 1002378492 ns, Reaching safepoint: 157259 ns, At safepoint: 5491 ns, Total: 162750 ns
[2021-11-03T04:36:42.273+0000][7][safepoint    ] Safepoint "Cleanup", Time since last: 1003297062 ns, Reaching safepoint: 166216 ns, At safepoint: 5827 ns, Total: 172043 ns
[2021-11-03T04:36:43.280+0000][7][safepoint    ] Safepoint "Cleanup", Time since last: 1006476369 ns, Reaching safepoint: 232423 ns, At safepoint: 8204 ns, Total: 240627 ns
[2021-11-03T04:36:44.282+0000][7][safepoint    ] Safepoint "Cleanup", Time since last: 1002223910 ns, Reaching safepoint: 172466 ns, At safepoint: 6594 ns, Total: 179060 ns
[2021-11-03T04:36:45.286+0000][7][safepoint    ] Safepoint "Cleanup", Time since last: 1003328983 ns, Reaching safepoint: 167204 ns, At safepoint: 7117 ns, Total: 174321 ns
[2021-11-03T04:36:46.298+0000][7][safepoint    ] Safepoint "Cleanup", Time since last: 1011845057 ns, Reaching safepoint: 169514 ns, At safepoint: 6263 ns, Total: 175777 ns
[2021-11-03T04:36:47.304+0000][7][safepoint    ] Safepoint "Cleanup", Time since last: 1006604316 ns, Reaching safepoint: 163912 ns, At safepoint: 5851 ns, Total: 169763 ns
[2021-11-03T04:36:48.312+0000][7][safepoint    ] Safepoint "Cleanup", Time since last: 1006831462 ns, Reaching safepoint: 399483 ns, At safepoint: 8240 ns, Total: 407723 ns
[2021-11-03T04:36:49.317+0000][7][safepoint    ] Safepoint "Cleanup", Time since last: 1005230995 ns, Reaching safepoint: 292065 ns, At safepoint: 9107 ns, Total: 301172 ns
[2021-11-03T04:36:50.320+0000][7][safepoint    ] Safepoint "Cleanup", Time since last: 1002471666 ns, Reaching safepoint: 242920 ns, At safepoint: 4086 ns, Total: 247006 ns
[2021-11-03T04:36:51.321+0000][7][safepoint    ] Safepoint "Cleanup", Time since last: 1001504450 ns, Reaching safepoint: 169320 ns, At safepoint: 7253 ns, Total: 176573 ns
[2021-11-03T04:36:52.328+0000][7][safepoint    ] Safepoint "Cleanup", Time since last: 1006174431 ns, Reaching safepoint: 396279 ns, At safepoint: 7583 ns, Total: 403862 ns
[2021-11-03T04:36:53.332+0000][7][safepoint    ] Safepoint "Cleanup", Time since last: 1003142226 ns, Reaching safepoint: 236488 ns, At safepoint: 86671 ns, Total: 323159 ns
[2021-11-03T04:36:54.335+0000][7][safepoint    ] Safepoint "Cleanup", Time since last: 1003264094 ns, Reaching safepoint: 170443 ns, At safepoint: 7563 ns, Total: 178006 ns
[2021-11-03T04:36:55.339+0000][7][safepoint    ] Safepoint "Cleanup", Time since last: 1003353386 ns, Reaching safepoint: 176627 ns, At safepoint: 6286 ns, Total: 182913 ns
[2021-11-03T04:36:56.341+0000][7][safepoint    ] Safepoint "Cleanup", Time since last: 1002554126 ns, Reaching safepoint: 169720 ns, At safepoint: 6361 ns, Total: 176081 ns
[2021-11-03T04:36:57.344+0000][7][safepoint    ] Safepoint "Cleanup", Time since last: 1003000962 ns, Reaching safepoint: 182917 ns, At safepoint: 6978 ns, Total: 189895 ns
[2021-11-03T04:36:58.347+0000][7][safepoint    ] Safepoint "Cleanup", Time since last: 1002466271 ns, Reaching safepoint: 174032 ns, At safepoint: 5469 ns, Total: 179501 ns
[2021-11-03T04:36:59.355+0000][7][safepoint    ] Safepoint "Cleanup", Time since last: 1007289260 ns, Reaching safepoint: 175199 ns, At safepoint: 6455 ns, Total: 181654 ns
[2021-11-03T04:37:00.361+0000][7][safepoint    ] Safepoint "Cleanup", Time since last: 1006541972 ns, Reaching safepoint: 161955 ns, At safepoint: 6647 ns, Total: 168602 ns
[2021-11-03T04:37:01.368+0000][7][safepoint    ] Safepoint "Cleanup", Time since last: 1006020003 ns, Reaching safepoint: 707902 ns, At safepoint: 21025 ns, Total: 728927 ns
[2021-11-03T04:37:02.371+0000][7][safepoint    ] Safepoint "Cleanup", Time since last: 1002334905 ns, Reaching safepoint: 359915 ns, At safepoint: 11685 ns, Total: 371600 ns
[2021-11-03T04:37:03.373+0000][7][safepoint    ] Safepoint "Cleanup", Time since last: 1001752233 ns, Reaching safepoint: 332593 ns, At safepoint: 6785 ns, Total: 339378 ns
[2021-11-03T04:37:04.375+0000][7][safepoint    ] Safepoint "Cleanup", Time since last: 1002226540 ns, Reaching safepoint: 166833 ns, At safepoint: 6135 ns, Total: 172968 ns
[2021-11-03T04:37:05.357+0000][7][safepoint    ] Safepoint "Cleanup", Time since last: 1002289460 ns, Reaching safepoint: 353188 ns, At safepoint: 8230 ns, Total: 361418 ns
[2021-11-03T04:37:06.361+0000][7][safepoint    ] Safepoint "Cleanup", Time since last: 1004009255 ns, Reaching safepoint: 176079 ns, At safepoint: 6340 ns, Total: 182419 ns
[2021-11-03T04:37:07.364+0000][7][safepoint    ] Safepoint "Cleanup", Time since last: 1002821275 ns, Reaching safepoint: 171327 ns, At safepoint: 6608 ns, Total: 177935 ns
[2021-11-03T04:37:08.368+0000][7][safepoint    ] Safepoint "Cleanup", Time since last: 1003750798 ns, Reaching safepoint: 177903 ns, At safepoint: 6274 ns, Total: 184177 ns
[2021-11-03T04:37:09.371+0000][7][safepoint    ] Safepoint "Cleanup", Time since last: 1002679798 ns, Reaching safepoint: 184936 ns, At safepoint: 3012 ns, Total: 187948 ns
[2021-11-03T04:37:10.373+0000][7][safepoint    ] Safepoint "Cleanup", Time since last: 1002164910 ns, Reaching safepoint: 201280 ns, At safepoint: 7529 ns, Total: 208809 ns
[2021-11-03T04:37:11.379+0000][7][safepoint    ] Safepoint "Cleanup", Time since last: 1005359924 ns, Reaching safepoint: 263306 ns, At safepoint: 6556 ns, Total: 269862 ns
[2021-11-03T04:37:12.389+0000][7][safepoint    ] Safepoint "Cleanup", Time since last: 1009470206 ns, Reaching safepoint: 170875 ns, At safepoint: 6618 ns, Total: 177493 ns
[2021-11-03T04:37:13.393+0000][7][safepoint    ] Safepoint "Cleanup", Time since last: 1004333770 ns, Reaching safepoint: 174589 ns, At safepoint: 7215 ns, Total: 181804 ns
[2021-11-03T04:37:14.396+0000][7][safepoint    ] Safepoint "Cleanup", Time since last: 1002211067 ns, Reaching safepoint: 168109 ns, At safepoint: 5974 ns, Total: 174083 ns
[2021-11-03T04:37:15.399+0000][7][safepoint    ] Safepoint "Cleanup", Time since last: 1003359155 ns, Reaching safepoint: 267661 ns, At safepoint: 7750 ns, Total: 275411 ns
[2021-11-03T04:37:16.402+0000][7][safepoint    ] Safepoint "Cleanup", Time since last: 1002821626 ns, Reaching safepoint: 168758 ns, At safepoint: 5865 ns, Total: 174623 ns
[2021-11-03T04:37:17.406+0000][7][safepoint    ] Safepoint "Cleanup", Time since last: 1003636042 ns, Reaching safepoint: 173730 ns, At safepoint: 6275 ns, Total: 180005 ns
[2021-11-03T04:37:18.408+0000][7][safepoint    ] Safepoint "Cleanup", Time since last: 1001713572 ns, Reaching safepoint: 319897 ns, At safepoint: 7751 ns, Total: 327648 ns
[2021-11-03T04:37:19.414+0000][7][safepoint    ] Safepoint "Cleanup", Time since last: 1005671412 ns, Reaching safepoint: 368111 ns, At safepoint: 18901 ns, Total: 387012 ns
[2021-11-03T04:37:20.419+0000][7][safepoint    ] Safepoint "Cleanup", Time since last: 1004714920 ns, Reaching safepoint: 278377 ns, At safepoint: 8030 ns, Total: 286407 ns
[2021-11-03T04:37:21.422+0000][7][safepoint    ] Safepoint "Cleanup", Time since last: 1002174837 ns, Reaching safepoint: 420904 ns, At safepoint: 12218 ns, Total: 433122 ns
[2021-11-03T04:37:22.431+0000][7][safepoint    ] Safepoint "Cleanup", Time since last: 1008498782 ns, Reaching safepoint: 600609 ns, At safepoint: 22230 ns, Total: 622839 ns
[2021-11-03T04:37:23.436+0000][7][safepoint    ] Safepoint "Cleanup", Time since last: 1004511934 ns, Reaching safepoint: 497833 ns, At safepoint: 20374 ns, Total: 518207 ns
[2021-11-03T04:37:24.439+0000][7][safepoint    ] Safepoint "Cleanup", Time since last: 1002591506 ns, Reaching safepoint: 671256 ns, At safepoint: 24356 ns, Total: 695612 ns
[2021-11-03T04:37:25.443+0000][7][safepoint    ] Safepoint "Cleanup", Time since last: 1002949149 ns, Reaching safepoint: 597358 ns, At safepoint: 21556 ns, Total: 618914 ns
[2021-11-03T04:37:26.446+0000][7][safepoint    ] Safepoint "Cleanup", Time since last: 1002912307 ns, Reaching safepoint: 176571 ns, At safepoint: 6631 ns, Total: 183202 ns
[2021-11-03T04:37:27.450+0000][7][safepoint    ] Safepoint "Cleanup", Time since last: 1004316858 ns, Reaching safepoint: 180953 ns, At safepoint: 6597 ns, Total: 187550 ns
[2021-11-03T04:37:28.460+0000][7][safepoint    ] Safepoint "Cleanup", Time since last: 1009568134 ns, Reaching safepoint: 178038 ns, At safepoint: 6489 ns, Total: 184527 ns
[2021-11-03T04:37:29.464+0000][7][safepoint    ] Safepoint "Cleanup", Time since last: 1004008453 ns, Reaching safepoint: 175957 ns, At safepoint: 5863 ns, Total: 181820 ns
[2021-11-03T04:37:30.469+0000][7][safepoint    ] Safepoint "Cleanup", Time since last: 1004156856 ns, Reaching safepoint: 162197 ns, At safepoint: 5735 ns, Total: 167932 ns
[2021-11-03T04:37:31.471+0000][7][safepoint    ] Safepoint "Cleanup", Time since last: 1002152896 ns, Reaching safepoint: 275461 ns, At safepoint: 6062 ns, Total: 281523 ns
[2021-11-03T04:37:32.477+0000][7][safepoint    ] Safepoint "Cleanup", Time since last: 1005528342 ns, Reaching safepoint: 169202 ns, At safepoint: 6112 ns, Total: 175314 ns
[2021-11-03T04:37:33.481+0000][7][safepoint    ] Safepoint "Cleanup", Time since last: 1004160811 ns, Reaching safepoint: 167859 ns, At safepoint: 6429 ns, Total: 174288 ns
[2021-11-03T04:37:34.466+0000][7][safepoint    ] Safepoint "Cleanup", Time since last: 1006379167 ns, Reaching safepoint: 167930 ns, At safepoint: 5449 ns, Total: 173379 ns
[2021-11-03T04:37:35.469+0000][7][safepoint    ] Safepoint "Cleanup", Time since last: 1002596164 ns, Reaching safepoint: 164835 ns, At safepoint: 5642 ns, Total: 170477 ns
[2021-11-03T04:37:36.472+0000][7][safepoint    ] Safepoint "Cleanup", Time since last: 1002692412 ns, Reaching safepoint: 172241 ns, At safepoint: 6484 ns, Total: 178725 ns
[2021-11-03T04:37:37.478+0000][7][safepoint    ] Safepoint "Cleanup", Time since last: 1005750579 ns, Reaching safepoint: 153848 ns, At safepoint: 8668 ns, Total: 162516 ns
[2021-11-03T04:37:38.481+0000][7][safepoint    ] Safepoint "Cleanup", Time since last: 1002581064 ns, Reaching safepoint: 324444 ns, At safepoint: 6476 ns, Total: 330920 ns
[2021-11-03T04:37:39.484+0000][7][safepoint    ] Safepoint "Cleanup", Time since last: 1002957024 ns, Reaching safepoint: 224613 ns, At safepoint: 6248 ns, Total: 230861 ns
[2021-11-03T04:37:40.487+0000][7][safepoint    ] Safepoint "Cleanup", Time since last: 1002298241 ns, Reaching safepoint: 222742 ns, At safepoint: 6244 ns, Total: 228986 ns
[2021-11-03T04:37:41.490+0000][7][safepoint    ] Safepoint "Cleanup", Time since last: 1003059757 ns, Reaching safepoint: 259817 ns, At safepoint: 6674 ns, Total: 266491 ns
[2021-11-03T04:37:42.493+0000][7][safepoint    ] Safepoint "Cleanup", Time since last: 1003108073 ns, Reaching safepoint: 226860 ns, At safepoint: 7056 ns, Total: 233916 ns
[2021-11-03T04:37:43.496+0000][7][safepoint    ] Safepoint "Cleanup", Time since last: 1002661732 ns, Reaching safepoint: 223369 ns, At safepoint: 7361 ns, Total: 230730 ns
[2021-11-03T04:37:44.504+0000][7][safepoint    ] Safepoint "Cleanup", Time since last: 1007986030 ns, Reaching safepoint: 225541 ns, At safepoint: 7856 ns, Total: 233397 ns
[2021-11-03T04:37:45.511+0000][7][safepoint    ] Safepoint "Cleanup", Time since last: 1006581993 ns, Reaching safepoint: 254152 ns, At safepoint: 6365 ns, Total: 260517 ns
[2021-11-03T04:37:46.517+0000][7][safepoint    ] Safepoint "Cleanup", Time since last: 1005467388 ns, Reaching safepoint: 247950 ns, At safepoint: 8664 ns, Total: 256614 ns
[2021-11-03T04:37:47.521+0000][7][safepoint    ] Safepoint "Cleanup", Time since last: 1003784713 ns, Reaching safepoint: 500475 ns, At safepoint: 21526 ns, Total: 522001 ns
[2021-11-03T04:37:48.528+0000][7][safepoint    ] Safepoint "Cleanup", Time since last: 1006240811 ns, Reaching safepoint: 301435 ns, At safepoint: 28108 ns, Total: 329543 ns
[2021-11-03T04:37:49.534+0000][7][safepoint    ] Safepoint "Cleanup", Time since last: 1005330740 ns, Reaching safepoint: 373255 ns, At safepoint: 6711 ns, Total: 379966 ns
[2021-11-03T04:37:50.538+0000][7][safepoint    ] Safepoint "Cleanup", Time since last: 1003747993 ns, Reaching safepoint: 293962 ns, At safepoint: 6499 ns, Total: 300461 ns
[2021-11-03T04:37:51.542+0000][7][safepoint    ] Safepoint "Cleanup", Time since last: 1003754306 ns, Reaching safepoint: 246335 ns, At safepoint: 8742 ns, Total: 255077 ns
[2021-11-03T04:37:52.544+0000][7][safepoint    ] Safepoint "Cleanup", Time since last: 1002668725 ns, Reaching safepoint: 159980 ns, At safepoint: 5943 ns, Total: 165923 ns
[2021-11-03T04:37:53.550+0000][7][safepoint    ] Safepoint "Cleanup", Time since last: 1005045262 ns, Reaching safepoint: 466415 ns, At safepoint: 10772 ns, Total: 477187 ns
[2021-11-03T04:37:54.553+0000][7][safepoint    ] Safepoint "Cleanup", Time since last: 1002464182 ns, Reaching safepoint: 691683 ns, At safepoint: 21301 ns, Total: 712984 ns
[2021-11-03T04:37:55.556+0000][7][safepoint    ] Safepoint "Cleanup", Time since last: 1002795435 ns, Reaching safepoint: 407506 ns, At safepoint: 108054 ns, Total: 515560 ns
[2021-11-03T04:37:56.559+0000][7][safepoint    ] Safepoint "Cleanup", Time since last: 1002347825 ns, Reaching safepoint: 295239 ns, At safepoint: 6458 ns, Total: 301697 ns
[2021-11-03T04:37:57.563+0000][7][safepoint    ] Safepoint "Cleanup", Time since last: 1003510050 ns, Reaching safepoint: 379128 ns, At safepoint: 8168 ns, Total: 387296 ns
[2021-11-03T04:37:58.567+0000][7][safepoint    ] Safepoint "Cleanup", Time since last: 1003427852 ns, Reaching safepoint: 481974 ns, At safepoint: 8343 ns, Total: 490317 ns
[2021-11-03T04:37:59.570+0000][7][safepoint    ] Safepoint "Cleanup", Time since last: 1002744710 ns, Reaching safepoint: 230344 ns, At safepoint: 6910 ns, Total: 237254 ns
[2021-11-03T04:38:00.574+0000][7][safepoint    ] Safepoint "Cleanup", Time since last: 1003664518 ns, Reaching safepoint: 467676 ns, At safepoint: 22072 ns, Total: 489748 ns
[2021-11-03T04:38:01.578+0000][7][safepoint    ] Safepoint "Cleanup", Time since last: 1003190449 ns, Reaching safepoint: 589634 ns, At safepoint: 18147 ns, Total: 607781 ns
[2021-11-03T04:38:02.582+0000][7][safepoint    ] Safepoint "Cleanup", Time since last: 1003783947 ns, Reaching safepoint: 234500 ns, At safepoint: 5393 ns, Total: 239893 ns
[2021-11-03T04:38:03.585+0000][7][safepoint    ] Safepoint "Cleanup", Time since last: 1002843302 ns, Reaching safepoint: 393528 ns, At safepoint: 15938 ns, Total: 409466 ns
[2021-11-03T04:38:04.567+0000][7][safepoint    ] Safepoint "Cleanup", Time since last: 1002226559 ns, Reaching safepoint: 596490 ns, At safepoint: 20153 ns, Total: 616643 ns
[2021-11-03T04:38:05.570+0000][7][safepoint    ] Safepoint "Cleanup", Time since last: 1003058926 ns, Reaching safepoint: 196573 ns, At safepoint: 6448 ns, Total: 203021 ns
[2021-11-03T04:38:06.574+0000][7][safepoint    ] Safepoint "Cleanup", Time since last: 1003255960 ns, Reaching safepoint: 167589 ns, At safepoint: 5523 ns, Total: 173112 ns
[2021-11-03T04:38:07.578+0000][7][safepoint    ] Safepoint "Cleanup", Time since last: 1003608968 ns, Reaching safepoint: 282574 ns, At safepoint: 9023 ns, Total: 291597 ns
[2021-11-03T04:38:08.582+0000][7][safepoint    ] Safepoint "Cleanup", Time since last: 1004554985 ns, Reaching safepoint: 188454 ns, At safepoint: 5068 ns, Total: 193522 ns
[2021-11-03T04:38:09.585+0000][7][safepoint    ] Safepoint "Cleanup", Time since last: 1002177108 ns, Reaching safepoint: 316378 ns, At safepoint: 7449 ns, Total: 323827 ns
[2021-11-03T04:38:10.597+0000][7][safepoint    ] Safepoint "Cleanup", Time since last: 1012262922 ns, Reaching safepoint: 229168 ns, At safepoint: 11087 ns, Total: 240255 ns
[2021-11-03T04:38:11.602+0000][7][safepoint    ] Safepoint "Cleanup", Time since last: 1004648455 ns, Reaching safepoint: 305736 ns, At safepoint: 5688 ns, Total: 311424 ns
[2021-11-03T04:38:12.606+0000][7][safepoint    ] Safepoint "Cleanup", Time since last: 1002931400 ns, Reaching safepoint: 231770 ns, At safepoint: 6400 ns, Total: 238170 ns
[2021-11-03T04:38:13.611+0000][7][safepoint    ] Safepoint "Cleanup", Time since last: 1005002658 ns, Reaching safepoint: 368083 ns, At safepoint: 7328 ns, Total: 375411 ns
[2021-11-03T04:38:14.620+0000][7][safepoint    ] Safepoint "Cleanup", Time since last: 1009194515 ns, Reaching safepoint: 263181 ns, At safepoint: 8503 ns, Total: 271684 ns
[2021-11-03T04:38:15.631+0000][7][safepoint    ] Safepoint "Cleanup", Time since last: 1010107709 ns, Reaching safepoint: 381849 ns, At safepoint: 8922 ns, Total: 390771 ns
[2021-11-03T04:38:16.640+0000][7][safepoint    ] Safepoint "Cleanup", Time since last: 1008843180 ns, Reaching safepoint: 183356 ns, At safepoint: 5958 ns, Total: 189314 ns
[2021-11-03T04:38:17.645+0000][7][safepoint    ] Safepoint "Cleanup", Time since last: 1004482429 ns, Reaching safepoint: 176323 ns, At safepoint: 7451 ns, Total: 183774 ns
[2021-11-03T04:38:18.649+0000][7][safepoint    ] Safepoint "Cleanup", Time since last: 1004431787 ns, Reaching safepoint: 233399 ns, At safepoint: 7847 ns, Total: 241246 ns
[2021-11-03T04:38:19.654+0000][7][safepoint    ] Safepoint "Cleanup", Time since last: 1004554377 ns, Reaching safepoint: 228036 ns, At safepoint: 6378 ns, Total: 234414 ns
[2021-11-03T04:38:20.658+0000][7][safepoint    ] Safepoint "Cleanup", Time since last: 1003313969 ns, Reaching safepoint: 250544 ns, At safepoint: 6855 ns, Total: 257399 ns
[2021-11-03T04:38:21.663+0000][7][safepoint    ] Safepoint "Cleanup", Time since last: 1004736075 ns, Reaching safepoint: 246367 ns, At safepoint: 6836 ns, Total: 253203 ns
[2021-11-03T04:38:22.665+0000][7][safepoint    ] Safepoint "Cleanup", Time since last: 1002389528 ns, Reaching safepoint: 237347 ns, At safepoint: 6324 ns, Total: 243671 ns
[2021-11-03T04:38:23.668+0000][7][safepoint    ] Safepoint "Cleanup", Time since last: 1002775117 ns, Reaching safepoint: 265812 ns, At safepoint: 6763 ns, Total: 272575 ns
[2021-11-03T04:38:24.672+0000][7][safepoint    ] Safepoint "Cleanup", Time since last: 1003011853 ns, Reaching safepoint: 232514 ns, At safepoint: 6283 ns, Total: 238797 ns
[2021-11-03T04:38:25.676+0000][7][safepoint    ] Safepoint "Cleanup", Time since last: 1004519650 ns, Reaching safepoint: 467735 ns, At safepoint: 7787 ns, Total: 475522 ns
[2021-11-03T04:38:26.679+0000][7][safepoint    ] Safepoint "Cleanup", Time since last: 1002597657 ns, Reaching safepoint: 195301 ns, At safepoint: 5287 ns, Total: 200588 ns
[2021-11-03T04:38:27.681+0000][7][safepoint    ] Safepoint "Cleanup", Time since last: 1001695591 ns, Reaching safepoint: 317066 ns, At safepoint: 12909 ns, Total: 329975 ns
[2021-11-03T04:38:28.686+0000][7][safepoint    ] Safepoint "Cleanup", Time since last: 1004121987 ns, Reaching safepoint: 445537 ns, At safepoint: 9931 ns, Total: 455468 ns
[2021-11-03T04:38:29.690+0000][7][safepoint    ] Safepoint "Cleanup", Time since last: 1004215352 ns, Reaching safepoint: 235282 ns, At safepoint: 7033 ns, Total: 242315 ns
[2021-11-03T04:38:30.694+0000][7][safepoint    ] Safepoint "Cleanup", Time since last: 1003184192 ns, Reaching safepoint: 431744 ns, At safepoint: 7730 ns, Total: 439474 ns
[2021-11-03T04:38:31.697+0000][7][safepoint    ] Safepoint "Cleanup", Time since last: 1002822946 ns, Reaching safepoint: 375222 ns, At safepoint: 10600 ns, Total: 385822 ns
[2021-11-03T04:38:32.705+0000][7][safepoint    ] Safepoint "Cleanup", Time since last: 1007282255 ns, Reaching safepoint: 430995 ns, At safepoint: 8702 ns, Total: 439697 ns
[2021-11-03T04:38:33.708+0000][7][safepoint    ] Safepoint "Cleanup", Time since last: 1002829808 ns, Reaching safepoint: 148479 ns, At safepoint: 5089 ns, Total: 153568 ns
[2021-11-03T04:38:34.689+0000][7][safepoint    ] Safepoint "Cleanup", Time since last: 1002170789 ns, Reaching safepoint: 138620 ns, At safepoint: 3008 ns, Total: 141628 ns
[2021-11-03T04:38:35.693+0000][7][safepoint    ] Safepoint "Cleanup", Time since last: 1003029062 ns, Reaching safepoint: 449142 ns, At safepoint: 10172 ns, Total: 459314 ns
[2021-11-03T04:38:36.697+0000][7][safepoint    ] Safepoint "Cleanup", Time since last: 1004264001 ns, Reaching safepoint: 476746 ns, At safepoint: 23042 ns, Total: 499788 ns
[2021-11-03T04:38:37.700+0000][7][safepoint    ] Safepoint "Cleanup", Time since last: 1002128695 ns, Reaching safepoint: 226469 ns, At safepoint: 3761 ns, Total: 230230 ns
[2021-11-03T04:38:38.702+0000][7][safepoint    ] Safepoint "Cleanup", Time since last: 1001529939 ns, Reaching safepoint: 476029 ns, At safepoint: 9570 ns, Total: 485599 ns
[2021-11-03T04:38:39.705+0000][7][safepoint    ] Safepoint "Cleanup", Time since last: 1002866093 ns, Reaching safepoint: 209479 ns, At safepoint: 6663 ns, Total: 216142 ns
[2021-11-03T04:38:40.708+0000][7][safepoint    ] Safepoint "Cleanup", Time since last: 1002498992 ns, Reaching safepoint: 246567 ns, At safepoint: 8203 ns, Total: 254770 ns
[2021-11-03T04:38:41.712+0000][7][safepoint    ] Safepoint "Cleanup", Time since last: 1003888298 ns, Reaching safepoint: 217677 ns, At safepoint: 4607 ns, Total: 222284 ns
[2021-11-03T04:38:42.713+0000][7][safepoint    ] Safepoint "Cleanup", Time since last: 1001532906 ns, Reaching safepoint: 183431 ns, At safepoint: 6186 ns, Total: 189617 ns
[2021-11-03T04:38:43.717+0000][7][safepoint    ] Safepoint "Cleanup", Time since last: 1003384315 ns, Reaching safepoint: 176041 ns, At safepoint: 5663 ns, Total: 181704 ns
[2021-11-03T04:38:44.720+0000][7][safepoint    ] Safepoint "Cleanup", Time since last: 1003028899 ns, Reaching safepoint: 168339 ns, At safepoint: 6552 ns, Total: 174891 ns
[2021-11-03T04:38:45.723+0000][7][safepoint    ] Safepoint "Cleanup", Time since last: 1002848374 ns, Reaching safepoint: 421624 ns, At safepoint: 10547 ns, Total: 432171 ns
[2021-11-03T04:38:46.726+0000][7][safepoint    ] Safepoint "Cleanup", Time since last: 1002672811 ns, Reaching safepoint: 166308 ns, At safepoint: 6048 ns, Total: 172356 ns
[2021-11-03T04:38:47.729+0000][7][safepoint    ] Safepoint "Cleanup", Time since last: 1002239076 ns, Reaching safepoint: 489129 ns, At safepoint: 9448 ns, Total: 498577 ns
[2021-11-03T04:38:48.733+0000][7][safepoint    ] Safepoint "Cleanup", Time since last: 1003692976 ns, Reaching safepoint: 236949 ns, At safepoint: 9069 ns, Total: 246018 ns
[2021-11-03T04:38:49.737+0000][7][safepoint    ] Safepoint "Cleanup", Time since last: 1003424657 ns, Reaching safepoint: 337289 ns, At safepoint: 8148 ns, Total: 345437 ns
[2021-11-03T04:38:50.743+0000][7][safepoint    ] Safepoint "Cleanup", Time since last: 1005792907 ns, Reaching safepoint: 375011 ns, At safepoint: 7736 ns, Total: 382747 ns
[2021-11-03T04:38:51.747+0000][7][safepoint    ] Safepoint "Cleanup", Time since last: 1003566518 ns, Reaching safepoint: 342334 ns, At safepoint: 6779 ns, Total: 349113 ns
[2021-11-03T04:38:52.751+0000][7][safepoint    ] Safepoint "Cleanup", Time since last: 1004044677 ns, Reaching safepoint: 430875 ns, At safepoint: 16329 ns, Total: 447204 ns
[2021-11-03T04:38:53.754+0000][7][safepoint    ] Safepoint "Cleanup", Time since last: 1002590697 ns, Reaching safepoint: 382514 ns, At safepoint: 11491 ns, Total: 394005 ns
[2021-11-03T04:38:54.758+0000][7][safepoint    ] Safepoint "Cleanup", Time since last: 1003217930 ns, Reaching safepoint: 647128 ns, At safepoint: 19031 ns, Total: 666159 ns
[2021-11-03T04:38:55.765+0000][7][safepoint    ] Safepoint "Cleanup", Time since last: 1005880378 ns, Reaching safepoint: 624521 ns, At safepoint: 21308 ns, Total: 645829 ns
[2021-11-03T04:38:56.769+0000][7][safepoint    ] Safepoint "Cleanup", Time since last: 1003960204 ns, Reaching safepoint: 446208 ns, At safepoint: 13717 ns, Total: 459925 ns
[2021-11-03T04:38:57.773+0000][7][safepoint    ] Safepoint "Cleanup", Time since last: 1003016040 ns, Reaching safepoint: 619876 ns, At safepoint: 22665 ns, Total: 642541 ns
[2021-11-03T04:38:58.777+0000][7][safepoint    ] Safepoint "Cleanup", Time since last: 1004082997 ns, Reaching safepoint: 406529 ns, At safepoint: 11558 ns, Total: 418087 ns
[2021-11-03T04:38:59.782+0000][7][safepoint    ] Safepoint "Cleanup", Time since last: 1004750545 ns, Reaching safepoint: 320209 ns, At safepoint: 9356 ns, Total: 329565 ns
[2021-11-03T04:39:00.785+0000][7][safepoint    ] Safepoint "Cleanup", Time since last: 1002666315 ns, Reaching safepoint: 416350 ns, At safepoint: 11367 ns, Total: 427717 ns
[2021-11-03T04:39:01.792+0000][7][safepoint    ] Safepoint "Cleanup", Time since last: 1006525093 ns, Reaching safepoint: 230346 ns, At safepoint: 7023 ns, Total: 237369 ns
[2021-11-03T04:39:02.796+0000][7][safepoint    ] Safepoint "Cleanup", Time since last: 1003071612 ns, Reaching safepoint: 235621 ns, At safepoint: 6978 ns, Total: 242599 ns
[2021-11-03T04:39:03.801+0000][7][safepoint    ] Safepoint "Cleanup", Time since last: 1004410254 ns, Reaching safepoint: 599416 ns, At safepoint: 120591 ns, Total: 720007 ns
[2021-11-03T04:39:04.783+0000][7][safepoint    ] Safepoint "Cleanup", Time since last: 1002426814 ns, Reaching safepoint: 652346 ns, At safepoint: 20155 ns, Total: 672501 ns
[2021-11-03T04:39:05.791+0000][7][safepoint    ] Safepoint "Cleanup", Time since last: 1008286396 ns, Reaching safepoint: 183448 ns, At safepoint: 7214 ns, Total: 190662 ns
[2021-11-03T04:39:06.795+0000][7][safepoint    ] Safepoint "Cleanup", Time since last: 1003277086 ns, Reaching safepoint: 348522 ns, At safepoint: 6686 ns, Total: 355208 ns
[2021-11-03T04:39:07.797+0000][7][safepoint    ] Safepoint "Cleanup", Time since last: 1001837932 ns, Reaching safepoint: 232165 ns, At safepoint: 10311 ns, Total: 242476 ns
[2021-11-03T04:39:08.801+0000][7][safepoint    ] Safepoint "Cleanup", Time since last: 1003192774 ns, Reaching safepoint: 193399 ns, At safepoint: 9225 ns, Total: 202624 ns
[2021-11-03T04:39:09.809+0000][7][safepoint    ] Safepoint "Cleanup", Time since last: 1008628655 ns, Reaching safepoint: 179431 ns, At safepoint: 6420 ns, Total: 185851 ns
[2021-11-03T04:39:10.815+0000][7][safepoint    ] Safepoint "Cleanup", Time since last: 1005741553 ns, Reaching safepoint: 173362 ns, At safepoint: 6226 ns, Total: 179588 ns
[2021-11-03T04:39:11.823+0000][7][safepoint    ] Safepoint "Cleanup", Time since last: 1007654805 ns, Reaching safepoint: 413697 ns, At safepoint: 8814 ns, Total: 422511 ns
[2021-11-03T04:39:12.827+0000][7][safepoint    ] Safepoint "Cleanup", Time since last: 1003653691 ns, Reaching safepoint: 203101 ns, At safepoint: 9522 ns, Total: 212623 ns
[2021-11-03T04:39:14.114+0000][7][safepoint    ] Safepoint "Cleanup", Time since last: 1286306718 ns, Reaching safepoint: 546746 ns, At safepoint: 21117 ns, Total: 567863 ns
[2021-11-03T04:39:15.118+0000][7][safepoint    ] Safepoint "Cleanup", Time since last: 1002789370 ns, Reaching safepoint: 1223816 ns, At safepoint: 68542 ns, Total: 1292358 ns
[2021-11-03T04:39:16.122+0000][7][safepoint    ] Safepoint "Cleanup", Time since last: 1002039806 ns, Reaching safepoint: 1399952 ns, At safepoint: 81141 ns, Total: 1481093 ns
[2021-11-03T04:39:17.125+0000][7][safepoint    ] Safepoint "Cleanup", Time since last: 1002492534 ns, Reaching safepoint: 433337 ns, At safepoint: 69521 ns, Total: 502858 ns
[2021-11-03T04:39:18.127+0000][7][safepoint    ] Safepoint "Cleanup", Time since last: 1002456453 ns, Reaching safepoint: 160764 ns, At safepoint: 6046 ns, Total: 166810 ns
[2021-11-03T04:39:19.131+0000][7][safepoint    ] Safepoint "Cleanup", Time since last: 1003951954 ns, Reaching safepoint: 178482 ns, At safepoint: 6446 ns, Total: 184928 ns
[2021-11-03T04:39:20.137+0000][7][safepoint    ] Safepoint "Cleanup", Time since last: 1004921502 ns, Reaching safepoint: 168742 ns, At safepoint: 5895 ns, Total: 174637 ns
[2021-11-03T04:39:21.142+0000][7][safepoint    ] Safepoint "Cleanup", Time since last: 1004892306 ns, Reaching safepoint: 166506 ns, At safepoint: 5348 ns, Total: 171854 ns
[2021-11-03T04:39:22.148+0000][7][safepoint    ] Safepoint "Cleanup", Time since last: 1006062401 ns, Reaching safepoint: 366614 ns, At safepoint: 7738 ns, Total: 374352 ns
[2021-11-03T04:39:23.154+0000][7][safepoint    ] Safepoint "Cleanup", Time since last: 1005269763 ns, Reaching safepoint: 172760 ns, At safepoint: 6622 ns, Total: 179382 ns
[2021-11-03T04:39:24.157+0000][7][safepoint    ] Safepoint "Cleanup", Time since last: 1003350419 ns, Reaching safepoint: 180042 ns, At safepoint: 6800 ns, Total: 186842 ns
[2021-11-03T04:39:25.165+0000][7][safepoint    ] Safepoint "Cleanup", Time since last: 1007494102 ns, Reaching safepoint: 167341 ns, At safepoint: 6332 ns, Total: 173673 ns
[2021-11-03T04:39:26.171+0000][7][safepoint    ] Safepoint "Cleanup", Time since last: 1006502019 ns, Reaching safepoint: 166252 ns, At safepoint: 7193 ns, Total: 173445 ns
[2021-11-03T04:39:27.177+0000][7][safepoint    ] Safepoint "Cleanup", Time since last: 1004970035 ns, Reaching safepoint: 213169 ns, At safepoint: 6307 ns, Total: 219476 ns
[2021-11-03T04:39:28.183+0000][7][safepoint    ] Safepoint "Cleanup", Time since last: 1005888403 ns, Reaching safepoint: 576938 ns, At safepoint: 14081 ns, Total: 591019 ns
[2021-11-03T04:39:29.186+0000][7][safepoint    ] Safepoint "Cleanup", Time since last: 1002414170 ns, Reaching safepoint: 178109 ns, At safepoint: 6380 ns, Total: 184489 ns
[2021-11-03T04:39:30.193+0000][7][safepoint    ] Safepoint "Cleanup", Time since last: 1007406085 ns, Reaching safepoint: 169596 ns, At safepoint: 6870 ns, Total: 176466 ns
[2021-11-03T04:39:31.197+0000][7][safepoint    ] Safepoint "Cleanup", Time since last: 1003332717 ns, Reaching safepoint: 167740 ns, At safepoint: 6598 ns, Total: 174338 ns
[2021-11-03T04:39:32.202+0000][7][safepoint    ] Safepoint "Cleanup", Time since last: 1004604091 ns, Reaching safepoint: 162289 ns, At safepoint: 6227 ns, Total: 168516 ns
[2021-11-03T04:39:33.205+0000][7][safepoint    ] Safepoint "Cleanup", Time since last: 1003479266 ns, Reaching safepoint: 163926 ns, At safepoint: 6304 ns, Total: 170230 ns
[2021-11-03T04:39:34.210+0000][7][safepoint    ] Safepoint "Cleanup", Time since last: 1004882181 ns, Reaching safepoint: 171290 ns, At safepoint: 7129 ns, Total: 178419 ns
[2021-11-03T04:39:36.112+0000][7][safepoint    ] Safepoint "Cleanup", Time since last: 1922428407 ns, Reaching safepoint: 260581 ns, At safepoint: 6791 ns, Total: 267372 ns
[2021-11-03T04:39:37.118+0000][7][safepoint    ] Safepoint "Cleanup", Time since last: 1005771702 ns, Reaching safepoint: 144328 ns, At safepoint: 23008 ns, Total: 167336 ns
[2021-11-03T04:39:38.120+0000][7][safepoint    ] Safepoint "Cleanup", Time since last: 1002036711 ns, Reaching safepoint: 101524 ns, At safepoint: 3212 ns, Total: 104736 ns
[2021-11-03T04:39:39.124+0000][7][safepoint    ] Safepoint "Cleanup", Time since last: 1003666730 ns, Reaching safepoint: 371240 ns, At safepoint: 7674 ns, Total: 378914 ns
[2021-11-03T04:39:40.128+0000][7][safepoint    ] Safepoint "Cleanup", Time since last: 1003590173 ns, Reaching safepoint: 340282 ns, At safepoint: 7116 ns, Total: 347398 ns
[2021-11-03T04:39:41.131+0000][7][safepoint    ] Safepoint "Cleanup", Time since last: 1002704268 ns, Reaching safepoint: 317753 ns, At safepoint: 7473 ns, Total: 325226 ns
[2021-11-03T04:39:42.138+0000][7][safepoint    ] Safepoint "Cleanup", Time since last: 1005803857 ns, Reaching safepoint: 457131 ns, At safepoint: 10772 ns, Total: 467903 ns
[2021-11-03T04:39:43.144+0000][7][safepoint    ] Safepoint "Cleanup", Time since last: 1005717955 ns, Reaching safepoint: 369854 ns, At safepoint: 17978 ns, Total: 387832 ns
[2021-11-03T04:39:44.154+0000][7][safepoint    ] Safepoint "Cleanup", Time since last: 1010176945 ns, Reaching safepoint: 366034 ns, At safepoint: 7817 ns, Total: 373851 ns
[2021-11-03T04:39:45.162+0000][7][safepoint    ] Safepoint "Cleanup", Time since last: 1007603049 ns, Reaching safepoint: 435571 ns, At safepoint: 7813 ns, Total: 443384 ns
[2021-11-03T04:39:46.174+0000][7][safepoint    ] Safepoint "Cleanup", Time since last: 1011643272 ns, Reaching safepoint: 438545 ns, At safepoint: 11123 ns, Total: 449668 ns
[2021-11-03T04:39:47.179+0000][7][safepoint    ] Safepoint "Cleanup", Time since last: 1004394143 ns, Reaching safepoint: 718859 ns, At safepoint: 17947 ns, Total: 736806 ns
[2021-11-03T04:39:48.187+0000][7][safepoint    ] Safepoint "Cleanup", Time since last: 1007236012 ns, Reaching safepoint: 151185 ns, At safepoint: 5577 ns, Total: 156762 ns
[2021-11-03T04:39:49.190+0000][7][safepoint    ] Safepoint "Cleanup", Time since last: 1002477152 ns, Reaching safepoint: 993425 ns, At safepoint: 84575 ns, Total: 1078000 ns
[2021-11-03T04:39:50.194+0000][7][safepoint    ] Safepoint "Cleanup", Time since last: 1002735753 ns, Reaching safepoint: 792183 ns, At safepoint: 170797 ns, Total: 962980 ns
[2021-11-03T04:39:51.200+0000][7][safepoint    ] Safepoint "Cleanup", Time since last: 1005956040 ns, Reaching safepoint: 200265 ns, At safepoint: 79267 ns, Total: 279532 ns
[2021-11-03T04:39:52.205+0000][7][safepoint    ] Safepoint "Cleanup", Time since last: 1004180033 ns, Reaching safepoint: 164327 ns, At safepoint: 74387 ns, Total: 238714 ns
[2021-11-03T04:39:53.208+0000][7][safepoint    ] Safepoint "Cleanup", Time since last: 1002948392 ns, Reaching safepoint: 576225 ns, At safepoint: 72190 ns, Total: 648415 ns
[2021-11-03T04:39:54.212+0000][7][safepoint    ] Safepoint "Cleanup", Time since last: 1003606600 ns, Reaching safepoint: 305727 ns, At safepoint: 81197 ns, Total: 386924 ns
[2021-11-03T04:39:55.218+0000][7][safepoint    ] Safepoint "Cleanup", Time since last: 1005264443 ns, Reaching safepoint: 173376 ns, At safepoint: 71888 ns, Total: 245264 ns
[2021-11-03T04:39:56.220+0000][7][safepoint    ] Safepoint "Cleanup", Time since last: 1002351708 ns, Reaching safepoint: 176858 ns, At safepoint: 71757 ns, Total: 248615 ns
[2021-11-03T04:39:57.223+0000][7][safepoint    ] Safepoint "Cleanup", Time since last: 1001996520 ns, Reaching safepoint: 798421 ns, At safepoint: 74142 ns, Total: 872563 ns
[2021-11-03T04:39:58.226+0000][7][safepoint    ] Safepoint "Cleanup", Time since last: 1002214344 ns, Reaching safepoint: 220945 ns, At safepoint: 6485 ns, Total: 227430 ns
[2021-11-03T04:39:59.229+0000][7][safepoint    ] Safepoint "Cleanup", Time since last: 1003116368 ns, Reaching safepoint: 303921 ns, At safepoint: 92051 ns, Total: 395972 ns
[2021-11-03T04:40:00.238+0000][7][safepoint    ] Safepoint "Cleanup", Time since last: 1008532889 ns, Reaching safepoint: 476938 ns, At safepoint: 85868 ns, Total: 562806 ns
[2021-11-03T04:40:01.243+0000][7][safepoint    ] Safepoint "Cleanup", Time since last: 1003470105 ns, Reaching safepoint: 684949 ns, At safepoint: 20420 ns, Total: 705369 ns
[2021-11-03T04:40:02.248+0000][7][safepoint    ] Safepoint "Cleanup", Time since last: 1001939595 ns, Reaching safepoint: 3249452 ns, At safepoint: 76026 ns, Total: 3325478 ns
[2021-11-03T04:40:03.251+0000][7][safepoint    ] Safepoint "Cleanup", Time since last: 1002895155 ns, Reaching safepoint: 239979 ns, At safepoint: 170134 ns, Total: 410113 ns
[2021-11-03T04:40:04.255+0000][7][safepoint    ] Safepoint "Cleanup", Time since last: 1003556166 ns, Reaching safepoint: 599765 ns, At safepoint: 84815 ns, Total: 684580 ns
[2021-11-03T04:40:05.238+0000][7][safepoint    ] Safepoint "Cleanup", Time since last: 1002615068 ns, Reaching safepoint: 771321 ns, At safepoint: 74970 ns, Total: 846291 ns
[2021-11-03T04:40:06.240+0000][7][safepoint    ] Safepoint "Cleanup", Time since last: 1002185686 ns, Reaching safepoint: 299311 ns, At safepoint: 9690 ns, Total: 309001 ns
[2021-11-03T04:40:07.249+0000][7][safepoint    ] Safepoint "Cleanup", Time since last: 1008389254 ns, Reaching safepoint: 407861 ns, At safepoint: 71448 ns, Total: 479309 ns
[2021-11-03T04:40:08.252+0000][7][safepoint    ] Safepoint "Cleanup", Time since last: 1002330021 ns, Reaching safepoint: 241284 ns, At safepoint: 7159 ns, Total: 248443 ns
[2021-11-03T04:40:09.255+0000][7][safepoint    ] Safepoint "Cleanup", Time since last: 1002685381 ns, Reaching safepoint: 176850 ns, At safepoint: 6677 ns, Total: 183527 ns
[2021-11-03T04:40:10.261+0000][7][safepoint    ] Safepoint "Cleanup", Time since last: 1006225872 ns, Reaching safepoint: 209552 ns, At safepoint: 47354 ns, Total: 256906 ns
[2021-11-03T04:40:11.272+0000][7][safepoint    ] Safepoint "Cleanup", Time since last: 1010330989 ns, Reaching safepoint: 222365 ns, At safepoint: 30525 ns, Total: 252890 ns
[2021-11-03T04:40:12.278+0000][7][safepoint    ] Safepoint "Cleanup", Time since last: 1006403385 ns, Reaching safepoint: 277641 ns, At safepoint: 75281 ns, Total: 352922 ns
[2021-11-03T04:40:13.282+0000][7][safepoint    ] Safepoint "Cleanup", Time since last: 1003350961 ns, Reaching safepoint: 167454 ns, At safepoint: 162286 ns, Total: 329740 ns
[2021-11-03T04:40:14.285+0000][7][safepoint    ] Safepoint "Cleanup", Time since last: 1002028890 ns, Reaching safepoint: 371239 ns, At safepoint: 64654 ns, Total: 435893 ns
[2021-11-03T04:40:15.288+0000][7][safepoint    ] Safepoint "Cleanup", Time since last: 1003028430 ns, Reaching safepoint: 167011 ns, At safepoint: 6062 ns, Total: 173073 ns
[2021-11-03T04:40:16.291+0000][7][safepoint    ] Safepoint "Cleanup", Time since last: 1002953095 ns, Reaching safepoint: 176851 ns, At safepoint: 77670 ns, Total: 254521 ns
[2021-11-03T04:40:17.295+0000][7][safepoint    ] Safepoint "Cleanup", Time since last: 1003810659 ns, Reaching safepoint: 394967 ns, At safepoint: 74282 ns, Total: 469249 ns
[2021-11-03T04:40:18.300+0000][7][safepoint    ] Safepoint "Cleanup", Time since last: 1004603900 ns, Reaching safepoint: 400609 ns, At safepoint: 77462 ns, Total: 478071 ns
[2021-11-03T04:40:19.309+0000][7][safepoint    ] Safepoint "Cleanup", Time since last: 1007972467 ns, Reaching safepoint: 209214 ns, At safepoint: 74742 ns, Total: 283956 ns
[2021-11-03T04:40:20.311+0000][7][safepoint    ] Safepoint "Cleanup", Time since last: 1002200423 ns, Reaching safepoint: 156692 ns, At safepoint: 7018 ns, Total: 163710 ns
[2021-11-03T04:40:21.314+0000][7][safepoint    ] Safepoint "Cleanup", Time since last: 1002689936 ns, Reaching safepoint: 170421 ns, At safepoint: 6171 ns, Total: 176592 ns
[2021-11-03T04:40:22.317+0000][7][safepoint    ] Safepoint "Cleanup", Time since last: 1003339684 ns, Reaching safepoint: 167387 ns, At safepoint: 6710 ns, Total: 174097 ns
[2021-11-03T04:40:23.320+0000][7][safepoint    ] Safepoint "Cleanup", Time since last: 1002791373 ns, Reaching safepoint: 170009 ns, At safepoint: 6217 ns, Total: 176226 ns
[2021-11-03T04:40:24.323+0000][7][safepoint    ] Safepoint "Cleanup", Time since last: 1002054582 ns, Reaching safepoint: 173215 ns, At safepoint: 6877 ns, Total: 180092 ns
[2021-11-03T04:40:25.326+0000][7][safepoint    ] Safepoint "Cleanup", Time since last: 1002884977 ns, Reaching safepoint: 165359 ns, At safepoint: 6442 ns, Total: 171801 ns
[2021-11-03T04:40:26.330+0000][7][safepoint    ] Safepoint "Cleanup", Time since last: 1004082287 ns, Reaching safepoint: 566330 ns, At safepoint: 72857 ns, Total: 639187 ns
[2021-11-03T04:40:27.336+0000][7][safepoint    ] Safepoint "Cleanup", Time since last: 1004559765 ns, Reaching safepoint: 586839 ns, At safepoint: 90166 ns, Total: 677005 ns
[2021-11-03T04:40:28.342+0000][7][safepoint    ] Safepoint "Cleanup", Time since last: 1006048870 ns, Reaching safepoint: 303252 ns, At safepoint: 156671 ns, Total: 459923 ns
[2021-11-03T04:40:29.345+0000][7][safepoint    ] Safepoint "Cleanup", Time since last: 1002329285 ns, Reaching safepoint: 603113 ns, At safepoint: 20745 ns, Total: 623858 ns
[2021-11-03T04:40:30.348+0000][7][safepoint    ] Safepoint "Cleanup", Time since last: 1002647102 ns, Reaching safepoint: 598993 ns, At safepoint: 19724 ns, Total: 618717 ns
[2021-11-03T04:40:31.351+0000][7][safepoint    ] Safepoint "Cleanup", Time since last: 1002132491 ns, Reaching safepoint: 608549 ns, At safepoint: 24150 ns, Total: 632699 ns
[2021-11-03T04:40:32.354+0000][7][safepoint    ] Safepoint "Cleanup", Time since last: 1002336575 ns, Reaching safepoint: 183324 ns, At safepoint: 6564 ns, Total: 189888 ns
[2021-11-03T04:40:33.357+0000][7][safepoint    ] Safepoint "Cleanup", Time since last: 1003488606 ns, Reaching safepoint: 173323 ns, At safepoint: 6457 ns, Total: 179780 ns
[2021-11-03T04:40:34.339+0000][7][safepoint    ] Safepoint "Cleanup", Time since last: 1002210395 ns, Reaching safepoint: 175273 ns, At safepoint: 5957 ns, Total: 181230 ns
[2021-11-03T04:40:36.023+0000][7][safepoint    ] Safepoint "Cleanup", Time since last: 1684581187 ns, Reaching safepoint: 177941 ns, At safepoint: 6702 ns, Total: 184643 ns
[2021-11-03T04:40:37.026+0000][7][safepoint    ] Safepoint "Cleanup", Time since last: 1002139817 ns, Reaching safepoint: 148623 ns, At safepoint: 3495 ns, Total: 152118 ns
[2021-11-03T04:40:38.027+0000][7][safepoint    ] Safepoint "Cleanup", Time since last: 1001078513 ns, Reaching safepoint: 139661 ns, At safepoint: 4442 ns, Total: 144103 ns
[2021-11-03T04:40:39.030+0000][7][safepoint    ] Safepoint "Cleanup", Time since last: 1003145310 ns, Reaching safepoint: 177675 ns, At safepoint: 6358 ns, Total: 184033 ns
[2021-11-03T04:40:40.035+0000][7][safepoint    ] Safepoint "Cleanup", Time since last: 1004836196 ns, Reaching safepoint: 169766 ns, At safepoint: 6621 ns, Total: 176387 ns
[2021-11-03T04:40:41.039+0000][7][safepoint    ] Safepoint "Cleanup", Time since last: 1003279433 ns, Reaching safepoint: 165927 ns, At safepoint: 6532 ns, Total: 172459 ns
[2021-11-03T04:40:42.044+0000][7][safepoint    ] Safepoint "Cleanup", Time since last: 1005341668 ns, Reaching safepoint: 168797 ns, At safepoint: 5942 ns, Total: 174739 ns
[2021-11-03T04:40:43.047+0000][7][safepoint    ] Safepoint "Cleanup", Time since last: 1002881006 ns, Reaching safepoint: 171217 ns, At safepoint: 7221 ns, Total: 178438 ns
[2021-11-03T04:40:44.051+0000][7][safepoint    ] Safepoint "Cleanup", Time since last: 1002922751 ns, Reaching safepoint: 277612 ns, At safepoint: 7040 ns, Total: 284652 ns
[2021-11-03T04:40:45.054+0000][7][safepoint    ] Safepoint "Cleanup", Time since last: 1003135599 ns, Reaching safepoint: 238227 ns, At safepoint: 8816 ns, Total: 247043 ns
[2021-11-03T04:40:46.058+0000][7][safepoint    ] Safepoint "Cleanup", Time since last: 1003902528 ns, Reaching safepoint: 174132 ns, At safepoint: 7053 ns, Total: 181185 ns
[2021-11-03T04:40:47.062+0000][7][safepoint    ] Safepoint "Cleanup", Time since last: 1003520238 ns, Reaching safepoint: 177210 ns, At safepoint: 6318 ns, Total: 183528 ns
[2021-11-03T04:40:48.064+0000][7][safepoint    ] Safepoint "Cleanup", Time since last: 1002453830 ns, Reaching safepoint: 171309 ns, At safepoint: 5515 ns, Total: 176824 ns
[2021-11-03T04:40:49.073+0000][7][safepoint    ] Safepoint "Cleanup", Time since last: 1008901168 ns, Reaching safepoint: 180066 ns, At safepoint: 6344 ns, Total: 186410 ns
[2021-11-03T04:40:50.080+0000][7][safepoint    ] Safepoint "Cleanup", Time since last: 1005536757 ns, Reaching safepoint: 782572 ns, At safepoint: 16539 ns, Total: 799111 ns
[2021-11-03T04:40:51.093+0000][7][safepoint    ] Safepoint "Cleanup", Time since last: 1012576540 ns, Reaching safepoint: 223024 ns, At safepoint: 7254 ns, Total: 230278 ns
[2021-11-03T04:40:52.095+0000][7][safepoint    ] Safepoint "Cleanup", Time since last: 1002318203 ns, Reaching safepoint: 336713 ns, At safepoint: 7116 ns, Total: 343829 ns
[2021-11-03T04:40:53.105+0000][7][safepoint    ] Safepoint "Cleanup", Time since last: 1009803738 ns, Reaching safepoint: 227570 ns, At safepoint: 6271 ns, Total: 233841 ns
[2021-11-03T04:40:54.111+0000][7][safepoint    ] Safepoint "Cleanup", Time since last: 1004869906 ns, Reaching safepoint: 372491 ns, At safepoint: 7363 ns, Total: 379854 ns
[2021-11-03T04:40:55.114+0000][7][safepoint    ] Safepoint "Cleanup", Time since last: 1002973607 ns, Reaching safepoint: 232826 ns, At safepoint: 6693 ns, Total: 239519 ns
[2021-11-03T04:40:56.117+0000][7][safepoint    ] Safepoint "Cleanup", Time since last: 1002885091 ns, Reaching safepoint: 238828 ns, At safepoint: 6867 ns, Total: 245695 ns
[2021-11-03T04:40:57.120+0000][7][safepoint    ] Safepoint "Cleanup", Time since last: 1002527249 ns, Reaching safepoint: 304317 ns, At safepoint: 18189 ns, Total: 322506 ns
[2021-11-03T04:40:58.123+0000][7][safepoint    ] Safepoint "Cleanup", Time since last: 1002725623 ns, Reaching safepoint: 174240 ns, At safepoint: 6006 ns, Total: 180246 ns
[2021-11-03T04:40:59.132+0000][7][safepoint    ] Safepoint "Cleanup", Time since last: 1009205011 ns, Reaching safepoint: 630808 ns, At safepoint: 9780 ns, Total: 640588 ns
[2021-11-03T04:41:00.138+0000][7][safepoint    ] Safepoint "Cleanup", Time since last: 1005482100 ns, Reaching safepoint: 349216 ns, At safepoint: 10215 ns, Total: 359431 ns
[2021-11-03T04:41:01.146+0000][7][safepoint    ] Safepoint "Cleanup", Time since last: 1007499562 ns, Reaching safepoint: 384942 ns, At safepoint: 8617 ns, Total: 393559 ns
[2021-11-03T04:41:02.155+0000][7][safepoint    ] Safepoint "Cleanup", Time since last: 1008077339 ns, Reaching safepoint: 233271 ns, At safepoint: 6365 ns, Total: 239636 ns
[2021-11-03T04:41:03.162+0000][7][safepoint    ] Safepoint "Cleanup", Time since last: 1006781486 ns, Reaching safepoint: 222254 ns, At safepoint: 5242 ns, Total: 227496 ns
[2021-11-03T04:41:04.165+0000][7][safepoint    ] Safepoint "Cleanup", Time since last: 1003581828 ns, Reaching safepoint: 321900 ns, At safepoint: 7520 ns, Total: 329420 ns
[2021-11-03T04:41:05.148+0000][7][safepoint    ] Safepoint "Cleanup", Time since last: 1003215955 ns, Reaching safepoint: 296964 ns, At safepoint: 6671 ns, Total: 303635 ns
[2021-11-03T04:41:06.151+0000][7][safepoint    ] Safepoint "Cleanup", Time since last: 1003024522 ns, Reaching safepoint: 375451 ns, At safepoint: 82081 ns, Total: 457532 ns
[2021-11-03T04:41:07.158+0000][7][safepoint    ] Safepoint "Cleanup", Time since last: 1006117586 ns, Reaching safepoint: 312469 ns, At safepoint: 12329 ns, Total: 324798 ns
[2021-11-03T04:41:08.164+0000][7][safepoint    ] Safepoint "Cleanup", Time since last: 1006107300 ns, Reaching safepoint: 506986 ns, At safepoint: 7679 ns, Total: 514665 ns
[2021-11-03T04:41:09.170+0000][7][safepoint    ] Safepoint "Cleanup", Time since last: 1005013336 ns, Reaching safepoint: 151281 ns, At safepoint: 6671 ns, Total: 157952 ns
[2021-11-03T04:41:10.172+0000][7][safepoint    ] Safepoint "Cleanup", Time since last: 1002280403 ns, Reaching safepoint: 386314 ns, At safepoint: 11342 ns, Total: 397656 ns
[2021-11-03T04:41:11.176+0000][7][safepoint    ] Safepoint "Cleanup", Time since last: 1002989306 ns, Reaching safepoint: 322139 ns, At safepoint: 7058 ns, Total: 329197 ns
[2021-11-03T04:41:12.180+0000][7][safepoint    ] Safepoint "Cleanup", Time since last: 1004299187 ns, Reaching safepoint: 325981 ns, At safepoint: 6253 ns, Total: 332234 ns
[2021-11-03T04:41:13.185+0000][7][safepoint    ] Safepoint "Cleanup", Time since last: 1004432498 ns, Reaching safepoint: 235336 ns, At safepoint: 6397 ns, Total: 241733 ns
[2021-11-03T04:41:14.190+0000][7][safepoint    ] Safepoint "Cleanup", Time since last: 1004951429 ns, Reaching safepoint: 246548 ns, At safepoint: 7437 ns, Total: 253985 ns
[2021-11-03T04:41:15.195+0000][7][safepoint    ] Safepoint "Cleanup", Time since last: 1004735778 ns, Reaching safepoint: 370850 ns, At safepoint: 9183 ns, Total: 380033 ns
[2021-11-03T04:41:16.200+0000][7][safepoint    ] Safepoint "Cleanup", Time since last: 1004363873 ns, Reaching safepoint: 296702 ns, At safepoint: 6993 ns, Total: 303695 ns
[2021-11-03T04:41:17.205+0000][7][safepoint    ] Safepoint "Cleanup", Time since last: 1004473777 ns, Reaching safepoint: 606432 ns, At safepoint: 18792 ns, Total: 625224 ns
[2021-11-03T04:41:18.210+0000][7][safepoint    ] Safepoint "Cleanup", Time since last: 1004522034 ns, Reaching safepoint: 478672 ns, At safepoint: 8299 ns, Total: 486971 ns
[2021-11-03T04:41:19.219+0000][7][safepoint    ] Safepoint "Cleanup", Time since last: 1008503089 ns, Reaching safepoint: 632174 ns, At safepoint: 20450 ns, Total: 652624 ns
[2021-11-03T04:41:20.226+0000][7][safepoint    ] Safepoint "Cleanup", Time since last: 1006438545 ns, Reaching safepoint: 198150 ns, At safepoint: 80434 ns, Total: 278584 ns
[2021-11-03T04:41:21.230+0000][7][safepoint    ] Safepoint "Cleanup", Time since last: 1003555122 ns, Reaching safepoint: 169165 ns, At safepoint: 5513 ns, Total: 174678 ns
[2021-11-03T04:41:22.232+0000][7][safepoint    ] Safepoint "Cleanup", Time since last: 1002523744 ns, Reaching safepoint: 188465 ns, At safepoint: 7493 ns, Total: 195958 ns
[2021-11-03T04:41:23.235+0000][7][safepoint    ] Safepoint "Cleanup", Time since last: 1002097421 ns, Reaching safepoint: 781772 ns, At safepoint: 25509 ns, Total: 807281 ns
[2021-11-03T04:41:24.244+0000][7][safepoint    ] Safepoint "Cleanup", Time since last: 1008227374 ns, Reaching safepoint: 414841 ns, At safepoint: 8853 ns, Total: 423694 ns
[2021-11-03T04:41:25.248+0000][7][safepoint    ] Safepoint "Cleanup", Time since last: 1004324197 ns, Reaching safepoint: 167536 ns, At safepoint: 6743 ns, Total: 174279 ns
[2021-11-03T04:41:26.252+0000][7][safepoint    ] Safepoint "Cleanup", Time since last: 1002945050 ns, Reaching safepoint: 570902 ns, At safepoint: 18920 ns, Total: 589822 ns
[2021-11-03T04:41:27.255+0000][7][safepoint    ] Safepoint "Cleanup", Time since last: 1003047454 ns, Reaching safepoint: 168265 ns, At safepoint: 6054 ns, Total: 174319 ns
[2021-11-03T04:41:28.259+0000][7][safepoint    ] Safepoint "Cleanup", Time since last: 1003635062 ns, Reaching safepoint: 170268 ns, At safepoint: 6828 ns, Total: 177096 ns
[2021-11-03T04:41:29.264+0000][7][safepoint    ] Safepoint "Cleanup", Time since last: 1005259106 ns, Reaching safepoint: 239277 ns, At safepoint: 9270 ns, Total: 248547 ns
[2021-11-03T04:41:30.276+0000][7][safepoint    ] Safepoint "Cleanup", Time since last: 1011274742 ns, Reaching safepoint: 225021 ns, At safepoint: 5770 ns, Total: 230791 ns
[2021-11-03T04:41:31.280+0000][7][safepoint    ] Safepoint "Cleanup", Time since last: 1004273431 ns, Reaching safepoint: 173701 ns, At safepoint: 6545 ns, Total: 180246 ns
[2021-11-03T04:41:32.283+0000][7][safepoint    ] Safepoint "Cleanup", Time since last: 1002294127 ns, Reaching safepoint: 277376 ns, At safepoint: 10893 ns, Total: 288269 ns
[2021-11-03T04:41:33.289+0000][7][safepoint    ] Safepoint "Cleanup", Time since last: 1005957137 ns, Reaching safepoint: 337490 ns, At safepoint: 6317 ns, Total: 343807 ns
[2021-11-03T04:41:34.276+0000][7][safepoint    ] Safepoint "Cleanup", Time since last: 1006891152 ns, Reaching safepoint: 367120 ns, At safepoint: 8440 ns, Total: 375560 ns
[2021-11-03T04:41:35.279+0000][7][safepoint    ] Safepoint "Cleanup", Time since last: 1002622571 ns, Reaching safepoint: 293096 ns, At safepoint: 6894 ns, Total: 299990 ns
[2021-11-03T04:41:36.282+0000][7][safepoint    ] Safepoint "Cleanup", Time since last: 1002688078 ns, Reaching safepoint: 305718 ns, At safepoint: 11887 ns, Total: 317605 ns
[2021-11-03T04:41:37.285+0000][7][safepoint    ] Safepoint "Cleanup", Time since last: 1002885008 ns, Reaching safepoint: 226232 ns, At safepoint: 6719 ns, Total: 232951 ns
[2021-11-03T04:41:38.286+0000][7][safepoint    ] Safepoint "Cleanup", Time since last: 1001283932 ns, Reaching safepoint: 331907 ns, At safepoint: 6706 ns, Total: 338613 ns
[2021-11-03T04:41:39.292+0000][7][safepoint    ] Safepoint "Cleanup", Time since last: 1005114246 ns, Reaching safepoint: 238186 ns, At safepoint: 6493 ns, Total: 244679 ns
[2021-11-03T04:41:40.294+0000][7][safepoint    ] Safepoint "Cleanup", Time since last: 1001793938 ns, Reaching safepoint: 233836 ns, At safepoint: 5760 ns, Total: 239596 ns
[2021-11-03T04:41:41.303+0000][7][safepoint    ] Safepoint "Cleanup", Time since last: 1008796632 ns, Reaching safepoint: 165761 ns, At safepoint: 6385 ns, Total: 172146 ns
[2021-11-03T04:41:42.308+0000][7][safepoint    ] Safepoint "Cleanup", Time since last: 1005269018 ns, Reaching safepoint: 336787 ns, At safepoint: 6502 ns, Total: 343289 ns
[2021-11-03T04:41:43.313+0000][7][safepoint    ] Safepoint "Cleanup", Time since last: 1004291047 ns, Reaching safepoint: 165790 ns, At safepoint: 6718 ns, Total: 172508 ns
[2021-11-03T04:41:44.316+0000][7][safepoint    ] Safepoint "Cleanup", Time since last: 1002703854 ns, Reaching safepoint: 414827 ns, At safepoint: 78665 ns, Total: 493492 ns
[2021-11-03T04:41:45.319+0000][7][safepoint    ] Safepoint "Cleanup", Time since last: 1002458705 ns, Reaching safepoint: 166358 ns, At safepoint: 5879 ns, Total: 172237 ns
[2021-11-03T04:41:46.322+0000][7][safepoint    ] Safepoint "Cleanup", Time since last: 1003560198 ns, Reaching safepoint: 158193 ns, At safepoint: 5991 ns, Total: 164184 ns
[2021-11-03T04:41:47.326+0000][7][safepoint    ] Safepoint "Cleanup", Time since last: 1003539676 ns, Reaching safepoint: 164850 ns, At safepoint: 6915 ns, Total: 171765 ns
[2021-11-03T04:41:48.329+0000][7][safepoint    ] Safepoint "Cleanup", Time since last: 1002666867 ns, Reaching safepoint: 263237 ns, At safepoint: 6044 ns, Total: 269281 ns
[2021-11-03T04:41:49.336+0000][7][safepoint    ] Safepoint "Cleanup", Time since last: 1006860998 ns, Reaching safepoint: 451523 ns, At safepoint: 10475 ns, Total: 461998 ns
[2021-11-03T04:41:50.346+0000][7][safepoint    ] Safepoint "Cleanup", Time since last: 1009763645 ns, Reaching safepoint: 339624 ns, At safepoint: 8797 ns, Total: 348421 ns
[2021-11-03T04:41:51.352+0000][7][safepoint    ] Safepoint "Cleanup", Time since last: 1005518094 ns, Reaching safepoint: 369034 ns, At safepoint: 8128 ns, Total: 377162 ns
[2021-11-03T04:41:52.357+0000][7][safepoint    ] Safepoint "Cleanup", Time since last: 1004298686 ns, Reaching safepoint: 293697 ns, At safepoint: 7073 ns, Total: 300770 ns
[2021-11-03T04:41:53.362+0000][7][safepoint    ] Safepoint "Cleanup", Time since last: 1005098765 ns, Reaching safepoint: 266966 ns, At safepoint: 7374 ns, Total: 274340 ns
[2021-11-03T04:41:54.373+0000][7][safepoint    ] Safepoint "Cleanup", Time since last: 1010274116 ns, Reaching safepoint: 172928 ns, At safepoint: 5971 ns, Total: 178899 ns
[2021-11-03T04:41:55.379+0000][7][safepoint    ] Safepoint "Cleanup", Time since last: 1006609634 ns, Reaching safepoint: 161433 ns, At safepoint: 6519 ns, Total: 167952 ns
[2021-11-03T04:41:56.392+0000][7][safepoint    ] Safepoint "Cleanup", Time since last: 1011800544 ns, Reaching safepoint: 340294 ns, At safepoint: 28202 ns, Total: 368496 ns
[2021-11-03T04:41:57.398+0000][7][safepoint    ] Safepoint "Cleanup", Time since last: 1006117079 ns, Reaching safepoint: 227923 ns, At safepoint: 6725 ns, Total: 234648 ns
[2021-11-03T04:41:58.401+0000][7][safepoint    ] Safepoint "Cleanup", Time since last: 1003220125 ns, Reaching safepoint: 237987 ns, At safepoint: 6757 ns, Total: 244744 ns
[2021-11-03T04:41:59.413+0000][7][safepoint    ] Safepoint "Cleanup", Time since last: 1011289042 ns, Reaching safepoint: 168477 ns, At safepoint: 6586 ns, Total: 175063 ns
[2021-11-03T04:42:00.416+0000][7][safepoint    ] Safepoint "Cleanup", Time since last: 1002707222 ns, Reaching safepoint: 224873 ns, At safepoint: 6443 ns, Total: 231316 ns
[2021-11-03T04:42:01.419+0000][7][safepoint    ] Safepoint "Cleanup", Time since last: 1003067115 ns, Reaching safepoint: 490084 ns, At safepoint: 10243 ns, Total: 500327 ns
[2021-11-03T04:42:02.422+0000][7][safepoint    ] Safepoint "Cleanup", Time since last: 1001980223 ns, Reaching safepoint: 351092 ns, At safepoint: 11288 ns, Total: 362380 ns
[2021-11-03T04:42:03.426+0000][7][safepoint    ] Safepoint "Cleanup", Time since last: 1004048607 ns, Reaching safepoint: 412436 ns, At safepoint: 7173 ns, Total: 419609 ns
[2021-11-03T04:42:04.409+0000][7][safepoint    ] Safepoint "Cleanup", Time since last: 1002749900 ns, Reaching safepoint: 474938 ns, At safepoint: 7911 ns, Total: 482849 ns
[2021-11-03T04:42:05.415+0000][7][safepoint    ] Safepoint "Cleanup", Time since last: 1005802999 ns, Reaching safepoint: 431004 ns, At safepoint: 7546 ns, Total: 438550 ns
[2021-11-03T04:42:06.420+0000][7][safepoint    ] Safepoint "Cleanup", Time since last: 1004678097 ns, Reaching safepoint: 318906 ns, At safepoint: 5953 ns, Total: 324859 ns
[2021-11-03T04:42:07.427+0000][7][safepoint    ] Safepoint "Cleanup", Time since last: 1006314263 ns, Reaching safepoint: 572130 ns, At safepoint: 19885 ns, Total: 592015 ns
[2021-11-03T04:42:08.429+0000][7][safepoint    ] Safepoint "Cleanup", Time since last: 1002125047 ns, Reaching safepoint: 310009 ns, At safepoint: 6962 ns, Total: 316971 ns
[2021-11-03T04:42:09.432+0000][7][safepoint    ] Safepoint "Cleanup", Time since last: 1002382070 ns, Reaching safepoint: 627435 ns, At safepoint: 18578 ns, Total: 646013 ns
[2021-11-03T04:42:10.439+0000][7][safepoint    ] Safepoint "Cleanup", Time since last: 1006020347 ns, Reaching safepoint: 408449 ns, At safepoint: 37909 ns, Total: 446358 ns
[2021-11-03T04:42:11.444+0000][7][safepoint    ] Safepoint "Cleanup", Time since last: 1004723078 ns, Reaching safepoint: 412861 ns, At safepoint: 12243 ns, Total: 425104 ns
[2021-11-03T04:42:12.447+0000][7][safepoint    ] Safepoint "Cleanup", Time since last: 1002687561 ns, Reaching safepoint: 225344 ns, At safepoint: 3271 ns, Total: 228615 ns
[2021-11-03T04:42:13.450+0000][7][safepoint    ] Safepoint "Cleanup", Time since last: 1002798063 ns, Reaching safepoint: 627683 ns, At safepoint: 23020 ns, Total: 650703 ns
[2021-11-03T04:42:14.456+0000][7][safepoint    ] Safepoint "Cleanup", Time since last: 1005274069 ns, Reaching safepoint: 667191 ns, At safepoint: 18465 ns, Total: 685656 ns
[2021-11-03T04:42:15.460+0000][7][safepoint    ] Safepoint "Cleanup", Time since last: 1003523431 ns, Reaching safepoint: 294021 ns, At safepoint: 6240 ns, Total: 300261 ns
[2021-11-03T04:42:16.464+0000][7][safepoint    ] Safepoint "Cleanup", Time since last: 1003743635 ns, Reaching safepoint: 235177 ns, At safepoint: 7921 ns, Total: 243098 ns
[2021-11-03T04:42:17.469+0000][7][safepoint    ] Safepoint "Cleanup", Time since last: 1004405652 ns, Reaching safepoint: 388892 ns, At safepoint: 11573 ns, Total: 400465 ns
[2021-11-03T04:42:18.471+0000][7][safepoint    ] Safepoint "Cleanup", Time since last: 1002592885 ns, Reaching safepoint: 197177 ns, At safepoint: 3945 ns, Total: 201122 ns
[2021-11-03T04:42:19.474+0000][7][safepoint    ] Safepoint "Cleanup", Time since last: 1001935276 ns, Reaching safepoint: 323406 ns, At safepoint: 10333 ns, Total: 333739 ns
[2021-11-03T04:42:20.482+0000][7][safepoint    ] Safepoint "Cleanup", Time since last: 1007207836 ns, Reaching safepoint: 535098 ns, At safepoint: 12833 ns, Total: 547931 ns
[2021-11-03T04:42:21.490+0000][7][safepoint    ] Safepoint "Cleanup", Time since last: 1007863265 ns, Reaching safepoint: 597559 ns, At safepoint: 8148 ns, Total: 605707 ns
[2021-11-03T04:42:22.494+0000][7][safepoint    ] Safepoint "Cleanup", Time since last: 1003458447 ns, Reaching safepoint: 298876 ns, At safepoint: 9413 ns, Total: 308289 ns
[2021-11-03T04:42:23.498+0000][7][safepoint    ] Safepoint "Cleanup", Time since last: 1004368238 ns, Reaching safepoint: 286555 ns, At safepoint: 9376 ns, Total: 295931 ns
[2021-11-03T04:42:24.503+0000][7][safepoint    ] Safepoint "Cleanup", Time since last: 1004770690 ns, Reaching safepoint: 185027 ns, At safepoint: 6582 ns, Total: 191609 ns
[2021-11-03T04:42:25.507+0000][7][safepoint    ] Safepoint "Cleanup", Time since last: 1003776370 ns, Reaching safepoint: 101788 ns, At safepoint: 3284 ns, Total: 105072 ns
[2021-11-03T04:42:26.513+0000][7][safepoint    ] Safepoint "Cleanup", Time since last: 1005057992 ns, Reaching safepoint: 331456 ns, At safepoint: 7855 ns, Total: 339311 ns
[2021-11-03T04:42:27.515+0000][7][safepoint    ] Safepoint "Cleanup", Time since last: 1002478925 ns, Reaching safepoint: 307935 ns, At safepoint: 6538 ns, Total: 314473 ns
[2021-11-03T04:42:28.521+0000][7][safepoint    ] Safepoint "Cleanup", Time since last: 1004773392 ns, Reaching safepoint: 611747 ns, At safepoint: 20130 ns, Total: 631877 ns
[2021-11-03T04:42:29.526+0000][7][safepoint    ] Safepoint "Cleanup", Time since last: 1004131916 ns, Reaching safepoint: 557281 ns, At safepoint: 11636 ns, Total: 568917 ns
[2021-11-03T04:42:30.528+0000][7][safepoint    ] Safepoint "Cleanup", Time since last: 1002268889 ns, Reaching safepoint: 169595 ns, At safepoint: 6711 ns, Total: 176306 ns
[2021-11-03T04:42:31.532+0000][7][safepoint    ] Safepoint "Cleanup", Time since last: 1002978201 ns, Reaching safepoint: 542481 ns, At safepoint: 8985 ns, Total: 551466 ns
[2021-11-03T04:42:32.537+0000][7][safepoint    ] Safepoint "Cleanup", Time since last: 1005342596 ns, Reaching safepoint: 168028 ns, At safepoint: 7269 ns, Total: 175297 ns
[2021-11-03T04:42:33.541+0000][7][safepoint    ] Safepoint "Cleanup", Time since last: 1003717166 ns, Reaching safepoint: 173131 ns, At safepoint: 6232 ns, Total: 179363 ns
[2021-11-03T04:42:34.526+0000][7][safepoint    ] Safepoint "Cleanup", Time since last: 1005701093 ns, Reaching safepoint: 175704 ns, At safepoint: 6583 ns, Total: 182287 ns
[2021-11-03T04:42:35.530+0000][7][safepoint    ] Safepoint "Cleanup", Time since last: 1003614943 ns, Reaching safepoint: 169658 ns, At safepoint: 6456 ns, Total: 176114 ns
[2021-11-03T04:42:36.533+0000][7][safepoint    ] Safepoint "Cleanup", Time since last: 1003067348 ns, Reaching safepoint: 168190 ns, At safepoint: 7729 ns, Total: 175919 ns
[2021-11-03T04:42:37.537+0000][7][safepoint    ] Safepoint "Cleanup", Time since last: 1004256042 ns, Reaching safepoint: 210700 ns, At safepoint: 7298 ns, Total: 217998 ns
[2021-11-03T04:42:38.545+0000][7][safepoint    ] Safepoint "Cleanup", Time since last: 1007780515 ns, Reaching safepoint: 186010 ns, At safepoint: 6963 ns, Total: 192973 ns
[2021-11-03T04:42:39.557+0000][7][safepoint    ] Safepoint "Cleanup", Time since last: 1011059963 ns, Reaching safepoint: 167905 ns, At safepoint: 7086 ns, Total: 174991 ns
[2021-11-03T04:42:40.562+0000][7][safepoint    ] Safepoint "Cleanup", Time since last: 1005326762 ns, Reaching safepoint: 392274 ns, At safepoint: 9721 ns, Total: 401995 ns
[2021-11-03T04:42:41.565+0000][7][safepoint    ] Safepoint "Cleanup", Time since last: 1002855143 ns, Reaching safepoint: 174393 ns, At safepoint: 7000 ns, Total: 181393 ns
[2021-11-03T04:42:42.571+0000][7][safepoint    ] Safepoint "Cleanup", Time since last: 1005501870 ns, Reaching safepoint: 179362 ns, At safepoint: 6847 ns, Total: 186209 ns
[2021-11-03T04:42:43.577+0000][7][safepoint    ] Safepoint "Cleanup", Time since last: 1005812250 ns, Reaching safepoint: 409769 ns, At safepoint: 12005 ns, Total: 421774 ns
[2021-11-03T04:42:44.581+0000][7][safepoint    ] Safepoint "Cleanup", Time since last: 1002770398 ns, Reaching safepoint: 512319 ns, At safepoint: 7962 ns, Total: 520281 ns
[2021-11-03T04:42:45.590+0000][7][safepoint    ] Safepoint "Cleanup", Time since last: 1008734335 ns, Reaching safepoint: 206505 ns, At safepoint: 6758 ns, Total: 213263 ns
[2021-11-03T04:42:46.592+0000][7][safepoint    ] Safepoint "Cleanup", Time since last: 1002276709 ns, Reaching safepoint: 375012 ns, At safepoint: 10393 ns, Total: 385405 ns
[2021-11-03T04:42:47.595+0000][7][safepoint    ] Safepoint "Cleanup", Time since last: 1003077461 ns, Reaching safepoint: 173817 ns, At safepoint: 6486 ns, Total: 180303 ns
[2021-11-03T04:42:48.598+0000][7][safepoint    ] Safepoint "Cleanup", Time since last: 1002809902 ns, Reaching safepoint: 178091 ns, At safepoint: 6526 ns, Total: 184617 ns
[2021-11-03T04:42:49.601+0000][7][safepoint    ] Safepoint "Cleanup", Time since last: 1002183785 ns, Reaching safepoint: 170661 ns, At safepoint: 5652 ns, Total: 176313 ns
[2021-11-03T04:42:50.604+0000][7][safepoint    ] Safepoint "Cleanup", Time since last: 1002536050 ns, Reaching safepoint: 240073 ns, At safepoint: 6714 ns, Total: 246787 ns
[2021-11-03T04:42:51.616+0000][7][safepoint    ] Safepoint "Cleanup", Time since last: 1012330424 ns, Reaching safepoint: 528286 ns, At safepoint: 18080 ns, Total: 546366 ns
[2021-11-03T04:42:52.624+0000][7][safepoint    ] Safepoint "Cleanup", Time since last: 1007258597 ns, Reaching safepoint: 301029 ns, At safepoint: 7525 ns, Total: 308554 ns
[2021-11-03T04:42:53.632+0000][7][safepoint    ] Safepoint "Cleanup", Time since last: 1007649340 ns, Reaching safepoint: 613686 ns, At safepoint: 10095 ns, Total: 623781 ns
[2021-11-03T04:42:54.645+0000][7][safepoint    ] Safepoint "Cleanup", Time since last: 1012493601 ns, Reaching safepoint: 475283 ns, At safepoint: 10910 ns, Total: 486193 ns
[2021-11-03T04:42:55.658+0000][7][safepoint    ] Safepoint "Cleanup", Time since last: 1012204805 ns, Reaching safepoint: 602602 ns, At safepoint: 19175 ns, Total: 621777 ns
[2021-11-03T04:42:56.662+0000][7][safepoint    ] Safepoint "Cleanup", Time since last: 1003667559 ns, Reaching safepoint: 432312 ns, At safepoint: 13253 ns, Total: 445565 ns
[2021-11-03T04:42:57.667+0000][7][safepoint    ] Safepoint "Cleanup", Time since last: 1004567373 ns, Reaching safepoint: 230436 ns, At safepoint: 7104 ns, Total: 237540 ns
[2021-11-03T04:42:58.671+0000][7][safepoint    ] Safepoint "Cleanup", Time since last: 1003184985 ns, Reaching safepoint: 394133 ns, At safepoint: 10185 ns, Total: 404318 ns
[2021-11-03T04:42:59.674+0000][7][safepoint    ] Safepoint "Cleanup", Time since last: 1003386620 ns, Reaching safepoint: 357846 ns, At safepoint: 7417 ns, Total: 365263 ns
[2021-11-03T04:43:00.677+0000][7][safepoint    ] Safepoint "Cleanup", Time since last: 1002761013 ns, Reaching safepoint: 173673 ns, At safepoint: 6483 ns, Total: 180156 ns
[2021-11-03T04:43:01.680+0000][7][safepoint    ] Safepoint "Cleanup", Time since last: 1002463628 ns, Reaching safepoint: 164026 ns, At safepoint: 6180 ns, Total: 170206 ns
[2021-11-03T04:43:02.683+0000][7][safepoint    ] Safepoint "Cleanup", Time since last: 1002671267 ns, Reaching safepoint: 229062 ns, At safepoint: 6181 ns, Total: 235243 ns
[2021-11-03T04:43:03.685+0000][7][safepoint    ] Safepoint "Cleanup", Time since last: 1002305626 ns, Reaching safepoint: 222415 ns, At safepoint: 8934 ns, Total: 231349 ns
[2021-11-03T04:43:04.671+0000][7][safepoint    ] Safepoint "Cleanup", Time since last: 1006589919 ns, Reaching safepoint: 164361 ns, At safepoint: 6096 ns, Total: 170457 ns
[2021-11-03T04:43:05.674+0000][7][safepoint    ] Safepoint "Cleanup", Time since last: 1002653156 ns, Reaching safepoint: 173255 ns, At safepoint: 6807 ns, Total: 180062 ns
[2021-11-03T04:43:06.686+0000][7][safepoint    ] Safepoint "Cleanup", Time since last: 1011851882 ns, Reaching safepoint: 171659 ns, At safepoint: 62669 ns, Total: 234328 ns
[2021-11-03T04:43:07.699+0000][7][safepoint    ] Safepoint "Cleanup", Time since last: 1012478537 ns, Reaching safepoint: 274513 ns, At safepoint: 6932 ns, Total: 281445 ns
[2021-11-03T04:43:08.707+0000][7][safepoint    ] Safepoint "Cleanup", Time since last: 1007840578 ns, Reaching safepoint: 574413 ns, At safepoint: 24693 ns, Total: 599106 ns
[2021-11-03T04:43:09.714+0000][7][safepoint    ] Safepoint "Cleanup", Time since last: 1006399040 ns, Reaching safepoint: 235595 ns, At safepoint: 8653 ns, Total: 244248 ns
[2021-11-03T04:43:10.717+0000][7][safepoint    ] Safepoint "Cleanup", Time since last: 1002379808 ns, Reaching safepoint: 174959 ns, At safepoint: 6574 ns, Total: 181533 ns
[2021-11-03T04:43:11.721+0000][7][safepoint    ] Safepoint "Cleanup", Time since last: 1003819820 ns, Reaching safepoint: 199002 ns, At safepoint: 74301 ns, Total: 273303 ns
[2021-11-03T04:43:12.726+0000][7][safepoint    ] Safepoint "Cleanup", Time since last: 1005054695 ns, Reaching safepoint: 144282 ns, At safepoint: 69092 ns, Total: 213374 ns
[2021-11-03T04:43:13.729+0000][7][safepoint    ] Safepoint "Cleanup", Time since last: 1002701014 ns, Reaching safepoint: 168340 ns, At safepoint: 6148 ns, Total: 174488 ns
[2021-11-03T04:43:14.731+0000][7][safepoint    ] Safepoint "Cleanup", Time since last: 1002482373 ns, Reaching safepoint: 162421 ns, At safepoint: 6174 ns, Total: 168595 ns
[2021-11-03T04:43:15.734+0000][7][safepoint    ] Safepoint "Cleanup", Time since last: 1002000385 ns, Reaching safepoint: 114975 ns, At safepoint: 3916 ns, Total: 118891 ns
[2021-11-03T04:43:16.735+0000][7][safepoint    ] Safepoint "Cleanup", Time since last: 1001423431 ns, Reaching safepoint: 157613 ns, At safepoint: 5631 ns, Total: 163244 ns
[2021-11-03T04:43:17.737+0000][7][safepoint    ] Safepoint "Cleanup", Time since last: 1002023322 ns, Reaching safepoint: 86222 ns, At safepoint: 2376 ns, Total: 88598 ns
[2021-11-03T04:43:18.740+0000][7][safepoint    ] Safepoint "Cleanup", Time since last: 1002411824 ns, Reaching safepoint: 175891 ns, At safepoint: 6187 ns, Total: 182078 ns
[2021-11-03T04:43:19.743+0000][7][safepoint    ] Safepoint "Cleanup", Time since last: 1002793196 ns, Reaching safepoint: 169416 ns, At safepoint: 6374 ns, Total: 175790 ns
[2021-11-03T04:43:20.746+0000][7][safepoint    ] Safepoint "Cleanup", Time since last: 1002751101 ns, Reaching safepoint: 171697 ns, At safepoint: 7019 ns, Total: 178716 ns
[2021-11-03T04:43:21.750+0000][7][safepoint    ] Safepoint "Cleanup", Time since last: 1003381411 ns, Reaching safepoint: 343386 ns, At safepoint: 6596 ns, Total: 349982 ns
[2021-11-03T04:43:22.752+0000][7][safepoint    ] Safepoint "Cleanup", Time since last: 1002086135 ns, Reaching safepoint: 160421 ns, At safepoint: 5490 ns, Total: 165911 ns
[2021-11-03T04:43:23.755+0000][7][safepoint    ] Safepoint "Cleanup", Time since last: 1003327015 ns, Reaching safepoint: 296180 ns, At safepoint: 10311 ns, Total: 306491 ns
[2021-11-03T04:43:24.758+0000][7][safepoint    ] Safepoint "Cleanup", Time since last: 1002421661 ns, Reaching safepoint: 571007 ns, At safepoint: 74298 ns, Total: 645305 ns
[2021-11-03T04:43:25.761+0000][7][safepoint    ] Safepoint "Cleanup", Time since last: 1002699394 ns, Reaching safepoint: 167434 ns, At safepoint: 3487 ns, Total: 170921 ns
[2021-11-03T04:43:26.763+0000][7][safepoint    ] Safepoint "Cleanup", Time since last: 1001510453 ns, Reaching safepoint: 175872 ns, At safepoint: 6679 ns, Total: 182551 ns
[2021-11-03T04:43:27.767+0000][7][safepoint    ] Safepoint "Cleanup", Time since last: 1003657893 ns, Reaching safepoint: 172712 ns, At safepoint: 6298 ns, Total: 179010 ns
[2021-11-03T04:43:28.772+0000][7][safepoint    ] Safepoint "Cleanup", Time since last: 1004939863 ns, Reaching safepoint: 408966 ns, At safepoint: 9333 ns, Total: 418299 ns
[2021-11-03T04:43:29.775+0000][7][safepoint    ] Safepoint "Cleanup", Time since last: 1002891150 ns, Reaching safepoint: 334907 ns, At safepoint: 7916 ns, Total: 342823 ns
[2021-11-03T04:43:30.782+0000][7][safepoint    ] Safepoint "Cleanup", Time since last: 1006811445 ns, Reaching safepoint: 167751 ns, At safepoint: 6781 ns, Total: 174532 ns
[2021-11-03T04:43:31.788+0000][7][safepoint    ] Safepoint "Cleanup", Time since last: 1004987790 ns, Reaching safepoint: 395598 ns, At safepoint: 10454 ns, Total: 406052 ns
[2021-11-03T04:43:32.791+0000][7][safepoint    ] Safepoint "Cleanup", Time since last: 1002663117 ns, Reaching safepoint: 225409 ns, At safepoint: 6338 ns, Total: 231747 ns
[2021-11-03T04:43:33.794+0000][7][safepoint    ] Safepoint "Cleanup", Time since last: 1002803023 ns, Reaching safepoint: 168397 ns, At safepoint: 6601 ns, Total: 174998 ns
[2021-11-03T04:43:34.781+0000][7][safepoint    ] Safepoint "Cleanup", Time since last: 1003811157 ns, Reaching safepoint: 539441 ns, At safepoint: 24992 ns, Total: 564433 ns
[2021-11-03T04:43:35.784+0000][7][safepoint    ] Safepoint "Cleanup", Time since last: 1002890348 ns, Reaching safepoint: 598805 ns, At safepoint: 17762 ns, Total: 616567 ns
[2021-11-03T04:43:36.790+0000][7][safepoint    ] Safepoint "Cleanup", Time since last: 1004989316 ns, Reaching safepoint: 408148 ns, At safepoint: 10695 ns, Total: 418843 ns
[2021-11-03T04:43:37.793+0000][7][safepoint    ] Safepoint "Cleanup", Time since last: 1003331392 ns, Reaching safepoint: 322947 ns, At safepoint: 6881 ns, Total: 329828 ns
[2021-11-03T04:43:38.800+0000][7][safepoint    ] Safepoint "Cleanup", Time since last: 1005652344 ns, Reaching safepoint: 615616 ns, At safepoint: 17700 ns, Total: 633316 ns
[2021-11-03T04:43:39.804+0000][7][safepoint    ] Safepoint "Cleanup", Time since last: 1004175613 ns, Reaching safepoint: 618849 ns, At safepoint: 19133 ns, Total: 637982 ns
[2021-11-03T04:43:40.810+0000][7][safepoint    ] Safepoint "Cleanup", Time since last: 1004592054 ns, Reaching safepoint: 620833 ns, At safepoint: 22251 ns, Total: 643084 ns
[2021-11-03T04:43:41.813+0000][7][safepoint    ] Safepoint "Cleanup", Time since last: 1002967449 ns, Reaching safepoint: 597967 ns, At safepoint: 18288 ns, Total: 616255 ns
[2021-11-03T04:43:42.816+0000][7][safepoint    ] Safepoint "Cleanup", Time since last: 1002149011 ns, Reaching safepoint: 567621 ns, At safepoint: 22203 ns, Total: 589824 ns
[2021-11-03T04:43:43.823+0000][7][safepoint    ] Safepoint "Cleanup", Time since last: 1006049367 ns, Reaching safepoint: 489293 ns, At safepoint: 19875 ns, Total: 509168 ns
[2021-11-03T04:43:44.832+0000][7][safepoint    ] Safepoint "Cleanup", Time since last: 1008584986 ns, Reaching safepoint: 597478 ns, At safepoint: 85446 ns, Total: 682924 ns
[2021-11-03T04:43:45.840+0000][7][safepoint    ] Safepoint "Cleanup", Time since last: 1007723941 ns, Reaching safepoint: 340130 ns, At safepoint: 8465 ns, Total: 348595 ns
[2021-11-03T04:43:46.843+0000][7][safepoint    ] Safepoint "Cleanup", Time since last: 1002480531 ns, Reaching safepoint: 408099 ns, At safepoint: 10336 ns, Total: 418435 ns
[2021-11-03T04:43:47.846+0000][7][safepoint    ] Safepoint "Cleanup", Time since last: 1002520452 ns, Reaching safepoint: 603108 ns, At safepoint: 22367 ns, Total: 625475 ns
[2021-11-03T04:43:48.852+0000][7][safepoint    ] Safepoint "Cleanup", Time since last: 1005263908 ns, Reaching safepoint: 626559 ns, At safepoint: 19666 ns, Total: 646225 ns
[2021-11-03T04:43:49.863+0000][7][safepoint    ] Safepoint "Cleanup", Time since last: 1010653001 ns, Reaching safepoint: 241901 ns, At safepoint: 7282 ns, Total: 249183 ns
[2021-11-03T04:43:50.875+0000][7][safepoint    ] Safepoint "Cleanup", Time since last: 1011753674 ns, Reaching safepoint: 376441 ns, At safepoint: 7341 ns, Total: 383782 ns
[2021-11-03T04:43:51.879+0000][7][safepoint    ] Safepoint "Cleanup", Time since last: 1003522436 ns, Reaching safepoint: 387128 ns, At safepoint: 9991 ns, Total: 397119 ns
[2021-11-03T04:43:52.884+0000][7][safepoint    ] Safepoint "Cleanup", Time since last: 1005063006 ns, Reaching safepoint: 322770 ns, At safepoint: 5546 ns, Total: 328316 ns
[2021-11-03T04:43:53.887+0000][7][safepoint    ] Safepoint "Cleanup", Time since last: 1002185829 ns, Reaching safepoint: 600349 ns, At safepoint: 20284 ns, Total: 620633 ns
[2021-11-03T04:43:54.890+0000][7][safepoint    ] Safepoint "Cleanup", Time since last: 1002594865 ns, Reaching safepoint: 449175 ns, At safepoint: 9951 ns, Total: 459126 ns
[2021-11-03T04:43:55.893+0000][7][safepoint    ] Safepoint "Cleanup", Time since last: 1002348718 ns, Reaching safepoint: 238763 ns, At safepoint: 6949 ns, Total: 245712 ns
[2021-11-03T04:43:56.899+0000][7][safepoint    ] Safepoint "Cleanup", Time since last: 1006418778 ns, Reaching safepoint: 417165 ns, At safepoint: 14253 ns, Total: 431418 ns
[2021-11-03T04:43:57.910+0000][7][safepoint    ] Safepoint "Cleanup", Time since last: 1010151241 ns, Reaching safepoint: 301418 ns, At safepoint: 18899 ns, Total: 320317 ns
[2021-11-03T04:43:58.915+0000][7][safepoint    ] Safepoint "Cleanup", Time since last: 1005036795 ns, Reaching safepoint: 473633 ns, At safepoint: 10231 ns, Total: 483864 ns
[2021-11-03T04:43:59.918+0000][7][safepoint    ] Safepoint "Cleanup", Time since last: 1002320230 ns, Reaching safepoint: 361189 ns, At safepoint: 11758 ns, Total: 372947 ns
[2021-11-03T04:44:00.924+0000][7][safepoint    ] Safepoint "Cleanup", Time since last: 1005487184 ns, Reaching safepoint: 237509 ns, At safepoint: 6270 ns, Total: 243779 ns
[2021-11-03T04:44:01.935+0000][7][safepoint    ] Safepoint "Cleanup", Time since last: 1011286495 ns, Reaching safepoint: 233001 ns, At safepoint: 7478 ns, Total: 240479 ns
[2021-11-03T04:44:02.946+0000][7][safepoint    ] Safepoint "Cleanup", Time since last: 1010633452 ns, Reaching safepoint: 246871 ns, At safepoint: 7030 ns, Total: 253901 ns
[2021-11-03T04:44:03.953+0000][7][safepoint    ] Safepoint "Cleanup", Time since last: 1006274689 ns, Reaching safepoint: 773959 ns, At safepoint: 73805 ns, Total: 847764 ns
[2021-11-03T04:44:04.937+0000][7][safepoint    ] Safepoint "Cleanup", Time since last: 1001883058 ns, Reaching safepoint: 302244 ns, At safepoint: 11417 ns, Total: 313661 ns
[2021-11-03T04:44:05.944+0000][7][safepoint    ] Safepoint "Cleanup", Time since last: 1006790717 ns, Reaching safepoint: 352315 ns, At safepoint: 11386 ns, Total: 363701 ns
[2021-11-03T04:44:06.947+0000][7][safepoint    ] Safepoint "Cleanup", Time since last: 1002712562 ns, Reaching safepoint: 301549 ns, At safepoint: 11347 ns, Total: 312896 ns
[2021-11-03T04:44:07.951+0000][7][safepoint    ] Safepoint "Cleanup", Time since last: 1003466445 ns, Reaching safepoint: 182667 ns, At safepoint: 4670 ns, Total: 187337 ns
[2021-11-03T04:44:08.954+0000][7][safepoint    ] Safepoint "Cleanup", Time since last: 1002521658 ns, Reaching safepoint: 205365 ns, At safepoint: 7585 ns, Total: 212950 ns
[2021-11-03T04:44:09.956+0000][7][safepoint    ] Safepoint "Cleanup", Time since last: 1002462506 ns, Reaching safepoint: 247512 ns, At safepoint: 6425 ns, Total: 253937 ns
[2021-11-03T04:44:10.965+0000][7][safepoint    ] Safepoint "Cleanup", Time since last: 1008526263 ns, Reaching safepoint: 405982 ns, At safepoint: 8292 ns, Total: 414274 ns
[2021-11-03T04:44:11.970+0000][7][safepoint    ] Safepoint "Cleanup", Time since last: 1004613701 ns, Reaching safepoint: 392897 ns, At safepoint: 103594 ns, Total: 496491 ns
[2021-11-03T04:44:12.974+0000][7][safepoint    ] Safepoint "Cleanup", Time since last: 1003611163 ns, Reaching safepoint: 215395 ns, At safepoint: 6614 ns, Total: 222009 ns
[2021-11-03T04:44:13.978+0000][7][safepoint    ] Safepoint "Cleanup", Time since last: 1003910930 ns, Reaching safepoint: 172703 ns, At safepoint: 6973 ns, Total: 179676 ns
[2021-11-03T04:44:14.982+0000][7][safepoint    ] Safepoint "Cleanup", Time since last: 1003109874 ns, Reaching safepoint: 172457 ns, At safepoint: 6619 ns, Total: 179076 ns
[2021-11-03T04:44:15.987+0000][7][safepoint    ] Safepoint "Cleanup", Time since last: 1005012887 ns, Reaching safepoint: 167130 ns, At safepoint: 6634 ns, Total: 173764 ns
[2021-11-03T04:44:16.994+0000][7][safepoint    ] Safepoint "Cleanup", Time since last: 1006896776 ns, Reaching safepoint: 165992 ns, At safepoint: 5958 ns, Total: 171950 ns
[2021-11-03T04:44:17.999+0000][7][safepoint    ] Safepoint "Cleanup", Time since last: 1004470196 ns, Reaching safepoint: 165317 ns, At safepoint: 6964 ns, Total: 172281 ns
[2021-11-03T04:44:19.008+0000][7][safepoint    ] Safepoint "Cleanup", Time since last: 1008692408 ns, Reaching safepoint: 522774 ns, At safepoint: 10546 ns, Total: 533320 ns
[2021-11-03T04:44:20.012+0000][7][safepoint    ] Safepoint "Cleanup", Time since last: 1004312170 ns, Reaching safepoint: 238973 ns, At safepoint: 6753 ns, Total: 245726 ns
[2021-11-03T04:44:21.015+0000][7][safepoint    ] Safepoint "Cleanup", Time since last: 1002266578 ns, Reaching safepoint: 607719 ns, At safepoint: 22836 ns, Total: 630555 ns
[2021-11-03T04:44:22.019+0000][7][safepoint    ] Safepoint "Cleanup", Time since last: 1002742154 ns, Reaching safepoint: 394350 ns, At safepoint: 99339 ns, Total: 493689 ns
[2021-11-03T04:44:23.025+0000][7][safepoint    ] Safepoint "Cleanup", Time since last: 1006500392 ns, Reaching safepoint: 259510 ns, At safepoint: 7074 ns, Total: 266584 ns
[2021-11-03T04:44:24.036+0000][7][safepoint    ] Safepoint "Cleanup", Time since last: 1010551168 ns, Reaching safepoint: 380814 ns, At safepoint: 11696 ns, Total: 392510 ns
[2021-11-03T04:44:25.039+0000][7][safepoint    ] Safepoint "Cleanup", Time since last: 1002616186 ns, Reaching safepoint: 240311 ns, At safepoint: 7134 ns, Total: 247445 ns
[2021-11-03T04:44:26.045+0000][7][safepoint    ] Safepoint "Cleanup", Time since last: 1005810261 ns, Reaching safepoint: 566145 ns, At safepoint: 10036 ns, Total: 576181 ns
[2021-11-03T04:44:27.055+0000][7][safepoint    ] Safepoint "Cleanup", Time since last: 1008807105 ns, Reaching safepoint: 796493 ns, At safepoint: 18728 ns, Total: 815221 ns
[2021-11-03T04:44:28.062+0000][7][safepoint    ] Safepoint "Cleanup", Time since last: 1006885618 ns, Reaching safepoint: 391852 ns, At safepoint: 11386 ns, Total: 403238 ns
[2021-11-03T04:44:29.065+0000][7][safepoint    ] Safepoint "Cleanup", Time since last: 1002833819 ns, Reaching safepoint: 223256 ns, At safepoint: 6660 ns, Total: 229916 ns
[2021-11-03T04:44:30.068+0000][7][safepoint    ] Safepoint "Cleanup", Time since last: 1002319349 ns, Reaching safepoint: 512376 ns, At safepoint: 20148 ns, Total: 532524 ns
[2021-11-03T04:44:31.072+0000][7][safepoint    ] Safepoint "Cleanup", Time since last: 1003380276 ns, Reaching safepoint: 171863 ns, At safepoint: 5806 ns, Total: 177669 ns
[2021-11-03T04:44:32.079+0000][7][safepoint    ] Safepoint "Cleanup", Time since last: 1006506902 ns, Reaching safepoint: 330946 ns, At safepoint: 6834 ns, Total: 337780 ns
[2021-11-03T04:44:33.088+0000][7][safepoint    ] Safepoint "Cleanup", Time since last: 1008943852 ns, Reaching safepoint: 408031 ns, At safepoint: 9330 ns, Total: 417361 ns
[2021-11-03T04:44:34.095+0000][7][safepoint    ] Safepoint "Cleanup", Time since last: 1006389058 ns, Reaching safepoint: 298314 ns, At safepoint: 6926 ns, Total: 305240 ns
[2021-11-03T04:44:35.080+0000][7][safepoint    ] Safepoint "Cleanup", Time since last: 1005107557 ns, Reaching safepoint: 213607 ns, At safepoint: 7307 ns, Total: 220914 ns
[2021-11-03T04:44:36.083+0000][7][safepoint    ] Safepoint "Cleanup", Time since last: 1002957588 ns, Reaching safepoint: 195256 ns, At safepoint: 3452 ns, Total: 198708 ns
[2021-11-03T04:44:37.088+0000][7][safepoint    ] Safepoint "Cleanup", Time since last: 1005041052 ns, Reaching safepoint: 185852 ns, At safepoint: 4298 ns, Total: 190150 ns
[2021-11-03T04:44:38.090+0000][7][safepoint    ] Safepoint "Cleanup", Time since last: 1002126979 ns, Reaching safepoint: 154712 ns, At safepoint: 4703 ns, Total: 159415 ns
[2021-11-03T04:44:39.094+0000][7][safepoint    ] Safepoint "Cleanup", Time since last: 1002840560 ns, Reaching safepoint: 660003 ns, At safepoint: 23173 ns, Total: 683176 ns
[2021-11-03T04:44:40.100+0000][7][safepoint    ] Safepoint "Cleanup", Time since last: 1005189632 ns, Reaching safepoint: 512947 ns, At safepoint: 14150 ns, Total: 527097 ns
[2021-11-03T04:44:41.109+0000][7][safepoint    ] Safepoint "Cleanup", Time since last: 1008318148 ns, Reaching safepoint: 775800 ns, At safepoint: 22808 ns, Total: 798608 ns
[2021-11-03T04:44:42.117+0000][7][safepoint    ] Safepoint "Cleanup", Time since last: 1007738388 ns, Reaching safepoint: 624057 ns, At safepoint: 39550 ns, Total: 663607 ns
[2021-11-03T04:44:43.123+0000][7][safepoint    ] Safepoint "Cleanup", Time since last: 1005128227 ns, Reaching safepoint: 428934 ns, At safepoint: 13176 ns, Total: 442110 ns
[2021-11-03T04:44:44.131+0000][7][safepoint    ] Safepoint "Cleanup", Time since last: 1008404550 ns, Reaching safepoint: 340239 ns, At safepoint: 97130 ns, Total: 437369 ns
[2021-11-03T04:44:45.134+0000][7][safepoint    ] Safepoint "Cleanup", Time since last: 1002257544 ns, Reaching safepoint: 245309 ns, At safepoint: 7201 ns, Total: 252510 ns
[2021-11-03T04:44:46.137+0000][7][safepoint    ] Safepoint "Cleanup", Time since last: 1002295574 ns, Reaching safepoint: 682566 ns, At safepoint: 18972 ns, Total: 701538 ns
[2021-11-03T04:44:47.144+0000][7][safepoint    ] Safepoint "Cleanup", Time since last: 1006973355 ns, Reaching safepoint: 408834 ns, At safepoint: 13311 ns, Total: 422145 ns
[2021-11-03T04:44:48.150+0000][7][safepoint    ] Safepoint "Cleanup", Time since last: 1004977839 ns, Reaching safepoint: 291627 ns, At safepoint: 6453 ns, Total: 298080 ns
[2021-11-03T04:44:49.157+0000][7][safepoint    ] Safepoint "Cleanup", Time since last: 1006376505 ns, Reaching safepoint: 628376 ns, At safepoint: 22723 ns, Total: 651099 ns
[2021-11-03T04:44:50.160+0000][7][safepoint    ] Safepoint "Cleanup", Time since last: 1002855538 ns, Reaching safepoint: 527668 ns, At safepoint: 15938 ns, Total: 543606 ns
[2021-11-03T04:44:51.163+0000][7][safepoint    ] Safepoint "Cleanup", Time since last: 1003066192 ns, Reaching safepoint: 213791 ns, At safepoint: 6836 ns, Total: 220627 ns
[2021-11-03T04:44:52.167+0000][7][safepoint    ] Safepoint "Cleanup", Time since last: 1002849498 ns, Reaching safepoint: 573987 ns, At safepoint: 18391 ns, Total: 592378 ns
[2021-11-03T04:44:53.170+0000][7][safepoint    ] Safepoint "Cleanup", Time since last: 1002986966 ns, Reaching safepoint: 385243 ns, At safepoint: 10943 ns, Total: 396186 ns
[2021-11-03T04:44:54.173+0000][7][safepoint    ] Safepoint "Cleanup", Time since last: 1002671470 ns, Reaching safepoint: 281438 ns, At safepoint: 6696 ns, Total: 288134 ns
[2021-11-03T04:44:55.176+0000][7][safepoint    ] Safepoint "Cleanup", Time since last: 1002370732 ns, Reaching safepoint: 524545 ns, At safepoint: 11863 ns, Total: 536408 ns
[2021-11-03T04:44:56.178+0000][7][safepoint    ] Safepoint "Cleanup", Time since last: 1001946024 ns, Reaching safepoint: 100174 ns, At safepoint: 2959 ns, Total: 103133 ns
[2021-11-03T04:44:57.179+0000][7][safepoint    ] Safepoint "Cleanup", Time since last: 1001209273 ns, Reaching safepoint: 163746 ns, At safepoint: 4939 ns, Total: 168685 ns
[2021-11-03T04:44:58.189+0000][7][safepoint    ] Safepoint "Cleanup", Time since last: 1008688006 ns, Reaching safepoint: 676128 ns, At safepoint: 11255 ns, Total: 687383 ns
[2021-11-03T04:44:59.195+0000][7][safepoint    ] Safepoint "Cleanup", Time since last: 1005629060 ns, Reaching safepoint: 170278 ns, At safepoint: 7116 ns, Total: 177394 ns
[2021-11-03T04:45:00.198+0000][7][safepoint    ] Safepoint "Cleanup", Time since last: 1002837506 ns, Reaching safepoint: 568033 ns, At safepoint: 23097 ns, Total: 591130 ns
[2021-11-03T04:45:01.202+0000][7][safepoint    ] Safepoint "Cleanup", Time since last: 1003345747 ns, Reaching safepoint: 364406 ns, At safepoint: 10338 ns, Total: 374744 ns
[2021-11-03T04:45:02.205+0000][7][safepoint    ] Safepoint "Cleanup", Time since last: 1002428399 ns, Reaching safepoint: 567839 ns, At safepoint: 19155 ns, Total: 586994 ns
[2021-11-03T04:45:03.207+0000][7][safepoint    ] Safepoint "Cleanup", Time since last: 1002403036 ns, Reaching safepoint: 174565 ns, At safepoint: 6834 ns, Total: 181399 ns
[2021-11-03T04:45:04.190+0000][7][safepoint    ] Safepoint "Cleanup", Time since last: 1002992094 ns, Reaching safepoint: 541676 ns, At safepoint: 18874 ns, Total: 560550 ns
[2021-11-03T04:45:05.193+0000][7][safepoint    ] Safepoint "Cleanup", Time since last: 1002423876 ns, Reaching safepoint: 890096 ns, At safepoint: 5101 ns, Total: 895197 ns
[2021-11-03T04:45:06.198+0000][7][safepoint    ] Safepoint "Cleanup", Time since last: 1004003303 ns, Reaching safepoint: 236815 ns, At safepoint: 6551 ns, Total: 243366 ns
[2021-11-03T04:45:07.203+0000][7][safepoint    ] Safepoint "Cleanup", Time since last: 1004448613 ns, Reaching safepoint: 817008 ns, At safepoint: 6776 ns, Total: 823784 ns
[2021-11-03T04:45:08.215+0000][7][safepoint    ] Safepoint "Cleanup", Time since last: 1011799215 ns, Reaching safepoint: 189126 ns, At safepoint: 6254 ns, Total: 195380 ns
[2021-11-03T04:45:09.217+0000][7][safepoint    ] Safepoint "Cleanup", Time since last: 1002299688 ns, Reaching safepoint: 171909 ns, At safepoint: 5964 ns, Total: 177873 ns
[2021-11-03T04:45:10.222+0000][7][safepoint    ] Safepoint "Cleanup", Time since last: 1004624603 ns, Reaching safepoint: 276309 ns, At safepoint: 7121 ns, Total: 283430 ns
[2021-11-03T04:45:11.232+0000][7][safepoint    ] Safepoint "Cleanup", Time since last: 1009643270 ns, Reaching safepoint: 573406 ns, At safepoint: 11153 ns, Total: 584559 ns
[2021-11-03T04:45:12.264+0000][7][safepoint    ] Safepoint "Cleanup", Time since last: 1030873954 ns, Reaching safepoint: 299944 ns, At safepoint: 8447 ns, Total: 308391 ns
[2021-11-03T04:45:13.269+0000][7][safepoint    ] Safepoint "Cleanup", Time since last: 1005152177 ns, Reaching safepoint: 604615 ns, At safepoint: 21549 ns, Total: 626164 ns
[2021-11-03T04:45:14.274+0000][7][safepoint    ] Safepoint "Cleanup", Time since last: 1003829746 ns, Reaching safepoint: 413800 ns, At safepoint: 11670 ns, Total: 425470 ns
[2021-11-03T04:45:15.277+0000][7][safepoint    ] Safepoint "Cleanup", Time since last: 1002703484 ns, Reaching safepoint: 684185 ns, At safepoint: 24325 ns, Total: 708510 ns
[2021-11-03T04:45:16.286+0000][7][safepoint    ] Safepoint "Cleanup", Time since last: 1007811024 ns, Reaching safepoint: 757375 ns, At safepoint: 22947 ns, Total: 780322 ns
[2021-11-03T04:45:17.296+0000][7][safepoint    ] Safepoint "Cleanup", Time since last: 1009576500 ns, Reaching safepoint: 695624 ns, At safepoint: 19162 ns, Total: 714786 ns
[2021-11-03T04:45:18.304+0000][7][safepoint    ] Safepoint "Cleanup", Time since last: 1007278432 ns, Reaching safepoint: 435447 ns, At safepoint: 9564 ns, Total: 445011 ns
[2021-11-03T04:45:19.307+0000][7][safepoint    ] Safepoint "Cleanup", Time since last: 1002838350 ns, Reaching safepoint: 126653 ns, At safepoint: 2864 ns, Total: 129517 ns
[2021-11-03T04:45:20.311+0000][7][safepoint    ] Safepoint "Cleanup", Time since last: 1003708011 ns, Reaching safepoint: 401907 ns, At safepoint: 11171 ns, Total: 413078 ns
[2021-11-03T04:45:21.317+0000][7][safepoint    ] Safepoint "Cleanup", Time since last: 1005045294 ns, Reaching safepoint: 804159 ns, At safepoint: 19950 ns, Total: 824109 ns
[2021-11-03T04:45:22.320+0000][7][safepoint    ] Safepoint "Cleanup", Time since last: 1003091341 ns, Reaching safepoint: 298126 ns, At safepoint: 7127 ns, Total: 305253 ns
[2021-11-03T04:45:23.327+0000][7][safepoint    ] Safepoint "Cleanup", Time since last: 1007142653 ns, Reaching safepoint: 241806 ns, At safepoint: 6841 ns, Total: 248647 ns
[2021-11-03T04:45:24.334+0000][7][safepoint    ] Safepoint "Cleanup", Time since last: 1005694480 ns, Reaching safepoint: 553020 ns, At safepoint: 20049 ns, Total: 573069 ns
[2021-11-03T04:45:25.345+0000][7][safepoint    ] Safepoint "Cleanup", Time since last: 1011223974 ns, Reaching safepoint: 526093 ns, At safepoint: 7470 ns, Total: 533563 ns
[2021-11-03T04:45:26.349+0000][7][safepoint    ] Safepoint "Cleanup", Time since last: 1002809684 ns, Reaching safepoint: 295279 ns, At safepoint: 7203 ns, Total: 302482 ns
[2021-11-03T04:45:27.356+0000][7][safepoint    ] Safepoint "Cleanup", Time since last: 1007318396 ns, Reaching safepoint: 393062 ns, At safepoint: 8924 ns, Total: 401986 ns
[2021-11-03T04:45:28.358+0000][7][safepoint    ] Safepoint "Cleanup", Time since last: 1001975250 ns, Reaching safepoint: 222443 ns, At safepoint: 7665 ns, Total: 230108 ns
[2021-11-03T04:45:29.361+0000][7][safepoint    ] Safepoint "Cleanup", Time since last: 1002403531 ns, Reaching safepoint: 551649 ns, At safepoint: 9037 ns, Total: 560686 ns
[2021-11-03T04:45:30.364+0000][7][safepoint    ] Safepoint "Cleanup", Time since last: 1002346114 ns, Reaching safepoint: 120694 ns, At safepoint: 4256 ns, Total: 124950 ns
[2021-11-03T04:45:31.366+0000][7][safepoint    ] Safepoint "Cleanup", Time since last: 1002267076 ns, Reaching safepoint: 171162 ns, At safepoint: 6970 ns, Total: 178132 ns
[2021-11-03T04:45:32.371+0000][7][safepoint    ] Safepoint "Cleanup", Time since last: 1003577915 ns, Reaching safepoint: 642459 ns, At safepoint: 9001 ns, Total: 651460 ns
[2021-11-03T04:45:33.373+0000][7][safepoint    ] Safepoint "Cleanup", Time since last: 1002328565 ns, Reaching safepoint: 460406 ns, At safepoint: 10231 ns, Total: 470637 ns
[2021-11-03T04:45:34.358+0000][7][safepoint    ] Safepoint "Cleanup", Time since last: 1004990952 ns, Reaching safepoint: 607829 ns, At safepoint: 21108 ns, Total: 628937 ns
[2021-11-03T04:45:35.972+0000][7][safepoint    ] Safepoint "Cleanup", Time since last: 1613124850 ns, Reaching safepoint: 651685 ns, At safepoint: 22430 ns, Total: 674115 ns
[2021-11-03T04:45:36.975+0000][7][safepoint    ] Safepoint "Cleanup", Time since last: 1002622374 ns, Reaching safepoint: 129181 ns, At safepoint: 3390 ns, Total: 132571 ns
[2021-11-03T04:45:37.984+0000][7][safepoint    ] Safepoint "Cleanup", Time since last: 1008629617 ns, Reaching safepoint: 356813 ns, At safepoint: 12122 ns, Total: 368935 ns
[2021-11-03T04:45:38.994+0000][7][safepoint    ] Safepoint "Cleanup", Time since last: 1010409585 ns, Reaching safepoint: 224983 ns, At safepoint: 3371 ns, Total: 228354 ns
[2021-11-03T04:45:39.997+0000][7][safepoint    ] Safepoint "Cleanup", Time since last: 1002215194 ns, Reaching safepoint: 183366 ns, At safepoint: 6569 ns, Total: 189935 ns
[2021-11-03T04:45:41.000+0000][7][safepoint    ] Safepoint "Cleanup", Time since last: 1002781787 ns, Reaching safepoint: 177409 ns, At safepoint: 7188 ns, Total: 184597 ns
[2021-11-03T04:45:42.003+0000][7][safepoint    ] Safepoint "Cleanup", Time since last: 1002927594 ns, Reaching safepoint: 566369 ns, At safepoint: 23681 ns, Total: 590050 ns
[2021-11-03T04:45:43.013+0000][7][safepoint    ] Safepoint "Cleanup", Time since last: 1009987468 ns, Reaching safepoint: 251691 ns, At safepoint: 6669 ns, Total: 258360 ns
[2021-11-03T04:45:44.016+0000][7][safepoint    ] Safepoint "Cleanup", Time since last: 1002461770 ns, Reaching safepoint: 370153 ns, At safepoint: 8928 ns, Total: 379081 ns
[2021-11-03T04:45:45.019+0000][7][safepoint    ] Safepoint "Cleanup", Time since last: 1002758636 ns, Reaching safepoint: 493256 ns, At safepoint: 9737 ns, Total: 502993 ns
[2021-11-03T04:45:46.025+0000][7][safepoint    ] Safepoint "Cleanup", Time since last: 1005742994 ns, Reaching safepoint: 232093 ns, At safepoint: 7117 ns, Total: 239210 ns
[2021-11-03T04:45:47.033+0000][7][safepoint    ] Safepoint "Cleanup", Time since last: 1007720750 ns, Reaching safepoint: 178607 ns, At safepoint: 8874 ns, Total: 187481 ns
[2021-11-03T04:45:48.038+0000][7][safepoint    ] Safepoint "Cleanup", Time since last: 1004716401 ns, Reaching safepoint: 170446 ns, At safepoint: 5890 ns, Total: 176336 ns
[2021-11-03T04:45:49.042+0000][7][safepoint    ] Safepoint "Cleanup", Time since last: 1002817919 ns, Reaching safepoint: 567571 ns, At safepoint: 16839 ns, Total: 584410 ns
[2021-11-03T04:45:50.049+0000][7][safepoint    ] Safepoint "Cleanup", Time since last: 1007487626 ns, Reaching safepoint: 245480 ns, At safepoint: 6209 ns, Total: 251689 ns
[2021-11-03T04:45:51.051+0000][7][safepoint    ] Safepoint "Cleanup", Time since last: 1001546023 ns, Reaching safepoint: 156052 ns, At safepoint: 2966 ns, Total: 159018 ns
[2021-11-03T04:45:52.058+0000][7][safepoint    ] Safepoint "Cleanup", Time since last: 1006712901 ns, Reaching safepoint: 364560 ns, At safepoint: 54931 ns, Total: 419491 ns
[2021-11-03T04:45:53.061+0000][7][safepoint    ] Safepoint "Cleanup", Time since last: 1002038654 ns, Reaching safepoint: 306329 ns, At safepoint: 12781 ns, Total: 319110 ns
[2021-11-03T04:45:54.070+0000][7][safepoint    ] Safepoint "Cleanup", Time since last: 1009158192 ns, Reaching safepoint: 335474 ns, At safepoint: 7054 ns, Total: 342528 ns
[2021-11-03T04:45:55.080+0000][7][safepoint    ] Safepoint "Cleanup", Time since last: 1009965889 ns, Reaching safepoint: 248042 ns, At safepoint: 6045 ns, Total: 254087 ns
[2021-11-03T04:45:56.084+0000][7][safepoint    ] Safepoint "Cleanup", Time since last: 1003284257 ns, Reaching safepoint: 193983 ns, At safepoint: 6482 ns, Total: 200465 ns
[2021-11-03T04:45:57.088+0000][7][safepoint    ] Safepoint "Cleanup", Time since last: 1003948631 ns, Reaching safepoint: 216121 ns, At safepoint: 7678 ns, Total: 223799 ns
[2021-11-03T04:45:58.098+0000][7][safepoint    ] Safepoint "Cleanup", Time since last: 1009776286 ns, Reaching safepoint: 190151 ns, At safepoint: 4713 ns, Total: 194864 ns
[2021-11-03T04:45:59.101+0000][7][safepoint    ] Safepoint "Cleanup", Time since last: 1002515323 ns, Reaching safepoint: 138354 ns, At safepoint: 3624 ns, Total: 141978 ns
[2021-11-03T04:46:00.103+0000][7][safepoint    ] Safepoint "Cleanup", Time since last: 1002112590 ns, Reaching safepoint: 715724 ns, At safepoint: 21804 ns, Total: 737528 ns
[2021-11-03T04:46:01.106+0000][7][safepoint    ] Safepoint "Cleanup", Time since last: 1002338134 ns, Reaching safepoint: 243388 ns, At safepoint: 6455 ns, Total: 249843 ns
[2021-11-03T04:46:02.111+0000][7][safepoint    ] Safepoint "Cleanup", Time since last: 1004544977 ns, Reaching safepoint: 588232 ns, At safepoint: 22830 ns, Total: 611062 ns
[2021-11-03T04:46:03.119+0000][7][safepoint    ] Safepoint "Cleanup", Time since last: 1007842973 ns, Reaching safepoint: 315055 ns, At safepoint: 8862 ns, Total: 323917 ns
[2021-11-03T04:46:04.101+0000][7][safepoint    ] Safepoint "Cleanup", Time since last: 1002377300 ns, Reaching safepoint: 383813 ns, At safepoint: 6630 ns, Total: 390443 ns
[2021-11-03T04:46:05.103+0000][7][safepoint    ] Safepoint "Cleanup", Time since last: 1001917205 ns, Reaching safepoint: 171369 ns, At safepoint: 6405 ns, Total: 177774 ns
[2021-11-03T04:46:06.106+0000][7][safepoint    ] Safepoint "Cleanup", Time since last: 1003019889 ns, Reaching safepoint: 232863 ns, At safepoint: 7166 ns, Total: 240029 ns
[2021-11-03T04:46:07.110+0000][7][safepoint    ] Safepoint "Cleanup", Time since last: 1003068690 ns, Reaching safepoint: 426921 ns, At safepoint: 16489 ns, Total: 443410 ns
[2021-11-03T04:46:08.113+0000][7][safepoint    ] Safepoint "Cleanup", Time since last: 1002632251 ns, Reaching safepoint: 398044 ns, At safepoint: 13205 ns, Total: 411249 ns
[2021-11-03T04:46:09.119+0000][7][safepoint    ] Safepoint "Cleanup", Time since last: 1005523764 ns, Reaching safepoint: 605839 ns, At safepoint: 21038 ns, Total: 626877 ns
[2021-11-03T04:46:10.126+0000][7][safepoint    ] Safepoint "Cleanup", Time since last: 1006958546 ns, Reaching safepoint: 429502 ns, At safepoint: 12812 ns, Total: 442314 ns
[2021-11-03T04:46:11.135+0000][7][safepoint    ] Safepoint "Cleanup", Time since last: 1008122176 ns, Reaching safepoint: 572895 ns, At safepoint: 72631 ns, Total: 645526 ns
[2021-11-03T04:46:12.139+0000][7][safepoint    ] Safepoint "Cleanup", Time since last: 1002635302 ns, Reaching safepoint: 1181716 ns, At safepoint: 9433 ns, Total: 1191149 ns
[2021-11-03T04:46:13.143+0000][7][safepoint    ] Safepoint "Cleanup", Time since last: 1002981461 ns, Reaching safepoint: 627503 ns, At safepoint: 20136 ns, Total: 647639 ns
[2021-11-03T04:46:14.147+0000][7][safepoint    ] Safepoint "Cleanup", Time since last: 1003382627 ns, Reaching safepoint: 551267 ns, At safepoint: 12751 ns, Total: 564018 ns
[2021-11-03T04:46:15.151+0000][7][safepoint    ] Safepoint "Cleanup", Time since last: 1003498390 ns, Reaching safepoint: 425124 ns, At safepoint: 18747 ns, Total: 443871 ns
[2021-11-03T04:46:16.153+0000][7][safepoint    ] Safepoint "Cleanup", Time since last: 1002023779 ns, Reaching safepoint: 625425 ns, At safepoint: 20859 ns, Total: 646284 ns
[2021-11-03T04:46:17.158+0000][7][safepoint    ] Safepoint "Cleanup", Time since last: 1003862665 ns, Reaching safepoint: 603460 ns, At safepoint: 23704 ns, Total: 627164 ns
[2021-11-03T04:46:18.161+0000][7][safepoint    ] Safepoint "Cleanup", Time since last: 1002765298 ns, Reaching safepoint: 428413 ns, At safepoint: 12417 ns, Total: 440830 ns
[2021-11-03T04:46:19.165+0000][7][safepoint    ] Safepoint "Cleanup", Time since last: 1003511787 ns, Reaching safepoint: 390532 ns, At safepoint: 10404 ns, Total: 400936 ns
[2021-11-03T04:46:20.170+0000][7][safepoint    ] Safepoint "Cleanup", Time since last: 1004543946 ns, Reaching safepoint: 550599 ns, At safepoint: 20075 ns, Total: 570674 ns
[2021-11-03T04:46:21.174+0000][7][safepoint    ] Safepoint "Cleanup", Time since last: 1003735588 ns, Reaching safepoint: 680030 ns, At safepoint: 19495 ns, Total: 699525 ns
[2021-11-03T04:46:22.179+0000][7][safepoint    ] Safepoint "Cleanup", Time since last: 1004038614 ns, Reaching safepoint: 644673 ns, At safepoint: 72306 ns, Total: 716979 ns
[2021-11-03T04:46:23.182+0000][7][safepoint    ] Safepoint "Cleanup", Time since last: 1002334682 ns, Reaching safepoint: 593775 ns, At safepoint: 69571 ns, Total: 663346 ns
[2021-11-03T04:46:24.185+0000][7][safepoint    ] Safepoint "Cleanup", Time since last: 1001889262 ns, Reaching safepoint: 562128 ns, At safepoint: 67836 ns, Total: 629964 ns
[2021-11-03T04:46:25.191+0000][7][safepoint    ] Safepoint "Cleanup", Time since last: 1006603322 ns, Reaching safepoint: 172992 ns, At safepoint: 82265 ns, Total: 255257 ns
[2021-11-03T04:46:26.195+0000][7][safepoint    ] Safepoint "Cleanup", Time since last: 1002656448 ns, Reaching safepoint: 589580 ns, At safepoint: 20316 ns, Total: 609896 ns
[2021-11-03T04:46:27.198+0000][7][safepoint    ] Safepoint "Cleanup", Time since last: 1002978092 ns, Reaching safepoint: 400360 ns, At safepoint: 6240 ns, Total: 406600 ns
[2021-11-03T04:46:28.201+0000][7][safepoint    ] Safepoint "Cleanup", Time since last: 1002114883 ns, Reaching safepoint: 452977 ns, At safepoint: 12126 ns, Total: 465103 ns
[2021-11-03T04:46:29.205+0000][7][safepoint    ] Safepoint "Cleanup", Time since last: 1004376974 ns, Reaching safepoint: 237214 ns, At safepoint: 7196 ns, Total: 244410 ns
[2021-11-03T04:46:30.212+0000][7][safepoint    ] Safepoint "Cleanup", Time since last: 1005588438 ns, Reaching safepoint: 599871 ns, At safepoint: 20785 ns, Total: 620656 ns
[2021-11-03T04:46:31.216+0000][7][safepoint    ] Safepoint "Cleanup", Time since last: 1003951721 ns, Reaching safepoint: 419860 ns, At safepoint: 10339 ns, Total: 430199 ns
[2021-11-03T04:46:32.222+0000][7][safepoint    ] Safepoint "Cleanup", Time since last: 1005727901 ns, Reaching safepoint: 472828 ns, At safepoint: 8831 ns, Total: 481659 ns
[2021-11-03T04:46:33.228+0000][7][safepoint    ] Safepoint "Cleanup", Time since last: 1005663686 ns, Reaching safepoint: 555974 ns, At safepoint: 12450 ns, Total: 568424 ns
[2021-11-03T04:46:34.211+0000][7][safepoint    ] Safepoint "Cleanup", Time since last: 1003468686 ns, Reaching safepoint: 178458 ns, At safepoint: 6445 ns, Total: 184903 ns
[2021-11-03T04:46:35.216+0000][7][safepoint    ] Safepoint "Cleanup", Time since last: 1004665269 ns, Reaching safepoint: 413541 ns, At safepoint: 73159 ns, Total: 486700 ns
[2021-11-03T04:46:36.222+0000][7][safepoint    ] Safepoint "Cleanup", Time since last: 1005054398 ns, Reaching safepoint: 168384 ns, At safepoint: 6140 ns, Total: 174524 ns
[2021-11-03T04:46:37.227+0000][7][safepoint    ] Safepoint "Cleanup", Time since last: 1005453808 ns, Reaching safepoint: 132969 ns, At safepoint: 2609 ns, Total: 135578 ns
[2021-11-03T04:46:38.229+0000][7][safepoint    ] Safepoint "Cleanup", Time since last: 1002115184 ns, Reaching safepoint: 178076 ns, At safepoint: 6473 ns, Total: 184549 ns
[2021-11-03T04:46:39.235+0000][7][safepoint    ] Safepoint "Cleanup", Time since last: 1005235326 ns, Reaching safepoint: 556684 ns, At safepoint: 11596 ns, Total: 568280 ns
[2021-11-03T04:46:40.238+0000][7][safepoint    ] Safepoint "Cleanup", Time since last: 1002693257 ns, Reaching safepoint: 341240 ns, At safepoint: 6279 ns, Total: 347519 ns
[2021-11-03T04:46:41.244+0000][7][safepoint    ] Safepoint "Cleanup", Time since last: 1005121506 ns, Reaching safepoint: 247974 ns, At safepoint: 5577 ns, Total: 253551 ns
[2021-11-03T04:46:42.247+0000][7][safepoint    ] Safepoint "Cleanup", Time since last: 1002821939 ns, Reaching safepoint: 445340 ns, At safepoint: 18638 ns, Total: 463978 ns
[2021-11-03T04:46:43.252+0000][7][safepoint    ] Safepoint "Cleanup", Time since last: 1005209670 ns, Reaching safepoint: 284525 ns, At safepoint: 6624 ns, Total: 291149 ns
[2021-11-03T04:46:44.262+0000][7][safepoint    ] Safepoint "Cleanup", Time since last: 1009553486 ns, Reaching safepoint: 321008 ns, At safepoint: 11583 ns, Total: 332591 ns
[2021-11-03T04:46:45.268+0000][7][safepoint    ] Safepoint "Cleanup", Time since last: 1004963937 ns, Reaching safepoint: 249799 ns, At safepoint: 9663 ns, Total: 259462 ns
[2021-11-03T04:46:46.272+0000][7][safepoint    ] Safepoint "Cleanup", Time since last: 1004726548 ns, Reaching safepoint: 223625 ns, At safepoint: 6228 ns, Total: 229853 ns
[2021-11-03T04:46:47.276+0000][7][safepoint    ] Safepoint "Cleanup", Time since last: 1002807268 ns, Reaching safepoint: 225999 ns, At safepoint: 7247 ns, Total: 233246 ns
[2021-11-03T04:46:48.279+0000][7][safepoint    ] Safepoint "Cleanup", Time since last: 1003169979 ns, Reaching safepoint: 231062 ns, At safepoint: 6775 ns, Total: 237837 ns
[2021-11-03T04:46:49.282+0000][7][safepoint    ] Safepoint "Cleanup", Time since last: 1002371695 ns, Reaching safepoint: 296871 ns, At safepoint: 7829 ns, Total: 304700 ns
[2021-11-03T04:46:50.292+0000][7][safepoint    ] Safepoint "Cleanup", Time since last: 1009866799 ns, Reaching safepoint: 484107 ns, At safepoint: 9328 ns, Total: 493435 ns
[2021-11-03T04:46:51.304+0000][7][safepoint    ] Safepoint "Cleanup", Time since last: 1011283273 ns, Reaching safepoint: 453344 ns, At safepoint: 10385 ns, Total: 463729 ns
[2021-11-03T04:46:52.306+0000][7][safepoint    ] Safepoint "Cleanup", Time since last: 1002391565 ns, Reaching safepoint: 174365 ns, At safepoint: 6785 ns, Total: 181150 ns
[2021-11-03T04:46:53.309+0000][7][safepoint    ] Safepoint "Cleanup", Time since last: 1002967759 ns, Reaching safepoint: 177616 ns, At safepoint: 6542 ns, Total: 184158 ns
[2021-11-03T04:46:54.313+0000][7][safepoint    ] Safepoint "Cleanup", Time since last: 1002972532 ns, Reaching safepoint: 177448 ns, At safepoint: 6901 ns, Total: 184349 ns
[2021-11-03T04:46:55.316+0000][7][safepoint    ] Safepoint "Cleanup", Time since last: 1003222898 ns, Reaching safepoint: 331363 ns, At safepoint: 6974 ns, Total: 338337 ns
[2021-11-03T04:46:56.319+0000][7][safepoint    ] Safepoint "Cleanup", Time since last: 1002784895 ns, Reaching safepoint: 274604 ns, At safepoint: 6742 ns, Total: 281346 ns
[2021-11-03T04:46:57.324+0000][7][safepoint    ] Safepoint "Cleanup", Time since last: 1004977817 ns, Reaching safepoint: 174681 ns, At safepoint: 6434 ns, Total: 181115 ns
[2021-11-03T04:46:58.331+0000][7][safepoint    ] Safepoint "Cleanup", Time since last: 1006752218 ns, Reaching safepoint: 179233 ns, At safepoint: 5850 ns, Total: 185083 ns
[2021-11-03T04:46:59.339+0000][7][safepoint    ] Safepoint "Cleanup", Time since last: 1007865433 ns, Reaching safepoint: 289648 ns, At safepoint: 8167 ns, Total: 297815 ns
[2021-11-03T04:47:00.350+0000][7][safepoint    ] Safepoint "Cleanup", Time since last: 1010481850 ns, Reaching safepoint: 474187 ns, At safepoint: 9284 ns, Total: 483471 ns
[2021-11-03T04:47:01.362+0000][7][safepoint    ] Safepoint "Cleanup", Time since last: 1011549971 ns, Reaching safepoint: 322977 ns, At safepoint: 8847 ns, Total: 331824 ns
[2021-11-03T04:47:02.365+0000][7][safepoint    ] Safepoint "Cleanup", Time since last: 1002636240 ns, Reaching safepoint: 239042 ns, At safepoint: 7291 ns, Total: 246333 ns
[2021-11-03T04:47:03.368+0000][7][safepoint    ] Safepoint "Cleanup", Time since last: 1002366135 ns, Reaching safepoint: 767908 ns, At safepoint: 23008 ns, Total: 790916 ns
[2021-11-03T04:47:04.352+0000][7][safepoint    ] Safepoint "Cleanup", Time since last: 1003697175 ns, Reaching safepoint: 626408 ns, At safepoint: 20454 ns, Total: 646862 ns
[2021-11-03T04:47:05.356+0000][7][safepoint    ] Safepoint "Cleanup", Time since last: 1004665587 ns, Reaching safepoint: 176584 ns, At safepoint: 6367 ns, Total: 182951 ns
[2021-11-03T04:47:06.361+0000][7][safepoint    ] Safepoint "Cleanup", Time since last: 1004147780 ns, Reaching safepoint: 173101 ns, At safepoint: 7546 ns, Total: 180647 ns
[2021-11-03T04:47:07.366+0000][7][safepoint    ] Safepoint "Cleanup", Time since last: 1004533471 ns, Reaching safepoint: 235440 ns, At safepoint: 6617 ns, Total: 242057 ns
[2021-11-03T04:47:08.368+0000][7][safepoint    ] Safepoint "Cleanup", Time since last: 1002483864 ns, Reaching safepoint: 176042 ns, At safepoint: 6907 ns, Total: 182949 ns
[2021-11-03T04:47:09.372+0000][7][safepoint    ] Safepoint "Cleanup", Time since last: 1003281268 ns, Reaching safepoint: 173963 ns, At safepoint: 6933 ns, Total: 180896 ns
[2021-11-03T04:47:10.375+0000][7][safepoint    ] Safepoint "Cleanup", Time since last: 1002757915 ns, Reaching safepoint: 125931 ns, At safepoint: 3802 ns, Total: 129733 ns
[2021-11-03T04:47:11.377+0000][7][safepoint    ] Safepoint "Cleanup", Time since last: 1002090660 ns, Reaching safepoint: 120854 ns, At safepoint: 4044 ns, Total: 124898 ns
[2021-11-03T04:47:12.379+0000][7][safepoint    ] Safepoint "Cleanup", Time since last: 1001621035 ns, Reaching safepoint: 159885 ns, At safepoint: 5763 ns, Total: 165648 ns
[2021-11-03T04:47:13.389+0000][7][safepoint    ] Safepoint "Cleanup", Time since last: 1010221418 ns, Reaching safepoint: 553165 ns, At safepoint: 9573 ns, Total: 562738 ns
[2021-11-03T04:47:14.393+0000][7][safepoint    ] Safepoint "Cleanup", Time since last: 1003040881 ns, Reaching safepoint: 330488 ns, At safepoint: 9716 ns, Total: 340204 ns
[2021-11-03T04:47:15.406+0000][7][safepoint    ] Safepoint "Cleanup", Time since last: 1012405452 ns, Reaching safepoint: 580605 ns, At safepoint: 18206 ns, Total: 598811 ns
[2021-11-03T04:47:16.408+0000][7][safepoint    ] Safepoint "Cleanup", Time since last: 1002082435 ns, Reaching safepoint: 355023 ns, At safepoint: 7655 ns, Total: 362678 ns
[2021-11-03T04:47:17.419+0000][7][safepoint    ] Safepoint "Cleanup", Time since last: 1010866207 ns, Reaching safepoint: 257103 ns, At safepoint: 6577 ns, Total: 263680 ns
[2021-11-03T04:47:18.430+0000][7][safepoint    ] Safepoint "Cleanup", Time since last: 1010139550 ns, Reaching safepoint: 494944 ns, At safepoint: 11458 ns, Total: 506402 ns
[2021-11-03T04:47:19.434+0000][7][safepoint    ] Safepoint "Cleanup", Time since last: 1003519973 ns, Reaching safepoint: 364284 ns, At safepoint: 101875 ns, Total: 466159 ns
[2021-11-03T04:47:20.445+0000][7][safepoint    ] Safepoint "Cleanup", Time since last: 1010958775 ns, Reaching safepoint: 395644 ns, At safepoint: 13666 ns, Total: 409310 ns
[2021-11-03T04:47:21.455+0000][7][safepoint    ] Safepoint "Cleanup", Time since last: 1009158061 ns, Reaching safepoint: 296725 ns, At safepoint: 13879 ns, Total: 310604 ns
[2021-11-03T04:47:22.458+0000][7][safepoint    ] Safepoint "Cleanup", Time since last: 1003060861 ns, Reaching safepoint: 447322 ns, At safepoint: 9401 ns, Total: 456723 ns
[2021-11-03T04:47:23.463+0000][7][safepoint    ] Safepoint "Cleanup", Time since last: 1003835145 ns, Reaching safepoint: 463500 ns, At safepoint: 8591 ns, Total: 472091 ns
[2021-11-03T04:47:24.466+0000][7][safepoint    ] Safepoint "Cleanup", Time since last: 1002755600 ns, Reaching safepoint: 330998 ns, At safepoint: 12061 ns, Total: 343059 ns
[2021-11-03T04:47:25.469+0000][7][safepoint    ] Safepoint "Cleanup", Time since last: 1003002749 ns, Reaching safepoint: 365194 ns, At safepoint: 10087 ns, Total: 375281 ns
[2021-11-03T04:47:26.471+0000][7][safepoint    ] Safepoint "Cleanup", Time since last: 1002047431 ns, Reaching safepoint: 180417 ns, At safepoint: 6879 ns, Total: 187296 ns
[2021-11-03T04:47:27.473+0000][7][safepoint    ] Safepoint "Cleanup", Time since last: 1001806012 ns, Reaching safepoint: 319591 ns, At safepoint: 11508 ns, Total: 331099 ns
[2021-11-03T04:47:28.477+0000][7][safepoint    ] Safepoint "Cleanup", Time since last: 1003651102 ns, Reaching safepoint: 294255 ns, At safepoint: 6719 ns, Total: 300974 ns
[2021-11-03T04:47:29.480+0000][7][safepoint    ] Safepoint "Cleanup", Time since last: 1002443671 ns, Reaching safepoint: 455033 ns, At safepoint: 25169 ns, Total: 480202 ns
[2021-11-03T04:47:30.491+0000][7][safepoint    ] Safepoint "Cleanup", Time since last: 1010214519 ns, Reaching safepoint: 256484 ns, At safepoint: 7666 ns, Total: 264150 ns
[2021-11-03T04:47:31.498+0000][7][safepoint    ] Safepoint "Cleanup", Time since last: 1007273876 ns, Reaching safepoint: 290099 ns, At safepoint: 13411 ns, Total: 303510 ns
[2021-11-03T04:47:32.502+0000][7][safepoint    ] Safepoint "Cleanup", Time since last: 1002693493 ns, Reaching safepoint: 430103 ns, At safepoint: 9926 ns, Total: 440029 ns
[2021-11-03T04:47:33.504+0000][7][safepoint    ] Safepoint "Cleanup", Time since last: 1001836430 ns, Reaching safepoint: 163114 ns, At safepoint: 3448 ns, Total: 166562 ns
[2021-11-03T04:47:34.484+0000][7][safepoint    ] Safepoint "Cleanup", Time since last: 1001322813 ns, Reaching safepoint: 247657 ns, At safepoint: 6715 ns, Total: 254372 ns
[2021-11-03T04:47:35.487+0000][7][safepoint    ] Safepoint "Cleanup", Time since last: 1002932506 ns, Reaching safepoint: 237573 ns, At safepoint: 6696 ns, Total: 244269 ns
[2021-11-03T04:47:36.491+0000][7][safepoint    ] Safepoint "Cleanup", Time since last: 1002937772 ns, Reaching safepoint: 241272 ns, At safepoint: 7190 ns, Total: 248462 ns
[2021-11-03T04:47:37.493+0000][7][safepoint    ] Safepoint "Cleanup", Time since last: 1002251248 ns, Reaching safepoint: 209131 ns, At safepoint: 32644 ns, Total: 241775 ns
[2021-11-03T04:47:38.495+0000][7][safepoint    ] Safepoint "Cleanup", Time since last: 1001254201 ns, Reaching safepoint: 458501 ns, At safepoint: 11092 ns, Total: 469593 ns
[2021-11-03T04:47:39.498+0000][7][safepoint    ] Safepoint "Cleanup", Time since last: 1002673936 ns, Reaching safepoint: 235769 ns, At safepoint: 6614 ns, Total: 242383 ns
[2021-11-03T04:47:40.503+0000][7][safepoint    ] Safepoint "Cleanup", Time since last: 1004924117 ns, Reaching safepoint: 158525 ns, At safepoint: 8679 ns, Total: 167204 ns
[2021-11-03T04:47:41.506+0000][7][safepoint    ] Safepoint "Cleanup", Time since last: 1002597725 ns, Reaching safepoint: 170999 ns, At safepoint: 6092 ns, Total: 177091 ns
[2021-11-03T04:47:42.509+0000][7][safepoint    ] Safepoint "Cleanup", Time since last: 1002884611 ns, Reaching safepoint: 173360 ns, At safepoint: 6272 ns, Total: 179632 ns
[2021-11-03T04:47:43.512+0000][7][safepoint    ] Safepoint "Cleanup", Time since last: 1003432156 ns, Reaching safepoint: 225481 ns, At safepoint: 6830 ns, Total: 232311 ns
[2021-11-03T04:47:44.515+0000][7][safepoint    ] Safepoint "Cleanup", Time since last: 1002297593 ns, Reaching safepoint: 257175 ns, At safepoint: 11813 ns, Total: 268988 ns
[2021-11-03T04:47:45.518+0000][7][safepoint    ] Safepoint "Cleanup", Time since last: 1002752323 ns, Reaching safepoint: 171109 ns, At safepoint: 5993 ns, Total: 177102 ns
[2021-11-03T04:47:46.522+0000][7][safepoint    ] Safepoint "Cleanup", Time since last: 1004411202 ns, Reaching safepoint: 163392 ns, At safepoint: 5472 ns, Total: 168864 ns
[2021-11-03T04:47:47.524+0000][7][safepoint    ] Safepoint "Cleanup", Time since last: 1001792631 ns, Reaching safepoint: 342825 ns, At safepoint: 8270 ns, Total: 351095 ns
[2021-11-03T04:47:48.527+0000][7][safepoint    ] Safepoint "Cleanup", Time since last: 1002489954 ns, Reaching safepoint: 98409 ns, At safepoint: 2519 ns, Total: 100928 ns
[2021-11-03T04:47:49.533+0000][7][safepoint    ] Safepoint "Cleanup", Time since last: 1005865091 ns, Reaching safepoint: 184880 ns, At safepoint: 7064 ns, Total: 191944 ns
[2021-11-03T04:47:50.539+0000][7][safepoint    ] Safepoint "Cleanup", Time since last: 1005600146 ns, Reaching safepoint: 163645 ns, At safepoint: 6131 ns, Total: 169776 ns
[2021-11-03T04:47:51.544+0000][7][safepoint    ] Safepoint "Cleanup", Time since last: 1004649971 ns, Reaching safepoint: 171688 ns, At safepoint: 6306 ns, Total: 177994 ns
[2021-11-03T04:47:52.547+0000][7][safepoint    ] Safepoint "Cleanup", Time since last: 1002552965 ns, Reaching safepoint: 561266 ns, At safepoint: 16146 ns, Total: 577412 ns
[2021-11-03T04:47:53.553+0000][7][safepoint    ] Safepoint "Cleanup", Time since last: 1005573734 ns, Reaching safepoint: 601081 ns, At safepoint: 26344 ns, Total: 627425 ns
[2021-11-03T04:47:54.557+0000][7][safepoint    ] Safepoint "Cleanup", Time since last: 1003203084 ns, Reaching safepoint: 410432 ns, At safepoint: 71051 ns, Total: 481483 ns
[2021-11-03T04:47:55.563+0000][7][safepoint    ] Safepoint "Cleanup", Time since last: 1006291592 ns, Reaching safepoint: 173654 ns, At safepoint: 6315 ns, Total: 179969 ns
[2021-11-03T04:47:56.566+0000][7][safepoint    ] Safepoint "Cleanup", Time since last: 1002778107 ns, Reaching safepoint: 328157 ns, At safepoint: 9711 ns, Total: 337868 ns
[2021-11-03T04:47:57.570+0000][7][safepoint    ] Safepoint "Cleanup", Time since last: 1003788384 ns, Reaching safepoint: 233518 ns, At safepoint: 6942 ns, Total: 240460 ns
[2021-11-03T04:47:58.573+0000][7][safepoint    ] Safepoint "Cleanup", Time since last: 1002489891 ns, Reaching safepoint: 398080 ns, At safepoint: 6164 ns, Total: 404244 ns
[2021-11-03T04:47:59.576+0000][7][safepoint    ] Safepoint "Cleanup", Time since last: 1002084165 ns, Reaching safepoint: 325553 ns, At safepoint: 12035 ns, Total: 337588 ns
[2021-11-03T04:48:00.582+0000][7][safepoint    ] Safepoint "Cleanup", Time since last: 1005843239 ns, Reaching safepoint: 296492 ns, At safepoint: 6844 ns, Total: 303336 ns
[2021-11-03T04:48:01.584+0000][7][safepoint    ] Safepoint "Cleanup", Time since last: 1002291933 ns, Reaching safepoint: 304430 ns, At safepoint: 11290 ns, Total: 315720 ns
[2021-11-03T04:48:03.482+0000][7][safepoint    ] Safepoint "Cleanup", Time since last: 1897556851 ns, Reaching safepoint: 172982 ns, At safepoint: 6121 ns, Total: 179103 ns
[2021-11-03T04:48:04.464+0000][7][safepoint    ] Safepoint "Cleanup", Time since last: 1002371591 ns, Reaching safepoint: 174928 ns, At safepoint: 6609 ns, Total: 181537 ns
[2021-11-03T04:48:05.466+0000][7][safepoint    ] Safepoint "Cleanup", Time since last: 1002232088 ns, Reaching safepoint: 186994 ns, At safepoint: 7098 ns, Total: 194092 ns
[2021-11-03T04:48:06.472+0000][7][safepoint    ] Safepoint "Cleanup", Time since last: 1004378704 ns, Reaching safepoint: 698392 ns, At safepoint: 78010 ns, Total: 776402 ns
[2021-11-03T04:48:07.474+0000][7][safepoint    ] Safepoint "Cleanup", Time since last: 1002279963 ns, Reaching safepoint: 179091 ns, At safepoint: 74671 ns, Total: 253762 ns
[2021-11-03T04:48:08.480+0000][7][safepoint    ] Safepoint "Cleanup", Time since last: 1005377375 ns, Reaching safepoint: 254394 ns, At safepoint: 69845 ns, Total: 324239 ns
[2021-11-03T04:48:09.484+0000][7][safepoint    ] Safepoint "Cleanup", Time since last: 1004243282 ns, Reaching safepoint: 418695 ns, At safepoint: 71404 ns, Total: 490099 ns
[2021-11-03T04:48:10.489+0000][7][safepoint    ] Safepoint "Cleanup", Time since last: 1003910816 ns, Reaching safepoint: 226648 ns, At safepoint: 73333 ns, Total: 299981 ns
[2021-11-03T04:48:11.492+0000][7][safepoint    ] Safepoint "Cleanup", Time since last: 1002811092 ns, Reaching safepoint: 247104 ns, At safepoint: 72926 ns, Total: 320030 ns
[2021-11-03T04:48:12.495+0000][7][safepoint    ] Safepoint "Cleanup", Time since last: 1002729389 ns, Reaching safepoint: 206679 ns, At safepoint: 10934 ns, Total: 217613 ns
[2021-11-03T04:48:13.498+0000][7][safepoint    ] Safepoint "Cleanup", Time since last: 1002633249 ns, Reaching safepoint: 487245 ns, At safepoint: 9703 ns, Total: 496948 ns
[2021-11-03T04:48:14.500+0000][7][safepoint    ] Safepoint "Cleanup", Time since last: 1002282267 ns, Reaching safepoint: 246464 ns, At safepoint: 6958 ns, Total: 253422 ns
[2021-11-03T04:48:15.503+0000][7][safepoint    ] Safepoint "Cleanup", Time since last: 1002408719 ns, Reaching safepoint: 235249 ns, At safepoint: 7222 ns, Total: 242471 ns
[2021-11-03T04:48:16.507+0000][7][safepoint    ] Safepoint "Cleanup", Time since last: 1003353478 ns, Reaching safepoint: 176171 ns, At safepoint: 6435 ns, Total: 182606 ns
[2021-11-03T04:48:17.511+0000][7][safepoint    ] Safepoint "Cleanup", Time since last: 1003948793 ns, Reaching safepoint: 396054 ns, At safepoint: 8776 ns, Total: 404830 ns
[2021-11-03T04:48:18.514+0000][7][safepoint    ] Safepoint "Cleanup", Time since last: 1003213793 ns, Reaching safepoint: 110251 ns, At safepoint: 3192 ns, Total: 113443 ns
[2021-11-03T04:48:19.518+0000][7][safepoint    ] Safepoint "Cleanup", Time since last: 1003353237 ns, Reaching safepoint: 167709 ns, At safepoint: 6143 ns, Total: 173852 ns
[2021-11-03T04:48:20.522+0000][7][safepoint    ] Safepoint "Cleanup", Time since last: 1003965764 ns, Reaching safepoint: 241409 ns, At safepoint: 6766 ns, Total: 248175 ns
[2021-11-03T04:48:21.530+0000][7][safepoint    ] Safepoint "Cleanup", Time since last: 1007468033 ns, Reaching safepoint: 355546 ns, At safepoint: 8716 ns, Total: 364262 ns
[2021-11-03T04:48:22.533+0000][7][safepoint    ] Safepoint "Cleanup", Time since last: 1002505844 ns, Reaching safepoint: 291731 ns, At safepoint: 7250 ns, Total: 298981 ns
[2021-11-03T04:48:23.537+0000][7][safepoint    ] Safepoint "Cleanup", Time since last: 1004168563 ns, Reaching safepoint: 289188 ns, At safepoint: 8739 ns, Total: 297927 ns
[2021-11-03T04:48:24.543+0000][7][safepoint    ] Safepoint "Cleanup", Time since last: 1005333927 ns, Reaching safepoint: 407961 ns, At safepoint: 9147 ns, Total: 417108 ns
[2021-11-03T04:48:25.547+0000][7][safepoint    ] Safepoint "Cleanup", Time since last: 1004043398 ns, Reaching safepoint: 173551 ns, At safepoint: 6238 ns, Total: 179789 ns
[2021-11-03T04:48:26.557+0000][7][safepoint    ] Safepoint "Cleanup", Time since last: 1009852258 ns, Reaching safepoint: 336827 ns, At safepoint: 8875 ns, Total: 345702 ns
[2021-11-03T04:48:27.561+0000][7][safepoint    ] Safepoint "Cleanup", Time since last: 1003187071 ns, Reaching safepoint: 166784 ns, At safepoint: 6337 ns, Total: 173121 ns
[2021-11-03T04:48:28.567+0000][7][safepoint    ] Safepoint "Cleanup", Time since last: 1005802200 ns, Reaching safepoint: 227529 ns, At safepoint: 5797 ns, Total: 233326 ns
[2021-11-03T04:48:29.573+0000][7][safepoint    ] Safepoint "Cleanup", Time since last: 1005508479 ns, Reaching safepoint: 372862 ns, At safepoint: 9101 ns, Total: 381963 ns
[2021-11-03T04:48:30.575+0000][7][safepoint    ] Safepoint "Cleanup", Time since last: 1002046223 ns, Reaching safepoint: 172811 ns, At safepoint: 5999 ns, Total: 178810 ns
[2021-11-03T04:48:31.580+0000][7][safepoint    ] Safepoint "Cleanup", Time since last: 1004859834 ns, Reaching safepoint: 171619 ns, At safepoint: 6612 ns, Total: 178231 ns
[2021-11-03T04:48:32.583+0000][7][safepoint    ] Safepoint "Cleanup", Time since last: 1002574923 ns, Reaching safepoint: 170174 ns, At safepoint: 6551 ns, Total: 176725 ns
[2021-11-03T04:48:33.585+0000][7][safepoint    ] Safepoint "Cleanup", Time since last: 1002745393 ns, Reaching safepoint: 87830 ns, At safepoint: 2516 ns, Total: 90346 ns
[2021-11-03T04:48:34.570+0000][7][safepoint    ] Safepoint "Cleanup", Time since last: 1005806684 ns, Reaching safepoint: 178343 ns, At safepoint: 5956 ns, Total: 184299 ns
[2021-11-03T04:48:35.573+0000][7][safepoint    ] Safepoint "Cleanup", Time since last: 1003066108 ns, Reaching safepoint: 175131 ns, At safepoint: 7190 ns, Total: 182321 ns
[2021-11-03T04:48:36.580+0000][7][safepoint    ] Safepoint "Cleanup", Time since last: 1006659184 ns, Reaching safepoint: 244301 ns, At safepoint: 7178 ns, Total: 251479 ns
[2021-11-03T04:48:37.586+0000][7][safepoint    ] Safepoint "Cleanup", Time since last: 1005077538 ns, Reaching safepoint: 244228 ns, At safepoint: 6859 ns, Total: 251087 ns
[2021-11-03T04:48:38.592+0000][7][safepoint    ] Safepoint "Cleanup", Time since last: 1005739915 ns, Reaching safepoint: 249706 ns, At safepoint: 6463 ns, Total: 256169 ns
[2021-11-03T04:48:39.596+0000][7][safepoint    ] Safepoint "Cleanup", Time since last: 1003853856 ns, Reaching safepoint: 282174 ns, At safepoint: 7257 ns, Total: 289431 ns
[2021-11-03T04:48:40.599+0000][7][safepoint    ] Safepoint "Cleanup", Time since last: 1003370400 ns, Reaching safepoint: 233352 ns, At safepoint: 6310 ns, Total: 239662 ns
[2021-11-03T04:48:41.603+0000][7][safepoint    ] Safepoint "Cleanup", Time since last: 1003482846 ns, Reaching safepoint: 242863 ns, At safepoint: 6651 ns, Total: 249514 ns
[2021-11-03T04:48:42.611+0000][7][safepoint    ] Safepoint "Cleanup", Time since last: 1007774454 ns, Reaching safepoint: 224888 ns, At safepoint: 6901 ns, Total: 231789 ns
[2021-11-03T04:48:43.618+0000][7][safepoint    ] Safepoint "Cleanup", Time since last: 1006046413 ns, Reaching safepoint: 255113 ns, At safepoint: 6926 ns, Total: 262039 ns
[2021-11-03T04:48:44.621+0000][7][safepoint    ] Safepoint "Cleanup", Time since last: 1002581876 ns, Reaching safepoint: 388577 ns, At safepoint: 13896 ns, Total: 402473 ns
[2021-11-03T04:48:45.622+0000][7][safepoint    ] Safepoint "Cleanup", Time since last: 1001637025 ns, Reaching safepoint: 230562 ns, At safepoint: 7612 ns, Total: 238174 ns
[2021-11-03T04:48:46.626+0000][7][safepoint    ] Safepoint "Cleanup", Time since last: 1003199633 ns, Reaching safepoint: 397255 ns, At safepoint: 9948 ns, Total: 407203 ns
[2021-11-03T04:48:47.630+0000][7][safepoint    ] Safepoint "Cleanup", Time since last: 1003306521 ns, Reaching safepoint: 364377 ns, At safepoint: 9560 ns, Total: 373937 ns
[2021-11-03T04:48:48.638+0000][7][safepoint    ] Safepoint "Cleanup", Time since last: 1007976076 ns, Reaching safepoint: 362899 ns, At safepoint: 8877 ns, Total: 371776 ns
[2021-11-03T04:48:49.641+0000][7][safepoint    ] Safepoint "Cleanup", Time since last: 1002461637 ns, Reaching safepoint: 730703 ns, At safepoint: 19911 ns, Total: 750614 ns
[2021-11-03T04:48:50.648+0000][7][safepoint    ] Safepoint "Cleanup", Time since last: 1006369930 ns, Reaching safepoint: 551427 ns, At safepoint: 19770 ns, Total: 571197 ns
[2021-11-03T04:48:51.651+0000][7][safepoint    ] Safepoint "Cleanup", Time since last: 1002252532 ns, Reaching safepoint: 174421 ns, At safepoint: 6376 ns, Total: 180797 ns
[2021-11-03T04:48:52.653+0000][7][safepoint    ] Safepoint "Cleanup", Time since last: 1001832167 ns, Reaching safepoint: 170290 ns, At safepoint: 5765 ns, Total: 176055 ns
[2021-11-03T04:48:53.655+0000][7][safepoint    ] Safepoint "Cleanup", Time since last: 1002179883 ns, Reaching safepoint: 344526 ns, At safepoint: 7007 ns, Total: 351533 ns
[2021-11-03T04:48:54.665+0000][7][safepoint    ] Safepoint "Cleanup", Time since last: 1009431300 ns, Reaching safepoint: 238754 ns, At safepoint: 10013 ns, Total: 248767 ns
[2021-11-03T04:48:55.670+0000][7][safepoint    ] Safepoint "Cleanup", Time since last: 1005015130 ns, Reaching safepoint: 405241 ns, At safepoint: 9651 ns, Total: 414892 ns
[2021-11-03T04:48:56.675+0000][7][safepoint    ] Safepoint "Cleanup", Time since last: 1004318772 ns, Reaching safepoint: 501092 ns, At safepoint: 11273 ns, Total: 512365 ns
[2021-11-03T04:48:57.678+0000][7][safepoint    ] Safepoint "Cleanup", Time since last: 1002174089 ns, Reaching safepoint: 233125 ns, At safepoint: 8185 ns, Total: 241310 ns
[2021-11-03T04:48:58.681+0000][7][safepoint    ] Safepoint "Cleanup", Time since last: 1003208433 ns, Reaching safepoint: 265430 ns, At safepoint: 10304 ns, Total: 275734 ns
[2021-11-03T04:48:59.683+0000][7][safepoint    ] Safepoint "Cleanup", Time since last: 1002056223 ns, Reaching safepoint: 176900 ns, At safepoint: 6474 ns, Total: 183374 ns
[2021-11-03T04:49:00.686+0000][7][safepoint    ] Safepoint "Cleanup", Time since last: 1002969134 ns, Reaching safepoint: 169444 ns, At safepoint: 5780 ns, Total: 175224 ns
[2021-11-03T04:49:01.691+0000][7][safepoint    ] Safepoint "Cleanup", Time since last: 1003985756 ns, Reaching safepoint: 171230 ns, At safepoint: 6901 ns, Total: 178131 ns
[2021-11-03T04:49:02.693+0000][7][safepoint    ] Safepoint "Cleanup", Time since last: 1001989728 ns, Reaching safepoint: 163272 ns, At safepoint: 5775 ns, Total: 169047 ns
[2021-11-03T04:49:03.697+0000][7][safepoint    ] Safepoint "Cleanup", Time since last: 1004326513 ns, Reaching safepoint: 322508 ns, At safepoint: 10578 ns, Total: 333086 ns
[2021-11-03T04:49:04.681+0000][7][safepoint    ] Safepoint "Cleanup", Time since last: 1004035506 ns, Reaching safepoint: 227728 ns, At safepoint: 6713 ns, Total: 234441 ns
[2021-11-03T04:49:05.907+0000][7][safepoint    ] Safepoint "Cleanup", Time since last: 1225889353 ns, Reaching safepoint: 465655 ns, At safepoint: 20171 ns, Total: 485826 ns
[2021-11-03T04:49:06.913+0000][7][safepoint    ] Safepoint "Cleanup", Time since last: 1005841480 ns, Reaching safepoint: 406322 ns, At safepoint: 6652 ns, Total: 412974 ns
[2021-11-03T04:49:07.921+0000][7][safepoint    ] Safepoint "Cleanup", Time since last: 1007399739 ns, Reaching safepoint: 308405 ns, At safepoint: 8857 ns, Total: 317262 ns
[2021-11-03T04:49:08.926+0000][7][safepoint    ] Safepoint "Cleanup", Time since last: 1004645442 ns, Reaching safepoint: 467081 ns, At safepoint: 9396 ns, Total: 476477 ns
[2021-11-03T04:49:09.936+0000][7][safepoint    ] Safepoint "Cleanup", Time since last: 1009059866 ns, Reaching safepoint: 239900 ns, At safepoint: 6850 ns, Total: 246750 ns
[2021-11-03T04:49:10.942+0000][7][safepoint    ] Safepoint "Cleanup", Time since last: 1006308134 ns, Reaching safepoint: 436051 ns, At safepoint: 8167 ns, Total: 444218 ns
[2021-11-03T04:49:11.955+0000][7][safepoint    ] Safepoint "Cleanup", Time since last: 1012495008 ns, Reaching safepoint: 437628 ns, At safepoint: 141564 ns, Total: 579192 ns
[2021-11-03T04:49:12.964+0000][7][safepoint    ] Safepoint "Cleanup", Time since last: 1008398395 ns, Reaching safepoint: 172921 ns, At safepoint: 6749 ns, Total: 179670 ns
[2021-11-03T04:49:13.967+0000][7][safepoint    ] Safepoint "Cleanup", Time since last: 1002851554 ns, Reaching safepoint: 168567 ns, At safepoint: 6908 ns, Total: 175475 ns
[2021-11-03T04:49:14.973+0000][7][safepoint    ] Safepoint "Cleanup", Time since last: 1005943222 ns, Reaching safepoint: 161726 ns, At safepoint: 6785 ns, Total: 168511 ns
[2021-11-03T04:49:15.976+0000][7][safepoint    ] Safepoint "Cleanup", Time since last: 1002616902 ns, Reaching safepoint: 174980 ns, At safepoint: 5295 ns, Total: 180275 ns
[2021-11-03T04:49:16.979+0000][7][safepoint    ] Safepoint "Cleanup", Time since last: 1003014782 ns, Reaching safepoint: 358709 ns, At safepoint: 9051 ns, Total: 367760 ns
[2021-11-03T04:49:17.985+0000][7][safepoint    ] Safepoint "Cleanup", Time since last: 1005951691 ns, Reaching safepoint: 169524 ns, At safepoint: 6253 ns, Total: 175777 ns
[2021-11-03T04:49:18.991+0000][7][safepoint    ] Safepoint "Cleanup", Time since last: 1005424254 ns, Reaching safepoint: 172869 ns, At safepoint: 6145 ns, Total: 179014 ns
[2021-11-03T04:49:19.994+0000][7][safepoint    ] Safepoint "Cleanup", Time since last: 1002645400 ns, Reaching safepoint: 381185 ns, At safepoint: 10315 ns, Total: 391500 ns
[2021-11-03T04:49:20.999+0000][7][safepoint    ] Safepoint "Cleanup", Time since last: 1004670764 ns, Reaching safepoint: 243998 ns, At safepoint: 6943 ns, Total: 250941 ns
[2021-11-03T04:49:22.003+0000][7][safepoint    ] Safepoint "Cleanup", Time since last: 1003269894 ns, Reaching safepoint: 306893 ns, At safepoint: 12993 ns, Total: 319886 ns
[2021-11-03T04:49:23.008+0000][7][safepoint    ] Safepoint "Cleanup", Time since last: 1005139831 ns, Reaching safepoint: 233918 ns, At safepoint: 7244 ns, Total: 241162 ns
[2021-11-03T04:49:24.011+0000][7][safepoint    ] Safepoint "Cleanup", Time since last: 1002710042 ns, Reaching safepoint: 348276 ns, At safepoint: 7682 ns, Total: 355958 ns
[2021-11-03T04:49:25.016+0000][7][safepoint    ] Safepoint "Cleanup", Time since last: 1005108707 ns, Reaching safepoint: 117798 ns, At safepoint: 3041 ns, Total: 120839 ns
[2021-11-03T04:49:26.018+0000][7][safepoint    ] Safepoint "Cleanup", Time since last: 1001504588 ns, Reaching safepoint: 167933 ns, At safepoint: 6062 ns, Total: 173995 ns
[2021-11-03T04:49:27.021+0000][7][safepoint    ] Safepoint "Cleanup", Time since last: 1003345787 ns, Reaching safepoint: 170353 ns, At safepoint: 6546 ns, Total: 176899 ns
[2021-11-03T04:49:28.024+0000][7][safepoint    ] Safepoint "Cleanup", Time since last: 1002180384 ns, Reaching safepoint: 171811 ns, At safepoint: 6404 ns, Total: 178215 ns
[2021-11-03T04:49:29.029+0000][7][safepoint    ] Safepoint "Cleanup", Time since last: 1005453869 ns, Reaching safepoint: 171812 ns, At safepoint: 7150 ns, Total: 178962 ns
[2021-11-03T04:49:30.036+0000][7][safepoint    ] Safepoint "Cleanup", Time since last: 1006579002 ns, Reaching safepoint: 279904 ns, At safepoint: 6437 ns, Total: 286341 ns
[2021-11-03T04:49:31.046+0000][7][safepoint    ] Safepoint "Cleanup", Time since last: 1008925456 ns, Reaching safepoint: 492739 ns, At safepoint: 19215 ns, Total: 511954 ns
[2021-11-03T04:49:32.057+0000][7][safepoint    ] Safepoint "Cleanup", Time since last: 1010494886 ns, Reaching safepoint: 484912 ns, At safepoint: 20834 ns, Total: 505746 ns
[2021-11-03T04:49:33.059+0000][7][safepoint    ] Safepoint "Cleanup", Time since last: 1002451768 ns, Reaching safepoint: 270825 ns, At safepoint: 9438 ns, Total: 280263 ns
[2021-11-03T04:49:34.043+0000][7][safepoint    ] Safepoint "Cleanup", Time since last: 1004312991 ns, Reaching safepoint: 430274 ns, At safepoint: 10605 ns, Total: 440879 ns
[2021-11-03T04:49:35.046+0000][7][safepoint    ] Safepoint "Cleanup", Time since last: 1002214329 ns, Reaching safepoint: 364888 ns, At safepoint: 16971 ns, Total: 381859 ns
[2021-11-03T04:49:36.059+0000][7][safepoint    ] Safepoint "Cleanup", Time since last: 1012862301 ns, Reaching safepoint: 311040 ns, At safepoint: 9273 ns, Total: 320313 ns
[2021-11-03T04:49:37.064+0000][7][safepoint    ] Safepoint "Cleanup", Time since last: 1005297330 ns, Reaching safepoint: 143537 ns, At safepoint: 3486 ns, Total: 147023 ns
[2021-11-03T04:49:38.066+0000][7][safepoint    ] Safepoint "Cleanup", Time since last: 1001566761 ns, Reaching safepoint: 251632 ns, At safepoint: 4154 ns, Total: 255786 ns
[2021-11-03T04:49:39.068+0000][7][safepoint    ] Safepoint "Cleanup", Time since last: 1001607894 ns, Reaching safepoint: 337289 ns, At safepoint: 13945 ns, Total: 351234 ns
[2021-11-03T04:49:40.071+0000][7][safepoint    ] Safepoint "Cleanup", Time since last: 1002847103 ns, Reaching safepoint: 209242 ns, At safepoint: 4085 ns, Total: 213327 ns
[2021-11-03T04:49:41.074+0000][7][safepoint    ] Safepoint "Cleanup", Time since last: 1002207891 ns, Reaching safepoint: 377060 ns, At safepoint: 11816 ns, Total: 388876 ns
[2021-11-03T04:49:42.079+0000][7][safepoint    ] Safepoint "Cleanup", Time since last: 1004806041 ns, Reaching safepoint: 240255 ns, At safepoint: 6171 ns, Total: 246426 ns
[2021-11-03T04:49:43.085+0000][7][safepoint    ] Safepoint "Cleanup", Time since last: 1005798879 ns, Reaching safepoint: 171709 ns, At safepoint: 6337 ns, Total: 178046 ns
[2021-11-03T04:49:44.090+0000][7][safepoint    ] Safepoint "Cleanup", Time since last: 1004711664 ns, Reaching safepoint: 158028 ns, At safepoint: 5133 ns, Total: 163161 ns
[2021-11-03T04:49:45.093+0000][7][safepoint    ] Safepoint "Cleanup", Time since last: 1002599220 ns, Reaching safepoint: 295740 ns, At safepoint: 8693 ns, Total: 304433 ns
[2021-11-03T04:49:46.099+0000][7][safepoint    ] Safepoint "Cleanup", Time since last: 1006222325 ns, Reaching safepoint: 366558 ns, At safepoint: 6890 ns, Total: 373448 ns
[2021-11-03T04:49:47.102+0000][7][safepoint    ] Safepoint "Cleanup", Time since last: 1002743950 ns, Reaching safepoint: 558882 ns, At safepoint: 23694 ns, Total: 582576 ns
[2021-11-03T04:49:48.108+0000][7][safepoint    ] Safepoint "Cleanup", Time since last: 1005171134 ns, Reaching safepoint: 411447 ns, At safepoint: 9674 ns, Total: 421121 ns
[2021-11-03T04:49:49.111+0000][7][safepoint    ] Safepoint "Cleanup", Time since last: 1002295576 ns, Reaching safepoint: 563986 ns, At safepoint: 12985 ns, Total: 576971 ns
[2021-11-03T04:49:50.119+0000][7][safepoint    ] Safepoint "Cleanup", Time since last: 1008202236 ns, Reaching safepoint: 373579 ns, At safepoint: 8781 ns, Total: 382360 ns
[2021-11-03T04:49:51.123+0000][7][safepoint    ] Safepoint "Cleanup", Time since last: 1003079020 ns, Reaching safepoint: 415645 ns, At safepoint: 11537 ns, Total: 427182 ns
[2021-11-03T04:49:52.126+0000][7][safepoint    ] Safepoint "Cleanup", Time since last: 1002917699 ns, Reaching safepoint: 340853 ns, At safepoint: 10416 ns, Total: 351269 ns
[2021-11-03T04:49:53.137+0000][7][safepoint    ] Safepoint "Cleanup", Time since last: 1010296847 ns, Reaching safepoint: 467933 ns, At safepoint: 23856 ns, Total: 491789 ns
[2021-11-03T04:49:54.140+0000][7][safepoint    ] Safepoint "Cleanup", Time since last: 1002169700 ns, Reaching safepoint: 268842 ns, At safepoint: 6739 ns, Total: 275581 ns
[2021-11-03T04:49:55.146+0000][7][safepoint    ] Safepoint "Cleanup", Time since last: 1005949672 ns, Reaching safepoint: 283057 ns, At safepoint: 9003 ns, Total: 292060 ns
[2021-11-03T04:49:56.156+0000][7][safepoint    ] Safepoint "Cleanup", Time since last: 1009689172 ns, Reaching safepoint: 235054 ns, At safepoint: 7044 ns, Total: 242098 ns
[2021-11-03T04:49:57.158+0000][7][safepoint    ] Safepoint "Cleanup", Time since last: 1002261895 ns, Reaching safepoint: 226456 ns, At safepoint: 7037 ns, Total: 233493 ns
[2021-11-03T04:49:58.160+0000][7][safepoint    ] Safepoint "Cleanup", Time since last: 1001774011 ns, Reaching safepoint: 298790 ns, At safepoint: 9604 ns, Total: 308394 ns
[2021-11-03T04:49:59.166+0000][7][safepoint    ] Safepoint "Cleanup", Time since last: 1005192301 ns, Reaching safepoint: 438371 ns, At safepoint: 8754 ns, Total: 447125 ns
[2021-11-03T04:50:00.171+0000][7][safepoint    ] Safepoint "Cleanup", Time since last: 1003848664 ns, Reaching safepoint: 772139 ns, At safepoint: 10302 ns, Total: 782441 ns
[2021-11-03T04:50:01.174+0000][7][safepoint    ] Safepoint "Cleanup", Time since last: 1003393053 ns, Reaching safepoint: 159282 ns, At safepoint: 5473 ns, Total: 164755 ns
[2021-11-03T04:50:02.176+0000][7][safepoint    ] Safepoint "Cleanup", Time since last: 1001911347 ns, Reaching safepoint: 299789 ns, At safepoint: 12606 ns, Total: 312395 ns
[2021-11-03T04:50:03.183+0000][7][safepoint    ] Safepoint "Cleanup", Time since last: 1006800161 ns, Reaching safepoint: 161553 ns, At safepoint: 6288 ns, Total: 167841 ns
[2021-11-03T04:50:04.169+0000][7][safepoint    ] Safepoint "Cleanup", Time since last: 1006274284 ns, Reaching safepoint: 172505 ns, At safepoint: 7215 ns, Total: 179720 ns
[2021-11-03T04:50:05.171+0000][7][safepoint    ] Safepoint "Cleanup", Time since last: 1002683340 ns, Reaching safepoint: 169848 ns, At safepoint: 6353 ns, Total: 176201 ns
[2021-11-03T04:50:06.174+0000][7][safepoint    ] Safepoint "Cleanup", Time since last: 1002170442 ns, Reaching safepoint: 173391 ns, At safepoint: 6217 ns, Total: 179608 ns
[2021-11-03T04:50:07.182+0000][7][safepoint    ] Safepoint "Cleanup", Time since last: 1008062942 ns, Reaching safepoint: 158851 ns, At safepoint: 6216 ns, Total: 165067 ns
[2021-11-03T04:50:08.184+0000][7][safepoint    ] Safepoint "Cleanup", Time since last: 1002063990 ns, Reaching safepoint: 164222 ns, At safepoint: 6546 ns, Total: 170768 ns
[2021-11-03T04:50:09.190+0000][7][safepoint    ] Safepoint "Cleanup", Time since last: 1005203846 ns, Reaching safepoint: 305259 ns, At safepoint: 10096 ns, Total: 315355 ns
[2021-11-03T04:50:10.192+0000][7][safepoint    ] Safepoint "Cleanup", Time since last: 1002164321 ns, Reaching safepoint: 320965 ns, At safepoint: 11919 ns, Total: 332884 ns
[2021-11-03T04:50:11.197+0000][7][safepoint    ] Safepoint "Cleanup", Time since last: 1004027211 ns, Reaching safepoint: 281995 ns, At safepoint: 5587 ns, Total: 287582 ns
[2021-11-03T04:50:12.200+0000][7][safepoint    ] Safepoint "Cleanup", Time since last: 1002715282 ns, Reaching safepoint: 287465 ns, At safepoint: 6361 ns, Total: 293826 ns
[2021-11-03T04:50:13.264+0000][7][safepoint    ] Safepoint "Cleanup", Time since last: 1064054709 ns, Reaching safepoint: 458673 ns, At safepoint: 8392 ns, Total: 467065 ns
[2021-11-03T04:50:14.267+0000][7][safepoint    ] Safepoint "Cleanup", Time since last: 1002505924 ns, Reaching safepoint: 460938 ns, At safepoint: 11402 ns, Total: 472340 ns
[2021-11-03T04:50:15.271+0000][7][safepoint    ] Safepoint "Cleanup", Time since last: 1003681328 ns, Reaching safepoint: 301910 ns, At safepoint: 6302 ns, Total: 308212 ns
[2021-11-03T04:50:16.276+0000][7][safepoint    ] Safepoint "Cleanup", Time since last: 1004616678 ns, Reaching safepoint: 711466 ns, At safepoint: 21170 ns, Total: 732636 ns
[2021-11-03T04:50:17.285+0000][7][safepoint    ] Safepoint "Cleanup", Time since last: 1008229763 ns, Reaching safepoint: 615614 ns, At safepoint: 9307 ns, Total: 624921 ns
[2021-11-03T04:50:18.296+0000][7][safepoint    ] Safepoint "Cleanup", Time since last: 1010654911 ns, Reaching safepoint: 405145 ns, At safepoint: 10179 ns, Total: 415324 ns
[2021-11-03T04:50:19.305+0000][7][safepoint    ] Safepoint "Cleanup", Time since last: 1008167025 ns, Reaching safepoint: 294906 ns, At safepoint: 6258 ns, Total: 301164 ns
[2021-11-03T04:50:20.318+0000][7][safepoint    ] Safepoint "Cleanup", Time since last: 1012227015 ns, Reaching safepoint: 1268514 ns, At safepoint: 22375 ns, Total: 1290889 ns
[2021-11-03T04:50:21.324+0000][7][safepoint    ] Safepoint "Cleanup", Time since last: 1004700301 ns, Reaching safepoint: 568007 ns, At safepoint: 19216 ns, Total: 587223 ns
[2021-11-03T04:50:22.327+0000][7][safepoint    ] Safepoint "Cleanup", Time since last: 1002545120 ns, Reaching safepoint: 512954 ns, At safepoint: 8553 ns, Total: 521507 ns
[2021-11-03T04:50:23.332+0000][7][safepoint    ] Safepoint "Cleanup", Time since last: 1005011651 ns, Reaching safepoint: 638405 ns, At safepoint: 46453 ns, Total: 684858 ns
[2021-11-03T04:50:24.336+0000][7][safepoint    ] Safepoint "Cleanup", Time since last: 1003186415 ns, Reaching safepoint: 482237 ns, At safepoint: 17199 ns, Total: 499436 ns
[2021-11-03T04:50:25.340+0000][7][safepoint    ] Safepoint "Cleanup", Time since last: 1003161224 ns, Reaching safepoint: 685983 ns, At safepoint: 26416 ns, Total: 712399 ns
[2021-11-03T04:50:26.342+0000][7][safepoint    ] Safepoint "Cleanup", Time since last: 1001970872 ns, Reaching safepoint: 267068 ns, At safepoint: 7488 ns, Total: 274556 ns
[2021-11-03T04:50:27.347+0000][7][safepoint    ] Safepoint "Cleanup", Time since last: 1004073752 ns, Reaching safepoint: 626198 ns, At safepoint: 21803 ns, Total: 648001 ns
[2021-11-03T04:50:28.350+0000][7][safepoint    ] Safepoint "Cleanup", Time since last: 1002859658 ns, Reaching safepoint: 211018 ns, At safepoint: 4231 ns, Total: 215249 ns
[2021-11-03T04:50:29.354+0000][7][safepoint    ] Safepoint "Cleanup", Time since last: 1003338580 ns, Reaching safepoint: 650031 ns, At safepoint: 20791 ns, Total: 670822 ns
[2021-11-03T04:50:30.362+0000][7][safepoint    ] Safepoint "Cleanup", Time since last: 1007479900 ns, Reaching safepoint: 648681 ns, At safepoint: 10020 ns, Total: 658701 ns
[2021-11-03T04:50:31.366+0000][7][safepoint    ] Safepoint "Cleanup", Time since last: 1003120570 ns, Reaching safepoint: 442350 ns, At safepoint: 8941 ns, Total: 451291 ns
[2021-11-03T04:50:32.373+0000][7][safepoint    ] Safepoint "Cleanup", Time since last: 1006992590 ns, Reaching safepoint: 501768 ns, At safepoint: 8437 ns, Total: 510205 ns
[2021-11-03T04:50:33.379+0000][7][safepoint    ] Safepoint "Cleanup", Time since last: 1005130135 ns, Reaching safepoint: 364527 ns, At safepoint: 12089 ns, Total: 376616 ns
[2021-11-03T04:50:34.361+0000][7][safepoint    ] Safepoint "Cleanup", Time since last: 1002397591 ns, Reaching safepoint: 324221 ns, At safepoint: 11534 ns, Total: 335755 ns
[2021-11-03T04:50:35.369+0000][7][safepoint    ] Safepoint "Cleanup", Time since last: 1008414900 ns, Reaching safepoint: 319574 ns, At safepoint: 11321 ns, Total: 330895 ns
[2021-11-03T04:50:36.372+0000][7][safepoint    ] Safepoint "Cleanup", Time since last: 1002030730 ns, Reaching safepoint: 786653 ns, At safepoint: 22569 ns, Total: 809222 ns
[2021-11-03T04:50:37.377+0000][7][safepoint    ] Safepoint "Cleanup", Time since last: 1004797095 ns, Reaching safepoint: 173643 ns, At safepoint: 29660 ns, Total: 203303 ns
[2021-11-03T04:50:38.380+0000][7][safepoint    ] Safepoint "Cleanup", Time since last: 1002089567 ns, Reaching safepoint: 424589 ns, At safepoint: 10390 ns, Total: 434979 ns
[2021-11-03T04:50:39.391+0000][7][safepoint    ] Safepoint "Cleanup", Time since last: 1010704751 ns, Reaching safepoint: 384163 ns, At safepoint: 16634 ns, Total: 400797 ns
[2021-11-03T04:50:40.397+0000][7][safepoint    ] Safepoint "Cleanup", Time since last: 1005847671 ns, Reaching safepoint: 361562 ns, At safepoint: 10080 ns, Total: 371642 ns
[2021-11-03T04:50:41.402+0000][7][safepoint    ] Safepoint "Cleanup", Time since last: 1004545348 ns, Reaching safepoint: 176274 ns, At safepoint: 5399 ns, Total: 181673 ns
[2021-11-03T04:50:42.411+0000][7][safepoint    ] Safepoint "Cleanup", Time since last: 1008778747 ns, Reaching safepoint: 233621 ns, At safepoint: 6540 ns, Total: 240161 ns
[2021-11-03T04:50:43.414+0000][7][safepoint    ] Safepoint "Cleanup", Time since last: 1002895914 ns, Reaching safepoint: 168321 ns, At safepoint: 5632 ns, Total: 173953 ns
[2021-11-03T04:50:44.419+0000][7][safepoint    ] Safepoint "Cleanup", Time since last: 1004885352 ns, Reaching safepoint: 317086 ns, At safepoint: 7480 ns, Total: 324566 ns
[2021-11-03T04:50:45.427+0000][7][safepoint    ] Safepoint "Cleanup", Time since last: 1007627105 ns, Reaching safepoint: 164446 ns, At safepoint: 5800 ns, Total: 170246 ns
[2021-11-03T04:50:46.432+0000][7][safepoint    ] Safepoint "Cleanup", Time since last: 1004623167 ns, Reaching safepoint: 169983 ns, At safepoint: 6228 ns, Total: 176211 ns
[2021-11-03T04:50:47.440+0000][7][safepoint    ] Safepoint "Cleanup", Time since last: 1008320156 ns, Reaching safepoint: 163694 ns, At safepoint: 5822 ns, Total: 169516 ns
[2021-11-03T04:50:48.444+0000][7][safepoint    ] Safepoint "Cleanup", Time since last: 1002965511 ns, Reaching safepoint: 232312 ns, At safepoint: 30461 ns, Total: 262773 ns
[2021-11-03T04:50:49.449+0000][7][safepoint    ] Safepoint "Cleanup", Time since last: 1005525883 ns, Reaching safepoint: 425707 ns, At safepoint: 11535 ns, Total: 437242 ns
[2021-11-03T04:50:50.454+0000][7][safepoint    ] Safepoint "Cleanup", Time since last: 1004001296 ns, Reaching safepoint: 178254 ns, At safepoint: 6375 ns, Total: 184629 ns
[2021-11-03T04:50:51.460+0000][7][safepoint    ] Safepoint "Cleanup", Time since last: 1006142883 ns, Reaching safepoint: 179209 ns, At safepoint: 6578 ns, Total: 185787 ns
[2021-11-03T04:50:52.463+0000][7][safepoint    ] Safepoint "Cleanup", Time since last: 1002396569 ns, Reaching safepoint: 166062 ns, At safepoint: 5681 ns, Total: 171743 ns
[2021-11-03T04:50:53.466+0000][7][safepoint    ] Safepoint "Cleanup", Time since last: 1003575517 ns, Reaching safepoint: 170355 ns, At safepoint: 6297 ns, Total: 176652 ns
[2021-11-03T04:50:54.471+0000][7][safepoint    ] Safepoint "Cleanup", Time since last: 1004399950 ns, Reaching safepoint: 173395 ns, At safepoint: 6872 ns, Total: 180267 ns
[2021-11-03T04:50:55.474+0000][7][safepoint    ] Safepoint "Cleanup", Time since last: 1003013437 ns, Reaching safepoint: 341193 ns, At safepoint: 6958 ns, Total: 348151 ns
[2021-11-03T04:50:56.477+0000][7][safepoint    ] Safepoint "Cleanup", Time since last: 1002462039 ns, Reaching safepoint: 178179 ns, At safepoint: 6786 ns, Total: 184965 ns
[2021-11-03T04:50:57.480+0000][7][safepoint    ] Safepoint "Cleanup", Time since last: 1002647079 ns, Reaching safepoint: 117840 ns, At safepoint: 4051 ns, Total: 121891 ns
[2021-11-03T04:50:58.484+0000][7][safepoint    ] Safepoint "Cleanup", Time since last: 1003805147 ns, Reaching safepoint: 242461 ns, At safepoint: 6970 ns, Total: 249431 ns
[2021-11-03T04:50:59.491+0000][7][safepoint    ] Safepoint "Cleanup", Time since last: 1007216068 ns, Reaching safepoint: 339939 ns, At safepoint: 7747 ns, Total: 347686 ns
[2021-11-03T04:51:00.498+0000][7][safepoint    ] Safepoint "Cleanup", Time since last: 1006266285 ns, Reaching safepoint: 305897 ns, At safepoint: 7223 ns, Total: 313120 ns
[2021-11-03T04:51:01.501+0000][7][safepoint    ] Safepoint "Cleanup", Time since last: 1002334761 ns, Reaching safepoint: 466810 ns, At safepoint: 7605 ns, Total: 474415 ns
[2021-11-03T04:51:02.503+0000][7][safepoint    ] Safepoint "Cleanup", Time since last: 1002429418 ns, Reaching safepoint: 289591 ns, At safepoint: 6539 ns, Total: 296130 ns
[2021-11-03T04:51:03.588+0000][7][safepoint    ] Safepoint "Cleanup", Time since last: 1084468586 ns, Reaching safepoint: 549473 ns, At safepoint: 8477 ns, Total: 557950 ns
[2021-11-03T04:51:04.573+0000][7][safepoint    ] Safepoint "Cleanup", Time since last: 1005350057 ns, Reaching safepoint: 660895 ns, At safepoint: 24848 ns, Total: 685743 ns
[2021-11-03T04:51:05.577+0000][7][safepoint    ] Safepoint "Cleanup", Time since last: 1003204643 ns, Reaching safepoint: 296902 ns, At safepoint: 6384 ns, Total: 303286 ns
[2021-11-03T04:51:06.582+0000][7][safepoint    ] Safepoint "Cleanup", Time since last: 1004897754 ns, Reaching safepoint: 418590 ns, At safepoint: 11390 ns, Total: 429980 ns
[2021-11-03T04:51:07.587+0000][7][safepoint    ] Safepoint "Cleanup", Time since last: 1004284809 ns, Reaching safepoint: 285523 ns, At safepoint: 6562 ns, Total: 292085 ns
[2021-11-03T04:51:08.591+0000][7][safepoint    ] Safepoint "Cleanup", Time since last: 1003722628 ns, Reaching safepoint: 321045 ns, At safepoint: 6150 ns, Total: 327195 ns
[2021-11-03T04:51:09.595+0000][7][safepoint    ] Safepoint "Cleanup", Time since last: 1004308059 ns, Reaching safepoint: 229466 ns, At safepoint: 6382 ns, Total: 235848 ns
[2021-11-03T04:51:10.599+0000][7][safepoint    ] Safepoint "Cleanup", Time since last: 1003741738 ns, Reaching safepoint: 236843 ns, At safepoint: 7427 ns, Total: 244270 ns
[2021-11-03T04:51:11.604+0000][7][safepoint    ] Safepoint "Cleanup", Time since last: 1004194948 ns, Reaching safepoint: 240298 ns, At safepoint: 6359 ns, Total: 246657 ns
[2021-11-03T04:51:12.606+0000][7][safepoint    ] Safepoint "Cleanup", Time since last: 1001994732 ns, Reaching safepoint: 380799 ns, At safepoint: 10963 ns, Total: 391762 ns
[2021-11-03T04:51:13.612+0000][7][safepoint    ] Safepoint "Cleanup", Time since last: 1005294164 ns, Reaching safepoint: 574086 ns, At safepoint: 22676 ns, Total: 596762 ns
[2021-11-03T04:51:14.616+0000][7][safepoint    ] Safepoint "Cleanup", Time since last: 1003008353 ns, Reaching safepoint: 623621 ns, At safepoint: 18291 ns, Total: 641912 ns
[2021-11-03T04:51:15.620+0000][7][safepoint    ] Safepoint "Cleanup", Time since last: 1003696097 ns, Reaching safepoint: 602763 ns, At safepoint: 24742 ns, Total: 627505 ns
[2021-11-03T04:51:16.624+0000][7][safepoint    ] Safepoint "Cleanup", Time since last: 1003962435 ns, Reaching safepoint: 438700 ns, At safepoint: 10847 ns, Total: 449547 ns
[2021-11-03T04:51:17.629+0000][7][safepoint    ] Safepoint "Cleanup", Time since last: 1004341139 ns, Reaching safepoint: 291979 ns, At safepoint: 8888 ns, Total: 300867 ns
[2021-11-03T04:51:18.632+0000][7][safepoint    ] Safepoint "Cleanup", Time since last: 1002337126 ns, Reaching safepoint: 249357 ns, At safepoint: 6342 ns, Total: 255699 ns
[2021-11-03T04:51:19.637+0000][7][safepoint    ] Safepoint "Cleanup", Time since last: 1004798477 ns, Reaching safepoint: 485004 ns, At safepoint: 9935 ns, Total: 494939 ns
[2021-11-03T04:51:20.645+0000][7][safepoint    ] Safepoint "Cleanup", Time since last: 1007430889 ns, Reaching safepoint: 235531 ns, At safepoint: 6428 ns, Total: 241959 ns
[2021-11-03T04:51:21.647+0000][7][safepoint    ] Safepoint "Cleanup", Time since last: 1001695791 ns, Reaching safepoint: 237517 ns, At safepoint: 7099 ns, Total: 244616 ns
[2021-11-03T04:51:22.653+0000][7][safepoint    ] Safepoint "Cleanup", Time since last: 1005991453 ns, Reaching safepoint: 281723 ns, At safepoint: 7773 ns, Total: 289496 ns
[2021-11-03T04:51:23.661+0000][7][safepoint    ] Safepoint "Cleanup", Time since last: 1007746461 ns, Reaching safepoint: 435712 ns, At safepoint: 7199 ns, Total: 442911 ns
[2021-11-03T04:51:24.668+0000][7][safepoint    ] Safepoint "Cleanup", Time since last: 1006361375 ns, Reaching safepoint: 365644 ns, At safepoint: 9253 ns, Total: 374897 ns
[2021-11-03T04:51:25.673+0000][7][safepoint    ] Safepoint "Cleanup", Time since last: 1004809602 ns, Reaching safepoint: 526771 ns, At safepoint: 9455 ns, Total: 536226 ns
[2021-11-03T04:51:26.677+0000][7][safepoint    ] Safepoint "Cleanup", Time since last: 1003467171 ns, Reaching safepoint: 427171 ns, At safepoint: 14953 ns, Total: 442124 ns
[2021-11-03T04:51:27.680+0000][7][safepoint    ] Safepoint "Cleanup", Time since last: 1002507991 ns, Reaching safepoint: 409612 ns, At safepoint: 8317 ns, Total: 417929 ns
[2021-11-03T04:51:28.685+0000][7][safepoint    ] Safepoint "Cleanup", Time since last: 1005035785 ns, Reaching safepoint: 220617 ns, At safepoint: 12092 ns, Total: 232709 ns
[2021-11-03T04:51:29.693+0000][7][safepoint    ] Safepoint "Cleanup", Time since last: 1007558601 ns, Reaching safepoint: 542964 ns, At safepoint: 17225 ns, Total: 560189 ns
[2021-11-03T04:51:30.697+0000][7][safepoint    ] Safepoint "Cleanup", Time since last: 1003040546 ns, Reaching safepoint: 321781 ns, At safepoint: 9097 ns, Total: 330878 ns
[2021-11-03T04:51:31.699+0000][7][safepoint    ] Safepoint "Cleanup", Time since last: 1002271699 ns, Reaching safepoint: 203414 ns, At safepoint: 6835 ns, Total: 210249 ns
[2021-11-03T04:51:32.705+0000][7][safepoint    ] Safepoint "Cleanup", Time since last: 1005811383 ns, Reaching safepoint: 169710 ns, At safepoint: 6599 ns, Total: 176309 ns
[2021-11-03T04:51:33.708+0000][7][safepoint    ] Safepoint "Cleanup", Time since last: 1002757154 ns, Reaching safepoint: 225148 ns, At safepoint: 6606 ns, Total: 231754 ns
[2021-11-03T04:51:34.696+0000][7][safepoint    ] Safepoint "Cleanup", Time since last: 1009064621 ns, Reaching safepoint: 238814 ns, At safepoint: 7057 ns, Total: 245871 ns
[2021-11-03T04:51:35.703+0000][7][safepoint    ] Safepoint "Cleanup", Time since last: 1006136076 ns, Reaching safepoint: 516619 ns, At safepoint: 9214 ns, Total: 525833 ns
[2021-11-03T04:51:36.706+0000][7][safepoint    ] Safepoint "Cleanup", Time since last: 1002135242 ns, Reaching safepoint: 297985 ns, At safepoint: 6914 ns, Total: 304899 ns
[2021-11-03T04:51:37.710+0000][7][safepoint    ] Safepoint "Cleanup", Time since last: 1003865170 ns, Reaching safepoint: 543765 ns, At safepoint: 8396 ns, Total: 552161 ns
[2021-11-03T04:51:38.716+0000][7][safepoint    ] Safepoint "Cleanup", Time since last: 1005651221 ns, Reaching safepoint: 480786 ns, At safepoint: 20687 ns, Total: 501473 ns
[2021-11-03T04:51:39.726+0000][7][safepoint    ] Safepoint "Cleanup", Time since last: 1008513052 ns, Reaching safepoint: 1078249 ns, At safepoint: 21803 ns, Total: 1100052 ns
[2021-11-03T04:51:40.732+0000][7][safepoint    ] Safepoint "Cleanup", Time since last: 1006048863 ns, Reaching safepoint: 383409 ns, At safepoint: 7573 ns, Total: 390982 ns
[2021-11-03T04:51:41.735+0000][7][safepoint    ] Safepoint "Cleanup", Time since last: 1002958753 ns, Reaching safepoint: 300822 ns, At safepoint: 7458 ns, Total: 308280 ns
[2021-11-03T04:51:42.744+0000][7][safepoint    ] Safepoint "Cleanup", Time since last: 1007889295 ns, Reaching safepoint: 416016 ns, At safepoint: 10403 ns, Total: 426419 ns
[2021-11-03T04:51:43.748+0000][7][safepoint    ] Safepoint "Cleanup", Time since last: 1004126309 ns, Reaching safepoint: 272019 ns, At safepoint: 6627 ns, Total: 278646 ns
[2021-11-03T04:51:44.756+0000][7][safepoint    ] Safepoint "Cleanup", Time since last: 1007096591 ns, Reaching safepoint: 596642 ns, At safepoint: 21825 ns, Total: 618467 ns
[2021-11-03T04:51:45.761+0000][7][safepoint    ] Safepoint "Cleanup", Time since last: 1004230624 ns, Reaching safepoint: 647020 ns, At safepoint: 23721 ns, Total: 670741 ns
[2021-11-03T04:51:46.768+0000][7][safepoint    ] Safepoint "Cleanup", Time since last: 1006624070 ns, Reaching safepoint: 407533 ns, At safepoint: 12530 ns, Total: 420063 ns
[2021-11-03T04:51:47.778+0000][7][safepoint    ] Safepoint "Cleanup", Time since last: 1010007570 ns, Reaching safepoint: 589824 ns, At safepoint: 11905 ns, Total: 601729 ns
[2021-11-03T04:51:48.785+0000][7][safepoint    ] Safepoint "Cleanup", Time since last: 1006382183 ns, Reaching safepoint: 517361 ns, At safepoint: 12118 ns, Total: 529479 ns
[2021-11-03T04:51:49.788+0000][7][safepoint    ] Safepoint "Cleanup", Time since last: 1002381878 ns, Reaching safepoint: 170091 ns, At safepoint: 3029 ns, Total: 173120 ns
[2021-11-03T04:51:50.795+0000][7][safepoint    ] Safepoint "Cleanup", Time since last: 1006711663 ns, Reaching safepoint: 173931 ns, At safepoint: 6890 ns, Total: 180821 ns
[2021-11-03T04:51:51.800+0000][7][safepoint    ] Safepoint "Cleanup", Time since last: 1005327213 ns, Reaching safepoint: 231888 ns, At safepoint: 7583 ns, Total: 239471 ns
[2021-11-03T04:51:52.810+0000][7][safepoint    ] Safepoint "Cleanup", Time since last: 1009628401 ns, Reaching safepoint: 354349 ns, At safepoint: 9397 ns, Total: 363746 ns
[2021-11-03T04:51:53.816+0000][7][safepoint    ] Safepoint "Cleanup", Time since last: 1005360269 ns, Reaching safepoint: 181866 ns, At safepoint: 6348 ns, Total: 188214 ns
[2021-11-03T04:51:54.822+0000][7][safepoint    ] Safepoint "Cleanup", Time since last: 1006078475 ns, Reaching safepoint: 404197 ns, At safepoint: 9356 ns, Total: 413553 ns
[2021-11-03T04:51:55.836+0000][7][safepoint    ] Safepoint "Cleanup", Time since last: 1012790119 ns, Reaching safepoint: 380117 ns, At safepoint: 8141 ns, Total: 388258 ns
[2021-11-03T04:51:56.842+0000][7][safepoint    ] Safepoint "Cleanup", Time since last: 1005823428 ns, Reaching safepoint: 175661 ns, At safepoint: 6533 ns, Total: 182194 ns
[2021-11-03T04:51:57.848+0000][7][safepoint    ] Safepoint "Cleanup", Time since last: 1005632958 ns, Reaching safepoint: 412422 ns, At safepoint: 8375 ns, Total: 420797 ns
[2021-11-03T04:51:58.851+0000][7][safepoint    ] Safepoint "Cleanup", Time since last: 1003389446 ns, Reaching safepoint: 235076 ns, At safepoint: 7067 ns, Total: 242143 ns
[2021-11-03T04:51:59.855+0000][7][safepoint    ] Safepoint "Cleanup", Time since last: 1004084911 ns, Reaching safepoint: 181130 ns, At safepoint: 4530 ns, Total: 185660 ns
[2021-11-03T04:52:00.862+0000][7][safepoint    ] Safepoint "Cleanup", Time since last: 1006091899 ns, Reaching safepoint: 247092 ns, At safepoint: 6158 ns, Total: 253250 ns
[2021-11-03T04:52:01.865+0000][7][safepoint    ] Safepoint "Cleanup", Time since last: 1002585519 ns, Reaching safepoint: 235066 ns, At safepoint: 6155 ns, Total: 241221 ns
[2021-11-03T04:52:02.867+0000][7][safepoint    ] Safepoint "Cleanup", Time since last: 1002379701 ns, Reaching safepoint: 233256 ns, At safepoint: 6103 ns, Total: 239359 ns
[2021-11-03T04:52:03.872+0000][7][safepoint    ] Safepoint "Cleanup", Time since last: 1003976775 ns, Reaching safepoint: 241267 ns, At safepoint: 6868 ns, Total: 248135 ns
[2021-11-03T04:52:04.854+0000][7][safepoint    ] Safepoint "Cleanup", Time since last: 1002899661 ns, Reaching safepoint: 492683 ns, At safepoint: 9012 ns, Total: 501695 ns
[2021-11-03T04:52:05.864+0000][7][safepoint    ] Safepoint "Cleanup", Time since last: 1009809222 ns, Reaching safepoint: 485589 ns, At safepoint: 9593 ns, Total: 495182 ns
[2021-11-03T04:52:06.867+0000][7][safepoint    ] Safepoint "Cleanup", Time since last: 1002331473 ns, Reaching safepoint: 380415 ns, At safepoint: 9788 ns, Total: 390203 ns
[2021-11-03T04:52:07.872+0000][7][safepoint    ] Safepoint "Cleanup", Time since last: 1005017517 ns, Reaching safepoint: 245176 ns, At safepoint: 6059 ns, Total: 251235 ns
[2021-11-03T04:52:08.877+0000][7][safepoint    ] Safepoint "Cleanup", Time since last: 1004199309 ns, Reaching safepoint: 382002 ns, At safepoint: 72439 ns, Total: 454441 ns
[2021-11-03T04:52:09.883+0000][7][safepoint    ] Safepoint "Cleanup", Time since last: 1004898879 ns, Reaching safepoint: 704323 ns, At safepoint: 19523 ns, Total: 723846 ns
[2021-11-03T04:52:10.886+0000][7][safepoint    ] Safepoint "Cleanup", Time since last: 1002656918 ns, Reaching safepoint: 425487 ns, At safepoint: 9483 ns, Total: 434970 ns
[2021-11-03T04:52:11.888+0000][7][safepoint    ] Safepoint "Cleanup", Time since last: 1001827851 ns, Reaching safepoint: 95457 ns, At safepoint: 2874 ns, Total: 98331 ns
[2021-11-03T04:52:12.893+0000][7][safepoint    ] Safepoint "Cleanup", Time since last: 1005595631 ns, Reaching safepoint: 326229 ns, At safepoint: 10518 ns, Total: 336747 ns
[2021-11-03T04:52:13.897+0000][7][safepoint    ] Safepoint "Cleanup", Time since last: 1003900473 ns, Reaching safepoint: 119354 ns, At safepoint: 4367 ns, Total: 123721 ns
[2021-11-03T04:52:14.904+0000][7][safepoint    ] Safepoint "Cleanup", Time since last: 1006175270 ns, Reaching safepoint: 414741 ns, At safepoint: 10341 ns, Total: 425082 ns
[2021-11-03T04:52:15.907+0000][7][safepoint    ] Safepoint "Cleanup", Time since last: 1003021611 ns, Reaching safepoint: 175835 ns, At safepoint: 6949 ns, Total: 182784 ns
[2021-11-03T04:52:16.909+0000][7][safepoint    ] Safepoint "Cleanup", Time since last: 1001857831 ns, Reaching safepoint: 129499 ns, At safepoint: 4064 ns, Total: 133563 ns
[2021-11-03T04:52:17.912+0000][7][safepoint    ] Safepoint "Cleanup", Time since last: 1002439480 ns, Reaching safepoint: 434383 ns, At safepoint: 7923 ns, Total: 442306 ns
[2021-11-03T04:52:18.920+0000][7][safepoint    ] Safepoint "Cleanup", Time since last: 1007360833 ns, Reaching safepoint: 171441 ns, At safepoint: 6369 ns, Total: 177810 ns
[2021-11-03T04:52:19.924+0000][7][safepoint    ] Safepoint "Cleanup", Time since last: 1004091685 ns, Reaching safepoint: 275162 ns, At safepoint: 6324 ns, Total: 281486 ns
[2021-11-03T04:52:20.928+0000][7][safepoint    ] Safepoint "Cleanup", Time since last: 1003315856 ns, Reaching safepoint: 172425 ns, At safepoint: 6286 ns, Total: 178711 ns
[2021-11-03T04:52:21.931+0000][7][safepoint    ] Safepoint "Cleanup", Time since last: 1002827841 ns, Reaching safepoint: 182648 ns, At safepoint: 7351 ns, Total: 189999 ns
[2021-11-03T04:52:22.934+0000][7][safepoint    ] Safepoint "Cleanup", Time since last: 1003581237 ns, Reaching safepoint: 176382 ns, At safepoint: 7245 ns, Total: 183627 ns
[2021-11-03T04:52:23.946+0000][7][safepoint    ] Safepoint "Cleanup", Time since last: 1011278229 ns, Reaching safepoint: 721342 ns, At safepoint: 26333 ns, Total: 747675 ns
[2021-11-03T04:52:24.952+0000][7][safepoint    ] Safepoint "Cleanup", Time since last: 1005431872 ns, Reaching safepoint: 542713 ns, At safepoint: 9795 ns, Total: 552508 ns
[2021-11-03T04:52:25.958+0000][7][safepoint    ] Safepoint "Cleanup", Time since last: 1004659972 ns, Reaching safepoint: 690390 ns, At safepoint: 20003 ns, Total: 710393 ns
[2021-11-03T04:52:26.963+0000][7][safepoint    ] Safepoint "Cleanup", Time since last: 1004410640 ns, Reaching safepoint: 487677 ns, At safepoint: 18774 ns, Total: 506451 ns
[2021-11-03T04:52:27.971+0000][7][safepoint    ] Safepoint "Cleanup", Time since last: 1007834566 ns, Reaching safepoint: 575868 ns, At safepoint: 20593 ns, Total: 596461 ns
[2021-11-03T04:52:28.980+0000][7][safepoint    ] Safepoint "Cleanup", Time since last: 1008381554 ns, Reaching safepoint: 498864 ns, At safepoint: 19822 ns, Total: 518686 ns
[2021-11-03T04:52:29.983+0000][7][safepoint    ] Safepoint "Cleanup", Time since last: 1002477675 ns, Reaching safepoint: 299595 ns, At safepoint: 7539 ns, Total: 307134 ns
[2021-11-03T04:52:30.987+0000][7][safepoint    ] Safepoint "Cleanup", Time since last: 1003056053 ns, Reaching safepoint: 666443 ns, At safepoint: 24210 ns, Total: 690653 ns
[2021-11-03T04:52:31.990+0000][7][safepoint    ] Safepoint "Cleanup", Time since last: 1003094473 ns, Reaching safepoint: 464673 ns, At safepoint: 13158 ns, Total: 477831 ns
[2021-11-03T04:52:32.997+0000][7][safepoint    ] Safepoint "Cleanup", Time since last: 1006403209 ns, Reaching safepoint: 394488 ns, At safepoint: 12576 ns, Total: 407064 ns
[2021-11-03T04:52:33.979+0000][7][safepoint    ] Safepoint "Cleanup", Time since last: 1002239873 ns, Reaching safepoint: 302240 ns, At safepoint: 7568 ns, Total: 309808 ns
[2021-11-03T04:52:34.983+0000][7][safepoint    ] Safepoint "Cleanup", Time since last: 1004635000 ns, Reaching safepoint: 184517 ns, At safepoint: 5995 ns, Total: 190512 ns
[2021-11-03T04:52:35.988+0000][7][safepoint    ] Safepoint "Cleanup", Time since last: 1004357242 ns, Reaching safepoint: 441380 ns, At safepoint: 9607 ns, Total: 450987 ns
[2021-11-03T04:52:36.990+0000][7][safepoint    ] Safepoint "Cleanup", Time since last: 1002057243 ns, Reaching safepoint: 99296 ns, At safepoint: 2920 ns, Total: 102216 ns
[2021-11-03T04:52:37.992+0000][7][safepoint    ] Safepoint "Cleanup", Time since last: 1001488322 ns, Reaching safepoint: 311929 ns, At safepoint: 7623 ns, Total: 319552 ns
[2021-11-03T04:52:38.997+0000][7][safepoint    ] Safepoint "Cleanup", Time since last: 1004823830 ns, Reaching safepoint: 181264 ns, At safepoint: 6305 ns, Total: 187569 ns
[2021-11-03T04:52:40.000+0000][7][safepoint    ] Safepoint "Cleanup", Time since last: 1002177511 ns, Reaching safepoint: 162048 ns, At safepoint: 5298 ns, Total: 167346 ns
[2021-11-03T04:52:41.005+0000][7][safepoint    ] Safepoint "Cleanup", Time since last: 1004862988 ns, Reaching safepoint: 168347 ns, At safepoint: 6073 ns, Total: 174420 ns
[2021-11-03T04:52:42.012+0000][7][safepoint    ] Safepoint "Cleanup", Time since last: 1007015755 ns, Reaching safepoint: 197916 ns, At safepoint: 6279 ns, Total: 204195 ns
[2021-11-03T04:52:43.021+0000][7][safepoint    ] Safepoint "Cleanup", Time since last: 1009380840 ns, Reaching safepoint: 169789 ns, At safepoint: 74456 ns, Total: 244245 ns
[2021-11-03T04:52:44.024+0000][7][safepoint    ] Safepoint "Cleanup", Time since last: 1002359237 ns, Reaching safepoint: 179679 ns, At safepoint: 6907 ns, Total: 186586 ns
[2021-11-03T04:52:45.031+0000][7][safepoint    ] Safepoint "Cleanup", Time since last: 1006796209 ns, Reaching safepoint: 454545 ns, At safepoint: 10038 ns, Total: 464583 ns
[2021-11-03T04:52:46.037+0000][7][safepoint    ] Safepoint "Cleanup", Time since last: 1005120240 ns, Reaching safepoint: 177530 ns, At safepoint: 6200 ns, Total: 183730 ns
[2021-11-03T04:52:47.046+0000][7][safepoint    ] Safepoint "Cleanup", Time since last: 1009053691 ns, Reaching safepoint: 493818 ns, At safepoint: 32158 ns, Total: 525976 ns
[2021-11-03T04:52:48.055+0000][7][safepoint    ] Safepoint "Cleanup", Time since last: 1008433946 ns, Reaching safepoint: 636872 ns, At safepoint: 22253 ns, Total: 659125 ns
[2021-11-03T04:52:49.057+0000][7][safepoint    ] Safepoint "Cleanup", Time since last: 1001938073 ns, Reaching safepoint: 233592 ns, At safepoint: 7530 ns, Total: 241122 ns
[2021-11-03T04:52:50.063+0000][7][safepoint    ] Safepoint "Cleanup", Time since last: 1005383726 ns, Reaching safepoint: 443123 ns, At safepoint: 10019 ns, Total: 453142 ns
[2021-11-03T04:52:51.068+0000][7][safepoint    ] Safepoint "Cleanup", Time since last: 1004651196 ns, Reaching safepoint: 508492 ns, At safepoint: 7304 ns, Total: 515796 ns
[2021-11-03T04:52:52.073+0000][7][safepoint    ] Safepoint "Cleanup", Time since last: 1004409411 ns, Reaching safepoint: 412336 ns, At safepoint: 9246 ns, Total: 421582 ns
[2021-11-03T04:52:53.076+0000][7][safepoint    ] Safepoint "Cleanup", Time since last: 1002292727 ns, Reaching safepoint: 480100 ns, At safepoint: 190082 ns, Total: 670182 ns
[2021-11-03T04:52:54.082+0000][7][safepoint    ] Safepoint "Cleanup", Time since last: 1005363885 ns, Reaching safepoint: 134675 ns, At safepoint: 3107 ns, Total: 137782 ns
[2021-11-03T04:52:55.084+0000][7][safepoint    ] Safepoint "Cleanup", Time since last: 1001225423 ns, Reaching safepoint: 607458 ns, At safepoint: 12506 ns, Total: 619964 ns
[2021-11-03T04:52:56.087+0000][7][safepoint    ] Safepoint "Cleanup", Time since last: 1003352177 ns, Reaching safepoint: 348678 ns, At safepoint: 8739 ns, Total: 357417 ns
[2021-11-03T04:52:57.094+0000][7][safepoint    ] Safepoint "Cleanup", Time since last: 1005984115 ns, Reaching safepoint: 461980 ns, At safepoint: 10706 ns, Total: 472686 ns
[2021-11-03T04:52:58.102+0000][7][safepoint    ] Safepoint "Cleanup", Time since last: 1007140226 ns, Reaching safepoint: 760812 ns, At safepoint: 16253 ns, Total: 777065 ns
[2021-11-03T04:52:59.111+0000][7][safepoint    ] Safepoint "Cleanup", Time since last: 1008958996 ns, Reaching safepoint: 485627 ns, At safepoint: 12190 ns, Total: 497817 ns
[2021-11-03T04:53:00.120+0000][7][safepoint    ] Safepoint "Cleanup", Time since last: 1008566753 ns, Reaching safepoint: 289304 ns, At safepoint: 8394 ns, Total: 297698 ns
[2021-11-03T04:53:01.132+0000][7][safepoint    ] Safepoint "Cleanup", Time since last: 1012067754 ns, Reaching safepoint: 188710 ns, At safepoint: 7545 ns, Total: 196255 ns
[2021-11-03T04:53:02.138+0000][7][safepoint    ] Safepoint "Cleanup", Time since last: 1005461938 ns, Reaching safepoint: 173909 ns, At safepoint: 6230 ns, Total: 180139 ns
[2021-11-03T04:53:03.143+0000][7][safepoint    ] Safepoint "Cleanup", Time since last: 1005283829 ns, Reaching safepoint: 180500 ns, At safepoint: 7052 ns, Total: 187552 ns
[2021-11-03T04:53:04.126+0000][7][safepoint    ] Safepoint "Cleanup", Time since last: 1003100313 ns, Reaching safepoint: 176061 ns, At safepoint: 6201 ns, Total: 182262 ns
[2021-11-03T04:53:05.131+0000][7][safepoint    ] Safepoint "Cleanup", Time since last: 1004615876 ns, Reaching safepoint: 617009 ns, At safepoint: 21196 ns, Total: 638205 ns
[2021-11-03T04:53:06.134+0000][7][safepoint    ] Safepoint "Cleanup", Time since last: 1003015295 ns, Reaching safepoint: 357337 ns, At safepoint: 6250 ns, Total: 363587 ns
[2021-11-03T04:53:07.138+0000][7][safepoint    ] Safepoint "Cleanup", Time since last: 1003553253 ns, Reaching safepoint: 396071 ns, At safepoint: 9875 ns, Total: 405946 ns
[2021-11-03T04:53:08.141+0000][7][safepoint    ] Safepoint "Cleanup", Time since last: 1002457859 ns, Reaching safepoint: 130512 ns, At safepoint: 3165 ns, Total: 133677 ns
[2021-11-03T04:53:09.144+0000][7][safepoint    ] Safepoint "Cleanup", Time since last: 1002903588 ns, Reaching safepoint: 403301 ns, At safepoint: 177822 ns, Total: 581123 ns
[2021-11-03T04:53:10.147+0000][7][safepoint    ] Safepoint "Cleanup", Time since last: 1002758323 ns, Reaching safepoint: 473200 ns, At safepoint: 32414 ns, Total: 505614 ns
[2021-11-03T04:53:11.159+0000][7][safepoint    ] Safepoint "Cleanup", Time since last: 1011238812 ns, Reaching safepoint: 125558 ns, At safepoint: 3189 ns, Total: 128747 ns
[2021-11-03T04:53:12.162+0000][7][safepoint    ] Safepoint "Cleanup", Time since last: 1003206286 ns, Reaching safepoint: 180426 ns, At safepoint: 6991 ns, Total: 187417 ns
[2021-11-03T04:53:13.168+0000][7][safepoint    ] Safepoint "Cleanup", Time since last: 1005133762 ns, Reaching safepoint: 224436 ns, At safepoint: 7212 ns, Total: 231648 ns
[2021-11-03T04:53:14.174+0000][7][safepoint    ] Safepoint "Cleanup", Time since last: 1005759285 ns, Reaching safepoint: 180389 ns, At safepoint: 7297 ns, Total: 187686 ns
[2021-11-03T04:53:15.181+0000][7][safepoint    ] Safepoint "Cleanup", Time since last: 1007456545 ns, Reaching safepoint: 182857 ns, At safepoint: 6412 ns, Total: 189269 ns
[2021-11-03T04:53:16.184+0000][7][safepoint    ] Safepoint "Cleanup", Time since last: 1003030533 ns, Reaching safepoint: 238171 ns, At safepoint: 6459 ns, Total: 244630 ns
[2021-11-03T04:53:17.187+0000][7][safepoint    ] Safepoint "Cleanup", Time since last: 1002490656 ns, Reaching safepoint: 167112 ns, At safepoint: 6414 ns, Total: 173526 ns
[2021-11-03T04:53:18.190+0000][7][safepoint    ] Safepoint "Cleanup", Time since last: 1002290981 ns, Reaching safepoint: 310283 ns, At safepoint: 12067 ns, Total: 322350 ns
[2021-11-03T04:53:19.193+0000][7][safepoint    ] Safepoint "Cleanup", Time since last: 1003041078 ns, Reaching safepoint: 473431 ns, At safepoint: 11649 ns, Total: 485080 ns
[2021-11-03T04:53:20.199+0000][7][safepoint    ] Safepoint "Cleanup", Time since last: 1005218062 ns, Reaching safepoint: 383882 ns, At safepoint: 18598 ns, Total: 402480 ns
[2021-11-03T04:53:21.202+0000][7][safepoint    ] Safepoint "Cleanup", Time since last: 1002833864 ns, Reaching safepoint: 123020 ns, At safepoint: 2453 ns, Total: 125473 ns
[2021-11-03T04:53:22.203+0000][7][safepoint    ] Safepoint "Cleanup", Time since last: 1001081877 ns, Reaching safepoint: 399605 ns, At safepoint: 6511 ns, Total: 406116 ns
[2021-11-03T04:53:23.207+0000][7][safepoint    ] Safepoint "Cleanup", Time since last: 1002972588 ns, Reaching safepoint: 317805 ns, At safepoint: 10822 ns, Total: 328627 ns
[2021-11-03T04:53:24.210+0000][7][safepoint    ] Safepoint "Cleanup", Time since last: 1002653466 ns, Reaching safepoint: 315205 ns, At safepoint: 10514 ns, Total: 325719 ns
[2021-11-03T04:53:25.220+0000][7][safepoint    ] Safepoint "Cleanup", Time since last: 1010222253 ns, Reaching safepoint: 525884 ns, At safepoint: 17711 ns, Total: 543595 ns
[2021-11-03T04:53:26.223+0000][7][safepoint    ] Safepoint "Cleanup", Time since last: 1002240397 ns, Reaching safepoint: 442181 ns, At safepoint: 11739 ns, Total: 453920 ns
[2021-11-03T04:53:27.227+0000][7][safepoint    ] Safepoint "Cleanup", Time since last: 1003210737 ns, Reaching safepoint: 605122 ns, At safepoint: 224412 ns, Total: 829534 ns
[2021-11-03T04:53:28.232+0000][7][safepoint    ] Safepoint "Cleanup", Time since last: 1004821257 ns, Reaching safepoint: 321617 ns, At safepoint: 11415 ns, Total: 333032 ns
[2021-11-03T04:53:29.238+0000][7][safepoint    ] Safepoint "Cleanup", Time since last: 1006021777 ns, Reaching safepoint: 203684 ns, At safepoint: 7885 ns, Total: 211569 ns
[2021-11-03T04:53:30.241+0000][7][safepoint    ] Safepoint "Cleanup", Time since last: 1002616143 ns, Reaching safepoint: 89409 ns, At safepoint: 2867 ns, Total: 92276 ns
[2021-11-03T04:53:31.248+0000][7][safepoint    ] Safepoint "Cleanup", Time since last: 1006234909 ns, Reaching safepoint: 296637 ns, At safepoint: 9396 ns, Total: 306033 ns
[2021-11-03T04:53:32.255+0000][7][safepoint    ] Safepoint "Cleanup", Time since last: 1007402265 ns, Reaching safepoint: 248065 ns, At safepoint: 10051 ns, Total: 258116 ns
[2021-11-03T04:53:33.263+0000][7][safepoint    ] Safepoint "Cleanup", Time since last: 1007212825 ns, Reaching safepoint: 293160 ns, At safepoint: 30516 ns, Total: 323676 ns
[2021-11-03T04:53:34.248+0000][7][safepoint    ] Safepoint "Cleanup", Time since last: 1005850351 ns, Reaching safepoint: 450704 ns, At safepoint: 7480 ns, Total: 458184 ns
[2021-11-03T04:53:35.254+0000][7][safepoint    ] Safepoint "Cleanup", Time since last: 1005376279 ns, Reaching safepoint: 430489 ns, At safepoint: 9359 ns, Total: 439848 ns
[2021-11-03T04:53:36.257+0000][7][safepoint    ] Safepoint "Cleanup", Time since last: 1002542948 ns, Reaching safepoint: 247193 ns, At safepoint: 6812 ns, Total: 254005 ns
[2021-11-03T04:53:37.268+0000][7][safepoint    ] Safepoint "Cleanup", Time since last: 1011128853 ns, Reaching safepoint: 147809 ns, At safepoint: 37392 ns, Total: 185201 ns
[2021-11-03T04:53:38.273+0000][7][safepoint    ] Safepoint "Cleanup", Time since last: 1004521772 ns, Reaching safepoint: 218164 ns, At safepoint: 11638 ns, Total: 229802 ns
[2021-11-03T04:53:39.276+0000][7][safepoint    ] Safepoint "Cleanup", Time since last: 1002505297 ns, Reaching safepoint: 394166 ns, At safepoint: 9731 ns, Total: 403897 ns
[2021-11-03T04:53:40.279+0000][7][safepoint    ] Safepoint "Cleanup", Time since last: 1002303928 ns, Reaching safepoint: 334169 ns, At safepoint: 7356 ns, Total: 341525 ns
[2021-11-03T04:53:41.281+0000][7][safepoint    ] Safepoint "Cleanup", Time since last: 1002234417 ns, Reaching safepoint: 391517 ns, At safepoint: 11187 ns, Total: 402704 ns
[2021-11-03T04:53:42.284+0000][7][safepoint    ] Safepoint "Cleanup", Time since last: 1002484302 ns, Reaching safepoint: 230249 ns, At safepoint: 7010 ns, Total: 237259 ns
[2021-11-03T04:53:43.287+0000][7][safepoint    ] Safepoint "Cleanup", Time since last: 1002507332 ns, Reaching safepoint: 380232 ns, At safepoint: 8753 ns, Total: 388985 ns
[2021-11-03T04:53:44.294+0000][7][safepoint    ] Safepoint "Cleanup", Time since last: 1006558724 ns, Reaching safepoint: 166729 ns, At safepoint: 76155 ns, Total: 242884 ns
[2021-11-03T04:53:45.297+0000][7][safepoint    ] Safepoint "Cleanup", Time since last: 1003497199 ns, Reaching safepoint: 214774 ns, At safepoint: 10234 ns, Total: 225008 ns
[2021-11-03T04:53:46.301+0000][7][safepoint    ] Safepoint "Cleanup", Time since last: 1003054394 ns, Reaching safepoint: 239204 ns, At safepoint: 6293 ns, Total: 245497 ns
[2021-11-03T04:53:47.304+0000][7][safepoint    ] Safepoint "Cleanup", Time since last: 1003072369 ns, Reaching safepoint: 286839 ns, At safepoint: 6500 ns, Total: 293339 ns
[2021-11-03T04:53:48.309+0000][7][safepoint    ] Safepoint "Cleanup", Time since last: 1004454185 ns, Reaching safepoint: 238191 ns, At safepoint: 7041 ns, Total: 245232 ns
[2021-11-03T04:53:49.313+0000][7][safepoint    ] Safepoint "Cleanup", Time since last: 1003394945 ns, Reaching safepoint: 307288 ns, At safepoint: 8993 ns, Total: 316281 ns
[2021-11-03T04:53:50.322+0000][7][safepoint    ] Safepoint "Cleanup", Time since last: 1008757397 ns, Reaching safepoint: 166707 ns, At safepoint: 6235 ns, Total: 172942 ns
[2021-11-03T04:53:51.332+0000][7][safepoint    ] Safepoint "Cleanup", Time since last: 1010406642 ns, Reaching safepoint: 153573 ns, At safepoint: 12019 ns, Total: 165592 ns
[2021-11-03T04:53:52.335+0000][7][safepoint    ] Safepoint "Cleanup", Time since last: 1002665072 ns, Reaching safepoint: 198630 ns, At safepoint: 7726 ns, Total: 206356 ns
[2021-11-03T04:53:53.338+0000][7][safepoint    ] Safepoint "Cleanup", Time since last: 1002628922 ns, Reaching safepoint: 169963 ns, At safepoint: 7008 ns, Total: 176971 ns
[2021-11-03T04:53:54.340+0000][7][safepoint    ] Safepoint "Cleanup", Time since last: 1002302633 ns, Reaching safepoint: 339932 ns, At safepoint: 7967 ns, Total: 347899 ns
[2021-11-03T04:53:55.345+0000][7][safepoint    ] Safepoint "Cleanup", Time since last: 1004616481 ns, Reaching safepoint: 324418 ns, At safepoint: 10228 ns, Total: 334646 ns
[2021-11-03T04:53:56.348+0000][7][safepoint    ] Safepoint "Cleanup", Time since last: 1002451460 ns, Reaching safepoint: 313354 ns, At safepoint: 11322 ns, Total: 324676 ns
[2021-11-03T04:53:57.351+0000][7][safepoint    ] Safepoint "Cleanup", Time since last: 1002999688 ns, Reaching safepoint: 334875 ns, At safepoint: 6716 ns, Total: 341591 ns
[2021-11-03T04:53:58.356+0000][7][safepoint    ] Safepoint "Cleanup", Time since last: 1004467640 ns, Reaching safepoint: 413836 ns, At safepoint: 21511 ns, Total: 435347 ns
[2021-11-03T04:53:59.360+0000][7][safepoint    ] Safepoint "Cleanup", Time since last: 1003001911 ns, Reaching safepoint: 204173 ns, At safepoint: 12306 ns, Total: 216479 ns
[2021-11-03T04:54:00.367+0000][7][safepoint    ] Safepoint "Cleanup", Time since last: 1006933996 ns, Reaching safepoint: 181225 ns, At safepoint: 7009 ns, Total: 188234 ns
[2021-11-03T04:54:01.377+0000][7][safepoint    ] Safepoint "Cleanup", Time since last: 1009973609 ns, Reaching safepoint: 244744 ns, At safepoint: 8109 ns, Total: 252853 ns
[2021-11-03T04:54:02.380+0000][7][safepoint    ] Safepoint "Cleanup", Time since last: 1002439020 ns, Reaching safepoint: 174443 ns, At safepoint: 6184 ns, Total: 180627 ns
[2021-11-03T04:54:03.383+0000][7][safepoint    ] Safepoint "Cleanup", Time since last: 1002854617 ns, Reaching safepoint: 170939 ns, At safepoint: 6054 ns, Total: 176993 ns
[2021-11-03T04:54:04.365+0000][7][safepoint    ] Safepoint "Cleanup", Time since last: 1003359802 ns, Reaching safepoint: 179340 ns, At safepoint: 6627 ns, Total: 185967 ns
[2021-11-03T04:54:05.373+0000][7][safepoint    ] Safepoint "Cleanup", Time since last: 1007818007 ns, Reaching safepoint: 224507 ns, At safepoint: 9036 ns, Total: 233543 ns
[2021-11-03T04:54:06.375+0000][7][safepoint    ] Safepoint "Cleanup", Time since last: 1002342303 ns, Reaching safepoint: 114731 ns, At safepoint: 4045 ns, Total: 118776 ns
[2021-11-03T04:54:07.380+0000][7][safepoint    ] Safepoint "Cleanup", Time since last: 1004379871 ns, Reaching safepoint: 356659 ns, At safepoint: 7348 ns, Total: 364007 ns
[2021-11-03T04:54:09.328+0000][7][safepoint    ] Safepoint "Cleanup", Time since last: 1947675751 ns, Reaching safepoint: 339857 ns, At safepoint: 7915 ns, Total: 347772 ns
[2021-11-03T04:54:10.332+0000][7][safepoint    ] Safepoint "Cleanup", Time since last: 1003514685 ns, Reaching safepoint: 170853 ns, At safepoint: 6139 ns, Total: 176992 ns
[2021-11-03T04:54:11.335+0000][7][safepoint    ] Safepoint "Cleanup", Time since last: 1003331205 ns, Reaching safepoint: 168426 ns, At safepoint: 6275 ns, Total: 174701 ns
[2021-11-03T04:54:12.338+0000][7][safepoint    ] Safepoint "Cleanup", Time since last: 1002192849 ns, Reaching safepoint: 161303 ns, At safepoint: 5865 ns, Total: 167168 ns
[2021-11-03T04:54:13.341+0000][7][safepoint    ] Safepoint "Cleanup", Time since last: 1003134670 ns, Reaching safepoint: 271352 ns, At safepoint: 6246 ns, Total: 277598 ns
[2021-11-03T04:54:14.345+0000][7][safepoint    ] Safepoint "Cleanup", Time since last: 1003381418 ns, Reaching safepoint: 328139 ns, At safepoint: 7620 ns, Total: 335759 ns
[2021-11-03T04:54:15.347+0000][7][safepoint    ] Safepoint "Cleanup", Time since last: 1002097189 ns, Reaching safepoint: 169417 ns, At safepoint: 6497 ns, Total: 175914 ns
[2021-11-03T04:54:16.351+0000][7][safepoint    ] Safepoint "Cleanup", Time since last: 1003403478 ns, Reaching safepoint: 372096 ns, At safepoint: 51852 ns, Total: 423948 ns
[2021-11-03T04:54:17.359+0000][7][safepoint    ] Safepoint "Cleanup", Time since last: 1007260065 ns, Reaching safepoint: 283178 ns, At safepoint: 7083 ns, Total: 290261 ns
[2021-11-03T04:54:18.361+0000][7][safepoint    ] Safepoint "Cleanup", Time since last: 1001949283 ns, Reaching safepoint: 225497 ns, At safepoint: 6056 ns, Total: 231553 ns
[2021-11-03T04:54:19.363+0000][7][safepoint    ] Safepoint "Cleanup", Time since last: 1002514273 ns, Reaching safepoint: 233455 ns, At safepoint: 6003 ns, Total: 239458 ns
[2021-11-03T04:54:20.368+0000][7][safepoint    ] Safepoint "Cleanup", Time since last: 1004547578 ns, Reaching safepoint: 226578 ns, At safepoint: 6442 ns, Total: 233020 ns
[2021-11-03T04:54:21.372+0000][7][safepoint    ] Safepoint "Cleanup", Time since last: 1003858884 ns, Reaching safepoint: 233714 ns, At safepoint: 6872 ns, Total: 240586 ns
[2021-11-03T04:54:22.377+0000][7][safepoint    ] Safepoint "Cleanup", Time since last: 1004388353 ns, Reaching safepoint: 279842 ns, At safepoint: 7026 ns, Total: 286868 ns
[2021-11-03T04:54:23.384+0000][7][safepoint    ] Safepoint "Cleanup", Time since last: 1006204930 ns, Reaching safepoint: 324052 ns, At safepoint: 7455 ns, Total: 331507 ns
[2021-11-03T04:54:24.396+0000][7][safepoint    ] Safepoint "Cleanup", Time since last: 1012568007 ns, Reaching safepoint: 249435 ns, At safepoint: 7120 ns, Total: 256555 ns
[2021-11-03T04:54:25.406+0000][7][safepoint    ] Safepoint "Cleanup", Time since last: 1009047842 ns, Reaching safepoint: 416264 ns, At safepoint: 9400 ns, Total: 425664 ns
[2021-11-03T04:54:26.409+0000][7][safepoint    ] Safepoint "Cleanup", Time since last: 1002952211 ns, Reaching safepoint: 510763 ns, At safepoint: 12365 ns, Total: 523128 ns
[2021-11-03T04:54:27.414+0000][7][safepoint    ] Safepoint "Cleanup", Time since last: 1004132758 ns, Reaching safepoint: 253618 ns, At safepoint: 7807 ns, Total: 261425 ns
[2021-11-03T04:54:28.420+0000][7][safepoint    ] Safepoint "Cleanup", Time since last: 1005743451 ns, Reaching safepoint: 252160 ns, At safepoint: 7066 ns, Total: 259226 ns
[2021-11-03T04:54:29.428+0000][7][safepoint    ] Safepoint "Cleanup", Time since last: 1008367151 ns, Reaching safepoint: 239785 ns, At safepoint: 6786 ns, Total: 246571 ns
[2021-11-03T04:54:30.432+0000][7][safepoint    ] Safepoint "Cleanup", Time since last: 1003537971 ns, Reaching safepoint: 375473 ns, At safepoint: 6631 ns, Total: 382104 ns
[2021-11-03T04:54:31.435+0000][7][safepoint    ] Safepoint "Cleanup", Time since last: 1002778399 ns, Reaching safepoint: 219882 ns, At safepoint: 7627 ns, Total: 227509 ns
[2021-11-03T04:54:32.443+0000][7][safepoint    ] Safepoint "Cleanup", Time since last: 1007320158 ns, Reaching safepoint: 310397 ns, At safepoint: 122341 ns, Total: 432738 ns
[2021-11-03T04:54:33.446+0000][7][safepoint    ] Safepoint "Cleanup", Time since last: 1002574543 ns, Reaching safepoint: 282647 ns, At safepoint: 6121 ns, Total: 288768 ns
[2021-11-03T04:54:34.429+0000][7][safepoint    ] Safepoint "Cleanup", Time since last: 1003649919 ns, Reaching safepoint: 293122 ns, At safepoint: 6932 ns, Total: 300054 ns
[2021-11-03T04:54:35.432+0000][7][safepoint    ] Safepoint "Cleanup", Time since last: 1003029837 ns, Reaching safepoint: 380163 ns, At safepoint: 6571 ns, Total: 386734 ns
[2021-11-03T04:54:36.436+0000][7][safepoint    ] Safepoint "Cleanup", Time since last: 1002914347 ns, Reaching safepoint: 292003 ns, At safepoint: 6883 ns, Total: 298886 ns
[2021-11-03T04:54:37.441+0000][7][safepoint    ] Safepoint "Cleanup", Time since last: 1005790172 ns, Reaching safepoint: 130621 ns, At safepoint: 4927 ns, Total: 135548 ns
[2021-11-03T04:54:38.444+0000][7][safepoint    ] Safepoint "Cleanup", Time since last: 1002051700 ns, Reaching safepoint: 182135 ns, At safepoint: 5990 ns, Total: 188125 ns
[2021-11-03T04:54:39.448+0000][7][safepoint    ] Safepoint "Cleanup", Time since last: 1004594196 ns, Reaching safepoint: 174534 ns, At safepoint: 6384 ns, Total: 180918 ns
[2021-11-03T04:54:40.452+0000][7][safepoint    ] Safepoint "Cleanup", Time since last: 1003210876 ns, Reaching safepoint: 172299 ns, At safepoint: 6368 ns, Total: 178667 ns
[2021-11-03T04:54:41.455+0000][7][safepoint    ] Safepoint "Cleanup", Time since last: 1002669010 ns, Reaching safepoint: 393440 ns, At safepoint: 8037 ns, Total: 401477 ns
[2021-11-03T04:54:42.461+0000][7][safepoint    ] Safepoint "Cleanup", Time since last: 1005672611 ns, Reaching safepoint: 233431 ns, At safepoint: 6966 ns, Total: 240397 ns
[2021-11-03T04:54:43.468+0000][7][safepoint    ] Safepoint "Cleanup", Time since last: 1006150256 ns, Reaching safepoint: 713527 ns, At safepoint: 24575 ns, Total: 738102 ns
[2021-11-03T04:54:44.474+0000][7][safepoint    ] Safepoint "Cleanup", Time since last: 1005401967 ns, Reaching safepoint: 377607 ns, At safepoint: 10369 ns, Total: 387976 ns
[2021-11-03T04:54:45.479+0000][7][safepoint    ] Safepoint "Cleanup", Time since last: 1005640069 ns, Reaching safepoint: 221724 ns, At safepoint: 6588 ns, Total: 228312 ns
[2021-11-03T04:54:46.485+0000][7][safepoint    ] Safepoint "Cleanup", Time since last: 1005020421 ns, Reaching safepoint: 227118 ns, At safepoint: 6290 ns, Total: 233408 ns
[2021-11-03T04:54:47.489+0000][7][safepoint    ] Safepoint "Cleanup", Time since last: 1004422498 ns, Reaching safepoint: 230813 ns, At safepoint: 6924 ns, Total: 237737 ns
[2021-11-03T04:54:48.492+0000][7][safepoint    ] Safepoint "Cleanup", Time since last: 1002184309 ns, Reaching safepoint: 364984 ns, At safepoint: 65907 ns, Total: 430891 ns
[2021-11-03T04:54:49.496+0000][7][safepoint    ] Safepoint "Cleanup", Time since last: 1003687930 ns, Reaching safepoint: 462355 ns, At safepoint: 9037 ns, Total: 471392 ns
[2021-11-03T04:54:50.507+0000][7][safepoint    ] Safepoint "Cleanup", Time since last: 1010585766 ns, Reaching safepoint: 421319 ns, At safepoint: 10577 ns, Total: 431896 ns
[2021-11-03T04:54:51.520+0000][7][safepoint    ] Safepoint "Cleanup", Time since last: 1012228755 ns, Reaching safepoint: 287628 ns, At safepoint: 6620 ns, Total: 294248 ns
[2021-11-03T04:54:52.526+0000][7][safepoint    ] Safepoint "Cleanup", Time since last: 1005894963 ns, Reaching safepoint: 240841 ns, At safepoint: 7300 ns, Total: 248141 ns
[2021-11-03T04:54:53.536+0000][7][safepoint    ] Safepoint "Cleanup", Time since last: 1010303317 ns, Reaching safepoint: 272061 ns, At safepoint: 7089 ns, Total: 279150 ns
[2021-11-03T04:54:54.544+0000][7][safepoint    ] Safepoint "Cleanup", Time since last: 1007017578 ns, Reaching safepoint: 256278 ns, At safepoint: 7572 ns, Total: 263850 ns
[2021-11-03T04:54:55.553+0000][7][safepoint    ] Safepoint "Cleanup", Time since last: 1008783505 ns, Reaching safepoint: 170362 ns, At safepoint: 6219 ns, Total: 176581 ns
[2021-11-03T04:54:56.563+0000][7][safepoint    ] Safepoint "Cleanup", Time since last: 1010226451 ns, Reaching safepoint: 418491 ns, At safepoint: 8706 ns, Total: 427197 ns
[2021-11-03T04:54:57.567+0000][7][safepoint    ] Safepoint "Cleanup", Time since last: 1003995326 ns, Reaching safepoint: 169849 ns, At safepoint: 6554 ns, Total: 176403 ns
[2021-11-03T04:54:58.575+0000][7][safepoint    ] Safepoint "Cleanup", Time since last: 1006997322 ns, Reaching safepoint: 184498 ns, At safepoint: 6870 ns, Total: 191368 ns
[2021-11-03T04:54:59.579+0000][7][safepoint    ] Safepoint "Cleanup", Time since last: 1004494225 ns, Reaching safepoint: 165283 ns, At safepoint: 6437 ns, Total: 171720 ns
[2021-11-03T04:55:00.592+0000][7][safepoint    ] Safepoint "Cleanup", Time since last: 1012964095 ns, Reaching safepoint: 233732 ns, At safepoint: 4376 ns, Total: 238108 ns
[2021-11-03T04:55:01.599+0000][7][safepoint    ] Safepoint "Cleanup", Time since last: 1006502741 ns, Reaching safepoint: 301704 ns, At safepoint: 6302 ns, Total: 308006 ns
[2021-11-03T04:55:02.604+0000][7][safepoint    ] Safepoint "Cleanup", Time since last: 1004788825 ns, Reaching safepoint: 234974 ns, At safepoint: 6483 ns, Total: 241457 ns
[2021-11-03T04:55:03.607+0000][7][safepoint    ] Safepoint "Cleanup", Time since last: 1002848163 ns, Reaching safepoint: 232627 ns, At safepoint: 6446 ns, Total: 239073 ns
[2021-11-03T04:55:04.591+0000][7][safepoint    ] Safepoint "Cleanup", Time since last: 1003864550 ns, Reaching safepoint: 202899 ns, At safepoint: 8552 ns, Total: 211451 ns
[2021-11-03T04:55:05.600+0000][7][safepoint    ] Safepoint "Cleanup", Time since last: 1008721623 ns, Reaching safepoint: 306741 ns, At safepoint: 78526 ns, Total: 385267 ns
[2021-11-03T04:55:06.603+0000][7][safepoint    ] Safepoint "Cleanup", Time since last: 1002648004 ns, Reaching safepoint: 298243 ns, At safepoint: 6017 ns, Total: 304260 ns
[2021-11-03T04:55:07.607+0000][7][safepoint    ] Safepoint "Cleanup", Time since last: 1004255082 ns, Reaching safepoint: 298548 ns, At safepoint: 6103 ns, Total: 304651 ns
[2021-11-03T04:55:08.612+0000][7][safepoint    ] Safepoint "Cleanup", Time since last: 1004986900 ns, Reaching safepoint: 190924 ns, At safepoint: 3580 ns, Total: 194504 ns
[2021-11-03T04:55:09.616+0000][7][safepoint    ] Safepoint "Cleanup", Time since last: 1003439540 ns, Reaching safepoint: 170173 ns, At safepoint: 5932 ns, Total: 176105 ns
[2021-11-03T04:55:10.627+0000][7][safepoint    ] Safepoint "Cleanup", Time since last: 1010594105 ns, Reaching safepoint: 153521 ns, At safepoint: 6227 ns, Total: 159748 ns
[2021-11-03T04:55:11.635+0000][7][safepoint    ] Safepoint "Cleanup", Time since last: 1008016718 ns, Reaching safepoint: 234334 ns, At safepoint: 7103 ns, Total: 241437 ns
[2021-11-03T04:55:12.639+0000][7][safepoint    ] Safepoint "Cleanup", Time since last: 1004194191 ns, Reaching safepoint: 231933 ns, At safepoint: 6402 ns, Total: 238335 ns
[2021-11-03T04:55:13.643+0000][7][safepoint    ] Safepoint "Cleanup", Time since last: 1003456206 ns, Reaching safepoint: 272865 ns, At safepoint: 6612 ns, Total: 279477 ns
[2021-11-03T04:55:14.646+0000][7][safepoint    ] Safepoint "Cleanup", Time since last: 1002628047 ns, Reaching safepoint: 238558 ns, At safepoint: 7119 ns, Total: 245677 ns
[2021-11-03T04:55:15.651+0000][7][safepoint    ] Safepoint "Cleanup", Time since last: 1004347412 ns, Reaching safepoint: 288498 ns, At safepoint: 6804 ns, Total: 295302 ns
[2021-11-03T04:55:16.663+0000][7][safepoint    ] Safepoint "Cleanup", Time since last: 1011484377 ns, Reaching safepoint: 289024 ns, At safepoint: 6818 ns, Total: 295842 ns
[2021-11-03T04:55:17.668+0000][7][safepoint    ] Safepoint "Cleanup", Time since last: 1004806486 ns, Reaching safepoint: 287852 ns, At safepoint: 6561 ns, Total: 294413 ns
[2021-11-03T04:55:18.674+0000][7][safepoint    ] Safepoint "Cleanup", Time since last: 1005429576 ns, Reaching safepoint: 494537 ns, At safepoint: 10889 ns, Total: 505426 ns
[2021-11-03T04:55:19.678+0000][7][safepoint    ] Safepoint "Cleanup", Time since last: 1004113895 ns, Reaching safepoint: 350242 ns, At safepoint: 6555 ns, Total: 356797 ns
[2021-11-03T04:55:20.683+0000][7][safepoint    ] Safepoint "Cleanup", Time since last: 1004995383 ns, Reaching safepoint: 366175 ns, At safepoint: 9542 ns, Total: 375717 ns
[2021-11-03T04:55:21.687+0000][7][safepoint    ] Safepoint "Cleanup", Time since last: 1002993218 ns, Reaching safepoint: 442793 ns, At safepoint: 9538 ns, Total: 452331 ns
[2021-11-03T04:55:22.689+0000][7][safepoint    ] Safepoint "Cleanup", Time since last: 1002052469 ns, Reaching safepoint: 343302 ns, At safepoint: 13124 ns, Total: 356426 ns
[2021-11-03T04:55:23.698+0000][7][safepoint    ] Safepoint "Cleanup", Time since last: 1008267161 ns, Reaching safepoint: 277175 ns, At safepoint: 4808 ns, Total: 281983 ns
[2021-11-03T04:55:24.706+0000][7][safepoint    ] Safepoint "Cleanup", Time since last: 1007895935 ns, Reaching safepoint: 201810 ns, At safepoint: 6867 ns, Total: 208677 ns
[2021-11-03T04:55:25.711+0000][7][safepoint    ] Safepoint "Cleanup", Time since last: 1004906040 ns, Reaching safepoint: 165614 ns, At safepoint: 7442 ns, Total: 173056 ns
[2021-11-03T04:55:26.717+0000][7][safepoint    ] Safepoint "Cleanup", Time since last: 1005355881 ns, Reaching safepoint: 296878 ns, At safepoint: 9995 ns, Total: 306873 ns
[2021-11-03T04:55:27.720+0000][7][safepoint    ] Safepoint "Cleanup", Time since last: 1003045510 ns, Reaching safepoint: 307744 ns, At safepoint: 10020 ns, Total: 317764 ns
[2021-11-03T04:55:28.723+0000][7][safepoint    ] Safepoint "Cleanup", Time since last: 1002975320 ns, Reaching safepoint: 345219 ns, At safepoint: 7899 ns, Total: 353118 ns
[2021-11-03T04:55:29.729+0000][7][safepoint    ] Safepoint "Cleanup", Time since last: 1005896835 ns, Reaching safepoint: 228179 ns, At safepoint: 6947 ns, Total: 235126 ns
[2021-11-03T04:55:30.733+0000][7][safepoint    ] Safepoint "Cleanup", Time since last: 1002809632 ns, Reaching safepoint: 415655 ns, At safepoint: 9359 ns, Total: 425014 ns
[2021-11-03T04:55:31.740+0000][7][safepoint    ] Safepoint "Cleanup", Time since last: 1006718597 ns, Reaching safepoint: 166104 ns, At safepoint: 5889 ns, Total: 171993 ns
[2021-11-03T04:55:32.747+0000][7][safepoint    ] Safepoint "Cleanup", Time since last: 1006783989 ns, Reaching safepoint: 229659 ns, At safepoint: 6768 ns, Total: 236427 ns
[2021-11-03T04:55:33.756+0000][7][safepoint    ] Safepoint "Cleanup", Time since last: 1009396896 ns, Reaching safepoint: 429503 ns, At safepoint: 17661 ns, Total: 447164 ns
[2021-11-03T04:55:34.739+0000][7][safepoint    ] Safepoint "Cleanup", Time since last: 1003522571 ns, Reaching safepoint: 368587 ns, At safepoint: 9476 ns, Total: 378063 ns
[2021-11-03T04:55:35.744+0000][7][safepoint    ] Safepoint "Cleanup", Time since last: 1004787675 ns, Reaching safepoint: 238509 ns, At safepoint: 6971 ns, Total: 245480 ns
[2021-11-03T04:55:36.747+0000][7][safepoint    ] Safepoint "Cleanup", Time since last: 1002434872 ns, Reaching safepoint: 428683 ns, At safepoint: 8219 ns, Total: 436902 ns
[2021-11-03T04:55:37.752+0000][7][safepoint    ] Safepoint "Cleanup", Time since last: 1004272020 ns, Reaching safepoint: 208126 ns, At safepoint: 4061 ns, Total: 212187 ns
[2021-11-03T04:55:38.755+0000][7][safepoint    ] Safepoint "Cleanup", Time since last: 1002942337 ns, Reaching safepoint: 345467 ns, At safepoint: 11353 ns, Total: 356820 ns
[2021-11-03T04:55:39.758+0000][7][safepoint    ] Safepoint "Cleanup", Time since last: 1002611855 ns, Reaching safepoint: 245044 ns, At safepoint: 6839 ns, Total: 251883 ns
[2021-11-03T04:55:40.768+0000][7][safepoint    ] Safepoint "Cleanup", Time since last: 1010266285 ns, Reaching safepoint: 371179 ns, At safepoint: 9280 ns, Total: 380459 ns
[2021-11-03T04:55:41.771+0000][7][safepoint    ] Safepoint "Cleanup", Time since last: 1002676663 ns, Reaching safepoint: 302802 ns, At safepoint: 10911 ns, Total: 313713 ns
[2021-11-03T04:55:42.774+0000][7][safepoint    ] Safepoint "Cleanup", Time since last: 1002426605 ns, Reaching safepoint: 439708 ns, At safepoint: 7086 ns, Total: 446794 ns
[2021-11-03T04:55:43.777+0000][7][safepoint    ] Safepoint "Cleanup", Time since last: 1002313546 ns, Reaching safepoint: 274305 ns, At safepoint: 3666 ns, Total: 277971 ns
[2021-11-03T04:55:44.778+0000][7][safepoint    ] Safepoint "Cleanup", Time since last: 1001138916 ns, Reaching safepoint: 162359 ns, At safepoint: 6596 ns, Total: 168955 ns
[2021-11-03T04:55:45.780+0000][7][safepoint    ] Safepoint "Cleanup", Time since last: 1001685614 ns, Reaching safepoint: 298267 ns, At safepoint: 8287 ns, Total: 306554 ns
[2021-11-03T04:55:46.784+0000][7][safepoint    ] Safepoint "Cleanup", Time since last: 1003416927 ns, Reaching safepoint: 318134 ns, At safepoint: 11488 ns, Total: 329622 ns
[2021-11-03T04:55:47.796+0000][7][safepoint    ] Safepoint "Cleanup", Time since last: 1011390778 ns, Reaching safepoint: 368541 ns, At safepoint: 97106 ns, Total: 465647 ns
[2021-11-03T04:55:48.800+0000][7][safepoint    ] Safepoint "Cleanup", Time since last: 1003506419 ns, Reaching safepoint: 480704 ns, At safepoint: 10336 ns, Total: 491040 ns
[2021-11-03T04:55:49.803+0000][7][safepoint    ] Safepoint "Cleanup", Time since last: 1002783201 ns, Reaching safepoint: 261862 ns, At safepoint: 4467 ns, Total: 266329 ns
[2021-11-03T04:55:50.807+0000][7][safepoint    ] Safepoint "Cleanup", Time since last: 1004380210 ns, Reaching safepoint: 224779 ns, At safepoint: 8540 ns, Total: 233319 ns
[2021-11-03T04:55:51.809+0000][7][safepoint    ] Safepoint "Cleanup", Time since last: 1001831847 ns, Reaching safepoint: 185408 ns, At safepoint: 4889 ns, Total: 190297 ns
[2021-11-03T04:55:52.817+0000][7][safepoint    ] Safepoint "Cleanup", Time since last: 1007199639 ns, Reaching safepoint: 193936 ns, At safepoint: 8742 ns, Total: 202678 ns
[2021-11-03T04:55:53.823+0000][7][safepoint    ] Safepoint "Cleanup", Time since last: 1005941423 ns, Reaching safepoint: 132509 ns, At safepoint: 4647 ns, Total: 137156 ns
[2021-11-03T04:55:54.825+0000][7][safepoint    ] Safepoint "Cleanup", Time since last: 1002164092 ns, Reaching safepoint: 180742 ns, At safepoint: 5125 ns, Total: 185867 ns
[2021-11-03T04:55:55.830+0000][7][safepoint    ] Safepoint "Cleanup", Time since last: 1004319136 ns, Reaching safepoint: 183697 ns, At safepoint: 4638 ns, Total: 188335 ns
[2021-11-03T04:55:56.832+0000][7][safepoint    ] Safepoint "Cleanup", Time since last: 1002061475 ns, Reaching safepoint: 171960 ns, At safepoint: 4273 ns, Total: 176233 ns
[2021-11-03T04:55:57.834+0000][7][safepoint    ] Safepoint "Cleanup", Time since last: 1001430202 ns, Reaching safepoint: 154370 ns, At safepoint: 4414 ns, Total: 158784 ns
[2021-11-03T04:55:58.837+0000][7][safepoint    ] Safepoint "Cleanup", Time since last: 1003253849 ns, Reaching safepoint: 323244 ns, At safepoint: 6824 ns, Total: 330068 ns
[2021-11-03T04:55:59.845+0000][7][safepoint    ] Safepoint "Cleanup", Time since last: 1007360978 ns, Reaching safepoint: 407318 ns, At safepoint: 8679 ns, Total: 415997 ns
[2021-11-03T04:56:00.848+0000][7][safepoint    ] Safepoint "Cleanup", Time since last: 1002893561 ns, Reaching safepoint: 248769 ns, At safepoint: 108392 ns, Total: 357161 ns
[2021-11-03T04:56:01.850+0000][7][safepoint    ] Safepoint "Cleanup", Time since last: 1002057301 ns, Reaching safepoint: 178801 ns, At safepoint: 6825 ns, Total: 185626 ns
[2021-11-03T04:56:02.853+0000][7][safepoint    ] Safepoint "Cleanup", Time since last: 1002542525 ns, Reaching safepoint: 172590 ns, At safepoint: 7754 ns, Total: 180344 ns
[2021-11-03T04:56:03.837+0000][7][safepoint    ] Safepoint "Cleanup", Time since last: 1004963297 ns, Reaching safepoint: 174657 ns, At safepoint: 5406 ns, Total: 180063 ns
[2021-11-03T04:56:04.846+0000][7][safepoint    ] Safepoint "Cleanup", Time since last: 1008481608 ns, Reaching safepoint: 169244 ns, At safepoint: 6492 ns, Total: 175736 ns
[2021-11-03T04:56:05.850+0000][7][safepoint    ] Safepoint "Cleanup", Time since last: 1003711949 ns, Reaching safepoint: 173874 ns, At safepoint: 4931 ns, Total: 178805 ns
[2021-11-03T04:56:06.853+0000][7][safepoint    ] Safepoint "Cleanup", Time since last: 1002588369 ns, Reaching safepoint: 175782 ns, At safepoint: 7140 ns, Total: 182922 ns
[2021-11-03T04:56:07.856+0000][7][safepoint    ] Safepoint "Cleanup", Time since last: 1003421867 ns, Reaching safepoint: 168812 ns, At safepoint: 6028 ns, Total: 174840 ns
[2021-11-03T04:56:08.859+0000][7][safepoint    ] Safepoint "Cleanup", Time since last: 1002678318 ns, Reaching safepoint: 344479 ns, At safepoint: 7273 ns, Total: 351752 ns
[2021-11-03T04:56:09.863+0000][7][safepoint    ] Safepoint "Cleanup", Time since last: 1003635791 ns, Reaching safepoint: 346568 ns, At safepoint: 6925 ns, Total: 353493 ns
[2021-11-03T04:56:10.866+0000][7][safepoint    ] Safepoint "Cleanup", Time since last: 1002331452 ns, Reaching safepoint: 170678 ns, At safepoint: 6355 ns, Total: 177033 ns
[2021-11-03T04:56:11.868+0000][7][safepoint    ] Safepoint "Cleanup", Time since last: 1002296956 ns, Reaching safepoint: 192384 ns, At safepoint: 6728 ns, Total: 199112 ns
[2021-11-03T04:56:12.872+0000][7][safepoint    ] Safepoint "Cleanup", Time since last: 1003937000 ns, Reaching safepoint: 166501 ns, At safepoint: 6666 ns, Total: 173167 ns
[2021-11-03T04:56:13.878+0000][7][safepoint    ] Safepoint "Cleanup", Time since last: 1004478013 ns, Reaching safepoint: 653114 ns, At safepoint: 18577 ns, Total: 671691 ns
[2021-11-03T04:56:14.881+0000][7][safepoint    ] Safepoint "Cleanup", Time since last: 1002883256 ns, Reaching safepoint: 256956 ns, At safepoint: 9335 ns, Total: 266291 ns
[2021-11-03T04:56:15.884+0000][7][safepoint    ] Safepoint "Cleanup", Time since last: 1002859021 ns, Reaching safepoint: 242155 ns, At safepoint: 6359 ns, Total: 248514 ns
[2021-11-03T04:56:16.886+0000][7][safepoint    ] Safepoint "Cleanup", Time since last: 1002076003 ns, Reaching safepoint: 362797 ns, At safepoint: 7856 ns, Total: 370653 ns
[2021-11-03T04:56:17.890+0000][7][safepoint    ] Safepoint "Cleanup", Time since last: 1003305247 ns, Reaching safepoint: 238074 ns, At safepoint: 6845 ns, Total: 244919 ns
[2021-11-03T04:56:18.893+0000][7][safepoint    ] Safepoint "Cleanup", Time since last: 1002739580 ns, Reaching safepoint: 256281 ns, At safepoint: 7017 ns, Total: 263298 ns
[2021-11-03T04:56:19.897+0000][7][safepoint    ] Safepoint "Cleanup", Time since last: 1004309024 ns, Reaching safepoint: 213745 ns, At safepoint: 6213 ns, Total: 219958 ns
[2021-11-03T04:56:20.900+0000][7][safepoint    ] Safepoint "Cleanup", Time since last: 1002177012 ns, Reaching safepoint: 178066 ns, At safepoint: 6118 ns, Total: 184184 ns
[2021-11-03T04:56:21.903+0000][7][safepoint    ] Safepoint "Cleanup", Time since last: 1003320915 ns, Reaching safepoint: 160583 ns, At safepoint: 5015 ns, Total: 165598 ns
[2021-11-03T04:56:22.906+0000][7][safepoint    ] Safepoint "Cleanup", Time since last: 1002381999 ns, Reaching safepoint: 550262 ns, At safepoint: 23902 ns, Total: 574164 ns
[2021-11-03T04:56:23.910+0000][7][safepoint    ] Safepoint "Cleanup", Time since last: 1003951462 ns, Reaching safepoint: 249220 ns, At safepoint: 7153 ns, Total: 256373 ns
[2021-11-03T04:56:24.915+0000][7][safepoint    ] Safepoint "Cleanup", Time since last: 1004309891 ns, Reaching safepoint: 175734 ns, At safepoint: 6380 ns, Total: 182114 ns
[2021-11-03T04:56:25.918+0000][7][safepoint    ] Safepoint "Cleanup", Time since last: 1002800881 ns, Reaching safepoint: 166470 ns, At safepoint: 6337 ns, Total: 172807 ns
[2021-11-03T04:56:26.921+0000][7][safepoint    ] Safepoint "Cleanup", Time since last: 1003379048 ns, Reaching safepoint: 167217 ns, At safepoint: 6333 ns, Total: 173550 ns
[2021-11-03T04:56:27.924+0000][7][safepoint    ] Safepoint "Cleanup", Time since last: 1002361730 ns, Reaching safepoint: 233201 ns, At safepoint: 6814 ns, Total: 240015 ns
[2021-11-03T04:56:28.931+0000][7][safepoint    ] Safepoint "Cleanup", Time since last: 1006669321 ns, Reaching safepoint: 236081 ns, At safepoint: 7052 ns, Total: 243133 ns
[2021-11-03T04:56:29.938+0000][7][safepoint    ] Safepoint "Cleanup", Time since last: 1006722438 ns, Reaching safepoint: 226616 ns, At safepoint: 6509 ns, Total: 233125 ns
[2021-11-03T04:56:30.943+0000][7][safepoint    ] Safepoint "Cleanup", Time since last: 1004514353 ns, Reaching safepoint: 253053 ns, At safepoint: 6453 ns, Total: 259506 ns
[2021-11-03T04:56:31.956+0000][7][safepoint    ] Safepoint "Cleanup", Time since last: 1012847033 ns, Reaching safepoint: 170140 ns, At safepoint: 6549 ns, Total: 176689 ns
[2021-11-03T04:56:32.961+0000][7][safepoint    ] Safepoint "Cleanup", Time since last: 1005303279 ns, Reaching safepoint: 329595 ns, At safepoint: 8069 ns, Total: 337664 ns
[2021-11-03T04:56:33.943+0000][7][safepoint    ] Safepoint "Cleanup", Time since last: 1002348958 ns, Reaching safepoint: 174869 ns, At safepoint: 6270 ns, Total: 181139 ns
[2021-11-03T04:56:34.948+0000][7][safepoint    ] Safepoint "Cleanup", Time since last: 1004743709 ns, Reaching safepoint: 169066 ns, At safepoint: 6138 ns, Total: 175204 ns
[2021-11-03T04:56:35.951+0000][7][safepoint    ] Safepoint "Cleanup", Time since last: 1002967796 ns, Reaching safepoint: 167440 ns, At safepoint: 6179 ns, Total: 173619 ns
[2021-11-03T04:56:36.957+0000][7][safepoint    ] Safepoint "Cleanup", Time since last: 1006016418 ns, Reaching safepoint: 345170 ns, At safepoint: 7184 ns, Total: 352354 ns
[2021-11-03T04:56:38.730+0000][7][safepoint    ] Safepoint "Cleanup", Time since last: 1772793566 ns, Reaching safepoint: 299874 ns, At safepoint: 8772 ns, Total: 308646 ns
[2021-11-03T04:56:39.733+0000][7][safepoint    ] Safepoint "Cleanup", Time since last: 1002644856 ns, Reaching safepoint: 322208 ns, At safepoint: 6345 ns, Total: 328553 ns
[2021-11-03T04:56:40.735+0000][7][safepoint    ] Safepoint "Cleanup", Time since last: 1001942934 ns, Reaching safepoint: 140939 ns, At safepoint: 3251 ns, Total: 144190 ns
[2021-11-03T04:56:41.739+0000][7][safepoint    ] Safepoint "Cleanup", Time since last: 1002978677 ns, Reaching safepoint: 303118 ns, At safepoint: 9590 ns, Total: 312708 ns
[2021-11-03T04:56:42.743+0000][7][safepoint    ] Safepoint "Cleanup", Time since last: 1004161645 ns, Reaching safepoint: 225685 ns, At safepoint: 6157 ns, Total: 231842 ns
[2021-11-03T04:56:43.747+0000][7][safepoint    ] Safepoint "Cleanup", Time since last: 1003483555 ns, Reaching safepoint: 174275 ns, At safepoint: 6496 ns, Total: 180771 ns
[2021-11-03T04:56:44.750+0000][7][safepoint    ] Safepoint "Cleanup", Time since last: 1002735436 ns, Reaching safepoint: 347612 ns, At safepoint: 7698 ns, Total: 355310 ns
[2021-11-03T04:56:45.756+0000][7][safepoint    ] Safepoint "Cleanup", Time since last: 1006146854 ns, Reaching safepoint: 244439 ns, At safepoint: 7613 ns, Total: 252052 ns
[2021-11-03T04:56:46.759+0000][7][safepoint    ] Safepoint "Cleanup", Time since last: 1002855242 ns, Reaching safepoint: 317283 ns, At safepoint: 13416 ns, Total: 330699 ns
[2021-11-03T04:56:47.762+0000][7][safepoint    ] Safepoint "Cleanup", Time since last: 1002273807 ns, Reaching safepoint: 291146 ns, At safepoint: 8174 ns, Total: 299320 ns
[2021-11-03T04:56:48.765+0000][7][safepoint    ] Safepoint "Cleanup", Time since last: 1002522080 ns, Reaching safepoint: 135576 ns, At safepoint: 3226 ns, Total: 138802 ns
[2021-11-03T04:56:49.768+0000][7][safepoint    ] Safepoint "Cleanup", Time since last: 1002670195 ns, Reaching safepoint: 531664 ns, At safepoint: 82205 ns, Total: 613869 ns
[2021-11-03T04:56:50.773+0000][7][safepoint    ] Safepoint "Cleanup", Time since last: 1004674616 ns, Reaching safepoint: 779696 ns, At safepoint: 77520 ns, Total: 857216 ns
[2021-11-03T04:56:51.777+0000][7][safepoint    ] Safepoint "Cleanup", Time since last: 1002751489 ns, Reaching safepoint: 583500 ns, At safepoint: 9476 ns, Total: 592976 ns
[2021-11-03T04:56:52.781+0000][7][safepoint    ] Safepoint "Cleanup", Time since last: 1003459619 ns, Reaching safepoint: 302648 ns, At safepoint: 69483 ns, Total: 372131 ns
[2021-11-03T04:56:53.784+0000][7][safepoint    ] Safepoint "Cleanup", Time since last: 1002818042 ns, Reaching safepoint: 407865 ns, At safepoint: 9851 ns, Total: 417716 ns
[2021-11-03T04:56:54.788+0000][7][safepoint    ] Safepoint "Cleanup", Time since last: 1003460544 ns, Reaching safepoint: 360242 ns, At safepoint: 8819 ns, Total: 369061 ns
[2021-11-03T04:56:55.791+0000][7][safepoint    ] Safepoint "Cleanup", Time since last: 1002934007 ns, Reaching safepoint: 418599 ns, At safepoint: 10608 ns, Total: 429207 ns
[2021-11-03T04:56:56.794+0000][7][safepoint    ] Safepoint "Cleanup", Time since last: 1002493060 ns, Reaching safepoint: 314216 ns, At safepoint: 11040 ns, Total: 325256 ns
[2021-11-03T04:56:57.798+0000][7][safepoint    ] Safepoint "Cleanup", Time since last: 1003619103 ns, Reaching safepoint: 294491 ns, At safepoint: 8216 ns, Total: 302707 ns
[2021-11-03T04:56:58.801+0000][7][safepoint    ] Safepoint "Cleanup", Time since last: 1002730215 ns, Reaching safepoint: 449224 ns, At safepoint: 167589 ns, Total: 616813 ns
[2021-11-03T04:56:59.809+0000][7][safepoint    ] Safepoint "Cleanup", Time since last: 1007257026 ns, Reaching safepoint: 172773 ns, At safepoint: 3556 ns, Total: 176329 ns
[2021-11-03T04:57:00.810+0000][7][safepoint    ] Safepoint "Cleanup", Time since last: 1001218979 ns, Reaching safepoint: 271753 ns, At safepoint: 5686 ns, Total: 277439 ns
[2021-11-03T04:57:01.812+0000][7][safepoint    ] Safepoint "Cleanup", Time since last: 1001467166 ns, Reaching safepoint: 465789 ns, At safepoint: 29848 ns, Total: 495637 ns
[2021-11-03T04:57:02.819+0000][7][safepoint    ] Safepoint "Cleanup", Time since last: 1006553355 ns, Reaching safepoint: 660223 ns, At safepoint: 72877 ns, Total: 733100 ns
[2021-11-03T04:57:03.806+0000][7][safepoint    ] Safepoint "Cleanup", Time since last: 1006503440 ns, Reaching safepoint: 510785 ns, At safepoint: 69724 ns, Total: 580509 ns
[2021-11-03T04:57:04.809+0000][7][safepoint    ] Safepoint "Cleanup", Time since last: 1002527761 ns, Reaching safepoint: 715100 ns, At safepoint: 20180 ns, Total: 735280 ns
[2021-11-03T04:57:05.818+0000][7][safepoint    ] Safepoint "Cleanup", Time since last: 1008819084 ns, Reaching safepoint: 380610 ns, At safepoint: 10408 ns, Total: 391018 ns
[2021-11-03T04:57:06.822+0000][7][safepoint    ] Safepoint "Cleanup", Time since last: 1002658459 ns, Reaching safepoint: 570607 ns, At safepoint: 65859 ns, Total: 636466 ns
[2021-11-03T04:57:07.825+0000][7][safepoint    ] Safepoint "Cleanup", Time since last: 1003459741 ns, Reaching safepoint: 281180 ns, At safepoint: 67815 ns, Total: 348995 ns
[2021-11-03T04:57:08.844+0000][7][safepoint    ] Safepoint "Cleanup", Time since last: 1017743808 ns, Reaching safepoint: 552613 ns, At safepoint: 10647 ns, Total: 563260 ns
[2021-11-03T04:57:09.852+0000][7][safepoint    ] Safepoint "Cleanup", Time since last: 1007537141 ns, Reaching safepoint: 442524 ns, At safepoint: 11979 ns, Total: 454503 ns
[2021-11-03T04:57:10.867+0000][7][safepoint    ] Safepoint "Cleanup", Time since last: 1014425000 ns, Reaching safepoint: 563204 ns, At safepoint: 10822 ns, Total: 574026 ns
[2021-11-03T04:57:11.872+0000][7][safepoint    ] Safepoint "Cleanup", Time since last: 1004529223 ns, Reaching safepoint: 476261 ns, At safepoint: 7954 ns, Total: 484215 ns
[2021-11-03T04:57:12.878+0000][7][safepoint    ] Safepoint "Cleanup", Time since last: 1006121379 ns, Reaching safepoint: 603111 ns, At safepoint: 20842 ns, Total: 623953 ns
[2021-11-03T04:57:13.886+0000][7][safepoint    ] Safepoint "Cleanup", Time since last: 1007718963 ns, Reaching safepoint: 302797 ns, At safepoint: 7783 ns, Total: 310580 ns
[2021-11-03T04:57:14.891+0000][7][safepoint    ] Safepoint "Cleanup", Time since last: 1004447617 ns, Reaching safepoint: 300268 ns, At safepoint: 8773 ns, Total: 309041 ns
[2021-11-03T04:57:15.895+0000][7][safepoint    ] Safepoint "Cleanup", Time since last: 1003588973 ns, Reaching safepoint: 591725 ns, At safepoint: 19120 ns, Total: 610845 ns
[2021-11-03T04:57:16.904+0000][7][safepoint    ] Safepoint "Cleanup", Time since last: 1008691622 ns, Reaching safepoint: 288934 ns, At safepoint: 9914 ns, Total: 298848 ns
[2021-11-03T04:57:17.909+0000][7][safepoint    ] Safepoint "Cleanup", Time since last: 1004134588 ns, Reaching safepoint: 239074 ns, At safepoint: 7408 ns, Total: 246482 ns
[2021-11-03T04:57:18.918+0000][7][safepoint    ] Safepoint "Cleanup", Time since last: 1008708924 ns, Reaching safepoint: 259323 ns, At safepoint: 7618 ns, Total: 266941 ns
[2021-11-03T04:57:19.927+0000][7][safepoint    ] Safepoint "Cleanup", Time since last: 1008206720 ns, Reaching safepoint: 582048 ns, At safepoint: 24327 ns, Total: 606375 ns
[2021-11-03T04:57:20.930+0000][7][safepoint    ] Safepoint "Cleanup", Time since last: 1003069360 ns, Reaching safepoint: 209818 ns, At safepoint: 7968 ns, Total: 217786 ns
[2021-11-03T04:57:21.938+0000][7][safepoint    ] Safepoint "Cleanup", Time since last: 1008066072 ns, Reaching safepoint: 233399 ns, At safepoint: 7473 ns, Total: 240872 ns
[2021-11-03T04:57:22.942+0000][7][safepoint    ] Safepoint "Cleanup", Time since last: 1003685466 ns, Reaching safepoint: 186712 ns, At safepoint: 6813 ns, Total: 193525 ns
[2021-11-03T04:57:23.945+0000][7][safepoint    ] Safepoint "Cleanup", Time since last: 1002713338 ns, Reaching safepoint: 597879 ns, At safepoint: 19337 ns, Total: 617216 ns
[2021-11-03T04:57:24.948+0000][7][safepoint    ] Safepoint "Cleanup", Time since last: 1002377089 ns, Reaching safepoint: 589649 ns, At safepoint: 171097 ns, Total: 760746 ns
[2021-11-03T04:57:25.958+0000][7][safepoint    ] Safepoint "Cleanup", Time since last: 1008822678 ns, Reaching safepoint: 505985 ns, At safepoint: 10174 ns, Total: 516159 ns
[2021-11-03T04:57:26.964+0000][7][safepoint    ] Safepoint "Cleanup", Time since last: 1005590915 ns, Reaching safepoint: 242347 ns, At safepoint: 7109 ns, Total: 249456 ns
[2021-11-03T04:57:27.967+0000][7][safepoint    ] Safepoint "Cleanup", Time since last: 1003181423 ns, Reaching safepoint: 437991 ns, At safepoint: 13780 ns, Total: 451771 ns
[2021-11-03T04:57:28.974+0000][7][safepoint    ] Safepoint "Cleanup", Time since last: 1006217064 ns, Reaching safepoint: 185073 ns, At safepoint: 7049 ns, Total: 192122 ns
[2021-11-03T04:57:29.980+0000][7][safepoint    ] Safepoint "Cleanup", Time since last: 1006450961 ns, Reaching safepoint: 172843 ns, At safepoint: 6072 ns, Total: 178915 ns
[2021-11-03T04:57:30.988+0000][7][safepoint    ] Safepoint "Cleanup", Time since last: 1007631877 ns, Reaching safepoint: 506102 ns, At safepoint: 24133 ns, Total: 530235 ns
[2021-11-03T04:57:31.995+0000][7][safepoint    ] Safepoint "Cleanup", Time since last: 1006291595 ns, Reaching safepoint: 223016 ns, At safepoint: 6135 ns, Total: 229151 ns
[2021-11-03T04:57:33.001+0000][7][safepoint    ] Safepoint "Cleanup", Time since last: 1005954317 ns, Reaching safepoint: 176774 ns, At safepoint: 6505 ns, Total: 183279 ns
[2021-11-03T04:57:33.986+0000][7][safepoint    ] Safepoint "Cleanup", Time since last: 1005681701 ns, Reaching safepoint: 175008 ns, At safepoint: 6165 ns, Total: 181173 ns
[2021-11-03T04:57:34.991+0000][7][safepoint    ] Safepoint "Cleanup", Time since last: 1005373235 ns, Reaching safepoint: 179013 ns, At safepoint: 6055 ns, Total: 185068 ns
[2021-11-03T04:57:35.994+0000][7][safepoint    ] Safepoint "Cleanup", Time since last: 1002568272 ns, Reaching safepoint: 178819 ns, At safepoint: 73584 ns, Total: 252403 ns
[2021-11-03T04:57:36.997+0000][7][safepoint    ] Safepoint "Cleanup", Time since last: 1002373306 ns, Reaching safepoint: 195631 ns, At safepoint: 3577 ns, Total: 199208 ns
[2021-11-03T04:57:37.999+0000][7][safepoint    ] Safepoint "Cleanup", Time since last: 1001782453 ns, Reaching safepoint: 314232 ns, At safepoint: 6440 ns, Total: 320672 ns
[2021-11-03T04:57:39.002+0000][7][safepoint    ] Safepoint "Cleanup", Time since last: 1003128812 ns, Reaching safepoint: 281793 ns, At safepoint: 7290 ns, Total: 289083 ns
[2021-11-03T04:57:40.009+0000][7][safepoint    ] Safepoint "Cleanup", Time since last: 1006457352 ns, Reaching safepoint: 331060 ns, At safepoint: 6261 ns, Total: 337321 ns
[2021-11-03T04:57:41.011+0000][7][safepoint    ] Safepoint "Cleanup", Time since last: 1002350791 ns, Reaching safepoint: 170620 ns, At safepoint: 7098 ns, Total: 177718 ns
[2021-11-03T04:57:42.014+0000][7][safepoint    ] Safepoint "Cleanup", Time since last: 1002426271 ns, Reaching safepoint: 387566 ns, At safepoint: 28120 ns, Total: 415686 ns
[2021-11-03T04:57:43.017+0000][7][safepoint    ] Safepoint "Cleanup", Time since last: 1002348237 ns, Reaching safepoint: 169934 ns, At safepoint: 6542 ns, Total: 176476 ns
[2021-11-03T04:57:44.020+0000][7][safepoint    ] Safepoint "Cleanup", Time since last: 1002895416 ns, Reaching safepoint: 172811 ns, At safepoint: 6314 ns, Total: 179125 ns
[2021-11-03T04:57:45.028+0000][7][safepoint    ] Safepoint "Cleanup", Time since last: 1008138111 ns, Reaching safepoint: 163916 ns, At safepoint: 5887 ns, Total: 169803 ns
[2021-11-03T04:57:46.034+0000][7][safepoint    ] Safepoint "Cleanup", Time since last: 1005876339 ns, Reaching safepoint: 164273 ns, At safepoint: 5780 ns, Total: 170053 ns
[2021-11-03T04:57:47.041+0000][7][safepoint    ] Safepoint "Cleanup", Time since last: 1006628583 ns, Reaching safepoint: 340803 ns, At safepoint: 6258 ns, Total: 347061 ns
[2021-11-03T04:57:48.046+0000][7][safepoint    ] Safepoint "Cleanup", Time since last: 1004813589 ns, Reaching safepoint: 167775 ns, At safepoint: 6335 ns, Total: 174110 ns
[2021-11-03T04:57:49.052+0000][7][safepoint    ] Safepoint "Cleanup", Time since last: 1005258053 ns, Reaching safepoint: 240376 ns, At safepoint: 7062 ns, Total: 247438 ns
[2021-11-03T04:57:50.061+0000][7][safepoint    ] Safepoint "Cleanup", Time since last: 1009096763 ns, Reaching safepoint: 171415 ns, At safepoint: 6409 ns, Total: 177824 ns
[2021-11-03T04:57:51.066+0000][7][safepoint    ] Safepoint "Cleanup", Time since last: 1004578939 ns, Reaching safepoint: 167797 ns, At safepoint: 6296 ns, Total: 174093 ns
[2021-11-03T04:57:52.070+0000][7][safepoint    ] Safepoint "Cleanup", Time since last: 1003913569 ns, Reaching safepoint: 213247 ns, At safepoint: 5958 ns, Total: 219205 ns
[2021-11-03T04:57:53.076+0000][7][safepoint    ] Safepoint "Cleanup", Time since last: 1005647469 ns, Reaching safepoint: 178387 ns, At safepoint: 6379 ns, Total: 184766 ns
[2021-11-03T04:57:54.085+0000][7][safepoint    ] Safepoint "Cleanup", Time since last: 1008351175 ns, Reaching safepoint: 541292 ns, At safepoint: 25568 ns, Total: 566860 ns
[2021-11-03T04:57:55.088+0000][7][safepoint    ] Safepoint "Cleanup", Time since last: 1003254315 ns, Reaching safepoint: 340183 ns, At safepoint: 8175 ns, Total: 348358 ns
[2021-11-03T04:57:56.093+0000][7][safepoint    ] Safepoint "Cleanup", Time since last: 1004438117 ns, Reaching safepoint: 236462 ns, At safepoint: 6922 ns, Total: 243384 ns
[2021-11-03T04:57:57.101+0000][7][safepoint    ] Safepoint "Cleanup", Time since last: 1007880126 ns, Reaching safepoint: 494528 ns, At safepoint: 79473 ns, Total: 574001 ns
[2021-11-03T04:57:58.107+0000][7][safepoint    ] Safepoint "Cleanup", Time since last: 1005301402 ns, Reaching safepoint: 421162 ns, At safepoint: 9335 ns, Total: 430497 ns
[2021-11-03T04:57:59.110+0000][7][safepoint    ] Safepoint "Cleanup", Time since last: 1002940028 ns, Reaching safepoint: 177058 ns, At safepoint: 6177 ns, Total: 183235 ns
[2021-11-03T04:58:00.114+0000][7][safepoint    ] Safepoint "Cleanup", Time since last: 1003134910 ns, Reaching safepoint: 169014 ns, At safepoint: 6438 ns, Total: 175452 ns
[2021-11-03T04:58:01.117+0000][7][safepoint    ] Safepoint "Cleanup", Time since last: 1002884304 ns, Reaching safepoint: 174558 ns, At safepoint: 6590 ns, Total: 181148 ns
[2021-11-03T04:58:02.125+0000][7][safepoint    ] Safepoint "Cleanup", Time since last: 1007714068 ns, Reaching safepoint: 446481 ns, At safepoint: 22032 ns, Total: 468513 ns
[2021-11-03T04:58:03.131+0000][7][safepoint    ] Safepoint "Cleanup", Time since last: 1006066425 ns, Reaching safepoint: 363016 ns, At safepoint: 10819 ns, Total: 373835 ns
[2021-11-03T04:58:04.114+0000][7][safepoint    ] Safepoint "Cleanup", Time since last: 1003428864 ns, Reaching safepoint: 171145 ns, At safepoint: 7469 ns, Total: 178614 ns
[2021-11-03T04:58:05.116+0000][7][safepoint    ] Safepoint "Cleanup", Time since last: 1002046167 ns, Reaching safepoint: 341717 ns, At safepoint: 8879 ns, Total: 350596 ns
[2021-11-03T04:58:06.122+0000][7][safepoint    ] Safepoint "Cleanup", Time since last: 1005163141 ns, Reaching safepoint: 163901 ns, At safepoint: 4205 ns, Total: 168106 ns
[2021-11-03T04:58:07.129+0000][7][safepoint    ] Safepoint "Cleanup", Time since last: 1006324119 ns, Reaching safepoint: 402871 ns, At safepoint: 7206 ns, Total: 410077 ns
[2021-11-03T04:58:08.135+0000][7][safepoint    ] Safepoint "Cleanup", Time since last: 1006105541 ns, Reaching safepoint: 235114 ns, At safepoint: 5491 ns, Total: 240605 ns
[2021-11-03T04:58:09.145+0000][7][safepoint    ] Safepoint "Cleanup", Time since last: 1009489024 ns, Reaching safepoint: 430616 ns, At safepoint: 10577 ns, Total: 441193 ns
[2021-11-03T04:58:10.154+0000][7][safepoint    ] Safepoint "Cleanup", Time since last: 1008758626 ns, Reaching safepoint: 292853 ns, At safepoint: 6489 ns, Total: 299342 ns
[2021-11-03T04:58:11.162+0000][7][safepoint    ] Safepoint "Cleanup", Time since last: 1007578423 ns, Reaching safepoint: 408904 ns, At safepoint: 10664 ns, Total: 419568 ns
[2021-11-03T04:58:12.164+0000][7][safepoint    ] Safepoint "Cleanup", Time since last: 1002401213 ns, Reaching safepoint: 176177 ns, At safepoint: 6134 ns, Total: 182311 ns
[2021-11-03T04:58:13.169+0000][7][safepoint    ] Safepoint "Cleanup", Time since last: 1004585283 ns, Reaching safepoint: 176879 ns, At safepoint: 6293 ns, Total: 183172 ns
[2021-11-03T04:58:14.172+0000][7][safepoint    ] Safepoint "Cleanup", Time since last: 1002311766 ns, Reaching safepoint: 172177 ns, At safepoint: 6575 ns, Total: 178752 ns
[2021-11-03T04:58:15.176+0000][7][safepoint    ] Safepoint "Cleanup", Time since last: 1003753223 ns, Reaching safepoint: 176747 ns, At safepoint: 6493 ns, Total: 183240 ns
[2021-11-03T04:58:16.179+0000][7][safepoint    ] Safepoint "Cleanup", Time since last: 1003226558 ns, Reaching safepoint: 167400 ns, At safepoint: 5949 ns, Total: 173349 ns
[2021-11-03T04:58:17.187+0000][7][safepoint    ] Safepoint "Cleanup", Time since last: 1007277853 ns, Reaching safepoint: 198235 ns, At safepoint: 6198 ns, Total: 204433 ns
[2021-11-03T04:58:18.193+0000][7][safepoint    ] Safepoint "Cleanup", Time since last: 1006479775 ns, Reaching safepoint: 413393 ns, At safepoint: 11074 ns, Total: 424467 ns
[2021-11-03T04:58:19.203+0000][7][safepoint    ] Safepoint "Cleanup", Time since last: 1008780859 ns, Reaching safepoint: 398732 ns, At safepoint: 6291 ns, Total: 405023 ns
[2021-11-03T04:58:20.205+0000][7][safepoint    ] Safepoint "Cleanup", Time since last: 1001893092 ns, Reaching safepoint: 153897 ns, At safepoint: 3908 ns, Total: 157805 ns
[2021-11-03T04:58:21.214+0000][7][safepoint    ] Safepoint "Cleanup", Time since last: 1009129012 ns, Reaching safepoint: 251158 ns, At safepoint: 7291 ns, Total: 258449 ns
[2021-11-03T04:58:22.217+0000][7][safepoint    ] Safepoint "Cleanup", Time since last: 1002505476 ns, Reaching safepoint: 239825 ns, At safepoint: 6634 ns, Total: 246459 ns
[2021-11-03T04:58:23.222+0000][7][safepoint    ] Safepoint "Cleanup", Time since last: 1004400183 ns, Reaching safepoint: 396869 ns, At safepoint: 6932 ns, Total: 403801 ns
[2021-11-03T04:58:24.227+0000][7][safepoint    ] Safepoint "Cleanup", Time since last: 1005287505 ns, Reaching safepoint: 244974 ns, At safepoint: 6524 ns, Total: 251498 ns
[2021-11-03T04:58:25.231+0000][7][safepoint    ] Safepoint "Cleanup", Time since last: 1003238990 ns, Reaching safepoint: 233348 ns, At safepoint: 5906 ns, Total: 239254 ns
[2021-11-03T04:58:26.235+0000][7][safepoint    ] Safepoint "Cleanup", Time since last: 1004011110 ns, Reaching safepoint: 241827 ns, At safepoint: 11236 ns, Total: 253063 ns
[2021-11-03T04:58:27.243+0000][7][safepoint    ] Safepoint "Cleanup", Time since last: 1007650428 ns, Reaching safepoint: 289138 ns, At safepoint: 6221 ns, Total: 295359 ns
[2021-11-03T04:58:28.246+0000][7][safepoint    ] Safepoint "Cleanup", Time since last: 1002744700 ns, Reaching safepoint: 341235 ns, At safepoint: 11737 ns, Total: 352972 ns
[2021-11-03T04:58:29.250+0000][7][safepoint    ] Safepoint "Cleanup", Time since last: 1004311443 ns, Reaching safepoint: 242647 ns, At safepoint: 6163 ns, Total: 248810 ns
[2021-11-03T04:58:30.254+0000][7][safepoint    ] Safepoint "Cleanup", Time since last: 1003649073 ns, Reaching safepoint: 362514 ns, At safepoint: 7236 ns, Total: 369750 ns
[2021-11-03T04:58:31.257+0000][7][safepoint    ] Safepoint "Cleanup", Time since last: 1001967451 ns, Reaching safepoint: 245733 ns, At safepoint: 5531 ns, Total: 251264 ns
[2021-11-03T04:58:32.259+0000][7][safepoint    ] Safepoint "Cleanup", Time since last: 1001495198 ns, Reaching safepoint: 327555 ns, At safepoint: 5618 ns, Total: 333173 ns
[2021-11-03T04:58:33.263+0000][7][safepoint    ] Safepoint "Cleanup", Time since last: 1003830929 ns, Reaching safepoint: 287145 ns, At safepoint: 6213 ns, Total: 293358 ns
[2021-11-03T04:58:34.245+0000][7][safepoint    ] Safepoint "Cleanup", Time since last: 1003519622 ns, Reaching safepoint: 460932 ns, At safepoint: 12266 ns, Total: 473198 ns
[2021-11-03T04:58:35.251+0000][7][safepoint    ] Safepoint "Cleanup", Time since last: 1005339148 ns, Reaching safepoint: 313100 ns, At safepoint: 6196 ns, Total: 319296 ns
[2021-11-03T04:58:36.256+0000][7][safepoint    ] Safepoint "Cleanup", Time since last: 1004344790 ns, Reaching safepoint: 240323 ns, At safepoint: 6390 ns, Total: 246713 ns
[2021-11-03T04:58:37.260+0000][7][safepoint    ] Safepoint "Cleanup", Time since last: 1003814414 ns, Reaching safepoint: 112753 ns, At safepoint: 4315 ns, Total: 117068 ns
[2021-11-03T04:58:38.262+0000][7][safepoint    ] Safepoint "Cleanup", Time since last: 1001781328 ns, Reaching safepoint: 255555 ns, At safepoint: 7962 ns, Total: 263517 ns
[2021-11-03T04:58:39.267+0000][7][safepoint    ] Safepoint "Cleanup", Time since last: 1004944869 ns, Reaching safepoint: 430814 ns, At safepoint: 10887 ns, Total: 441701 ns
[2021-11-03T04:58:40.271+0000][7][safepoint    ] Safepoint "Cleanup", Time since last: 1003238934 ns, Reaching safepoint: 244237 ns, At safepoint: 7599 ns, Total: 251836 ns
[2021-11-03T04:58:41.275+0000][7][safepoint    ] Safepoint "Cleanup", Time since last: 1004288560 ns, Reaching safepoint: 374814 ns, At safepoint: 9536 ns, Total: 384350 ns
[2021-11-03T04:58:42.278+0000][7][safepoint    ] Safepoint "Cleanup", Time since last: 1002930340 ns, Reaching safepoint: 174660 ns, At safepoint: 6912 ns, Total: 181572 ns
[2021-11-03T04:58:43.284+0000][7][safepoint    ] Safepoint "Cleanup", Time since last: 1004631168 ns, Reaching safepoint: 693900 ns, At safepoint: 22462 ns, Total: 716362 ns
[2021-11-03T04:58:44.287+0000][7][safepoint    ] Safepoint "Cleanup", Time since last: 1002765280 ns, Reaching safepoint: 442294 ns, At safepoint: 9858 ns, Total: 452152 ns
[2021-11-03T04:58:45.294+0000][7][safepoint    ] Safepoint "Cleanup", Time since last: 1007025672 ns, Reaching safepoint: 366051 ns, At safepoint: 8025 ns, Total: 374076 ns
[2021-11-03T04:58:46.299+0000][7][safepoint    ] Safepoint "Cleanup", Time since last: 1004419495 ns, Reaching safepoint: 614506 ns, At safepoint: 17632 ns, Total: 632138 ns
[2021-11-03T04:58:47.303+0000][7][safepoint    ] Safepoint "Cleanup", Time since last: 1002998468 ns, Reaching safepoint: 600323 ns, At safepoint: 22969 ns, Total: 623292 ns
[2021-11-03T04:58:48.306+0000][7][safepoint    ] Safepoint "Cleanup", Time since last: 1002467807 ns, Reaching safepoint: 555589 ns, At safepoint: 21812 ns, Total: 577401 ns
[2021-11-03T04:58:49.313+0000][7][safepoint    ] Safepoint "Cleanup", Time since last: 1006714867 ns, Reaching safepoint: 504009 ns, At safepoint: 76582 ns, Total: 580591 ns
[2021-11-03T04:58:50.316+0000][7][safepoint    ] Safepoint "Cleanup", Time since last: 1002039805 ns, Reaching safepoint: 237232 ns, At safepoint: 6964 ns, Total: 244196 ns
[2021-11-03T04:58:51.318+0000][7][safepoint    ] Safepoint "Cleanup", Time since last: 1002160832 ns, Reaching safepoint: 134616 ns, At safepoint: 5262 ns, Total: 139878 ns
[2021-11-03T04:58:52.321+0000][7][safepoint    ] Safepoint "Cleanup", Time since last: 1002697223 ns, Reaching safepoint: 179028 ns, At safepoint: 6890 ns, Total: 185918 ns
[2021-11-03T04:58:53.325+0000][7][safepoint    ] Safepoint "Cleanup", Time since last: 1004012938 ns, Reaching safepoint: 170654 ns, At safepoint: 6476 ns, Total: 177130 ns
[2021-11-03T04:58:54.332+0000][7][safepoint    ] Safepoint "Cleanup", Time since last: 1007168585 ns, Reaching safepoint: 278789 ns, At safepoint: 8018 ns, Total: 286807 ns
[2021-11-03T04:58:55.335+0000][7][safepoint    ] Safepoint "Cleanup", Time since last: 1002111948 ns, Reaching safepoint: 176932 ns, At safepoint: 6993 ns, Total: 183925 ns
[2021-11-03T04:58:56.339+0000][7][safepoint    ] Safepoint "Cleanup", Time since last: 1003591425 ns, Reaching safepoint: 390623 ns, At safepoint: 9061 ns, Total: 399684 ns
[2021-11-03T04:58:57.342+0000][7][safepoint    ] Safepoint "Cleanup", Time since last: 1003433518 ns, Reaching safepoint: 173917 ns, At safepoint: 6117 ns, Total: 180034 ns
[2021-11-03T04:58:58.348+0000][7][safepoint    ] Safepoint "Cleanup", Time since last: 1005016836 ns, Reaching safepoint: 182464 ns, At safepoint: 8039 ns, Total: 190503 ns
[2021-11-03T04:58:59.350+0000][7][safepoint    ] Safepoint "Cleanup", Time since last: 1002639304 ns, Reaching safepoint: 178342 ns, At safepoint: 6434 ns, Total: 184776 ns
[2021-11-03T04:59:00.354+0000][7][safepoint    ] Safepoint "Cleanup", Time since last: 1003765445 ns, Reaching safepoint: 177836 ns, At safepoint: 6909 ns, Total: 184745 ns
[2021-11-03T04:59:01.361+0000][7][safepoint    ] Safepoint "Cleanup", Time since last: 1006775758 ns, Reaching safepoint: 188321 ns, At safepoint: 6684 ns, Total: 195005 ns
[2021-11-03T04:59:02.364+0000][7][safepoint    ] Safepoint "Cleanup", Time since last: 1002350064 ns, Reaching safepoint: 172091 ns, At safepoint: 6629 ns, Total: 178720 ns
[2021-11-03T04:59:03.368+0000][7][safepoint    ] Safepoint "Cleanup", Time since last: 1004393821 ns, Reaching safepoint: 170091 ns, At safepoint: 6901 ns, Total: 176992 ns
[2021-11-03T04:59:04.352+0000][7][safepoint    ] Safepoint "Cleanup", Time since last: 1004160634 ns, Reaching safepoint: 165778 ns, At safepoint: 6467 ns, Total: 172245 ns
[2021-11-03T04:59:05.355+0000][7][safepoint    ] Safepoint "Cleanup", Time since last: 1002764451 ns, Reaching safepoint: 167898 ns, At safepoint: 6394 ns, Total: 174292 ns
[2021-11-03T04:59:06.357+0000][7][safepoint    ] Safepoint "Cleanup", Time since last: 1002488090 ns, Reaching safepoint: 168226 ns, At safepoint: 5538 ns, Total: 173764 ns
[2021-11-03T04:59:07.360+0000][7][safepoint    ] Safepoint "Cleanup", Time since last: 1002403813 ns, Reaching safepoint: 175946 ns, At safepoint: 6879 ns, Total: 182825 ns
[2021-11-03T04:59:08.364+0000][7][safepoint    ] Safepoint "Cleanup", Time since last: 1003375212 ns, Reaching safepoint: 178387 ns, At safepoint: 5262 ns, Total: 183649 ns
[2021-11-03T04:59:09.368+0000][7][safepoint    ] Safepoint "Cleanup", Time since last: 1003928096 ns, Reaching safepoint: 170435 ns, At safepoint: 5994 ns, Total: 176429 ns
[2021-11-03T04:59:10.376+0000][7][safepoint    ] Safepoint "Cleanup", Time since last: 1007798850 ns, Reaching safepoint: 159071 ns, At safepoint: 6610 ns, Total: 165681 ns
[2021-11-03T04:59:11.379+0000][7][safepoint    ] Safepoint "Cleanup", Time since last: 1003361403 ns, Reaching safepoint: 327756 ns, At safepoint: 6578 ns, Total: 334334 ns
[2021-11-03T04:59:12.382+0000][7][safepoint    ] Safepoint "Cleanup", Time since last: 1002462889 ns, Reaching safepoint: 245328 ns, At safepoint: 7671 ns, Total: 252999 ns
[2021-11-03T04:59:13.388+0000][7][safepoint    ] Safepoint "Cleanup", Time since last: 1005315005 ns, Reaching safepoint: 179577 ns, At safepoint: 6941 ns, Total: 186518 ns
[2021-11-03T04:59:14.391+0000][7][safepoint    ] Safepoint "Cleanup", Time since last: 1003121561 ns, Reaching safepoint: 409078 ns, At safepoint: 8303 ns, Total: 417381 ns
[2021-11-03T04:59:15.476+0000][7][safepoint    ] Safepoint "Cleanup", Time since last: 1084689302 ns, Reaching safepoint: 357596 ns, At safepoint: 9813 ns, Total: 367409 ns
[2021-11-03T04:59:16.479+0000][7][safepoint    ] Safepoint "Cleanup", Time since last: 1002924300 ns, Reaching safepoint: 271549 ns, At safepoint: 7591 ns, Total: 279140 ns
[2021-11-03T04:59:17.482+0000][7][safepoint    ] Safepoint "Cleanup", Time since last: 1002844364 ns, Reaching safepoint: 168243 ns, At safepoint: 6004 ns, Total: 174247 ns
[2021-11-03T04:59:18.486+0000][7][safepoint    ] Safepoint "Cleanup", Time since last: 1003021705 ns, Reaching safepoint: 131139 ns, At safepoint: 3169 ns, Total: 134308 ns
[2021-11-03T04:59:19.487+0000][7][safepoint    ] Safepoint "Cleanup", Time since last: 1001556080 ns, Reaching safepoint: 282949 ns, At safepoint: 6186 ns, Total: 289135 ns
[2021-11-03T04:59:20.491+0000][7][safepoint    ] Safepoint "Cleanup", Time since last: 1003500350 ns, Reaching safepoint: 172009 ns, At safepoint: 7655 ns, Total: 179664 ns
[2021-11-03T04:59:21.496+0000][7][safepoint    ] Safepoint "Cleanup", Time since last: 1004326976 ns, Reaching safepoint: 180929 ns, At safepoint: 6386 ns, Total: 187315 ns
[2021-11-03T04:59:22.498+0000][7][safepoint    ] Safepoint "Cleanup", Time since last: 1002582741 ns, Reaching safepoint: 167218 ns, At safepoint: 6201 ns, Total: 173419 ns
[2021-11-03T04:59:23.501+0000][7][safepoint    ] Safepoint "Cleanup", Time since last: 1002184022 ns, Reaching safepoint: 111550 ns, At safepoint: 4204 ns, Total: 115754 ns
[2021-11-03T04:59:24.503+0000][7][safepoint    ] Safepoint "Cleanup", Time since last: 1001665792 ns, Reaching safepoint: 233405 ns, At safepoint: 6268 ns, Total: 239673 ns
[2021-11-03T04:59:25.505+0000][7][safepoint    ] Safepoint "Cleanup", Time since last: 1002502187 ns, Reaching safepoint: 309494 ns, At safepoint: 9341 ns, Total: 318835 ns
[2021-11-03T04:59:26.510+0000][7][safepoint    ] Safepoint "Cleanup", Time since last: 1003794855 ns, Reaching safepoint: 718518 ns, At safepoint: 20273 ns, Total: 738791 ns
[2021-11-03T04:59:27.514+0000][7][safepoint    ] Safepoint "Cleanup", Time since last: 1003394378 ns, Reaching safepoint: 440138 ns, At safepoint: 9231 ns, Total: 449369 ns
[2021-11-03T04:59:28.517+0000][7][safepoint    ] Safepoint "Cleanup", Time since last: 1002891716 ns, Reaching safepoint: 244922 ns, At safepoint: 6583 ns, Total: 251505 ns
[2021-11-03T04:59:29.520+0000][7][safepoint    ] Safepoint "Cleanup", Time since last: 1002762842 ns, Reaching safepoint: 493786 ns, At safepoint: 11350 ns, Total: 505136 ns
[2021-11-03T04:59:30.523+0000][7][safepoint    ] Safepoint "Cleanup", Time since last: 1002400883 ns, Reaching safepoint: 312409 ns, At safepoint: 10561 ns, Total: 322970 ns
[2021-11-03T04:59:31.525+0000][7][safepoint    ] Safepoint "Cleanup", Time since last: 1002099918 ns, Reaching safepoint: 186407 ns, At safepoint: 3603 ns, Total: 190010 ns
[2021-11-03T04:59:32.527+0000][7][safepoint    ] Safepoint "Cleanup", Time since last: 1001320077 ns, Reaching safepoint: 302183 ns, At safepoint: 6539 ns, Total: 308722 ns
[2021-11-03T04:59:33.530+0000][7][safepoint    ] Safepoint "Cleanup", Time since last: 1002468478 ns, Reaching safepoint: 423614 ns, At safepoint: 8526 ns, Total: 432140 ns
[2021-11-03T04:59:34.513+0000][7][safepoint    ] Safepoint "Cleanup", Time since last: 1003675038 ns, Reaching safepoint: 150761 ns, At safepoint: 3504 ns, Total: 154265 ns
[2021-11-03T04:59:35.515+0000][7][safepoint    ] Safepoint "Cleanup", Time since last: 1001456656 ns, Reaching safepoint: 457005 ns, At safepoint: 8941 ns, Total: 465946 ns
[2021-11-03T04:59:36.519+0000][7][safepoint    ] Safepoint "Cleanup", Time since last: 1004375084 ns, Reaching safepoint: 200219 ns, At safepoint: 3948 ns, Total: 204167 ns
[2021-11-03T04:59:37.521+0000][7][safepoint    ] Safepoint "Cleanup", Time since last: 1001560018 ns, Reaching safepoint: 185307 ns, At safepoint: 3233 ns, Total: 188540 ns
[2021-11-03T04:59:38.525+0000][7][safepoint    ] Safepoint "Cleanup", Time since last: 1004096750 ns, Reaching safepoint: 451075 ns, At safepoint: 9789 ns, Total: 460864 ns
[2021-11-03T04:59:39.528+0000][7][safepoint    ] Safepoint "Cleanup", Time since last: 1002175795 ns, Reaching safepoint: 241226 ns, At safepoint: 7026 ns, Total: 248252 ns
[2021-11-03T04:59:40.531+0000][7][safepoint    ] Safepoint "Cleanup", Time since last: 1002519631 ns, Reaching safepoint: 176008 ns, At safepoint: 5508 ns, Total: 181516 ns
[2021-11-03T04:59:41.534+0000][7][safepoint    ] Safepoint "Cleanup", Time since last: 1002993561 ns, Reaching safepoint: 162833 ns, At safepoint: 6242 ns, Total: 169075 ns
[2021-11-03T04:59:42.537+0000][7][safepoint    ] Safepoint "Cleanup", Time since last: 1002877874 ns, Reaching safepoint: 533541 ns, At safepoint: 11058 ns, Total: 544599 ns
[2021-11-03T04:59:43.540+0000][7][safepoint    ] Safepoint "Cleanup", Time since last: 1003084745 ns, Reaching safepoint: 171209 ns, At safepoint: 6140 ns, Total: 177349 ns
[2021-11-03T04:59:44.544+0000][7][safepoint    ] Safepoint "Cleanup", Time since last: 1002478495 ns, Reaching safepoint: 756496 ns, At safepoint: 19732 ns, Total: 776228 ns
[2021-11-03T04:59:45.547+0000][7][safepoint    ] Safepoint "Cleanup", Time since last: 1003023385 ns, Reaching safepoint: 241428 ns, At safepoint: 6323 ns, Total: 247751 ns
[2021-11-03T04:59:46.549+0000][7][safepoint    ] Safepoint "Cleanup", Time since last: 1002344394 ns, Reaching safepoint: 159873 ns, At safepoint: 5009 ns, Total: 164882 ns
[2021-11-03T04:59:47.552+0000][7][safepoint    ] Safepoint "Cleanup", Time since last: 1002235783 ns, Reaching safepoint: 169345 ns, At safepoint: 7097 ns, Total: 176442 ns
[2021-11-03T04:59:48.555+0000][7][safepoint    ] Safepoint "Cleanup", Time since last: 1002491386 ns, Reaching safepoint: 399115 ns, At safepoint: 9145 ns, Total: 408260 ns
[2021-11-03T04:59:49.558+0000][7][safepoint    ] Safepoint "Cleanup", Time since last: 1003473393 ns, Reaching safepoint: 193992 ns, At safepoint: 5846 ns, Total: 199838 ns
[2021-11-03T04:59:50.566+0000][7][safepoint    ] Safepoint "Cleanup", Time since last: 1007515863 ns, Reaching safepoint: 225347 ns, At safepoint: 6233 ns, Total: 231580 ns
[2021-11-03T04:59:51.569+0000][7][safepoint    ] Safepoint "Cleanup", Time since last: 1002634293 ns, Reaching safepoint: 339837 ns, At safepoint: 9091 ns, Total: 348928 ns
[2021-11-03T04:59:52.572+0000][7][safepoint    ] Safepoint "Cleanup", Time since last: 1002885675 ns, Reaching safepoint: 429888 ns, At safepoint: 8204 ns, Total: 438092 ns
[2021-11-03T04:59:53.578+0000][7][safepoint    ] Safepoint "Cleanup", Time since last: 1005097086 ns, Reaching safepoint: 319431 ns, At safepoint: 15026 ns, Total: 334457 ns
[2021-11-03T04:59:54.586+0000][7][safepoint    ] Safepoint "Cleanup", Time since last: 1007639422 ns, Reaching safepoint: 413576 ns, At safepoint: 16042 ns, Total: 429618 ns
[2021-11-03T04:59:55.591+0000][7][safepoint    ] Safepoint "Cleanup", Time since last: 1004698234 ns, Reaching safepoint: 288084 ns, At safepoint: 6675 ns, Total: 294759 ns
[2021-11-03T04:59:56.599+0000][7][safepoint    ] Safepoint "Cleanup", Time since last: 1007945724 ns, Reaching safepoint: 238830 ns, At safepoint: 6906 ns, Total: 245736 ns
[2021-11-03T04:59:57.604+0000][7][safepoint    ] Safepoint "Cleanup", Time since last: 1004149774 ns, Reaching safepoint: 238648 ns, At safepoint: 7115 ns, Total: 245763 ns
[2021-11-03T04:59:58.606+0000][7][safepoint    ] Safepoint "Cleanup", Time since last: 1002535488 ns, Reaching safepoint: 364227 ns, At safepoint: 7290 ns, Total: 371517 ns
[2021-11-03T04:59:59.612+0000][7][safepoint    ] Safepoint "Cleanup", Time since last: 1004595899 ns, Reaching safepoint: 519259 ns, At safepoint: 18037 ns, Total: 537296 ns
[2021-11-03T05:00:00.615+0000][7][safepoint    ] Safepoint "Cleanup", Time since last: 1002454133 ns, Reaching safepoint: 785163 ns, At safepoint: 11935 ns, Total: 797098 ns
[2021-11-03T05:00:01.618+0000][7][safepoint    ] Safepoint "Cleanup", Time since last: 1002748891 ns, Reaching safepoint: 705992 ns, At safepoint: 19264 ns, Total: 725256 ns
[2021-11-03T05:00:02.630+0000][7][safepoint    ] Safepoint "Cleanup", Time since last: 1011038641 ns, Reaching safepoint: 684510 ns, At safepoint: 22758 ns, Total: 707268 ns
[2021-11-03T05:00:03.637+0000][7][safepoint    ] Safepoint "Cleanup", Time since last: 1005940874 ns, Reaching safepoint: 532918 ns, At safepoint: 14802 ns, Total: 547720 ns
[2021-11-03T05:00:04.625+0000][7][safepoint    ] Safepoint "Cleanup", Time since last: 1008878532 ns, Reaching safepoint: 193887 ns, At safepoint: 13780 ns, Total: 207667 ns
[2021-11-03T05:00:05.627+0000][7][safepoint    ] Safepoint "Cleanup", Time since last: 1002117619 ns, Reaching safepoint: 292342 ns, At safepoint: 10899 ns, Total: 303241 ns
[2021-11-03T05:00:06.633+0000][7][safepoint    ] Safepoint "Cleanup", Time since last: 1005940143 ns, Reaching safepoint: 567832 ns, At safepoint: 15610 ns, Total: 583442 ns
[2021-11-03T05:00:07.641+0000][7][safepoint    ] Safepoint "Cleanup", Time since last: 1007505710 ns, Reaching safepoint: 361290 ns, At safepoint: 8623 ns, Total: 369913 ns
[2021-11-03T05:00:08.649+0000][7][safepoint    ] Safepoint "Cleanup", Time since last: 1007462351 ns, Reaching safepoint: 587921 ns, At safepoint: 18407 ns, Total: 606328 ns
[2021-11-03T05:00:09.655+0000][7][safepoint    ] Safepoint "Cleanup", Time since last: 1004744804 ns, Reaching safepoint: 664141 ns, At safepoint: 23620 ns, Total: 687761 ns
[2021-11-03T05:00:10.660+0000][7][safepoint    ] Safepoint "Cleanup", Time since last: 1005393653 ns, Reaching safepoint: 187037 ns, At safepoint: 6693 ns, Total: 193730 ns
[2021-11-03T05:00:11.664+0000][7][safepoint    ] Safepoint "Cleanup", Time since last: 1003042836 ns, Reaching safepoint: 178679 ns, At safepoint: 6468 ns, Total: 185147 ns
[2021-11-03T05:00:12.673+0000][7][safepoint    ] Safepoint "Cleanup", Time since last: 1009571371 ns, Reaching safepoint: 247215 ns, At safepoint: 6456 ns, Total: 253671 ns
[2021-11-03T05:00:13.677+0000][7][safepoint    ] Safepoint "Cleanup", Time since last: 1002772656 ns, Reaching safepoint: 368605 ns, At safepoint: 8089 ns, Total: 376694 ns
[2021-11-03T05:00:14.685+0000][7][safepoint    ] Safepoint "Cleanup", Time since last: 1008555825 ns, Reaching safepoint: 171542 ns, At safepoint: 5180 ns, Total: 176722 ns
[2021-11-03T05:00:15.689+0000][7][safepoint    ] Safepoint "Cleanup", Time since last: 1003078332 ns, Reaching safepoint: 386083 ns, At safepoint: 9725 ns, Total: 395808 ns
[2021-11-03T05:00:16.692+0000][7][safepoint    ] Safepoint "Cleanup", Time since last: 1002759595 ns, Reaching safepoint: 404615 ns, At safepoint: 9375 ns, Total: 413990 ns
[2021-11-03T05:00:17.698+0000][7][safepoint    ] Safepoint "Cleanup", Time since last: 1005814990 ns, Reaching safepoint: 266525 ns, At safepoint: 9258 ns, Total: 275783 ns
[2021-11-03T05:00:18.701+0000][7][safepoint    ] Safepoint "Cleanup", Time since last: 1002457815 ns, Reaching safepoint: 527817 ns, At safepoint: 46493 ns, Total: 574310 ns
[2021-11-03T05:00:19.709+0000][7][safepoint    ] Safepoint "Cleanup", Time since last: 1007477758 ns, Reaching safepoint: 582998 ns, At safepoint: 10955 ns, Total: 593953 ns
[2021-11-03T05:00:20.720+0000][7][safepoint    ] Safepoint "Cleanup", Time since last: 1009935813 ns, Reaching safepoint: 782234 ns, At safepoint: 19330 ns, Total: 801564 ns
[2021-11-03T05:00:21.724+0000][7][safepoint    ] Safepoint "Cleanup", Time since last: 1004281746 ns, Reaching safepoint: 172546 ns, At safepoint: 5979 ns, Total: 178525 ns
[2021-11-03T05:00:22.731+0000][7][safepoint    ] Safepoint "Cleanup", Time since last: 1006070177 ns, Reaching safepoint: 229560 ns, At safepoint: 6234 ns, Total: 235794 ns
[2021-11-03T05:00:23.736+0000][7][safepoint    ] Safepoint "Cleanup", Time since last: 1004277148 ns, Reaching safepoint: 614951 ns, At safepoint: 11024 ns, Total: 625975 ns
[2021-11-03T05:00:24.740+0000][7][safepoint    ] Safepoint "Cleanup", Time since last: 1004185503 ns, Reaching safepoint: 271868 ns, At safepoint: 6631 ns, Total: 278499 ns
[2021-11-03T05:00:25.748+0000][7][safepoint    ] Safepoint "Cleanup", Time since last: 1008062582 ns, Reaching safepoint: 302339 ns, At safepoint: 6326 ns, Total: 308665 ns
[2021-11-03T05:00:26.750+0000][7][safepoint    ] Safepoint "Cleanup", Time since last: 1001816094 ns, Reaching safepoint: 176774 ns, At safepoint: 6003 ns, Total: 182777 ns
[2021-11-03T05:00:27.753+0000][7][safepoint    ] Safepoint "Cleanup", Time since last: 1002766901 ns, Reaching safepoint: 156226 ns, At safepoint: 6633 ns, Total: 162859 ns
[2021-11-03T05:00:28.758+0000][7][safepoint    ] Safepoint "Cleanup", Time since last: 1004408029 ns, Reaching safepoint: 173911 ns, At safepoint: 6295 ns, Total: 180206 ns
[2021-11-03T05:00:29.763+0000][7][safepoint    ] Safepoint "Cleanup", Time since last: 1004370800 ns, Reaching safepoint: 569335 ns, At safepoint: 18138 ns, Total: 587473 ns
[2021-11-03T05:00:30.766+0000][7][safepoint    ] Safepoint "Cleanup", Time since last: 1002771135 ns, Reaching safepoint: 224735 ns, At safepoint: 6532 ns, Total: 231267 ns
[2021-11-03T05:00:31.768+0000][7][safepoint    ] Safepoint "Cleanup", Time since last: 1002203090 ns, Reaching safepoint: 230916 ns, At safepoint: 6496 ns, Total: 237412 ns
[2021-11-03T05:00:32.771+0000][7][safepoint    ] Safepoint "Cleanup", Time since last: 1002342038 ns, Reaching safepoint: 164959 ns, At safepoint: 8475 ns, Total: 173434 ns
[2021-11-03T05:00:33.758+0000][7][safepoint    ] Safepoint "Cleanup", Time since last: 1008047120 ns, Reaching safepoint: 171301 ns, At safepoint: 6086 ns, Total: 177387 ns
[2021-11-03T05:00:35.711+0000][7][safepoint    ] Safepoint "Cleanup", Time since last: 1952928002 ns, Reaching safepoint: 337574 ns, At safepoint: 6912 ns, Total: 344486 ns
[2021-11-03T05:00:36.714+0000][7][safepoint    ] Safepoint "Cleanup", Time since last: 1002784992 ns, Reaching safepoint: 172029 ns, At safepoint: 6409 ns, Total: 178438 ns
[2021-11-03T05:00:37.719+0000][7][safepoint    ] Safepoint "Cleanup", Time since last: 1004353502 ns, Reaching safepoint: 181534 ns, At safepoint: 6991 ns, Total: 188525 ns
[2021-11-03T05:00:38.723+0000][7][safepoint    ] Safepoint "Cleanup", Time since last: 1003995141 ns, Reaching safepoint: 176120 ns, At safepoint: 6549 ns, Total: 182669 ns
[2021-11-03T05:00:39.726+0000][7][safepoint    ] Safepoint "Cleanup", Time since last: 1002977531 ns, Reaching safepoint: 295053 ns, At safepoint: 6065 ns, Total: 301118 ns
[2021-11-03T05:00:40.738+0000][7][safepoint    ] Safepoint "Cleanup", Time since last: 1011820530 ns, Reaching safepoint: 162387 ns, At safepoint: 6437 ns, Total: 168824 ns
[2021-11-03T05:00:41.746+0000][7][safepoint    ] Safepoint "Cleanup", Time since last: 1007476419 ns, Reaching safepoint: 193399 ns, At safepoint: 74179 ns, Total: 267578 ns
[2021-11-03T05:00:42.748+0000][7][safepoint    ] Safepoint "Cleanup", Time since last: 1002012454 ns, Reaching safepoint: 321502 ns, At safepoint: 6786 ns, Total: 328288 ns
[2021-11-03T05:00:43.756+0000][7][safepoint    ] Safepoint "Cleanup", Time since last: 1007173780 ns, Reaching safepoint: 209578 ns, At safepoint: 7395 ns, Total: 216973 ns
[2021-11-03T05:00:44.759+0000][7][safepoint    ] Safepoint "Cleanup", Time since last: 1002729480 ns, Reaching safepoint: 163971 ns, At safepoint: 6668 ns, Total: 170639 ns
[2021-11-03T05:00:45.765+0000][7][safepoint    ] Safepoint "Cleanup", Time since last: 1006449444 ns, Reaching safepoint: 157696 ns, At safepoint: 6134 ns, Total: 163830 ns
[2021-11-03T05:00:46.768+0000][7][safepoint    ] Safepoint "Cleanup", Time since last: 1002917258 ns, Reaching safepoint: 171567 ns, At safepoint: 6967 ns, Total: 178534 ns
[2021-11-03T05:00:47.771+0000][7][safepoint    ] Safepoint "Cleanup", Time since last: 1002380492 ns, Reaching safepoint: 169814 ns, At safepoint: 6456 ns, Total: 176270 ns
[2021-11-03T05:00:48.775+0000][7][safepoint    ] Safepoint "Cleanup", Time since last: 1003484186 ns, Reaching safepoint: 179336 ns, At safepoint: 6219 ns, Total: 185555 ns
[2021-11-03T05:00:49.782+0000][7][safepoint    ] Safepoint "Cleanup", Time since last: 1007486090 ns, Reaching safepoint: 391675 ns, At safepoint: 9366 ns, Total: 401041 ns
[2021-11-03T05:00:50.788+0000][7][safepoint    ] Safepoint "Cleanup", Time since last: 1005662631 ns, Reaching safepoint: 169561 ns, At safepoint: 6380 ns, Total: 175941 ns
[2021-11-03T05:00:51.798+0000][7][safepoint    ] Safepoint "Cleanup", Time since last: 1009500563 ns, Reaching safepoint: 324780 ns, At safepoint: 19729 ns, Total: 344509 ns
[2021-11-03T05:00:52.801+0000][7][safepoint    ] Safepoint "Cleanup", Time since last: 1002684614 ns, Reaching safepoint: 312418 ns, At safepoint: 33450 ns, Total: 345868 ns
[2021-11-03T05:00:53.805+0000][7][safepoint    ] Safepoint "Cleanup", Time since last: 1003881026 ns, Reaching safepoint: 243355 ns, At safepoint: 6085 ns, Total: 249440 ns
[2021-11-03T05:00:54.811+0000][7][safepoint    ] Safepoint "Cleanup", Time since last: 1005020795 ns, Reaching safepoint: 399565 ns, At safepoint: 8670 ns, Total: 408235 ns
[2021-11-03T05:00:55.814+0000][7][safepoint    ] Safepoint "Cleanup", Time since last: 1002769067 ns, Reaching safepoint: 237850 ns, At safepoint: 6714 ns, Total: 244564 ns
[2021-11-03T05:00:56.820+0000][7][safepoint    ] Safepoint "Cleanup", Time since last: 1005740584 ns, Reaching safepoint: 292549 ns, At safepoint: 6587 ns, Total: 299136 ns
[2021-11-03T05:00:57.825+0000][7][safepoint    ] Safepoint "Cleanup", Time since last: 1004905000 ns, Reaching safepoint: 313684 ns, At safepoint: 8328 ns, Total: 322012 ns
[2021-11-03T05:00:58.829+0000][7][safepoint    ] Safepoint "Cleanup", Time since last: 1003698089 ns, Reaching safepoint: 499605 ns, At safepoint: 11889 ns, Total: 511494 ns
[2021-11-03T05:00:59.836+0000][7][safepoint    ] Safepoint "Cleanup", Time since last: 1006519246 ns, Reaching safepoint: 248167 ns, At safepoint: 6238 ns, Total: 254405 ns
[2021-11-03T05:01:00.840+0000][7][safepoint    ] Safepoint "Cleanup", Time since last: 1003593950 ns, Reaching safepoint: 263898 ns, At safepoint: 90432 ns, Total: 354330 ns
[2021-11-03T05:01:01.846+0000][7][safepoint    ] Safepoint "Cleanup", Time since last: 1005722642 ns, Reaching safepoint: 205140 ns, At safepoint: 6606 ns, Total: 211746 ns
[2021-11-03T05:01:02.853+0000][7][safepoint    ] Safepoint "Cleanup", Time since last: 1006793393 ns, Reaching safepoint: 215817 ns, At safepoint: 6971 ns, Total: 222788 ns
[2021-11-03T05:01:03.836+0000][7][safepoint    ] Safepoint "Cleanup", Time since last: 1003877520 ns, Reaching safepoint: 307554 ns, At safepoint: 7255 ns, Total: 314809 ns
[2021-11-03T05:01:04.842+0000][7][safepoint    ] Safepoint "Cleanup", Time since last: 1005498196 ns, Reaching safepoint: 257077 ns, At safepoint: 6577 ns, Total: 263654 ns
[2021-11-03T05:01:05.845+0000][7][safepoint    ] Safepoint "Cleanup", Time since last: 1002453806 ns, Reaching safepoint: 137530 ns, At safepoint: 3386 ns, Total: 140916 ns
[2021-11-03T05:01:06.846+0000][7][safepoint    ] Safepoint "Cleanup", Time since last: 1001156246 ns, Reaching safepoint: 255003 ns, At safepoint: 6519 ns, Total: 261522 ns
[2021-11-03T05:01:07.849+0000][7][safepoint    ] Safepoint "Cleanup", Time since last: 1003094898 ns, Reaching safepoint: 416158 ns, At safepoint: 7380 ns, Total: 423538 ns
[2021-11-03T05:01:08.862+0000][7][safepoint    ] Safepoint "Cleanup", Time since last: 1011711719 ns, Reaching safepoint: 525744 ns, At safepoint: 12164 ns, Total: 537908 ns
[2021-11-03T05:01:09.864+0000][7][safepoint    ] Safepoint "Cleanup", Time since last: 1002498022 ns, Reaching safepoint: 233494 ns, At safepoint: 7789 ns, Total: 241283 ns
[2021-11-03T05:01:10.872+0000][7][safepoint    ] Safepoint "Cleanup", Time since last: 1006631225 ns, Reaching safepoint: 703096 ns, At safepoint: 9371 ns, Total: 712467 ns
[2021-11-03T05:01:11.877+0000][7][safepoint    ] Safepoint "Cleanup", Time since last: 1005190436 ns, Reaching safepoint: 446149 ns, At safepoint: 9189 ns, Total: 455338 ns
[2021-11-03T05:01:12.881+0000][7][safepoint    ] Safepoint "Cleanup", Time since last: 1003237439 ns, Reaching safepoint: 525987 ns, At safepoint: 18066 ns, Total: 544053 ns
[2021-11-03T05:01:13.894+0000][7][safepoint    ] Safepoint "Cleanup", Time since last: 1012290851 ns, Reaching safepoint: 219450 ns, At safepoint: 8815 ns, Total: 228265 ns
[2021-11-03T05:01:14.900+0000][7][safepoint    ] Safepoint "Cleanup", Time since last: 1006295985 ns, Reaching safepoint: 376269 ns, At safepoint: 6636 ns, Total: 382905 ns
[2021-11-03T05:01:15.903+0000][7][safepoint    ] Safepoint "Cleanup", Time since last: 1002764801 ns, Reaching safepoint: 238303 ns, At safepoint: 6121 ns, Total: 244424 ns
[2021-11-03T05:01:16.909+0000][7][safepoint    ] Safepoint "Cleanup", Time since last: 1005356917 ns, Reaching safepoint: 148199 ns, At safepoint: 5885 ns, Total: 154084 ns
[2021-11-03T05:01:17.918+0000][7][safepoint    ] Safepoint "Cleanup", Time since last: 1008952992 ns, Reaching safepoint: 380377 ns, At safepoint: 8273 ns, Total: 388650 ns
[2021-11-03T05:01:18.922+0000][7][safepoint    ] Safepoint "Cleanup", Time since last: 1003664626 ns, Reaching safepoint: 392430 ns, At safepoint: 7886 ns, Total: 400316 ns
[2021-11-03T05:01:19.926+0000][7][safepoint    ] Safepoint "Cleanup", Time since last: 1003690656 ns, Reaching safepoint: 368746 ns, At safepoint: 6191 ns, Total: 374937 ns
[2021-11-03T05:01:20.937+0000][7][safepoint    ] Safepoint "Cleanup", Time since last: 1009452441 ns, Reaching safepoint: 548216 ns, At safepoint: 70437 ns, Total: 618653 ns
[2021-11-03T05:01:21.940+0000][7][safepoint    ] Safepoint "Cleanup", Time since last: 1003150548 ns, Reaching safepoint: 624271 ns, At safepoint: 21429 ns, Total: 645700 ns
[2021-11-03T05:01:22.943+0000][7][safepoint    ] Safepoint "Cleanup", Time since last: 1002226487 ns, Reaching safepoint: 564082 ns, At safepoint: 22571 ns, Total: 586653 ns
[2021-11-03T05:01:23.950+0000][7][safepoint    ] Safepoint "Cleanup", Time since last: 1006354298 ns, Reaching safepoint: 622599 ns, At safepoint: 18200 ns, Total: 640799 ns
[2021-11-03T05:01:24.953+0000][7][safepoint    ] Safepoint "Cleanup", Time since last: 1002806312 ns, Reaching safepoint: 182312 ns, At safepoint: 6210 ns, Total: 188522 ns
[2021-11-03T05:01:25.956+0000][7][safepoint    ] Safepoint "Cleanup", Time since last: 1002725462 ns, Reaching safepoint: 179289 ns, At safepoint: 6363 ns, Total: 185652 ns
[2021-11-03T05:01:26.960+0000][7][safepoint    ] Safepoint "Cleanup", Time since last: 1003557269 ns, Reaching safepoint: 448813 ns, At safepoint: 9535 ns, Total: 458348 ns
[2021-11-03T05:01:27.966+0000][7][safepoint    ] Safepoint "Cleanup", Time since last: 1005596140 ns, Reaching safepoint: 167362 ns, At safepoint: 6305 ns, Total: 173667 ns
[2021-11-03T05:01:28.977+0000][7][safepoint    ] Safepoint "Cleanup", Time since last: 1010661571 ns, Reaching safepoint: 391331 ns, At safepoint: 9725 ns, Total: 401056 ns
[2021-11-03T05:01:29.979+0000][7][safepoint    ] Safepoint "Cleanup", Time since last: 1002271608 ns, Reaching safepoint: 237623 ns, At safepoint: 6646 ns, Total: 244269 ns
[2021-11-03T05:01:30.982+0000][7][safepoint    ] Safepoint "Cleanup", Time since last: 1002503906 ns, Reaching safepoint: 173006 ns, At safepoint: 3244 ns, Total: 176250 ns
[2021-11-03T05:01:31.985+0000][7][safepoint    ] Safepoint "Cleanup", Time since last: 1002820589 ns, Reaching safepoint: 188538 ns, At safepoint: 6682 ns, Total: 195220 ns
[2021-11-03T05:01:32.988+0000][7][safepoint    ] Safepoint "Cleanup", Time since last: 1002506680 ns, Reaching safepoint: 166183 ns, At safepoint: 5546 ns, Total: 171729 ns
[2021-11-03T05:01:33.975+0000][7][safepoint    ] Safepoint "Cleanup", Time since last: 1008811623 ns, Reaching safepoint: 173879 ns, At safepoint: 7491 ns, Total: 181370 ns
[2021-11-03T05:01:34.978+0000][7][safepoint    ] Safepoint "Cleanup", Time since last: 1002334611 ns, Reaching safepoint: 317739 ns, At safepoint: 6854 ns, Total: 324593 ns
[2021-11-03T05:01:35.981+0000][7][safepoint    ] Safepoint "Cleanup", Time since last: 1002559354 ns, Reaching safepoint: 228164 ns, At safepoint: 5968 ns, Total: 234132 ns
[2021-11-03T05:01:36.984+0000][7][safepoint    ] Safepoint "Cleanup", Time since last: 1003288843 ns, Reaching safepoint: 284091 ns, At safepoint: 39878 ns, Total: 323969 ns
[2021-11-03T05:01:37.987+0000][7][safepoint    ] Safepoint "Cleanup", Time since last: 1002883692 ns, Reaching safepoint: 246751 ns, At safepoint: 6223 ns, Total: 252974 ns
[2021-11-03T05:01:38.992+0000][7][safepoint    ] Safepoint "Cleanup", Time since last: 1003569982 ns, Reaching safepoint: 613372 ns, At safepoint: 22465 ns, Total: 635837 ns
[2021-11-03T05:01:39.996+0000][7][safepoint    ] Safepoint "Cleanup", Time since last: 1003820058 ns, Reaching safepoint: 567942 ns, At safepoint: 10725 ns, Total: 578667 ns
[2021-11-03T05:01:41.001+0000][7][safepoint    ] Safepoint "Cleanup", Time since last: 1004880710 ns, Reaching safepoint: 480085 ns, At safepoint: 15396 ns, Total: 495481 ns
[2021-11-03T05:01:42.006+0000][7][safepoint    ] Safepoint "Cleanup", Time since last: 1004208799 ns, Reaching safepoint: 175728 ns, At safepoint: 5771 ns, Total: 181499 ns
[2021-11-03T05:01:43.013+0000][7][safepoint    ] Safepoint "Cleanup", Time since last: 1007282344 ns, Reaching safepoint: 349544 ns, At safepoint: 77259 ns, Total: 426803 ns
[2021-11-03T05:01:44.016+0000][7][safepoint    ] Safepoint "Cleanup", Time since last: 1002428216 ns, Reaching safepoint: 179996 ns, At safepoint: 7057 ns, Total: 187053 ns
[2021-11-03T05:01:45.020+0000][7][safepoint    ] Safepoint "Cleanup", Time since last: 1003381770 ns, Reaching safepoint: 333814 ns, At safepoint: 6709 ns, Total: 340523 ns
[2021-11-03T05:01:46.028+0000][7][safepoint    ] Safepoint "Cleanup", Time since last: 1008212178 ns, Reaching safepoint: 180787 ns, At safepoint: 6559 ns, Total: 187346 ns
[2021-11-03T05:01:47.031+0000][7][safepoint    ] Safepoint "Cleanup", Time since last: 1002425564 ns, Reaching safepoint: 207839 ns, At safepoint: 6457 ns, Total: 214296 ns
[2021-11-03T05:01:48.042+0000][7][safepoint    ] Safepoint "Cleanup", Time since last: 1010679648 ns, Reaching safepoint: 350521 ns, At safepoint: 6222 ns, Total: 356743 ns
[2021-11-03T05:01:49.049+0000][7][safepoint    ] Safepoint "Cleanup", Time since last: 1006772612 ns, Reaching safepoint: 176799 ns, At safepoint: 6842 ns, Total: 183641 ns
[2021-11-03T05:01:50.052+0000][7][safepoint    ] Safepoint "Cleanup", Time since last: 1003219417 ns, Reaching safepoint: 167308 ns, At safepoint: 6077 ns, Total: 173385 ns
[2021-11-03T05:01:51.065+0000][7][safepoint    ] Safepoint "Cleanup", Time since last: 1012282460 ns, Reaching safepoint: 387394 ns, At safepoint: 8346 ns, Total: 395740 ns
[2021-11-03T05:01:52.068+0000][7][safepoint    ] Safepoint "Cleanup", Time since last: 1002432398 ns, Reaching safepoint: 421601 ns, At safepoint: 14815 ns, Total: 436416 ns
[2021-11-03T05:01:53.070+0000][7][safepoint    ] Safepoint "Cleanup", Time since last: 1001680440 ns, Reaching safepoint: 365261 ns, At safepoint: 8596 ns, Total: 373857 ns
[2021-11-03T05:01:54.073+0000][7][safepoint    ] Safepoint "Cleanup", Time since last: 1002839281 ns, Reaching safepoint: 137638 ns, At safepoint: 3751 ns, Total: 141389 ns
[2021-11-03T05:01:55.075+0000][7][safepoint    ] Safepoint "Cleanup", Time since last: 1001804674 ns, Reaching safepoint: 167303 ns, At safepoint: 4479 ns, Total: 171782 ns
[2021-11-03T05:01:56.077+0000][7][safepoint    ] Safepoint "Cleanup", Time since last: 1002011292 ns, Reaching safepoint: 129471 ns, At safepoint: 3504 ns, Total: 132975 ns
[2021-11-03T05:01:57.082+0000][7][safepoint    ] Safepoint "Cleanup", Time since last: 1004960953 ns, Reaching safepoint: 114620 ns, At safepoint: 2280 ns, Total: 116900 ns
[2021-11-03T05:01:58.089+0000][7][safepoint    ] Safepoint "Cleanup", Time since last: 1007250213 ns, Reaching safepoint: 223391 ns, At safepoint: 5597 ns, Total: 228988 ns
[2021-11-03T05:01:59.102+0000][7][safepoint    ] Safepoint "Cleanup", Time since last: 1012207539 ns, Reaching safepoint: 445411 ns, At safepoint: 10400 ns, Total: 455811 ns
[2021-11-03T05:02:00.108+0000][7][safepoint    ] Safepoint "Cleanup", Time since last: 1005219159 ns, Reaching safepoint: 173001 ns, At safepoint: 4991 ns, Total: 177992 ns
[2021-11-03T05:02:01.112+0000][7][safepoint    ] Safepoint "Cleanup", Time since last: 1004728350 ns, Reaching safepoint: 171450 ns, At safepoint: 4924 ns, Total: 176374 ns
[2021-11-03T05:02:02.114+0000][7][safepoint    ] Safepoint "Cleanup", Time since last: 1001794770 ns, Reaching safepoint: 182787 ns, At safepoint: 4670 ns, Total: 187457 ns
[2021-11-03T05:02:03.117+0000][7][safepoint    ] Safepoint "Cleanup", Time since last: 1002467847 ns, Reaching safepoint: 206949 ns, At safepoint: 61978 ns, Total: 268927 ns
[2021-11-03T05:02:04.103+0000][7][safepoint    ] Safepoint "Cleanup", Time since last: 1003200884 ns, Reaching safepoint: 237783 ns, At safepoint: 5357 ns, Total: 243140 ns
[2021-11-03T05:02:05.107+0000][7][safepoint    ] Safepoint "Cleanup", Time since last: 1003041556 ns, Reaching safepoint: 215828 ns, At safepoint: 5696 ns, Total: 221524 ns
[2021-11-03T05:02:06.111+0000][7][safepoint    ] Safepoint "Cleanup", Time since last: 1003672286 ns, Reaching safepoint: 235025 ns, At safepoint: 5040 ns, Total: 240065 ns
[2021-11-03T05:02:07.119+0000][7][safepoint    ] Safepoint "Cleanup", Time since last: 1007633129 ns, Reaching safepoint: 531486 ns, At safepoint: 10357 ns, Total: 541843 ns
[2021-11-03T05:02:08.128+0000][7][safepoint    ] Safepoint "Cleanup", Time since last: 1008752960 ns, Reaching safepoint: 360377 ns, At safepoint: 56176 ns, Total: 416553 ns
[2021-11-03T05:02:09.132+0000][7][safepoint    ] Safepoint "Cleanup", Time since last: 1003626287 ns, Reaching safepoint: 327175 ns, At safepoint: 11492 ns, Total: 338667 ns
[2021-11-03T05:02:10.138+0000][7][safepoint    ] Safepoint "Cleanup", Time since last: 1006103326 ns, Reaching safepoint: 459415 ns, At safepoint: 8141 ns, Total: 467556 ns
[2021-11-03T05:02:11.144+0000][7][safepoint    ] Safepoint "Cleanup", Time since last: 1005112082 ns, Reaching safepoint: 183998 ns, At safepoint: 4619 ns, Total: 188617 ns
[2021-11-03T05:02:12.150+0000][7][safepoint    ] Safepoint "Cleanup", Time since last: 1005643090 ns, Reaching safepoint: 173965 ns, At safepoint: 4818 ns, Total: 178783 ns
[2021-11-03T05:02:13.153+0000][7][safepoint    ] Safepoint "Cleanup", Time since last: 1003417164 ns, Reaching safepoint: 244284 ns, At safepoint: 7364 ns, Total: 251648 ns
[2021-11-03T05:02:14.156+0000][7][safepoint    ] Safepoint "Cleanup", Time since last: 1002602876 ns, Reaching safepoint: 223732 ns, At safepoint: 6342 ns, Total: 230074 ns
[2021-11-03T05:02:15.159+0000][7][safepoint    ] Safepoint "Cleanup", Time since last: 1002458386 ns, Reaching safepoint: 102319 ns, At safepoint: 2331 ns, Total: 104650 ns
[2021-11-03T05:02:16.167+0000][7][safepoint    ] Safepoint "Cleanup", Time since last: 1008094357 ns, Reaching safepoint: 184427 ns, At safepoint: 5166 ns, Total: 189593 ns
[2021-11-03T05:02:17.171+0000][7][safepoint    ] Safepoint "Cleanup", Time since last: 1004075175 ns, Reaching safepoint: 233751 ns, At safepoint: 5737 ns, Total: 239488 ns
[2021-11-03T05:02:18.175+0000][7][safepoint    ] Safepoint "Cleanup", Time since last: 1003303227 ns, Reaching safepoint: 167927 ns, At safepoint: 4031 ns, Total: 171958 ns
[2021-11-03T05:02:19.177+0000][7][safepoint    ] Safepoint "Cleanup", Time since last: 1001921235 ns, Reaching safepoint: 136515 ns, At safepoint: 3986 ns, Total: 140501 ns
[2021-11-03T05:02:20.180+0000][7][safepoint    ] Safepoint "Cleanup", Time since last: 1003149863 ns, Reaching safepoint: 153923 ns, At safepoint: 4956 ns, Total: 158879 ns
[2021-11-03T05:02:21.183+0000][7][safepoint    ] Safepoint "Cleanup", Time since last: 1002728858 ns, Reaching safepoint: 282339 ns, At safepoint: 5253 ns, Total: 287592 ns
[2021-11-03T05:02:22.186+0000][7][safepoint    ] Safepoint "Cleanup", Time since last: 1002644929 ns, Reaching safepoint: 123867 ns, At safepoint: 4224 ns, Total: 128091 ns
[2021-11-03T05:02:23.189+0000][7][safepoint    ] Safepoint "Cleanup", Time since last: 1003152395 ns, Reaching safepoint: 287406 ns, At safepoint: 5902 ns, Total: 293308 ns
[2021-11-03T05:02:24.198+0000][7][safepoint    ] Safepoint "Cleanup", Time since last: 1007725122 ns, Reaching safepoint: 448736 ns, At safepoint: 13995 ns, Total: 462731 ns
[2021-11-03T05:02:25.201+0000][7][safepoint    ] Safepoint "Cleanup", Time since last: 1002731899 ns, Reaching safepoint: 268031 ns, At safepoint: 4967 ns, Total: 272998 ns
[2021-11-03T05:02:26.207+0000][7][safepoint    ] Safepoint "Cleanup", Time since last: 1005930674 ns, Reaching safepoint: 309790 ns, At safepoint: 6146 ns, Total: 315936 ns
[2021-11-03T05:02:27.209+0000][7][safepoint    ] Safepoint "Cleanup", Time since last: 1002142574 ns, Reaching safepoint: 270794 ns, At safepoint: 6768 ns, Total: 277562 ns
[2021-11-03T05:02:28.212+0000][7][safepoint    ] Safepoint "Cleanup", Time since last: 1002389346 ns, Reaching safepoint: 188262 ns, At safepoint: 4979 ns, Total: 193241 ns
[2021-11-03T05:02:29.216+0000][7][safepoint    ] Safepoint "Cleanup", Time since last: 1004161165 ns, Reaching safepoint: 260377 ns, At safepoint: 5100 ns, Total: 265477 ns
[2021-11-03T05:02:30.218+0000][7][safepoint    ] Safepoint "Cleanup", Time since last: 1001580808 ns, Reaching safepoint: 141794 ns, At safepoint: 4565 ns, Total: 146359 ns
[2021-11-03T05:02:31.220+0000][7][safepoint    ] Safepoint "Cleanup", Time since last: 1002186510 ns, Reaching safepoint: 119747 ns, At safepoint: 4102 ns, Total: 123849 ns
[2021-11-03T05:02:32.223+0000][7][safepoint    ] Safepoint "Cleanup", Time since last: 1002853558 ns, Reaching safepoint: 133939 ns, At safepoint: 4372 ns, Total: 138311 ns
[2021-11-03T05:02:33.232+0000][7][safepoint    ] Safepoint "Cleanup", Time since last: 1008032722 ns, Reaching safepoint: 370114 ns, At safepoint: 7227 ns, Total: 377341 ns
[2021-11-03T05:02:34.214+0000][7][safepoint    ] Safepoint "Cleanup", Time since last: 1002763914 ns, Reaching safepoint: 131261 ns, At safepoint: 4545 ns, Total: 135806 ns
[2021-11-03T05:02:35.667+0000][7][safepoint    ] Safepoint "Cleanup", Time since last: 1452759838 ns, Reaching safepoint: 194587 ns, At safepoint: 4538 ns, Total: 199125 ns
[2021-11-03T05:02:36.670+0000][7][safepoint    ] Safepoint "Cleanup", Time since last: 1002756990 ns, Reaching safepoint: 253261 ns, At safepoint: 5516 ns, Total: 258777 ns
[2021-11-03T05:02:37.672+0000][7][safepoint    ] Safepoint "Cleanup", Time since last: 1002104569 ns, Reaching safepoint: 135655 ns, At safepoint: 2965 ns, Total: 138620 ns
[2021-11-03T05:02:38.675+0000][7][safepoint    ] Safepoint "Cleanup", Time since last: 1002037643 ns, Reaching safepoint: 191267 ns, At safepoint: 5182 ns, Total: 196449 ns
[2021-11-03T05:02:39.677+0000][7][safepoint    ] Safepoint "Cleanup", Time since last: 1002129571 ns, Reaching safepoint: 182774 ns, At safepoint: 6607 ns, Total: 189381 ns
[2021-11-03T05:02:40.679+0000][7][safepoint    ] Safepoint "Cleanup", Time since last: 1002420873 ns, Reaching safepoint: 160752 ns, At safepoint: 5717 ns, Total: 166469 ns
[2021-11-03T05:02:41.685+0000][7][safepoint    ] Safepoint "Cleanup", Time since last: 1005434330 ns, Reaching safepoint: 324685 ns, At safepoint: 6778 ns, Total: 331463 ns
[2021-11-03T05:02:42.692+0000][7][safepoint    ] Safepoint "Cleanup", Time since last: 1006955777 ns, Reaching safepoint: 175136 ns, At safepoint: 6220 ns, Total: 181356 ns
[2021-11-03T05:02:43.695+0000][7][safepoint    ] Safepoint "Cleanup", Time since last: 1002687328 ns, Reaching safepoint: 194004 ns, At safepoint: 5728 ns, Total: 199732 ns
[2021-11-03T05:02:44.698+0000][7][safepoint    ] Safepoint "Cleanup", Time since last: 1002486554 ns, Reaching safepoint: 423778 ns, At safepoint: 8811 ns, Total: 432589 ns
[2021-11-03T05:02:45.701+0000][7][safepoint    ] Safepoint "Cleanup", Time since last: 1002323005 ns, Reaching safepoint: 175670 ns, At safepoint: 6483 ns, Total: 182153 ns
[2021-11-03T05:02:46.705+0000][7][safepoint    ] Safepoint "Cleanup", Time since last: 1004271488 ns, Reaching safepoint: 175150 ns, At safepoint: 6365 ns, Total: 181515 ns
[2021-11-03T05:02:47.709+0000][7][safepoint    ] Safepoint "Cleanup", Time since last: 1003223193 ns, Reaching safepoint: 168133 ns, At safepoint: 6031 ns, Total: 174164 ns
[2021-11-03T05:02:48.712+0000][7][safepoint    ] Safepoint "Cleanup", Time since last: 1002930130 ns, Reaching safepoint: 179409 ns, At safepoint: 6014 ns, Total: 185423 ns
[2021-11-03T05:02:49.716+0000][7][safepoint    ] Safepoint "Cleanup", Time since last: 1003840180 ns, Reaching safepoint: 918173 ns, At safepoint: 22709 ns, Total: 940882 ns
[2021-11-03T05:02:50.720+0000][7][safepoint    ] Safepoint "Cleanup", Time since last: 1003809374 ns, Reaching safepoint: 247026 ns, At safepoint: 7198 ns, Total: 254224 ns
[2021-11-03T05:02:51.723+0000][7][safepoint    ] Safepoint "Cleanup", Time since last: 1002624768 ns, Reaching safepoint: 219158 ns, At safepoint: 7934 ns, Total: 227092 ns
[2021-11-03T05:02:52.728+0000][7][safepoint    ] Safepoint "Cleanup", Time since last: 1004764048 ns, Reaching safepoint: 175606 ns, At safepoint: 5979 ns, Total: 181585 ns
[2021-11-03T05:02:53.732+0000][7][safepoint    ] Safepoint "Cleanup", Time since last: 1003180877 ns, Reaching safepoint: 229859 ns, At safepoint: 7582 ns, Total: 237441 ns
[2021-11-03T05:02:54.736+0000][7][safepoint    ] Safepoint "Cleanup", Time since last: 1003415207 ns, Reaching safepoint: 413727 ns, At safepoint: 8558 ns, Total: 422285 ns
[2021-11-03T05:02:55.739+0000][7][safepoint    ] Safepoint "Cleanup", Time since last: 1002788271 ns, Reaching safepoint: 177231 ns, At safepoint: 6118 ns, Total: 183349 ns
[2021-11-03T05:02:56.747+0000][7][safepoint    ] Safepoint "Cleanup", Time since last: 1008333607 ns, Reaching safepoint: 345261 ns, At safepoint: 6946 ns, Total: 352207 ns
[2021-11-03T05:02:57.753+0000][7][safepoint    ] Safepoint "Cleanup", Time since last: 1004855879 ns, Reaching safepoint: 433131 ns, At safepoint: 11287 ns, Total: 444418 ns
[2021-11-03T05:02:58.756+0000][7][safepoint    ] Safepoint "Cleanup", Time since last: 1002588767 ns, Reaching safepoint: 395438 ns, At safepoint: 11797 ns, Total: 407235 ns
[2021-11-03T05:02:59.759+0000][7][safepoint    ] Safepoint "Cleanup", Time since last: 1002787830 ns, Reaching safepoint: 308083 ns, At safepoint: 7448 ns, Total: 315531 ns
[2021-11-03T05:03:00.769+0000][7][safepoint    ] Safepoint "Cleanup", Time since last: 1009665805 ns, Reaching safepoint: 760523 ns, At safepoint: 21339 ns, Total: 781862 ns
[2021-11-03T05:03:01.772+0000][7][safepoint    ] Safepoint "Cleanup", Time since last: 1002638243 ns, Reaching safepoint: 465532 ns, At safepoint: 10413 ns, Total: 475945 ns
[2021-11-03T05:03:02.780+0000][7][safepoint    ] Safepoint "Cleanup", Time since last: 1007021778 ns, Reaching safepoint: 395956 ns, At safepoint: 9780 ns, Total: 405736 ns
[2021-11-03T05:03:03.765+0000][7][safepoint    ] Safepoint "Cleanup", Time since last: 1006387550 ns, Reaching safepoint: 302875 ns, At safepoint: 11848 ns, Total: 314723 ns
[2021-11-03T05:03:04.768+0000][7][safepoint    ] Safepoint "Cleanup", Time since last: 1002245236 ns, Reaching safepoint: 620486 ns, At safepoint: 22740 ns, Total: 643226 ns
[2021-11-03T05:03:05.772+0000][7][safepoint    ] Safepoint "Cleanup", Time since last: 1003349812 ns, Reaching safepoint: 622496 ns, At safepoint: 21275 ns, Total: 643771 ns
[2021-11-03T05:03:06.775+0000][7][safepoint    ] Safepoint "Cleanup", Time since last: 1002413727 ns, Reaching safepoint: 588632 ns, At safepoint: 23457 ns, Total: 612089 ns
[2021-11-03T05:03:07.781+0000][7][safepoint    ] Safepoint "Cleanup", Time since last: 1005234403 ns, Reaching safepoint: 607686 ns, At safepoint: 21046 ns, Total: 628732 ns
[2021-11-03T05:03:08.785+0000][7][safepoint    ] Safepoint "Cleanup", Time since last: 1003401899 ns, Reaching safepoint: 1016691 ns, At safepoint: 12588 ns, Total: 1029279 ns
[2021-11-03T05:03:09.791+0000][7][safepoint    ] Safepoint "Cleanup", Time since last: 1004930328 ns, Reaching safepoint: 213825 ns, At safepoint: 6848 ns, Total: 220673 ns
[2021-11-03T05:03:10.793+0000][7][safepoint    ] Safepoint "Cleanup", Time since last: 1002362295 ns, Reaching safepoint: 397207 ns, At safepoint: 8485 ns, Total: 405692 ns
[2021-11-03T05:03:11.796+0000][7][safepoint    ] Safepoint "Cleanup", Time since last: 1002779625 ns, Reaching safepoint: 176603 ns, At safepoint: 6587 ns, Total: 183190 ns
[2021-11-03T05:03:12.799+0000][7][safepoint    ] Safepoint "Cleanup", Time since last: 1002000741 ns, Reaching safepoint: 165539 ns, At safepoint: 6148 ns, Total: 171687 ns
[2021-11-03T05:03:13.810+0000][7][safepoint    ] Safepoint "Cleanup", Time since last: 1011152518 ns, Reaching safepoint: 180235 ns, At safepoint: 7218 ns, Total: 187453 ns
[2021-11-03T05:03:14.812+0000][7][safepoint    ] Safepoint "Cleanup", Time since last: 1002372812 ns, Reaching safepoint: 174167 ns, At safepoint: 5281 ns, Total: 179448 ns
[2021-11-03T05:03:15.818+0000][7][safepoint    ] Safepoint "Cleanup", Time since last: 1005381040 ns, Reaching safepoint: 609652 ns, At safepoint: 8434 ns, Total: 618086 ns
[2021-11-03T05:03:16.823+0000][7][safepoint    ] Safepoint "Cleanup", Time since last: 1004106329 ns, Reaching safepoint: 178571 ns, At safepoint: 6521 ns, Total: 185092 ns
[2021-11-03T05:03:17.828+0000][7][safepoint    ] Safepoint "Cleanup", Time since last: 1005004294 ns, Reaching safepoint: 183644 ns, At safepoint: 6076 ns, Total: 189720 ns
[2021-11-03T05:03:18.835+0000][7][safepoint    ] Safepoint "Cleanup", Time since last: 1006674550 ns, Reaching safepoint: 181545 ns, At safepoint: 6259 ns, Total: 187804 ns
[2021-11-03T05:03:19.846+0000][7][safepoint    ] Safepoint "Cleanup", Time since last: 1011019571 ns, Reaching safepoint: 396918 ns, At safepoint: 6847 ns, Total: 403765 ns
[2021-11-03T05:03:20.851+0000][7][safepoint    ] Safepoint "Cleanup", Time since last: 1005012070 ns, Reaching safepoint: 178186 ns, At safepoint: 6165 ns, Total: 184351 ns
[2021-11-03T05:03:21.857+0000][7][safepoint    ] Safepoint "Cleanup", Time since last: 1005076991 ns, Reaching safepoint: 172412 ns, At safepoint: 6648 ns, Total: 179060 ns
[2021-11-03T05:03:22.865+0000][7][safepoint    ] Safepoint "Cleanup", Time since last: 1007951377 ns, Reaching safepoint: 175451 ns, At safepoint: 6245 ns, Total: 181696 ns
[2021-11-03T05:03:23.868+0000][7][safepoint    ] Safepoint "Cleanup", Time since last: 1003278490 ns, Reaching safepoint: 122427 ns, At safepoint: 3790 ns, Total: 126217 ns
[2021-11-03T05:03:24.871+0000][7][safepoint    ] Safepoint "Cleanup", Time since last: 1002538734 ns, Reaching safepoint: 115261 ns, At safepoint: 2816 ns, Total: 118077 ns
[2021-11-03T05:03:25.873+0000][7][safepoint    ] Safepoint "Cleanup", Time since last: 1002024694 ns, Reaching safepoint: 300715 ns, At safepoint: 6198 ns, Total: 306913 ns
[2021-11-03T05:03:26.876+0000][7][safepoint    ] Safepoint "Cleanup", Time since last: 1002318170 ns, Reaching safepoint: 299276 ns, At safepoint: 16252 ns, Total: 315528 ns
[2021-11-03T05:03:27.878+0000][7][safepoint    ] Safepoint "Cleanup", Time since last: 1002314305 ns, Reaching safepoint: 178867 ns, At safepoint: 6523 ns, Total: 185390 ns
[2021-11-03T05:03:28.884+0000][7][safepoint    ] Safepoint "Cleanup", Time since last: 1005902509 ns, Reaching safepoint: 160755 ns, At safepoint: 6033 ns, Total: 166788 ns
[2021-11-03T05:03:29.896+0000][7][safepoint    ] Safepoint "Cleanup", Time since last: 1011217381 ns, Reaching safepoint: 224724 ns, At safepoint: 5946 ns, Total: 230670 ns
[2021-11-03T05:03:30.900+0000][7][safepoint    ] Safepoint "Cleanup", Time since last: 1003546040 ns, Reaching safepoint: 170913 ns, At safepoint: 6177 ns, Total: 177090 ns
[2021-11-03T05:03:31.904+0000][7][safepoint    ] Safepoint "Cleanup", Time since last: 1003914176 ns, Reaching safepoint: 179564 ns, At safepoint: 5535 ns, Total: 185099 ns
[2021-11-03T05:03:32.906+0000][7][safepoint    ] Safepoint "Cleanup", Time since last: 1001839006 ns, Reaching safepoint: 259054 ns, At safepoint: 8085 ns, Total: 267139 ns
[2021-11-03T05:03:33.887+0000][7][safepoint    ] Safepoint "Cleanup", Time since last: 1002467195 ns, Reaching safepoint: 227746 ns, At safepoint: 5082 ns, Total: 232828 ns
[2021-11-03T05:03:34.891+0000][7][safepoint    ] Safepoint "Cleanup", Time since last: 1003056480 ns, Reaching safepoint: 185528 ns, At safepoint: 5335 ns, Total: 190863 ns
[2021-11-03T05:03:35.896+0000][7][safepoint    ] Safepoint "Cleanup", Time since last: 1004844286 ns, Reaching safepoint: 198655 ns, At safepoint: 6165 ns, Total: 204820 ns
[2021-11-03T05:03:36.902+0000][7][safepoint    ] Safepoint "Cleanup", Time since last: 1005734960 ns, Reaching safepoint: 176130 ns, At safepoint: 6293 ns, Total: 182423 ns
[2021-11-03T05:03:37.912+0000][7][safepoint    ] Safepoint "Cleanup", Time since last: 1010005192 ns, Reaching safepoint: 183659 ns, At safepoint: 6600 ns, Total: 190259 ns
[2021-11-03T05:03:38.917+0000][7][safepoint    ] Safepoint "Cleanup", Time since last: 1004903708 ns, Reaching safepoint: 345027 ns, At safepoint: 7614 ns, Total: 352641 ns
[2021-11-03T05:03:39.922+0000][7][safepoint    ] Safepoint "Cleanup", Time since last: 1004599180 ns, Reaching safepoint: 172459 ns, At safepoint: 6759 ns, Total: 179218 ns
[2021-11-03T05:03:40.927+0000][7][safepoint    ] Safepoint "Cleanup", Time since last: 1004493815 ns, Reaching safepoint: 170652 ns, At safepoint: 6454 ns, Total: 177106 ns
[2021-11-03T05:03:41.929+0000][7][safepoint    ] Safepoint "Cleanup", Time since last: 1002401484 ns, Reaching safepoint: 167812 ns, At safepoint: 5838 ns, Total: 173650 ns
[2021-11-03T05:03:42.931+0000][7][safepoint    ] Safepoint "Cleanup", Time since last: 1001823344 ns, Reaching safepoint: 109396 ns, At safepoint: 3216 ns, Total: 112612 ns
[2021-11-03T05:03:43.936+0000][7][safepoint    ] Safepoint "Cleanup", Time since last: 1004982130 ns, Reaching safepoint: 173464 ns, At safepoint: 6556 ns, Total: 180020 ns
[2021-11-03T05:03:44.940+0000][7][safepoint    ] Safepoint "Cleanup", Time since last: 1003148360 ns, Reaching safepoint: 162601 ns, At safepoint: 5474 ns, Total: 168075 ns
[2021-11-03T05:03:45.945+0000][7][safepoint    ] Safepoint "Cleanup", Time since last: 1005484601 ns, Reaching safepoint: 169129 ns, At safepoint: 6479 ns, Total: 175608 ns
[2021-11-03T05:03:46.949+0000][7][safepoint    ] Safepoint "Cleanup", Time since last: 1003862409 ns, Reaching safepoint: 235507 ns, At safepoint: 7267 ns, Total: 242774 ns
[2021-11-03T05:03:47.956+0000][7][safepoint    ] Safepoint "Cleanup", Time since last: 1006822087 ns, Reaching safepoint: 170653 ns, At safepoint: 6080 ns, Total: 176733 ns
[2021-11-03T05:03:48.959+0000][7][safepoint    ] Safepoint "Cleanup", Time since last: 1002403219 ns, Reaching safepoint: 169345 ns, At safepoint: 6134 ns, Total: 175479 ns
[2021-11-03T05:03:49.964+0000][7][safepoint    ] Safepoint "Cleanup", Time since last: 1004921201 ns, Reaching safepoint: 330487 ns, At safepoint: 7402 ns, Total: 337889 ns
[2021-11-03T05:03:50.975+0000][7][safepoint    ] Safepoint "Cleanup", Time since last: 1010259347 ns, Reaching safepoint: 249617 ns, At safepoint: 6332 ns, Total: 255949 ns
[2021-11-03T05:03:51.979+0000][7][safepoint    ] Safepoint "Cleanup", Time since last: 1004310618 ns, Reaching safepoint: 243358 ns, At safepoint: 6940 ns, Total: 250298 ns
[2021-11-03T05:03:52.983+0000][7][safepoint    ] Safepoint "Cleanup", Time since last: 1003916177 ns, Reaching safepoint: 274307 ns, At safepoint: 8510 ns, Total: 282817 ns
[2021-11-03T05:03:53.988+0000][7][safepoint    ] Safepoint "Cleanup", Time since last: 1004149195 ns, Reaching safepoint: 235720 ns, At safepoint: 6329 ns, Total: 242049 ns
[2021-11-03T05:03:54.991+0000][7][safepoint    ] Safepoint "Cleanup", Time since last: 1002760490 ns, Reaching safepoint: 245481 ns, At safepoint: 6971 ns, Total: 252452 ns
[2021-11-03T05:03:55.995+0000][7][safepoint    ] Safepoint "Cleanup", Time since last: 1003667739 ns, Reaching safepoint: 232710 ns, At safepoint: 6601 ns, Total: 239311 ns
[2021-11-03T05:03:56.998+0000][7][safepoint    ] Safepoint "Cleanup", Time since last: 1002904759 ns, Reaching safepoint: 242915 ns, At safepoint: 6863 ns, Total: 249778 ns
[2021-11-03T05:03:58.005+0000][7][safepoint    ] Safepoint "Cleanup", Time since last: 1006294300 ns, Reaching safepoint: 276602 ns, At safepoint: 10670 ns, Total: 287272 ns
[2021-11-03T05:03:59.010+0000][7][safepoint    ] Safepoint "Cleanup", Time since last: 1005219224 ns, Reaching safepoint: 455763 ns, At safepoint: 8121 ns, Total: 463884 ns
[2021-11-03T05:04:00.016+0000][7][safepoint    ] Safepoint "Cleanup", Time since last: 1005343687 ns, Reaching safepoint: 419381 ns, At safepoint: 9892 ns, Total: 429273 ns
[2021-11-03T05:04:01.030+0000][7][safepoint    ] Safepoint "Cleanup", Time since last: 1013442593 ns, Reaching safepoint: 286818 ns, At safepoint: 6827 ns, Total: 293645 ns
[2021-11-03T05:04:02.037+0000][7][safepoint    ] Safepoint "Cleanup", Time since last: 1007065353 ns, Reaching safepoint: 390606 ns, At safepoint: 8282 ns, Total: 398888 ns
[2021-11-03T05:04:03.043+0000][7][safepoint    ] Safepoint "Cleanup", Time since last: 1005140607 ns, Reaching safepoint: 294887 ns, At safepoint: 6567 ns, Total: 301454 ns
[2021-11-03T05:04:04.032+0000][7][safepoint    ] Safepoint "Cleanup", Time since last: 1010539725 ns, Reaching safepoint: 284290 ns, At safepoint: 8415 ns, Total: 292705 ns
[2021-11-03T05:04:05.040+0000][7][safepoint    ] Safepoint "Cleanup", Time since last: 1007298486 ns, Reaching safepoint: 121109 ns, At safepoint: 4236 ns, Total: 125345 ns
[2021-11-03T05:04:06.042+0000][7][safepoint    ] Safepoint "Cleanup", Time since last: 1002135323 ns, Reaching safepoint: 166552 ns, At safepoint: 5067 ns, Total: 171619 ns
[2021-11-03T05:04:07.053+0000][7][safepoint    ] Safepoint "Cleanup", Time since last: 1010592492 ns, Reaching safepoint: 370319 ns, At safepoint: 6996 ns, Total: 377315 ns
[2021-11-03T05:04:08.056+0000][7][safepoint    ] Safepoint "Cleanup", Time since last: 1002283153 ns, Reaching safepoint: 171364 ns, At safepoint: 6305 ns, Total: 177669 ns
[2021-11-03T05:04:09.062+0000][7][safepoint    ] Safepoint "Cleanup", Time since last: 1006177698 ns, Reaching safepoint: 178935 ns, At safepoint: 6854 ns, Total: 185789 ns
[2021-11-03T05:04:10.067+0000][7][safepoint    ] Safepoint "Cleanup", Time since last: 1004442291 ns, Reaching safepoint: 365833 ns, At safepoint: 10376 ns, Total: 376209 ns
[2021-11-03T05:04:11.069+0000][7][safepoint    ] Safepoint "Cleanup", Time since last: 1002201094 ns, Reaching safepoint: 244900 ns, At safepoint: 7333 ns, Total: 252233 ns
[2021-11-03T05:04:12.079+0000][7][safepoint    ] Safepoint "Cleanup", Time since last: 1009254924 ns, Reaching safepoint: 278742 ns, At safepoint: 74434 ns, Total: 353176 ns
[2021-11-03T05:04:13.082+0000][7][safepoint    ] Safepoint "Cleanup", Time since last: 1002519220 ns, Reaching safepoint: 305893 ns, At safepoint: 9018 ns, Total: 314911 ns
[2021-11-03T05:04:14.085+0000][7][safepoint    ] Safepoint "Cleanup", Time since last: 1002808057 ns, Reaching safepoint: 310539 ns, At safepoint: 12302 ns, Total: 322841 ns
[2021-11-03T05:04:15.088+0000][7][safepoint    ] Safepoint "Cleanup", Time since last: 1003357729 ns, Reaching safepoint: 324478 ns, At safepoint: 12054 ns, Total: 336532 ns
[2021-11-03T05:04:16.095+0000][7][safepoint    ] Safepoint "Cleanup", Time since last: 1006023503 ns, Reaching safepoint: 309609 ns, At safepoint: 10194 ns, Total: 319803 ns
[2021-11-03T05:04:17.098+0000][7][safepoint    ] Safepoint "Cleanup", Time since last: 1003300215 ns, Reaching safepoint: 246663 ns, At safepoint: 6680 ns, Total: 253343 ns
[2021-11-03T05:04:18.105+0000][7][safepoint    ] Safepoint "Cleanup", Time since last: 1006625795 ns, Reaching safepoint: 240617 ns, At safepoint: 6483 ns, Total: 247100 ns
[2021-11-03T05:04:19.113+0000][7][safepoint    ] Safepoint "Cleanup", Time since last: 1006833619 ns, Reaching safepoint: 495486 ns, At safepoint: 9806 ns, Total: 505292 ns
[2021-11-03T05:04:20.122+0000][7][safepoint    ] Safepoint "Cleanup", Time since last: 1009056834 ns, Reaching safepoint: 323788 ns, At safepoint: 7098 ns, Total: 330886 ns
[2021-11-03T05:04:21.130+0000][7][safepoint    ] Safepoint "Cleanup", Time since last: 1008115254 ns, Reaching safepoint: 323064 ns, At safepoint: 6895 ns, Total: 329959 ns
[2021-11-03T05:04:22.142+0000][7][safepoint    ] Safepoint "Cleanup", Time since last: 1011418731 ns, Reaching safepoint: 513323 ns, At safepoint: 19619 ns, Total: 532942 ns
[2021-11-03T05:04:23.146+0000][7][safepoint    ] Safepoint "Cleanup", Time since last: 1003360413 ns, Reaching safepoint: 495268 ns, At safepoint: 10034 ns, Total: 505302 ns
[2021-11-03T05:04:24.149+0000][7][safepoint    ] Safepoint "Cleanup", Time since last: 1002876732 ns, Reaching safepoint: 321503 ns, At safepoint: 22407 ns, Total: 343910 ns
[2021-11-03T05:04:25.151+0000][7][safepoint    ] Safepoint "Cleanup", Time since last: 1001635737 ns, Reaching safepoint: 424406 ns, At safepoint: 9041 ns, Total: 433447 ns
[2021-11-03T05:04:26.155+0000][7][safepoint    ] Safepoint "Cleanup", Time since last: 1003174518 ns, Reaching safepoint: 524239 ns, At safepoint: 9053 ns, Total: 533292 ns
[2021-11-03T05:04:27.159+0000][7][safepoint    ] Safepoint "Cleanup", Time since last: 1002984122 ns, Reaching safepoint: 439328 ns, At safepoint: 9292 ns, Total: 448620 ns
[2021-11-03T05:04:28.162+0000][7][safepoint    ] Safepoint "Cleanup", Time since last: 1002655846 ns, Reaching safepoint: 457678 ns, At safepoint: 9693 ns, Total: 467371 ns
[2021-11-03T05:04:29.164+0000][7][safepoint    ] Safepoint "Cleanup", Time since last: 1002243729 ns, Reaching safepoint: 235541 ns, At safepoint: 6818 ns, Total: 242359 ns
[2021-11-03T05:04:30.174+0000][7][safepoint    ] Safepoint "Cleanup", Time since last: 1009870339 ns, Reaching safepoint: 252811 ns, At safepoint: 6643 ns, Total: 259454 ns
[2021-11-03T05:04:31.178+0000][7][safepoint    ] Safepoint "Cleanup", Time since last: 1003049600 ns, Reaching safepoint: 403598 ns, At safepoint: 8600 ns, Total: 412198 ns
[2021-11-03T05:04:32.182+0000][7][safepoint    ] Safepoint "Cleanup", Time since last: 1003513580 ns, Reaching safepoint: 564031 ns, At safepoint: 13225 ns, Total: 577256 ns
[2021-11-03T05:04:33.185+0000][7][safepoint    ] Safepoint "Cleanup", Time since last: 1003306747 ns, Reaching safepoint: 238838 ns, At safepoint: 6658 ns, Total: 245496 ns
[2021-11-03T05:04:34.167+0000][7][safepoint    ] Safepoint "Cleanup", Time since last: 1002449410 ns, Reaching safepoint: 237733 ns, At safepoint: 6616 ns, Total: 244349 ns
[2021-11-03T05:04:35.172+0000][7][safepoint    ] Safepoint "Cleanup", Time since last: 1004989363 ns, Reaching safepoint: 241933 ns, At safepoint: 6580 ns, Total: 248513 ns
[2021-11-03T05:04:36.175+0000][7][safepoint    ] Safepoint "Cleanup", Time since last: 1002572922 ns, Reaching safepoint: 234293 ns, At safepoint: 6952 ns, Total: 241245 ns
[2021-11-03T05:04:37.178+0000][7][safepoint    ] Safepoint "Cleanup", Time since last: 1003140250 ns, Reaching safepoint: 162987 ns, At safepoint: 3636 ns, Total: 166623 ns
[2021-11-03T05:04:38.181+0000][7][safepoint    ] Safepoint "Cleanup", Time since last: 1002292001 ns, Reaching safepoint: 398695 ns, At safepoint: 7514 ns, Total: 406209 ns
[2021-11-03T05:04:39.184+0000][7][safepoint    ] Safepoint "Cleanup", Time since last: 1002843220 ns, Reaching safepoint: 597805 ns, At safepoint: 9011 ns, Total: 606816 ns
[2021-11-03T05:04:40.188+0000][7][safepoint    ] Safepoint "Cleanup", Time since last: 1003228229 ns, Reaching safepoint: 241038 ns, At safepoint: 6949 ns, Total: 247987 ns
[2021-11-03T05:04:41.192+0000][7][safepoint    ] Safepoint "Cleanup", Time since last: 1003919679 ns, Reaching safepoint: 325939 ns, At safepoint: 9813 ns, Total: 335752 ns
[2021-11-03T05:04:42.195+0000][7][safepoint    ] Safepoint "Cleanup", Time since last: 1002423836 ns, Reaching safepoint: 353968 ns, At safepoint: 6743 ns, Total: 360711 ns
[2021-11-03T05:04:43.200+0000][7][safepoint    ] Safepoint "Cleanup", Time since last: 1005251412 ns, Reaching safepoint: 172822 ns, At safepoint: 11711 ns, Total: 184533 ns
[2021-11-03T05:04:44.203+0000][7][safepoint    ] Safepoint "Cleanup", Time since last: 1001841461 ns, Reaching safepoint: 270142 ns, At safepoint: 7179 ns, Total: 277321 ns
[2021-11-03T05:04:45.206+0000][7][safepoint    ] Safepoint "Cleanup", Time since last: 1003411940 ns, Reaching safepoint: 177229 ns, At safepoint: 6646 ns, Total: 183875 ns
[2021-11-03T05:04:46.211+0000][7][safepoint    ] Safepoint "Cleanup", Time since last: 1004925561 ns, Reaching safepoint: 255226 ns, At safepoint: 7567 ns, Total: 262793 ns
[2021-11-03T05:04:47.213+0000][7][safepoint    ] Safepoint "Cleanup", Time since last: 1002002545 ns, Reaching safepoint: 175024 ns, At safepoint: 4454 ns, Total: 179478 ns
[2021-11-03T05:04:48.217+0000][7][safepoint    ] Safepoint "Cleanup", Time since last: 1003709290 ns, Reaching safepoint: 298838 ns, At safepoint: 8385 ns, Total: 307223 ns
[2021-11-03T05:04:49.221+0000][7][safepoint    ] Safepoint "Cleanup", Time since last: 1002797160 ns, Reaching safepoint: 247577 ns, At safepoint: 6849 ns, Total: 254426 ns
[2021-11-03T05:04:50.224+0000][7][safepoint    ] Safepoint "Cleanup", Time since last: 1002981335 ns, Reaching safepoint: 453519 ns, At safepoint: 11289 ns, Total: 464808 ns
[2021-11-03T05:04:51.227+0000][7][safepoint    ] Safepoint "Cleanup", Time since last: 1003008168 ns, Reaching safepoint: 331438 ns, At safepoint: 11676 ns, Total: 343114 ns
[2021-11-03T05:04:52.234+0000][7][safepoint    ] Safepoint "Cleanup", Time since last: 1006202313 ns, Reaching safepoint: 398948 ns, At safepoint: 8113 ns, Total: 407061 ns
[2021-11-03T05:04:53.241+0000][7][safepoint    ] Safepoint "Cleanup", Time since last: 1007018068 ns, Reaching safepoint: 228383 ns, At safepoint: 9551 ns, Total: 237934 ns
[2021-11-03T05:04:54.244+0000][7][safepoint    ] Safepoint "Cleanup", Time since last: 1002527523 ns, Reaching safepoint: 324209 ns, At safepoint: 13326 ns, Total: 337535 ns
[2021-11-03T05:04:55.249+0000][7][safepoint    ] Safepoint "Cleanup", Time since last: 1004690074 ns, Reaching safepoint: 248274 ns, At safepoint: 7229 ns, Total: 255503 ns
[2021-11-03T05:04:56.252+0000][7][safepoint    ] Safepoint "Cleanup", Time since last: 1002360046 ns, Reaching safepoint: 175512 ns, At safepoint: 5823 ns, Total: 181335 ns
[2021-11-03T05:04:57.257+0000][7][safepoint    ] Safepoint "Cleanup", Time since last: 1005757873 ns, Reaching safepoint: 163965 ns, At safepoint: 7295 ns, Total: 171260 ns
[2021-11-03T05:04:58.267+0000][7][safepoint    ] Safepoint "Cleanup", Time since last: 1009403228 ns, Reaching safepoint: 167224 ns, At safepoint: 6687 ns, Total: 173911 ns
[2021-11-03T05:04:59.271+0000][7][safepoint    ] Safepoint "Cleanup", Time since last: 1004212003 ns, Reaching safepoint: 158761 ns, At safepoint: 6168 ns, Total: 164929 ns
[2021-11-03T05:05:00.274+0000][7][safepoint    ] Safepoint "Cleanup", Time since last: 1002291811 ns, Reaching safepoint: 175082 ns, At safepoint: 5933 ns, Total: 181015 ns
[2021-11-03T05:05:01.284+0000][7][safepoint    ] Safepoint "Cleanup", Time since last: 1010403622 ns, Reaching safepoint: 163352 ns, At safepoint: 6766 ns, Total: 170118 ns
[2021-11-03T05:05:02.291+0000][7][safepoint    ] Safepoint "Cleanup", Time since last: 1005847507 ns, Reaching safepoint: 241580 ns, At safepoint: 5734 ns, Total: 247314 ns
[2021-11-03T05:05:03.293+0000][7][safepoint    ] Safepoint "Cleanup", Time since last: 1002666793 ns, Reaching safepoint: 191769 ns, At safepoint: 6728 ns, Total: 198497 ns
[2021-11-03T05:05:04.279+0000][7][safepoint    ] Safepoint "Cleanup", Time since last: 1006174044 ns, Reaching safepoint: 568838 ns, At safepoint: 19145 ns, Total: 587983 ns
[2021-11-03T05:05:05.283+0000][7][safepoint    ] Safepoint "Cleanup", Time since last: 1003043450 ns, Reaching safepoint: 642972 ns, At safepoint: 21619 ns, Total: 664591 ns
[2021-11-03T05:05:06.286+0000][7][safepoint    ] Safepoint "Cleanup", Time since last: 1002627040 ns, Reaching safepoint: 394704 ns, At safepoint: 7010 ns, Total: 401714 ns
[2021-11-03T05:05:07.289+0000][7][safepoint    ] Safepoint "Cleanup", Time since last: 1002923917 ns, Reaching safepoint: 235869 ns, At safepoint: 6620 ns, Total: 242489 ns
[2021-11-03T05:05:08.292+0000][7][safepoint    ] Safepoint "Cleanup", Time since last: 1002840891 ns, Reaching safepoint: 244762 ns, At safepoint: 6488 ns, Total: 251250 ns
[2021-11-03T05:05:09.296+0000][7][safepoint    ] Safepoint "Cleanup", Time since last: 1003651719 ns, Reaching safepoint: 178503 ns, At safepoint: 6227 ns, Total: 184730 ns
[2021-11-03T05:05:10.298+0000][7][safepoint    ] Safepoint "Cleanup", Time since last: 1002140601 ns, Reaching safepoint: 107253 ns, At safepoint: 2921 ns, Total: 110174 ns
[2021-11-03T05:05:11.303+0000][7][safepoint    ] Safepoint "Cleanup", Time since last: 1004335866 ns, Reaching safepoint: 243130 ns, At safepoint: 5776 ns, Total: 248906 ns
[2021-11-03T05:05:12.306+0000][7][safepoint    ] Safepoint "Cleanup", Time since last: 1002670863 ns, Reaching safepoint: 344865 ns, At safepoint: 7734 ns, Total: 352599 ns
[2021-11-03T05:05:13.310+0000][7][safepoint    ] Safepoint "Cleanup", Time since last: 1003881935 ns, Reaching safepoint: 238780 ns, At safepoint: 7489 ns, Total: 246269 ns
[2021-11-03T05:05:14.312+0000][7][safepoint    ] Safepoint "Cleanup", Time since last: 1002213219 ns, Reaching safepoint: 205897 ns, At safepoint: 5887 ns, Total: 211784 ns
[2021-11-03T05:05:15.316+0000][7][safepoint    ] Safepoint "Cleanup", Time since last: 1003793030 ns, Reaching safepoint: 172150 ns, At safepoint: 6148 ns, Total: 178298 ns
[2021-11-03T05:05:16.319+0000][7][safepoint    ] Safepoint "Cleanup", Time since last: 1002833117 ns, Reaching safepoint: 167748 ns, At safepoint: 6120 ns, Total: 173868 ns
[2021-11-03T05:05:17.324+0000][7][safepoint    ] Safepoint "Cleanup", Time since last: 1004076415 ns, Reaching safepoint: 588053 ns, At safepoint: 7140 ns, Total: 595193 ns
[2021-11-03T05:05:18.332+0000][7][safepoint    ] Safepoint "Cleanup", Time since last: 1008029784 ns, Reaching safepoint: 201181 ns, At safepoint: 8444 ns, Total: 209625 ns
[2021-11-03T05:05:19.336+0000][7][safepoint    ] Safepoint "Cleanup", Time since last: 1003243233 ns, Reaching safepoint: 622571 ns, At safepoint: 20496 ns, Total: 643067 ns
[2021-11-03T05:05:20.343+0000][7][safepoint    ] Safepoint "Cleanup", Time since last: 1006126738 ns, Reaching safepoint: 472855 ns, At safepoint: 8292 ns, Total: 481147 ns
[2021-11-03T05:05:21.347+0000][7][safepoint    ] Safepoint "Cleanup", Time since last: 1003736778 ns, Reaching safepoint: 330822 ns, At safepoint: 8276 ns, Total: 339098 ns
[2021-11-03T05:05:22.352+0000][7][safepoint    ] Safepoint "Cleanup", Time since last: 1005105810 ns, Reaching safepoint: 243842 ns, At safepoint: 6668 ns, Total: 250510 ns
[2021-11-03T05:05:23.355+0000][7][safepoint    ] Safepoint "Cleanup", Time since last: 1003102838 ns, Reaching safepoint: 173671 ns, At safepoint: 6280 ns, Total: 179951 ns
[2021-11-03T05:05:24.359+0000][7][safepoint    ] Safepoint "Cleanup", Time since last: 1002920634 ns, Reaching safepoint: 233243 ns, At safepoint: 8609 ns, Total: 241852 ns
[2021-11-03T05:05:25.362+0000][7][safepoint    ] Safepoint "Cleanup", Time since last: 1003442704 ns, Reaching safepoint: 169605 ns, At safepoint: 5961 ns, Total: 175566 ns
[2021-11-03T05:05:26.371+0000][7][safepoint    ] Safepoint "Cleanup", Time since last: 1007720274 ns, Reaching safepoint: 541309 ns, At safepoint: 9070 ns, Total: 550379 ns
[2021-11-03T05:05:27.376+0000][7][safepoint    ] Safepoint "Cleanup", Time since last: 1004737253 ns, Reaching safepoint: 242136 ns, At safepoint: 6793 ns, Total: 248929 ns
[2021-11-03T05:05:28.379+0000][7][safepoint    ] Safepoint "Cleanup", Time since last: 1003066104 ns, Reaching safepoint: 325484 ns, At safepoint: 8224 ns, Total: 333708 ns
[2021-11-03T05:05:29.382+0000][7][safepoint    ] Safepoint "Cleanup", Time since last: 1003135304 ns, Reaching safepoint: 393483 ns, At safepoint: 10443 ns, Total: 403926 ns
[2021-11-03T05:05:30.392+0000][7][safepoint    ] Safepoint "Cleanup", Time since last: 1009065260 ns, Reaching safepoint: 373363 ns, At safepoint: 7756 ns, Total: 381119 ns
[2021-11-03T05:05:31.394+0000][7][safepoint    ] Safepoint "Cleanup", Time since last: 1002093793 ns, Reaching safepoint: 282682 ns, At safepoint: 7867 ns, Total: 290549 ns
[2021-11-03T05:05:32.399+0000][7][safepoint    ] Safepoint "Cleanup", Time since last: 1004004278 ns, Reaching safepoint: 380675 ns, At safepoint: 98832 ns, Total: 479507 ns
[2021-11-03T05:05:33.403+0000][7][safepoint    ] Safepoint "Cleanup", Time since last: 1003671371 ns, Reaching safepoint: 507412 ns, At safepoint: 7240 ns, Total: 514652 ns
[2021-11-03T05:05:34.385+0000][7][safepoint    ] Safepoint "Cleanup", Time since last: 1002791826 ns, Reaching safepoint: 242763 ns, At safepoint: 7303 ns, Total: 250066 ns
[2021-11-03T05:05:35.392+0000][7][safepoint    ] Safepoint "Cleanup", Time since last: 1006719120 ns, Reaching safepoint: 249270 ns, At safepoint: 6812 ns, Total: 256082 ns
[2021-11-03T05:05:36.397+0000][7][safepoint    ] Safepoint "Cleanup", Time since last: 1004347079 ns, Reaching safepoint: 237435 ns, At safepoint: 6464 ns, Total: 243899 ns
[2021-11-03T05:05:37.405+0000][7][safepoint    ] Safepoint "Cleanup", Time since last: 1007997021 ns, Reaching safepoint: 137107 ns, At safepoint: 3261 ns, Total: 140368 ns
[2021-11-03T05:05:38.411+0000][7][safepoint    ] Safepoint "Cleanup", Time since last: 1005796234 ns, Reaching safepoint: 522756 ns, At safepoint: 9451 ns, Total: 532207 ns
[2021-11-03T05:05:39.415+0000][7][safepoint    ] Safepoint "Cleanup", Time since last: 1003619455 ns, Reaching safepoint: 536338 ns, At safepoint: 15435 ns, Total: 551773 ns
[2021-11-03T05:05:40.424+0000][7][safepoint    ] Safepoint "Cleanup", Time since last: 1008558622 ns, Reaching safepoint: 242680 ns, At safepoint: 7370 ns, Total: 250050 ns
[2021-11-03T05:05:41.428+0000][7][safepoint    ] Safepoint "Cleanup", Time since last: 1003294591 ns, Reaching safepoint: 243332 ns, At safepoint: 6531 ns, Total: 249863 ns
[2021-11-03T05:05:42.433+0000][7][safepoint    ] Safepoint "Cleanup", Time since last: 1005360521 ns, Reaching safepoint: 234316 ns, At safepoint: 7117 ns, Total: 241433 ns
[2021-11-03T05:05:43.439+0000][7][safepoint    ] Safepoint "Cleanup", Time since last: 1005738699 ns, Reaching safepoint: 298020 ns, At safepoint: 8235 ns, Total: 306255 ns
[2021-11-03T05:05:44.443+0000][7][safepoint    ] Safepoint "Cleanup", Time since last: 1003242188 ns, Reaching safepoint: 554109 ns, At safepoint: 15834 ns, Total: 569943 ns
[2021-11-03T05:05:45.447+0000][7][safepoint    ] Safepoint "Cleanup", Time since last: 1003500862 ns, Reaching safepoint: 352219 ns, At safepoint: 6351 ns, Total: 358570 ns
[2021-11-03T05:05:46.451+0000][7][safepoint    ] Safepoint "Cleanup", Time since last: 1003855252 ns, Reaching safepoint: 318430 ns, At safepoint: 11956 ns, Total: 330386 ns
[2021-11-03T05:05:47.453+0000][7][safepoint    ] Safepoint "Cleanup", Time since last: 1001672409 ns, Reaching safepoint: 289028 ns, At safepoint: 6190 ns, Total: 295218 ns
[2021-11-03T05:05:48.456+0000][7][safepoint    ] Safepoint "Cleanup", Time since last: 1002102344 ns, Reaching safepoint: 337546 ns, At safepoint: 12040 ns, Total: 349586 ns
[2021-11-03T05:05:49.458+0000][7][safepoint    ] Safepoint "Cleanup", Time since last: 1001744999 ns, Reaching safepoint: 176040 ns, At safepoint: 5227 ns, Total: 181267 ns
[2021-11-03T05:05:50.459+0000][7][safepoint    ] Safepoint "Cleanup", Time since last: 1001402030 ns, Reaching safepoint: 319549 ns, At safepoint: 10947 ns, Total: 330496 ns
[2021-11-03T05:05:51.465+0000][7][safepoint    ] Safepoint "Cleanup", Time since last: 1005295399 ns, Reaching safepoint: 395320 ns, At safepoint: 12056 ns, Total: 407376 ns
[2021-11-03T05:05:52.469+0000][7][safepoint    ] Safepoint "Cleanup", Time since last: 1003825119 ns, Reaching safepoint: 208818 ns, At safepoint: 5087 ns, Total: 213905 ns
[2021-11-03T05:05:53.471+0000][7][safepoint    ] Safepoint "Cleanup", Time since last: 1001721710 ns, Reaching safepoint: 344232 ns, At safepoint: 13378 ns, Total: 357610 ns
[2021-11-03T05:05:54.474+0000][7][safepoint    ] Safepoint "Cleanup", Time since last: 1003053097 ns, Reaching safepoint: 285927 ns, At safepoint: 5402 ns, Total: 291329 ns
[2021-11-03T05:05:55.476+0000][7][safepoint    ] Safepoint "Cleanup", Time since last: 1001850757 ns, Reaching safepoint: 181596 ns, At safepoint: 5224 ns, Total: 186820 ns
[2021-11-03T05:05:56.480+0000][7][safepoint    ] Safepoint "Cleanup", Time since last: 1002827397 ns, Reaching safepoint: 323553 ns, At safepoint: 5127 ns, Total: 328680 ns
[2021-11-03T05:05:57.482+0000][7][safepoint    ] Safepoint "Cleanup", Time since last: 1002303687 ns, Reaching safepoint: 241877 ns, At safepoint: 8648 ns, Total: 250525 ns
[2021-11-03T05:05:58.484+0000][7][safepoint    ] Safepoint "Cleanup", Time since last: 1001803743 ns, Reaching safepoint: 165278 ns, At safepoint: 5645 ns, Total: 170923 ns
[2021-11-03T05:05:59.488+0000][7][safepoint    ] Safepoint "Cleanup", Time since last: 1003371810 ns, Reaching safepoint: 368475 ns, At safepoint: 5394 ns, Total: 373869 ns
[2021-11-03T05:06:00.490+0000][7][safepoint    ] Safepoint "Cleanup", Time since last: 1001889991 ns, Reaching safepoint: 375599 ns, At safepoint: 13419 ns, Total: 389018 ns
[2021-11-03T05:06:01.494+0000][7][safepoint    ] Safepoint "Cleanup", Time since last: 1003184847 ns, Reaching safepoint: 383979 ns, At safepoint: 8055 ns, Total: 392034 ns
[2021-11-03T05:06:02.496+0000][7][safepoint    ] Safepoint "Cleanup", Time since last: 1001805285 ns, Reaching safepoint: 375513 ns, At safepoint: 6762 ns, Total: 382275 ns
[2021-11-03T05:06:03.479+0000][7][safepoint    ] Safepoint "Cleanup", Time since last: 1003521728 ns, Reaching safepoint: 377059 ns, At safepoint: 9062 ns, Total: 386121 ns
[2021-11-03T05:06:04.482+0000][7][safepoint    ] Safepoint "Cleanup", Time since last: 1003304732 ns, Reaching safepoint: 233205 ns, At safepoint: 6938 ns, Total: 240143 ns
[2021-11-03T05:06:05.489+0000][7][safepoint    ] Safepoint "Cleanup", Time since last: 1005900284 ns, Reaching safepoint: 597849 ns, At safepoint: 22947 ns, Total: 620796 ns
[2021-11-03T05:06:06.492+0000][7][safepoint    ] Safepoint "Cleanup", Time since last: 1002533075 ns, Reaching safepoint: 822578 ns, At safepoint: 17015 ns, Total: 839593 ns
[2021-11-03T05:06:07.495+0000][7][safepoint    ] Safepoint "Cleanup", Time since last: 1002130814 ns, Reaching safepoint: 204594 ns, At safepoint: 3538 ns, Total: 208132 ns
[2021-11-03T05:06:08.496+0000][7][safepoint    ] Safepoint "Cleanup", Time since last: 1001206976 ns, Reaching safepoint: 252390 ns, At safepoint: 5829 ns, Total: 258219 ns
[2021-11-03T05:06:09.499+0000][7][safepoint    ] Safepoint "Cleanup", Time since last: 1002627335 ns, Reaching safepoint: 306211 ns, At safepoint: 6412 ns, Total: 312623 ns
[2021-11-03T05:06:10.504+0000][7][safepoint    ] Safepoint "Cleanup", Time since last: 1004702080 ns, Reaching safepoint: 216448 ns, At safepoint: 6106 ns, Total: 222554 ns
[2021-11-03T05:06:11.506+0000][7][safepoint    ] Safepoint "Cleanup", Time since last: 1002158548 ns, Reaching safepoint: 230371 ns, At safepoint: 6084 ns, Total: 236455 ns
[2021-11-03T05:06:12.509+0000][7][safepoint    ] Safepoint "Cleanup", Time since last: 1001981262 ns, Reaching safepoint: 312124 ns, At safepoint: 7425 ns, Total: 319549 ns
[2021-11-03T05:06:13.972+0000][7][safepoint    ] Safepoint "Cleanup", Time since last: 1463172575 ns, Reaching safepoint: 318736 ns, At safepoint: 12722 ns, Total: 331458 ns
[2021-11-03T05:06:14.976+0000][7][safepoint    ] Safepoint "Cleanup", Time since last: 1003468582 ns, Reaching safepoint: 489904 ns, At safepoint: 8594 ns, Total: 498498 ns
[2021-11-03T05:06:15.979+0000][7][safepoint    ] Safepoint "Cleanup", Time since last: 1002786288 ns, Reaching safepoint: 248074 ns, At safepoint: 6736 ns, Total: 254810 ns
[2021-11-03T05:06:16.982+0000][7][safepoint    ] Safepoint "Cleanup", Time since last: 1002603634 ns, Reaching safepoint: 480045 ns, At safepoint: 70663 ns, Total: 550708 ns
[2021-11-03T05:06:17.986+0000][7][safepoint    ] Safepoint "Cleanup", Time since last: 1003526521 ns, Reaching safepoint: 242767 ns, At safepoint: 7185 ns, Total: 249952 ns
[2021-11-03T05:06:18.989+0000][7][safepoint    ] Safepoint "Cleanup", Time since last: 1002264661 ns, Reaching safepoint: 309332 ns, At safepoint: 8410 ns, Total: 317742 ns
[2021-11-03T05:06:19.992+0000][7][safepoint    ] Safepoint "Cleanup", Time since last: 1002803906 ns, Reaching safepoint: 244458 ns, At safepoint: 7360 ns, Total: 251818 ns
[2021-11-03T05:06:20.994+0000][7][safepoint    ] Safepoint "Cleanup", Time since last: 1002434025 ns, Reaching safepoint: 261030 ns, At safepoint: 9873 ns, Total: 270903 ns
[2021-11-03T05:06:21.997+0000][7][safepoint    ] Safepoint "Cleanup", Time since last: 1002408258 ns, Reaching safepoint: 249563 ns, At safepoint: 70860 ns, Total: 320423 ns
[2021-11-03T05:06:23.000+0000][7][safepoint    ] Safepoint "Cleanup", Time since last: 1002225012 ns, Reaching safepoint: 309808 ns, At safepoint: 8662 ns, Total: 318470 ns
[2021-11-03T05:06:24.010+0000][7][safepoint    ] Safepoint "Cleanup", Time since last: 1009723657 ns, Reaching safepoint: 202677 ns, At safepoint: 12489 ns, Total: 215166 ns
[2021-11-03T05:06:25.013+0000][7][safepoint    ] Safepoint "Cleanup", Time since last: 1002861192 ns, Reaching safepoint: 183596 ns, At safepoint: 7021 ns, Total: 190617 ns
[2021-11-03T05:06:26.016+0000][7][safepoint    ] Safepoint "Cleanup", Time since last: 1002721837 ns, Reaching safepoint: 170135 ns, At safepoint: 6005 ns, Total: 176140 ns
[2021-11-03T05:06:27.018+0000][7][safepoint    ] Safepoint "Cleanup", Time since last: 1002659910 ns, Reaching safepoint: 173582 ns, At safepoint: 6057 ns, Total: 179639 ns
[2021-11-03T05:06:28.022+0000][7][safepoint    ] Safepoint "Cleanup", Time since last: 1003646766 ns, Reaching safepoint: 174656 ns, At safepoint: 5911 ns, Total: 180567 ns
[2021-11-03T05:06:29.027+0000][7][safepoint    ] Safepoint "Cleanup", Time since last: 1004864836 ns, Reaching safepoint: 173864 ns, At safepoint: 6332 ns, Total: 180196 ns
[2021-11-03T05:06:30.030+0000][7][safepoint    ] Safepoint "Cleanup", Time since last: 1002938698 ns, Reaching safepoint: 170551 ns, At safepoint: 6235 ns, Total: 176786 ns
[2021-11-03T05:06:31.035+0000][7][safepoint    ] Safepoint "Cleanup", Time since last: 1004702243 ns, Reaching safepoint: 164743 ns, At safepoint: 6484 ns, Total: 171227 ns
[2021-11-03T05:06:32.038+0000][7][safepoint    ] Safepoint "Cleanup", Time since last: 1002869380 ns, Reaching safepoint: 169168 ns, At safepoint: 5958 ns, Total: 175126 ns
[2021-11-03T05:06:33.041+0000][7][safepoint    ] Safepoint "Cleanup", Time since last: 1002715715 ns, Reaching safepoint: 174281 ns, At safepoint: 6120 ns, Total: 180401 ns
[2021-11-03T05:06:34.024+0000][7][safepoint    ] Safepoint "Cleanup", Time since last: 1003898059 ns, Reaching safepoint: 329336 ns, At safepoint: 7751 ns, Total: 337087 ns
[2021-11-03T05:06:35.027+0000][7][safepoint    ] Safepoint "Cleanup", Time since last: 1002047353 ns, Reaching safepoint: 335197 ns, At safepoint: 6471 ns, Total: 341668 ns
[2021-11-03T05:06:36.029+0000][7][safepoint    ] Safepoint "Cleanup", Time since last: 1002486918 ns, Reaching safepoint: 171596 ns, At safepoint: 6754 ns, Total: 178350 ns
[2021-11-03T05:06:37.033+0000][7][safepoint    ] Safepoint "Cleanup", Time since last: 1003292917 ns, Reaching safepoint: 181715 ns, At safepoint: 3837 ns, Total: 185552 ns
[2021-11-03T05:06:38.034+0000][7][safepoint    ] Safepoint "Cleanup", Time since last: 1001380462 ns, Reaching safepoint: 245185 ns, At safepoint: 11227 ns, Total: 256412 ns
[2021-11-03T05:06:39.036+0000][7][safepoint    ] Safepoint "Cleanup", Time since last: 1002032221 ns, Reaching safepoint: 91600 ns, At safepoint: 2854 ns, Total: 94454 ns
[2021-11-03T05:06:40.039+0000][7][safepoint    ] Safepoint "Cleanup", Time since last: 1002679774 ns, Reaching safepoint: 184523 ns, At safepoint: 6685 ns, Total: 191208 ns
[2021-11-03T05:06:41.048+0000][7][safepoint    ] Safepoint "Cleanup", Time since last: 1008551812 ns, Reaching safepoint: 259878 ns, At safepoint: 7834 ns, Total: 267712 ns
[2021-11-03T05:06:42.053+0000][7][safepoint    ] Safepoint "Cleanup", Time since last: 1004602552 ns, Reaching safepoint: 183919 ns, At safepoint: 7038 ns, Total: 190957 ns
[2021-11-03T05:06:43.056+0000][7][safepoint    ] Safepoint "Cleanup", Time since last: 1002709367 ns, Reaching safepoint: 175387 ns, At safepoint: 6450 ns, Total: 181837 ns
[2021-11-03T05:06:44.060+0000][7][safepoint    ] Safepoint "Cleanup", Time since last: 1004052985 ns, Reaching safepoint: 170305 ns, At safepoint: 6100 ns, Total: 176405 ns
[2021-11-03T05:06:45.064+0000][7][safepoint    ] Safepoint "Cleanup", Time since last: 1003256021 ns, Reaching safepoint: 410717 ns, At safepoint: 6999 ns, Total: 417716 ns
[2021-11-03T05:06:46.070+0000][7][safepoint    ] Safepoint "Cleanup", Time since last: 1005805218 ns, Reaching safepoint: 198808 ns, At safepoint: 5655 ns, Total: 204463 ns
[2021-11-03T05:06:47.075+0000][7][safepoint    ] Safepoint "Cleanup", Time since last: 1004901631 ns, Reaching safepoint: 230516 ns, At safepoint: 6762 ns, Total: 237278 ns
[2021-11-03T05:06:48.078+0000][7][safepoint    ] Safepoint "Cleanup", Time since last: 1002452206 ns, Reaching safepoint: 705137 ns, At safepoint: 18905 ns, Total: 724042 ns
[2021-11-03T05:06:49.082+0000][7][safepoint    ] Safepoint "Cleanup", Time since last: 1003464133 ns, Reaching safepoint: 245542 ns, At safepoint: 6713 ns, Total: 252255 ns
[2021-11-03T05:06:50.085+0000][7][safepoint    ] Safepoint "Cleanup", Time since last: 1003258805 ns, Reaching safepoint: 176507 ns, At safepoint: 6842 ns, Total: 183349 ns
[2021-11-03T05:06:51.089+0000][7][safepoint    ] Safepoint "Cleanup", Time since last: 1003432701 ns, Reaching safepoint: 658668 ns, At safepoint: 19901 ns, Total: 678569 ns
[2021-11-03T05:06:52.095+0000][7][safepoint    ] Safepoint "Cleanup", Time since last: 1004570403 ns, Reaching safepoint: 871247 ns, At safepoint: 23012 ns, Total: 894259 ns
[2021-11-03T05:06:53.100+0000][7][safepoint    ] Safepoint "Cleanup", Time since last: 1004293563 ns, Reaching safepoint: 483999 ns, At safepoint: 11987 ns, Total: 495986 ns
[2021-11-03T05:06:54.105+0000][7][safepoint    ] Safepoint "Cleanup", Time since last: 1005357187 ns, Reaching safepoint: 289066 ns, At safepoint: 7975 ns, Total: 297041 ns
[2021-11-03T05:06:55.115+0000][7][safepoint    ] Safepoint "Cleanup", Time since last: 1009038042 ns, Reaching safepoint: 473332 ns, At safepoint: 16387 ns, Total: 489719 ns
[2021-11-03T05:06:56.118+0000][7][safepoint    ] Safepoint "Cleanup", Time since last: 1002845653 ns, Reaching safepoint: 418619 ns, At safepoint: 10730 ns, Total: 429349 ns
[2021-11-03T05:06:57.121+0000][7][safepoint    ] Safepoint "Cleanup", Time since last: 1002636927 ns, Reaching safepoint: 142591 ns, At safepoint: 3521 ns, Total: 146112 ns
[2021-11-03T05:06:58.123+0000][7][safepoint    ] Safepoint "Cleanup", Time since last: 1001964886 ns, Reaching safepoint: 385234 ns, At safepoint: 9222 ns, Total: 394456 ns
[2021-11-03T05:06:59.126+0000][7][safepoint    ] Safepoint "Cleanup", Time since last: 1002943576 ns, Reaching safepoint: 234057 ns, At safepoint: 6038 ns, Total: 240095 ns
[2021-11-03T05:07:00.129+0000][7][safepoint    ] Safepoint "Cleanup", Time since last: 1002365776 ns, Reaching safepoint: 392064 ns, At safepoint: 11554 ns, Total: 403618 ns
[2021-11-03T05:07:01.132+0000][7][safepoint    ] Safepoint "Cleanup", Time since last: 1002189789 ns, Reaching safepoint: 216476 ns, At safepoint: 3449 ns, Total: 219925 ns
[2021-11-03T05:07:02.134+0000][7][safepoint    ] Safepoint "Cleanup", Time since last: 1002245395 ns, Reaching safepoint: 229831 ns, At safepoint: 6989 ns, Total: 236820 ns
[2021-11-03T05:07:03.137+0000][7][safepoint    ] Safepoint "Cleanup", Time since last: 1002833036 ns, Reaching safepoint: 399071 ns, At safepoint: 9292 ns, Total: 408363 ns
[2021-11-03T05:07:04.121+0000][7][safepoint    ] Safepoint "Cleanup", Time since last: 1003840764 ns, Reaching safepoint: 517557 ns, At safepoint: 124342 ns, Total: 641899 ns
[2021-11-03T05:07:05.124+0000][7][safepoint    ] Safepoint "Cleanup", Time since last: 1003183169 ns, Reaching safepoint: 284125 ns, At safepoint: 9819 ns, Total: 293944 ns
[2021-11-03T05:07:06.137+0000][7][safepoint    ] Safepoint "Cleanup", Time since last: 1011769773 ns, Reaching safepoint: 391089 ns, At safepoint: 17627 ns, Total: 408716 ns
[2021-11-03T05:07:07.141+0000][7][safepoint    ] Safepoint "Cleanup", Time since last: 1004727343 ns, Reaching safepoint: 174272 ns, At safepoint: 10740 ns, Total: 185012 ns
[2021-11-03T05:07:08.146+0000][7][safepoint    ] Safepoint "Cleanup", Time since last: 1004628235 ns, Reaching safepoint: 270618 ns, At safepoint: 6506 ns, Total: 277124 ns
[2021-11-03T05:07:09.154+0000][7][safepoint    ] Safepoint "Cleanup", Time since last: 1007433680 ns, Reaching safepoint: 264830 ns, At safepoint: 7042 ns, Total: 271872 ns
[2021-11-03T05:07:10.158+0000][7][safepoint    ] Safepoint "Cleanup", Time since last: 1003773951 ns, Reaching safepoint: 249398 ns, At safepoint: 5912 ns, Total: 255310 ns
[2021-11-03T05:07:11.163+0000][7][safepoint    ] Safepoint "Cleanup", Time since last: 1004325030 ns, Reaching safepoint: 309169 ns, At safepoint: 9264 ns, Total: 318433 ns
[2021-11-03T05:07:12.172+0000][7][safepoint    ] Safepoint "Cleanup", Time since last: 1009368056 ns, Reaching safepoint: 361148 ns, At safepoint: 9963 ns, Total: 371111 ns
[2021-11-03T05:07:13.178+0000][7][safepoint    ] Safepoint "Cleanup", Time since last: 1005680076 ns, Reaching safepoint: 304145 ns, At safepoint: 13507 ns, Total: 317652 ns
[2021-11-03T05:07:14.181+0000][7][safepoint    ] Safepoint "Cleanup", Time since last: 1002539391 ns, Reaching safepoint: 291076 ns, At safepoint: 7957 ns, Total: 299033 ns
[2021-11-03T05:07:15.184+0000][7][safepoint    ] Safepoint "Cleanup", Time since last: 1002570458 ns, Reaching safepoint: 325051 ns, At safepoint: 12667 ns, Total: 337718 ns
[2021-11-03T05:07:16.188+0000][7][safepoint    ] Safepoint "Cleanup", Time since last: 1003509995 ns, Reaching safepoint: 256235 ns, At safepoint: 7104 ns, Total: 263339 ns
[2021-11-03T05:07:17.191+0000][7][safepoint    ] Safepoint "Cleanup", Time since last: 1002631322 ns, Reaching safepoint: 415106 ns, At safepoint: 10028 ns, Total: 425134 ns
[2021-11-03T05:07:18.197+0000][7][safepoint    ] Safepoint "Cleanup", Time since last: 1005557579 ns, Reaching safepoint: 203023 ns, At safepoint: 7002 ns, Total: 210025 ns
[2021-11-03T05:07:19.205+0000][7][safepoint    ] Safepoint "Cleanup", Time since last: 1007488346 ns, Reaching safepoint: 274164 ns, At safepoint: 7397 ns, Total: 281561 ns
[2021-11-03T05:07:20.209+0000][7][safepoint    ] Safepoint "Cleanup", Time since last: 1003995532 ns, Reaching safepoint: 232976 ns, At safepoint: 6315 ns, Total: 239291 ns
[2021-11-03T05:07:21.211+0000][7][safepoint    ] Safepoint "Cleanup", Time since last: 1001875667 ns, Reaching safepoint: 224783 ns, At safepoint: 7255 ns, Total: 232038 ns
[2021-11-03T05:07:22.216+0000][7][safepoint    ] Safepoint "Cleanup", Time since last: 1004331907 ns, Reaching safepoint: 380065 ns, At safepoint: 11539 ns, Total: 391604 ns
[2021-11-03T05:07:23.218+0000][7][safepoint    ] Safepoint "Cleanup", Time since last: 1002523061 ns, Reaching safepoint: 218120 ns, At safepoint: 12373 ns, Total: 230493 ns
[2021-11-03T05:07:24.225+0000][7][safepoint    ] Safepoint "Cleanup", Time since last: 1005785132 ns, Reaching safepoint: 340399 ns, At safepoint: 19246 ns, Total: 359645 ns
[2021-11-03T05:07:25.227+0000][7][safepoint    ] Safepoint "Cleanup", Time since last: 1002475450 ns, Reaching safepoint: 248255 ns, At safepoint: 7344 ns, Total: 255599 ns
[2021-11-03T05:07:26.230+0000][7][safepoint    ] Safepoint "Cleanup", Time since last: 1002556309 ns, Reaching safepoint: 378123 ns, At safepoint: 10192 ns, Total: 388315 ns
[2021-11-03T05:07:27.238+0000][7][safepoint    ] Safepoint "Cleanup", Time since last: 1007081812 ns, Reaching safepoint: 199572 ns, At safepoint: 98857 ns, Total: 298429 ns
[2021-11-03T05:07:28.245+0000][7][safepoint    ] Safepoint "Cleanup", Time since last: 1006684501 ns, Reaching safepoint: 235788 ns, At safepoint: 6381 ns, Total: 242169 ns
[2021-11-03T05:07:29.254+0000][7][safepoint    ] Safepoint "Cleanup", Time since last: 1009690008 ns, Reaching safepoint: 158351 ns, At safepoint: 3586 ns, Total: 161937 ns
[2021-11-03T05:07:30.257+0000][7][safepoint    ] Safepoint "Cleanup", Time since last: 1001870779 ns, Reaching safepoint: 250348 ns, At safepoint: 6239 ns, Total: 256587 ns
[2021-11-03T05:07:31.261+0000][7][safepoint    ] Safepoint "Cleanup", Time since last: 1004276773 ns, Reaching safepoint: 540072 ns, At safepoint: 72522 ns, Total: 612594 ns
[2021-11-03T05:07:32.268+0000][7][safepoint    ] Safepoint "Cleanup", Time since last: 1006589013 ns, Reaching safepoint: 318411 ns, At safepoint: 8506 ns, Total: 326917 ns
[2021-11-03T05:07:33.270+0000][7][safepoint    ] Safepoint "Cleanup", Time since last: 1002017175 ns, Reaching safepoint: 105661 ns, At safepoint: 4412 ns, Total: 110073 ns
[2021-11-03T05:07:34.252+0000][7][safepoint    ] Safepoint "Cleanup", Time since last: 1002009427 ns, Reaching safepoint: 417926 ns, At safepoint: 11495 ns, Total: 429421 ns
[2021-11-03T05:07:35.259+0000][7][safepoint    ] Safepoint "Cleanup", Time since last: 1007381697 ns, Reaching safepoint: 234541 ns, At safepoint: 9478 ns, Total: 244019 ns
[2021-11-03T05:07:36.262+0000][7][safepoint    ] Safepoint "Cleanup", Time since last: 1002578879 ns, Reaching safepoint: 347380 ns, At safepoint: 8063 ns, Total: 355443 ns
[2021-11-03T05:07:37.265+0000][7][safepoint    ] Safepoint "Cleanup", Time since last: 1002439098 ns, Reaching safepoint: 218342 ns, At safepoint: 9257 ns, Total: 227599 ns
[2021-11-03T05:07:38.268+0000][7][safepoint    ] Safepoint "Cleanup", Time since last: 1002665421 ns, Reaching safepoint: 248518 ns, At safepoint: 7678 ns, Total: 256196 ns
[2021-11-03T05:07:39.271+0000][7][safepoint    ] Safepoint "Cleanup", Time since last: 1002794100 ns, Reaching safepoint: 358048 ns, At safepoint: 10367 ns, Total: 368415 ns
[2021-11-03T05:07:40.274+0000][7][safepoint    ] Safepoint "Cleanup", Time since last: 1002521335 ns, Reaching safepoint: 223202 ns, At safepoint: 6427 ns, Total: 229629 ns
[2021-11-03T05:07:41.279+0000][7][safepoint    ] Safepoint "Cleanup", Time since last: 1005371257 ns, Reaching safepoint: 224120 ns, At safepoint: 7107 ns, Total: 231227 ns
[2021-11-03T05:07:42.282+0000][7][safepoint    ] Safepoint "Cleanup", Time since last: 1002144010 ns, Reaching safepoint: 222072 ns, At safepoint: 6217 ns, Total: 228289 ns
[2021-11-03T05:07:43.284+0000][7][safepoint    ] Safepoint "Cleanup", Time since last: 1002439907 ns, Reaching safepoint: 321482 ns, At safepoint: 8517 ns, Total: 329999 ns
[2021-11-03T05:07:44.292+0000][7][safepoint    ] Safepoint "Cleanup", Time since last: 1007435096 ns, Reaching safepoint: 236321 ns, At safepoint: 6114 ns, Total: 242435 ns
[2021-11-03T05:07:45.296+0000][7][safepoint    ] Safepoint "Cleanup", Time since last: 1003708244 ns, Reaching safepoint: 288759 ns, At safepoint: 7530 ns, Total: 296289 ns
[2021-11-03T05:07:46.299+0000][7][safepoint    ] Safepoint "Cleanup", Time since last: 1002418627 ns, Reaching safepoint: 310714 ns, At safepoint: 12278 ns, Total: 322992 ns
[2021-11-03T05:07:47.307+0000][7][safepoint    ] Safepoint "Cleanup", Time since last: 1007478644 ns, Reaching safepoint: 268492 ns, At safepoint: 7238 ns, Total: 275730 ns
[2021-11-03T05:07:48.310+0000][7][safepoint    ] Safepoint "Cleanup", Time since last: 1002712635 ns, Reaching safepoint: 253047 ns, At safepoint: 7000 ns, Total: 260047 ns
[2021-11-03T05:07:49.313+0000][7][safepoint    ] Safepoint "Cleanup", Time since last: 1003307865 ns, Reaching safepoint: 183616 ns, At safepoint: 7472 ns, Total: 191088 ns
[2021-11-03T05:07:51.207+0000][7][safepoint    ] Safepoint "Cleanup", Time since last: 1894063234 ns, Reaching safepoint: 159546 ns, At safepoint: 3540 ns, Total: 163086 ns
[2021-11-03T05:07:52.212+0000][7][safepoint    ] Safepoint "Cleanup", Time since last: 1004059078 ns, Reaching safepoint: 519488 ns, At safepoint: 19443 ns, Total: 538931 ns
[2021-11-03T05:07:53.215+0000][7][safepoint    ] Safepoint "Cleanup", Time since last: 1002607216 ns, Reaching safepoint: 121797 ns, At safepoint: 2768 ns, Total: 124565 ns
[2021-11-03T05:07:54.222+0000][7][safepoint    ] Safepoint "Cleanup", Time since last: 1007219617 ns, Reaching safepoint: 593542 ns, At safepoint: 68126 ns, Total: 661668 ns
[2021-11-03T05:07:55.225+0000][7][safepoint    ] Safepoint "Cleanup", Time since last: 1002437923 ns, Reaching safepoint: 375607 ns, At safepoint: 18614 ns, Total: 394221 ns
[2021-11-03T05:07:56.230+0000][7][safepoint    ] Safepoint "Cleanup", Time since last: 1004174733 ns, Reaching safepoint: 151158 ns, At safepoint: 3235 ns, Total: 154393 ns
[2021-11-03T05:07:57.231+0000][7][safepoint    ] Safepoint "Cleanup", Time since last: 1000994162 ns, Reaching safepoint: 248304 ns, At safepoint: 6223 ns, Total: 254527 ns
[2021-11-03T05:07:58.233+0000][7][safepoint    ] Safepoint "Cleanup", Time since last: 1001987795 ns, Reaching safepoint: 439719 ns, At safepoint: 9592 ns, Total: 449311 ns
[2021-11-03T05:07:59.236+0000][7][safepoint    ] Safepoint "Cleanup", Time since last: 1002468920 ns, Reaching safepoint: 295442 ns, At safepoint: 6700 ns, Total: 302142 ns
[2021-11-03T05:08:00.239+0000][7][safepoint    ] Safepoint "Cleanup", Time since last: 1002573296 ns, Reaching safepoint: 377959 ns, At safepoint: 9701 ns, Total: 387660 ns
[2021-11-03T05:08:01.243+0000][7][safepoint    ] Safepoint "Cleanup", Time since last: 1003076149 ns, Reaching safepoint: 411305 ns, At safepoint: 7829 ns, Total: 419134 ns
[2021-11-03T05:08:02.246+0000][7][safepoint    ] Safepoint "Cleanup", Time since last: 1003081035 ns, Reaching safepoint: 658960 ns, At safepoint: 23840 ns, Total: 682800 ns
[2021-11-03T05:08:03.250+0000][7][safepoint    ] Safepoint "Cleanup", Time since last: 1003716039 ns, Reaching safepoint: 378982 ns, At safepoint: 8787 ns, Total: 387769 ns
[2021-11-03T05:08:04.235+0000][7][safepoint    ] Safepoint "Cleanup", Time since last: 1004896029 ns, Reaching safepoint: 569789 ns, At safepoint: 19358 ns, Total: 589147 ns
[2021-11-03T05:08:05.239+0000][7][safepoint    ] Safepoint "Cleanup", Time since last: 1003675227 ns, Reaching safepoint: 286062 ns, At safepoint: 8772 ns, Total: 294834 ns
[2021-11-03T05:08:06.243+0000][7][safepoint    ] Safepoint "Cleanup", Time since last: 1003066720 ns, Reaching safepoint: 296504 ns, At safepoint: 67054 ns, Total: 363558 ns
[2021-11-03T05:08:07.247+0000][7][safepoint    ] Safepoint "Cleanup", Time since last: 1004054860 ns, Reaching safepoint: 215106 ns, At safepoint: 6115 ns, Total: 221221 ns
[2021-11-03T05:08:08.253+0000][7][safepoint    ] Safepoint "Cleanup", Time since last: 1005969278 ns, Reaching safepoint: 234837 ns, At safepoint: 6437 ns, Total: 241274 ns
[2021-11-03T05:08:09.259+0000][7][safepoint    ] Safepoint "Cleanup", Time since last: 1005449300 ns, Reaching safepoint: 240820 ns, At safepoint: 7395 ns, Total: 248215 ns
[2021-11-03T05:08:10.270+0000][7][safepoint    ] Safepoint "Cleanup", Time since last: 1010467175 ns, Reaching safepoint: 278996 ns, At safepoint: 7341 ns, Total: 286337 ns
[2021-11-03T05:08:11.272+0000][7][safepoint    ] Safepoint "Cleanup", Time since last: 1002458458 ns, Reaching safepoint: 228696 ns, At safepoint: 6814 ns, Total: 235510 ns
[2021-11-03T05:08:12.276+0000][7][safepoint    ] Safepoint "Cleanup", Time since last: 1003784257 ns, Reaching safepoint: 231227 ns, At safepoint: 6304 ns, Total: 237531 ns
[2021-11-03T05:08:13.279+0000][7][safepoint    ] Safepoint "Cleanup", Time since last: 1002423752 ns, Reaching safepoint: 236785 ns, At safepoint: 7201 ns, Total: 243986 ns
[2021-11-03T05:08:14.286+0000][7][safepoint    ] Safepoint "Cleanup", Time since last: 1006558530 ns, Reaching safepoint: 321907 ns, At safepoint: 6178 ns, Total: 328085 ns
[2021-11-03T05:08:15.290+0000][7][safepoint    ] Safepoint "Cleanup", Time since last: 1003520606 ns, Reaching safepoint: 232575 ns, At safepoint: 6534 ns, Total: 239109 ns
[2021-11-03T05:08:16.293+0000][7][safepoint    ] Safepoint "Cleanup", Time since last: 1002814646 ns, Reaching safepoint: 301979 ns, At safepoint: 12051 ns, Total: 314030 ns
[2021-11-03T05:08:17.296+0000][7][safepoint    ] Safepoint "Cleanup", Time since last: 1002884692 ns, Reaching safepoint: 221510 ns, At safepoint: 6492 ns, Total: 228002 ns
[2021-11-03T05:08:18.298+0000][7][safepoint    ] Safepoint "Cleanup", Time since last: 1002301061 ns, Reaching safepoint: 230186 ns, At safepoint: 5809 ns, Total: 235995 ns
[2021-11-03T05:08:19.301+0000][7][safepoint    ] Safepoint "Cleanup", Time since last: 1002201083 ns, Reaching safepoint: 237711 ns, At safepoint: 6329 ns, Total: 244040 ns
[2021-11-03T05:08:20.303+0000][7][safepoint    ] Safepoint "Cleanup", Time since last: 1001948991 ns, Reaching safepoint: 314555 ns, At safepoint: 8938 ns, Total: 323493 ns
[2021-11-03T05:08:21.307+0000][7][safepoint    ] Safepoint "Cleanup", Time since last: 1003254952 ns, Reaching safepoint: 372363 ns, At safepoint: 6901 ns, Total: 379264 ns
[2021-11-03T05:08:22.312+0000][7][safepoint    ] Safepoint "Cleanup", Time since last: 1004530387 ns, Reaching safepoint: 301439 ns, At safepoint: 6328 ns, Total: 307767 ns
[2021-11-03T05:08:23.319+0000][7][safepoint    ] Safepoint "Cleanup", Time since last: 1006542833 ns, Reaching safepoint: 288828 ns, At safepoint: 7143 ns, Total: 295971 ns
[2021-11-03T05:08:24.322+0000][7][safepoint    ] Safepoint "Cleanup", Time since last: 1002922601 ns, Reaching safepoint: 359391 ns, At safepoint: 8296 ns, Total: 367687 ns
[2021-11-03T05:08:25.326+0000][7][safepoint    ] Safepoint "Cleanup", Time since last: 1004079074 ns, Reaching safepoint: 381559 ns, At safepoint: 9133 ns, Total: 390692 ns
[2021-11-03T05:08:26.331+0000][7][safepoint    ] Safepoint "Cleanup", Time since last: 1004198433 ns, Reaching safepoint: 657542 ns, At safepoint: 17798 ns, Total: 675340 ns
[2021-11-03T05:08:27.344+0000][7][safepoint    ] Safepoint "Cleanup", Time since last: 1012827042 ns, Reaching safepoint: 372410 ns, At safepoint: 6567 ns, Total: 378977 ns
[2021-11-03T05:08:28.355+0000][7][safepoint    ] Safepoint "Cleanup", Time since last: 1010224755 ns, Reaching safepoint: 474497 ns, At safepoint: 28707 ns, Total: 503204 ns
[2021-11-03T05:08:29.363+0000][7][safepoint    ] Safepoint "Cleanup", Time since last: 1007252295 ns, Reaching safepoint: 278222 ns, At safepoint: 7822 ns, Total: 286044 ns
[2021-11-03T05:08:30.365+0000][7][safepoint    ] Safepoint "Cleanup", Time since last: 1002340658 ns, Reaching safepoint: 202842 ns, At safepoint: 5994 ns, Total: 208836 ns
[2021-11-03T05:08:31.372+0000][7][safepoint    ] Safepoint "Cleanup", Time since last: 1006615690 ns, Reaching safepoint: 333022 ns, At safepoint: 7974 ns, Total: 340996 ns
[2021-11-03T05:08:32.379+0000][7][safepoint    ] Safepoint "Cleanup", Time since last: 1006243951 ns, Reaching safepoint: 517810 ns, At safepoint: 9682 ns, Total: 527492 ns
[2021-11-03T05:08:33.384+0000][7][safepoint    ] Safepoint "Cleanup", Time since last: 1004403294 ns, Reaching safepoint: 453443 ns, At safepoint: 9490 ns, Total: 462933 ns
[2021-11-03T05:08:34.367+0000][7][safepoint    ] Safepoint "Cleanup", Time since last: 1003746811 ns, Reaching safepoint: 499239 ns, At safepoint: 11285 ns, Total: 510524 ns
[2021-11-03T05:08:35.373+0000][7][safepoint    ] Safepoint "Cleanup", Time since last: 1006109237 ns, Reaching safepoint: 300071 ns, At safepoint: 7343 ns, Total: 307414 ns
[2021-11-03T05:08:36.380+0000][7][safepoint    ] Safepoint "Cleanup", Time since last: 1006240472 ns, Reaching safepoint: 684607 ns, At safepoint: 22367 ns, Total: 706974 ns
[2021-11-03T05:08:37.387+0000][7][safepoint    ] Safepoint "Cleanup", Time since last: 1006617292 ns, Reaching safepoint: 193004 ns, At safepoint: 5210 ns, Total: 198214 ns
[2021-11-03T05:08:38.389+0000][7][safepoint    ] Safepoint "Cleanup", Time since last: 1001916303 ns, Reaching safepoint: 470046 ns, At safepoint: 18328 ns, Total: 488374 ns
[2021-11-03T05:08:39.394+0000][7][safepoint    ] Safepoint "Cleanup", Time since last: 1004109618 ns, Reaching safepoint: 388047 ns, At safepoint: 12073 ns, Total: 400120 ns
[2021-11-03T05:08:40.400+0000][7][safepoint    ] Safepoint "Cleanup", Time since last: 1005943984 ns, Reaching safepoint: 693162 ns, At safepoint: 19292 ns, Total: 712454 ns
[2021-11-03T05:08:41.403+0000][7][safepoint    ] Safepoint "Cleanup", Time since last: 1002669888 ns, Reaching safepoint: 240145 ns, At safepoint: 6298 ns, Total: 246443 ns
[2021-11-03T05:08:42.408+0000][7][safepoint    ] Safepoint "Cleanup", Time since last: 1003961506 ns, Reaching safepoint: 623491 ns, At safepoint: 19343 ns, Total: 642834 ns
[2021-11-03T05:08:43.411+0000][7][safepoint    ] Safepoint "Cleanup", Time since last: 1002496909 ns, Reaching safepoint: 529666 ns, At safepoint: 9055 ns, Total: 538721 ns
[2021-11-03T05:08:44.414+0000][7][safepoint    ] Safepoint "Cleanup", Time since last: 1002192466 ns, Reaching safepoint: 509506 ns, At safepoint: 11697 ns, Total: 521203 ns
[2021-11-03T05:08:45.417+0000][7][safepoint    ] Safepoint "Cleanup", Time since last: 1003020798 ns, Reaching safepoint: 301140 ns, At safepoint: 8135 ns, Total: 309275 ns
[2021-11-03T05:08:46.422+0000][7][safepoint    ] Safepoint "Cleanup", Time since last: 1003944109 ns, Reaching safepoint: 475731 ns, At safepoint: 12690 ns, Total: 488421 ns
[2021-11-03T05:08:47.427+0000][7][safepoint    ] Safepoint "Cleanup", Time since last: 1004635998 ns, Reaching safepoint: 540620 ns, At safepoint: 10246 ns, Total: 550866 ns
[2021-11-03T05:08:48.437+0000][7][safepoint    ] Safepoint "Cleanup", Time since last: 1009376606 ns, Reaching safepoint: 435587 ns, At safepoint: 10054 ns, Total: 445641 ns
[2021-11-03T05:08:49.439+0000][7][safepoint    ] Safepoint "Cleanup", Time since last: 1002407391 ns, Reaching safepoint: 318458 ns, At safepoint: 11217 ns, Total: 329675 ns
[2021-11-03T05:08:50.444+0000][7][safepoint    ] Safepoint "Cleanup", Time since last: 1004061665 ns, Reaching safepoint: 395068 ns, At safepoint: 6628 ns, Total: 401696 ns
[2021-11-03T05:08:51.453+0000][7][safepoint    ] Safepoint "Cleanup", Time since last: 1008712345 ns, Reaching safepoint: 173458 ns, At safepoint: 6411 ns, Total: 179869 ns
[2021-11-03T05:08:52.458+0000][7][safepoint    ] Safepoint "Cleanup", Time since last: 1004625413 ns, Reaching safepoint: 444340 ns, At safepoint: 7110 ns, Total: 451450 ns
[2021-11-03T05:08:53.463+0000][7][safepoint    ] Safepoint "Cleanup", Time since last: 1004859364 ns, Reaching safepoint: 239365 ns, At safepoint: 6707 ns, Total: 246072 ns
[2021-11-03T05:08:54.468+0000][7][safepoint    ] Safepoint "Cleanup", Time since last: 1004495952 ns, Reaching safepoint: 520091 ns, At safepoint: 13399 ns, Total: 533490 ns
[2021-11-03T05:08:55.470+0000][7][safepoint    ] Safepoint "Cleanup", Time since last: 1002288170 ns, Reaching safepoint: 171166 ns, At safepoint: 6659 ns, Total: 177825 ns
[2021-11-03T05:08:56.475+0000][7][safepoint    ] Safepoint "Cleanup", Time since last: 1004480502 ns, Reaching safepoint: 170304 ns, At safepoint: 7233 ns, Total: 177537 ns
[2021-11-03T05:08:57.482+0000][7][safepoint    ] Safepoint "Cleanup", Time since last: 1007133486 ns, Reaching safepoint: 235787 ns, At safepoint: 6719 ns, Total: 242506 ns
[2021-11-03T05:08:58.487+0000][7][safepoint    ] Safepoint "Cleanup", Time since last: 1004504853 ns, Reaching safepoint: 238350 ns, At safepoint: 7306 ns, Total: 245656 ns
[2021-11-03T05:08:59.490+0000][7][safepoint    ] Safepoint "Cleanup", Time since last: 1003065518 ns, Reaching safepoint: 262397 ns, At safepoint: 7084 ns, Total: 269481 ns
[2021-11-03T05:09:00.495+0000][7][safepoint    ] Safepoint "Cleanup", Time since last: 1004232708 ns, Reaching safepoint: 242373 ns, At safepoint: 6546 ns, Total: 248919 ns
[2021-11-03T05:09:01.499+0000][7][safepoint    ] Safepoint "Cleanup", Time since last: 1003391870 ns, Reaching safepoint: 383309 ns, At safepoint: 6428 ns, Total: 389737 ns
[2021-11-03T05:09:02.501+0000][7][safepoint    ] Safepoint "Cleanup", Time since last: 1002327040 ns, Reaching safepoint: 169116 ns, At safepoint: 6063 ns, Total: 175179 ns
[2021-11-03T05:09:03.487+0000][7][safepoint    ] Safepoint "Cleanup", Time since last: 1006562757 ns, Reaching safepoint: 183974 ns, At safepoint: 6801 ns, Total: 190775 ns
[2021-11-03T05:09:04.496+0000][7][safepoint    ] Safepoint "Cleanup", Time since last: 1008495003 ns, Reaching safepoint: 169028 ns, At safepoint: 5893 ns, Total: 174921 ns
[2021-11-03T05:09:05.502+0000][7][safepoint    ] Safepoint "Cleanup", Time since last: 1006161718 ns, Reaching safepoint: 170801 ns, At safepoint: 6148 ns, Total: 176949 ns
[2021-11-03T05:09:06.511+0000][7][safepoint    ] Safepoint "Cleanup", Time since last: 1009003679 ns, Reaching safepoint: 175788 ns, At safepoint: 6630 ns, Total: 182418 ns
[2021-11-03T05:09:07.519+0000][7][safepoint    ] Safepoint "Cleanup", Time since last: 1007640281 ns, Reaching safepoint: 286706 ns, At safepoint: 6095 ns, Total: 292801 ns
[2021-11-03T05:09:08.524+0000][7][safepoint    ] Safepoint "Cleanup", Time since last: 1004401729 ns, Reaching safepoint: 243447 ns, At safepoint: 7150 ns, Total: 250597 ns
[2021-11-03T05:09:09.529+0000][7][safepoint    ] Safepoint "Cleanup", Time since last: 1005455208 ns, Reaching safepoint: 238637 ns, At safepoint: 6160 ns, Total: 244797 ns
[2021-11-03T05:09:10.536+0000][7][safepoint    ] Safepoint "Cleanup", Time since last: 1006087697 ns, Reaching safepoint: 176630 ns, At safepoint: 6943 ns, Total: 183573 ns
[2021-11-03T05:09:11.539+0000][7][safepoint    ] Safepoint "Cleanup", Time since last: 1003265896 ns, Reaching safepoint: 165822 ns, At safepoint: 6527 ns, Total: 172349 ns
[2021-11-03T05:09:12.544+0000][7][safepoint    ] Safepoint "Cleanup", Time since last: 1004474503 ns, Reaching safepoint: 174205 ns, At safepoint: 6772 ns, Total: 180977 ns
[2021-11-03T05:09:13.547+0000][7][safepoint    ] Safepoint "Cleanup", Time since last: 1002835345 ns, Reaching safepoint: 201542 ns, At safepoint: 7899 ns, Total: 209441 ns
[2021-11-03T05:09:14.550+0000][7][safepoint    ] Safepoint "Cleanup", Time since last: 1003191766 ns, Reaching safepoint: 173969 ns, At safepoint: 6240 ns, Total: 180209 ns
[2021-11-03T05:09:15.557+0000][7][safepoint    ] Safepoint "Cleanup", Time since last: 1006856989 ns, Reaching safepoint: 171147 ns, At safepoint: 6705 ns, Total: 177852 ns
[2021-11-03T05:09:16.562+0000][7][safepoint    ] Safepoint "Cleanup", Time since last: 1004015691 ns, Reaching safepoint: 348881 ns, At safepoint: 7976 ns, Total: 356857 ns
[2021-11-03T05:09:17.568+0000][7][safepoint    ] Safepoint "Cleanup", Time since last: 1006366501 ns, Reaching safepoint: 208996 ns, At safepoint: 6908 ns, Total: 215904 ns
[2021-11-03T05:09:18.571+0000][7][safepoint    ] Safepoint "Cleanup", Time since last: 1002349586 ns, Reaching safepoint: 136749 ns, At safepoint: 4565 ns, Total: 141314 ns
[2021-11-03T05:09:19.574+0000][7][safepoint    ] Safepoint "Cleanup", Time since last: 1003466034 ns, Reaching safepoint: 174916 ns, At safepoint: 6450 ns, Total: 181366 ns
[2021-11-03T05:09:20.577+0000][7][safepoint    ] Safepoint "Cleanup", Time since last: 1002230595 ns, Reaching safepoint: 171702 ns, At safepoint: 6792 ns, Total: 178494 ns
[2021-11-03T05:09:21.584+0000][7][safepoint    ] Safepoint "Cleanup", Time since last: 1006482445 ns, Reaching safepoint: 351940 ns, At safepoint: 7771 ns, Total: 359711 ns
[2021-11-03T05:09:22.586+0000][7][safepoint    ] Safepoint "Cleanup", Time since last: 1001875571 ns, Reaching safepoint: 245963 ns, At safepoint: 6446 ns, Total: 252409 ns
[2021-11-03T05:09:23.589+0000][7][safepoint    ] Safepoint "Cleanup", Time since last: 1002724842 ns, Reaching safepoint: 174872 ns, At safepoint: 6072 ns, Total: 180944 ns
[2021-11-03T05:09:24.592+0000][7][safepoint    ] Safepoint "Cleanup", Time since last: 1003364542 ns, Reaching safepoint: 338781 ns, At safepoint: 9311 ns, Total: 348092 ns
[2021-11-03T05:09:25.595+0000][7][safepoint    ] Safepoint "Cleanup", Time since last: 1002662319 ns, Reaching safepoint: 237175 ns, At safepoint: 6246 ns, Total: 243421 ns
[2021-11-03T05:09:26.599+0000][7][safepoint    ] Safepoint "Cleanup", Time since last: 1003325688 ns, Reaching safepoint: 166163 ns, At safepoint: 73599 ns, Total: 239762 ns
[2021-11-03T05:09:27.604+0000][7][safepoint    ] Safepoint "Cleanup", Time since last: 1004699815 ns, Reaching safepoint: 464710 ns, At safepoint: 74845 ns, Total: 539555 ns
[2021-11-03T05:09:28.607+0000][7][safepoint    ] Safepoint "Cleanup", Time since last: 1002432167 ns, Reaching safepoint: 242119 ns, At safepoint: 6665 ns, Total: 248784 ns
[2021-11-03T05:09:29.609+0000][7][safepoint    ] Safepoint "Cleanup", Time since last: 1002277129 ns, Reaching safepoint: 141943 ns, At safepoint: 8561 ns, Total: 150504 ns
[2021-11-03T05:09:30.617+0000][7][safepoint    ] Safepoint "Cleanup", Time since last: 1007515530 ns, Reaching safepoint: 569827 ns, At safepoint: 88250 ns, Total: 658077 ns
[2021-11-03T05:09:31.620+0000][7][safepoint    ] Safepoint "Cleanup", Time since last: 1002279221 ns, Reaching safepoint: 161267 ns, At safepoint: 9579 ns, Total: 170846 ns
[2021-11-03T05:09:32.624+0000][7][safepoint    ] Safepoint "Cleanup", Time since last: 1003966162 ns, Reaching safepoint: 182046 ns, At safepoint: 78126 ns, Total: 260172 ns
[2021-11-03T05:09:33.611+0000][7][safepoint    ] Safepoint "Cleanup", Time since last: 1007703386 ns, Reaching safepoint: 342744 ns, At safepoint: 110863 ns, Total: 453607 ns
[2021-11-03T05:09:34.616+0000][7][safepoint    ] Safepoint "Cleanup", Time since last: 1004312521 ns, Reaching safepoint: 354212 ns, At safepoint: 76564 ns, Total: 430776 ns
[2021-11-03T05:09:35.620+0000][7][safepoint    ] Safepoint "Cleanup", Time since last: 1004547330 ns, Reaching safepoint: 194534 ns, At safepoint: 74579 ns, Total: 269113 ns
[2021-11-03T05:09:36.625+0000][7][safepoint    ] Safepoint "Cleanup", Time since last: 1004100356 ns, Reaching safepoint: 266814 ns, At safepoint: 71462 ns, Total: 338276 ns
[2021-11-03T05:09:37.628+0000][7][safepoint    ] Safepoint "Cleanup", Time since last: 1002711094 ns, Reaching safepoint: 228292 ns, At safepoint: 7512 ns, Total: 235804 ns
[2021-11-03T05:09:38.630+0000][7][safepoint    ] Safepoint "Cleanup", Time since last: 1002180396 ns, Reaching safepoint: 386045 ns, At safepoint: 6581 ns, Total: 392626 ns
[2021-11-03T05:09:39.634+0000][7][safepoint    ] Safepoint "Cleanup", Time since last: 1003479687 ns, Reaching safepoint: 240038 ns, At safepoint: 6713 ns, Total: 246751 ns
[2021-11-03T05:09:40.637+0000][7][safepoint    ] Safepoint "Cleanup", Time since last: 1003080977 ns, Reaching safepoint: 235394 ns, At safepoint: 6454 ns, Total: 241848 ns
[2021-11-03T05:09:41.640+0000][7][safepoint    ] Safepoint "Cleanup", Time since last: 1002604637 ns, Reaching safepoint: 260390 ns, At safepoint: 6128 ns, Total: 266518 ns
[2021-11-03T05:09:42.643+0000][7][safepoint    ] Safepoint "Cleanup", Time since last: 1002079279 ns, Reaching safepoint: 162482 ns, At safepoint: 7281 ns, Total: 169763 ns
[2021-11-03T05:09:43.646+0000][7][safepoint    ] Safepoint "Cleanup", Time since last: 1003009987 ns, Reaching safepoint: 173693 ns, At safepoint: 7097 ns, Total: 180790 ns
[2021-11-03T05:09:44.649+0000][7][safepoint    ] Safepoint "Cleanup", Time since last: 1002954224 ns, Reaching safepoint: 178784 ns, At safepoint: 6498 ns, Total: 185282 ns
[2021-11-03T05:09:45.652+0000][7][safepoint    ] Safepoint "Cleanup", Time since last: 1002140567 ns, Reaching safepoint: 499628 ns, At safepoint: 9376 ns, Total: 509004 ns
[2021-11-03T05:09:46.654+0000][7][safepoint    ] Safepoint "Cleanup", Time since last: 1002022627 ns, Reaching safepoint: 166918 ns, At safepoint: 4983 ns, Total: 171901 ns
[2021-11-03T05:09:47.658+0000][7][safepoint    ] Safepoint "Cleanup", Time since last: 1004185938 ns, Reaching safepoint: 365524 ns, At safepoint: 7181 ns, Total: 372705 ns
[2021-11-03T05:09:48.661+0000][7][safepoint    ] Safepoint "Cleanup", Time since last: 1002319229 ns, Reaching safepoint: 286726 ns, At safepoint: 9199 ns, Total: 295925 ns
[2021-11-03T05:09:49.665+0000][7][safepoint    ] Safepoint "Cleanup", Time since last: 1004192603 ns, Reaching safepoint: 248314 ns, At safepoint: 71495 ns, Total: 319809 ns
[2021-11-03T05:09:50.671+0000][7][safepoint    ] Safepoint "Cleanup", Time since last: 1004985505 ns, Reaching safepoint: 335000 ns, At safepoint: 82492 ns, Total: 417492 ns
[2021-11-03T05:09:51.675+0000][7][safepoint    ] Safepoint "Cleanup", Time since last: 1003539443 ns, Reaching safepoint: 682225 ns, At safepoint: 171025 ns, Total: 853250 ns
[2021-11-03T05:09:52.678+0000][7][safepoint    ] Safepoint "Cleanup", Time since last: 1002422892 ns, Reaching safepoint: 250012 ns, At safepoint: 6843 ns, Total: 256855 ns
[2021-11-03T05:09:53.687+0000][7][safepoint    ] Safepoint "Cleanup", Time since last: 1008068516 ns, Reaching safepoint: 717318 ns, At safepoint: 10962 ns, Total: 728280 ns
[2021-11-03T05:09:54.690+0000][7][safepoint    ] Safepoint "Cleanup", Time since last: 1002490867 ns, Reaching safepoint: 311124 ns, At safepoint: 10053 ns, Total: 321177 ns
[2021-11-03T05:09:55.692+0000][7][safepoint    ] Safepoint "Cleanup", Time since last: 1002300358 ns, Reaching safepoint: 317947 ns, At safepoint: 12200 ns, Total: 330147 ns
[2021-11-03T05:09:56.696+0000][7][safepoint    ] Safepoint "Cleanup", Time since last: 1003429635 ns, Reaching safepoint: 173972 ns, At safepoint: 6640 ns, Total: 180612 ns
[2021-11-03T05:09:57.701+0000][7][safepoint    ] Safepoint "Cleanup", Time since last: 1005070365 ns, Reaching safepoint: 167077 ns, At safepoint: 6713 ns, Total: 173790 ns
[2021-11-03T05:09:58.704+0000][7][safepoint    ] Safepoint "Cleanup", Time since last: 1002640773 ns, Reaching safepoint: 169793 ns, At safepoint: 6289 ns, Total: 176082 ns
[2021-11-03T05:10:00.493+0000][7][safepoint    ] Safepoint "Cleanup", Time since last: 1788762757 ns, Reaching safepoint: 166992 ns, At safepoint: 7386 ns, Total: 174378 ns
[2021-11-03T05:10:01.496+0000][7][safepoint    ] Safepoint "Cleanup", Time since last: 1002928812 ns, Reaching safepoint: 170134 ns, At safepoint: 5937 ns, Total: 176071 ns
[2021-11-03T05:10:02.498+0000][7][safepoint    ] Safepoint "Cleanup", Time since last: 1002301276 ns, Reaching safepoint: 167859 ns, At safepoint: 6483 ns, Total: 174342 ns
[2021-11-03T05:10:03.480+0000][7][safepoint    ] Safepoint "Cleanup", Time since last: 1002166989 ns, Reaching safepoint: 176784 ns, At safepoint: 7415 ns, Total: 184199 ns
[2021-11-03T05:10:04.483+0000][7][safepoint    ] Safepoint "Cleanup", Time since last: 1003365964 ns, Reaching safepoint: 266288 ns, At safepoint: 6253 ns, Total: 272541 ns
[2021-11-03T05:10:05.486+0000][7][safepoint    ] Safepoint "Cleanup", Time since last: 1002313524 ns, Reaching safepoint: 136320 ns, At safepoint: 2684 ns, Total: 139004 ns
[2021-11-03T05:10:06.488+0000][7][safepoint    ] Safepoint "Cleanup", Time since last: 1001493208 ns, Reaching safepoint: 398819 ns, At safepoint: 10246 ns, Total: 409065 ns
[2021-11-03T05:10:07.492+0000][7][safepoint    ] Safepoint "Cleanup", Time since last: 1003453047 ns, Reaching safepoint: 638428 ns, At safepoint: 81878 ns, Total: 720306 ns
[2021-11-03T05:10:08.494+0000][7][safepoint    ] Safepoint "Cleanup", Time since last: 1002286802 ns, Reaching safepoint: 246918 ns, At safepoint: 6541 ns, Total: 253459 ns
[2021-11-03T05:10:09.502+0000][7][safepoint    ] Safepoint "Cleanup", Time since last: 1006725594 ns, Reaching safepoint: 627651 ns, At safepoint: 72905 ns, Total: 700556 ns
[2021-11-03T05:10:10.507+0000][7][safepoint    ] Safepoint "Cleanup", Time since last: 1001972667 ns, Reaching safepoint: 3373060 ns, At safepoint: 77629 ns, Total: 3450689 ns
[2021-11-03T05:10:11.511+0000][7][safepoint    ] Safepoint "Cleanup", Time since last: 1002327277 ns, Reaching safepoint: 786963 ns, At safepoint: 71681 ns, Total: 858644 ns
[2021-11-03T05:10:12.514+0000][7][safepoint    ] Safepoint "Cleanup", Time since last: 1002832987 ns, Reaching safepoint: 842084 ns, At safepoint: 79455 ns, Total: 921539 ns
[2021-11-03T05:10:13.517+0000][7][safepoint    ] Safepoint "Cleanup", Time since last: 1002447507 ns, Reaching safepoint: 517184 ns, At safepoint: 14616 ns, Total: 531800 ns
[2021-11-03T05:10:14.520+0000][7][safepoint    ] Safepoint "Cleanup", Time since last: 1002524207 ns, Reaching safepoint: 225673 ns, At safepoint: 6806 ns, Total: 232479 ns
[2021-11-03T05:10:15.523+0000][7][safepoint    ] Safepoint "Cleanup", Time since last: 1002855416 ns, Reaching safepoint: 415775 ns, At safepoint: 10682 ns, Total: 426457 ns
[2021-11-03T05:10:16.528+0000][7][safepoint    ] Safepoint "Cleanup", Time since last: 1004662062 ns, Reaching safepoint: 181248 ns, At safepoint: 5720 ns, Total: 186968 ns
[2021-11-03T05:10:17.531+0000][7][safepoint    ] Safepoint "Cleanup", Time since last: 1002926309 ns, Reaching safepoint: 295257 ns, At safepoint: 7249 ns, Total: 302506 ns
[2021-11-03T05:10:18.534+0000][7][safepoint    ] Safepoint "Cleanup", Time since last: 1002129809 ns, Reaching safepoint: 110994 ns, At safepoint: 2992 ns, Total: 113986 ns
[2021-11-03T05:10:19.537+0000][7][safepoint    ] Safepoint "Cleanup", Time since last: 1003404256 ns, Reaching safepoint: 301822 ns, At safepoint: 8325 ns, Total: 310147 ns
[2021-11-03T05:10:20.544+0000][7][safepoint    ] Safepoint "Cleanup", Time since last: 1005798809 ns, Reaching safepoint: 325154 ns, At safepoint: 57245 ns, Total: 382399 ns
[2021-11-03T05:10:21.546+0000][7][safepoint    ] Safepoint "Cleanup", Time since last: 1002564523 ns, Reaching safepoint: 342600 ns, At safepoint: 6740 ns, Total: 349340 ns
[2021-11-03T05:10:22.551+0000][7][safepoint    ] Safepoint "Cleanup", Time since last: 1004289036 ns, Reaching safepoint: 176794 ns, At safepoint: 6142 ns, Total: 182936 ns
[2021-11-03T05:10:23.553+0000][7][safepoint    ] Safepoint "Cleanup", Time since last: 1002402800 ns, Reaching safepoint: 171698 ns, At safepoint: 6572 ns, Total: 178270 ns
[2021-11-03T05:10:24.559+0000][7][safepoint    ] Safepoint "Cleanup", Time since last: 1005481637 ns, Reaching safepoint: 176009 ns, At safepoint: 6508 ns, Total: 182517 ns
[2021-11-03T05:10:25.562+0000][7][safepoint    ] Safepoint "Cleanup", Time since last: 1003006506 ns, Reaching safepoint: 265159 ns, At safepoint: 6466 ns, Total: 271625 ns
[2021-11-03T05:10:26.568+0000][7][safepoint    ] Safepoint "Cleanup", Time since last: 1005063458 ns, Reaching safepoint: 173758 ns, At safepoint: 5913 ns, Total: 179671 ns
[2021-11-03T05:10:27.571+0000][7][safepoint    ] Safepoint "Cleanup", Time since last: 1002881289 ns, Reaching safepoint: 214250 ns, At safepoint: 69953 ns, Total: 284203 ns
[2021-11-03T05:10:28.574+0000][7][safepoint    ] Safepoint "Cleanup", Time since last: 1003107889 ns, Reaching safepoint: 186622 ns, At safepoint: 6312 ns, Total: 192934 ns
[2021-11-03T05:10:29.579+0000][7][safepoint    ] Safepoint "Cleanup", Time since last: 1004716536 ns, Reaching safepoint: 219064 ns, At safepoint: 8043 ns, Total: 227107 ns
[2021-11-03T05:10:30.584+0000][7][safepoint    ] Safepoint "Cleanup", Time since last: 1004149717 ns, Reaching safepoint: 276700 ns, At safepoint: 7047 ns, Total: 283747 ns
[2021-11-03T05:10:31.586+0000][7][safepoint    ] Safepoint "Cleanup", Time since last: 1002391870 ns, Reaching safepoint: 172441 ns, At safepoint: 6088 ns, Total: 178529 ns
[2021-11-03T05:10:32.589+0000][7][safepoint    ] Safepoint "Cleanup", Time since last: 1002576590 ns, Reaching safepoint: 176972 ns, At safepoint: 6248 ns, Total: 183220 ns
[2021-11-03T05:10:33.571+0000][7][safepoint    ] Safepoint "Cleanup", Time since last: 1003042833 ns, Reaching safepoint: 179235 ns, At safepoint: 6723 ns, Total: 185958 ns
[2021-11-03T05:10:34.575+0000][7][safepoint    ] Safepoint "Cleanup", Time since last: 1003886559 ns, Reaching safepoint: 171338 ns, At safepoint: 60392 ns, Total: 231730 ns
[2021-11-03T05:10:35.578+0000][7][safepoint    ] Safepoint "Cleanup", Time since last: 1002615906 ns, Reaching safepoint: 175268 ns, At safepoint: 6693 ns, Total: 181961 ns
[2021-11-03T05:10:36.581+0000][7][safepoint    ] Safepoint "Cleanup", Time since last: 1002525330 ns, Reaching safepoint: 429005 ns, At safepoint: 13260 ns, Total: 442265 ns
[2021-11-03T05:10:37.584+0000][7][safepoint    ] Safepoint "Cleanup", Time since last: 1002594415 ns, Reaching safepoint: 435720 ns, At safepoint: 12847 ns, Total: 448567 ns
[2021-11-03T05:10:38.587+0000][7][safepoint    ] Safepoint "Cleanup", Time since last: 1002514213 ns, Reaching safepoint: 417858 ns, At safepoint: 12935 ns, Total: 430793 ns
[2021-11-03T05:10:39.590+0000][7][safepoint    ] Safepoint "Cleanup", Time since last: 1003125583 ns, Reaching safepoint: 362354 ns, At safepoint: 6771 ns, Total: 369125 ns
[2021-11-03T05:10:40.593+0000][7][safepoint    ] Safepoint "Cleanup", Time since last: 1002451682 ns, Reaching safepoint: 239623 ns, At safepoint: 6064 ns, Total: 245687 ns
[2021-11-03T05:10:41.599+0000][7][safepoint    ] Safepoint "Cleanup", Time since last: 1005644907 ns, Reaching safepoint: 210954 ns, At safepoint: 68956 ns, Total: 279910 ns
[2021-11-03T05:10:42.608+0000][7][safepoint    ] Safepoint "Cleanup", Time since last: 1008849748 ns, Reaching safepoint: 200925 ns, At safepoint: 6769 ns, Total: 207694 ns
[2021-11-03T05:10:43.616+0000][7][safepoint    ] Safepoint "Cleanup", Time since last: 1007704337 ns, Reaching safepoint: 237510 ns, At safepoint: 6491 ns, Total: 244001 ns
[2021-11-03T05:10:44.626+0000][7][safepoint    ] Safepoint "Cleanup", Time since last: 1009838960 ns, Reaching safepoint: 233368 ns, At safepoint: 6378 ns, Total: 239746 ns
[2021-11-03T05:10:45.633+0000][7][safepoint    ] Safepoint "Cleanup", Time since last: 1006714737 ns, Reaching safepoint: 238864 ns, At safepoint: 5867 ns, Total: 244731 ns
[2021-11-03T05:10:46.636+0000][7][safepoint    ] Safepoint "Cleanup", Time since last: 1002510801 ns, Reaching safepoint: 560518 ns, At safepoint: 23212 ns, Total: 583730 ns
[2021-11-03T05:10:47.649+0000][7][safepoint    ] Safepoint "Cleanup", Time since last: 1012662542 ns, Reaching safepoint: 515439 ns, At safepoint: 23423 ns, Total: 538862 ns
[2021-11-03T05:10:48.658+0000][7][safepoint    ] Safepoint "Cleanup", Time since last: 1008816011 ns, Reaching safepoint: 191520 ns, At safepoint: 6906 ns, Total: 198426 ns
[2021-11-03T05:10:49.661+0000][7][safepoint    ] Safepoint "Cleanup", Time since last: 1002072881 ns, Reaching safepoint: 222442 ns, At safepoint: 9056 ns, Total: 231498 ns
[2021-11-03T05:10:50.666+0000][7][safepoint    ] Safepoint "Cleanup", Time since last: 1005162834 ns, Reaching safepoint: 221336 ns, At safepoint: 6536 ns, Total: 227872 ns
[2021-11-03T05:10:51.670+0000][7][safepoint    ] Safepoint "Cleanup", Time since last: 1003657476 ns, Reaching safepoint: 167688 ns, At safepoint: 10999 ns, Total: 178687 ns
[2021-11-03T05:10:52.672+0000][7][safepoint    ] Safepoint "Cleanup", Time since last: 1002290110 ns, Reaching safepoint: 230965 ns, At safepoint: 6302 ns, Total: 237267 ns
[2021-11-03T05:10:53.675+0000][7][safepoint    ] Safepoint "Cleanup", Time since last: 1002345697 ns, Reaching safepoint: 262731 ns, At safepoint: 7025 ns, Total: 269756 ns
[2021-11-03T05:10:54.680+0000][7][safepoint    ] Safepoint "Cleanup", Time since last: 1004692576 ns, Reaching safepoint: 183180 ns, At safepoint: 6599 ns, Total: 189779 ns
[2021-11-03T05:10:55.683+0000][7][safepoint    ] Safepoint "Cleanup", Time since last: 1002654377 ns, Reaching safepoint: 168969 ns, At safepoint: 6682 ns, Total: 175651 ns
[2021-11-03T05:10:56.686+0000][7][safepoint    ] Safepoint "Cleanup", Time since last: 1002785210 ns, Reaching safepoint: 411684 ns, At safepoint: 8933 ns, Total: 420617 ns
[2021-11-03T05:10:57.691+0000][7][safepoint    ] Safepoint "Cleanup", Time since last: 1004701474 ns, Reaching safepoint: 241329 ns, At safepoint: 6974 ns, Total: 248303 ns
[2021-11-03T05:10:58.695+0000][7][safepoint    ] Safepoint "Cleanup", Time since last: 1003822562 ns, Reaching safepoint: 250947 ns, At safepoint: 6835 ns, Total: 257782 ns
[2021-11-03T05:10:59.700+0000][7][safepoint    ] Safepoint "Cleanup", Time since last: 1003813406 ns, Reaching safepoint: 766948 ns, At safepoint: 26371 ns, Total: 793319 ns
[2021-11-03T05:11:00.704+0000][7][safepoint    ] Safepoint "Cleanup", Time since last: 1004130140 ns, Reaching safepoint: 466551 ns, At safepoint: 8884 ns, Total: 475435 ns
[2021-11-03T05:11:01.709+0000][7][safepoint    ] Safepoint "Cleanup", Time since last: 1004101680 ns, Reaching safepoint: 327842 ns, At safepoint: 7002 ns, Total: 334844 ns
[2021-11-03T05:11:02.711+0000][7][safepoint    ] Safepoint "Cleanup", Time since last: 1002453735 ns, Reaching safepoint: 419537 ns, At safepoint: 5894 ns, Total: 425431 ns
[2021-11-03T05:11:03.695+0000][7][safepoint    ] Safepoint "Cleanup", Time since last: 1003816389 ns, Reaching safepoint: 283811 ns, At safepoint: 6683 ns, Total: 290494 ns
[2021-11-03T05:11:04.700+0000][7][safepoint    ] Safepoint "Cleanup", Time since last: 1005590554 ns, Reaching safepoint: 174201 ns, At safepoint: 6925 ns, Total: 181126 ns
[2021-11-03T05:11:05.703+0000][7][safepoint    ] Safepoint "Cleanup", Time since last: 1002776796 ns, Reaching safepoint: 172718 ns, At safepoint: 6536 ns, Total: 179254 ns
[2021-11-03T05:11:06.707+0000][7][safepoint    ] Safepoint "Cleanup", Time since last: 1003264790 ns, Reaching safepoint: 168870 ns, At safepoint: 6431 ns, Total: 175301 ns
[2021-11-03T05:11:07.715+0000][7][safepoint    ] Safepoint "Cleanup", Time since last: 1008060427 ns, Reaching safepoint: 486928 ns, At safepoint: 25624 ns, Total: 512552 ns
[2021-11-03T05:11:08.718+0000][7][safepoint    ] Safepoint "Cleanup", Time since last: 1002815730 ns, Reaching safepoint: 245098 ns, At safepoint: 6463 ns, Total: 251561 ns
[2021-11-03T05:11:09.724+0000][7][safepoint    ] Safepoint "Cleanup", Time since last: 1005361839 ns, Reaching safepoint: 304952 ns, At safepoint: 11611 ns, Total: 316563 ns
[2021-11-03T05:11:10.727+0000][7][safepoint    ] Safepoint "Cleanup", Time since last: 1003005191 ns, Reaching safepoint: 459567 ns, At safepoint: 6359 ns, Total: 465926 ns
[2021-11-03T05:11:11.733+0000][7][safepoint    ] Safepoint "Cleanup", Time since last: 1005680152 ns, Reaching safepoint: 303001 ns, At safepoint: 7762 ns, Total: 310763 ns
[2021-11-03T05:11:12.736+0000][7][safepoint    ] Safepoint "Cleanup", Time since last: 1002764755 ns, Reaching safepoint: 235840 ns, At safepoint: 6815 ns, Total: 242655 ns
[2021-11-03T05:11:13.742+0000][7][safepoint    ] Safepoint "Cleanup", Time since last: 1005530085 ns, Reaching safepoint: 391880 ns, At safepoint: 6938 ns, Total: 398818 ns
[2021-11-03T05:11:14.746+0000][7][safepoint    ] Safepoint "Cleanup", Time since last: 1003043430 ns, Reaching safepoint: 254446 ns, At safepoint: 14158 ns, Total: 268604 ns
[2021-11-03T05:11:15.749+0000][7][safepoint    ] Safepoint "Cleanup", Time since last: 1003015363 ns, Reaching safepoint: 165279 ns, At safepoint: 6773 ns, Total: 172052 ns
[2021-11-03T05:11:16.753+0000][7][safepoint    ] Safepoint "Cleanup", Time since last: 1003834806 ns, Reaching safepoint: 584088 ns, At safepoint: 9952 ns, Total: 594040 ns
[2021-11-03T05:11:17.758+0000][7][safepoint    ] Safepoint "Cleanup", Time since last: 1004517341 ns, Reaching safepoint: 409547 ns, At safepoint: 8634 ns, Total: 418181 ns
[2021-11-03T05:11:18.765+0000][7][safepoint    ] Safepoint "Cleanup", Time since last: 1006871030 ns, Reaching safepoint: 241333 ns, At safepoint: 6375 ns, Total: 247708 ns
[2021-11-03T05:11:19.770+0000][7][safepoint    ] Safepoint "Cleanup", Time since last: 1004496514 ns, Reaching safepoint: 404727 ns, At safepoint: 10241 ns, Total: 414968 ns
[2021-11-03T05:11:20.778+0000][7][safepoint    ] Safepoint "Cleanup", Time since last: 1007222544 ns, Reaching safepoint: 390600 ns, At safepoint: 9520 ns, Total: 400120 ns
[2021-11-03T05:11:21.781+0000][7][safepoint    ] Safepoint "Cleanup", Time since last: 1002763121 ns, Reaching safepoint: 250639 ns, At safepoint: 13351 ns, Total: 263990 ns
[2021-11-03T05:11:22.786+0000][7][safepoint    ] Safepoint "Cleanup", Time since last: 1005031239 ns, Reaching safepoint: 386027 ns, At safepoint: 7180 ns, Total: 393207 ns
[2021-11-03T05:11:23.794+0000][7][safepoint    ] Safepoint "Cleanup", Time since last: 1007453440 ns, Reaching safepoint: 451433 ns, At safepoint: 8371 ns, Total: 459804 ns
[2021-11-03T05:11:24.798+0000][7][safepoint    ] Safepoint "Cleanup", Time since last: 1003867781 ns, Reaching safepoint: 281421 ns, At safepoint: 6644 ns, Total: 288065 ns
[2021-11-03T05:11:25.802+0000][7][safepoint    ] Safepoint "Cleanup", Time since last: 1003518753 ns, Reaching safepoint: 345296 ns, At safepoint: 6103 ns, Total: 351399 ns
[2021-11-03T05:11:26.805+0000][7][safepoint    ] Safepoint "Cleanup", Time since last: 1002421251 ns, Reaching safepoint: 240060 ns, At safepoint: 6696 ns, Total: 246756 ns
[2021-11-03T05:11:27.807+0000][7][safepoint    ] Safepoint "Cleanup", Time since last: 1002291584 ns, Reaching safepoint: 167145 ns, At safepoint: 6127 ns, Total: 173272 ns
[2021-11-03T05:11:28.809+0000][7][safepoint    ] Safepoint "Cleanup", Time since last: 1001794869 ns, Reaching safepoint: 172253 ns, At safepoint: 6525 ns, Total: 178778 ns
[2021-11-03T05:11:29.812+0000][7][safepoint    ] Safepoint "Cleanup", Time since last: 1002859206 ns, Reaching safepoint: 180285 ns, At safepoint: 6099 ns, Total: 186384 ns
[2021-11-03T05:11:30.816+0000][7][safepoint    ] Safepoint "Cleanup", Time since last: 1003730214 ns, Reaching safepoint: 170786 ns, At safepoint: 6059 ns, Total: 176845 ns
[2021-11-03T05:11:31.824+0000][7][safepoint    ] Safepoint "Cleanup", Time since last: 1007560365 ns, Reaching safepoint: 347497 ns, At safepoint: 11800 ns, Total: 359297 ns
[2021-11-03T05:11:32.831+0000][7][safepoint    ] Safepoint "Cleanup", Time since last: 1006227154 ns, Reaching safepoint: 182385 ns, At safepoint: 7105 ns, Total: 189490 ns
[2021-11-03T05:11:33.818+0000][7][safepoint    ] Safepoint "Cleanup", Time since last: 1007790523 ns, Reaching safepoint: 324443 ns, At safepoint: 9474 ns, Total: 333917 ns
[2021-11-03T05:11:35.521+0000][7][safepoint    ] Safepoint "Cleanup", Time since last: 1703344585 ns, Reaching safepoint: 250676 ns, At safepoint: 6978 ns, Total: 257654 ns
[2021-11-03T05:11:36.528+0000][7][safepoint    ] Safepoint "Cleanup", Time since last: 1005815476 ns, Reaching safepoint: 524935 ns, At safepoint: 20403 ns, Total: 545338 ns
[2021-11-03T05:11:37.530+0000][7][safepoint    ] Safepoint "Cleanup", Time since last: 1002499127 ns, Reaching safepoint: 179423 ns, At safepoint: 4670 ns, Total: 184093 ns
[2021-11-03T05:11:38.534+0000][7][safepoint    ] Safepoint "Cleanup", Time since last: 1003562623 ns, Reaching safepoint: 379867 ns, At safepoint: 6556 ns, Total: 386423 ns
[2021-11-03T05:11:39.537+0000][7][safepoint    ] Safepoint "Cleanup", Time since last: 1002784365 ns, Reaching safepoint: 240823 ns, At safepoint: 7456 ns, Total: 248279 ns
[2021-11-03T05:11:40.540+0000][7][safepoint    ] Safepoint "Cleanup", Time since last: 1002196731 ns, Reaching safepoint: 242643 ns, At safepoint: 6297 ns, Total: 248940 ns
[2021-11-03T05:11:41.543+0000][7][safepoint    ] Safepoint "Cleanup", Time since last: 1002993570 ns, Reaching safepoint: 551337 ns, At safepoint: 7589 ns, Total: 558926 ns
[2021-11-03T05:11:42.546+0000][7][safepoint    ] Safepoint "Cleanup", Time since last: 1002623507 ns, Reaching safepoint: 308199 ns, At safepoint: 11974 ns, Total: 320173 ns
[2021-11-03T05:11:43.549+0000][7][safepoint    ] Safepoint "Cleanup", Time since last: 1002022423 ns, Reaching safepoint: 404746 ns, At safepoint: 7926 ns, Total: 412672 ns
[2021-11-03T05:11:44.551+0000][7][safepoint    ] Safepoint "Cleanup", Time since last: 1001673670 ns, Reaching safepoint: 335041 ns, At safepoint: 6130 ns, Total: 341171 ns
[2021-11-03T05:11:45.555+0000][7][safepoint    ] Safepoint "Cleanup", Time since last: 1003982372 ns, Reaching safepoint: 246925 ns, At safepoint: 5872 ns, Total: 252797 ns
[2021-11-03T05:11:46.558+0000][7][safepoint    ] Safepoint "Cleanup", Time since last: 1002485064 ns, Reaching safepoint: 310255 ns, At safepoint: 9327 ns, Total: 319582 ns
[2021-11-03T05:11:47.560+0000][7][safepoint    ] Safepoint "Cleanup", Time since last: 1002095120 ns, Reaching safepoint: 608933 ns, At safepoint: 9085 ns, Total: 618018 ns
[2021-11-03T05:11:48.564+0000][7][safepoint    ] Safepoint "Cleanup", Time since last: 1003255726 ns, Reaching safepoint: 537656 ns, At safepoint: 8581 ns, Total: 546237 ns
[2021-11-03T05:11:49.568+0000][7][safepoint    ] Safepoint "Cleanup", Time since last: 1002616065 ns, Reaching safepoint: 844654 ns, At safepoint: 20362 ns, Total: 865016 ns
[2021-11-03T05:11:50.571+0000][7][safepoint    ] Safepoint "Cleanup", Time since last: 1002719570 ns, Reaching safepoint: 248838 ns, At safepoint: 7844 ns, Total: 256682 ns
[2021-11-03T05:11:51.574+0000][7][safepoint    ] Safepoint "Cleanup", Time since last: 1003511565 ns, Reaching safepoint: 246162 ns, At safepoint: 5638 ns, Total: 251800 ns
[2021-11-03T05:11:52.579+0000][7][safepoint    ] Safepoint "Cleanup", Time since last: 1003509621 ns, Reaching safepoint: 596122 ns, At safepoint: 21301 ns, Total: 617423 ns
[2021-11-03T05:11:53.581+0000][7][safepoint    ] Safepoint "Cleanup", Time since last: 1002000806 ns, Reaching safepoint: 434198 ns, At safepoint: 9638 ns, Total: 443836 ns
[2021-11-03T05:11:54.591+0000][7][safepoint    ] Safepoint "Cleanup", Time since last: 1009588445 ns, Reaching safepoint: 251777 ns, At safepoint: 68445 ns, Total: 320222 ns
[2021-11-03T05:11:55.596+0000][7][safepoint    ] Safepoint "Cleanup", Time since last: 1004437878 ns, Reaching safepoint: 438706 ns, At safepoint: 12685 ns, Total: 451391 ns
[2021-11-03T05:11:56.602+0000][7][safepoint    ] Safepoint "Cleanup", Time since last: 1005676045 ns, Reaching safepoint: 154961 ns, At safepoint: 3871 ns, Total: 158832 ns
[2021-11-03T05:11:57.604+0000][7][safepoint    ] Safepoint "Cleanup", Time since last: 1002419712 ns, Reaching safepoint: 420580 ns, At safepoint: 11602 ns, Total: 432182 ns
[2021-11-03T05:11:58.610+0000][7][safepoint    ] Safepoint "Cleanup", Time since last: 1005655363 ns, Reaching safepoint: 186597 ns, At safepoint: 6396 ns, Total: 192993 ns
[2021-11-03T05:11:59.612+0000][7][safepoint    ] Safepoint "Cleanup", Time since last: 1001665995 ns, Reaching safepoint: 167172 ns, At safepoint: 6071 ns, Total: 173243 ns
[2021-11-03T05:12:00.614+0000][7][safepoint    ] Safepoint "Cleanup", Time since last: 1001674298 ns, Reaching safepoint: 198879 ns, At safepoint: 6050 ns, Total: 204929 ns
[2021-11-03T05:12:01.617+0000][7][safepoint    ] Safepoint "Cleanup", Time since last: 1002441965 ns, Reaching safepoint: 166463 ns, At safepoint: 5409 ns, Total: 171872 ns
[2021-11-03T05:12:02.625+0000][7][safepoint    ] Safepoint "Cleanup", Time since last: 1008601015 ns, Reaching safepoint: 204151 ns, At safepoint: 7557 ns, Total: 211708 ns
[2021-11-03T05:12:03.608+0000][7][safepoint    ] Safepoint "Cleanup", Time since last: 1002626387 ns, Reaching safepoint: 180139 ns, At safepoint: 6721 ns, Total: 186860 ns
[2021-11-03T05:12:04.611+0000][7][safepoint    ] Safepoint "Cleanup", Time since last: 1003687506 ns, Reaching safepoint: 185727 ns, At safepoint: 6344 ns, Total: 192071 ns
[2021-11-03T05:12:05.616+0000][7][safepoint    ] Safepoint "Cleanup", Time since last: 1003914483 ns, Reaching safepoint: 176512 ns, At safepoint: 6402 ns, Total: 182914 ns
[2021-11-03T05:12:06.624+0000][7][safepoint    ] Safepoint "Cleanup", Time since last: 1007796878 ns, Reaching safepoint: 175640 ns, At safepoint: 6448 ns, Total: 182088 ns
[2021-11-03T05:12:07.627+0000][7][safepoint    ] Safepoint "Cleanup", Time since last: 1002962174 ns, Reaching safepoint: 524888 ns, At safepoint: 21704 ns, Total: 546592 ns
[2021-11-03T05:12:08.747+0000][7][safepoint    ] Safepoint "Cleanup", Time since last: 1120109643 ns, Reaching safepoint: 251221 ns, At safepoint: 24581 ns, Total: 275802 ns
[2021-11-03T05:12:09.749+0000][7][safepoint    ] Safepoint "Cleanup", Time since last: 1001111180 ns, Reaching safepoint: 172088 ns, At safepoint: 6859 ns, Total: 178947 ns
[2021-11-03T05:12:10.752+0000][7][safepoint    ] Safepoint "Cleanup", Time since last: 1002958941 ns, Reaching safepoint: 339470 ns, At safepoint: 76663 ns, Total: 416133 ns
[2021-11-03T05:12:11.755+0000][7][safepoint    ] Safepoint "Cleanup", Time since last: 1002674735 ns, Reaching safepoint: 225775 ns, At safepoint: 5859 ns, Total: 231634 ns
[2021-11-03T05:12:12.757+0000][7][safepoint    ] Safepoint "Cleanup", Time since last: 1002048459 ns, Reaching safepoint: 321846 ns, At safepoint: 7031 ns, Total: 328877 ns
[2021-11-03T05:12:13.761+0000][7][safepoint    ] Safepoint "Cleanup", Time since last: 1002592101 ns, Reaching safepoint: 602615 ns, At safepoint: 83890 ns, Total: 686505 ns
[2021-11-03T05:12:14.766+0000][7][safepoint    ] Safepoint "Cleanup", Time since last: 1005243039 ns, Reaching safepoint: 224773 ns, At safepoint: 11829 ns, Total: 236602 ns
[2021-11-03T05:12:15.770+0000][7][safepoint    ] Safepoint "Cleanup", Time since last: 1003252321 ns, Reaching safepoint: 242890 ns, At safepoint: 9596 ns, Total: 252486 ns
[2021-11-03T05:12:16.773+0000][7][safepoint    ] Safepoint "Cleanup", Time since last: 1003130047 ns, Reaching safepoint: 176452 ns, At safepoint: 6291 ns, Total: 182743 ns
[2021-11-03T05:12:17.777+0000][7][safepoint    ] Safepoint "Cleanup", Time since last: 1003801983 ns, Reaching safepoint: 127182 ns, At safepoint: 63182 ns, Total: 190364 ns
[2021-11-03T05:12:18.781+0000][7][safepoint    ] Safepoint "Cleanup", Time since last: 1003419204 ns, Reaching safepoint: 159894 ns, At safepoint: 7978 ns, Total: 167872 ns
[2021-11-03T05:12:19.786+0000][7][safepoint    ] Safepoint "Cleanup", Time since last: 1004156205 ns, Reaching safepoint: 843982 ns, At safepoint: 88314 ns, Total: 932296 ns
[2021-11-03T05:12:20.789+0000][7][safepoint    ] Safepoint "Cleanup", Time since last: 1003048591 ns, Reaching safepoint: 241304 ns, At safepoint: 76814 ns, Total: 318118 ns
[2021-11-03T05:12:21.791+0000][7][safepoint    ] Safepoint "Cleanup", Time since last: 1002153580 ns, Reaching safepoint: 139878 ns, At safepoint: 3649 ns, Total: 143527 ns
[2021-11-03T05:12:22.796+0000][7][safepoint    ] Safepoint "Cleanup", Time since last: 1004543229 ns, Reaching safepoint: 201603 ns, At safepoint: 7769 ns, Total: 209372 ns
[2021-11-03T05:12:23.799+0000][7][safepoint    ] Safepoint "Cleanup", Time since last: 1002621674 ns, Reaching safepoint: 186184 ns, At safepoint: 6840 ns, Total: 193024 ns
[2021-11-03T05:12:24.803+0000][7][safepoint    ] Safepoint "Cleanup", Time since last: 1002999459 ns, Reaching safepoint: 564583 ns, At safepoint: 80882 ns, Total: 645465 ns
[2021-11-03T05:12:25.811+0000][7][safepoint    ] Safepoint "Cleanup", Time since last: 1007901880 ns, Reaching safepoint: 287574 ns, At safepoint: 71708 ns, Total: 359282 ns
[2021-11-03T05:12:26.816+0000][7][safepoint    ] Safepoint "Cleanup", Time since last: 1004352276 ns, Reaching safepoint: 591990 ns, At safepoint: 8517 ns, Total: 600507 ns
[2021-11-03T05:12:27.818+0000][7][safepoint    ] Safepoint "Cleanup", Time since last: 1002163733 ns, Reaching safepoint: 343399 ns, At safepoint: 13270 ns, Total: 356669 ns
[2021-11-03T05:12:28.821+0000][7][safepoint    ] Safepoint "Cleanup", Time since last: 1002171796 ns, Reaching safepoint: 242383 ns, At safepoint: 6969 ns, Total: 249352 ns
[2021-11-03T05:12:29.880+0000][7][safepoint    ] Safepoint "Cleanup", Time since last: 1002859886 ns, Reaching safepoint: 46675770 ns, At safepoint: 13438 ns, Total: 46689208 ns
[2021-11-03T05:12:30.912+0000][7][safepoint    ] Safepoint "Cleanup", Time since last: 1041586163 ns, Reaching safepoint: 605614 ns, At safepoint: 13245 ns, Total: 618859 ns
[2021-11-03T05:12:31.915+0000][7][safepoint    ] Safepoint "Cleanup", Time since last: 1002721628 ns, Reaching safepoint: 234057 ns, At safepoint: 5189 ns, Total: 239246 ns
[2021-11-03T05:12:32.920+0000][7][safepoint    ] Safepoint "Cleanup", Time since last: 1003631203 ns, Reaching safepoint: 669289 ns, At safepoint: 20691 ns, Total: 689980 ns
[2021-11-03T05:12:33.902+0000][7][safepoint    ] Safepoint "Cleanup", Time since last: 1002628412 ns, Reaching safepoint: 493261 ns, At safepoint: 17532 ns, Total: 510793 ns
[2021-11-03T05:12:34.905+0000][7][safepoint    ] Safepoint "Cleanup", Time since last: 1002607185 ns, Reaching safepoint: 437345 ns, At safepoint: 9236 ns, Total: 446581 ns
[2021-11-03T05:12:35.908+0000][7][safepoint    ] Safepoint "Cleanup", Time since last: 1003252134 ns, Reaching safepoint: 526868 ns, At safepoint: 12708 ns, Total: 539576 ns
[2021-11-03T05:12:36.912+0000][7][safepoint    ] Safepoint "Cleanup", Time since last: 1003015367 ns, Reaching safepoint: 301495 ns, At safepoint: 6820 ns, Total: 308315 ns
[2021-11-03T05:12:37.915+0000][7][safepoint    ] Safepoint "Cleanup", Time since last: 1003199235 ns, Reaching safepoint: 336120 ns, At safepoint: 8939 ns, Total: 345059 ns
[2021-11-03T05:12:38.926+0000][7][safepoint    ] Safepoint "Cleanup", Time since last: 1010434811 ns, Reaching safepoint: 706302 ns, At safepoint: 71032 ns, Total: 777334 ns
[2021-11-03T05:12:39.931+0000][7][safepoint    ] Safepoint "Cleanup", Time since last: 1004107779 ns, Reaching safepoint: 379929 ns, At safepoint: 11090 ns, Total: 391019 ns
[2021-11-03T05:12:40.935+0000][7][safepoint    ] Safepoint "Cleanup", Time since last: 1004345418 ns, Reaching safepoint: 180289 ns, At safepoint: 30618 ns, Total: 210907 ns
[2021-11-03T05:12:41.942+0000][7][safepoint    ] Safepoint "Cleanup", Time since last: 1005226784 ns, Reaching safepoint: 703344 ns, At safepoint: 78286 ns, Total: 781630 ns
[2021-11-03T05:12:42.944+0000][7][safepoint    ] Safepoint "Cleanup", Time since last: 1002145061 ns, Reaching safepoint: 571958 ns, At safepoint: 62290 ns, Total: 634248 ns
[2021-11-03T05:12:43.947+0000][7][safepoint    ] Safepoint "Cleanup", Time since last: 1002724919 ns, Reaching safepoint: 236750 ns, At safepoint: 6784 ns, Total: 243534 ns
[2021-11-03T05:12:44.951+0000][7][safepoint    ] Safepoint "Cleanup", Time since last: 1003128739 ns, Reaching safepoint: 240640 ns, At safepoint: 6374 ns, Total: 247014 ns
[2021-11-03T05:12:45.954+0000][7][safepoint    ] Safepoint "Cleanup", Time since last: 1003189736 ns, Reaching safepoint: 481893 ns, At safepoint: 11217 ns, Total: 493110 ns
[2021-11-03T05:12:46.957+0000][7][safepoint    ] Safepoint "Cleanup", Time since last: 1002668129 ns, Reaching safepoint: 321433 ns, At safepoint: 75075 ns, Total: 396508 ns
[2021-11-03T05:12:47.961+0000][7][safepoint    ] Safepoint "Cleanup", Time since last: 1003057806 ns, Reaching safepoint: 225333 ns, At safepoint: 6046 ns, Total: 231379 ns
[2021-11-03T05:12:48.963+0000][7][safepoint    ] Safepoint "Cleanup", Time since last: 1001844187 ns, Reaching safepoint: 225710 ns, At safepoint: 5535 ns, Total: 231245 ns
[2021-11-03T05:12:49.972+0000][7][safepoint    ] Safepoint "Cleanup", Time since last: 1008448467 ns, Reaching safepoint: 482988 ns, At safepoint: 75317 ns, Total: 558305 ns
[2021-11-03T05:12:50.975+0000][7][safepoint    ] Safepoint "Cleanup", Time since last: 1002498341 ns, Reaching safepoint: 591986 ns, At safepoint: 20339 ns, Total: 612325 ns
[2021-11-03T05:12:51.982+0000][7][safepoint    ] Safepoint "Cleanup", Time since last: 1005657830 ns, Reaching safepoint: 1010126 ns, At safepoint: 87030 ns, Total: 1097156 ns
[2021-11-03T05:12:52.985+0000][7][safepoint    ] Safepoint "Cleanup", Time since last: 1002664229 ns, Reaching safepoint: 222147 ns, At safepoint: 8104 ns, Total: 230251 ns
[2021-11-03T05:12:53.993+0000][7][safepoint    ] Safepoint "Cleanup", Time since last: 1008354242 ns, Reaching safepoint: 291951 ns, At safepoint: 11710 ns, Total: 303661 ns
[2021-11-03T05:12:54.996+0000][7][safepoint    ] Safepoint "Cleanup", Time since last: 1002352756 ns, Reaching safepoint: 186206 ns, At safepoint: 8814 ns, Total: 195020 ns
[2021-11-03T05:12:56.000+0000][7][safepoint    ] Safepoint "Cleanup", Time since last: 1003034588 ns, Reaching safepoint: 693794 ns, At safepoint: 71530 ns, Total: 765324 ns
[2021-11-03T05:12:57.003+0000][7][safepoint    ] Safepoint "Cleanup", Time since last: 1002939892 ns, Reaching safepoint: 285375 ns, At safepoint: 6588 ns, Total: 291963 ns
[2021-11-03T05:12:58.006+0000][7][safepoint    ] Safepoint "Cleanup", Time since last: 1003045432 ns, Reaching safepoint: 417997 ns, At safepoint: 18739 ns, Total: 436736 ns
[2021-11-03T05:12:59.015+0000][7][safepoint    ] Safepoint "Cleanup", Time since last: 1007762489 ns, Reaching safepoint: 563233 ns, At safepoint: 104578 ns, Total: 667811 ns
[2021-11-03T05:13:00.116+0000][7][safepoint    ] Safepoint "Cleanup", Time since last: 1100686699 ns, Reaching safepoint: 430639 ns, At safepoint: 186995 ns, Total: 617634 ns
[2021-11-03T05:13:01.119+0000][7][safepoint    ] Safepoint "Cleanup", Time since last: 1002142889 ns, Reaching safepoint: 400097 ns, At safepoint: 9596 ns, Total: 409693 ns
[2021-11-03T05:13:02.121+0000][7][safepoint    ] Safepoint "Cleanup", Time since last: 1002688511 ns, Reaching safepoint: 235159 ns, At safepoint: 7585 ns, Total: 242744 ns
[2021-11-03T05:13:03.125+0000][7][safepoint    ] Safepoint "Cleanup", Time since last: 1002868898 ns, Reaching safepoint: 237625 ns, At safepoint: 5955 ns, Total: 243580 ns
[2021-11-03T05:13:04.106+0000][7][safepoint    ] Safepoint "Cleanup", Time since last: 1002511540 ns, Reaching safepoint: 182344 ns, At safepoint: 7019 ns, Total: 189363 ns
[2021-11-03T05:13:05.111+0000][7][safepoint    ] Safepoint "Cleanup", Time since last: 1004334783 ns, Reaching safepoint: 181478 ns, At safepoint: 7168 ns, Total: 188646 ns
[2021-11-03T05:13:06.114+0000][7][safepoint    ] Safepoint "Cleanup", Time since last: 1003503303 ns, Reaching safepoint: 176918 ns, At safepoint: 6333 ns, Total: 183251 ns
[2021-11-03T05:13:07.117+0000][7][safepoint    ] Safepoint "Cleanup", Time since last: 1002688007 ns, Reaching safepoint: 167852 ns, At safepoint: 5727 ns, Total: 173579 ns
[2021-11-03T05:13:08.122+0000][7][safepoint    ] Safepoint "Cleanup", Time since last: 1004925154 ns, Reaching safepoint: 121038 ns, At safepoint: 3947 ns, Total: 124985 ns
[2021-11-03T05:13:09.125+0000][7][safepoint    ] Safepoint "Cleanup", Time since last: 1002055415 ns, Reaching safepoint: 178184 ns, At safepoint: 6587 ns, Total: 184771 ns
[2021-11-03T05:13:10.127+0000][7][safepoint    ] Safepoint "Cleanup", Time since last: 1002349317 ns, Reaching safepoint: 163038 ns, At safepoint: 5635 ns, Total: 168673 ns
[2021-11-03T05:13:11.130+0000][7][safepoint    ] Safepoint "Cleanup", Time since last: 1003039888 ns, Reaching safepoint: 162696 ns, At safepoint: 75103 ns, Total: 237799 ns
[2021-11-03T05:13:12.134+0000][7][safepoint    ] Safepoint "Cleanup", Time since last: 1003055606 ns, Reaching safepoint: 168288 ns, At safepoint: 5702 ns, Total: 173990 ns
[2021-11-03T05:13:13.137+0000][7][safepoint    ] Safepoint "Cleanup", Time since last: 1003595910 ns, Reaching safepoint: 229933 ns, At safepoint: 5990 ns, Total: 235923 ns
[2021-11-03T05:13:14.142+0000][7][safepoint    ] Safepoint "Cleanup", Time since last: 1004493441 ns, Reaching safepoint: 418824 ns, At safepoint: 8243 ns, Total: 427067 ns
[2021-11-03T05:13:15.148+0000][7][safepoint    ] Safepoint "Cleanup", Time since last: 1005019719 ns, Reaching safepoint: 171520 ns, At safepoint: 6481 ns, Total: 178001 ns
[2021-11-03T05:13:16.152+0000][7][safepoint    ] Safepoint "Cleanup", Time since last: 1004681611 ns, Reaching safepoint: 227789 ns, At safepoint: 6285 ns, Total: 234074 ns
[2021-11-03T05:13:17.158+0000][7][safepoint    ] Safepoint "Cleanup", Time since last: 1005072679 ns, Reaching safepoint: 171963 ns, At safepoint: 6536 ns, Total: 178499 ns
[2021-11-03T05:13:18.161+0000][7][safepoint    ] Safepoint "Cleanup", Time since last: 1002524655 ns, Reaching safepoint: 399356 ns, At safepoint: 78362 ns, Total: 477718 ns
[2021-11-03T05:13:19.165+0000][7][safepoint    ] Safepoint "Cleanup", Time since last: 1003626996 ns, Reaching safepoint: 178670 ns, At safepoint: 6031 ns, Total: 184701 ns
[2021-11-03T05:13:20.171+0000][7][safepoint    ] Safepoint "Cleanup", Time since last: 1005690095 ns, Reaching safepoint: 384444 ns, At safepoint: 9949 ns, Total: 394393 ns
[2021-11-03T05:13:21.175+0000][7][safepoint    ] Safepoint "Cleanup", Time since last: 1003535577 ns, Reaching safepoint: 367793 ns, At safepoint: 9755 ns, Total: 377548 ns
[2021-11-03T05:13:22.179+0000][7][safepoint    ] Safepoint "Cleanup", Time since last: 1004498420 ns, Reaching safepoint: 452357 ns, At safepoint: 8094 ns, Total: 460451 ns
[2021-11-03T05:13:23.185+0000][7][safepoint    ] Safepoint "Cleanup", Time since last: 1005188601 ns, Reaching safepoint: 355146 ns, At safepoint: 6971 ns, Total: 362117 ns
[2021-11-03T05:13:24.188+0000][7][safepoint    ] Safepoint "Cleanup", Time since last: 1002715775 ns, Reaching safepoint: 275835 ns, At safepoint: 6322 ns, Total: 282157 ns
[2021-11-03T05:13:25.190+0000][7][safepoint    ] Safepoint "Cleanup", Time since last: 1002109108 ns, Reaching safepoint: 168392 ns, At safepoint: 6637 ns, Total: 175029 ns
[2021-11-03T05:13:26.194+0000][7][safepoint    ] Safepoint "Cleanup", Time since last: 1003824725 ns, Reaching safepoint: 170340 ns, At safepoint: 6359 ns, Total: 176699 ns
[2021-11-03T05:13:27.202+0000][7][safepoint    ] Safepoint "Cleanup", Time since last: 1007514158 ns, Reaching safepoint: 253406 ns, At safepoint: 6384 ns, Total: 259790 ns
[2021-11-03T05:13:28.207+0000][7][safepoint    ] Safepoint "Cleanup", Time since last: 1004865594 ns, Reaching safepoint: 309332 ns, At safepoint: 8092 ns, Total: 317424 ns
[2021-11-03T05:13:29.215+0000][7][safepoint    ] Safepoint "Cleanup", Time since last: 1006912071 ns, Reaching safepoint: 465855 ns, At safepoint: 72626 ns, Total: 538481 ns
[2021-11-03T05:13:30.220+0000][7][safepoint    ] Safepoint "Cleanup", Time since last: 1004589053 ns, Reaching safepoint: 578047 ns, At safepoint: 116880 ns, Total: 694927 ns
[2021-11-03T05:13:31.226+0000][7][safepoint    ] Safepoint "Cleanup", Time since last: 1005605755 ns, Reaching safepoint: 644975 ns, At safepoint: 18790 ns, Total: 663765 ns
[2021-11-03T05:13:32.232+0000][7][safepoint    ] Safepoint "Cleanup", Time since last: 1005085461 ns, Reaching safepoint: 606413 ns, At safepoint: 13356 ns, Total: 619769 ns
[2021-11-03T05:13:33.235+0000][7][safepoint    ] Safepoint "Cleanup", Time since last: 1002731950 ns, Reaching safepoint: 385716 ns, At safepoint: 5592 ns, Total: 391308 ns
[2021-11-03T05:13:34.222+0000][7][safepoint    ] Safepoint "Cleanup", Time since last: 1007802153 ns, Reaching safepoint: 182054 ns, At safepoint: 7302 ns, Total: 189356 ns
[2021-11-03T05:13:35.232+0000][7][safepoint    ] Safepoint "Cleanup", Time since last: 1009541894 ns, Reaching safepoint: 349910 ns, At safepoint: 7812 ns, Total: 357722 ns
[2021-11-03T05:13:36.241+0000][7][safepoint    ] Safepoint "Cleanup", Time since last: 1008655689 ns, Reaching safepoint: 346282 ns, At safepoint: 7008 ns, Total: 353290 ns
[2021-11-03T05:13:37.245+0000][7][safepoint    ] Safepoint "Cleanup", Time since last: 1003414965 ns, Reaching safepoint: 117077 ns, At safepoint: 2998 ns, Total: 120075 ns
[2021-11-03T05:13:38.246+0000][7][safepoint    ] Safepoint "Cleanup", Time since last: 1001347125 ns, Reaching safepoint: 185546 ns, At safepoint: 7140 ns, Total: 192686 ns
[2021-11-03T05:13:39.250+0000][7][safepoint    ] Safepoint "Cleanup", Time since last: 1003552400 ns, Reaching safepoint: 404964 ns, At safepoint: 7806 ns, Total: 412770 ns
[2021-11-03T05:13:40.253+0000][7][safepoint    ] Safepoint "Cleanup", Time since last: 1002350463 ns, Reaching safepoint: 187065 ns, At safepoint: 5932 ns, Total: 192997 ns
[2021-11-03T05:13:41.259+0000][7][safepoint    ] Safepoint "Cleanup", Time since last: 1006308179 ns, Reaching safepoint: 174746 ns, At safepoint: 6072 ns, Total: 180818 ns
[2021-11-03T05:13:42.262+0000][7][safepoint    ] Safepoint "Cleanup", Time since last: 1002233179 ns, Reaching safepoint: 184957 ns, At safepoint: 6568 ns, Total: 191525 ns
[2021-11-03T05:13:43.270+0000][7][safepoint    ] Safepoint "Cleanup", Time since last: 1007822648 ns, Reaching safepoint: 174221 ns, At safepoint: 6058 ns, Total: 180279 ns
[2021-11-03T05:13:44.282+0000][7][safepoint    ] Safepoint "Cleanup", Time since last: 1011931487 ns, Reaching safepoint: 228336 ns, At safepoint: 5956 ns, Total: 234292 ns
[2021-11-03T05:13:45.289+0000][7][safepoint    ] Safepoint "Cleanup", Time since last: 1007155248 ns, Reaching safepoint: 175081 ns, At safepoint: 5802 ns, Total: 180883 ns
[2021-11-03T05:13:46.291+0000][7][safepoint    ] Safepoint "Cleanup", Time since last: 1001876542 ns, Reaching safepoint: 175521 ns, At safepoint: 6534 ns, Total: 182055 ns
[2021-11-03T05:13:47.294+0000][7][safepoint    ] Safepoint "Cleanup", Time since last: 1002183163 ns, Reaching safepoint: 170495 ns, At safepoint: 5626 ns, Total: 176121 ns
[2021-11-03T05:13:48.299+0000][7][safepoint    ] Safepoint "Cleanup", Time since last: 1005346223 ns, Reaching safepoint: 174048 ns, At safepoint: 5706 ns, Total: 179754 ns
[2021-11-03T05:13:49.311+0000][7][safepoint    ] Safepoint "Cleanup", Time since last: 1011981205 ns, Reaching safepoint: 181543 ns, At safepoint: 6653 ns, Total: 188196 ns
[2021-11-03T05:13:50.319+0000][7][safepoint    ] Safepoint "Cleanup", Time since last: 1006881607 ns, Reaching safepoint: 482209 ns, At safepoint: 10098 ns, Total: 492307 ns
[2021-11-03T05:13:51.322+0000][7][safepoint    ] Safepoint "Cleanup", Time since last: 1003188767 ns, Reaching safepoint: 334762 ns, At safepoint: 6896 ns, Total: 341658 ns
[2021-11-03T05:13:52.327+0000][7][safepoint    ] Safepoint "Cleanup", Time since last: 1004037277 ns, Reaching safepoint: 377250 ns, At safepoint: 10148 ns, Total: 387398 ns
[2021-11-03T05:13:53.332+0000][7][safepoint    ] Safepoint "Cleanup", Time since last: 1005031404 ns, Reaching safepoint: 229728 ns, At safepoint: 7157 ns, Total: 236885 ns
[2021-11-03T05:13:54.343+0000][7][safepoint    ] Safepoint "Cleanup", Time since last: 1010690590 ns, Reaching safepoint: 245239 ns, At safepoint: 6979 ns, Total: 252218 ns
[2021-11-03T05:13:55.346+0000][7][safepoint    ] Safepoint "Cleanup", Time since last: 1002721768 ns, Reaching safepoint: 246660 ns, At safepoint: 7021 ns, Total: 253681 ns
[2021-11-03T05:13:56.349+0000][7][safepoint    ] Safepoint "Cleanup", Time since last: 1003286646 ns, Reaching safepoint: 272074 ns, At safepoint: 7640 ns, Total: 279714 ns
[2021-11-03T05:13:57.354+0000][7][safepoint    ] Safepoint "Cleanup", Time since last: 1004282877 ns, Reaching safepoint: 175618 ns, At safepoint: 6036 ns, Total: 181654 ns
[2021-11-03T05:13:58.356+0000][7][safepoint    ] Safepoint "Cleanup", Time since last: 1002091363 ns, Reaching safepoint: 172124 ns, At safepoint: 6328 ns, Total: 178452 ns
[2021-11-03T05:13:59.364+0000][7][safepoint    ] Safepoint "Cleanup", Time since last: 1007356154 ns, Reaching safepoint: 176353 ns, At safepoint: 6092 ns, Total: 182445 ns
[2021-11-03T05:14:00.370+0000][7][safepoint    ] Safepoint "Cleanup", Time since last: 1006197423 ns, Reaching safepoint: 376032 ns, At safepoint: 74981 ns, Total: 451013 ns
[2021-11-03T05:14:01.373+0000][7][safepoint    ] Safepoint "Cleanup", Time since last: 1002975443 ns, Reaching safepoint: 178455 ns, At safepoint: 6880 ns, Total: 185335 ns
[2021-11-03T05:14:02.381+0000][7][safepoint    ] Safepoint "Cleanup", Time since last: 1007045152 ns, Reaching safepoint: 171344 ns, At safepoint: 6023 ns, Total: 177367 ns
[2021-11-03T05:14:03.370+0000][7][safepoint    ] Safepoint "Cleanup", Time since last: 1009446388 ns, Reaching safepoint: 214852 ns, At safepoint: 7656 ns, Total: 222508 ns
[2021-11-03T05:14:04.377+0000][7][safepoint    ] Safepoint "Cleanup", Time since last: 1007402700 ns, Reaching safepoint: 417076 ns, At safepoint: 78608 ns, Total: 495684 ns
[2021-11-03T05:14:05.381+0000][7][safepoint    ] Safepoint "Cleanup", Time since last: 1003598889 ns, Reaching safepoint: 346766 ns, At safepoint: 7186 ns, Total: 353952 ns
[2021-11-03T05:14:06.392+0000][7][safepoint    ] Safepoint "Cleanup", Time since last: 1010556080 ns, Reaching safepoint: 172682 ns, At safepoint: 6217 ns, Total: 178899 ns
[2021-11-03T05:14:07.395+0000][7][safepoint    ] Safepoint "Cleanup", Time since last: 1003089286 ns, Reaching safepoint: 180970 ns, At safepoint: 6305 ns, Total: 187275 ns
[2021-11-03T05:14:08.399+0000][7][safepoint    ] Safepoint "Cleanup", Time since last: 1003824804 ns, Reaching safepoint: 179796 ns, At safepoint: 6547 ns, Total: 186343 ns
[2021-11-03T05:14:09.404+0000][7][safepoint    ] Safepoint "Cleanup", Time since last: 1004377247 ns, Reaching safepoint: 250459 ns, At safepoint: 7268 ns, Total: 257727 ns
[2021-11-03T05:14:10.408+0000][7][safepoint    ] Safepoint "Cleanup", Time since last: 1003364450 ns, Reaching safepoint: 171693 ns, At safepoint: 6707 ns, Total: 178400 ns
[2021-11-03T05:14:11.413+0000][7][safepoint    ] Safepoint "Cleanup", Time since last: 1004557672 ns, Reaching safepoint: 440207 ns, At safepoint: 10406 ns, Total: 450613 ns
[2021-11-03T05:14:12.418+0000][7][safepoint    ] Safepoint "Cleanup", Time since last: 1005121199 ns, Reaching safepoint: 533979 ns, At safepoint: 76140 ns, Total: 610119 ns
[2021-11-03T05:14:13.421+0000][7][safepoint    ] Safepoint "Cleanup", Time since last: 1002476446 ns, Reaching safepoint: 171171 ns, At safepoint: 6777 ns, Total: 177948 ns
[2021-11-03T05:14:14.426+0000][7][safepoint    ] Safepoint "Cleanup", Time since last: 1004898614 ns, Reaching safepoint: 220103 ns, At safepoint: 6168 ns, Total: 226271 ns
[2021-11-03T05:14:15.429+0000][7][safepoint    ] Safepoint "Cleanup", Time since last: 1002740642 ns, Reaching safepoint: 170975 ns, At safepoint: 6168 ns, Total: 177143 ns
[2021-11-03T05:14:16.432+0000][7][safepoint    ] Safepoint "Cleanup", Time since last: 1002706956 ns, Reaching safepoint: 175751 ns, At safepoint: 6141 ns, Total: 181892 ns
[2021-11-03T05:14:17.435+0000][7][safepoint    ] Safepoint "Cleanup", Time since last: 1002642347 ns, Reaching safepoint: 172544 ns, At safepoint: 6951 ns, Total: 179495 ns
[2021-11-03T05:14:18.437+0000][7][safepoint    ] Safepoint "Cleanup", Time since last: 1002266169 ns, Reaching safepoint: 310449 ns, At safepoint: 6123 ns, Total: 316572 ns
[2021-11-03T05:14:19.442+0000][7][safepoint    ] Safepoint "Cleanup", Time since last: 1004462006 ns, Reaching safepoint: 184189 ns, At safepoint: 6826 ns, Total: 191015 ns
[2021-11-03T05:14:20.447+0000][7][safepoint    ] Safepoint "Cleanup", Time since last: 1004531966 ns, Reaching safepoint: 200993 ns, At safepoint: 8722 ns, Total: 209715 ns
[2021-11-03T05:14:21.455+0000][7][safepoint    ] Safepoint "Cleanup", Time since last: 1008060084 ns, Reaching safepoint: 171410 ns, At safepoint: 6315 ns, Total: 177725 ns
[2021-11-03T05:14:22.459+0000][7][safepoint    ] Safepoint "Cleanup", Time since last: 1003611402 ns, Reaching safepoint: 180693 ns, At safepoint: 6561 ns, Total: 187254 ns
[2021-11-03T05:14:23.466+0000][7][safepoint    ] Safepoint "Cleanup", Time since last: 1006821228 ns, Reaching safepoint: 167653 ns, At safepoint: 6184 ns, Total: 173837 ns
[2021-11-03T05:14:24.471+0000][7][safepoint    ] Safepoint "Cleanup", Time since last: 1005469890 ns, Reaching safepoint: 171072 ns, At safepoint: 6609 ns, Total: 177681 ns
[2021-11-03T05:14:25.476+0000][7][safepoint    ] Safepoint "Cleanup", Time since last: 1003997961 ns, Reaching safepoint: 169706 ns, At safepoint: 6687 ns, Total: 176393 ns
[2021-11-03T05:14:26.478+0000][7][safepoint    ] Safepoint "Cleanup", Time since last: 1002668526 ns, Reaching safepoint: 168683 ns, At safepoint: 5837 ns, Total: 174520 ns
[2021-11-03T05:14:27.483+0000][7][safepoint    ] Safepoint "Cleanup", Time since last: 1003927064 ns, Reaching safepoint: 392501 ns, At safepoint: 9208 ns, Total: 401709 ns
[2021-11-03T05:14:28.486+0000][7][safepoint    ] Safepoint "Cleanup", Time since last: 1002835938 ns, Reaching safepoint: 298679 ns, At safepoint: 8069 ns, Total: 306748 ns
[2021-11-03T05:14:29.488+0000][7][safepoint    ] Safepoint "Cleanup", Time since last: 1002031457 ns, Reaching safepoint: 288209 ns, At safepoint: 7165 ns, Total: 295374 ns
[2021-11-03T05:14:30.493+0000][7][safepoint    ] Safepoint "Cleanup", Time since last: 1003995944 ns, Reaching safepoint: 473653 ns, At safepoint: 107915 ns, Total: 581568 ns
[2021-11-03T05:14:31.497+0000][7][safepoint    ] Safepoint "Cleanup", Time since last: 1004455848 ns, Reaching safepoint: 231966 ns, At safepoint: 6399 ns, Total: 238365 ns
[2021-11-03T05:14:32.502+0000][7][safepoint    ] Safepoint "Cleanup", Time since last: 1004560136 ns, Reaching safepoint: 432621 ns, At safepoint: 7410 ns, Total: 440031 ns
[2021-11-03T05:14:33.484+0000][7][safepoint    ] Safepoint "Cleanup", Time since last: 1002577445 ns, Reaching safepoint: 658020 ns, At safepoint: 9031 ns, Total: 667051 ns
[2021-11-03T05:14:34.487+0000][7][safepoint    ] Safepoint "Cleanup", Time since last: 1002312722 ns, Reaching safepoint: 395258 ns, At safepoint: 11881 ns, Total: 407139 ns
[2021-11-03T05:14:35.492+0000][7][safepoint    ] Safepoint "Cleanup", Time since last: 1004631818 ns, Reaching safepoint: 259018 ns, At safepoint: 7204 ns, Total: 266222 ns
[2021-11-03T05:14:36.499+0000][7][safepoint    ] Safepoint "Cleanup", Time since last: 1006707771 ns, Reaching safepoint: 337197 ns, At safepoint: 7511 ns, Total: 344708 ns
[2021-11-03T05:14:37.509+0000][7][safepoint    ] Safepoint "Cleanup", Time since last: 1009788353 ns, Reaching safepoint: 139473 ns, At safepoint: 5545 ns, Total: 145018 ns
[2021-11-03T05:14:39.238+0000][7][safepoint    ] Safepoint "Cleanup", Time since last: 1729012558 ns, Reaching safepoint: 249015 ns, At safepoint: 6362 ns, Total: 255377 ns
[2021-11-03T05:14:40.241+0000][7][safepoint    ] Safepoint "Cleanup", Time since last: 1002294285 ns, Reaching safepoint: 238952 ns, At safepoint: 71218 ns, Total: 310170 ns
[2021-11-03T05:14:41.247+0000][7][safepoint    ] Safepoint "Cleanup", Time since last: 1006063792 ns, Reaching safepoint: 234101 ns, At safepoint: 6379 ns, Total: 240480 ns
[2021-11-03T05:14:42.251+0000][7][safepoint    ] Safepoint "Cleanup", Time since last: 1004063563 ns, Reaching safepoint: 235920 ns, At safepoint: 7395 ns, Total: 243315 ns
[2021-11-03T05:14:43.258+0000][7][safepoint    ] Safepoint "Cleanup", Time since last: 1006613464 ns, Reaching safepoint: 274843 ns, At safepoint: 11816 ns, Total: 286659 ns
[2021-11-03T05:14:44.262+0000][7][safepoint    ] Safepoint "Cleanup", Time since last: 1003071176 ns, Reaching safepoint: 245316 ns, At safepoint: 6765 ns, Total: 252081 ns
[2021-11-03T05:14:45.264+0000][7][safepoint    ] Safepoint "Cleanup", Time since last: 1001901663 ns, Reaching safepoint: 280477 ns, At safepoint: 4864 ns, Total: 285341 ns
[2021-11-03T05:14:46.266+0000][7][safepoint    ] Safepoint "Cleanup", Time since last: 1002461445 ns, Reaching safepoint: 253782 ns, At safepoint: 6807 ns, Total: 260589 ns
[2021-11-03T05:14:47.269+0000][7][safepoint    ] Safepoint "Cleanup", Time since last: 1002044638 ns, Reaching safepoint: 374019 ns, At safepoint: 7602 ns, Total: 381621 ns
[2021-11-03T05:14:48.275+0000][7][safepoint    ] Safepoint "Cleanup", Time since last: 1006014536 ns, Reaching safepoint: 235668 ns, At safepoint: 6862 ns, Total: 242530 ns
[2021-11-03T05:14:49.282+0000][7][safepoint    ] Safepoint "Cleanup", Time since last: 1006801102 ns, Reaching safepoint: 246798 ns, At safepoint: 6739 ns, Total: 253537 ns
[2021-11-03T05:14:50.286+0000][7][safepoint    ] Safepoint "Cleanup", Time since last: 1003183099 ns, Reaching safepoint: 265723 ns, At safepoint: 6743 ns, Total: 272466 ns
[2021-11-03T05:14:51.295+0000][7][safepoint    ] Safepoint "Cleanup", Time since last: 1009429210 ns, Reaching safepoint: 247961 ns, At safepoint: 6347 ns, Total: 254308 ns
[2021-11-03T05:14:52.301+0000][7][safepoint    ] Safepoint "Cleanup", Time since last: 1005121262 ns, Reaching safepoint: 247016 ns, At safepoint: 6305 ns, Total: 253321 ns
[2021-11-03T05:14:53.303+0000][7][safepoint    ] Safepoint "Cleanup", Time since last: 1002360809 ns, Reaching safepoint: 237160 ns, At safepoint: 6365 ns, Total: 243525 ns
[2021-11-03T05:14:54.307+0000][7][safepoint    ] Safepoint "Cleanup", Time since last: 1003185390 ns, Reaching safepoint: 347818 ns, At safepoint: 7172 ns, Total: 354990 ns
[2021-11-03T05:14:55.310+0000][7][safepoint    ] Safepoint "Cleanup", Time since last: 1002848381 ns, Reaching safepoint: 309700 ns, At safepoint: 10142 ns, Total: 319842 ns
[2021-11-03T05:14:56.313+0000][7][safepoint    ] Safepoint "Cleanup", Time since last: 1002961154 ns, Reaching safepoint: 258242 ns, At safepoint: 7099 ns, Total: 265341 ns
[2021-11-03T05:14:57.319+0000][7][safepoint    ] Safepoint "Cleanup", Time since last: 1005166722 ns, Reaching safepoint: 660944 ns, At safepoint: 137442 ns, Total: 798386 ns
[2021-11-03T05:14:58.324+0000][7][safepoint    ] Safepoint "Cleanup", Time since last: 1004291957 ns, Reaching safepoint: 479368 ns, At safepoint: 74839 ns, Total: 554207 ns
[2021-11-03T05:14:59.327+0000][7][safepoint    ] Safepoint "Cleanup", Time since last: 1002890712 ns, Reaching safepoint: 320662 ns, At safepoint: 12895 ns, Total: 333557 ns
[2021-11-03T05:15:00.338+0000][7][safepoint    ] Safepoint "Cleanup", Time since last: 1010120302 ns, Reaching safepoint: 579099 ns, At safepoint: 73885 ns, Total: 652984 ns
[2021-11-03T05:15:01.345+0000][7][safepoint    ] Safepoint "Cleanup", Time since last: 1005739836 ns, Reaching safepoint: 799902 ns, At safepoint: 109295 ns, Total: 909197 ns
[2021-11-03T05:15:02.347+0000][7][safepoint    ] Safepoint "Cleanup", Time since last: 1002023947 ns, Reaching safepoint: 238680 ns, At safepoint: 6292 ns, Total: 244972 ns
[2021-11-03T05:15:03.328+0000][7][safepoint    ] Safepoint "Cleanup", Time since last: 1002131851 ns, Reaching safepoint: 235915 ns, At safepoint: 6927 ns, Total: 242842 ns
[2021-11-03T05:15:04.336+0000][7][safepoint    ] Safepoint "Cleanup", Time since last: 1008180661 ns, Reaching safepoint: 164343 ns, At safepoint: 2994 ns, Total: 167337 ns
[2021-11-03T05:15:05.341+0000][7][safepoint    ] Safepoint "Cleanup", Time since last: 1003916871 ns, Reaching safepoint: 399966 ns, At safepoint: 6536 ns, Total: 406502 ns
[2021-11-03T05:15:06.344+0000][7][safepoint    ] Safepoint "Cleanup", Time since last: 1002916515 ns, Reaching safepoint: 299243 ns, At safepoint: 8228 ns, Total: 307471 ns
[2021-11-03T05:15:07.350+0000][7][safepoint    ] Safepoint "Cleanup", Time since last: 1005863560 ns, Reaching safepoint: 317901 ns, At safepoint: 11608 ns, Total: 329509 ns
[2021-11-03T05:15:08.353+0000][7][safepoint    ] Safepoint "Cleanup", Time since last: 1002911029 ns, Reaching safepoint: 181556 ns, At safepoint: 6418 ns, Total: 187974 ns
[2021-11-03T05:15:09.356+0000][7][safepoint    ] Safepoint "Cleanup", Time since last: 1002940783 ns, Reaching safepoint: 171364 ns, At safepoint: 5558 ns, Total: 176922 ns
[2021-11-03T05:15:10.364+0000][7][safepoint    ] Safepoint "Cleanup", Time since last: 1007220551 ns, Reaching safepoint: 204573 ns, At safepoint: 7067 ns, Total: 211640 ns
[2021-11-03T05:15:11.373+0000][7][safepoint    ] Safepoint "Cleanup", Time since last: 1008450386 ns, Reaching safepoint: 599191 ns, At safepoint: 9744 ns, Total: 608935 ns
[2021-11-03T05:15:12.378+0000][7][safepoint    ] Safepoint "Cleanup", Time since last: 1004956424 ns, Reaching safepoint: 245471 ns, At safepoint: 6564 ns, Total: 252035 ns
[2021-11-03T05:15:13.381+0000][7][safepoint    ] Safepoint "Cleanup", Time since last: 1002160493 ns, Reaching safepoint: 352371 ns, At safepoint: 7592 ns, Total: 359963 ns
[2021-11-03T05:15:14.383+0000][7][safepoint    ] Safepoint "Cleanup", Time since last: 1001798914 ns, Reaching safepoint: 265901 ns, At safepoint: 10601 ns, Total: 276502 ns
[2021-11-03T05:15:15.385+0000][7][safepoint    ] Safepoint "Cleanup", Time since last: 1001891090 ns, Reaching safepoint: 322652 ns, At safepoint: 12133 ns, Total: 334785 ns
[2021-11-03T05:15:16.390+0000][7][safepoint    ] Safepoint "Cleanup", Time since last: 1004382776 ns, Reaching safepoint: 548983 ns, At safepoint: 9248 ns, Total: 558231 ns
[2021-11-03T05:15:17.392+0000][7][safepoint    ] Safepoint "Cleanup", Time since last: 1001965014 ns, Reaching safepoint: 330710 ns, At safepoint: 11692 ns, Total: 342402 ns
[2021-11-03T05:15:18.395+0000][7][safepoint    ] Safepoint "Cleanup", Time since last: 1002104055 ns, Reaching safepoint: 409076 ns, At safepoint: 121426 ns, Total: 530502 ns
[2021-11-03T05:15:19.399+0000][7][safepoint    ] Safepoint "Cleanup", Time since last: 1003616951 ns, Reaching safepoint: 599981 ns, At safepoint: 11283 ns, Total: 611264 ns
[2021-11-03T05:15:20.403+0000][7][safepoint    ] Safepoint "Cleanup", Time since last: 1003292589 ns, Reaching safepoint: 385442 ns, At safepoint: 5938 ns, Total: 391380 ns
[2021-11-03T05:15:21.408+0000][7][safepoint    ] Safepoint "Cleanup", Time since last: 1004255638 ns, Reaching safepoint: 617839 ns, At safepoint: 6616 ns, Total: 624455 ns
[2021-11-03T05:15:22.411+0000][7][safepoint    ] Safepoint "Cleanup", Time since last: 1002849498 ns, Reaching safepoint: 436184 ns, At safepoint: 8889 ns, Total: 445073 ns
[2021-11-03T05:15:23.415+0000][7][safepoint    ] Safepoint "Cleanup", Time since last: 1003412317 ns, Reaching safepoint: 375261 ns, At safepoint: 9415 ns, Total: 384676 ns
[2021-11-03T05:15:24.419+0000][7][safepoint    ] Safepoint "Cleanup", Time since last: 1004185813 ns, Reaching safepoint: 300113 ns, At safepoint: 6847 ns, Total: 306960 ns
[2021-11-03T05:15:25.423+0000][7][safepoint    ] Safepoint "Cleanup", Time since last: 1002901296 ns, Reaching safepoint: 446084 ns, At safepoint: 9992 ns, Total: 456076 ns
[2021-11-03T05:15:26.427+0000][7][safepoint    ] Safepoint "Cleanup", Time since last: 1003892396 ns, Reaching safepoint: 292213 ns, At safepoint: 7253 ns, Total: 299466 ns
[2021-11-03T05:15:27.434+0000][7][safepoint    ] Safepoint "Cleanup", Time since last: 1006797552 ns, Reaching safepoint: 443313 ns, At safepoint: 9848 ns, Total: 453161 ns
[2021-11-03T05:15:28.438+0000][7][safepoint    ] Safepoint "Cleanup", Time since last: 1003729758 ns, Reaching safepoint: 318485 ns, At safepoint: 6414 ns, Total: 324899 ns
[2021-11-03T05:15:29.442+0000][7][safepoint    ] Safepoint "Cleanup", Time since last: 1003665610 ns, Reaching safepoint: 592958 ns, At safepoint: 9107 ns, Total: 602065 ns
[2021-11-03T05:15:30.446+0000][7][safepoint    ] Safepoint "Cleanup", Time since last: 1002855347 ns, Reaching safepoint: 312196 ns, At safepoint: 11872 ns, Total: 324068 ns
[2021-11-03T05:15:31.448+0000][7][safepoint    ] Safepoint "Cleanup", Time since last: 1002151313 ns, Reaching safepoint: 309067 ns, At safepoint: 11714 ns, Total: 320781 ns
[2021-11-03T05:15:32.453+0000][7][safepoint    ] Safepoint "Cleanup", Time since last: 1004981126 ns, Reaching safepoint: 241034 ns, At safepoint: 7211 ns, Total: 248245 ns
[2021-11-03T05:15:33.442+0000][7][safepoint    ] Safepoint "Cleanup", Time since last: 1009639455 ns, Reaching safepoint: 455621 ns, At safepoint: 11492 ns, Total: 467113 ns
[2021-11-03T05:15:34.445+0000][7][safepoint    ] Safepoint "Cleanup", Time since last: 1001823426 ns, Reaching safepoint: 324977 ns, At safepoint: 7310 ns, Total: 332287 ns
[2021-11-03T05:15:35.448+0000][7][safepoint    ] Safepoint "Cleanup", Time since last: 1002784864 ns, Reaching safepoint: 349776 ns, At safepoint: 7002 ns, Total: 356778 ns
[2021-11-03T05:15:36.452+0000][7][safepoint    ] Safepoint "Cleanup", Time since last: 1004383809 ns, Reaching safepoint: 242305 ns, At safepoint: 6814 ns, Total: 249119 ns
[2021-11-03T05:15:37.455+0000][7][safepoint    ] Safepoint "Cleanup", Time since last: 1002852586 ns, Reaching safepoint: 264929 ns, At safepoint: 8258 ns, Total: 273187 ns
[2021-11-03T05:15:38.457+0000][7][safepoint    ] Safepoint "Cleanup", Time since last: 1001230450 ns, Reaching safepoint: 433633 ns, At safepoint: 7148 ns, Total: 440781 ns
[2021-11-03T05:15:39.461+0000][7][safepoint    ] Safepoint "Cleanup", Time since last: 1003750263 ns, Reaching safepoint: 316358 ns, At safepoint: 12002 ns, Total: 328360 ns
[2021-11-03T05:15:40.469+0000][7][safepoint    ] Safepoint "Cleanup", Time since last: 1006959859 ns, Reaching safepoint: 505812 ns, At safepoint: 9960 ns, Total: 515772 ns
[2021-11-03T05:15:41.471+0000][7][safepoint    ] Safepoint "Cleanup", Time since last: 1002238762 ns, Reaching safepoint: 234252 ns, At safepoint: 6607 ns, Total: 240859 ns
[2021-11-03T05:15:42.481+0000][7][safepoint    ] Safepoint "Cleanup", Time since last: 1009294886 ns, Reaching safepoint: 461697 ns, At safepoint: 13698 ns, Total: 475395 ns
[2021-11-03T05:15:43.486+0000][7][safepoint    ] Safepoint "Cleanup", Time since last: 1004503778 ns, Reaching safepoint: 395901 ns, At safepoint: 69864 ns, Total: 465765 ns
[2021-11-03T05:15:44.491+0000][7][safepoint    ] Safepoint "Cleanup", Time since last: 1003864487 ns, Reaching safepoint: 687039 ns, At safepoint: 71747 ns, Total: 758786 ns
[2021-11-03T05:15:45.494+0000][7][safepoint    ] Safepoint "Cleanup", Time since last: 1002384196 ns, Reaching safepoint: 595738 ns, At safepoint: 84319 ns, Total: 680057 ns
[2021-11-03T05:15:46.496+0000][7][safepoint    ] Safepoint "Cleanup", Time since last: 1002243483 ns, Reaching safepoint: 493989 ns, At safepoint: 9358 ns, Total: 503347 ns
[2021-11-03T05:15:47.500+0000][7][safepoint    ] Safepoint "Cleanup", Time since last: 1002876548 ns, Reaching safepoint: 479484 ns, At safepoint: 8151 ns, Total: 487635 ns
[2021-11-03T05:15:48.502+0000][7][safepoint    ] Safepoint "Cleanup", Time since last: 1002054112 ns, Reaching safepoint: 223232 ns, At safepoint: 5388 ns, Total: 228620 ns
[2021-11-03T05:15:49.504+0000][7][safepoint    ] Safepoint "Cleanup", Time since last: 1001718492 ns, Reaching safepoint: 469867 ns, At safepoint: 70038 ns, Total: 539905 ns
[2021-11-03T05:15:50.507+0000][7][safepoint    ] Safepoint "Cleanup", Time since last: 1002338878 ns, Reaching safepoint: 227218 ns, At safepoint: 5963 ns, Total: 233181 ns
[2021-11-03T05:15:51.509+0000][7][safepoint    ] Safepoint "Cleanup", Time since last: 1002196463 ns, Reaching safepoint: 234341 ns, At safepoint: 6710 ns, Total: 241051 ns
[2021-11-03T05:15:52.517+0000][7][safepoint    ] Safepoint "Cleanup", Time since last: 1007845406 ns, Reaching safepoint: 241639 ns, At safepoint: 76189 ns, Total: 317828 ns
[2021-11-03T05:15:53.520+0000][7][safepoint    ] Safepoint "Cleanup", Time since last: 1002549559 ns, Reaching safepoint: 243798 ns, At safepoint: 7163 ns, Total: 250961 ns
[2021-11-03T05:15:54.523+0000][7][safepoint    ] Safepoint "Cleanup", Time since last: 1002127264 ns, Reaching safepoint: 360016 ns, At safepoint: 6812 ns, Total: 366828 ns
[2021-11-03T05:15:55.527+0000][7][safepoint    ] Safepoint "Cleanup", Time since last: 1004310627 ns, Reaching safepoint: 305232 ns, At safepoint: 62657 ns, Total: 367889 ns
[2021-11-03T05:15:56.530+0000][7][safepoint    ] Safepoint "Cleanup", Time since last: 1002567604 ns, Reaching safepoint: 223491 ns, At safepoint: 6725 ns, Total: 230216 ns
[2021-11-03T05:15:57.537+0000][7][safepoint    ] Safepoint "Cleanup", Time since last: 1006166017 ns, Reaching safepoint: 418272 ns, At safepoint: 46386 ns, Total: 464658 ns
[2021-11-03T05:15:58.540+0000][7][safepoint    ] Safepoint "Cleanup", Time since last: 1002925256 ns, Reaching safepoint: 167754 ns, At safepoint: 2914 ns, Total: 170668 ns
[2021-11-03T05:15:59.541+0000][7][safepoint    ] Safepoint "Cleanup", Time since last: 1001237630 ns, Reaching safepoint: 166508 ns, At safepoint: 2805 ns, Total: 169313 ns
[2021-11-03T05:16:00.543+0000][7][safepoint    ] Safepoint "Cleanup", Time since last: 1001444488 ns, Reaching safepoint: 330925 ns, At safepoint: 7223 ns, Total: 338148 ns
[2021-11-03T05:16:01.547+0000][7][safepoint    ] Safepoint "Cleanup", Time since last: 1003584549 ns, Reaching safepoint: 248844 ns, At safepoint: 6485 ns, Total: 255329 ns
[2021-11-03T05:16:02.551+0000][7][safepoint    ] Safepoint "Cleanup", Time since last: 1003401161 ns, Reaching safepoint: 413976 ns, At safepoint: 7655 ns, Total: 421631 ns
[2021-11-03T05:16:03.533+0000][7][safepoint    ] Safepoint "Cleanup", Time since last: 1002717170 ns, Reaching safepoint: 144099 ns, At safepoint: 3443 ns, Total: 147542 ns
[2021-11-03T05:16:04.536+0000][7][safepoint    ] Safepoint "Cleanup", Time since last: 1003033403 ns, Reaching safepoint: 232838 ns, At safepoint: 7138 ns, Total: 239976 ns
[2021-11-03T05:16:05.539+0000][7][safepoint    ] Safepoint "Cleanup", Time since last: 1002499078 ns, Reaching safepoint: 585229 ns, At safepoint: 141294 ns, Total: 726523 ns
[2021-11-03T05:16:06.548+0000][7][safepoint    ] Safepoint "Cleanup", Time since last: 1008117158 ns, Reaching safepoint: 765679 ns, At safepoint: 141852 ns, Total: 907531 ns
[2021-11-03T05:16:07.552+0000][7][safepoint    ] Safepoint "Cleanup", Time since last: 1002713892 ns, Reaching safepoint: 548732 ns, At safepoint: 18863 ns, Total: 567595 ns
[2021-11-03T05:16:08.557+0000][7][safepoint    ] Safepoint "Cleanup", Time since last: 1005219383 ns, Reaching safepoint: 404447 ns, At safepoint: 146876 ns, Total: 551323 ns
[2021-11-03T05:16:09.564+0000][7][safepoint    ] Safepoint "Cleanup", Time since last: 1006459641 ns, Reaching safepoint: 155232 ns, At safepoint: 10454 ns, Total: 165686 ns
[2021-11-03T05:16:10.567+0000][7][safepoint    ] Safepoint "Cleanup", Time since last: 1003133312 ns, Reaching safepoint: 237081 ns, At safepoint: 6350 ns, Total: 243431 ns
[2021-11-03T05:16:11.575+0000][7][safepoint    ] Safepoint "Cleanup", Time since last: 1006885729 ns, Reaching safepoint: 286492 ns, At safepoint: 75051 ns, Total: 361543 ns
[2021-11-03T05:16:12.577+0000][7][safepoint    ] Safepoint "Cleanup", Time since last: 1002167601 ns, Reaching safepoint: 375277 ns, At safepoint: 69828 ns, Total: 445105 ns
[2021-11-03T05:16:13.582+0000][7][safepoint    ] Safepoint "Cleanup", Time since last: 1004663319 ns, Reaching safepoint: 422775 ns, At safepoint: 73945 ns, Total: 496720 ns
[2021-11-03T05:16:14.585+0000][7][safepoint    ] Safepoint "Cleanup", Time since last: 1002547665 ns, Reaching safepoint: 473893 ns, At safepoint: 8917 ns, Total: 482810 ns
[2021-11-03T05:16:15.588+0000][7][safepoint    ] Safepoint "Cleanup", Time since last: 1002491223 ns, Reaching safepoint: 430100 ns, At safepoint: 8601 ns, Total: 438701 ns
[2021-11-03T05:16:16.592+0000][7][safepoint    ] Safepoint "Cleanup", Time since last: 1003316975 ns, Reaching safepoint: 295129 ns, At safepoint: 6676 ns, Total: 301805 ns
[2021-11-03T05:16:17.597+0000][7][safepoint    ] Safepoint "Cleanup", Time since last: 1004661240 ns, Reaching safepoint: 138046 ns, At safepoint: 3544 ns, Total: 141590 ns
[2021-11-03T05:16:18.598+0000][7][safepoint    ] Safepoint "Cleanup", Time since last: 1001365750 ns, Reaching safepoint: 232587 ns, At safepoint: 6811 ns, Total: 239398 ns
[2021-11-03T05:16:19.602+0000][7][safepoint    ] Safepoint "Cleanup", Time since last: 1003018652 ns, Reaching safepoint: 579885 ns, At safepoint: 21881 ns, Total: 601766 ns
[2021-11-03T05:16:20.605+0000][7][safepoint    ] Safepoint "Cleanup", Time since last: 1002565782 ns, Reaching safepoint: 256991 ns, At safepoint: 32478 ns, Total: 289469 ns
[2021-11-03T05:16:21.609+0000][7][safepoint    ] Safepoint "Cleanup", Time since last: 1003754400 ns, Reaching safepoint: 583607 ns, At safepoint: 13711 ns, Total: 597318 ns
[2021-11-03T05:16:22.614+0000][7][safepoint    ] Safepoint "Cleanup", Time since last: 1004232455 ns, Reaching safepoint: 478890 ns, At safepoint: 70645 ns, Total: 549535 ns
[2021-11-03T05:16:23.617+0000][7][safepoint    ] Safepoint "Cleanup", Time since last: 1002312385 ns, Reaching safepoint: 626506 ns, At safepoint: 21243 ns, Total: 647749 ns
[2021-11-03T05:16:24.620+0000][7][safepoint    ] Safepoint "Cleanup", Time since last: 1003233197 ns, Reaching safepoint: 188521 ns, At safepoint: 27613 ns, Total: 216134 ns
[2021-11-03T05:16:25.626+0000][7][safepoint    ] Safepoint "Cleanup", Time since last: 1004869554 ns, Reaching safepoint: 589664 ns, At safepoint: 132205 ns, Total: 721869 ns
[2021-11-03T05:16:26.629+0000][7][safepoint    ] Safepoint "Cleanup", Time since last: 1002085682 ns, Reaching safepoint: 828750 ns, At safepoint: 73228 ns, Total: 901978 ns
[2021-11-03T05:16:27.636+0000][7][safepoint    ] Safepoint "Cleanup", Time since last: 1006505457 ns, Reaching safepoint: 442488 ns, At safepoint: 132018 ns, Total: 574506 ns
[2021-11-03T05:16:28.639+0000][7][safepoint    ] Safepoint "Cleanup", Time since last: 1002095387 ns, Reaching safepoint: 599455 ns, At safepoint: 91980 ns, Total: 691435 ns
[2021-11-03T05:16:29.641+0000][7][safepoint    ] Safepoint "Cleanup", Time since last: 1002015138 ns, Reaching safepoint: 231188 ns, At safepoint: 6473 ns, Total: 237661 ns
[2021-11-03T05:16:30.644+0000][7][safepoint    ] Safepoint "Cleanup", Time since last: 1002598424 ns, Reaching safepoint: 605750 ns, At safepoint: 94013 ns, Total: 699763 ns
[2021-11-03T05:16:31.647+0000][7][safepoint    ] Safepoint "Cleanup", Time since last: 1002264249 ns, Reaching safepoint: 342633 ns, At safepoint: 6363 ns, Total: 348996 ns
[2021-11-03T05:16:32.649+0000][7][safepoint    ] Safepoint "Cleanup", Time since last: 1001904363 ns, Reaching safepoint: 227328 ns, At safepoint: 7233 ns, Total: 234561 ns
[2021-11-03T05:16:33.632+0000][7][safepoint    ] Safepoint "Cleanup", Time since last: 1003230094 ns, Reaching safepoint: 259221 ns, At safepoint: 7737 ns, Total: 266958 ns
[2021-11-03T05:16:34.634+0000][7][safepoint    ] Safepoint "Cleanup", Time since last: 1002712784 ns, Reaching safepoint: 287923 ns, At safepoint: 6736 ns, Total: 294659 ns
[2021-11-03T05:16:35.637+0000][7][safepoint    ] Safepoint "Cleanup", Time since last: 1002722425 ns, Reaching safepoint: 243074 ns, At safepoint: 7456 ns, Total: 250530 ns
[2021-11-03T05:16:36.640+0000][7][safepoint    ] Safepoint "Cleanup", Time since last: 1002427804 ns, Reaching safepoint: 233200 ns, At safepoint: 7190 ns, Total: 240390 ns
[2021-11-03T05:16:37.643+0000][7][safepoint    ] Safepoint "Cleanup", Time since last: 1002905944 ns, Reaching safepoint: 301652 ns, At safepoint: 6824 ns, Total: 308476 ns
[2021-11-03T05:16:38.647+0000][7][safepoint    ] Safepoint "Cleanup", Time since last: 1003240537 ns, Reaching safepoint: 316700 ns, At safepoint: 6442 ns, Total: 323142 ns
[2021-11-03T05:16:39.651+0000][7][safepoint    ] Safepoint "Cleanup", Time since last: 1003888868 ns, Reaching safepoint: 452538 ns, At safepoint: 9126 ns, Total: 461664 ns
[2021-11-03T05:16:40.658+0000][7][safepoint    ] Safepoint "Cleanup", Time since last: 1006612176 ns, Reaching safepoint: 324386 ns, At safepoint: 12531 ns, Total: 336917 ns
[2021-11-03T05:16:41.663+0000][7][safepoint    ] Safepoint "Cleanup", Time since last: 1004528426 ns, Reaching safepoint: 243336 ns, At safepoint: 6590 ns, Total: 249926 ns
[2021-11-03T05:16:42.667+0000][7][safepoint    ] Safepoint "Cleanup", Time since last: 1003380538 ns, Reaching safepoint: 324465 ns, At safepoint: 7005 ns, Total: 331470 ns
[2021-11-03T05:16:43.670+0000][7][safepoint    ] Safepoint "Cleanup", Time since last: 1002607711 ns, Reaching safepoint: 261646 ns, At safepoint: 6672 ns, Total: 268318 ns
[2021-11-03T05:16:44.675+0000][7][safepoint    ] Safepoint "Cleanup", Time since last: 1004616460 ns, Reaching safepoint: 691194 ns, At safepoint: 23662 ns, Total: 714856 ns
[2021-11-03T05:16:45.678+0000][7][safepoint    ] Safepoint "Cleanup", Time since last: 1002741346 ns, Reaching safepoint: 392946 ns, At safepoint: 8869 ns, Total: 401815 ns
[2021-11-03T05:16:46.684+0000][7][safepoint    ] Safepoint "Cleanup", Time since last: 1005737805 ns, Reaching safepoint: 233099 ns, At safepoint: 6487 ns, Total: 239586 ns
[2021-11-03T05:16:47.695+0000][7][safepoint    ] Safepoint "Cleanup", Time since last: 1010227359 ns, Reaching safepoint: 411677 ns, At safepoint: 9513 ns, Total: 421190 ns
[2021-11-03T05:16:48.703+0000][7][safepoint    ] Safepoint "Cleanup", Time since last: 1008305985 ns, Reaching safepoint: 301779 ns, At safepoint: 6614 ns, Total: 308393 ns
[2021-11-03T05:16:49.706+0000][7][safepoint    ] Safepoint "Cleanup", Time since last: 1002436827 ns, Reaching safepoint: 236434 ns, At safepoint: 6433 ns, Total: 242867 ns
[2021-11-03T05:16:50.714+0000][7][safepoint    ] Safepoint "Cleanup", Time since last: 1007300949 ns, Reaching safepoint: 672368 ns, At safepoint: 19436 ns, Total: 691804 ns
[2021-11-03T05:16:51.720+0000][7][safepoint    ] Safepoint "Cleanup", Time since last: 1005927441 ns, Reaching safepoint: 416971 ns, At safepoint: 11294 ns, Total: 428265 ns
[2021-11-03T05:16:52.724+0000][7][safepoint    ] Safepoint "Cleanup", Time since last: 1003684871 ns, Reaching safepoint: 241790 ns, At safepoint: 7343 ns, Total: 249133 ns
[2021-11-03T05:16:53.727+0000][7][safepoint    ] Safepoint "Cleanup", Time since last: 1002364525 ns, Reaching safepoint: 424863 ns, At safepoint: 10852 ns, Total: 435715 ns
[2021-11-03T05:16:54.731+0000][7][safepoint    ] Safepoint "Cleanup", Time since last: 1004252696 ns, Reaching safepoint: 185336 ns, At safepoint: 6198 ns, Total: 191534 ns
[2021-11-03T05:16:55.737+0000][7][safepoint    ] Safepoint "Cleanup", Time since last: 1005044466 ns, Reaching safepoint: 169506 ns, At safepoint: 5959 ns, Total: 175465 ns
[2021-11-03T05:16:56.741+0000][7][safepoint    ] Safepoint "Cleanup", Time since last: 1003986677 ns, Reaching safepoint: 169645 ns, At safepoint: 6294 ns, Total: 175939 ns
[2021-11-03T05:16:57.750+0000][7][safepoint    ] Safepoint "Cleanup", Time since last: 1009016217 ns, Reaching safepoint: 174006 ns, At safepoint: 6572 ns, Total: 180578 ns
[2021-11-03T05:16:58.754+0000][7][safepoint    ] Safepoint "Cleanup", Time since last: 1003761394 ns, Reaching safepoint: 173246 ns, At safepoint: 6647 ns, Total: 179893 ns
[2021-11-03T05:16:59.757+0000][7][safepoint    ] Safepoint "Cleanup", Time since last: 1002729228 ns, Reaching safepoint: 176768 ns, At safepoint: 5855 ns, Total: 182623 ns
[2021-11-03T05:17:00.767+0000][7][safepoint    ] Safepoint "Cleanup", Time since last: 1009703233 ns, Reaching safepoint: 203881 ns, At safepoint: 8576 ns, Total: 212457 ns
[2021-11-03T05:17:01.769+0000][7][safepoint    ] Safepoint "Cleanup", Time since last: 1002342829 ns, Reaching safepoint: 169542 ns, At safepoint: 6088 ns, Total: 175630 ns
[2021-11-03T05:17:02.773+0000][7][safepoint    ] Safepoint "Cleanup", Time since last: 1003318342 ns, Reaching safepoint: 172315 ns, At safepoint: 6656 ns, Total: 178971 ns
[2021-11-03T05:17:03.755+0000][7][safepoint    ] Safepoint "Cleanup", Time since last: 1002726957 ns, Reaching safepoint: 165416 ns, At safepoint: 6159 ns, Total: 171575 ns
[2021-11-03T05:17:04.766+0000][7][safepoint    ] Safepoint "Cleanup", Time since last: 1011089859 ns, Reaching safepoint: 169753 ns, At safepoint: 6279 ns, Total: 176032 ns
[2021-11-03T05:17:05.771+0000][7][safepoint    ] Safepoint "Cleanup", Time since last: 1005026012 ns, Reaching safepoint: 166309 ns, At safepoint: 5996 ns, Total: 172305 ns
[2021-11-03T05:17:06.774+0000][7][safepoint    ] Safepoint "Cleanup", Time since last: 1002785253 ns, Reaching safepoint: 375445 ns, At safepoint: 9621 ns, Total: 385066 ns
[2021-11-03T05:17:07.785+0000][7][safepoint    ] Safepoint "Cleanup", Time since last: 1010510363 ns, Reaching safepoint: 174867 ns, At safepoint: 6397 ns, Total: 181264 ns
[2021-11-03T05:17:08.788+0000][7][safepoint    ] Safepoint "Cleanup", Time since last: 1002926539 ns, Reaching safepoint: 172639 ns, At safepoint: 6256 ns, Total: 178895 ns
[2021-11-03T05:17:09.792+0000][7][safepoint    ] Safepoint "Cleanup", Time since last: 1004020983 ns, Reaching safepoint: 162404 ns, At safepoint: 6442 ns, Total: 168846 ns
[2021-11-03T05:17:10.799+0000][7][safepoint    ] Safepoint "Cleanup", Time since last: 1006435449 ns, Reaching safepoint: 168423 ns, At safepoint: 5672 ns, Total: 174095 ns
[2021-11-03T05:17:11.802+0000][7][safepoint    ] Safepoint "Cleanup", Time since last: 1002790631 ns, Reaching safepoint: 179220 ns, At safepoint: 6816 ns, Total: 186036 ns
[2021-11-03T05:17:12.809+0000][7][safepoint    ] Safepoint "Cleanup", Time since last: 1007225638 ns, Reaching safepoint: 173339 ns, At safepoint: 7406 ns, Total: 180745 ns
[2021-11-03T05:17:13.814+0000][7][safepoint    ] Safepoint "Cleanup", Time since last: 1004878420 ns, Reaching safepoint: 176913 ns, At safepoint: 6810 ns, Total: 183723 ns
[2021-11-03T05:17:14.819+0000][7][safepoint    ] Safepoint "Cleanup", Time since last: 1004417428 ns, Reaching safepoint: 316160 ns, At safepoint: 72003 ns, Total: 388163 ns
[2021-11-03T05:17:15.825+0000][7][safepoint    ] Safepoint "Cleanup", Time since last: 1005113090 ns, Reaching safepoint: 178568 ns, At safepoint: 8538 ns, Total: 187106 ns
[2021-11-03T05:17:16.828+0000][7][safepoint    ] Safepoint "Cleanup", Time since last: 1003772193 ns, Reaching safepoint: 156957 ns, At safepoint: 5176 ns, Total: 162133 ns
[2021-11-03T05:17:17.830+0000][7][safepoint    ] Safepoint "Cleanup", Time since last: 1001667159 ns, Reaching safepoint: 259532 ns, At safepoint: 6680 ns, Total: 266212 ns
[2021-11-03T05:17:18.837+0000][7][safepoint    ] Safepoint "Cleanup", Time since last: 1006019132 ns, Reaching safepoint: 616580 ns, At safepoint: 6694 ns, Total: 623274 ns
[2021-11-03T05:17:19.843+0000][7][safepoint    ] Safepoint "Cleanup", Time since last: 1005937035 ns, Reaching safepoint: 507291 ns, At safepoint: 9603 ns, Total: 516894 ns
[2021-11-03T05:17:20.846+0000][7][safepoint    ] Safepoint "Cleanup", Time since last: 1002546521 ns, Reaching safepoint: 385765 ns, At safepoint: 10700 ns, Total: 396465 ns
[2021-11-03T05:17:21.849+0000][7][safepoint    ] Safepoint "Cleanup", Time since last: 1002080227 ns, Reaching safepoint: 226786 ns, At safepoint: 6905 ns, Total: 233691 ns
[2021-11-03T05:17:22.851+0000][7][safepoint    ] Safepoint "Cleanup", Time since last: 1002271263 ns, Reaching safepoint: 227614 ns, At safepoint: 6941 ns, Total: 234555 ns
[2021-11-03T05:17:23.857+0000][7][safepoint    ] Safepoint "Cleanup", Time since last: 1005244994 ns, Reaching safepoint: 178180 ns, At safepoint: 6874 ns, Total: 185054 ns
[2021-11-03T05:17:24.859+0000][7][safepoint    ] Safepoint "Cleanup", Time since last: 1002301637 ns, Reaching safepoint: 177489 ns, At safepoint: 6545 ns, Total: 184034 ns
[2021-11-03T05:17:25.863+0000][7][safepoint    ] Safepoint "Cleanup", Time since last: 1003232607 ns, Reaching safepoint: 315572 ns, At safepoint: 6850 ns, Total: 322422 ns
[2021-11-03T05:17:26.867+0000][7][safepoint    ] Safepoint "Cleanup", Time since last: 1003680612 ns, Reaching safepoint: 385021 ns, At safepoint: 6422 ns, Total: 391443 ns
[2021-11-03T05:17:27.869+0000][7][safepoint    ] Safepoint "Cleanup", Time since last: 1002280647 ns, Reaching safepoint: 237296 ns, At safepoint: 6031 ns, Total: 243327 ns
[2021-11-03T05:17:28.873+0000][7][safepoint    ] Safepoint "Cleanup", Time since last: 1003225852 ns, Reaching safepoint: 175392 ns, At safepoint: 5957 ns, Total: 181349 ns
[2021-11-03T05:17:29.880+0000][7][safepoint    ] Safepoint "Cleanup", Time since last: 1006937744 ns, Reaching safepoint: 167116 ns, At safepoint: 6759 ns, Total: 173875 ns
[2021-11-03T05:17:30.886+0000][7][safepoint    ] Safepoint "Cleanup", Time since last: 1006311696 ns, Reaching safepoint: 170127 ns, At safepoint: 7054 ns, Total: 177181 ns
[2021-11-03T05:17:31.890+0000][7][safepoint    ] Safepoint "Cleanup", Time since last: 1003518843 ns, Reaching safepoint: 390137 ns, At safepoint: 9279 ns, Total: 399416 ns
[2021-11-03T05:17:32.893+0000][7][safepoint    ] Safepoint "Cleanup", Time since last: 1002774477 ns, Reaching safepoint: 170593 ns, At safepoint: 6175 ns, Total: 176768 ns
[2021-11-03T05:17:33.879+0000][7][safepoint    ] Safepoint "Cleanup", Time since last: 1006118258 ns, Reaching safepoint: 458645 ns, At safepoint: 15182 ns, Total: 473827 ns
[2021-11-03T05:17:34.883+0000][7][safepoint    ] Safepoint "Cleanup", Time since last: 1004149513 ns, Reaching safepoint: 288432 ns, At safepoint: 6588 ns, Total: 295020 ns
[2021-11-03T05:17:35.887+0000][7][safepoint    ] Safepoint "Cleanup", Time since last: 1003828676 ns, Reaching safepoint: 267940 ns, At safepoint: 7526 ns, Total: 275466 ns
[2021-11-03T05:17:36.892+0000][7][safepoint    ] Safepoint "Cleanup", Time since last: 1004128037 ns, Reaching safepoint: 383099 ns, At safepoint: 26032 ns, Total: 409131 ns
[2021-11-03T05:17:37.895+0000][7][safepoint    ] Safepoint "Cleanup", Time since last: 1002741910 ns, Reaching safepoint: 308812 ns, At safepoint: 142936 ns, Total: 451748 ns
[2021-11-03T05:17:38.899+0000][7][safepoint    ] Safepoint "Cleanup", Time since last: 1003267720 ns, Reaching safepoint: 372442 ns, At safepoint: 9287 ns, Total: 381729 ns
[2021-11-03T05:17:39.902+0000][7][safepoint    ] Safepoint "Cleanup", Time since last: 1002790685 ns, Reaching safepoint: 478200 ns, At safepoint: 12081 ns, Total: 490281 ns
[2021-11-03T05:17:40.905+0000][7][safepoint    ] Safepoint "Cleanup", Time since last: 1002297483 ns, Reaching safepoint: 440899 ns, At safepoint: 7449 ns, Total: 448348 ns
[2021-11-03T05:17:41.908+0000][7][safepoint    ] Safepoint "Cleanup", Time since last: 1002720796 ns, Reaching safepoint: 266200 ns, At safepoint: 5041 ns, Total: 271241 ns
[2021-11-03T05:17:42.912+0000][7][safepoint    ] Safepoint "Cleanup", Time since last: 1004178425 ns, Reaching safepoint: 174116 ns, At safepoint: 6217 ns, Total: 180333 ns
[2021-11-03T05:17:43.915+0000][7][safepoint    ] Safepoint "Cleanup", Time since last: 1002759039 ns, Reaching safepoint: 176271 ns, At safepoint: 6759 ns, Total: 183030 ns
[2021-11-03T05:17:44.919+0000][7][safepoint    ] Safepoint "Cleanup", Time since last: 1003387379 ns, Reaching safepoint: 286553 ns, At safepoint: 6684 ns, Total: 293237 ns
[2021-11-03T05:17:45.924+0000][7][safepoint    ] Safepoint "Cleanup", Time since last: 1004706960 ns, Reaching safepoint: 308836 ns, At safepoint: 6801 ns, Total: 315637 ns
[2021-11-03T05:17:46.927+0000][7][safepoint    ] Safepoint "Cleanup", Time since last: 1002571955 ns, Reaching safepoint: 354096 ns, At safepoint: 8798 ns, Total: 362894 ns
[2021-11-03T05:17:47.937+0000][7][safepoint    ] Safepoint "Cleanup", Time since last: 1010117407 ns, Reaching safepoint: 204387 ns, At safepoint: 8548 ns, Total: 212935 ns
[2021-11-03T05:17:48.940+0000][7][safepoint    ] Safepoint "Cleanup", Time since last: 1002969473 ns, Reaching safepoint: 179951 ns, At safepoint: 6860 ns, Total: 186811 ns
[2021-11-03T05:17:49.945+0000][7][safepoint    ] Safepoint "Cleanup", Time since last: 1004788195 ns, Reaching safepoint: 225155 ns, At safepoint: 6846 ns, Total: 232001 ns
[2021-11-03T05:17:50.948+0000][7][safepoint    ] Safepoint "Cleanup", Time since last: 1002602617 ns, Reaching safepoint: 166057 ns, At safepoint: 5864 ns, Total: 171921 ns
[2021-11-03T05:17:51.951+0000][7][safepoint    ] Safepoint "Cleanup", Time since last: 1002891130 ns, Reaching safepoint: 175217 ns, At safepoint: 6188 ns, Total: 181405 ns
[2021-11-03T05:17:52.957+0000][7][safepoint    ] Safepoint "Cleanup", Time since last: 1005882535 ns, Reaching safepoint: 169863 ns, At safepoint: 5884 ns, Total: 175747 ns
[2021-11-03T05:17:53.961+0000][7][safepoint    ] Safepoint "Cleanup", Time since last: 1003623139 ns, Reaching safepoint: 89940 ns, At safepoint: 2511 ns, Total: 92451 ns
[2021-11-03T05:17:54.967+0000][7][safepoint    ] Safepoint "Cleanup", Time since last: 1005925345 ns, Reaching safepoint: 182272 ns, At safepoint: 6969 ns, Total: 189241 ns
[2021-11-03T05:17:55.970+0000][7][safepoint    ] Safepoint "Cleanup", Time since last: 1003254551 ns, Reaching safepoint: 183066 ns, At safepoint: 6326 ns, Total: 189392 ns
[2021-11-03T05:17:56.973+0000][7][safepoint    ] Safepoint "Cleanup", Time since last: 1002730057 ns, Reaching safepoint: 176493 ns, At safepoint: 6264 ns, Total: 182757 ns
[2021-11-03T05:17:57.983+0000][7][safepoint    ] Safepoint "Cleanup", Time since last: 1009112931 ns, Reaching safepoint: 453107 ns, At safepoint: 6894 ns, Total: 460001 ns
[2021-11-03T05:17:58.987+0000][7][safepoint    ] Safepoint "Cleanup", Time since last: 1004177160 ns, Reaching safepoint: 180687 ns, At safepoint: 6143 ns, Total: 186830 ns
[2021-11-03T05:17:59.993+0000][7][safepoint    ] Safepoint "Cleanup", Time since last: 1005784832 ns, Reaching safepoint: 180786 ns, At safepoint: 6001 ns, Total: 186787 ns
[2021-11-03T05:18:00.997+0000][7][safepoint    ] Safepoint "Cleanup", Time since last: 1003415013 ns, Reaching safepoint: 327789 ns, At safepoint: 8188 ns, Total: 335977 ns
[2021-11-03T05:18:02.001+0000][7][safepoint    ] Safepoint "Cleanup", Time since last: 1004071947 ns, Reaching safepoint: 414350 ns, At safepoint: 10893 ns, Total: 425243 ns
[2021-11-03T05:18:03.008+0000][7][safepoint    ] Safepoint "Cleanup", Time since last: 1005942540 ns, Reaching safepoint: 410733 ns, At safepoint: 7426 ns, Total: 418159 ns
[2021-11-03T05:18:03.992+0000][7][safepoint    ] Safepoint "Cleanup", Time since last: 1005249994 ns, Reaching safepoint: 240308 ns, At safepoint: 7894 ns, Total: 248202 ns
[2021-11-03T05:18:04.995+0000][7][safepoint    ] Safepoint "Cleanup", Time since last: 1002614875 ns, Reaching safepoint: 426534 ns, At safepoint: 11008 ns, Total: 437542 ns
[2021-11-03T05:18:05.999+0000][7][safepoint    ] Safepoint "Cleanup", Time since last: 1003783522 ns, Reaching safepoint: 174302 ns, At safepoint: 6013 ns, Total: 180315 ns
[2021-11-03T05:18:07.002+0000][7][safepoint    ] Safepoint "Cleanup", Time since last: 1002590517 ns, Reaching safepoint: 173807 ns, At safepoint: 7007 ns, Total: 180814 ns
[2021-11-03T05:18:08.006+0000][7][safepoint    ] Safepoint "Cleanup", Time since last: 1003219895 ns, Reaching safepoint: 396869 ns, At safepoint: 8082 ns, Total: 404951 ns
[2021-11-03T05:18:09.008+0000][7][safepoint    ] Safepoint "Cleanup", Time since last: 1002188664 ns, Reaching safepoint: 117673 ns, At safepoint: 3550 ns, Total: 121223 ns
[2021-11-03T05:18:10.011+0000][7][safepoint    ] Safepoint "Cleanup", Time since last: 1002754327 ns, Reaching safepoint: 200232 ns, At safepoint: 6209 ns, Total: 206441 ns
[2021-11-03T05:18:11.016+0000][7][safepoint    ] Safepoint "Cleanup", Time since last: 1004433493 ns, Reaching safepoint: 364983 ns, At safepoint: 7255 ns, Total: 372238 ns
[2021-11-03T05:18:12.021+0000][7][safepoint    ] Safepoint "Cleanup", Time since last: 1004662954 ns, Reaching safepoint: 720893 ns, At safepoint: 20893 ns, Total: 741786 ns
[2021-11-03T05:18:13.029+0000][7][safepoint    ] Safepoint "Cleanup", Time since last: 1007543343 ns, Reaching safepoint: 563147 ns, At safepoint: 28260 ns, Total: 591407 ns
[2021-11-03T05:18:14.032+0000][7][safepoint    ] Safepoint "Cleanup", Time since last: 1002699780 ns, Reaching safepoint: 373360 ns, At safepoint: 10216 ns, Total: 383576 ns
[2021-11-03T05:18:15.038+0000][7][safepoint    ] Safepoint "Cleanup", Time since last: 1005811511 ns, Reaching safepoint: 238511 ns, At safepoint: 6960 ns, Total: 245471 ns
[2021-11-03T05:18:16.046+0000][7][safepoint    ] Safepoint "Cleanup", Time since last: 1007814688 ns, Reaching safepoint: 244892 ns, At safepoint: 7524 ns, Total: 252416 ns
[2021-11-03T05:18:17.051+0000][7][safepoint    ] Safepoint "Cleanup", Time since last: 1004073927 ns, Reaching safepoint: 422967 ns, At safepoint: 11488 ns, Total: 434455 ns
[2021-11-03T05:18:18.056+0000][7][safepoint    ] Safepoint "Cleanup", Time since last: 1005135185 ns, Reaching safepoint: 150341 ns, At safepoint: 5892 ns, Total: 156233 ns
[2021-11-03T05:18:19.060+0000][7][safepoint    ] Safepoint "Cleanup", Time since last: 1003522440 ns, Reaching safepoint: 408355 ns, At safepoint: 9843 ns, Total: 418198 ns
[2021-11-03T05:18:20.066+0000][7][safepoint    ] Safepoint "Cleanup", Time since last: 1005388619 ns, Reaching safepoint: 284968 ns, At safepoint: 8854 ns, Total: 293822 ns
[2021-11-03T05:18:21.069+0000][7][safepoint    ] Safepoint "Cleanup", Time since last: 1002258052 ns, Reaching safepoint: 475369 ns, At safepoint: 13438 ns, Total: 488807 ns
[2021-11-03T05:18:22.071+0000][7][safepoint    ] Safepoint "Cleanup", Time since last: 1002398824 ns, Reaching safepoint: 242991 ns, At safepoint: 7517 ns, Total: 250508 ns
[2021-11-03T05:18:23.073+0000][7][safepoint    ] Safepoint "Cleanup", Time since last: 1001923725 ns, Reaching safepoint: 209573 ns, At safepoint: 3658 ns, Total: 213231 ns
[2021-11-03T05:18:24.081+0000][7][safepoint    ] Safepoint "Cleanup", Time since last: 1007114980 ns, Reaching safepoint: 421971 ns, At safepoint: 10105 ns, Total: 432076 ns
[2021-11-03T05:18:25.084+0000][7][safepoint    ] Safepoint "Cleanup", Time since last: 1003010541 ns, Reaching safepoint: 186312 ns, At safepoint: 6032 ns, Total: 192344 ns
[2021-11-03T05:18:26.087+0000][7][safepoint    ] Safepoint "Cleanup", Time since last: 1002262696 ns, Reaching safepoint: 173290 ns, At safepoint: 6651 ns, Total: 179941 ns
[2021-11-03T05:18:27.091+0000][7][safepoint    ] Safepoint "Cleanup", Time since last: 1004045930 ns, Reaching safepoint: 194880 ns, At safepoint: 9302 ns, Total: 204182 ns
[2021-11-03T05:18:28.094+0000][7][safepoint    ] Safepoint "Cleanup", Time since last: 1003053442 ns, Reaching safepoint: 178927 ns, At safepoint: 6198 ns, Total: 185125 ns
[2021-11-03T05:18:29.098+0000][7][safepoint    ] Safepoint "Cleanup", Time since last: 1003014986 ns, Reaching safepoint: 585560 ns, At safepoint: 8894 ns, Total: 594454 ns
[2021-11-03T05:18:30.100+0000][7][safepoint    ] Safepoint "Cleanup", Time since last: 1002370097 ns, Reaching safepoint: 291595 ns, At safepoint: 8189 ns, Total: 299784 ns
[2021-11-03T05:18:31.104+0000][7][safepoint    ] Safepoint "Cleanup", Time since last: 1003447127 ns, Reaching safepoint: 176539 ns, At safepoint: 7642 ns, Total: 184181 ns
[2021-11-03T05:18:32.109+0000][7][safepoint    ] Safepoint "Cleanup", Time since last: 1004879765 ns, Reaching safepoint: 163822 ns, At safepoint: 6360 ns, Total: 170182 ns
[2021-11-03T05:18:33.111+0000][7][safepoint    ] Safepoint "Cleanup", Time since last: 1002013781 ns, Reaching safepoint: 204747 ns, At safepoint: 7120 ns, Total: 211867 ns
[2021-11-03T05:18:34.100+0000][7][safepoint    ] Safepoint "Cleanup", Time since last: 1009134357 ns, Reaching safepoint: 388316 ns, At safepoint: 11795 ns, Total: 400111 ns
[2021-11-03T05:18:35.102+0000][7][safepoint    ] Safepoint "Cleanup", Time since last: 1002212376 ns, Reaching safepoint: 237651 ns, At safepoint: 6417 ns, Total: 244068 ns
[2021-11-03T05:18:36.106+0000][7][safepoint    ] Safepoint "Cleanup", Time since last: 1003573647 ns, Reaching safepoint: 243688 ns, At safepoint: 6558 ns, Total: 250246 ns
[2021-11-03T05:18:37.109+0000][7][safepoint    ] Safepoint "Cleanup", Time since last: 1002460511 ns, Reaching safepoint: 125743 ns, At safepoint: 3442 ns, Total: 129185 ns
[2021-11-03T05:18:38.110+0000][7][safepoint    ] Safepoint "Cleanup", Time since last: 1001178405 ns, Reaching safepoint: 160445 ns, At safepoint: 4044 ns, Total: 164489 ns
[2021-11-03T05:18:39.112+0000][7][safepoint    ] Safepoint "Cleanup", Time since last: 1002080607 ns, Reaching safepoint: 244413 ns, At safepoint: 7191 ns, Total: 251604 ns
[2021-11-03T05:18:40.180+0000][7][safepoint    ] Safepoint "Cleanup", Time since last: 1067834163 ns, Reaching safepoint: 215645 ns, At safepoint: 6365 ns, Total: 222010 ns
[2021-11-03T05:18:41.183+0000][7][safepoint    ] Safepoint "Cleanup", Time since last: 1002151402 ns, Reaching safepoint: 244551 ns, At safepoint: 6682 ns, Total: 251233 ns
[2021-11-03T05:18:42.190+0000][7][safepoint    ] Safepoint "Cleanup", Time since last: 1006887207 ns, Reaching safepoint: 335049 ns, At safepoint: 9596 ns, Total: 344645 ns
[2021-11-03T05:18:43.199+0000][7][safepoint    ] Safepoint "Cleanup", Time since last: 1008289080 ns, Reaching safepoint: 421354 ns, At safepoint: 7397 ns, Total: 428751 ns
[2021-11-03T05:18:44.202+0000][7][safepoint    ] Safepoint "Cleanup", Time since last: 1002737049 ns, Reaching safepoint: 290281 ns, At safepoint: 6615 ns, Total: 296896 ns
[2021-11-03T05:18:45.206+0000][7][safepoint    ] Safepoint "Cleanup", Time since last: 1003611334 ns, Reaching safepoint: 399024 ns, At safepoint: 7243 ns, Total: 406267 ns
[2021-11-03T05:18:46.211+0000][7][safepoint    ] Safepoint "Cleanup", Time since last: 1004753484 ns, Reaching safepoint: 364392 ns, At safepoint: 12441 ns, Total: 376833 ns
[2021-11-03T05:18:47.214+0000][7][safepoint    ] Safepoint "Cleanup", Time since last: 1003257660 ns, Reaching safepoint: 400230 ns, At safepoint: 8380 ns, Total: 408610 ns
[2021-11-03T05:18:48.218+0000][7][safepoint    ] Safepoint "Cleanup", Time since last: 1003553375 ns, Reaching safepoint: 358948 ns, At safepoint: 8460 ns, Total: 367408 ns
[2021-11-03T05:18:49.228+0000][7][safepoint    ] Safepoint "Cleanup", Time since last: 1008842306 ns, Reaching safepoint: 390468 ns, At safepoint: 7218 ns, Total: 397686 ns
[2021-11-03T05:18:50.230+0000][7][safepoint    ] Safepoint "Cleanup", Time since last: 1001859446 ns, Reaching safepoint: 289379 ns, At safepoint: 6745 ns, Total: 296124 ns
[2021-11-03T05:18:51.235+0000][7][safepoint    ] Safepoint "Cleanup", Time since last: 1004160014 ns, Reaching safepoint: 557433 ns, At safepoint: 9767 ns, Total: 567200 ns
[2021-11-03T05:18:52.238+0000][7][safepoint    ] Safepoint "Cleanup", Time since last: 1002693048 ns, Reaching safepoint: 500304 ns, At safepoint: 10403 ns, Total: 510707 ns
[2021-11-03T05:18:53.242+0000][7][safepoint    ] Safepoint "Cleanup", Time since last: 1003360411 ns, Reaching safepoint: 463184 ns, At safepoint: 9865 ns, Total: 473049 ns
[2021-11-03T05:18:54.247+0000][7][safepoint    ] Safepoint "Cleanup", Time since last: 1004750323 ns, Reaching safepoint: 465459 ns, At safepoint: 10351 ns, Total: 475810 ns
[2021-11-03T05:18:55.249+0000][7][safepoint    ] Safepoint "Cleanup", Time since last: 1002321639 ns, Reaching safepoint: 369772 ns, At safepoint: 8329 ns, Total: 378101 ns
[2021-11-03T05:18:56.257+0000][7][safepoint    ] Safepoint "Cleanup", Time since last: 1006645269 ns, Reaching safepoint: 416360 ns, At safepoint: 7950 ns, Total: 424310 ns
[2021-11-03T05:18:57.263+0000][7][safepoint    ] Safepoint "Cleanup", Time since last: 1006603392 ns, Reaching safepoint: 286244 ns, At safepoint: 8292 ns, Total: 294536 ns
[2021-11-03T05:18:58.266+0000][7][safepoint    ] Safepoint "Cleanup", Time since last: 1002594810 ns, Reaching safepoint: 280676 ns, At safepoint: 6334 ns, Total: 287010 ns
[2021-11-03T05:18:59.269+0000][7][safepoint    ] Safepoint "Cleanup", Time since last: 1002061181 ns, Reaching safepoint: 142179 ns, At safepoint: 4507 ns, Total: 146686 ns
[2021-11-03T05:19:00.270+0000][7][safepoint    ] Safepoint "Cleanup", Time since last: 1001479502 ns, Reaching safepoint: 171366 ns, At safepoint: 6037 ns, Total: 177403 ns
[2021-11-03T05:19:01.273+0000][7][safepoint    ] Safepoint "Cleanup", Time since last: 1001988250 ns, Reaching safepoint: 446509 ns, At safepoint: 6858 ns, Total: 453367 ns
[2021-11-03T05:19:02.275+0000][7][safepoint    ] Safepoint "Cleanup", Time since last: 1002177349 ns, Reaching safepoint: 399517 ns, At safepoint: 11757 ns, Total: 411274 ns
[2021-11-03T05:19:03.258+0000][7][safepoint    ] Safepoint "Cleanup", Time since last: 1002483339 ns, Reaching safepoint: 650839 ns, At safepoint: 15972 ns, Total: 666811 ns
[2021-11-03T05:19:04.261+0000][7][safepoint    ] Safepoint "Cleanup", Time since last: 1002954122 ns, Reaching safepoint: 228915 ns, At safepoint: 6016 ns, Total: 234931 ns
[2021-11-03T05:19:05.264+0000][7][safepoint    ] Safepoint "Cleanup", Time since last: 1003126000 ns, Reaching safepoint: 302333 ns, At safepoint: 7974 ns, Total: 310307 ns
[2021-11-03T05:19:06.267+0000][7][safepoint    ] Safepoint "Cleanup", Time since last: 1002886723 ns, Reaching safepoint: 228066 ns, At safepoint: 7682 ns, Total: 235748 ns
[2021-11-03T05:19:07.274+0000][7][safepoint    ] Safepoint "Cleanup", Time since last: 1006583593 ns, Reaching safepoint: 241654 ns, At safepoint: 7452 ns, Total: 249106 ns
[2021-11-03T05:19:08.278+0000][7][safepoint    ] Safepoint "Cleanup", Time since last: 1003458941 ns, Reaching safepoint: 570826 ns, At safepoint: 18998 ns, Total: 589824 ns
[2021-11-03T05:19:09.282+0000][7][safepoint    ] Safepoint "Cleanup", Time since last: 1003800640 ns, Reaching safepoint: 246248 ns, At safepoint: 7271 ns, Total: 253519 ns
[2021-11-03T05:19:10.285+0000][7][safepoint    ] Safepoint "Cleanup", Time since last: 1002735472 ns, Reaching safepoint: 233829 ns, At safepoint: 6361 ns, Total: 240190 ns
[2021-11-03T05:19:11.289+0000][7][safepoint    ] Safepoint "Cleanup", Time since last: 1003628402 ns, Reaching safepoint: 241484 ns, At safepoint: 6549 ns, Total: 248033 ns
[2021-11-03T05:19:12.297+0000][7][safepoint    ] Safepoint "Cleanup", Time since last: 1007160754 ns, Reaching safepoint: 338801 ns, At safepoint: 7760 ns, Total: 346561 ns
[2021-11-03T05:19:13.299+0000][7][safepoint    ] Safepoint "Cleanup", Time since last: 1002327714 ns, Reaching safepoint: 602296 ns, At safepoint: 9149 ns, Total: 611445 ns
[2021-11-03T05:19:14.309+0000][7][safepoint    ] Safepoint "Cleanup", Time since last: 1009346624 ns, Reaching safepoint: 284993 ns, At safepoint: 14858 ns, Total: 299851 ns
[2021-11-03T05:19:15.318+0000][7][safepoint    ] Safepoint "Cleanup", Time since last: 1008405634 ns, Reaching safepoint: 465857 ns, At safepoint: 8619 ns, Total: 474476 ns
[2021-11-03T05:19:16.320+0000][7][safepoint    ] Safepoint "Cleanup", Time since last: 1001720108 ns, Reaching safepoint: 231199 ns, At safepoint: 6332 ns, Total: 237531 ns
[2021-11-03T05:19:17.322+0000][7][safepoint    ] Safepoint "Cleanup", Time since last: 1002046707 ns, Reaching safepoint: 242737 ns, At safepoint: 6659 ns, Total: 249396 ns
[2021-11-03T05:19:18.328+0000][7][safepoint    ] Safepoint "Cleanup", Time since last: 1004837479 ns, Reaching safepoint: 496754 ns, At safepoint: 12571 ns, Total: 509325 ns
[2021-11-03T05:19:19.335+0000][7][safepoint    ] Safepoint "Cleanup", Time since last: 1006437458 ns, Reaching safepoint: 686266 ns, At safepoint: 14247 ns, Total: 700513 ns
[2021-11-03T05:19:20.338+0000][7][safepoint    ] Safepoint "Cleanup", Time since last: 1002943965 ns, Reaching safepoint: 265545 ns, At safepoint: 7978 ns, Total: 273523 ns
[2021-11-03T05:19:21.342+0000][7][safepoint    ] Safepoint "Cleanup", Time since last: 1003381165 ns, Reaching safepoint: 382973 ns, At safepoint: 26190 ns, Total: 409163 ns
[2021-11-03T05:19:22.346+0000][7][safepoint    ] Safepoint "Cleanup", Time since last: 1003269103 ns, Reaching safepoint: 666521 ns, At safepoint: 19958 ns, Total: 686479 ns
[2021-11-03T05:19:23.349+0000][7][safepoint    ] Safepoint "Cleanup", Time since last: 1003026016 ns, Reaching safepoint: 244557 ns, At safepoint: 6192 ns, Total: 250749 ns
[2021-11-03T05:19:24.355+0000][7][safepoint    ] Safepoint "Cleanup", Time since last: 1006046446 ns, Reaching safepoint: 230681 ns, At safepoint: 6802 ns, Total: 237483 ns
[2021-11-03T05:19:25.359+0000][7][safepoint    ] Safepoint "Cleanup", Time since last: 1003937308 ns, Reaching safepoint: 231471 ns, At safepoint: 6837 ns, Total: 238308 ns
[2021-11-03T05:19:26.921+0000][7][safepoint    ] Safepoint "Cleanup", Time since last: 1561433203 ns, Reaching safepoint: 264716 ns, At safepoint: 16554 ns, Total: 281270 ns
[2021-11-03T05:19:27.930+0000][7][safepoint    ] Safepoint "Cleanup", Time since last: 1008297056 ns, Reaching safepoint: 210648 ns, At safepoint: 12452 ns, Total: 223100 ns
[2021-11-03T05:19:28.936+0000][7][safepoint    ] Safepoint "Cleanup", Time since last: 1005577138 ns, Reaching safepoint: 319836 ns, At safepoint: 7765 ns, Total: 327601 ns
[2021-11-03T05:19:29.941+0000][7][safepoint    ] Safepoint "Cleanup", Time since last: 1005000355 ns, Reaching safepoint: 247195 ns, At safepoint: 6591 ns, Total: 253786 ns
[2021-11-03T05:19:30.945+0000][7][safepoint    ] Safepoint "Cleanup", Time since last: 1003751216 ns, Reaching safepoint: 226840 ns, At safepoint: 7804 ns, Total: 234644 ns
[2021-11-03T05:19:31.948+0000][7][safepoint    ] Safepoint "Cleanup", Time since last: 1002808238 ns, Reaching safepoint: 228738 ns, At safepoint: 6539 ns, Total: 235277 ns
[2021-11-03T05:19:32.952+0000][7][safepoint    ] Safepoint "Cleanup", Time since last: 1003745637 ns, Reaching safepoint: 394325 ns, At safepoint: 12135 ns, Total: 406460 ns
[2021-11-03T05:19:33.935+0000][7][safepoint    ] Safepoint "Cleanup", Time since last: 1004156659 ns, Reaching safepoint: 176765 ns, At safepoint: 6721 ns, Total: 183486 ns
[2021-11-03T05:19:34.939+0000][7][safepoint    ] Safepoint "Cleanup", Time since last: 1003097988 ns, Reaching safepoint: 306034 ns, At safepoint: 9256 ns, Total: 315290 ns
[2021-11-03T05:19:35.945+0000][7][safepoint    ] Safepoint "Cleanup", Time since last: 1005998616 ns, Reaching safepoint: 410046 ns, At safepoint: 10437 ns, Total: 420483 ns
[2021-11-03T05:19:36.950+0000][7][safepoint    ] Safepoint "Cleanup", Time since last: 1004664056 ns, Reaching safepoint: 171498 ns, At safepoint: 10101 ns, Total: 181599 ns
[2021-11-03T05:19:37.954+0000][7][safepoint    ] Safepoint "Cleanup", Time since last: 1003891031 ns, Reaching safepoint: 379894 ns, At safepoint: 11663 ns, Total: 391557 ns
[2021-11-03T05:19:38.960+0000][7][safepoint    ] Safepoint "Cleanup", Time since last: 1005734829 ns, Reaching safepoint: 550671 ns, At safepoint: 9265 ns, Total: 559936 ns
[2021-11-03T05:19:39.963+0000][7][safepoint    ] Safepoint "Cleanup", Time since last: 1001980102 ns, Reaching safepoint: 423499 ns, At safepoint: 9462 ns, Total: 432961 ns
[2021-11-03T05:19:40.969+0000][7][safepoint    ] Safepoint "Cleanup", Time since last: 1005613949 ns, Reaching safepoint: 235896 ns, At safepoint: 6571 ns, Total: 242467 ns
[2021-11-03T05:19:41.974+0000][7][safepoint    ] Safepoint "Cleanup", Time since last: 1005352434 ns, Reaching safepoint: 355739 ns, At safepoint: 10394 ns, Total: 366133 ns
[2021-11-03T05:19:42.977+0000][7][safepoint    ] Safepoint "Cleanup", Time since last: 1002319600 ns, Reaching safepoint: 230129 ns, At safepoint: 6083 ns, Total: 236212 ns
[2021-11-03T05:19:43.980+0000][7][safepoint    ] Safepoint "Cleanup", Time since last: 1002625519 ns, Reaching safepoint: 177060 ns, At safepoint: 4821 ns, Total: 181881 ns
[2021-11-03T05:19:44.985+0000][7][safepoint    ] Safepoint "Cleanup", Time since last: 1004615792 ns, Reaching safepoint: 235960 ns, At safepoint: 8294 ns, Total: 244254 ns
[2021-11-03T05:19:45.988+0000][7][safepoint    ] Safepoint "Cleanup", Time since last: 1002922599 ns, Reaching safepoint: 484835 ns, At safepoint: 71474 ns, Total: 556309 ns
[2021-11-03T05:19:46.991+0000][7][safepoint    ] Safepoint "Cleanup", Time since last: 1002458464 ns, Reaching safepoint: 169461 ns, At safepoint: 7162 ns, Total: 176623 ns
[2021-11-03T05:19:47.994+0000][7][safepoint    ] Safepoint "Cleanup", Time since last: 1002757177 ns, Reaching safepoint: 203965 ns, At safepoint: 7005 ns, Total: 210970 ns
[2021-11-03T05:19:49.001+0000][7][safepoint    ] Safepoint "Cleanup", Time since last: 1006765239 ns, Reaching safepoint: 321557 ns, At safepoint: 11734 ns, Total: 333291 ns
[2021-11-03T05:19:50.004+0000][7][safepoint    ] Safepoint "Cleanup", Time since last: 1002420134 ns, Reaching safepoint: 382954 ns, At safepoint: 9762 ns, Total: 392716 ns
[2021-11-03T05:19:51.006+0000][7][safepoint    ] Safepoint "Cleanup", Time since last: 1002174355 ns, Reaching safepoint: 181642 ns, At safepoint: 5710 ns, Total: 187352 ns
[2021-11-03T05:19:52.009+0000][7][safepoint    ] Safepoint "Cleanup", Time since last: 1002580979 ns, Reaching safepoint: 452714 ns, At safepoint: 9208 ns, Total: 461922 ns
[2021-11-03T05:19:53.012+0000][7][safepoint    ] Safepoint "Cleanup", Time since last: 1002473231 ns, Reaching safepoint: 302954 ns, At safepoint: 31967 ns, Total: 334921 ns
[2021-11-03T05:19:54.015+0000][7][safepoint    ] Safepoint "Cleanup", Time since last: 1002640570 ns, Reaching safepoint: 243716 ns, At safepoint: 6440 ns, Total: 250156 ns
[2021-11-03T05:19:55.018+0000][7][safepoint    ] Safepoint "Cleanup", Time since last: 1002603632 ns, Reaching safepoint: 298479 ns, At safepoint: 11632 ns, Total: 310111 ns
[2021-11-03T05:19:56.020+0000][7][safepoint    ] Safepoint "Cleanup", Time since last: 1002285315 ns, Reaching safepoint: 304515 ns, At safepoint: 11320 ns, Total: 315835 ns
[2021-11-03T05:19:57.024+0000][7][safepoint    ] Safepoint "Cleanup", Time since last: 1003503224 ns, Reaching safepoint: 161060 ns, At safepoint: 5888 ns, Total: 166948 ns
[2021-11-03T05:19:58.028+0000][7][safepoint    ] Safepoint "Cleanup", Time since last: 1003200169 ns, Reaching safepoint: 435803 ns, At safepoint: 8484 ns, Total: 444287 ns
[2021-11-03T05:19:59.032+0000][7][safepoint    ] Safepoint "Cleanup", Time since last: 1004267732 ns, Reaching safepoint: 348466 ns, At safepoint: 17311 ns, Total: 365777 ns
[2021-11-03T05:20:00.043+0000][7][safepoint    ] Safepoint "Cleanup", Time since last: 1010677732 ns, Reaching safepoint: 382020 ns, At safepoint: 8162 ns, Total: 390182 ns
[2021-11-03T05:20:01.046+0000][7][safepoint    ] Safepoint "Cleanup", Time since last: 1002647309 ns, Reaching safepoint: 240797 ns, At safepoint: 6624 ns, Total: 247421 ns
[2021-11-03T05:20:02.056+0000][7][safepoint    ] Safepoint "Cleanup", Time since last: 1009596340 ns, Reaching safepoint: 209762 ns, At safepoint: 9672 ns, Total: 219434 ns
[2021-11-03T05:20:03.063+0000][7][safepoint    ] Safepoint "Cleanup", Time since last: 1006651506 ns, Reaching safepoint: 262528 ns, At safepoint: 7779 ns, Total: 270307 ns
[2021-11-03T05:20:04.046+0000][7][safepoint    ] Safepoint "Cleanup", Time since last: 1002682762 ns, Reaching safepoint: 236068 ns, At safepoint: 6191 ns, Total: 242259 ns
[2021-11-03T05:20:05.051+0000][7][safepoint    ] Safepoint "Cleanup", Time since last: 1004270237 ns, Reaching safepoint: 462031 ns, At safepoint: 8308 ns, Total: 470339 ns
[2021-11-03T05:20:06.059+0000][7][safepoint    ] Safepoint "Cleanup", Time since last: 1007179222 ns, Reaching safepoint: 333689 ns, At safepoint: 16734 ns, Total: 350423 ns
[2021-11-03T05:20:07.067+0000][7][safepoint    ] Safepoint "Cleanup", Time since last: 1007572358 ns, Reaching safepoint: 439642 ns, At safepoint: 20814 ns, Total: 460456 ns
[2021-11-03T05:20:08.069+0000][7][safepoint    ] Safepoint "Cleanup", Time since last: 1002323542 ns, Reaching safepoint: 444215 ns, At safepoint: 8033 ns, Total: 452248 ns
[2021-11-03T05:20:09.073+0000][7][safepoint    ] Safepoint "Cleanup", Time since last: 1003474030 ns, Reaching safepoint: 280063 ns, At safepoint: 8615 ns, Total: 288678 ns
[2021-11-03T05:20:10.076+0000][7][safepoint    ] Safepoint "Cleanup", Time since last: 1002311290 ns, Reaching safepoint: 565160 ns, At safepoint: 19397 ns, Total: 584557 ns
[2021-11-03T05:20:11.079+0000][7][safepoint    ] Safepoint "Cleanup", Time since last: 1003195224 ns, Reaching safepoint: 193880 ns, At safepoint: 7606 ns, Total: 201486 ns
[2021-11-03T05:20:12.082+0000][7][safepoint    ] Safepoint "Cleanup", Time since last: 1002040388 ns, Reaching safepoint: 435868 ns, At safepoint: 8027 ns, Total: 443895 ns
[2021-11-03T05:20:13.085+0000][7][safepoint    ] Safepoint "Cleanup", Time since last: 1002927144 ns, Reaching safepoint: 534342 ns, At safepoint: 22007 ns, Total: 556349 ns
[2021-11-03T05:20:14.091+0000][7][safepoint    ] Safepoint "Cleanup", Time since last: 1005378110 ns, Reaching safepoint: 304251 ns, At safepoint: 6586 ns, Total: 310837 ns
[2021-11-03T05:20:15.102+0000][7][safepoint    ] Safepoint "Cleanup", Time since last: 1009904723 ns, Reaching safepoint: 644016 ns, At safepoint: 206414 ns, Total: 850430 ns
[2021-11-03T05:20:16.106+0000][7][safepoint    ] Safepoint "Cleanup", Time since last: 1003753946 ns, Reaching safepoint: 725590 ns, At safepoint: 21612 ns, Total: 747202 ns
[2021-11-03T05:20:17.112+0000][7][safepoint    ] Safepoint "Cleanup", Time since last: 1005562997 ns, Reaching safepoint: 417004 ns, At safepoint: 12039 ns, Total: 429043 ns
[2021-11-03T05:20:18.125+0000][7][safepoint    ] Safepoint "Cleanup", Time since last: 1012599900 ns, Reaching safepoint: 352119 ns, At safepoint: 9259 ns, Total: 361378 ns
[2021-11-03T05:20:19.130+0000][7][safepoint    ] Safepoint "Cleanup", Time since last: 1003989272 ns, Reaching safepoint: 532192 ns, At safepoint: 76822 ns, Total: 609014 ns
[2021-11-03T05:20:20.133+0000][7][safepoint    ] Safepoint "Cleanup", Time since last: 1002169337 ns, Reaching safepoint: 678086 ns, At safepoint: 22766 ns, Total: 700852 ns
[2021-11-03T05:20:21.136+0000][7][safepoint    ] Safepoint "Cleanup", Time since last: 1002790613 ns, Reaching safepoint: 711071 ns, At safepoint: 18509 ns, Total: 729580 ns
[2021-11-03T05:20:22.140+0000][7][safepoint    ] Safepoint "Cleanup", Time since last: 1003012725 ns, Reaching safepoint: 607431 ns, At safepoint: 22745 ns, Total: 630176 ns
[2021-11-03T05:20:23.142+0000][7][safepoint    ] Safepoint "Cleanup", Time since last: 1001836473 ns, Reaching safepoint: 657585 ns, At safepoint: 24079 ns, Total: 681664 ns
[2021-11-03T05:20:24.146+0000][7][safepoint    ] Safepoint "Cleanup", Time since last: 1002640030 ns, Reaching safepoint: 867515 ns, At safepoint: 85326 ns, Total: 952841 ns
[2021-11-03T05:20:25.149+0000][7][safepoint    ] Safepoint "Cleanup", Time since last: 1002906097 ns, Reaching safepoint: 186807 ns, At safepoint: 75541 ns, Total: 262348 ns
[2021-11-03T05:20:26.152+0000][7][safepoint    ] Safepoint "Cleanup", Time since last: 1002424750 ns, Reaching safepoint: 410028 ns, At safepoint: 9459 ns, Total: 419487 ns
[2021-11-03T05:20:27.154+0000][7][safepoint    ] Safepoint "Cleanup", Time since last: 1002106830 ns, Reaching safepoint: 172433 ns, At safepoint: 5918 ns, Total: 178351 ns
[2021-11-03T05:20:28.158+0000][7][safepoint    ] Safepoint "Cleanup", Time since last: 1003060456 ns, Reaching safepoint: 172070 ns, At safepoint: 6426 ns, Total: 178496 ns
[2021-11-03T05:20:29.161+0000][7][safepoint    ] Safepoint "Cleanup", Time since last: 1003497372 ns, Reaching safepoint: 174081 ns, At safepoint: 5957 ns, Total: 180038 ns
[2021-11-03T05:20:30.165+0000][7][safepoint    ] Safepoint "Cleanup", Time since last: 1003947662 ns, Reaching safepoint: 169945 ns, At safepoint: 5917 ns, Total: 175862 ns
[2021-11-03T05:20:31.168+0000][7][safepoint    ] Safepoint "Cleanup", Time since last: 1002503486 ns, Reaching safepoint: 176611 ns, At safepoint: 5837 ns, Total: 182448 ns
[2021-11-03T05:20:32.171+0000][7][safepoint    ] Safepoint "Cleanup", Time since last: 1002509728 ns, Reaching safepoint: 397559 ns, At safepoint: 7613 ns, Total: 405172 ns
[2021-11-03T05:20:33.154+0000][7][safepoint    ] Safepoint "Cleanup", Time since last: 1002890241 ns, Reaching safepoint: 277668 ns, At safepoint: 10898 ns, Total: 288566 ns
[2021-11-03T05:20:34.158+0000][7][safepoint    ] Safepoint "Cleanup", Time since last: 1003314657 ns, Reaching safepoint: 177368 ns, At safepoint: 6099 ns, Total: 183467 ns
[2021-11-03T05:20:35.161+0000][7][safepoint    ] Safepoint "Cleanup", Time since last: 1003094096 ns, Reaching safepoint: 455014 ns, At safepoint: 169972 ns, Total: 624986 ns
[2021-11-03T05:20:36.164+0000][7][safepoint    ] Safepoint "Cleanup", Time since last: 1002631290 ns, Reaching safepoint: 180317 ns, At safepoint: 5254 ns, Total: 185571 ns
[2021-11-03T05:20:37.167+0000][7][safepoint    ] Safepoint "Cleanup", Time since last: 1002433704 ns, Reaching safepoint: 145284 ns, At safepoint: 3063 ns, Total: 148347 ns
[2021-11-03T05:20:38.169+0000][7][safepoint    ] Safepoint "Cleanup", Time since last: 1002513258 ns, Reaching safepoint: 117869 ns, At safepoint: 4042 ns, Total: 121911 ns
[2021-11-03T05:20:39.172+0000][7][safepoint    ] Safepoint "Cleanup", Time since last: 1002274918 ns, Reaching safepoint: 283672 ns, At safepoint: 6130 ns, Total: 289802 ns
[2021-11-03T05:20:40.175+0000][7][safepoint    ] Safepoint "Cleanup", Time since last: 1003141381 ns, Reaching safepoint: 178597 ns, At safepoint: 6393 ns, Total: 184990 ns
[2021-11-03T05:20:41.178+0000][7][safepoint    ] Safepoint "Cleanup", Time since last: 1002814796 ns, Reaching safepoint: 187753 ns, At safepoint: 7006 ns, Total: 194759 ns
[2021-11-03T05:20:42.183+0000][7][safepoint    ] Safepoint "Cleanup", Time since last: 1003756254 ns, Reaching safepoint: 433164 ns, At safepoint: 131257 ns, Total: 564421 ns
[2021-11-03T05:20:43.187+0000][7][safepoint    ] Safepoint "Cleanup", Time since last: 1004116467 ns, Reaching safepoint: 364580 ns, At safepoint: 79145 ns, Total: 443725 ns
[2021-11-03T05:20:44.194+0000][7][safepoint    ] Safepoint "Cleanup", Time since last: 1006377962 ns, Reaching safepoint: 401602 ns, At safepoint: 88168 ns, Total: 489770 ns
[2021-11-03T05:20:45.197+0000][7][safepoint    ] Safepoint "Cleanup", Time since last: 1002493659 ns, Reaching safepoint: 376440 ns, At safepoint: 63392 ns, Total: 439832 ns
[2021-11-03T05:20:46.201+0000][7][safepoint    ] Safepoint "Cleanup", Time since last: 1004238211 ns, Reaching safepoint: 170192 ns, At safepoint: 73051 ns, Total: 243243 ns
[2021-11-03T05:20:47.207+0000][7][safepoint    ] Safepoint "Cleanup", Time since last: 1005315737 ns, Reaching safepoint: 380206 ns, At safepoint: 78510 ns, Total: 458716 ns
[2021-11-03T05:20:48.213+0000][7][safepoint    ] Safepoint "Cleanup", Time since last: 1002860760 ns, Reaching safepoint: 2736342 ns, At safepoint: 11935 ns, Total: 2748277 ns
[2021-11-03T05:20:49.216+0000][7][safepoint    ] Safepoint "Cleanup", Time since last: 1002252007 ns, Reaching safepoint: 922051 ns, At safepoint: 79636 ns, Total: 1001687 ns
[2021-11-03T05:20:50.219+0000][7][safepoint    ] Safepoint "Cleanup", Time since last: 1002225997 ns, Reaching safepoint: 434232 ns, At safepoint: 10478 ns, Total: 444710 ns
[2021-11-03T05:20:51.221+0000][7][safepoint    ] Safepoint "Cleanup", Time since last: 1002314939 ns, Reaching safepoint: 226464 ns, At safepoint: 6328 ns, Total: 232792 ns
[2021-11-03T05:20:52.225+0000][7][safepoint    ] Safepoint "Cleanup", Time since last: 1003544425 ns, Reaching safepoint: 409029 ns, At safepoint: 77797 ns, Total: 486826 ns
[2021-11-03T05:20:53.228+0000][7][safepoint    ] Safepoint "Cleanup", Time since last: 1002579224 ns, Reaching safepoint: 246248 ns, At safepoint: 70631 ns, Total: 316879 ns
[2021-11-03T05:20:54.232+0000][7][safepoint    ] Safepoint "Cleanup", Time since last: 1002716435 ns, Reaching safepoint: 648440 ns, At safepoint: 19259 ns, Total: 667699 ns
[2021-11-03T05:20:55.234+0000][7][safepoint    ] Safepoint "Cleanup", Time since last: 1002569383 ns, Reaching safepoint: 178227 ns, At safepoint: 6587 ns, Total: 184814 ns
[2021-11-03T05:20:56.239+0000][7][safepoint    ] Safepoint "Cleanup", Time since last: 1004404745 ns, Reaching safepoint: 579105 ns, At safepoint: 11928 ns, Total: 591033 ns
[2021-11-03T05:20:57.242+0000][7][safepoint    ] Safepoint "Cleanup", Time since last: 1002482952 ns, Reaching safepoint: 154412 ns, At safepoint: 6263 ns, Total: 160675 ns
[2021-11-03T05:20:58.246+0000][7][safepoint    ] Safepoint "Cleanup", Time since last: 1003851529 ns, Reaching safepoint: 462806 ns, At safepoint: 15920 ns, Total: 478726 ns
[2021-11-03T05:20:59.249+0000][7][safepoint    ] Safepoint "Cleanup", Time since last: 1002838940 ns, Reaching safepoint: 121494 ns, At safepoint: 4260 ns, Total: 125754 ns
[2021-11-03T05:21:00.251+0000][7][safepoint    ] Safepoint "Cleanup", Time since last: 1001628073 ns, Reaching safepoint: 390012 ns, At safepoint: 7739 ns, Total: 397751 ns
[2021-11-03T05:21:01.254+0000][7][safepoint    ] Safepoint "Cleanup", Time since last: 1002356623 ns, Reaching safepoint: 529348 ns, At safepoint: 33099 ns, Total: 562447 ns
[2021-11-03T05:21:02.258+0000][7][safepoint    ] Safepoint "Cleanup", Time since last: 1002046946 ns, Reaching safepoint: 1187605 ns, At safepoint: 74699 ns, Total: 1262304 ns
[2021-11-03T05:21:03.240+0000][7][safepoint    ] Safepoint "Cleanup", Time since last: 1002133355 ns, Reaching safepoint: 522733 ns, At safepoint: 19287 ns, Total: 542020 ns
[2021-11-03T05:21:04.244+0000][7][safepoint    ] Safepoint "Cleanup", Time since last: 1003749158 ns, Reaching safepoint: 288070 ns, At safepoint: 8883 ns, Total: 296953 ns
[2021-11-03T05:21:05.248+0000][7][safepoint    ] Safepoint "Cleanup", Time since last: 1003764088 ns, Reaching safepoint: 725748 ns, At safepoint: 77127 ns, Total: 802875 ns
[2021-11-03T05:21:06.251+0000][7][safepoint    ] Safepoint "Cleanup", Time since last: 1001992462 ns, Reaching safepoint: 411050 ns, At safepoint: 7513 ns, Total: 418563 ns
[2021-11-03T05:21:07.254+0000][7][safepoint    ] Safepoint "Cleanup", Time since last: 1002475760 ns, Reaching safepoint: 572736 ns, At safepoint: 21920 ns, Total: 594656 ns
[2021-11-03T05:21:08.256+0000][7][safepoint    ] Safepoint "Cleanup", Time since last: 1002385125 ns, Reaching safepoint: 309492 ns, At safepoint: 12198 ns, Total: 321690 ns
[2021-11-03T05:21:09.260+0000][7][safepoint    ] Safepoint "Cleanup", Time since last: 1003731751 ns, Reaching safepoint: 265034 ns, At safepoint: 6073 ns, Total: 271107 ns
[2021-11-03T05:21:10.263+0000][7][safepoint    ] Safepoint "Cleanup", Time since last: 1002732608 ns, Reaching safepoint: 242140 ns, At safepoint: 6592 ns, Total: 248732 ns
[2021-11-03T05:21:11.266+0000][7][safepoint    ] Safepoint "Cleanup", Time since last: 1002321033 ns, Reaching safepoint: 438905 ns, At safepoint: 20059 ns, Total: 458964 ns
[2021-11-03T05:21:12.269+0000][7][safepoint    ] Safepoint "Cleanup", Time since last: 1002468884 ns, Reaching safepoint: 180699 ns, At safepoint: 6499 ns, Total: 187198 ns
[2021-11-03T05:21:13.272+0000][7][safepoint    ] Safepoint "Cleanup", Time since last: 1002631752 ns, Reaching safepoint: 627948 ns, At safepoint: 18995 ns, Total: 646943 ns
[2021-11-03T05:21:14.275+0000][7][safepoint    ] Safepoint "Cleanup", Time since last: 1002254007 ns, Reaching safepoint: 224530 ns, At safepoint: 6421 ns, Total: 230951 ns
[2021-11-03T05:21:15.277+0000][7][safepoint    ] Safepoint "Cleanup", Time since last: 1002220951 ns, Reaching safepoint: 228552 ns, At safepoint: 6385 ns, Total: 234937 ns
[2021-11-03T05:21:16.281+0000][7][safepoint    ] Safepoint "Cleanup", Time since last: 1003868207 ns, Reaching safepoint: 388163 ns, At safepoint: 10833 ns, Total: 398996 ns
[2021-11-03T05:21:17.284+0000][7][safepoint    ] Safepoint "Cleanup", Time since last: 1002112024 ns, Reaching safepoint: 172377 ns, At safepoint: 7109 ns, Total: 179486 ns
[2021-11-03T05:21:18.287+0000][7][safepoint    ] Safepoint "Cleanup", Time since last: 1002777260 ns, Reaching safepoint: 387819 ns, At safepoint: 18496 ns, Total: 406315 ns
[2021-11-03T05:21:19.289+0000][7][safepoint    ] Safepoint "Cleanup", Time since last: 1001798316 ns, Reaching safepoint: 308357 ns, At safepoint: 18692 ns, Total: 327049 ns
[2021-11-03T05:21:20.292+0000][7][safepoint    ] Safepoint "Cleanup", Time since last: 1002633047 ns, Reaching safepoint: 197546 ns, At safepoint: 7553 ns, Total: 205099 ns
[2021-11-03T05:21:21.298+0000][7][safepoint    ] Safepoint "Cleanup", Time since last: 1005707491 ns, Reaching safepoint: 699673 ns, At safepoint: 109616 ns, Total: 809289 ns
[2021-11-03T05:21:22.301+0000][7][safepoint    ] Safepoint "Cleanup", Time since last: 1002585257 ns, Reaching safepoint: 463682 ns, At safepoint: 6756 ns, Total: 470438 ns
[2021-11-03T05:21:23.305+0000][7][safepoint    ] Safepoint "Cleanup", Time since last: 1002775426 ns, Reaching safepoint: 762851 ns, At safepoint: 72092 ns, Total: 834943 ns
[2021-11-03T05:21:24.310+0000][7][safepoint    ] Safepoint "Cleanup", Time since last: 1005188088 ns, Reaching safepoint: 321672 ns, At safepoint: 69312 ns, Total: 390984 ns
[2021-11-03T05:21:25.313+0000][7][safepoint    ] Safepoint "Cleanup", Time since last: 1002343126 ns, Reaching safepoint: 361141 ns, At safepoint: 9662 ns, Total: 370803 ns
[2021-11-03T05:21:26.317+0000][7][safepoint    ] Safepoint "Cleanup", Time since last: 1003257291 ns, Reaching safepoint: 788167 ns, At safepoint: 71077 ns, Total: 859244 ns
[2021-11-03T05:21:27.319+0000][7][safepoint    ] Safepoint "Cleanup", Time since last: 1001728537 ns, Reaching safepoint: 259797 ns, At safepoint: 6919 ns, Total: 266716 ns
[2021-11-03T05:21:28.325+0000][7][safepoint    ] Safepoint "Cleanup", Time since last: 1004959154 ns, Reaching safepoint: 598952 ns, At safepoint: 19949 ns, Total: 618901 ns
[2021-11-03T05:21:29.329+0000][7][safepoint    ] Safepoint "Cleanup", Time since last: 1003319204 ns, Reaching safepoint: 398454 ns, At safepoint: 13620 ns, Total: 412074 ns
[2021-11-03T05:21:30.332+0000][7][safepoint    ] Safepoint "Cleanup", Time since last: 1002841919 ns, Reaching safepoint: 177103 ns, At safepoint: 6955 ns, Total: 184058 ns
[2021-11-03T05:21:31.334+0000][7][safepoint    ] Safepoint "Cleanup", Time since last: 1002074371 ns, Reaching safepoint: 170805 ns, At safepoint: 11477 ns, Total: 182282 ns
[2021-11-03T05:21:32.337+0000][7][safepoint    ] Safepoint "Cleanup", Time since last: 1002996141 ns, Reaching safepoint: 322380 ns, At safepoint: 10595 ns, Total: 332975 ns
[2021-11-03T05:21:33.319+0000][7][safepoint    ] Safepoint "Cleanup", Time since last: 1002356058 ns, Reaching safepoint: 176060 ns, At safepoint: 6266 ns, Total: 182326 ns
[2021-11-03T05:21:34.325+0000][7][safepoint    ] Safepoint "Cleanup", Time since last: 1002865371 ns, Reaching safepoint: 2974855 ns, At safepoint: 97507 ns, Total: 3072362 ns
[2021-11-03T05:21:35.329+0000][7][safepoint    ] Safepoint "Cleanup", Time since last: 1003785177 ns, Reaching safepoint: 265168 ns, At safepoint: 6603 ns, Total: 271771 ns
[2021-11-03T05:21:36.331+0000][7][safepoint    ] Safepoint "Cleanup", Time since last: 1002346991 ns, Reaching safepoint: 261120 ns, At safepoint: 7802 ns, Total: 268922 ns
[2021-11-03T05:21:37.336+0000][7][safepoint    ] Safepoint "Cleanup", Time since last: 1004259865 ns, Reaching safepoint: 200416 ns, At safepoint: 3918 ns, Total: 204334 ns
[2021-11-03T05:21:38.337+0000][7][safepoint    ] Safepoint "Cleanup", Time since last: 1001349656 ns, Reaching safepoint: 299253 ns, At safepoint: 6571 ns, Total: 305824 ns
[2021-11-03T05:21:39.340+0000][7][safepoint    ] Safepoint "Cleanup", Time since last: 1002529300 ns, Reaching safepoint: 474352 ns, At safepoint: 20579 ns, Total: 494931 ns
[2021-11-03T05:21:40.349+0000][7][safepoint    ] Safepoint "Cleanup", Time since last: 1008304612 ns, Reaching safepoint: 327543 ns, At safepoint: 8027 ns, Total: 335570 ns
[2021-11-03T05:21:41.354+0000][7][safepoint    ] Safepoint "Cleanup", Time since last: 1005071232 ns, Reaching safepoint: 244733 ns, At safepoint: 6473 ns, Total: 251206 ns
[2021-11-03T05:21:42.359+0000][7][safepoint    ] Safepoint "Cleanup", Time since last: 1004481181 ns, Reaching safepoint: 410889 ns, At safepoint: 7527 ns, Total: 418416 ns
[2021-11-03T05:21:43.366+0000][7][safepoint    ] Safepoint "Cleanup", Time since last: 1006084621 ns, Reaching safepoint: 363963 ns, At safepoint: 12134 ns, Total: 376097 ns
[2021-11-03T05:21:44.370+0000][7][safepoint    ] Safepoint "Cleanup", Time since last: 1003635205 ns, Reaching safepoint: 224114 ns, At safepoint: 6236 ns, Total: 230350 ns
[2021-11-03T05:21:45.373+0000][7][safepoint    ] Safepoint "Cleanup", Time since last: 1002249539 ns, Reaching safepoint: 694482 ns, At safepoint: 22438 ns, Total: 716920 ns
[2021-11-03T05:21:46.376+0000][7][safepoint    ] Safepoint "Cleanup", Time since last: 1003048297 ns, Reaching safepoint: 176528 ns, At safepoint: 6405 ns, Total: 182933 ns
[2021-11-03T05:21:47.379+0000][7][safepoint    ] Safepoint "Cleanup", Time since last: 1003246458 ns, Reaching safepoint: 172953 ns, At safepoint: 6806 ns, Total: 179759 ns
[2021-11-03T05:21:48.383+0000][7][safepoint    ] Safepoint "Cleanup", Time since last: 1003084110 ns, Reaching safepoint: 521079 ns, At safepoint: 19539 ns, Total: 540618 ns
[2021-11-03T05:21:49.386+0000][7][safepoint    ] Safepoint "Cleanup", Time since last: 1002560406 ns, Reaching safepoint: 279050 ns, At safepoint: 7288 ns, Total: 286338 ns
[2021-11-03T05:21:50.394+0000][7][safepoint    ] Safepoint "Cleanup", Time since last: 1008099585 ns, Reaching safepoint: 544082 ns, At safepoint: 9614 ns, Total: 553696 ns
[2021-11-03T05:21:51.397+0000][7][safepoint    ] Safepoint "Cleanup", Time since last: 1002148907 ns, Reaching safepoint: 293568 ns, At safepoint: 5667 ns, Total: 299235 ns
[2021-11-03T05:21:52.402+0000][7][safepoint    ] Safepoint "Cleanup", Time since last: 1004771819 ns, Reaching safepoint: 299793 ns, At safepoint: 21795 ns, Total: 321588 ns
[2021-11-03T05:21:53.407+0000][7][safepoint    ] Safepoint "Cleanup", Time since last: 1004770629 ns, Reaching safepoint: 277851 ns, At safepoint: 7958 ns, Total: 285809 ns
[2021-11-03T05:21:54.411+0000][7][safepoint    ] Safepoint "Cleanup", Time since last: 1003613969 ns, Reaching safepoint: 264533 ns, At safepoint: 7328 ns, Total: 271861 ns
[2021-11-03T05:21:55.413+0000][7][safepoint    ] Safepoint "Cleanup", Time since last: 1002163980 ns, Reaching safepoint: 369536 ns, At safepoint: 12743 ns, Total: 382279 ns
[2021-11-03T05:21:56.425+0000][7][safepoint    ] Safepoint "Cleanup", Time since last: 1010999665 ns, Reaching safepoint: 217670 ns, At safepoint: 8418 ns, Total: 226088 ns
[2021-11-03T05:21:57.428+0000][7][safepoint    ] Safepoint "Cleanup", Time since last: 1003242607 ns, Reaching safepoint: 298347 ns, At safepoint: 10517 ns, Total: 308864 ns
[2021-11-03T05:21:58.435+0000][7][safepoint    ] Safepoint "Cleanup", Time since last: 1005781404 ns, Reaching safepoint: 597661 ns, At safepoint: 23788 ns, Total: 621449 ns
[2021-11-03T05:21:59.438+0000][7][safepoint    ] Safepoint "Cleanup", Time since last: 1003017201 ns, Reaching safepoint: 403614 ns, At safepoint: 7908 ns, Total: 411522 ns
[2021-11-03T05:22:00.443+0000][7][safepoint    ] Safepoint "Cleanup", Time since last: 1004581410 ns, Reaching safepoint: 244527 ns, At safepoint: 7561 ns, Total: 252088 ns
[2021-11-03T05:22:01.445+0000][7][safepoint    ] Safepoint "Cleanup", Time since last: 1002168420 ns, Reaching safepoint: 389453 ns, At safepoint: 10658 ns, Total: 400111 ns
[2021-11-03T05:22:02.450+0000][7][safepoint    ] Safepoint "Cleanup", Time since last: 1004577593 ns, Reaching safepoint: 207984 ns, At safepoint: 7921 ns, Total: 215905 ns
[2021-11-03T05:22:03.433+0000][7][safepoint    ] Safepoint "Cleanup", Time since last: 1002423634 ns, Reaching safepoint: 414600 ns, At safepoint: 7934 ns, Total: 422534 ns
[2021-11-03T05:22:04.437+0000][7][safepoint    ] Safepoint "Cleanup", Time since last: 1004472441 ns, Reaching safepoint: 407849 ns, At safepoint: 9381 ns, Total: 417230 ns
[2021-11-03T05:22:05.443+0000][7][safepoint    ] Safepoint "Cleanup", Time since last: 1004809690 ns, Reaching safepoint: 529214 ns, At safepoint: 20658 ns, Total: 549872 ns
[2021-11-03T05:22:06.445+0000][7][safepoint    ] Safepoint "Cleanup", Time since last: 1001957533 ns, Reaching safepoint: 234433 ns, At safepoint: 7798 ns, Total: 242231 ns
[2021-11-03T05:22:07.447+0000][7][safepoint    ] Safepoint "Cleanup", Time since last: 1001622855 ns, Reaching safepoint: 190503 ns, At safepoint: 14072 ns, Total: 204575 ns
[2021-11-03T05:22:08.449+0000][7][safepoint    ] Safepoint "Cleanup", Time since last: 1002127455 ns, Reaching safepoint: 246944 ns, At safepoint: 6280 ns, Total: 253224 ns
[2021-11-03T05:22:09.452+0000][7][safepoint    ] Safepoint "Cleanup", Time since last: 1002784598 ns, Reaching safepoint: 182584 ns, At safepoint: 6615 ns, Total: 189199 ns
[2021-11-03T05:22:10.455+0000][7][safepoint    ] Safepoint "Cleanup", Time since last: 1002302744 ns, Reaching safepoint: 579606 ns, At safepoint: 23583 ns, Total: 603189 ns
[2021-11-03T05:22:11.459+0000][7][safepoint    ] Safepoint "Cleanup", Time since last: 1003206980 ns, Reaching safepoint: 337534 ns, At safepoint: 10064 ns, Total: 347598 ns
[2021-11-03T05:22:12.461+0000][7][safepoint    ] Safepoint "Cleanup", Time since last: 1002210814 ns, Reaching safepoint: 271001 ns, At safepoint: 5698 ns, Total: 276699 ns
[2021-11-03T05:22:13.465+0000][7][safepoint    ] Safepoint "Cleanup", Time since last: 1003370175 ns, Reaching safepoint: 173421 ns, At safepoint: 5880 ns, Total: 179301 ns
[2021-11-03T05:22:14.468+0000][7][safepoint    ] Safepoint "Cleanup", Time since last: 1002711972 ns, Reaching safepoint: 391091 ns, At safepoint: 8087 ns, Total: 399178 ns
[2021-11-03T05:22:15.471+0000][7][safepoint    ] Safepoint "Cleanup", Time since last: 1002636471 ns, Reaching safepoint: 301044 ns, At safepoint: 10477 ns, Total: 311521 ns
[2021-11-03T05:22:16.473+0000][7][safepoint    ] Safepoint "Cleanup", Time since last: 1002166200 ns, Reaching safepoint: 171447 ns, At safepoint: 6073 ns, Total: 177520 ns
[2021-11-03T05:22:17.476+0000][7][safepoint    ] Safepoint "Cleanup", Time since last: 1002631506 ns, Reaching safepoint: 424859 ns, At safepoint: 14018 ns, Total: 438877 ns
[2021-11-03T05:22:18.480+0000][7][safepoint    ] Safepoint "Cleanup", Time since last: 1003549516 ns, Reaching safepoint: 200568 ns, At safepoint: 6425 ns, Total: 206993 ns
[2021-11-03T05:22:19.483+0000][7][safepoint    ] Safepoint "Cleanup", Time since last: 1002645243 ns, Reaching safepoint: 236557 ns, At safepoint: 6979 ns, Total: 243536 ns
[2021-11-03T05:22:20.488+0000][7][safepoint    ] Safepoint "Cleanup", Time since last: 1004646395 ns, Reaching safepoint: 230003 ns, At safepoint: 9967 ns, Total: 239970 ns
[2021-11-03T05:22:21.491+0000][7][safepoint    ] Safepoint "Cleanup", Time since last: 1002642695 ns, Reaching safepoint: 350704 ns, At safepoint: 11682 ns, Total: 362386 ns
[2021-11-03T05:22:22.494+0000][7][safepoint    ] Safepoint "Cleanup", Time since last: 1002545033 ns, Reaching safepoint: 251473 ns, At safepoint: 28860 ns, Total: 280333 ns
[2021-11-03T05:22:23.496+0000][7][safepoint    ] Safepoint "Cleanup", Time since last: 1002084223 ns, Reaching safepoint: 161984 ns, At safepoint: 6533 ns, Total: 168517 ns
[2021-11-03T05:22:24.501+0000][7][safepoint    ] Safepoint "Cleanup", Time since last: 1005405910 ns, Reaching safepoint: 170114 ns, At safepoint: 9956 ns, Total: 180070 ns
[2021-11-03T05:22:25.505+0000][7][safepoint    ] Safepoint "Cleanup", Time since last: 1003503097 ns, Reaching safepoint: 442273 ns, At safepoint: 9974 ns, Total: 452247 ns
[2021-11-03T05:22:26.514+0000][7][safepoint    ] Safepoint "Cleanup", Time since last: 1007951850 ns, Reaching safepoint: 528294 ns, At safepoint: 9793 ns, Total: 538087 ns
[2021-11-03T05:22:27.516+0000][7][safepoint    ] Safepoint "Cleanup", Time since last: 1001786225 ns, Reaching safepoint: 370416 ns, At safepoint: 10436 ns, Total: 380852 ns
[2021-11-03T05:22:28.519+0000][7][safepoint    ] Safepoint "Cleanup", Time since last: 1002541177 ns, Reaching safepoint: 236272 ns, At safepoint: 6664 ns, Total: 242936 ns
[2021-11-03T05:22:29.522+0000][7][safepoint    ] Safepoint "Cleanup", Time since last: 1003296432 ns, Reaching safepoint: 239636 ns, At safepoint: 7034 ns, Total: 246670 ns
[2021-11-03T05:22:30.526+0000][7][safepoint    ] Safepoint "Cleanup", Time since last: 1003603896 ns, Reaching safepoint: 237835 ns, At safepoint: 6785 ns, Total: 244620 ns
[2021-11-03T05:22:31.530+0000][7][safepoint    ] Safepoint "Cleanup", Time since last: 1003481657 ns, Reaching safepoint: 370433 ns, At safepoint: 6736 ns, Total: 377169 ns
[2021-11-03T05:22:32.538+0000][7][safepoint    ] Safepoint "Cleanup", Time since last: 1007467132 ns, Reaching safepoint: 325397 ns, At safepoint: 10155 ns, Total: 335552 ns
[2021-11-03T05:22:33.519+0000][7][safepoint    ] Safepoint "Cleanup", Time since last: 1002759381 ns, Reaching safepoint: 237028 ns, At safepoint: 6098 ns, Total: 243126 ns
[2021-11-03T05:22:34.521+0000][7][safepoint    ] Safepoint "Cleanup", Time since last: 1001807301 ns, Reaching safepoint: 224455 ns, At safepoint: 6362 ns, Total: 230817 ns
[2021-11-03T05:22:35.524+0000][7][safepoint    ] Safepoint "Cleanup", Time since last: 1002980411 ns, Reaching safepoint: 229782 ns, At safepoint: 6701 ns, Total: 236483 ns
[2021-11-03T05:22:36.532+0000][7][safepoint    ] Safepoint "Cleanup", Time since last: 1007701331 ns, Reaching safepoint: 234192 ns, At safepoint: 6259 ns, Total: 240451 ns
[2021-11-03T05:22:37.538+0000][7][safepoint    ] Safepoint "Cleanup", Time since last: 1005595795 ns, Reaching safepoint: 114034 ns, At safepoint: 3248 ns, Total: 117282 ns
[2021-11-03T05:22:38.541+0000][7][safepoint    ] Safepoint "Cleanup", Time since last: 1003035733 ns, Reaching safepoint: 176127 ns, At safepoint: 5968 ns, Total: 182095 ns
[2021-11-03T05:22:39.548+0000][7][safepoint    ] Safepoint "Cleanup", Time since last: 1006646520 ns, Reaching safepoint: 171753 ns, At safepoint: 6438 ns, Total: 178191 ns
[2021-11-03T05:22:40.560+0000][7][safepoint    ] Safepoint "Cleanup", Time since last: 1011816496 ns, Reaching safepoint: 549571 ns, At safepoint: 19323 ns, Total: 568894 ns
[2021-11-03T05:22:41.564+0000][7][safepoint    ] Safepoint "Cleanup", Time since last: 1003499937 ns, Reaching safepoint: 267227 ns, At safepoint: 10351 ns, Total: 277578 ns
[2021-11-03T05:22:42.570+0000][7][safepoint    ] Safepoint "Cleanup", Time since last: 1005638589 ns, Reaching safepoint: 325970 ns, At safepoint: 8229 ns, Total: 334199 ns
[2021-11-03T05:22:43.573+0000][7][safepoint    ] Safepoint "Cleanup", Time since last: 1002358838 ns, Reaching safepoint: 282243 ns, At safepoint: 7947 ns, Total: 290190 ns
[2021-11-03T05:22:44.577+0000][7][safepoint    ] Safepoint "Cleanup", Time since last: 1003152164 ns, Reaching safepoint: 608818 ns, At safepoint: 75466 ns, Total: 684284 ns
[2021-11-03T05:22:45.579+0000][7][safepoint    ] Safepoint "Cleanup", Time since last: 1002432514 ns, Reaching safepoint: 332836 ns, At safepoint: 11156 ns, Total: 343992 ns
[2021-11-03T05:22:46.582+0000][7][safepoint    ] Safepoint "Cleanup", Time since last: 1002075538 ns, Reaching safepoint: 246922 ns, At safepoint: 6918 ns, Total: 253840 ns
[2021-11-03T05:22:47.584+0000][7][safepoint    ] Safepoint "Cleanup", Time since last: 1001959537 ns, Reaching safepoint: 228506 ns, At safepoint: 6242 ns, Total: 234748 ns
[2021-11-03T05:22:48.586+0000][7][safepoint    ] Safepoint "Cleanup", Time since last: 1002081085 ns, Reaching safepoint: 112004 ns, At safepoint: 3118 ns, Total: 115122 ns
[2021-11-03T05:22:49.588+0000][7][safepoint    ] Safepoint "Cleanup", Time since last: 1001677069 ns, Reaching safepoint: 231881 ns, At safepoint: 6703 ns, Total: 238584 ns
[2021-11-03T05:22:50.590+0000][7][safepoint    ] Safepoint "Cleanup", Time since last: 1002246433 ns, Reaching safepoint: 221682 ns, At safepoint: 7603 ns, Total: 229285 ns
[2021-11-03T05:22:51.594+0000][7][safepoint    ] Safepoint "Cleanup", Time since last: 1002996391 ns, Reaching safepoint: 318216 ns, At safepoint: 8051 ns, Total: 326267 ns
[2021-11-03T05:22:52.596+0000][7][safepoint    ] Safepoint "Cleanup", Time since last: 1002015764 ns, Reaching safepoint: 233484 ns, At safepoint: 5950 ns, Total: 239434 ns
[2021-11-03T05:22:53.600+0000][7][safepoint    ] Safepoint "Cleanup", Time since last: 1003283665 ns, Reaching safepoint: 234084 ns, At safepoint: 6665 ns, Total: 240749 ns
[2021-11-03T05:22:54.603+0000][7][safepoint    ] Safepoint "Cleanup", Time since last: 1002775085 ns, Reaching safepoint: 241943 ns, At safepoint: 6751 ns, Total: 248694 ns
[2021-11-03T05:22:55.605+0000][7][safepoint    ] Safepoint "Cleanup", Time since last: 1002103008 ns, Reaching safepoint: 113561 ns, At safepoint: 3020 ns, Total: 116581 ns
[2021-11-03T05:22:56.607+0000][7][safepoint    ] Safepoint "Cleanup", Time since last: 1001388043 ns, Reaching safepoint: 300876 ns, At safepoint: 7012 ns, Total: 307888 ns
[2021-11-03T05:22:57.610+0000][7][safepoint    ] Safepoint "Cleanup", Time since last: 1002776525 ns, Reaching safepoint: 503727 ns, At safepoint: 13554 ns, Total: 517281 ns
[2021-11-03T05:22:58.614+0000][7][safepoint    ] Safepoint "Cleanup", Time since last: 1004241197 ns, Reaching safepoint: 253250 ns, At safepoint: 6658 ns, Total: 259908 ns
[2021-11-03T05:22:59.617+0000][7][safepoint    ] Safepoint "Cleanup", Time since last: 1002584165 ns, Reaching safepoint: 248298 ns, At safepoint: 6811 ns, Total: 255109 ns
[2021-11-03T05:23:00.622+0000][7][safepoint    ] Safepoint "Cleanup", Time since last: 1004277323 ns, Reaching safepoint: 238344 ns, At safepoint: 110657 ns, Total: 349001 ns
[2021-11-03T05:23:01.628+0000][7][safepoint    ] Safepoint "Cleanup", Time since last: 1005640717 ns, Reaching safepoint: 238558 ns, At safepoint: 6370 ns, Total: 244928 ns
[2021-11-03T05:23:02.637+0000][7][safepoint    ] Safepoint "Cleanup", Time since last: 1009267899 ns, Reaching safepoint: 251463 ns, At safepoint: 6197 ns, Total: 257660 ns
[2021-11-03T05:23:03.618+0000][7][safepoint    ] Safepoint "Cleanup", Time since last: 1002218293 ns, Reaching safepoint: 229030 ns, At safepoint: 5537 ns, Total: 234567 ns
[2021-11-03T05:23:04.623+0000][7][safepoint    ] Safepoint "Cleanup", Time since last: 1004479083 ns, Reaching safepoint: 233849 ns, At safepoint: 7267 ns, Total: 241116 ns
[2021-11-03T05:23:05.626+0000][7][safepoint    ] Safepoint "Cleanup", Time since last: 1002190186 ns, Reaching safepoint: 255031 ns, At safepoint: 74247 ns, Total: 329278 ns
[2021-11-03T05:23:06.631+0000][7][safepoint    ] Safepoint "Cleanup", Time since last: 1004696670 ns, Reaching safepoint: 430495 ns, At safepoint: 7372 ns, Total: 437867 ns
[2021-11-03T05:23:07.636+0000][7][safepoint    ] Safepoint "Cleanup", Time since last: 1004887521 ns, Reaching safepoint: 172270 ns, At safepoint: 8115 ns, Total: 180385 ns
[2021-11-03T05:23:08.642+0000][7][safepoint    ] Safepoint "Cleanup", Time since last: 1005637670 ns, Reaching safepoint: 184882 ns, At safepoint: 7119 ns, Total: 192001 ns
[2021-11-03T05:23:09.646+0000][7][safepoint    ] Safepoint "Cleanup", Time since last: 1003519084 ns, Reaching safepoint: 587911 ns, At safepoint: 12566 ns, Total: 600477 ns
[2021-11-03T05:23:10.653+0000][7][safepoint    ] Safepoint "Cleanup", Time since last: 1006800497 ns, Reaching safepoint: 192363 ns, At safepoint: 7993 ns, Total: 200356 ns
[2021-11-03T05:23:11.659+0000][7][safepoint    ] Safepoint "Cleanup", Time since last: 1005255373 ns, Reaching safepoint: 498374 ns, At safepoint: 16468 ns, Total: 514842 ns
[2021-11-03T05:23:12.664+0000][7][safepoint    ] Safepoint "Cleanup", Time since last: 1004546460 ns, Reaching safepoint: 483961 ns, At safepoint: 10666 ns, Total: 494627 ns
[2021-11-03T05:23:13.666+0000][7][safepoint    ] Safepoint "Cleanup", Time since last: 1002536386 ns, Reaching safepoint: 302820 ns, At safepoint: 11585 ns, Total: 314405 ns
[2021-11-03T05:23:14.669+0000][7][safepoint    ] Safepoint "Cleanup", Time since last: 1001708438 ns, Reaching safepoint: 379522 ns, At safepoint: 10315 ns, Total: 389837 ns
[2021-11-03T05:23:15.678+0000][7][safepoint    ] Safepoint "Cleanup", Time since last: 1008640557 ns, Reaching safepoint: 681242 ns, At safepoint: 10027 ns, Total: 691269 ns
[2021-11-03T05:23:16.681+0000][7][safepoint    ] Safepoint "Cleanup", Time since last: 1002683114 ns, Reaching safepoint: 420584 ns, At safepoint: 11443 ns, Total: 432027 ns
[2021-11-03T05:23:17.684+0000][7][safepoint    ] Safepoint "Cleanup", Time since last: 1002833174 ns, Reaching safepoint: 358570 ns, At safepoint: 11612 ns, Total: 370182 ns
[2021-11-03T05:23:18.687+0000][7][safepoint    ] Safepoint "Cleanup", Time since last: 1002328266 ns, Reaching safepoint: 351503 ns, At safepoint: 8651 ns, Total: 360154 ns
[2021-11-03T05:23:20.593+0000][7][safepoint    ] Safepoint "Cleanup", Time since last: 1905836626 ns, Reaching safepoint: 302662 ns, At safepoint: 11702 ns, Total: 314364 ns
[2021-11-03T05:23:21.595+0000][7][safepoint    ] Safepoint "Cleanup", Time since last: 1002013994 ns, Reaching safepoint: 419142 ns, At safepoint: 9214 ns, Total: 428356 ns
[2021-11-03T05:23:22.599+0000][7][safepoint    ] Safepoint "Cleanup", Time since last: 1002930283 ns, Reaching safepoint: 321582 ns, At safepoint: 11886 ns, Total: 333468 ns
[2021-11-03T05:23:23.603+0000][7][safepoint    ] Safepoint "Cleanup", Time since last: 1003518037 ns, Reaching safepoint: 540908 ns, At safepoint: 9696 ns, Total: 550604 ns
[2021-11-03T05:23:24.607+0000][7][safepoint    ] Safepoint "Cleanup", Time since last: 1003701531 ns, Reaching safepoint: 492526 ns, At safepoint: 9866 ns, Total: 502392 ns
[2021-11-03T05:23:25.611+0000][7][safepoint    ] Safepoint "Cleanup", Time since last: 1003292193 ns, Reaching safepoint: 345253 ns, At safepoint: 6615 ns, Total: 351868 ns
[2021-11-03T05:23:26.619+0000][7][safepoint    ] Safepoint "Cleanup", Time since last: 1007888010 ns, Reaching safepoint: 234164 ns, At safepoint: 6534 ns, Total: 240698 ns
[2021-11-03T05:23:27.626+0000][7][safepoint    ] Safepoint "Cleanup", Time since last: 1006482012 ns, Reaching safepoint: 632497 ns, At safepoint: 8422 ns, Total: 640919 ns
[2021-11-03T05:23:28.630+0000][7][safepoint    ] Safepoint "Cleanup", Time since last: 1004196790 ns, Reaching safepoint: 177632 ns, At safepoint: 7295 ns, Total: 184927 ns
[2021-11-03T05:23:29.633+0000][7][safepoint    ] Safepoint "Cleanup", Time since last: 1002832395 ns, Reaching safepoint: 169821 ns, At safepoint: 5816 ns, Total: 175637 ns
[2021-11-03T05:23:30.643+0000][7][safepoint    ] Safepoint "Cleanup", Time since last: 1009473332 ns, Reaching safepoint: 359116 ns, At safepoint: 9980 ns, Total: 369096 ns
[2021-11-03T05:23:31.649+0000][7][safepoint    ] Safepoint "Cleanup", Time since last: 1005633738 ns, Reaching safepoint: 390123 ns, At safepoint: 8842 ns, Total: 398965 ns
[2021-11-03T05:23:32.658+0000][7][safepoint    ] Safepoint "Cleanup", Time since last: 1008336660 ns, Reaching safepoint: 421670 ns, At safepoint: 85227 ns, Total: 506897 ns
[2021-11-03T05:23:33.641+0000][7][safepoint    ] Safepoint "Cleanup", Time since last: 1004212016 ns, Reaching safepoint: 384564 ns, At safepoint: 8444 ns, Total: 393008 ns
[2021-11-03T05:23:35.306+0000][7][safepoint    ] Safepoint "Cleanup", Time since last: 1664658354 ns, Reaching safepoint: 317876 ns, At safepoint: 8019 ns, Total: 325895 ns
[2021-11-03T05:23:36.314+0000][7][safepoint    ] Safepoint "Cleanup", Time since last: 1007732029 ns, Reaching safepoint: 332442 ns, At safepoint: 6900 ns, Total: 339342 ns
[2021-11-03T05:23:37.319+0000][7][safepoint    ] Safepoint "Cleanup", Time since last: 1003930779 ns, Reaching safepoint: 282231 ns, At safepoint: 7670 ns, Total: 289901 ns
[2021-11-03T05:23:38.323+0000][7][safepoint    ] Safepoint "Cleanup", Time since last: 1003458720 ns, Reaching safepoint: 693538 ns, At safepoint: 18463 ns, Total: 712001 ns
[2021-11-03T05:23:39.329+0000][7][safepoint    ] Safepoint "Cleanup", Time since last: 1005403337 ns, Reaching safepoint: 620001 ns, At safepoint: 24376 ns, Total: 644377 ns
[2021-11-03T05:23:40.335+0000][7][safepoint    ] Safepoint "Cleanup", Time since last: 1005606696 ns, Reaching safepoint: 415400 ns, At safepoint: 9464 ns, Total: 424864 ns
[2021-11-03T05:23:41.344+0000][7][safepoint    ] Safepoint "Cleanup", Time since last: 1008585161 ns, Reaching safepoint: 173807 ns, At safepoint: 6800 ns, Total: 180607 ns
[2021-11-03T05:23:42.346+0000][7][safepoint    ] Safepoint "Cleanup", Time since last: 1002488860 ns, Reaching safepoint: 171307 ns, At safepoint: 6564 ns, Total: 177871 ns
[2021-11-03T05:23:43.350+0000][7][safepoint    ] Safepoint "Cleanup", Time since last: 1003332026 ns, Reaching safepoint: 169799 ns, At safepoint: 5632 ns, Total: 175431 ns
[2021-11-03T05:23:44.353+0000][7][safepoint    ] Safepoint "Cleanup", Time since last: 1003119357 ns, Reaching safepoint: 304629 ns, At safepoint: 6433 ns, Total: 311062 ns
[2021-11-03T05:23:45.356+0000][7][safepoint    ] Safepoint "Cleanup", Time since last: 1002941258 ns, Reaching safepoint: 166913 ns, At safepoint: 6367 ns, Total: 173280 ns
[2021-11-03T05:23:46.362+0000][7][safepoint    ] Safepoint "Cleanup", Time since last: 1005537842 ns, Reaching safepoint: 456777 ns, At safepoint: 8155 ns, Total: 464932 ns
[2021-11-03T05:23:47.367+0000][7][safepoint    ] Safepoint "Cleanup", Time since last: 1004252994 ns, Reaching safepoint: 221972 ns, At safepoint: 6116 ns, Total: 228088 ns
[2021-11-03T05:23:48.370+0000][7][safepoint    ] Safepoint "Cleanup", Time since last: 1002655362 ns, Reaching safepoint: 674555 ns, At safepoint: 87802 ns, Total: 762357 ns
[2021-11-03T05:23:49.375+0000][7][safepoint    ] Safepoint "Cleanup", Time since last: 1003969905 ns, Reaching safepoint: 300897 ns, At safepoint: 6053 ns, Total: 306950 ns
[2021-11-03T05:23:50.382+0000][7][safepoint    ] Safepoint "Cleanup", Time since last: 1006702085 ns, Reaching safepoint: 276833 ns, At safepoint: 7803 ns, Total: 284636 ns
[2021-11-03T05:23:51.385+0000][7][safepoint    ] Safepoint "Cleanup", Time since last: 1002795589 ns, Reaching safepoint: 421690 ns, At safepoint: 9960 ns, Total: 431650 ns
[2021-11-03T05:23:52.389+0000][7][safepoint    ] Safepoint "Cleanup", Time since last: 1004192055 ns, Reaching safepoint: 405067 ns, At safepoint: 6693 ns, Total: 411760 ns
[2021-11-03T05:23:53.394+0000][7][safepoint    ] Safepoint "Cleanup", Time since last: 1004514520 ns, Reaching safepoint: 231674 ns, At safepoint: 6821 ns, Total: 238495 ns
[2021-11-03T05:23:54.405+0000][7][safepoint    ] Safepoint "Cleanup", Time since last: 1010502419 ns, Reaching safepoint: 352001 ns, At safepoint: 9046 ns, Total: 361047 ns
[2021-11-03T05:23:55.412+0000][7][safepoint    ] Safepoint "Cleanup", Time since last: 1006163588 ns, Reaching safepoint: 403540 ns, At safepoint: 9425 ns, Total: 412965 ns
[2021-11-03T05:23:56.415+0000][7][safepoint    ] Safepoint "Cleanup", Time since last: 1002271411 ns, Reaching safepoint: 691998 ns, At safepoint: 19763 ns, Total: 711761 ns
[2021-11-03T05:23:57.420+0000][7][safepoint    ] Safepoint "Cleanup", Time since last: 1004871966 ns, Reaching safepoint: 312470 ns, At safepoint: 11966 ns, Total: 324436 ns
[2021-11-03T05:23:58.428+0000][7][safepoint    ] Safepoint "Cleanup", Time since last: 1007155530 ns, Reaching safepoint: 654269 ns, At safepoint: 13817 ns, Total: 668086 ns
[2021-11-03T05:23:59.436+0000][7][safepoint    ] Safepoint "Cleanup", Time since last: 1007897971 ns, Reaching safepoint: 484024 ns, At safepoint: 10329 ns, Total: 494353 ns
[2021-11-03T05:24:00.439+0000][7][safepoint    ] Safepoint "Cleanup", Time since last: 1002628730 ns, Reaching safepoint: 265133 ns, At safepoint: 10091 ns, Total: 275224 ns
[2021-11-03T05:24:01.445+0000][7][safepoint    ] Safepoint "Cleanup", Time since last: 1005862214 ns, Reaching safepoint: 317774 ns, At safepoint: 8085 ns, Total: 325859 ns
[2021-11-03T05:24:02.449+0000][7][safepoint    ] Safepoint "Cleanup", Time since last: 1003307273 ns, Reaching safepoint: 457344 ns, At safepoint: 8962 ns, Total: 466306 ns
[2021-11-03T05:24:03.906+0000][7][safepoint    ] Safepoint "Cleanup", Time since last: 1477590746 ns, Reaching safepoint: 185270 ns, At safepoint: 6907 ns, Total: 192177 ns
[2021-11-03T05:24:04.912+0000][7][safepoint    ] Safepoint "Cleanup", Time since last: 1005959687 ns, Reaching safepoint: 175730 ns, At safepoint: 6238 ns, Total: 181968 ns
[2021-11-03T05:24:05.916+0000][7][safepoint    ] Safepoint "Cleanup", Time since last: 1004156654 ns, Reaching safepoint: 165676 ns, At safepoint: 6463 ns, Total: 172139 ns
[2021-11-03T05:24:06.919+0000][7][safepoint    ] Safepoint "Cleanup", Time since last: 1002793227 ns, Reaching safepoint: 122249 ns, At safepoint: 4360 ns, Total: 126609 ns
[2021-11-03T05:24:07.921+0000][7][safepoint    ] Safepoint "Cleanup", Time since last: 1001636731 ns, Reaching safepoint: 167649 ns, At safepoint: 5769 ns, Total: 173418 ns
[2021-11-03T05:24:08.926+0000][7][safepoint    ] Safepoint "Cleanup", Time since last: 1004381362 ns, Reaching safepoint: 819525 ns, At safepoint: 22742 ns, Total: 842267 ns
[2021-11-03T05:24:09.933+0000][7][safepoint    ] Safepoint "Cleanup", Time since last: 1006736132 ns, Reaching safepoint: 528921 ns, At safepoint: 10129 ns, Total: 539050 ns
[2021-11-03T05:24:10.937+0000][7][safepoint    ] Safepoint "Cleanup", Time since last: 1002990561 ns, Reaching safepoint: 307211 ns, At safepoint: 12152 ns, Total: 319363 ns
[2021-11-03T05:24:11.941+0000][7][safepoint    ] Safepoint "Cleanup", Time since last: 1003743660 ns, Reaching safepoint: 220137 ns, At safepoint: 6069 ns, Total: 226206 ns
[2021-11-03T05:24:12.946+0000][7][safepoint    ] Safepoint "Cleanup", Time since last: 1004873341 ns, Reaching safepoint: 313308 ns, At safepoint: 11380 ns, Total: 324688 ns
[2021-11-03T05:24:13.958+0000][7][safepoint    ] Safepoint "Cleanup", Time since last: 1012170437 ns, Reaching safepoint: 388836 ns, At safepoint: 7486 ns, Total: 396322 ns
[2021-11-03T05:24:14.961+0000][7][safepoint    ] Safepoint "Cleanup", Time since last: 1001918589 ns, Reaching safepoint: 225907 ns, At safepoint: 7354 ns, Total: 233261 ns
[2021-11-03T05:24:15.965+0000][7][safepoint    ] Safepoint "Cleanup", Time since last: 1004619989 ns, Reaching safepoint: 222977 ns, At safepoint: 6471 ns, Total: 229448 ns
[2021-11-03T05:24:16.970+0000][7][safepoint    ] Safepoint "Cleanup", Time since last: 1003731307 ns, Reaching safepoint: 487769 ns, At safepoint: 10705 ns, Total: 498474 ns
[2021-11-03T05:24:17.981+0000][7][safepoint    ] Safepoint "Cleanup", Time since last: 1011218275 ns, Reaching safepoint: 509214 ns, At safepoint: 9006 ns, Total: 518220 ns
[2021-11-03T05:24:18.987+0000][7][safepoint    ] Safepoint "Cleanup", Time since last: 1004947388 ns, Reaching safepoint: 381344 ns, At safepoint: 8844 ns, Total: 390188 ns
[2021-11-03T05:24:19.990+0000][7][safepoint    ] Safepoint "Cleanup", Time since last: 1002968952 ns, Reaching safepoint: 296883 ns, At safepoint: 6378 ns, Total: 303261 ns
[2021-11-03T05:24:20.997+0000][7][safepoint    ] Safepoint "Cleanup", Time since last: 1006089714 ns, Reaching safepoint: 525055 ns, At safepoint: 9783 ns, Total: 534838 ns
[2021-11-03T05:24:22.007+0000][7][safepoint    ] Safepoint "Cleanup", Time since last: 1010228666 ns, Reaching safepoint: 460925 ns, At safepoint: 9332 ns, Total: 470257 ns
[2021-11-03T05:24:23.013+0000][7][safepoint    ] Safepoint "Cleanup", Time since last: 1004679059 ns, Reaching safepoint: 450375 ns, At safepoint: 12186 ns, Total: 462561 ns
[2021-11-03T05:24:24.019+0000][7][safepoint    ] Safepoint "Cleanup", Time since last: 1005684984 ns, Reaching safepoint: 418175 ns, At safepoint: 10641 ns, Total: 428816 ns
[2021-11-03T05:24:25.021+0000][7][safepoint    ] Safepoint "Cleanup", Time since last: 1002134098 ns, Reaching safepoint: 320942 ns, At safepoint: 10587 ns, Total: 331529 ns
[2021-11-03T05:24:26.027+0000][7][safepoint    ] Safepoint "Cleanup", Time since last: 1005393142 ns, Reaching safepoint: 478947 ns, At safepoint: 9417 ns, Total: 488364 ns
[2021-11-03T05:24:27.040+0000][7][safepoint    ] Safepoint "Cleanup", Time since last: 1012517482 ns, Reaching safepoint: 241463 ns, At safepoint: 6864 ns, Total: 248327 ns
[2021-11-03T05:24:28.042+0000][7][safepoint    ] Safepoint "Cleanup", Time since last: 1002319221 ns, Reaching safepoint: 324945 ns, At safepoint: 8356 ns, Total: 333301 ns
[2021-11-03T05:24:29.046+0000][7][safepoint    ] Safepoint "Cleanup", Time since last: 1003493733 ns, Reaching safepoint: 290372 ns, At safepoint: 6477 ns, Total: 296849 ns
[2021-11-03T05:24:30.049+0000][7][safepoint    ] Safepoint "Cleanup", Time since last: 1002408755 ns, Reaching safepoint: 174408 ns, At safepoint: 5803 ns, Total: 180211 ns
[2021-11-03T05:24:31.053+0000][7][safepoint    ] Safepoint "Cleanup", Time since last: 1004452262 ns, Reaching safepoint: 168646 ns, At safepoint: 79098 ns, Total: 247744 ns
[2021-11-03T05:24:32.057+0000][7][safepoint    ] Safepoint "Cleanup", Time since last: 1003354212 ns, Reaching safepoint: 170955 ns, At safepoint: 5728 ns, Total: 176683 ns
[2021-11-03T05:24:33.044+0000][7][safepoint    ] Safepoint "Cleanup", Time since last: 1007623306 ns, Reaching safepoint: 331160 ns, At safepoint: 8141 ns, Total: 339301 ns
[2021-11-03T05:24:34.048+0000][7][safepoint    ] Safepoint "Cleanup", Time since last: 1003680958 ns, Reaching safepoint: 176512 ns, At safepoint: 6932 ns, Total: 183444 ns
[2021-11-03T05:24:35.057+0000][7][safepoint    ] Safepoint "Cleanup", Time since last: 1009184778 ns, Reaching safepoint: 719101 ns, At safepoint: 20369 ns, Total: 739470 ns
[2021-11-03T05:24:36.063+0000][7][safepoint    ] Safepoint "Cleanup", Time since last: 1005481049 ns, Reaching safepoint: 363029 ns, At safepoint: 10456 ns, Total: 373485 ns
[2021-11-03T05:24:37.070+0000][7][safepoint    ] Safepoint "Cleanup", Time since last: 1006847242 ns, Reaching safepoint: 104007 ns, At safepoint: 2913 ns, Total: 106920 ns
[2021-11-03T05:24:38.072+0000][7][safepoint    ] Safepoint "Cleanup", Time since last: 1001759962 ns, Reaching safepoint: 173503 ns, At safepoint: 6319 ns, Total: 179822 ns
[2021-11-03T05:24:39.076+0000][7][safepoint    ] Safepoint "Cleanup", Time since last: 1004040921 ns, Reaching safepoint: 176126 ns, At safepoint: 6047 ns, Total: 182173 ns
[2021-11-03T05:24:40.080+0000][7][safepoint    ] Safepoint "Cleanup", Time since last: 1002794063 ns, Reaching safepoint: 401398 ns, At safepoint: 9336 ns, Total: 410734 ns
[2021-11-03T05:24:41.088+0000][7][safepoint    ] Safepoint "Cleanup", Time since last: 1008613657 ns, Reaching safepoint: 174332 ns, At safepoint: 5510 ns, Total: 179842 ns
[2021-11-03T05:24:42.091+0000][7][safepoint    ] Safepoint "Cleanup", Time since last: 1002432267 ns, Reaching safepoint: 339501 ns, At safepoint: 6779 ns, Total: 346280 ns
[2021-11-03T05:24:43.103+0000][7][safepoint    ] Safepoint "Cleanup", Time since last: 1011977972 ns, Reaching safepoint: 231833 ns, At safepoint: 6367 ns, Total: 238200 ns
[2021-11-03T05:24:44.110+0000][7][safepoint    ] Safepoint "Cleanup", Time since last: 1006196995 ns, Reaching safepoint: 239136 ns, At safepoint: 6695 ns, Total: 245831 ns
[2021-11-03T05:24:45.114+0000][7][safepoint    ] Safepoint "Cleanup", Time since last: 1003901394 ns, Reaching safepoint: 409164 ns, At safepoint: 8125 ns, Total: 417289 ns
[2021-11-03T05:24:46.116+0000][7][safepoint    ] Safepoint "Cleanup", Time since last: 1002073015 ns, Reaching safepoint: 230138 ns, At safepoint: 7255 ns, Total: 237393 ns
[2021-11-03T05:24:47.121+0000][7][safepoint    ] Safepoint "Cleanup", Time since last: 1003656816 ns, Reaching safepoint: 537701 ns, At safepoint: 13399 ns, Total: 551100 ns
[2021-11-03T05:24:48.128+0000][7][safepoint    ] Safepoint "Cleanup", Time since last: 1007385685 ns, Reaching safepoint: 236531 ns, At safepoint: 70624 ns, Total: 307155 ns
[2021-11-03T05:24:49.132+0000][7][safepoint    ] Safepoint "Cleanup", Time since last: 1003284837 ns, Reaching safepoint: 240783 ns, At safepoint: 7606 ns, Total: 248389 ns
[2021-11-03T05:24:50.135+0000][7][safepoint    ] Safepoint "Cleanup", Time since last: 1002716067 ns, Reaching safepoint: 236445 ns, At safepoint: 6514 ns, Total: 242959 ns
[2021-11-03T05:24:51.143+0000][7][safepoint    ] Safepoint "Cleanup", Time since last: 1007926401 ns, Reaching safepoint: 337093 ns, At safepoint: 7428 ns, Total: 344521 ns
[2021-11-03T05:24:52.151+0000][7][safepoint    ] Safepoint "Cleanup", Time since last: 1007228913 ns, Reaching safepoint: 181853 ns, At safepoint: 6004 ns, Total: 187857 ns
[2021-11-03T05:24:53.156+0000][7][safepoint    ] Safepoint "Cleanup", Time since last: 1005415998 ns, Reaching safepoint: 170036 ns, At safepoint: 7153 ns, Total: 177189 ns
[2021-11-03T05:24:54.162+0000][7][safepoint    ] Safepoint "Cleanup", Time since last: 1005269898 ns, Reaching safepoint: 181672 ns, At safepoint: 6560 ns, Total: 188232 ns
[2021-11-03T05:24:55.170+0000][7][safepoint    ] Safepoint "Cleanup", Time since last: 1008443066 ns, Reaching safepoint: 182584 ns, At safepoint: 6704 ns, Total: 189288 ns
[2021-11-03T05:24:56.174+0000][7][safepoint    ] Safepoint "Cleanup", Time since last: 1002897510 ns, Reaching safepoint: 396016 ns, At safepoint: 9835 ns, Total: 405851 ns
[2021-11-03T05:24:57.179+0000][7][safepoint    ] Safepoint "Cleanup", Time since last: 1005153006 ns, Reaching safepoint: 463821 ns, At safepoint: 70992 ns, Total: 534813 ns
[2021-11-03T05:24:58.182+0000][7][safepoint    ] Safepoint "Cleanup", Time since last: 1002890173 ns, Reaching safepoint: 238474 ns, At safepoint: 6551 ns, Total: 245025 ns
[2021-11-03T05:24:59.191+0000][7][safepoint    ] Safepoint "Cleanup", Time since last: 1007451579 ns, Reaching safepoint: 793999 ns, At safepoint: 18724 ns, Total: 812723 ns
[2021-11-03T05:25:00.195+0000][7][safepoint    ] Safepoint "Cleanup", Time since last: 1004351687 ns, Reaching safepoint: 230659 ns, At safepoint: 6723 ns, Total: 237382 ns
[2021-11-03T05:25:01.198+0000][7][safepoint    ] Safepoint "Cleanup", Time since last: 1002091511 ns, Reaching safepoint: 230298 ns, At safepoint: 5895 ns, Total: 236193 ns
[2021-11-03T05:25:02.201+0000][7][safepoint    ] Safepoint "Cleanup", Time since last: 1002918726 ns, Reaching safepoint: 230048 ns, At safepoint: 7270 ns, Total: 237318 ns
[2021-11-03T05:25:03.183+0000][7][safepoint    ] Safepoint "Cleanup", Time since last: 1002837327 ns, Reaching safepoint: 230409 ns, At safepoint: 6598 ns, Total: 237007 ns
[2021-11-03T05:25:04.186+0000][7][safepoint    ] Safepoint "Cleanup", Time since last: 1002911814 ns, Reaching safepoint: 410333 ns, At safepoint: 8547 ns, Total: 418880 ns
[2021-11-03T05:25:05.189+0000][7][safepoint    ] Safepoint "Cleanup", Time since last: 1002859047 ns, Reaching safepoint: 160703 ns, At safepoint: 6289 ns, Total: 166992 ns
[2021-11-03T05:25:06.194+0000][7][safepoint    ] Safepoint "Cleanup", Time since last: 1004693781 ns, Reaching safepoint: 538390 ns, At safepoint: 9684 ns, Total: 548074 ns
[2021-11-03T05:25:07.199+0000][7][safepoint    ] Safepoint "Cleanup", Time since last: 1004284225 ns, Reaching safepoint: 523529 ns, At safepoint: 9173 ns, Total: 532702 ns
[2021-11-03T05:25:08.209+0000][7][safepoint    ] Safepoint "Cleanup", Time since last: 1009202764 ns, Reaching safepoint: 293941 ns, At safepoint: 77056 ns, Total: 370997 ns
[2021-11-03T05:25:09.211+0000][7][safepoint    ] Safepoint "Cleanup", Time since last: 1001782786 ns, Reaching safepoint: 445151 ns, At safepoint: 9606 ns, Total: 454757 ns
[2021-11-03T05:25:10.218+0000][7][safepoint    ] Safepoint "Cleanup", Time since last: 1007069672 ns, Reaching safepoint: 415529 ns, At safepoint: 9586 ns, Total: 425115 ns
[2021-11-03T05:25:11.227+0000][7][safepoint    ] Safepoint "Cleanup", Time since last: 1008572843 ns, Reaching safepoint: 313553 ns, At safepoint: 12118 ns, Total: 325671 ns
[2021-11-03T05:25:12.239+0000][7][safepoint    ] Safepoint "Cleanup", Time since last: 1011153044 ns, Reaching safepoint: 443537 ns, At safepoint: 10507 ns, Total: 454044 ns
[2021-11-03T05:25:13.243+0000][7][safepoint    ] Safepoint "Cleanup", Time since last: 1003836514 ns, Reaching safepoint: 371252 ns, At safepoint: 6680 ns, Total: 377932 ns
[2021-11-03T05:25:14.246+0000][7][safepoint    ] Safepoint "Cleanup", Time since last: 1002586179 ns, Reaching safepoint: 432537 ns, At safepoint: 7932 ns, Total: 440469 ns
[2021-11-03T05:25:15.250+0000][7][safepoint    ] Safepoint "Cleanup", Time since last: 1003283670 ns, Reaching safepoint: 506107 ns, At safepoint: 8641 ns, Total: 514748 ns
[2021-11-03T05:25:16.253+0000][7][safepoint    ] Safepoint "Cleanup", Time since last: 1002511201 ns, Reaching safepoint: 319069 ns, At safepoint: 11314 ns, Total: 330383 ns
[2021-11-03T05:25:17.256+0000][7][safepoint    ] Safepoint "Cleanup", Time since last: 1002665468 ns, Reaching safepoint: 609030 ns, At safepoint: 11238 ns, Total: 620268 ns
[2021-11-03T05:25:18.260+0000][7][safepoint    ] Safepoint "Cleanup", Time since last: 1003607477 ns, Reaching safepoint: 518695 ns, At safepoint: 10169 ns, Total: 528864 ns
[2021-11-03T05:25:19.264+0000][7][safepoint    ] Safepoint "Cleanup", Time since last: 1003785368 ns, Reaching safepoint: 431517 ns, At safepoint: 10321 ns, Total: 441838 ns
[2021-11-03T05:25:20.268+0000][7][safepoint    ] Safepoint "Cleanup", Time since last: 1002947491 ns, Reaching safepoint: 236738 ns, At safepoint: 6349 ns, Total: 243087 ns
[2021-11-03T05:25:21.272+0000][7][safepoint    ] Safepoint "Cleanup", Time since last: 1003728156 ns, Reaching safepoint: 246632 ns, At safepoint: 5635 ns, Total: 252267 ns
[2021-11-03T05:25:22.275+0000][7][safepoint    ] Safepoint "Cleanup", Time since last: 1002858238 ns, Reaching safepoint: 236013 ns, At safepoint: 6654 ns, Total: 242667 ns
[2021-11-03T05:25:23.278+0000][7][safepoint    ] Safepoint "Cleanup", Time since last: 1003597978 ns, Reaching safepoint: 163650 ns, At safepoint: 5967 ns, Total: 169617 ns
[2021-11-03T05:25:24.281+0000][7][safepoint    ] Safepoint "Cleanup", Time since last: 1002428680 ns, Reaching safepoint: 239976 ns, At safepoint: 6776 ns, Total: 246752 ns
[2021-11-03T05:25:25.285+0000][7][safepoint    ] Safepoint "Cleanup", Time since last: 1003913306 ns, Reaching safepoint: 242909 ns, At safepoint: 6880 ns, Total: 249789 ns
[2021-11-03T05:25:26.288+0000][7][safepoint    ] Safepoint "Cleanup", Time since last: 1002285347 ns, Reaching safepoint: 338397 ns, At safepoint: 8427 ns, Total: 346824 ns
[2021-11-03T05:25:27.292+0000][7][safepoint    ] Safepoint "Cleanup", Time since last: 1003965156 ns, Reaching safepoint: 444261 ns, At safepoint: 9127 ns, Total: 453388 ns
[2021-11-03T05:25:28.295+0000][7][safepoint    ] Safepoint "Cleanup", Time since last: 1002410861 ns, Reaching safepoint: 637156 ns, At safepoint: 9102 ns, Total: 646258 ns
[2021-11-03T05:25:29.302+0000][7][safepoint    ] Safepoint "Cleanup", Time since last: 1006362299 ns, Reaching safepoint: 368380 ns, At safepoint: 76439 ns, Total: 444819 ns
[2021-11-03T05:25:30.309+0000][7][safepoint    ] Safepoint "Cleanup", Time since last: 1006138168 ns, Reaching safepoint: 395138 ns, At safepoint: 9273 ns, Total: 404411 ns
[2021-11-03T05:25:31.317+0000][7][safepoint    ] Safepoint "Cleanup", Time since last: 1007699980 ns, Reaching safepoint: 289350 ns, At safepoint: 6631 ns, Total: 295981 ns
[2021-11-03T05:25:32.320+0000][7][safepoint    ] Safepoint "Cleanup", Time since last: 1002683697 ns, Reaching safepoint: 275822 ns, At safepoint: 6979 ns, Total: 282801 ns
[2021-11-03T05:25:33.304+0000][7][safepoint    ] Safepoint "Cleanup", Time since last: 1005317065 ns, Reaching safepoint: 357946 ns, At safepoint: 12390 ns, Total: 370336 ns
[2021-11-03T05:25:34.313+0000][7][safepoint    ] Safepoint "Cleanup", Time since last: 1008219655 ns, Reaching safepoint: 434146 ns, At safepoint: 11088 ns, Total: 445234 ns
[2021-11-03T05:25:35.315+0000][7][safepoint    ] Safepoint "Cleanup", Time since last: 1002073723 ns, Reaching safepoint: 457316 ns, At safepoint: 10191 ns, Total: 467507 ns
[2021-11-03T05:25:36.319+0000][7][safepoint    ] Safepoint "Cleanup", Time since last: 1002763988 ns, Reaching safepoint: 643026 ns, At safepoint: 25782 ns, Total: 668808 ns
[2021-11-03T05:25:37.329+0000][7][safepoint    ] Safepoint "Cleanup", Time since last: 1009809575 ns, Reaching safepoint: 163412 ns, At safepoint: 4761 ns, Total: 168173 ns
[2021-11-03T05:25:38.336+0000][7][safepoint    ] Safepoint "Cleanup", Time since last: 1007155816 ns, Reaching safepoint: 245641 ns, At safepoint: 70298 ns, Total: 315939 ns
[2021-11-03T05:25:39.339+0000][7][safepoint    ] Safepoint "Cleanup", Time since last: 1002464626 ns, Reaching safepoint: 276240 ns, At safepoint: 11206 ns, Total: 287446 ns
[2021-11-03T05:25:40.342+0000][7][safepoint    ] Safepoint "Cleanup", Time since last: 1002840966 ns, Reaching safepoint: 465181 ns, At safepoint: 13310 ns, Total: 478491 ns
[2021-11-03T05:25:41.348+0000][7][safepoint    ] Safepoint "Cleanup", Time since last: 1004935254 ns, Reaching safepoint: 350910 ns, At safepoint: 4514 ns, Total: 355424 ns
[2021-11-03T05:25:42.355+0000][7][safepoint    ] Safepoint "Cleanup", Time since last: 1007392324 ns, Reaching safepoint: 238894 ns, At safepoint: 7041 ns, Total: 245935 ns
[2021-11-03T05:25:43.360+0000][7][safepoint    ] Safepoint "Cleanup", Time since last: 1003615485 ns, Reaching safepoint: 626340 ns, At safepoint: 20258 ns, Total: 646598 ns
[2021-11-03T05:25:44.364+0000][7][safepoint    ] Safepoint "Cleanup", Time since last: 1003532858 ns, Reaching safepoint: 411982 ns, At safepoint: 9080 ns, Total: 421062 ns
[2021-11-03T05:25:45.367+0000][7][safepoint    ] Safepoint "Cleanup", Time since last: 1003505575 ns, Reaching safepoint: 226659 ns, At safepoint: 7878 ns, Total: 234537 ns
[2021-11-03T05:25:46.376+0000][7][safepoint    ] Safepoint "Cleanup", Time since last: 1007899908 ns, Reaching safepoint: 598571 ns, At safepoint: 26112 ns, Total: 624683 ns
[2021-11-03T05:25:47.380+0000][7][safepoint    ] Safepoint "Cleanup", Time since last: 1003734850 ns, Reaching safepoint: 752127 ns, At safepoint: 21117 ns, Total: 773244 ns
[2021-11-03T05:25:48.388+0000][7][safepoint    ] Safepoint "Cleanup", Time since last: 1007109977 ns, Reaching safepoint: 432933 ns, At safepoint: 9141 ns, Total: 442074 ns
[2021-11-03T05:25:49.391+0000][7][safepoint    ] Safepoint "Cleanup", Time since last: 1002291137 ns, Reaching safepoint: 558291 ns, At safepoint: 13820 ns, Total: 572111 ns
[2021-11-03T05:25:50.394+0000][7][safepoint    ] Safepoint "Cleanup", Time since last: 1003021668 ns, Reaching safepoint: 243406 ns, At safepoint: 7376 ns, Total: 250782 ns
[2021-11-03T05:25:51.402+0000][7][safepoint    ] Safepoint "Cleanup", Time since last: 1007975731 ns, Reaching safepoint: 169880 ns, At safepoint: 3645 ns, Total: 173525 ns
[2021-11-03T05:25:52.405+0000][7][safepoint    ] Safepoint "Cleanup", Time since last: 1002410283 ns, Reaching safepoint: 273868 ns, At safepoint: 7235 ns, Total: 281103 ns
[2021-11-03T05:25:53.408+0000][7][safepoint    ] Safepoint "Cleanup", Time since last: 1002727349 ns, Reaching safepoint: 205143 ns, At safepoint: 5073 ns, Total: 210216 ns
[2021-11-03T05:25:54.412+0000][7][safepoint    ] Safepoint "Cleanup", Time since last: 1004429415 ns, Reaching safepoint: 138131 ns, At safepoint: 52564 ns, Total: 190695 ns
[2021-11-03T05:25:55.421+0000][7][safepoint    ] Safepoint "Cleanup", Time since last: 1008417764 ns, Reaching safepoint: 141923 ns, At safepoint: 3912 ns, Total: 145835 ns
[2021-11-03T05:25:56.423+0000][7][safepoint    ] Safepoint "Cleanup", Time since last: 1001772493 ns, Reaching safepoint: 140543 ns, At safepoint: 4067 ns, Total: 144610 ns
[2021-11-03T05:25:57.425+0000][7][safepoint    ] Safepoint "Cleanup", Time since last: 1001566627 ns, Reaching safepoint: 132479 ns, At safepoint: 4414 ns, Total: 136893 ns
[2021-11-03T05:25:58.427+0000][7][safepoint    ] Safepoint "Cleanup", Time since last: 1002117700 ns, Reaching safepoint: 297076 ns, At safepoint: 7863 ns, Total: 304939 ns
[2021-11-03T05:25:59.429+0000][7][safepoint    ] Safepoint "Cleanup", Time since last: 1002254815 ns, Reaching safepoint: 144386 ns, At safepoint: 4805 ns, Total: 149191 ns
[2021-11-03T05:26:00.434+0000][7][safepoint    ] Safepoint "Cleanup", Time since last: 1004871068 ns, Reaching safepoint: 180761 ns, At safepoint: 4441 ns, Total: 185202 ns
[2021-11-03T05:26:01.437+0000][7][safepoint    ] Safepoint "Cleanup", Time since last: 1001907047 ns, Reaching safepoint: 182476 ns, At safepoint: 7373 ns, Total: 189849 ns
[2021-11-03T05:26:02.439+0000][7][safepoint    ] Safepoint "Cleanup", Time since last: 1002235763 ns, Reaching safepoint: 389358 ns, At safepoint: 9153 ns, Total: 398511 ns
[2021-11-03T05:26:03.421+0000][7][safepoint    ] Safepoint "Cleanup", Time since last: 1002283397 ns, Reaching safepoint: 314582 ns, At safepoint: 9880 ns, Total: 324462 ns
[2021-11-03T05:26:04.425+0000][7][safepoint    ] Safepoint "Cleanup", Time since last: 1003481217 ns, Reaching safepoint: 296333 ns, At safepoint: 6998 ns, Total: 303331 ns
[2021-11-03T05:26:05.429+0000][7][safepoint    ] Safepoint "Cleanup", Time since last: 1004159084 ns, Reaching safepoint: 244325 ns, At safepoint: 6866 ns, Total: 251191 ns
[2021-11-03T05:26:06.432+0000][7][safepoint    ] Safepoint "Cleanup", Time since last: 1002042825 ns, Reaching safepoint: 569659 ns, At safepoint: 22434 ns, Total: 592093 ns
[2021-11-03T05:26:07.437+0000][7][safepoint    ] Safepoint "Cleanup", Time since last: 1004340571 ns, Reaching safepoint: 610132 ns, At safepoint: 23534 ns, Total: 633666 ns
[2021-11-03T05:26:08.445+0000][7][safepoint    ] Safepoint "Cleanup", Time since last: 1007635566 ns, Reaching safepoint: 592282 ns, At safepoint: 19504 ns, Total: 611786 ns
[2021-11-03T05:26:09.451+0000][7][safepoint    ] Safepoint "Cleanup", Time since last: 1006272832 ns, Reaching safepoint: 176817 ns, At safepoint: 6695 ns, Total: 183512 ns
[2021-11-03T05:26:10.455+0000][7][safepoint    ] Safepoint "Cleanup", Time since last: 1003517654 ns, Reaching safepoint: 161497 ns, At safepoint: 6161 ns, Total: 167658 ns
[2021-11-03T05:26:11.458+0000][7][safepoint    ] Safepoint "Cleanup", Time since last: 1002137218 ns, Reaching safepoint: 395046 ns, At safepoint: 8579 ns, Total: 403625 ns
[2021-11-03T05:26:12.461+0000][7][safepoint    ] Safepoint "Cleanup", Time since last: 1002918512 ns, Reaching safepoint: 392298 ns, At safepoint: 10937 ns, Total: 403235 ns
[2021-11-03T05:26:13.468+0000][7][safepoint    ] Safepoint "Cleanup", Time since last: 1006558150 ns, Reaching safepoint: 382251 ns, At safepoint: 10183 ns, Total: 392434 ns
[2021-11-03T05:26:14.475+0000][7][safepoint    ] Safepoint "Cleanup", Time since last: 1006482233 ns, Reaching safepoint: 590510 ns, At safepoint: 18446 ns, Total: 608956 ns
[2021-11-03T05:26:15.478+0000][7][safepoint    ] Safepoint "Cleanup", Time since last: 1002676853 ns, Reaching safepoint: 678021 ns, At safepoint: 18052 ns, Total: 696073 ns
[2021-11-03T05:26:16.482+0000][7][safepoint    ] Safepoint "Cleanup", Time since last: 1003405707 ns, Reaching safepoint: 236537 ns, At safepoint: 6536 ns, Total: 243073 ns
[2021-11-03T05:26:17.484+0000][7][safepoint    ] Safepoint "Cleanup", Time since last: 1002260245 ns, Reaching safepoint: 177534 ns, At safepoint: 6656 ns, Total: 184190 ns
[2021-11-03T05:26:18.491+0000][7][safepoint    ] Safepoint "Cleanup", Time since last: 1006166988 ns, Reaching safepoint: 611168 ns, At safepoint: 16225 ns, Total: 627393 ns
[2021-11-03T05:26:19.497+0000][7][safepoint    ] Safepoint "Cleanup", Time since last: 1005681487 ns, Reaching safepoint: 242642 ns, At safepoint: 6405 ns, Total: 249047 ns
[2021-11-03T05:26:20.501+0000][7][safepoint    ] Safepoint "Cleanup", Time since last: 1003154542 ns, Reaching safepoint: 169263 ns, At safepoint: 5796 ns, Total: 175059 ns
[2021-11-03T05:26:21.506+0000][7][safepoint    ] Safepoint "Cleanup", Time since last: 1005793267 ns, Reaching safepoint: 171955 ns, At safepoint: 6330 ns, Total: 178285 ns
[2021-11-03T05:26:22.516+0000][7][safepoint    ] Safepoint "Cleanup", Time since last: 1009736814 ns, Reaching safepoint: 164470 ns, At safepoint: 6416 ns, Total: 170886 ns
[2021-11-03T05:26:23.521+0000][7][safepoint    ] Safepoint "Cleanup", Time since last: 1004231226 ns, Reaching safepoint: 472635 ns, At safepoint: 20731 ns, Total: 493366 ns
[2021-11-03T05:26:24.525+0000][7][safepoint    ] Safepoint "Cleanup", Time since last: 1003371261 ns, Reaching safepoint: 291524 ns, At safepoint: 93707 ns, Total: 385231 ns
[2021-11-03T05:26:25.531+0000][7][safepoint    ] Safepoint "Cleanup", Time since last: 1005814177 ns, Reaching safepoint: 609109 ns, At safepoint: 76094 ns, Total: 685203 ns
[2021-11-03T05:26:26.534+0000][7][safepoint    ] Safepoint "Cleanup", Time since last: 1002579756 ns, Reaching safepoint: 228846 ns, At safepoint: 6235 ns, Total: 235081 ns
[2021-11-03T05:26:27.541+0000][7][safepoint    ] Safepoint "Cleanup", Time since last: 1006291955 ns, Reaching safepoint: 222988 ns, At safepoint: 6986 ns, Total: 229974 ns
[2021-11-03T05:26:28.551+0000][7][safepoint    ] Safepoint "Cleanup", Time since last: 1010613202 ns, Reaching safepoint: 160713 ns, At safepoint: 6610 ns, Total: 167323 ns
[2021-11-03T05:26:29.555+0000][7][safepoint    ] Safepoint "Cleanup", Time since last: 1003268545 ns, Reaching safepoint: 477362 ns, At safepoint: 8979 ns, Total: 486341 ns
[2021-11-03T05:26:30.561+0000][7][safepoint    ] Safepoint "Cleanup", Time since last: 1005083928 ns, Reaching safepoint: 243374 ns, At safepoint: 9616 ns, Total: 252990 ns
[2021-11-03T05:26:31.573+0000][7][safepoint    ] Safepoint "Cleanup", Time since last: 1011097632 ns, Reaching safepoint: 855819 ns, At safepoint: 10615 ns, Total: 866434 ns
[2021-11-03T05:26:32.577+0000][7][safepoint    ] Safepoint "Cleanup", Time since last: 1004091743 ns, Reaching safepoint: 492173 ns, At safepoint: 9298 ns, Total: 501471 ns
[2021-11-03T05:26:33.567+0000][7][safepoint    ] Safepoint "Cleanup", Time since last: 1010984342 ns, Reaching safepoint: 455161 ns, At safepoint: 9018 ns, Total: 464179 ns
[2021-11-03T05:26:34.569+0000][7][safepoint    ] Safepoint "Cleanup", Time since last: 1001756161 ns, Reaching safepoint: 278240 ns, At safepoint: 5780 ns, Total: 284020 ns
[2021-11-03T05:26:35.574+0000][7][safepoint    ] Safepoint "Cleanup", Time since last: 1004542538 ns, Reaching safepoint: 286096 ns, At safepoint: 6852 ns, Total: 292948 ns
[2021-11-03T05:26:36.581+0000][7][safepoint    ] Safepoint "Cleanup", Time since last: 1006641134 ns, Reaching safepoint: 426214 ns, At safepoint: 20746 ns, Total: 446960 ns
[2021-11-03T05:26:37.584+0000][7][safepoint    ] Safepoint "Cleanup", Time since last: 1001983964 ns, Reaching safepoint: 173235 ns, At safepoint: 5452 ns, Total: 178687 ns
[2021-11-03T05:26:38.589+0000][7][safepoint    ] Safepoint "Cleanup", Time since last: 1005242324 ns, Reaching safepoint: 355651 ns, At safepoint: 11025 ns, Total: 366676 ns
[2021-11-03T05:26:39.593+0000][7][safepoint    ] Safepoint "Cleanup", Time since last: 1003984233 ns, Reaching safepoint: 356708 ns, At safepoint: 10019 ns, Total: 366727 ns
[2021-11-03T05:26:40.596+0000][7][safepoint    ] Safepoint "Cleanup", Time since last: 1002471185 ns, Reaching safepoint: 329296 ns, At safepoint: 6658 ns, Total: 335954 ns
[2021-11-03T05:26:41.606+0000][7][safepoint    ] Safepoint "Cleanup", Time since last: 1009849940 ns, Reaching safepoint: 181523 ns, At safepoint: 6217 ns, Total: 187740 ns
[2021-11-03T05:26:42.610+0000][7][safepoint    ] Safepoint "Cleanup", Time since last: 1003481281 ns, Reaching safepoint: 173667 ns, At safepoint: 5662 ns, Total: 179329 ns
[2021-11-03T05:26:43.613+0000][7][safepoint    ] Safepoint "Cleanup", Time since last: 1002397421 ns, Reaching safepoint: 382612 ns, At safepoint: 5351 ns, Total: 387963 ns
[2021-11-03T05:26:44.622+0000][7][safepoint    ] Safepoint "Cleanup", Time since last: 1009235559 ns, Reaching safepoint: 300091 ns, At safepoint: 9961 ns, Total: 310052 ns
[2021-11-03T05:26:45.627+0000][7][safepoint    ] Safepoint "Cleanup", Time since last: 1004250154 ns, Reaching safepoint: 176912 ns, At safepoint: 6621 ns, Total: 183533 ns
[2021-11-03T05:26:46.634+0000][7][safepoint    ] Safepoint "Cleanup", Time since last: 1006883152 ns, Reaching safepoint: 166004 ns, At safepoint: 6859 ns, Total: 172863 ns
[2021-11-03T05:26:47.639+0000][7][safepoint    ] Safepoint "Cleanup", Time since last: 1004607238 ns, Reaching safepoint: 329733 ns, At safepoint: 81073 ns, Total: 410806 ns
[2021-11-03T05:26:48.652+0000][7][safepoint    ] Safepoint "Cleanup", Time since last: 1012300788 ns, Reaching safepoint: 600896 ns, At safepoint: 77035 ns, Total: 677931 ns
[2021-11-03T05:26:49.658+0000][7][safepoint    ] Safepoint "Cleanup", Time since last: 1006038710 ns, Reaching safepoint: 298711 ns, At safepoint: 7797 ns, Total: 306508 ns
[2021-11-03T05:26:50.662+0000][7][safepoint    ] Safepoint "Cleanup", Time since last: 1003485487 ns, Reaching safepoint: 242717 ns, At safepoint: 6328 ns, Total: 249045 ns
[2021-11-03T05:26:51.665+0000][7][safepoint    ] Safepoint "Cleanup", Time since last: 1003241534 ns, Reaching safepoint: 238538 ns, At safepoint: 6735 ns, Total: 245273 ns
[2021-11-03T05:26:52.670+0000][7][safepoint    ] Safepoint "Cleanup", Time since last: 1004118907 ns, Reaching safepoint: 195593 ns, At safepoint: 4420 ns, Total: 200013 ns
[2021-11-03T05:26:53.674+0000][7][safepoint    ] Safepoint "Cleanup", Time since last: 1003928809 ns, Reaching safepoint: 240724 ns, At safepoint: 7881 ns, Total: 248605 ns
[2021-11-03T05:26:54.682+0000][7][safepoint    ] Safepoint "Cleanup", Time since last: 1008151869 ns, Reaching safepoint: 396613 ns, At safepoint: 9628 ns, Total: 406241 ns
[2021-11-03T05:26:55.689+0000][7][safepoint    ] Safepoint "Cleanup", Time since last: 1006390450 ns, Reaching safepoint: 240882 ns, At safepoint: 7153 ns, Total: 248035 ns
[2021-11-03T05:26:56.692+0000][7][safepoint    ] Safepoint "Cleanup", Time since last: 1003176226 ns, Reaching safepoint: 179362 ns, At safepoint: 5981 ns, Total: 185343 ns
[2021-11-03T05:26:57.700+0000][7][safepoint    ] Safepoint "Cleanup", Time since last: 1006893193 ns, Reaching safepoint: 179135 ns, At safepoint: 5819 ns, Total: 184954 ns
[2021-11-03T05:26:58.703+0000][7][safepoint    ] Safepoint "Cleanup", Time since last: 1002983413 ns, Reaching safepoint: 541372 ns, At safepoint: 10968 ns, Total: 552340 ns
[2021-11-03T05:26:59.708+0000][7][safepoint    ] Safepoint "Cleanup", Time since last: 1005043305 ns, Reaching safepoint: 355318 ns, At safepoint: 10618 ns, Total: 365936 ns
[2021-11-03T05:27:00.711+0000][7][safepoint    ] Safepoint "Cleanup", Time since last: 1002391742 ns, Reaching safepoint: 165940 ns, At safepoint: 5482 ns, Total: 171422 ns
[2021-11-03T05:27:01.714+0000][7][safepoint    ] Safepoint "Cleanup", Time since last: 1002302292 ns, Reaching safepoint: 526562 ns, At safepoint: 12660 ns, Total: 539222 ns
[2021-11-03T05:27:02.722+0000][7][safepoint    ] Safepoint "Cleanup", Time since last: 1007510662 ns, Reaching safepoint: 442962 ns, At safepoint: 9874 ns, Total: 452836 ns
[2021-11-03T05:27:03.708+0000][7][safepoint    ] Safepoint "Cleanup", Time since last: 1006912834 ns, Reaching safepoint: 339667 ns, At safepoint: 7909 ns, Total: 347576 ns
[2021-11-03T05:27:04.712+0000][7][safepoint    ] Safepoint "Cleanup", Time since last: 1003744499 ns, Reaching safepoint: 478657 ns, At safepoint: 78765 ns, Total: 557422 ns
[2021-11-03T05:27:05.719+0000][7][safepoint    ] Safepoint "Cleanup", Time since last: 1006743107 ns, Reaching safepoint: 319309 ns, At safepoint: 10513 ns, Total: 329822 ns
[2021-11-03T05:27:07.070+0000][7][safepoint    ] Safepoint "Cleanup", Time since last: 1350067506 ns, Reaching safepoint: 299841 ns, At safepoint: 7439 ns, Total: 307280 ns
[2021-11-03T05:27:08.073+0000][7][safepoint    ] Safepoint "Cleanup", Time since last: 1003084070 ns, Reaching safepoint: 224958 ns, At safepoint: 6311 ns, Total: 231269 ns
[2021-11-03T05:27:09.075+0000][7][safepoint    ] Safepoint "Cleanup", Time since last: 1002141932 ns, Reaching safepoint: 461405 ns, At safepoint: 8308 ns, Total: 469713 ns
[2021-11-03T05:27:10.078+0000][7][safepoint    ] Safepoint "Cleanup", Time since last: 1002453712 ns, Reaching safepoint: 260036 ns, At safepoint: 12843 ns, Total: 272879 ns
[2021-11-03T05:27:11.081+0000][7][safepoint    ] Safepoint "Cleanup", Time since last: 1002157666 ns, Reaching safepoint: 267428 ns, At safepoint: 4985 ns, Total: 272413 ns
[2021-11-03T05:27:12.085+0000][7][safepoint    ] Safepoint "Cleanup", Time since last: 1003365737 ns, Reaching safepoint: 509568 ns, At safepoint: 13104 ns, Total: 522672 ns
[2021-11-03T05:27:13.089+0000][7][safepoint    ] Safepoint "Cleanup", Time since last: 1004082699 ns, Reaching safepoint: 619045 ns, At safepoint: 9681 ns, Total: 628726 ns
[2021-11-03T05:27:14.093+0000][7][safepoint    ] Safepoint "Cleanup", Time since last: 1002918120 ns, Reaching safepoint: 377802 ns, At safepoint: 10216 ns, Total: 388018 ns
[2021-11-03T05:27:15.097+0000][7][safepoint    ] Safepoint "Cleanup", Time since last: 1004149048 ns, Reaching safepoint: 496048 ns, At safepoint: 176150 ns, Total: 672198 ns
[2021-11-03T05:27:16.106+0000][7][safepoint    ] Safepoint "Cleanup", Time since last: 1007769846 ns, Reaching safepoint: 339497 ns, At safepoint: 62222 ns, Total: 401719 ns
[2021-11-03T05:27:17.111+0000][7][safepoint    ] Safepoint "Cleanup", Time since last: 1004895815 ns, Reaching safepoint: 277679 ns, At safepoint: 7065 ns, Total: 284744 ns
[2021-11-03T05:27:18.119+0000][7][safepoint    ] Safepoint "Cleanup", Time since last: 1007730270 ns, Reaching safepoint: 341476 ns, At safepoint: 71025 ns, Total: 412501 ns
[2021-11-03T05:27:19.126+0000][7][safepoint    ] Safepoint "Cleanup", Time since last: 1006878708 ns, Reaching safepoint: 380987 ns, At safepoint: 79453 ns, Total: 460440 ns
[2021-11-03T05:27:20.129+0000][7][safepoint    ] Safepoint "Cleanup", Time since last: 1002659710 ns, Reaching safepoint: 292957 ns, At safepoint: 7225 ns, Total: 300182 ns
[2021-11-03T05:27:21.136+0000][7][safepoint    ] Safepoint "Cleanup", Time since last: 1006347894 ns, Reaching safepoint: 620090 ns, At safepoint: 84389 ns, Total: 704479 ns
[2021-11-03T05:27:22.139+0000][7][safepoint    ] Safepoint "Cleanup", Time since last: 1002674627 ns, Reaching safepoint: 304001 ns, At safepoint: 7267 ns, Total: 311268 ns
[2021-11-03T05:27:23.142+0000][7][safepoint    ] Safepoint "Cleanup", Time since last: 1002322061 ns, Reaching safepoint: 289933 ns, At safepoint: 9601 ns, Total: 299534 ns
[2021-11-03T05:27:24.145+0000][7][safepoint    ] Safepoint "Cleanup", Time since last: 1003105755 ns, Reaching safepoint: 441199 ns, At safepoint: 9936 ns, Total: 451135 ns
[2021-11-03T05:27:25.150+0000][7][safepoint    ] Safepoint "Cleanup", Time since last: 1004093491 ns, Reaching safepoint: 176374 ns, At safepoint: 6450 ns, Total: 182824 ns
[2021-11-03T05:27:26.155+0000][7][safepoint    ] Safepoint "Cleanup", Time since last: 1004604127 ns, Reaching safepoint: 340647 ns, At safepoint: 13552 ns, Total: 354199 ns
[2021-11-03T05:27:27.161+0000][7][safepoint    ] Safepoint "Cleanup", Time since last: 1006068926 ns, Reaching safepoint: 172007 ns, At safepoint: 72104 ns, Total: 244111 ns
[2021-11-03T05:27:28.171+0000][7][safepoint    ] Safepoint "Cleanup", Time since last: 1009758692 ns, Reaching safepoint: 188400 ns, At safepoint: 6294 ns, Total: 194694 ns
[2021-11-03T05:27:29.174+0000][7][safepoint    ] Safepoint "Cleanup", Time since last: 1002455132 ns, Reaching safepoint: 179257 ns, At safepoint: 6750 ns, Total: 186007 ns
[2021-11-03T05:27:30.183+0000][7][safepoint    ] Safepoint "Cleanup", Time since last: 1009422861 ns, Reaching safepoint: 169872 ns, At safepoint: 5879 ns, Total: 175751 ns
[2021-11-03T05:27:31.187+0000][7][safepoint    ] Safepoint "Cleanup", Time since last: 1003743436 ns, Reaching safepoint: 171569 ns, At safepoint: 7071 ns, Total: 178640 ns
[2021-11-03T05:27:32.191+0000][7][safepoint    ] Safepoint "Cleanup", Time since last: 1003579814 ns, Reaching safepoint: 171304 ns, At safepoint: 5625 ns, Total: 176929 ns
[2021-11-03T05:27:33.173+0000][7][safepoint    ] Safepoint "Cleanup", Time since last: 1002622723 ns, Reaching safepoint: 227518 ns, At safepoint: 6706 ns, Total: 234224 ns
[2021-11-03T05:27:34.176+0000][7][safepoint    ] Safepoint "Cleanup", Time since last: 1002930257 ns, Reaching safepoint: 175413 ns, At safepoint: 5966 ns, Total: 181379 ns
[2021-11-03T05:27:35.183+0000][7][safepoint    ] Safepoint "Cleanup", Time since last: 1006600189 ns, Reaching safepoint: 177166 ns, At safepoint: 6605 ns, Total: 183771 ns
[2021-11-03T05:27:36.186+0000][7][safepoint    ] Safepoint "Cleanup", Time since last: 1002811848 ns, Reaching safepoint: 397552 ns, At safepoint: 8710 ns, Total: 406262 ns
[2021-11-03T05:27:37.189+0000][7][safepoint    ] Safepoint "Cleanup", Time since last: 1003535559 ns, Reaching safepoint: 96437 ns, At safepoint: 2866 ns, Total: 99303 ns
[2021-11-03T05:27:38.195+0000][7][safepoint    ] Safepoint "Cleanup", Time since last: 1005489598 ns, Reaching safepoint: 447296 ns, At safepoint: 8566 ns, Total: 455862 ns
[2021-11-03T05:27:39.204+0000][7][safepoint    ] Safepoint "Cleanup", Time since last: 1008727653 ns, Reaching safepoint: 340291 ns, At safepoint: 7464 ns, Total: 347755 ns
[2021-11-03T05:27:40.211+0000][7][safepoint    ] Safepoint "Cleanup", Time since last: 1006148368 ns, Reaching safepoint: 242551 ns, At safepoint: 6636 ns, Total: 249187 ns
[2021-11-03T05:27:41.217+0000][7][safepoint    ] Safepoint "Cleanup", Time since last: 1005524439 ns, Reaching safepoint: 307755 ns, At safepoint: 11045 ns, Total: 318800 ns
[2021-11-03T05:27:42.220+0000][7][safepoint    ] Safepoint "Cleanup", Time since last: 1002470489 ns, Reaching safepoint: 344088 ns, At safepoint: 7217 ns, Total: 351305 ns
[2021-11-03T05:27:43.226+0000][7][safepoint    ] Safepoint "Cleanup", Time since last: 1005647116 ns, Reaching safepoint: 347870 ns, At safepoint: 9607 ns, Total: 357477 ns
[2021-11-03T05:27:44.228+0000][7][safepoint    ] Safepoint "Cleanup", Time since last: 1002360830 ns, Reaching safepoint: 291889 ns, At safepoint: 8145 ns, Total: 300034 ns
[2021-11-03T05:27:45.239+0000][7][safepoint    ] Safepoint "Cleanup", Time since last: 1010450346 ns, Reaching safepoint: 238436 ns, At safepoint: 70391 ns, Total: 308827 ns
[2021-11-03T05:27:46.244+0000][7][safepoint    ] Safepoint "Cleanup", Time since last: 1004934261 ns, Reaching safepoint: 229888 ns, At safepoint: 6156 ns, Total: 236044 ns
[2021-11-03T05:27:47.252+0000][7][safepoint    ] Safepoint "Cleanup", Time since last: 1007880283 ns, Reaching safepoint: 240082 ns, At safepoint: 6912 ns, Total: 246994 ns
[2021-11-03T05:27:48.255+0000][7][safepoint    ] Safepoint "Cleanup", Time since last: 1002718512 ns, Reaching safepoint: 175644 ns, At safepoint: 6172 ns, Total: 181816 ns
[2021-11-03T05:27:49.260+0000][7][safepoint    ] Safepoint "Cleanup", Time since last: 1004875587 ns, Reaching safepoint: 151682 ns, At safepoint: 8914 ns, Total: 160596 ns
[2021-11-03T05:27:50.264+0000][7][safepoint    ] Safepoint "Cleanup", Time since last: 1003172995 ns, Reaching safepoint: 377726 ns, At safepoint: 10172 ns, Total: 387898 ns
[2021-11-03T05:27:51.268+0000][7][safepoint    ] Safepoint "Cleanup", Time since last: 1003639803 ns, Reaching safepoint: 241645 ns, At safepoint: 6444 ns, Total: 248089 ns
[2021-11-03T05:27:52.273+0000][7][safepoint    ] Safepoint "Cleanup", Time since last: 1004859981 ns, Reaching safepoint: 170597 ns, At safepoint: 6005 ns, Total: 176602 ns
[2021-11-03T05:27:53.279+0000][7][safepoint    ] Safepoint "Cleanup", Time since last: 1006248359 ns, Reaching safepoint: 313772 ns, At safepoint: 10013 ns, Total: 323785 ns
[2021-11-03T05:27:54.283+0000][7][safepoint    ] Safepoint "Cleanup", Time since last: 1003298204 ns, Reaching safepoint: 173108 ns, At safepoint: 6768 ns, Total: 179876 ns
[2021-11-03T05:27:55.286+0000][7][safepoint    ] Safepoint "Cleanup", Time since last: 1002455055 ns, Reaching safepoint: 353449 ns, At safepoint: 6962 ns, Total: 360411 ns
[2021-11-03T05:27:56.291+0000][7][safepoint    ] Safepoint "Cleanup", Time since last: 1004864193 ns, Reaching safepoint: 526986 ns, At safepoint: 20923 ns, Total: 547909 ns
[2021-11-03T05:27:57.294+0000][7][safepoint    ] Safepoint "Cleanup", Time since last: 1002606675 ns, Reaching safepoint: 404720 ns, At safepoint: 10231 ns, Total: 414951 ns
[2021-11-03T05:27:58.301+0000][7][safepoint    ] Safepoint "Cleanup", Time since last: 1006260798 ns, Reaching safepoint: 367948 ns, At safepoint: 6655 ns, Total: 374603 ns
[2021-11-03T05:27:59.304+0000][7][safepoint    ] Safepoint "Cleanup", Time since last: 1002698292 ns, Reaching safepoint: 291761 ns, At safepoint: 6834 ns, Total: 298595 ns
[2021-11-03T05:28:00.307+0000][7][safepoint    ] Safepoint "Cleanup", Time since last: 1002678615 ns, Reaching safepoint: 410699 ns, At safepoint: 12179 ns, Total: 422878 ns
[2021-11-03T05:28:01.318+0000][7][safepoint    ] Safepoint "Cleanup", Time since last: 1010175455 ns, Reaching safepoint: 619639 ns, At safepoint: 80093 ns, Total: 699732 ns
[2021-11-03T05:28:02.324+0000][7][safepoint    ] Safepoint "Cleanup", Time since last: 1005927101 ns, Reaching safepoint: 170019 ns, At safepoint: 3593 ns, Total: 173612 ns
[2021-11-03T05:28:03.307+0000][7][safepoint    ] Safepoint "Cleanup", Time since last: 1004093668 ns, Reaching safepoint: 223239 ns, At safepoint: 7030 ns, Total: 230269 ns
[2021-11-03T05:28:04.310+0000][7][safepoint    ] Safepoint "Cleanup", Time since last: 1003343211 ns, Reaching safepoint: 244794 ns, At safepoint: 8006 ns, Total: 252800 ns
[2021-11-03T05:28:05.317+0000][7][safepoint    ] Safepoint "Cleanup", Time since last: 1005928790 ns, Reaching safepoint: 355821 ns, At safepoint: 9045 ns, Total: 364866 ns
[2021-11-03T05:28:06.228+0000][7][gc,start     ] GC(13) Pause Young (Concurrent Start) (G1 Evacuation Pause)
[2021-11-03T05:28:06.230+0000][7][gc,task      ] GC(13) Using 4 workers of 4 for evacuation
[2021-11-03T05:28:06.235+0000][7][gc,age       ] GC(13) Desired survivor size 19922944 bytes, new threshold 15 (max threshold 15)
[2021-11-03T05:28:06.493+0000][7][gc,age       ] GC(13) Age table with threshold 15 (max threshold 15)
[2021-11-03T05:28:06.494+0000][7][gc,age       ] GC(13) - age   1:    5487624 bytes,    5487624 total
[2021-11-03T05:28:06.495+0000][7][gc,age       ] GC(13) - age   2:    7702984 bytes,   13190608 total
[2021-11-03T05:28:06.495+0000][7][gc,age       ] GC(13) - age   3:    1068288 bytes,   14258896 total
[2021-11-03T05:28:06.496+0000][7][gc,mmu       ] GC(13) MMU target violated: 201.0ms (200.0ms/201.0ms)
[2021-11-03T05:28:06.496+0000][7][gc,phases    ] GC(13)   Pre Evacuate Collection Set: 146.7ms
[2021-11-03T05:28:06.497+0000][7][gc,phases    ] GC(13)   Merge Heap Roots: 2.6ms
[2021-11-03T05:28:06.497+0000][7][gc,phases    ] GC(13)   Evacuate Collection Set: 101.9ms
[2021-11-03T05:28:06.498+0000][7][gc,phases    ] GC(13)   Post Evacuate Collection Set: 3.5ms
[2021-11-03T05:28:06.498+0000][7][gc,phases    ] GC(13)   Other: 16.3ms
[2021-11-03T05:28:06.498+0000][7][gc,heap      ] GC(13) Eden regions: 292->0(291)
[2021-11-03T05:28:06.499+0000][7][gc,heap      ] GC(13) Survivor regions: 10->15(38)
[2021-11-03T05:28:06.499+0000][7][gc,heap      ] GC(13) Old regions: 43->43
[2021-11-03T05:28:06.500+0000][7][gc,heap      ] GC(13) Archive regions: 2->2
[2021-11-03T05:28:06.500+0000][7][gc,heap      ] GC(13) Humongous regions: 1->1
[2021-11-03T05:28:06.500+0000][7][gc,metaspace ] GC(13) Metaspace: 72069K(77992K)->72069K(77992K) NonClass: 62373K(65832K)->62373K(65832K) Class: 9696K(12160K)->9696K(12160K)
[2021-11-03T05:28:06.501+0000][7][gc           ] GC(13) Pause Young (Concurrent Start) (G1 Evacuation Pause) 346M->58M(512M) 273.145ms
[2021-11-03T05:28:06.502+0000][7][gc,cpu       ] GC(13) User=0.56s Sys=0.00s Real=0.27s
[2021-11-03T05:28:06.502+0000][7][safepoint    ] Safepoint "G1CollectForAllocation", Time since last: 906904406 ns, Reaching safepoint: 474018 ns, At safepoint: 278518189 ns, Total: 278992207 ns
[2021-11-03T05:28:06.503+0000][7][gc           ] GC(14) Concurrent Cycle
[2021-11-03T05:28:06.509+0000][7][gc,marking   ] GC(14) Concurrent Clear Claimed Marks
[2021-11-03T05:28:06.511+0000][7][gc,marking   ] GC(14) Concurrent Clear Claimed Marks 1.986ms
[2021-11-03T05:28:06.511+0000][7][gc,marking   ] GC(14) Concurrent Scan Root Regions
[2021-11-03T05:28:06.541+0000][7][gc,marking   ] GC(14) Concurrent Scan Root Regions 29.465ms
[2021-11-03T05:28:06.542+0000][7][gc,marking   ] GC(14) Concurrent Mark (6620.560s)
[2021-11-03T05:28:06.542+0000][7][gc,marking   ] GC(14) Concurrent Mark From Roots
[2021-11-03T05:28:06.543+0000][7][gc,task      ] GC(14) Using 1 workers of 1 for marking
[2021-11-03T05:28:06.733+0000][7][gc,marking   ] GC(14) Concurrent Mark From Roots 190.289ms
[2021-11-03T05:28:06.734+0000][7][gc,marking   ] GC(14) Concurrent Preclean
[2021-11-03T05:28:06.735+0000][7][gc,marking   ] GC(14) Concurrent Preclean 1.382ms
[2021-11-03T05:28:06.736+0000][7][gc,marking   ] GC(14) Concurrent Mark (6620.560s, 6620.754s) 194.146ms
[2021-11-03T05:28:06.737+0000][7][gc,start     ] GC(14) Pause Remark
[2021-11-03T05:28:06.780+0000][7][gc           ] GC(14) Pause Remark 59M->59M(512M) 43.635ms
[2021-11-03T05:28:06.781+0000][7][gc,cpu       ] GC(14) User=0.15s Sys=0.00s Real=0.04s
[2021-11-03T05:28:06.782+0000][7][safepoint    ] Safepoint "G1Concurrent", Time since last: 234087492 ns, Reaching safepoint: 169307 ns, At safepoint: 44874592 ns, Total: 45043899 ns
[2021-11-03T05:28:06.782+0000][7][gc,marking   ] GC(14) Concurrent Rebuild Remembered Sets
[2021-11-03T05:28:06.828+0000][7][gc,marking   ] GC(14) Concurrent Rebuild Remembered Sets 46.081ms
[2021-11-03T05:28:06.830+0000][7][gc,start     ] GC(14) Pause Cleanup
[2021-11-03T05:28:06.831+0000][7][gc           ] GC(14) Pause Cleanup 60M->60M(512M) 0.650ms
[2021-11-03T05:28:06.831+0000][7][gc,cpu       ] GC(14) User=0.00s Sys=0.00s Real=0.00s
[2021-11-03T05:28:06.831+0000][7][safepoint    ] Safepoint "G1Concurrent", Time since last: 47299089 ns, Reaching safepoint: 1054195 ns, At safepoint: 1582185 ns, Total: 2636380 ns
[2021-11-03T05:28:06.832+0000][7][gc,marking   ] GC(14) Concurrent Cleanup for Next Mark
[2021-11-03T05:28:06.838+0000][7][gc,marking   ] GC(14) Concurrent Cleanup for Next Mark 5.491ms
[2021-11-03T05:28:06.838+0000][7][gc           ] GC(14) Concurrent Cycle 335.368ms
[2021-11-03T05:28:07.833+0000][7][safepoint    ] Safepoint "Cleanup", Time since last: 1001283244 ns, Reaching safepoint: 504114 ns, At safepoint: 9721 ns, Total: 513835 ns
[2021-11-03T05:28:08.836+0000][7][safepoint    ] Safepoint "Cleanup", Time since last: 1002105891 ns, Reaching safepoint: 469254 ns, At safepoint: 9171 ns, Total: 478425 ns
[2021-11-03T05:28:09.839+0000][7][safepoint    ] Safepoint "Cleanup", Time since last: 1002507024 ns, Reaching safepoint: 477700 ns, At safepoint: 21516 ns, Total: 499216 ns
[2021-11-03T05:28:10.842+0000][7][safepoint    ] Safepoint "Cleanup", Time since last: 1002625435 ns, Reaching safepoint: 484651 ns, At safepoint: 9205 ns, Total: 493856 ns
[2021-11-03T05:28:11.847+0000][7][safepoint    ] Safepoint "Cleanup", Time since last: 1004055380 ns, Reaching safepoint: 478457 ns, At safepoint: 17977 ns, Total: 496434 ns
[2021-11-03T05:28:12.849+0000][7][safepoint    ] Safepoint "Cleanup", Time since last: 1002580169 ns, Reaching safepoint: 351918 ns, At safepoint: 8282 ns, Total: 360200 ns
[2021-11-03T05:28:13.853+0000][7][safepoint    ] Safepoint "Cleanup", Time since last: 1002582770 ns, Reaching safepoint: 464629 ns, At safepoint: 9964 ns, Total: 474593 ns
[2021-11-03T05:28:14.857+0000][7][safepoint    ] Safepoint "Cleanup", Time since last: 1004013412 ns, Reaching safepoint: 422422 ns, At safepoint: 12799 ns, Total: 435221 ns
[2021-11-03T05:28:15.860+0000][7][safepoint    ] Safepoint "Cleanup", Time since last: 1002621010 ns, Reaching safepoint: 557289 ns, At safepoint: 9642 ns, Total: 566931 ns
[2021-11-03T05:28:16.871+0000][7][safepoint    ] Safepoint "Cleanup", Time since last: 1010495347 ns, Reaching safepoint: 773604 ns, At safepoint: 17822 ns, Total: 791426 ns
[2021-11-03T05:28:17.875+0000][7][safepoint    ] Safepoint "Cleanup", Time since last: 1002471219 ns, Reaching safepoint: 556381 ns, At safepoint: 23606 ns, Total: 579987 ns
[2021-11-03T05:28:18.879+0000][7][safepoint    ] Safepoint "Cleanup", Time since last: 1003900770 ns, Reaching safepoint: 567570 ns, At safepoint: 8940 ns, Total: 576510 ns
[2021-11-03T05:28:19.891+0000][7][safepoint    ] Safepoint "Cleanup", Time since last: 1011140283 ns, Reaching safepoint: 492396 ns, At safepoint: 22567 ns, Total: 514963 ns
[2021-11-03T05:28:20.894+0000][7][safepoint    ] Safepoint "Cleanup", Time since last: 1002534777 ns, Reaching safepoint: 555659 ns, At safepoint: 20826 ns, Total: 576485 ns
[2021-11-03T05:28:21.897+0000][7][safepoint    ] Safepoint "Cleanup", Time since last: 1002499203 ns, Reaching safepoint: 376660 ns, At safepoint: 9565 ns, Total: 386225 ns
[2021-11-03T05:28:22.903+0000][7][safepoint    ] Safepoint "Cleanup", Time since last: 1005887488 ns, Reaching safepoint: 247632 ns, At safepoint: 6509 ns, Total: 254141 ns
[2021-11-03T05:28:23.915+0000][7][safepoint    ] Safepoint "Cleanup", Time since last: 1011697338 ns, Reaching safepoint: 251007 ns, At safepoint: 6709 ns, Total: 257716 ns
[2021-11-03T05:28:24.918+0000][7][safepoint    ] Safepoint "Cleanup", Time since last: 1002463803 ns, Reaching safepoint: 583614 ns, At safepoint: 17684 ns, Total: 601298 ns
[2021-11-03T05:28:25.920+0000][7][safepoint    ] Safepoint "Cleanup", Time since last: 1002101665 ns, Reaching safepoint: 373070 ns, At safepoint: 5524 ns, Total: 378594 ns
[2021-11-03T05:28:26.930+0000][7][safepoint    ] Safepoint "Cleanup", Time since last: 1009571259 ns, Reaching safepoint: 581920 ns, At safepoint: 12005 ns, Total: 593925 ns
[2021-11-03T05:28:27.933+0000][7][safepoint    ] Safepoint "Cleanup", Time since last: 1002608153 ns, Reaching safepoint: 317049 ns, At safepoint: 7758 ns, Total: 324807 ns
[2021-11-03T05:28:28.936+0000][7][safepoint    ] Safepoint "Cleanup", Time since last: 1002223400 ns, Reaching safepoint: 219728 ns, At safepoint: 6343 ns, Total: 226071 ns
[2021-11-03T05:28:29.938+0000][7][safepoint    ] Safepoint "Cleanup", Time since last: 1002345762 ns, Reaching safepoint: 244476 ns, At safepoint: 6135 ns, Total: 250611 ns
[2021-11-03T05:28:30.942+0000][7][safepoint    ] Safepoint "Cleanup", Time since last: 1002939203 ns, Reaching safepoint: 360398 ns, At safepoint: 7103 ns, Total: 367501 ns
[2021-11-03T05:28:31.944+0000][7][safepoint    ] Safepoint "Cleanup", Time since last: 1002289326 ns, Reaching safepoint: 466951 ns, At safepoint: 9025 ns, Total: 475976 ns
[2021-11-03T05:28:32.931+0000][7][safepoint    ] Safepoint "Cleanup", Time since last: 1007145788 ns, Reaching safepoint: 529926 ns, At safepoint: 20013 ns, Total: 549939 ns
[2021-11-03T05:28:33.934+0000][7][safepoint    ] Safepoint "Cleanup", Time since last: 1002397023 ns, Reaching safepoint: 472302 ns, At safepoint: 7376 ns, Total: 479678 ns
[2021-11-03T05:28:34.937+0000][7][safepoint    ] Safepoint "Cleanup", Time since last: 1003027534 ns, Reaching safepoint: 258510 ns, At safepoint: 7347 ns, Total: 265857 ns
[2021-11-03T05:28:35.940+0000][7][safepoint    ] Safepoint "Cleanup", Time since last: 1002633742 ns, Reaching safepoint: 236722 ns, At safepoint: 6835 ns, Total: 243557 ns
[2021-11-03T05:28:36.944+0000][7][safepoint    ] Safepoint "Cleanup", Time since last: 1003062808 ns, Reaching safepoint: 237726 ns, At safepoint: 6211 ns, Total: 243937 ns
[2021-11-03T05:28:37.947+0000][7][safepoint    ] Safepoint "Cleanup", Time since last: 1003652907 ns, Reaching safepoint: 252666 ns, At safepoint: 7261 ns, Total: 259927 ns
[2021-11-03T05:28:38.952+0000][7][safepoint    ] Safepoint "Cleanup", Time since last: 1003839651 ns, Reaching safepoint: 246448 ns, At safepoint: 6453 ns, Total: 252901 ns
[2021-11-03T05:28:39.955+0000][7][safepoint    ] Safepoint "Cleanup", Time since last: 1002872884 ns, Reaching safepoint: 559208 ns, At safepoint: 21802 ns, Total: 581010 ns
[2021-11-03T05:28:40.959+0000][7][safepoint    ] Safepoint "Cleanup", Time since last: 1003204099 ns, Reaching safepoint: 595128 ns, At safepoint: 20404 ns, Total: 615532 ns
[2021-11-03T05:28:41.962+0000][7][safepoint    ] Safepoint "Cleanup", Time since last: 1002528386 ns, Reaching safepoint: 180418 ns, At safepoint: 7203 ns, Total: 187621 ns
[2021-11-03T05:28:42.964+0000][7][safepoint    ] Safepoint "Cleanup", Time since last: 1002373881 ns, Reaching safepoint: 264540 ns, At safepoint: 6884 ns, Total: 271424 ns
[2021-11-03T05:28:43.969+0000][7][safepoint    ] Safepoint "Cleanup", Time since last: 1004835352 ns, Reaching safepoint: 168098 ns, At safepoint: 6068 ns, Total: 174166 ns
[2021-11-03T05:28:44.982+0000][7][safepoint    ] Safepoint "Cleanup", Time since last: 1012390163 ns, Reaching safepoint: 474963 ns, At safepoint: 7764 ns, Total: 482727 ns
[2021-11-03T05:28:45.985+0000][7][safepoint    ] Safepoint "Cleanup", Time since last: 1002131870 ns, Reaching safepoint: 314329 ns, At safepoint: 12276 ns, Total: 326605 ns
[2021-11-03T05:28:46.991+0000][7][safepoint    ] Safepoint "Cleanup", Time since last: 1006079258 ns, Reaching safepoint: 274798 ns, At safepoint: 7030 ns, Total: 281828 ns
[2021-11-03T05:28:47.996+0000][7][safepoint    ] Safepoint "Cleanup", Time since last: 1004132848 ns, Reaching safepoint: 564418 ns, At safepoint: 19428 ns, Total: 583846 ns
[2021-11-03T05:28:48.998+0000][7][safepoint    ] Safepoint "Cleanup", Time since last: 1001908110 ns, Reaching safepoint: 457637 ns, At safepoint: 8916 ns, Total: 466553 ns
[2021-11-03T05:28:50.007+0000][7][safepoint    ] Safepoint "Cleanup", Time since last: 1008214085 ns, Reaching safepoint: 558433 ns, At safepoint: 19159 ns, Total: 577592 ns
[2021-11-03T05:28:51.009+0000][7][safepoint    ] Safepoint "Cleanup", Time since last: 1002381401 ns, Reaching safepoint: 285365 ns, At safepoint: 6345 ns, Total: 291710 ns
[2021-11-03T05:28:52.016+0000][7][safepoint    ] Safepoint "Cleanup", Time since last: 1005952262 ns, Reaching safepoint: 402606 ns, At safepoint: 8947 ns, Total: 411553 ns
[2021-11-03T05:28:53.028+0000][7][safepoint    ] Safepoint "Cleanup", Time since last: 1011835642 ns, Reaching safepoint: 180815 ns, At safepoint: 8075 ns, Total: 188890 ns
[2021-11-03T05:28:54.031+0000][7][safepoint    ] Safepoint "Cleanup", Time since last: 1002883755 ns, Reaching safepoint: 408728 ns, At safepoint: 20571 ns, Total: 429299 ns
[2021-11-03T05:28:55.033+0000][7][safepoint    ] Safepoint "Cleanup", Time since last: 1001820391 ns, Reaching safepoint: 313992 ns, At safepoint: 11196 ns, Total: 325188 ns
[2021-11-03T05:28:56.036+0000][7][safepoint    ] Safepoint "Cleanup", Time since last: 1002844113 ns, Reaching safepoint: 256823 ns, At safepoint: 6526 ns, Total: 263349 ns
[2021-11-03T05:28:57.038+0000][7][safepoint    ] Safepoint "Cleanup", Time since last: 1001622474 ns, Reaching safepoint: 230955 ns, At safepoint: 5663 ns, Total: 236618 ns
[2021-11-03T05:28:58.041+0000][7][safepoint    ] Safepoint "Cleanup", Time since last: 1002328360 ns, Reaching safepoint: 316812 ns, At safepoint: 8792 ns, Total: 325604 ns
[2021-11-03T05:28:59.044+0000][7][safepoint    ] Safepoint "Cleanup", Time since last: 1002742592 ns, Reaching safepoint: 500969 ns, At safepoint: 9655 ns, Total: 510624 ns
[2021-11-03T05:29:00.046+0000][7][safepoint    ] Safepoint "Cleanup", Time since last: 1001920909 ns, Reaching safepoint: 285935 ns, At safepoint: 6662 ns, Total: 292597 ns
[2021-11-03T05:29:01.049+0000][7][safepoint    ] Safepoint "Cleanup", Time since last: 1002744723 ns, Reaching safepoint: 228536 ns, At safepoint: 6132 ns, Total: 234668 ns
[2021-11-03T05:29:02.052+0000][7][safepoint    ] Safepoint "Cleanup", Time since last: 1002119894 ns, Reaching safepoint: 176538 ns, At safepoint: 5986 ns, Total: 182524 ns
[2021-11-03T05:29:03.036+0000][7][safepoint    ] Safepoint "Cleanup", Time since last: 1005118951 ns, Reaching safepoint: 163190 ns, At safepoint: 6103 ns, Total: 169293 ns
[2021-11-03T05:29:04.041+0000][7][safepoint    ] Safepoint "Cleanup", Time since last: 1003881509 ns, Reaching safepoint: 1337396 ns, At safepoint: 18189 ns, Total: 1355585 ns
[2021-11-03T05:29:05.044+0000][7][safepoint    ] Safepoint "Cleanup", Time since last: 1002405592 ns, Reaching safepoint: 212891 ns, At safepoint: 5708 ns, Total: 218599 ns
[2021-11-03T05:29:06.049+0000][7][safepoint    ] Safepoint "Cleanup", Time since last: 1004799867 ns, Reaching safepoint: 616964 ns, At safepoint: 12715 ns, Total: 629679 ns
[2021-11-03T05:29:07.052+0000][7][safepoint    ] Safepoint "Cleanup", Time since last: 1002882228 ns, Reaching safepoint: 464435 ns, At safepoint: 9734 ns, Total: 474169 ns
[2021-11-03T05:29:08.056+0000][7][safepoint    ] Safepoint "Cleanup", Time since last: 1003172097 ns, Reaching safepoint: 514338 ns, At safepoint: 9478 ns, Total: 523816 ns
[2021-11-03T05:29:09.059+0000][7][safepoint    ] Safepoint "Cleanup", Time since last: 1002643521 ns, Reaching safepoint: 297214 ns, At safepoint: 6259 ns, Total: 303473 ns
[2021-11-03T05:29:10.069+0000][7][safepoint    ] Safepoint "Cleanup", Time since last: 1009117725 ns, Reaching safepoint: 332625 ns, At safepoint: 10383 ns, Total: 343008 ns
[2021-11-03T05:29:11.075+0000][7][safepoint    ] Safepoint "Cleanup", Time since last: 1006159319 ns, Reaching safepoint: 291376 ns, At safepoint: 7860 ns, Total: 299236 ns
[2021-11-03T05:29:12.078+0000][7][safepoint    ] Safepoint "Cleanup", Time since last: 1003139296 ns, Reaching safepoint: 205157 ns, At safepoint: 5936 ns, Total: 211093 ns
[2021-11-03T05:29:13.087+0000][7][safepoint    ] Safepoint "Cleanup", Time since last: 1008050929 ns, Reaching safepoint: 606054 ns, At safepoint: 10220 ns, Total: 616274 ns
[2021-11-03T05:29:14.091+0000][7][safepoint    ] Safepoint "Cleanup", Time since last: 1003206246 ns, Reaching safepoint: 268475 ns, At safepoint: 6979 ns, Total: 275454 ns
[2021-11-03T05:29:15.102+0000][7][safepoint    ] Safepoint "Cleanup", Time since last: 1011300516 ns, Reaching safepoint: 582399 ns, At safepoint: 18848 ns, Total: 601247 ns
[2021-11-03T05:29:16.105+0000][7][safepoint    ] Safepoint "Cleanup", Time since last: 1002586275 ns, Reaching safepoint: 179479 ns, At safepoint: 7169 ns, Total: 186648 ns
[2021-11-03T05:29:17.107+0000][7][safepoint    ] Safepoint "Cleanup", Time since last: 1002047982 ns, Reaching safepoint: 169568 ns, At safepoint: 5354 ns, Total: 174922 ns
[2021-11-03T05:29:18.113+0000][7][safepoint    ] Safepoint "Cleanup", Time since last: 1005177009 ns, Reaching safepoint: 425450 ns, At safepoint: 8033 ns, Total: 433483 ns
[2021-11-03T05:29:19.117+0000][7][safepoint    ] Safepoint "Cleanup", Time since last: 1003550392 ns, Reaching safepoint: 550375 ns, At safepoint: 9152 ns, Total: 559527 ns
[2021-11-03T05:29:20.120+0000][7][safepoint    ] Safepoint "Cleanup", Time since last: 1002765921 ns, Reaching safepoint: 380097 ns, At safepoint: 8495 ns, Total: 388592 ns
[2021-11-03T05:29:21.126+0000][7][safepoint    ] Safepoint "Cleanup", Time since last: 1005552581 ns, Reaching safepoint: 568743 ns, At safepoint: 17613 ns, Total: 586356 ns
[2021-11-03T05:29:22.129+0000][7][safepoint    ] Safepoint "Cleanup", Time since last: 1002265073 ns, Reaching safepoint: 600071 ns, At safepoint: 9011 ns, Total: 609082 ns
[2021-11-03T05:29:23.132+0000][7][safepoint    ] Safepoint "Cleanup", Time since last: 1001868624 ns, Reaching safepoint: 449493 ns, At safepoint: 9032 ns, Total: 458525 ns
[2021-11-03T05:29:24.134+0000][7][safepoint    ] Safepoint "Cleanup", Time since last: 1002167558 ns, Reaching safepoint: 494542 ns, At safepoint: 9532 ns, Total: 504074 ns
[2021-11-03T05:29:25.137+0000][7][safepoint    ] Safepoint "Cleanup", Time since last: 1002213225 ns, Reaching safepoint: 579911 ns, At safepoint: 17767 ns, Total: 597678 ns
[2021-11-03T05:29:26.141+0000][7][safepoint    ] Safepoint "Cleanup", Time since last: 1003551169 ns, Reaching safepoint: 630537 ns, At safepoint: 71550 ns, Total: 702087 ns
[2021-11-03T05:29:27.147+0000][7][safepoint    ] Safepoint "Cleanup", Time since last: 1003106706 ns, Reaching safepoint: 2164089 ns, At safepoint: 26860 ns, Total: 2190949 ns
[2021-11-03T05:29:28.150+0000][7][safepoint    ] Safepoint "Cleanup", Time since last: 1002623630 ns, Reaching safepoint: 564505 ns, At safepoint: 17720 ns, Total: 582225 ns
[2021-11-03T05:29:29.153+0000][7][safepoint    ] Safepoint "Cleanup", Time since last: 1002249053 ns, Reaching safepoint: 422794 ns, At safepoint: 9123 ns, Total: 431917 ns
[2021-11-03T05:29:30.156+0000][7][safepoint    ] Safepoint "Cleanup", Time since last: 1002149153 ns, Reaching safepoint: 837442 ns, At safepoint: 21405 ns, Total: 858847 ns
[2021-11-03T05:29:31.159+0000][7][safepoint    ] Safepoint "Cleanup", Time since last: 1002769517 ns, Reaching safepoint: 649638 ns, At safepoint: 19811 ns, Total: 669449 ns
[2021-11-03T05:29:32.163+0000][7][safepoint    ] Safepoint "Cleanup", Time since last: 1004100593 ns, Reaching safepoint: 181559 ns, At safepoint: 7593 ns, Total: 189152 ns
[2021-11-03T05:29:33.146+0000][7][safepoint    ] Safepoint "Cleanup", Time since last: 1003431528 ns, Reaching safepoint: 259499 ns, At safepoint: 8441 ns, Total: 267940 ns
[2021-11-03T05:29:34.149+0000][7][safepoint    ] Safepoint "Cleanup", Time since last: 1002972966 ns, Reaching safepoint: 180422 ns, At safepoint: 6159 ns, Total: 186581 ns
[2021-11-03T05:29:35.153+0000][7][safepoint    ] Safepoint "Cleanup", Time since last: 1003668707 ns, Reaching safepoint: 176233 ns, At safepoint: 6456 ns, Total: 182689 ns
[2021-11-03T05:29:36.155+0000][7][safepoint    ] Safepoint "Cleanup", Time since last: 1002240857 ns, Reaching safepoint: 220001 ns, At safepoint: 6979 ns, Total: 226980 ns
[2021-11-03T05:29:37.158+0000][7][safepoint    ] Safepoint "Cleanup", Time since last: 1002943805 ns, Reaching safepoint: 108356 ns, At safepoint: 3620 ns, Total: 111976 ns
[2021-11-03T05:29:38.160+0000][7][safepoint    ] Safepoint "Cleanup", Time since last: 1001785968 ns, Reaching safepoint: 123119 ns, At safepoint: 4197 ns, Total: 127316 ns
[2021-11-03T05:29:39.162+0000][7][safepoint    ] Safepoint "Cleanup", Time since last: 1001766458 ns, Reaching safepoint: 181505 ns, At safepoint: 7221 ns, Total: 188726 ns
[2021-11-03T05:29:40.169+0000][7][safepoint    ] Safepoint "Cleanup", Time since last: 1006310006 ns, Reaching safepoint: 333197 ns, At safepoint: 6666 ns, Total: 339863 ns
[2021-11-03T05:29:41.173+0000][7][safepoint    ] Safepoint "Cleanup", Time since last: 1003795835 ns, Reaching safepoint: 175873 ns, At safepoint: 6187 ns, Total: 182060 ns
[2021-11-03T05:29:42.176+0000][7][safepoint    ] Safepoint "Cleanup", Time since last: 1002948300 ns, Reaching safepoint: 182630 ns, At safepoint: 6293 ns, Total: 188923 ns
[2021-11-03T05:29:43.179+0000][7][safepoint    ] Safepoint "Cleanup", Time since last: 1003083196 ns, Reaching safepoint: 171691 ns, At safepoint: 6958 ns, Total: 178649 ns
[2021-11-03T05:29:44.182+0000][7][safepoint    ] Safepoint "Cleanup", Time since last: 1002583926 ns, Reaching safepoint: 165944 ns, At safepoint: 6659 ns, Total: 172603 ns
[2021-11-03T05:29:45.187+0000][7][safepoint    ] Safepoint "Cleanup", Time since last: 1004473667 ns, Reaching safepoint: 331073 ns, At safepoint: 7680 ns, Total: 338753 ns
[2021-11-03T05:29:46.190+0000][7][safepoint    ] Safepoint "Cleanup", Time since last: 1003040309 ns, Reaching safepoint: 167627 ns, At safepoint: 6630 ns, Total: 174257 ns
[2021-11-03T05:29:47.194+0000][7][safepoint    ] Safepoint "Cleanup", Time since last: 1003877250 ns, Reaching safepoint: 168866 ns, At safepoint: 6017 ns, Total: 174883 ns
[2021-11-03T05:29:48.200+0000][7][safepoint    ] Safepoint "Cleanup", Time since last: 1005192364 ns, Reaching safepoint: 167198 ns, At safepoint: 6749 ns, Total: 173947 ns
[2021-11-03T05:29:49.204+0000][7][safepoint    ] Safepoint "Cleanup", Time since last: 1004297468 ns, Reaching safepoint: 179641 ns, At safepoint: 5970 ns, Total: 185611 ns
[2021-11-03T05:29:50.207+0000][7][safepoint    ] Safepoint "Cleanup", Time since last: 1002211920 ns, Reaching safepoint: 220516 ns, At safepoint: 7468 ns, Total: 227984 ns
[2021-11-03T05:29:51.210+0000][7][safepoint    ] Safepoint "Cleanup", Time since last: 1002765899 ns, Reaching safepoint: 226604 ns, At safepoint: 6033 ns, Total: 232637 ns
[2021-11-03T05:29:52.217+0000][7][safepoint    ] Safepoint "Cleanup", Time since last: 1007524776 ns, Reaching safepoint: 308491 ns, At safepoint: 9632 ns, Total: 318123 ns
[2021-11-03T05:29:53.221+0000][7][safepoint    ] Safepoint "Cleanup", Time since last: 1003049534 ns, Reaching safepoint: 672474 ns, At safepoint: 8230 ns, Total: 680704 ns
[2021-11-03T05:29:54.224+0000][7][safepoint    ] Safepoint "Cleanup", Time since last: 1002902577 ns, Reaching safepoint: 249706 ns, At safepoint: 7641 ns, Total: 257347 ns
[2021-11-03T05:29:55.228+0000][7][safepoint    ] Safepoint "Cleanup", Time since last: 1003200254 ns, Reaching safepoint: 239609 ns, At safepoint: 6437 ns, Total: 246046 ns
[2021-11-03T05:29:56.231+0000][7][safepoint    ] Safepoint "Cleanup", Time since last: 1002907566 ns, Reaching safepoint: 405187 ns, At safepoint: 7784 ns, Total: 412971 ns
[2021-11-03T05:29:57.235+0000][7][safepoint    ] Safepoint "Cleanup", Time since last: 1003545243 ns, Reaching safepoint: 576156 ns, At safepoint: 10170 ns, Total: 586326 ns
[2021-11-03T05:29:58.238+0000][7][safepoint    ] Safepoint "Cleanup", Time since last: 1002031304 ns, Reaching safepoint: 606239 ns, At safepoint: 21464 ns, Total: 627703 ns
[2021-11-03T05:29:59.240+0000][7][safepoint    ] Safepoint "Cleanup", Time since last: 1002065462 ns, Reaching safepoint: 201424 ns, At safepoint: 6454 ns, Total: 207878 ns
[2021-11-03T05:30:00.242+0000][7][safepoint    ] Safepoint "Cleanup", Time since last: 1001295310 ns, Reaching safepoint: 597613 ns, At safepoint: 19351 ns, Total: 616964 ns
[2021-11-03T05:30:01.250+0000][7][safepoint    ] Safepoint "Cleanup", Time since last: 1007491005 ns, Reaching safepoint: 178778 ns, At safepoint: 7046 ns, Total: 185824 ns
[2021-11-03T05:30:02.257+0000][7][safepoint    ] Safepoint "Cleanup", Time since last: 1007468779 ns, Reaching safepoint: 276098 ns, At safepoint: 10022 ns, Total: 286120 ns
[2021-11-03T05:30:03.241+0000][7][safepoint    ] Safepoint "Cleanup", Time since last: 1004451945 ns, Reaching safepoint: 312819 ns, At safepoint: 12800 ns, Total: 325619 ns
[2021-11-03T05:30:04.244+0000][7][safepoint    ] Safepoint "Cleanup", Time since last: 1002531606 ns, Reaching safepoint: 95126 ns, At safepoint: 3669 ns, Total: 98795 ns
[2021-11-03T05:30:05.252+0000][7][safepoint    ] Safepoint "Cleanup", Time since last: 1008295815 ns, Reaching safepoint: 317119 ns, At safepoint: 11681 ns, Total: 328800 ns
[2021-11-03T05:30:06.256+0000][7][safepoint    ] Safepoint "Cleanup", Time since last: 1003475306 ns, Reaching safepoint: 375585 ns, At safepoint: 11186 ns, Total: 386771 ns
[2021-11-03T05:30:07.261+0000][7][safepoint    ] Safepoint "Cleanup", Time since last: 1004700173 ns, Reaching safepoint: 309355 ns, At safepoint: 11579 ns, Total: 320934 ns
[2021-11-03T05:30:08.267+0000][7][safepoint    ] Safepoint "Cleanup", Time since last: 1005569415 ns, Reaching safepoint: 252209 ns, At safepoint: 6998 ns, Total: 259207 ns
[2021-11-03T05:30:09.275+0000][7][safepoint    ] Safepoint "Cleanup", Time since last: 1007696139 ns, Reaching safepoint: 240189 ns, At safepoint: 6382 ns, Total: 246571 ns
[2021-11-03T05:30:10.279+0000][7][safepoint    ] Safepoint "Cleanup", Time since last: 1003868016 ns, Reaching safepoint: 238479 ns, At safepoint: 8086 ns, Total: 246565 ns
[2021-11-03T05:30:11.282+0000][7][safepoint    ] Safepoint "Cleanup", Time since last: 1002191856 ns, Reaching safepoint: 287923 ns, At safepoint: 9119 ns, Total: 297042 ns
[2021-11-03T05:30:12.286+0000][7][safepoint    ] Safepoint "Cleanup", Time since last: 1004070280 ns, Reaching safepoint: 158918 ns, At safepoint: 6253 ns, Total: 165171 ns
[2021-11-03T05:30:13.289+0000][7][safepoint    ] Safepoint "Cleanup", Time since last: 1002818163 ns, Reaching safepoint: 285164 ns, At safepoint: 7624 ns, Total: 292788 ns
[2021-11-03T05:30:14.878+0000][7][safepoint    ] Safepoint "Cleanup", Time since last: 1589120548 ns, Reaching safepoint: 176749 ns, At safepoint: 5803 ns, Total: 182552 ns
[2021-11-03T05:30:15.882+0000][7][safepoint    ] Safepoint "Cleanup", Time since last: 1003182736 ns, Reaching safepoint: 169462 ns, At safepoint: 6503 ns, Total: 175965 ns
[2021-11-03T05:30:16.886+0000][7][safepoint    ] Safepoint "Cleanup", Time since last: 1004519872 ns, Reaching safepoint: 163873 ns, At safepoint: 7190 ns, Total: 171063 ns
[2021-11-03T05:30:17.889+0000][7][safepoint    ] Safepoint "Cleanup", Time since last: 1002213844 ns, Reaching safepoint: 265308 ns, At safepoint: 6440 ns, Total: 271748 ns
[2021-11-03T05:30:18.891+0000][7][safepoint    ] Safepoint "Cleanup", Time since last: 1001985789 ns, Reaching safepoint: 226772 ns, At safepoint: 5885 ns, Total: 232657 ns
[2021-11-03T05:30:19.895+0000][7][safepoint    ] Safepoint "Cleanup", Time since last: 1002827679 ns, Reaching safepoint: 610848 ns, At safepoint: 74900 ns, Total: 685748 ns
[2021-11-03T05:30:20.898+0000][7][safepoint    ] Safepoint "Cleanup", Time since last: 1003567083 ns, Reaching safepoint: 247188 ns, At safepoint: 69871 ns, Total: 317059 ns
[2021-11-03T05:30:21.902+0000][7][safepoint    ] Safepoint "Cleanup", Time since last: 1003267946 ns, Reaching safepoint: 175543 ns, At safepoint: 74917 ns, Total: 250460 ns
[2021-11-03T05:30:22.906+0000][7][safepoint    ] Safepoint "Cleanup", Time since last: 1003889133 ns, Reaching safepoint: 286684 ns, At safepoint: 76777 ns, Total: 363461 ns
[2021-11-03T05:30:23.909+0000][7][safepoint    ] Safepoint "Cleanup", Time since last: 1002399476 ns, Reaching safepoint: 470184 ns, At safepoint: 9645 ns, Total: 479829 ns
[2021-11-03T05:30:24.914+0000][7][safepoint    ] Safepoint "Cleanup", Time since last: 1004306052 ns, Reaching safepoint: 472520 ns, At safepoint: 76814 ns, Total: 549334 ns
[2021-11-03T05:30:25.916+0000][7][safepoint    ] Safepoint "Cleanup", Time since last: 1001758454 ns, Reaching safepoint: 358429 ns, At safepoint: 12461 ns, Total: 370890 ns
[2021-11-03T05:30:26.920+0000][7][safepoint    ] Safepoint "Cleanup", Time since last: 1003279565 ns, Reaching safepoint: 292984 ns, At safepoint: 6359 ns, Total: 299343 ns
[2021-11-03T05:30:27.922+0000][7][safepoint    ] Safepoint "Cleanup", Time since last: 1002000840 ns, Reaching safepoint: 242496 ns, At safepoint: 6441 ns, Total: 248937 ns
[2021-11-03T05:30:28.924+0000][7][safepoint    ] Safepoint "Cleanup", Time since last: 1002094706 ns, Reaching safepoint: 233263 ns, At safepoint: 6459 ns, Total: 239722 ns
[2021-11-03T05:30:29.927+0000][7][safepoint    ] Safepoint "Cleanup", Time since last: 1002570525 ns, Reaching safepoint: 367801 ns, At safepoint: 11646 ns, Total: 379447 ns
[2021-11-03T05:30:30.930+0000][7][safepoint    ] Safepoint "Cleanup", Time since last: 1002879915 ns, Reaching safepoint: 234690 ns, At safepoint: 5865 ns, Total: 240555 ns
[2021-11-03T05:30:31.933+0000][7][safepoint    ] Safepoint "Cleanup", Time since last: 1002272583 ns, Reaching safepoint: 327736 ns, At safepoint: 6457 ns, Total: 334193 ns
[2021-11-03T05:30:32.914+0000][7][safepoint    ] Safepoint "Cleanup", Time since last: 1002147957 ns, Reaching safepoint: 269454 ns, At safepoint: 15339 ns, Total: 284793 ns
[2021-11-03T05:30:33.917+0000][7][safepoint    ] Safepoint "Cleanup", Time since last: 1002940389 ns, Reaching safepoint: 275453 ns, At safepoint: 6863 ns, Total: 282316 ns
[2021-11-03T05:30:34.920+0000][7][safepoint    ] Safepoint "Cleanup", Time since last: 1002428203 ns, Reaching safepoint: 174733 ns, At safepoint: 6322 ns, Total: 181055 ns
[2021-11-03T05:30:35.923+0000][7][safepoint    ] Safepoint "Cleanup", Time since last: 1002404561 ns, Reaching safepoint: 360044 ns, At safepoint: 7934 ns, Total: 367978 ns
[2021-11-03T05:30:36.926+0000][7][safepoint    ] Safepoint "Cleanup", Time since last: 1002956765 ns, Reaching safepoint: 528926 ns, At safepoint: 81720 ns, Total: 610646 ns
[2021-11-03T05:30:37.929+0000][7][safepoint    ] Safepoint "Cleanup", Time since last: 1002448977 ns, Reaching safepoint: 592722 ns, At safepoint: 19963 ns, Total: 612685 ns
[2021-11-03T05:30:38.932+0000][7][safepoint    ] Safepoint "Cleanup", Time since last: 1002356481 ns, Reaching safepoint: 255948 ns, At safepoint: 7365 ns, Total: 263313 ns
[2021-11-03T05:30:39.935+0000][7][safepoint    ] Safepoint "Cleanup", Time since last: 1002819009 ns, Reaching safepoint: 560705 ns, At safepoint: 13740 ns, Total: 574445 ns
[2021-11-03T05:30:40.939+0000][7][safepoint    ] Safepoint "Cleanup", Time since last: 1002960964 ns, Reaching safepoint: 446283 ns, At safepoint: 10963 ns, Total: 457246 ns
[2021-11-03T05:30:41.941+0000][7][safepoint    ] Safepoint "Cleanup", Time since last: 1002429581 ns, Reaching safepoint: 235301 ns, At safepoint: 7695 ns, Total: 242996 ns
[2021-11-03T05:30:42.945+0000][7][safepoint    ] Safepoint "Cleanup", Time since last: 1002469546 ns, Reaching safepoint: 721609 ns, At safepoint: 70188 ns, Total: 791797 ns
[2021-11-03T05:30:43.948+0000][7][safepoint    ] Safepoint "Cleanup", Time since last: 1002334019 ns, Reaching safepoint: 611763 ns, At safepoint: 23637 ns, Total: 635400 ns
[2021-11-03T05:30:44.951+0000][7][safepoint    ] Safepoint "Cleanup", Time since last: 1002073565 ns, Reaching safepoint: 619421 ns, At safepoint: 243545 ns, Total: 862966 ns
[2021-11-03T05:30:45.953+0000][7][safepoint    ] Safepoint "Cleanup", Time since last: 1002073981 ns, Reaching safepoint: 461713 ns, At safepoint: 68728 ns, Total: 530441 ns
[2021-11-03T05:30:46.956+0000][7][safepoint    ] Safepoint "Cleanup", Time since last: 1002706755 ns, Reaching safepoint: 621646 ns, At safepoint: 23399 ns, Total: 645045 ns
[2021-11-03T05:30:47.960+0000][7][safepoint    ] Safepoint "Cleanup", Time since last: 1003268987 ns, Reaching safepoint: 564003 ns, At safepoint: 23878 ns, Total: 587881 ns
[2021-11-03T05:30:48.963+0000][7][safepoint    ] Safepoint "Cleanup", Time since last: 1002433316 ns, Reaching safepoint: 388334 ns, At safepoint: 10311 ns, Total: 398645 ns
[2021-11-03T05:30:49.966+0000][7][safepoint    ] Safepoint "Cleanup", Time since last: 1002761132 ns, Reaching safepoint: 376888 ns, At safepoint: 8541 ns, Total: 385429 ns
[2021-11-03T05:30:50.971+0000][7][safepoint    ] Safepoint "Cleanup", Time since last: 1003735548 ns, Reaching safepoint: 589680 ns, At safepoint: 19752 ns, Total: 609432 ns
[2021-11-03T05:30:51.973+0000][7][safepoint    ] Safepoint "Cleanup", Time since last: 1002305168 ns, Reaching safepoint: 174226 ns, At safepoint: 6304 ns, Total: 180530 ns
[2021-11-03T05:30:52.981+0000][7][safepoint    ] Safepoint "Cleanup", Time since last: 1007822041 ns, Reaching safepoint: 169102 ns, At safepoint: 6941 ns, Total: 176043 ns
[2021-11-03T05:30:53.984+0000][7][safepoint    ] Safepoint "Cleanup", Time since last: 1002808725 ns, Reaching safepoint: 168632 ns, At safepoint: 6005 ns, Total: 174637 ns
[2021-11-03T05:30:54.993+0000][7][safepoint    ] Safepoint "Cleanup", Time since last: 1008186617 ns, Reaching safepoint: 322685 ns, At safepoint: 6897 ns, Total: 329582 ns
[2021-11-03T05:30:55.996+0000][7][safepoint    ] Safepoint "Cleanup", Time since last: 1003216371 ns, Reaching safepoint: 273697 ns, At safepoint: 6911 ns, Total: 280608 ns
[2021-11-03T05:30:56.999+0000][7][safepoint    ] Safepoint "Cleanup", Time since last: 1002766200 ns, Reaching safepoint: 242710 ns, At safepoint: 6693 ns, Total: 249403 ns
[2021-11-03T05:30:58.007+0000][7][safepoint    ] Safepoint "Cleanup", Time since last: 1007522420 ns, Reaching safepoint: 243341 ns, At safepoint: 7059 ns, Total: 250400 ns
[2021-11-03T05:30:59.017+0000][7][safepoint    ] Safepoint "Cleanup", Time since last: 1009961905 ns, Reaching safepoint: 175413 ns, At safepoint: 6427 ns, Total: 181840 ns
[2021-11-03T05:31:00.024+0000][7][safepoint    ] Safepoint "Cleanup", Time since last: 1006948637 ns, Reaching safepoint: 230586 ns, At safepoint: 7052 ns, Total: 237638 ns
[2021-11-03T05:31:01.028+0000][7][safepoint    ] Safepoint "Cleanup", Time since last: 1003052204 ns, Reaching safepoint: 269397 ns, At safepoint: 6362 ns, Total: 275759 ns
[2021-11-03T05:31:02.035+0000][7][safepoint    ] Safepoint "Cleanup", Time since last: 1006591177 ns, Reaching safepoint: 348810 ns, At safepoint: 11449 ns, Total: 360259 ns
[2021-11-03T05:31:03.019+0000][7][safepoint    ] Safepoint "Cleanup", Time since last: 1005240356 ns, Reaching safepoint: 285604 ns, At safepoint: 7325 ns, Total: 292929 ns
[2021-11-03T05:31:04.024+0000][7][safepoint    ] Safepoint "Cleanup", Time since last: 1004603901 ns, Reaching safepoint: 489054 ns, At safepoint: 9843 ns, Total: 498897 ns
[2021-11-03T05:31:05.028+0000][7][safepoint    ] Safepoint "Cleanup", Time since last: 1003944560 ns, Reaching safepoint: 197198 ns, At safepoint: 9496 ns, Total: 206694 ns
[2021-11-03T05:31:06.031+0000][7][safepoint    ] Safepoint "Cleanup", Time since last: 1001876607 ns, Reaching safepoint: 380393 ns, At safepoint: 10848 ns, Total: 391241 ns
[2021-11-03T05:31:07.037+0000][7][safepoint    ] Safepoint "Cleanup", Time since last: 1006345208 ns, Reaching safepoint: 292435 ns, At safepoint: 7425 ns, Total: 299860 ns
[2021-11-03T05:31:08.042+0000][7][safepoint    ] Safepoint "Cleanup", Time since last: 1003996014 ns, Reaching safepoint: 382732 ns, At safepoint: 7428 ns, Total: 390160 ns
[2021-11-03T05:31:09.045+0000][7][safepoint    ] Safepoint "Cleanup", Time since last: 1002864175 ns, Reaching safepoint: 254195 ns, At safepoint: 5974 ns, Total: 260169 ns
[2021-11-03T05:31:10.047+0000][7][safepoint    ] Safepoint "Cleanup", Time since last: 1002162927 ns, Reaching safepoint: 226485 ns, At safepoint: 6963 ns, Total: 233448 ns
[2021-11-03T05:31:11.050+0000][7][safepoint    ] Safepoint "Cleanup", Time since last: 1002498011 ns, Reaching safepoint: 236859 ns, At safepoint: 6779 ns, Total: 243638 ns
[2021-11-03T05:31:12.052+0000][7][safepoint    ] Safepoint "Cleanup", Time since last: 1001861181 ns, Reaching safepoint: 250641 ns, At safepoint: 7397 ns, Total: 258038 ns
[2021-11-03T05:31:13.057+0000][7][safepoint    ] Safepoint "Cleanup", Time since last: 1003967929 ns, Reaching safepoint: 618988 ns, At safepoint: 20703 ns, Total: 639691 ns
[2021-11-03T05:31:14.061+0000][7][safepoint    ] Safepoint "Cleanup", Time since last: 1003814918 ns, Reaching safepoint: 225617 ns, At safepoint: 6898 ns, Total: 232515 ns
[2021-11-03T05:31:15.064+0000][7][safepoint    ] Safepoint "Cleanup", Time since last: 1002617859 ns, Reaching safepoint: 393102 ns, At safepoint: 11151 ns, Total: 404253 ns
[2021-11-03T05:31:16.067+0000][7][safepoint    ] Safepoint "Cleanup", Time since last: 1003094741 ns, Reaching safepoint: 175225 ns, At safepoint: 6697 ns, Total: 181922 ns
[2021-11-03T05:31:17.077+0000][7][safepoint    ] Safepoint "Cleanup", Time since last: 1010088547 ns, Reaching safepoint: 158981 ns, At safepoint: 6247 ns, Total: 165228 ns
[2021-11-03T05:31:18.081+0000][7][safepoint    ] Safepoint "Cleanup", Time since last: 1003933949 ns, Reaching safepoint: 171486 ns, At safepoint: 6546 ns, Total: 178032 ns
[2021-11-03T05:31:19.085+0000][7][safepoint    ] Safepoint "Cleanup", Time since last: 1003508891 ns, Reaching safepoint: 173481 ns, At safepoint: 5918 ns, Total: 179399 ns
[2021-11-03T05:31:20.088+0000][7][safepoint    ] Safepoint "Cleanup", Time since last: 1002449119 ns, Reaching safepoint: 161510 ns, At safepoint: 6164 ns, Total: 167674 ns
[2021-11-03T05:31:21.094+0000][7][safepoint    ] Safepoint "Cleanup", Time since last: 1006280255 ns, Reaching safepoint: 248431 ns, At safepoint: 6646 ns, Total: 255077 ns
[2021-11-03T05:31:22.097+0000][7][safepoint    ] Safepoint "Cleanup", Time since last: 1002370644 ns, Reaching safepoint: 173798 ns, At safepoint: 6457 ns, Total: 180255 ns
[2021-11-03T05:31:23.101+0000][7][safepoint    ] Safepoint "Cleanup", Time since last: 1003816418 ns, Reaching safepoint: 174824 ns, At safepoint: 6620 ns, Total: 181444 ns
[2021-11-03T05:31:24.107+0000][7][safepoint    ] Safepoint "Cleanup", Time since last: 1006391585 ns, Reaching safepoint: 152073 ns, At safepoint: 7647 ns, Total: 159720 ns
[2021-11-03T05:31:25.110+0000][7][safepoint    ] Safepoint "Cleanup", Time since last: 1002509628 ns, Reaching safepoint: 177089 ns, At safepoint: 6868 ns, Total: 183957 ns
[2021-11-03T05:31:26.116+0000][7][safepoint    ] Safepoint "Cleanup", Time since last: 1005247958 ns, Reaching safepoint: 346877 ns, At safepoint: 7813 ns, Total: 354690 ns
[2021-11-03T05:31:27.118+0000][7][safepoint    ] Safepoint "Cleanup", Time since last: 1002431055 ns, Reaching safepoint: 169640 ns, At safepoint: 6190 ns, Total: 175830 ns
[2021-11-03T05:31:28.122+0000][7][safepoint    ] Safepoint "Cleanup", Time since last: 1003130946 ns, Reaching safepoint: 350718 ns, At safepoint: 6681 ns, Total: 357399 ns
[2021-11-03T05:31:29.124+0000][7][safepoint    ] Safepoint "Cleanup", Time since last: 1001920888 ns, Reaching safepoint: 611645 ns, At safepoint: 7416 ns, Total: 619061 ns
[2021-11-03T05:31:30.129+0000][7][safepoint    ] Safepoint "Cleanup", Time since last: 1004251457 ns, Reaching safepoint: 269234 ns, At safepoint: 78263 ns, Total: 347497 ns
[2021-11-03T05:31:31.131+0000][7][safepoint    ] Safepoint "Cleanup", Time since last: 1002327532 ns, Reaching safepoint: 220272 ns, At safepoint: 7084 ns, Total: 227356 ns
[2021-11-03T05:31:32.136+0000][7][safepoint    ] Safepoint "Cleanup", Time since last: 1004534534 ns, Reaching safepoint: 306791 ns, At safepoint: 17423 ns, Total: 324214 ns
[2021-11-03T05:31:33.119+0000][7][safepoint    ] Safepoint "Cleanup", Time since last: 1003859150 ns, Reaching safepoint: 598478 ns, At safepoint: 23695 ns, Total: 622173 ns
[2021-11-03T05:31:34.126+0000][7][safepoint    ] Safepoint "Cleanup", Time since last: 1006390475 ns, Reaching safepoint: 459937 ns, At safepoint: 9500 ns, Total: 469437 ns
[2021-11-03T05:31:35.139+0000][7][safepoint    ] Safepoint "Cleanup", Time since last: 1012383080 ns, Reaching safepoint: 738518 ns, At safepoint: 12003 ns, Total: 750521 ns
[2021-11-03T05:31:36.142+0000][7][safepoint    ] Safepoint "Cleanup", Time since last: 1002264284 ns, Reaching safepoint: 371232 ns, At safepoint: 10712 ns, Total: 381944 ns
[2021-11-03T05:31:37.145+0000][7][safepoint    ] Safepoint "Cleanup", Time since last: 1002627576 ns, Reaching safepoint: 273919 ns, At safepoint: 7053 ns, Total: 280972 ns
[2021-11-03T05:31:38.149+0000][7][safepoint    ] Safepoint "Cleanup", Time since last: 1003445167 ns, Reaching safepoint: 185379 ns, At safepoint: 3196 ns, Total: 188575 ns
[2021-11-03T05:31:39.155+0000][7][safepoint    ] Safepoint "Cleanup", Time since last: 1005452319 ns, Reaching safepoint: 536390 ns, At safepoint: 9156 ns, Total: 545546 ns
[2021-11-03T05:31:40.161+0000][7][safepoint    ] Safepoint "Cleanup", Time since last: 1005757614 ns, Reaching safepoint: 396884 ns, At safepoint: 6595 ns, Total: 403479 ns
[2021-11-03T05:31:41.164+0000][7][safepoint    ] Safepoint "Cleanup", Time since last: 1002452379 ns, Reaching safepoint: 406443 ns, At safepoint: 9800 ns, Total: 416243 ns
[2021-11-03T05:31:42.176+0000][7][safepoint    ] Safepoint "Cleanup", Time since last: 1012198483 ns, Reaching safepoint: 606772 ns, At safepoint: 9671 ns, Total: 616443 ns
[2021-11-03T05:31:43.183+0000][7][safepoint    ] Safepoint "Cleanup", Time since last: 1006301493 ns, Reaching safepoint: 414352 ns, At safepoint: 9536 ns, Total: 423888 ns
[2021-11-03T05:31:44.191+0000][7][safepoint    ] Safepoint "Cleanup", Time since last: 1007064601 ns, Reaching safepoint: 556357 ns, At safepoint: 21267 ns, Total: 577624 ns
[2021-11-03T05:31:45.195+0000][7][safepoint    ] Safepoint "Cleanup", Time since last: 1003553910 ns, Reaching safepoint: 330675 ns, At safepoint: 9308 ns, Total: 339983 ns
[2021-11-03T05:31:46.202+0000][7][safepoint    ] Safepoint "Cleanup", Time since last: 1006851654 ns, Reaching safepoint: 300394 ns, At safepoint: 8276 ns, Total: 308670 ns
[2021-11-03T05:31:47.205+0000][7][safepoint    ] Safepoint "Cleanup", Time since last: 1002112692 ns, Reaching safepoint: 535816 ns, At safepoint: 10630 ns, Total: 546446 ns
[2021-11-03T05:31:48.210+0000][7][safepoint    ] Safepoint "Cleanup", Time since last: 1005196982 ns, Reaching safepoint: 285758 ns, At safepoint: 6003 ns, Total: 291761 ns
[2021-11-03T05:31:49.215+0000][7][safepoint    ] Safepoint "Cleanup", Time since last: 1004478404 ns, Reaching safepoint: 410300 ns, At safepoint: 11393 ns, Total: 421693 ns
[2021-11-03T05:31:50.218+0000][7][safepoint    ] Safepoint "Cleanup", Time since last: 1002544587 ns, Reaching safepoint: 811838 ns, At safepoint: 91527 ns, Total: 903365 ns
[2021-11-03T05:31:51.231+0000][7][safepoint    ] Safepoint "Cleanup", Time since last: 1012094466 ns, Reaching safepoint: 552504 ns, At safepoint: 175370 ns, Total: 727874 ns
[2021-11-03T05:31:52.234+0000][7][safepoint    ] Safepoint "Cleanup", Time since last: 1002514459 ns, Reaching safepoint: 636595 ns, At safepoint: 19540 ns, Total: 656135 ns
[2021-11-03T05:31:53.238+0000][7][safepoint    ] Safepoint "Cleanup", Time since last: 1003045468 ns, Reaching safepoint: 172961 ns, At safepoint: 6181 ns, Total: 179142 ns
[2021-11-03T05:31:54.244+0000][7][safepoint    ] Safepoint "Cleanup", Time since last: 1006599014 ns, Reaching safepoint: 238876 ns, At safepoint: 8567 ns, Total: 247443 ns
[2021-11-03T05:31:55.247+0000][7][safepoint    ] Safepoint "Cleanup", Time since last: 1002631511 ns, Reaching safepoint: 283352 ns, At safepoint: 7125 ns, Total: 290477 ns
[2021-11-03T05:31:56.250+0000][7][safepoint    ] Safepoint "Cleanup", Time since last: 1002514714 ns, Reaching safepoint: 364958 ns, At safepoint: 6448 ns, Total: 371406 ns
[2021-11-03T05:31:57.253+0000][7][safepoint    ] Safepoint "Cleanup", Time since last: 1002919195 ns, Reaching safepoint: 257951 ns, At safepoint: 8754 ns, Total: 266705 ns
[2021-11-03T05:31:58.260+0000][7][safepoint    ] Safepoint "Cleanup", Time since last: 1006161981 ns, Reaching safepoint: 329349 ns, At safepoint: 34735 ns, Total: 364084 ns
[2021-11-03T05:31:59.271+0000][7][safepoint    ] Safepoint "Cleanup", Time since last: 1011173741 ns, Reaching safepoint: 173177 ns, At safepoint: 6798 ns, Total: 179975 ns
[2021-11-03T05:32:00.274+0000][7][safepoint    ] Safepoint "Cleanup", Time since last: 1001948385 ns, Reaching safepoint: 399486 ns, At safepoint: 10611 ns, Total: 410097 ns
[2021-11-03T05:32:01.277+0000][7][safepoint    ] Safepoint "Cleanup", Time since last: 1002771564 ns, Reaching safepoint: 175704 ns, At safepoint: 6411 ns, Total: 182115 ns
[2021-11-03T05:32:02.280+0000][7][safepoint    ] Safepoint "Cleanup", Time since last: 1002931749 ns, Reaching safepoint: 174602 ns, At safepoint: 7113 ns, Total: 181715 ns
[2021-11-03T05:32:03.261+0000][7][safepoint    ] Safepoint "Cleanup", Time since last: 1002514529 ns, Reaching safepoint: 174460 ns, At safepoint: 7248 ns, Total: 181708 ns
[2021-11-03T05:32:04.264+0000][7][safepoint    ] Safepoint "Cleanup", Time since last: 1002516359 ns, Reaching safepoint: 402855 ns, At safepoint: 9022 ns, Total: 411877 ns
[2021-11-03T05:32:05.267+0000][7][safepoint    ] Safepoint "Cleanup", Time since last: 1003039032 ns, Reaching safepoint: 167815 ns, At safepoint: 6635 ns, Total: 174450 ns
[2021-11-03T05:32:06.271+0000][7][safepoint    ] Safepoint "Cleanup", Time since last: 1003414829 ns, Reaching safepoint: 340276 ns, At safepoint: 28778 ns, Total: 369054 ns
[2021-11-03T05:32:07.274+0000][7][safepoint    ] Safepoint "Cleanup", Time since last: 1003013506 ns, Reaching safepoint: 180689 ns, At safepoint: 7066 ns, Total: 187755 ns
[2021-11-03T05:32:08.277+0000][7][safepoint    ] Safepoint "Cleanup", Time since last: 1002773881 ns, Reaching safepoint: 182122 ns, At safepoint: 6050 ns, Total: 188172 ns
[2021-11-03T05:32:09.281+0000][7][safepoint    ] Safepoint "Cleanup", Time since last: 1003727065 ns, Reaching safepoint: 275661 ns, At safepoint: 5655 ns, Total: 281316 ns
[2021-11-03T05:32:10.287+0000][7][safepoint    ] Safepoint "Cleanup", Time since last: 1005151995 ns, Reaching safepoint: 175899 ns, At safepoint: 7370 ns, Total: 183269 ns
[2021-11-03T05:32:11.293+0000][7][safepoint    ] Safepoint "Cleanup", Time since last: 1006679876 ns, Reaching safepoint: 175053 ns, At safepoint: 7129 ns, Total: 182182 ns
[2021-11-03T05:32:12.296+0000][7][safepoint    ] Safepoint "Cleanup", Time since last: 1002612887 ns, Reaching safepoint: 162919 ns, At safepoint: 6081 ns, Total: 169000 ns
[2021-11-03T05:32:13.299+0000][7][safepoint    ] Safepoint "Cleanup", Time since last: 1002959968 ns, Reaching safepoint: 125769 ns, At safepoint: 3898 ns, Total: 129667 ns
[2021-11-03T05:32:14.302+0000][7][safepoint    ] Safepoint "Cleanup", Time since last: 1001869611 ns, Reaching safepoint: 275796 ns, At safepoint: 8575 ns, Total: 284371 ns
[2021-11-03T05:32:15.304+0000][7][safepoint    ] Safepoint "Cleanup", Time since last: 1001970088 ns, Reaching safepoint: 169110 ns, At safepoint: 6255 ns, Total: 175365 ns
[2021-11-03T05:32:16.306+0000][7][safepoint    ] Safepoint "Cleanup", Time since last: 1002057542 ns, Reaching safepoint: 320876 ns, At safepoint: 7161 ns, Total: 328037 ns
[2021-11-03T05:32:17.308+0000][7][safepoint    ] Safepoint "Cleanup", Time since last: 1002113098 ns, Reaching safepoint: 165878 ns, At safepoint: 7099 ns, Total: 172977 ns
[2021-11-03T05:32:18.312+0000][7][safepoint    ] Safepoint "Cleanup", Time since last: 1003809221 ns, Reaching safepoint: 163737 ns, At safepoint: 10691 ns, Total: 174428 ns
[2021-11-03T05:32:19.316+0000][7][safepoint    ] Safepoint "Cleanup", Time since last: 1003169312 ns, Reaching safepoint: 180718 ns, At safepoint: 6053 ns, Total: 186771 ns
[2021-11-03T05:32:20.318+0000][7][safepoint    ] Safepoint "Cleanup", Time since last: 1002227102 ns, Reaching safepoint: 165539 ns, At safepoint: 6497 ns, Total: 172036 ns
[2021-11-03T05:32:21.321+0000][7][safepoint    ] Safepoint "Cleanup", Time since last: 1002411709 ns, Reaching safepoint: 169518 ns, At safepoint: 6073 ns, Total: 175591 ns
[2021-11-03T05:32:22.325+0000][7][safepoint    ] Safepoint "Cleanup", Time since last: 1004429917 ns, Reaching safepoint: 167956 ns, At safepoint: 6608 ns, Total: 174564 ns
[2021-11-03T05:32:23.329+0000][7][safepoint    ] Safepoint "Cleanup", Time since last: 1003175579 ns, Reaching safepoint: 171386 ns, At safepoint: 7319 ns, Total: 178705 ns
[2021-11-03T05:32:24.331+0000][7][safepoint    ] Safepoint "Cleanup", Time since last: 1002581505 ns, Reaching safepoint: 174359 ns, At safepoint: 7094 ns, Total: 181453 ns
[2021-11-03T05:32:25.334+0000][7][safepoint    ] Safepoint "Cleanup", Time since last: 1002675754 ns, Reaching safepoint: 177966 ns, At safepoint: 6040 ns, Total: 184006 ns
[2021-11-03T05:32:26.340+0000][7][safepoint    ] Safepoint "Cleanup", Time since last: 1005373202 ns, Reaching safepoint: 212372 ns, At safepoint: 11952 ns, Total: 224324 ns
[2021-11-03T05:32:27.343+0000][7][safepoint    ] Safepoint "Cleanup", Time since last: 1002703373 ns, Reaching safepoint: 237055 ns, At safepoint: 6772 ns, Total: 243827 ns
[2021-11-03T05:32:28.345+0000][7][safepoint    ] Safepoint "Cleanup", Time since last: 1002244750 ns, Reaching safepoint: 207252 ns, At safepoint: 6151 ns, Total: 213403 ns
[2021-11-03T05:32:29.349+0000][7][safepoint    ] Safepoint "Cleanup", Time since last: 1003316154 ns, Reaching safepoint: 167607 ns, At safepoint: 6139 ns, Total: 173746 ns
[2021-11-03T05:32:30.352+0000][7][safepoint    ] Safepoint "Cleanup", Time since last: 1002640175 ns, Reaching safepoint: 165989 ns, At safepoint: 6149 ns, Total: 172138 ns
[2021-11-03T05:32:31.354+0000][7][safepoint    ] Safepoint "Cleanup", Time since last: 1002209855 ns, Reaching safepoint: 329944 ns, At safepoint: 6665 ns, Total: 336609 ns
[2021-11-03T05:32:32.357+0000][7][safepoint    ] Safepoint "Cleanup", Time since last: 1002507388 ns, Reaching safepoint: 175011 ns, At safepoint: 6783 ns, Total: 181794 ns
[2021-11-03T05:32:33.339+0000][7][safepoint    ] Safepoint "Cleanup", Time since last: 1002869507 ns, Reaching safepoint: 166703 ns, At safepoint: 5436 ns, Total: 172139 ns
[2021-11-03T05:32:34.342+0000][7][safepoint    ] Safepoint "Cleanup", Time since last: 1002832016 ns, Reaching safepoint: 172231 ns, At safepoint: 7056 ns, Total: 179287 ns
[2021-11-03T05:32:35.344+0000][7][safepoint    ] Safepoint "Cleanup", Time since last: 1002326368 ns, Reaching safepoint: 174859 ns, At safepoint: 6740 ns, Total: 181599 ns
[2021-11-03T05:32:36.349+0000][7][safepoint    ] Safepoint "Cleanup", Time since last: 1003810306 ns, Reaching safepoint: 588527 ns, At safepoint: 7564 ns, Total: 596091 ns
[2021-11-03T05:32:37.351+0000][7][safepoint    ] Safepoint "Cleanup", Time since last: 1002447557 ns, Reaching safepoint: 226050 ns, At safepoint: 4294 ns, Total: 230344 ns
[2021-11-03T05:32:38.353+0000][7][safepoint    ] Safepoint "Cleanup", Time since last: 1001778586 ns, Reaching safepoint: 178108 ns, At safepoint: 6155 ns, Total: 184263 ns
[2021-11-03T05:32:39.356+0000][7][safepoint    ] Safepoint "Cleanup", Time since last: 1002596134 ns, Reaching safepoint: 183190 ns, At safepoint: 7622 ns, Total: 190812 ns
[2021-11-03T05:32:40.359+0000][7][safepoint    ] Safepoint "Cleanup", Time since last: 1002369553 ns, Reaching safepoint: 444931 ns, At safepoint: 9458 ns, Total: 454389 ns
[2021-11-03T05:32:41.365+0000][7][safepoint    ] Safepoint "Cleanup", Time since last: 1006319927 ns, Reaching safepoint: 170006 ns, At safepoint: 5853 ns, Total: 175859 ns
[2021-11-03T05:32:42.370+0000][7][safepoint    ] Safepoint "Cleanup", Time since last: 1004502965 ns, Reaching safepoint: 171592 ns, At safepoint: 6068 ns, Total: 177660 ns
[2021-11-03T05:32:43.380+0000][7][safepoint    ] Safepoint "Cleanup", Time since last: 1009501246 ns, Reaching safepoint: 333682 ns, At safepoint: 7286 ns, Total: 340968 ns
[2021-11-03T05:32:44.382+0000][7][safepoint    ] Safepoint "Cleanup", Time since last: 1002266554 ns, Reaching safepoint: 174736 ns, At safepoint: 6582 ns, Total: 181318 ns
[2021-11-03T05:32:45.387+0000][7][safepoint    ] Safepoint "Cleanup", Time since last: 1003935389 ns, Reaching safepoint: 174269 ns, At safepoint: 5451 ns, Total: 179720 ns
[2021-11-03T05:32:46.389+0000][7][safepoint    ] Safepoint "Cleanup", Time since last: 1002394306 ns, Reaching safepoint: 238609 ns, At safepoint: 5922 ns, Total: 244531 ns
[2021-11-03T05:32:47.392+0000][7][safepoint    ] Safepoint "Cleanup", Time since last: 1002367749 ns, Reaching safepoint: 236567 ns, At safepoint: 6765 ns, Total: 243332 ns
[2021-11-03T05:32:48.397+0000][7][safepoint    ] Safepoint "Cleanup", Time since last: 1004610235 ns, Reaching safepoint: 236561 ns, At safepoint: 7237 ns, Total: 243798 ns
[2021-11-03T05:32:49.400+0000][7][safepoint    ] Safepoint "Cleanup", Time since last: 1002701530 ns, Reaching safepoint: 244688 ns, At safepoint: 7573 ns, Total: 252261 ns
[2021-11-03T05:32:50.409+0000][7][safepoint    ] Safepoint "Cleanup", Time since last: 1008796730 ns, Reaching safepoint: 539138 ns, At safepoint: 17714 ns, Total: 556852 ns
[2021-11-03T05:32:51.413+0000][7][safepoint    ] Safepoint "Cleanup", Time since last: 1003961577 ns, Reaching safepoint: 227265 ns, At safepoint: 7205 ns, Total: 234470 ns
[2021-11-03T05:32:52.418+0000][7][safepoint    ] Safepoint "Cleanup", Time since last: 1004788175 ns, Reaching safepoint: 149080 ns, At safepoint: 6200 ns, Total: 155280 ns
[2021-11-03T05:32:53.421+0000][7][safepoint    ] Safepoint "Cleanup", Time since last: 1002491646 ns, Reaching safepoint: 235492 ns, At safepoint: 5760 ns, Total: 241252 ns
[2021-11-03T05:32:54.423+0000][7][safepoint    ] Safepoint "Cleanup", Time since last: 1002317096 ns, Reaching safepoint: 231139 ns, At safepoint: 6895 ns, Total: 238034 ns
[2021-11-03T05:32:55.426+0000][7][safepoint    ] Safepoint "Cleanup", Time since last: 1001904107 ns, Reaching safepoint: 241430 ns, At safepoint: 6690 ns, Total: 248120 ns
[2021-11-03T05:32:56.428+0000][7][safepoint    ] Safepoint "Cleanup", Time since last: 1002440637 ns, Reaching safepoint: 237939 ns, At safepoint: 6461 ns, Total: 244400 ns
[2021-11-03T05:32:57.435+0000][7][safepoint    ] Safepoint "Cleanup", Time since last: 1006091353 ns, Reaching safepoint: 230429 ns, At safepoint: 6472 ns, Total: 236901 ns
[2021-11-03T05:32:58.438+0000][7][safepoint    ] Safepoint "Cleanup", Time since last: 1002759386 ns, Reaching safepoint: 247243 ns, At safepoint: 7619 ns, Total: 254862 ns
[2021-11-03T05:32:59.444+0000][7][safepoint    ] Safepoint "Cleanup", Time since last: 1005885405 ns, Reaching safepoint: 140550 ns, At safepoint: 4026 ns, Total: 144576 ns
[2021-11-03T05:33:00.446+0000][7][safepoint    ] Safepoint "Cleanup", Time since last: 1002228581 ns, Reaching safepoint: 235950 ns, At safepoint: 10012 ns, Total: 245962 ns
[2021-11-03T05:33:01.449+0000][7][safepoint    ] Safepoint "Cleanup", Time since last: 1002422308 ns, Reaching safepoint: 236358 ns, At safepoint: 6767 ns, Total: 243125 ns
[2021-11-03T05:33:02.454+0000][7][safepoint    ] Safepoint "Cleanup", Time since last: 1004982260 ns, Reaching safepoint: 440321 ns, At safepoint: 6657 ns, Total: 446978 ns
[2021-11-03T05:33:03.435+0000][7][safepoint    ] Safepoint "Cleanup", Time since last: 1001879111 ns, Reaching safepoint: 317461 ns, At safepoint: 13301 ns, Total: 330762 ns
[2021-11-03T05:33:04.440+0000][7][safepoint    ] Safepoint "Cleanup", Time since last: 1003864798 ns, Reaching safepoint: 425620 ns, At safepoint: 8724 ns, Total: 434344 ns
[2021-11-03T05:33:05.442+0000][7][safepoint    ] Safepoint "Cleanup", Time since last: 1002247977 ns, Reaching safepoint: 291777 ns, At safepoint: 6972 ns, Total: 298749 ns
[2021-11-03T05:33:06.445+0000][7][safepoint    ] Safepoint "Cleanup", Time since last: 1002140810 ns, Reaching safepoint: 236514 ns, At safepoint: 7380 ns, Total: 243894 ns
[2021-11-03T05:33:07.448+0000][7][safepoint    ] Safepoint "Cleanup", Time since last: 1002746920 ns, Reaching safepoint: 235864 ns, At safepoint: 6663 ns, Total: 242527 ns
[2021-11-03T05:33:08.451+0000][7][safepoint    ] Safepoint "Cleanup", Time since last: 1002608890 ns, Reaching safepoint: 427945 ns, At safepoint: 10371 ns, Total: 438316 ns
[2021-11-03T05:33:09.458+0000][7][safepoint    ] Safepoint "Cleanup", Time since last: 1006349524 ns, Reaching safepoint: 618116 ns, At safepoint: 18677 ns, Total: 636793 ns
[2021-11-03T05:33:10.465+0000][7][safepoint    ] Safepoint "Cleanup", Time since last: 1007392007 ns, Reaching safepoint: 473795 ns, At safepoint: 13062 ns, Total: 486857 ns
[2021-11-03T05:33:11.468+0000][7][safepoint    ] Safepoint "Cleanup", Time since last: 1002551319 ns, Reaching safepoint: 387942 ns, At safepoint: 8876 ns, Total: 396818 ns
[2021-11-03T05:33:12.475+0000][7][safepoint    ] Safepoint "Cleanup", Time since last: 1006555973 ns, Reaching safepoint: 231792 ns, At safepoint: 7070 ns, Total: 238862 ns
[2021-11-03T05:33:13.478+0000][7][safepoint    ] Safepoint "Cleanup", Time since last: 1002170097 ns, Reaching safepoint: 419246 ns, At safepoint: 10731 ns, Total: 429977 ns
[2021-11-03T05:33:14.485+0000][7][safepoint    ] Safepoint "Cleanup", Time since last: 1007332126 ns, Reaching safepoint: 179188 ns, At safepoint: 7046 ns, Total: 186234 ns
[2021-11-03T05:33:15.494+0000][7][safepoint    ] Safepoint "Cleanup", Time since last: 1008655837 ns, Reaching safepoint: 419694 ns, At safepoint: 10847 ns, Total: 430541 ns
[2021-11-03T05:33:16.497+0000][7][safepoint    ] Safepoint "Cleanup", Time since last: 1002765847 ns, Reaching safepoint: 259333 ns, At safepoint: 6559 ns, Total: 265892 ns
[2021-11-03T05:33:17.502+0000][7][safepoint    ] Safepoint "Cleanup", Time since last: 1004080517 ns, Reaching safepoint: 172412 ns, At safepoint: 6623 ns, Total: 179035 ns
[2021-11-03T05:33:18.505+0000][7][safepoint    ] Safepoint "Cleanup", Time since last: 1002962207 ns, Reaching safepoint: 422442 ns, At safepoint: 10446 ns, Total: 432888 ns
[2021-11-03T05:33:19.510+0000][7][safepoint    ] Safepoint "Cleanup", Time since last: 1005050230 ns, Reaching safepoint: 179071 ns, At safepoint: 75471 ns, Total: 254542 ns
[2021-11-03T05:33:20.513+0000][7][safepoint    ] Safepoint "Cleanup", Time since last: 1002325704 ns, Reaching safepoint: 317562 ns, At safepoint: 6864 ns, Total: 324426 ns
[2021-11-03T05:33:21.516+0000][7][safepoint    ] Safepoint "Cleanup", Time since last: 1003160964 ns, Reaching safepoint: 167890 ns, At safepoint: 6486 ns, Total: 174376 ns
[2021-11-03T05:33:22.528+0000][7][safepoint    ] Safepoint "Cleanup", Time since last: 1011213604 ns, Reaching safepoint: 172380 ns, At safepoint: 6332 ns, Total: 178712 ns
[2021-11-03T05:33:23.539+0000][7][safepoint    ] Safepoint "Cleanup", Time since last: 1011246135 ns, Reaching safepoint: 175707 ns, At safepoint: 7141 ns, Total: 182848 ns
[2021-11-03T05:33:24.542+0000][7][safepoint    ] Safepoint "Cleanup", Time since last: 1002764333 ns, Reaching safepoint: 180667 ns, At safepoint: 6056 ns, Total: 186723 ns
[2021-11-03T05:33:25.553+0000][7][safepoint    ] Safepoint "Cleanup", Time since last: 1010391046 ns, Reaching safepoint: 179083 ns, At safepoint: 7563 ns, Total: 186646 ns
[2021-11-03T05:33:26.557+0000][7][safepoint    ] Safepoint "Cleanup", Time since last: 1003656709 ns, Reaching safepoint: 277914 ns, At safepoint: 9293 ns, Total: 287207 ns
[2021-11-03T05:33:27.561+0000][7][safepoint    ] Safepoint "Cleanup", Time since last: 1004162814 ns, Reaching safepoint: 165815 ns, At safepoint: 5826 ns, Total: 171641 ns
[2021-11-03T05:33:28.564+0000][7][safepoint    ] Safepoint "Cleanup", Time since last: 1002532197 ns, Reaching safepoint: 173500 ns, At safepoint: 5981 ns, Total: 179481 ns
[2021-11-03T05:33:29.567+0000][7][safepoint    ] Safepoint "Cleanup", Time since last: 1002666665 ns, Reaching safepoint: 171755 ns, At safepoint: 6791 ns, Total: 178546 ns
[2021-11-03T05:33:30.569+0000][7][safepoint    ] Safepoint "Cleanup", Time since last: 1002687674 ns, Reaching safepoint: 167954 ns, At safepoint: 6285 ns, Total: 174239 ns
[2021-11-03T05:33:31.576+0000][7][safepoint    ] Safepoint "Cleanup", Time since last: 1006460022 ns, Reaching safepoint: 171008 ns, At safepoint: 6729 ns, Total: 177737 ns
[2021-11-03T05:33:32.585+0000][7][safepoint    ] Safepoint "Cleanup", Time since last: 1008853823 ns, Reaching safepoint: 167836 ns, At safepoint: 7017 ns, Total: 174853 ns
[2021-11-03T05:33:33.574+0000][7][safepoint    ] Safepoint "Cleanup", Time since last: 1009686961 ns, Reaching safepoint: 292738 ns, At safepoint: 76406 ns, Total: 369144 ns
[2021-11-03T05:33:34.581+0000][7][safepoint    ] Safepoint "Cleanup", Time since last: 1006944007 ns, Reaching safepoint: 168653 ns, At safepoint: 5765 ns, Total: 174418 ns
[2021-11-03T05:33:35.584+0000][7][safepoint    ] Safepoint "Cleanup", Time since last: 1002985352 ns, Reaching safepoint: 165957 ns, At safepoint: 6841 ns, Total: 172798 ns
[2021-11-03T05:33:36.588+0000][7][safepoint    ] Safepoint "Cleanup", Time since last: 1003190397 ns, Reaching safepoint: 341284 ns, At safepoint: 7983 ns, Total: 349267 ns
[2021-11-03T05:33:37.591+0000][7][safepoint    ] Safepoint "Cleanup", Time since last: 1002675989 ns, Reaching safepoint: 392779 ns, At safepoint: 8766 ns, Total: 401545 ns
[2021-11-03T05:33:38.594+0000][7][safepoint    ] Safepoint "Cleanup", Time since last: 1002781360 ns, Reaching safepoint: 178168 ns, At safepoint: 5880 ns, Total: 184048 ns
[2021-11-03T05:33:39.598+0000][7][safepoint    ] Safepoint "Cleanup", Time since last: 1003579001 ns, Reaching safepoint: 181770 ns, At safepoint: 6229 ns, Total: 187999 ns
[2021-11-03T05:33:40.600+0000][7][safepoint    ] Safepoint "Cleanup", Time since last: 1002493752 ns, Reaching safepoint: 175545 ns, At safepoint: 6222 ns, Total: 181767 ns
[2021-11-03T05:33:41.604+0000][7][safepoint    ] Safepoint "Cleanup", Time since last: 1003910432 ns, Reaching safepoint: 224050 ns, At safepoint: 5958 ns, Total: 230008 ns
[2021-11-03T05:33:42.608+0000][7][safepoint    ] Safepoint "Cleanup", Time since last: 1003565272 ns, Reaching safepoint: 405524 ns, At safepoint: 9037 ns, Total: 414561 ns
[2021-11-03T05:33:43.612+0000][7][safepoint    ] Safepoint "Cleanup", Time since last: 1003818261 ns, Reaching safepoint: 161458 ns, At safepoint: 6223 ns, Total: 167681 ns
[2021-11-03T05:33:44.615+0000][7][safepoint    ] Safepoint "Cleanup", Time since last: 1002616406 ns, Reaching safepoint: 234600 ns, At safepoint: 7025 ns, Total: 241625 ns
[2021-11-03T05:33:45.618+0000][7][safepoint    ] Safepoint "Cleanup", Time since last: 1002394602 ns, Reaching safepoint: 237308 ns, At safepoint: 6448 ns, Total: 243756 ns
[2021-11-03T05:33:46.621+0000][7][safepoint    ] Safepoint "Cleanup", Time since last: 1002877332 ns, Reaching safepoint: 168021 ns, At safepoint: 6427 ns, Total: 174448 ns
[2021-11-03T05:33:47.623+0000][7][safepoint    ] Safepoint "Cleanup", Time since last: 1002213938 ns, Reaching safepoint: 156726 ns, At safepoint: 5695 ns, Total: 162421 ns
[2021-11-03T05:33:48.626+0000][7][safepoint    ] Safepoint "Cleanup", Time since last: 1002011539 ns, Reaching safepoint: 351216 ns, At safepoint: 7029 ns, Total: 358245 ns
[2021-11-03T05:33:49.628+0000][7][safepoint    ] Safepoint "Cleanup", Time since last: 1001966695 ns, Reaching safepoint: 163634 ns, At safepoint: 5325 ns, Total: 168959 ns
[2021-11-03T05:33:50.631+0000][7][safepoint    ] Safepoint "Cleanup", Time since last: 1002797970 ns, Reaching safepoint: 191422 ns, At safepoint: 6223 ns, Total: 197645 ns
[2021-11-03T05:33:51.635+0000][7][safepoint    ] Safepoint "Cleanup", Time since last: 1003408020 ns, Reaching safepoint: 596191 ns, At safepoint: 19734 ns, Total: 615925 ns
[2021-11-03T05:33:52.638+0000][7][safepoint    ] Safepoint "Cleanup", Time since last: 1002520694 ns, Reaching safepoint: 235569 ns, At safepoint: 7245 ns, Total: 242814 ns
[2021-11-03T05:33:53.640+0000][7][safepoint    ] Safepoint "Cleanup", Time since last: 1002495191 ns, Reaching safepoint: 174293 ns, At safepoint: 4376 ns, Total: 178669 ns
[2021-11-03T05:33:54.643+0000][7][safepoint    ] Safepoint "Cleanup", Time since last: 1001970146 ns, Reaching safepoint: 238422 ns, At safepoint: 7475 ns, Total: 245897 ns
[2021-11-03T05:33:55.645+0000][7][safepoint    ] Safepoint "Cleanup", Time since last: 1002611303 ns, Reaching safepoint: 240878 ns, At safepoint: 6306 ns, Total: 247184 ns
[2021-11-03T05:33:56.649+0000][7][safepoint    ] Safepoint "Cleanup", Time since last: 1003215403 ns, Reaching safepoint: 232710 ns, At safepoint: 5931 ns, Total: 238641 ns
[2021-11-03T05:33:57.651+0000][7][safepoint    ] Safepoint "Cleanup", Time since last: 1002480564 ns, Reaching safepoint: 110686 ns, At safepoint: 2969 ns, Total: 113655 ns
[2021-11-03T05:33:58.653+0000][7][safepoint    ] Safepoint "Cleanup", Time since last: 1001259416 ns, Reaching safepoint: 240462 ns, At safepoint: 6335 ns, Total: 246797 ns
[2021-11-03T05:33:59.656+0000][7][safepoint    ] Safepoint "Cleanup", Time since last: 1003306952 ns, Reaching safepoint: 218971 ns, At safepoint: 8434 ns, Total: 227405 ns
[2021-11-03T05:34:00.660+0000][7][safepoint    ] Safepoint "Cleanup", Time since last: 1003478290 ns, Reaching safepoint: 317544 ns, At safepoint: 17028 ns, Total: 334572 ns
[2021-11-03T05:34:01.669+0000][7][safepoint    ] Safepoint "Cleanup", Time since last: 1007809528 ns, Reaching safepoint: 384438 ns, At safepoint: 9232 ns, Total: 393670 ns
[2021-11-03T05:34:02.650+0000][7][safepoint    ] Safepoint "Cleanup", Time since last: 1002544461 ns, Reaching safepoint: 303278 ns, At safepoint: 6494 ns, Total: 309772 ns
[2021-11-03T05:34:03.653+0000][7][safepoint    ] Safepoint "Cleanup", Time since last: 1002884090 ns, Reaching safepoint: 251488 ns, At safepoint: 7051 ns, Total: 258539 ns
[2021-11-03T05:34:04.659+0000][7][safepoint    ] Safepoint "Cleanup", Time since last: 1005459291 ns, Reaching safepoint: 390015 ns, At safepoint: 81521 ns, Total: 471536 ns
[2021-11-03T05:34:05.662+0000][7][safepoint    ] Safepoint "Cleanup", Time since last: 1002662547 ns, Reaching safepoint: 309828 ns, At safepoint: 11941 ns, Total: 321769 ns
[2021-11-03T05:34:06.670+0000][7][safepoint    ] Safepoint "Cleanup", Time since last: 1007544790 ns, Reaching safepoint: 249086 ns, At safepoint: 6864 ns, Total: 255950 ns
[2021-11-03T05:34:07.673+0000][7][safepoint    ] Safepoint "Cleanup", Time since last: 1002612986 ns, Reaching safepoint: 249193 ns, At safepoint: 6573 ns, Total: 255766 ns
[2021-11-03T05:34:08.677+0000][7][safepoint    ] Safepoint "Cleanup", Time since last: 1003430173 ns, Reaching safepoint: 343439 ns, At safepoint: 7218 ns, Total: 350657 ns
[2021-11-03T05:34:09.680+0000][7][safepoint    ] Safepoint "Cleanup", Time since last: 1002487880 ns, Reaching safepoint: 493124 ns, At safepoint: 9576 ns, Total: 502700 ns
[2021-11-03T05:34:10.686+0000][7][safepoint    ] Safepoint "Cleanup", Time since last: 1005495137 ns, Reaching safepoint: 1053499 ns, At safepoint: 19134 ns, Total: 1072633 ns
[2021-11-03T05:34:11.689+0000][7][safepoint    ] Safepoint "Cleanup", Time since last: 1002097290 ns, Reaching safepoint: 429523 ns, At safepoint: 10966 ns, Total: 440489 ns
[2021-11-03T05:34:12.692+0000][7][safepoint    ] Safepoint "Cleanup", Time since last: 1002304177 ns, Reaching safepoint: 353887 ns, At safepoint: 12948 ns, Total: 366835 ns
[2021-11-03T05:34:13.695+0000][7][safepoint    ] Safepoint "Cleanup", Time since last: 1003274085 ns, Reaching safepoint: 316646 ns, At safepoint: 12066 ns, Total: 328712 ns
[2021-11-03T05:34:14.698+0000][7][safepoint    ] Safepoint "Cleanup", Time since last: 1002537134 ns, Reaching safepoint: 176863 ns, At safepoint: 6254 ns, Total: 183117 ns
[2021-11-03T05:34:15.703+0000][7][safepoint    ] Safepoint "Cleanup", Time since last: 1005101268 ns, Reaching safepoint: 172742 ns, At safepoint: 5870 ns, Total: 178612 ns
[2021-11-03T05:34:16.708+0000][7][safepoint    ] Safepoint "Cleanup", Time since last: 1004589897 ns, Reaching safepoint: 83341 ns, At safepoint: 2228 ns, Total: 85569 ns
[2021-11-03T05:34:17.710+0000][7][safepoint    ] Safepoint "Cleanup", Time since last: 1001607533 ns, Reaching safepoint: 344889 ns, At safepoint: 6838 ns, Total: 351727 ns
[2021-11-03T05:34:18.712+0000][7][safepoint    ] Safepoint "Cleanup", Time since last: 1002266075 ns, Reaching safepoint: 397175 ns, At safepoint: 8919 ns, Total: 406094 ns
[2021-11-03T05:34:19.716+0000][7][safepoint    ] Safepoint "Cleanup", Time since last: 1002953826 ns, Reaching safepoint: 326044 ns, At safepoint: 7469 ns, Total: 333513 ns
[2021-11-03T05:34:20.718+0000][7][safepoint    ] Safepoint "Cleanup", Time since last: 1002098391 ns, Reaching safepoint: 182488 ns, At safepoint: 5731 ns, Total: 188219 ns
[2021-11-03T05:34:21.721+0000][7][safepoint    ] Safepoint "Cleanup", Time since last: 1002570121 ns, Reaching safepoint: 177614 ns, At safepoint: 5775 ns, Total: 183389 ns
[2021-11-03T05:34:22.724+0000][7][safepoint    ] Safepoint "Cleanup", Time since last: 1003075673 ns, Reaching safepoint: 234955 ns, At safepoint: 7227 ns, Total: 242182 ns
[2021-11-03T05:34:23.727+0000][7][safepoint    ] Safepoint "Cleanup", Time since last: 1002634036 ns, Reaching safepoint: 134359 ns, At safepoint: 2840 ns, Total: 137199 ns
[2021-11-03T05:34:24.728+0000][7][safepoint    ] Safepoint "Cleanup", Time since last: 1001311609 ns, Reaching safepoint: 97924 ns, At safepoint: 2223 ns, Total: 100147 ns
[2021-11-03T05:34:25.730+0000][7][safepoint    ] Safepoint "Cleanup", Time since last: 1001174873 ns, Reaching safepoint: 154821 ns, At safepoint: 2871 ns, Total: 157692 ns
[2021-11-03T05:34:26.731+0000][7][safepoint    ] Safepoint "Cleanup", Time since last: 1001136870 ns, Reaching safepoint: 392850 ns, At safepoint: 8990 ns, Total: 401840 ns
[2021-11-03T05:34:27.734+0000][7][safepoint    ] Safepoint "Cleanup", Time since last: 1002654482 ns, Reaching safepoint: 94220 ns, At safepoint: 2590 ns, Total: 96810 ns
[2021-11-03T05:34:28.735+0000][7][safepoint    ] Safepoint "Cleanup", Time since last: 1000923206 ns, Reaching safepoint: 286922 ns, At safepoint: 8407 ns, Total: 295329 ns
[2021-11-03T05:34:29.738+0000][7][safepoint    ] Safepoint "Cleanup", Time since last: 1002452663 ns, Reaching safepoint: 132305 ns, At safepoint: 3347 ns, Total: 135652 ns
[2021-11-03T05:34:30.743+0000][7][safepoint    ] Safepoint "Cleanup", Time since last: 1004831415 ns, Reaching safepoint: 106726 ns, At safepoint: 2052 ns, Total: 108778 ns
[2021-11-03T05:34:31.745+0000][7][safepoint    ] Safepoint "Cleanup", Time since last: 1001848149 ns, Reaching safepoint: 234395 ns, At safepoint: 4386 ns, Total: 238781 ns
[2021-11-03T05:34:32.725+0000][7][safepoint    ] Safepoint "Cleanup", Time since last: 1001391063 ns, Reaching safepoint: 181062 ns, At safepoint: 3623 ns, Total: 184685 ns
[2021-11-03T05:34:33.726+0000][7][safepoint    ] Safepoint "Cleanup", Time since last: 1001062280 ns, Reaching safepoint: 165241 ns, At safepoint: 3373 ns, Total: 168614 ns
[2021-11-03T05:34:34.728+0000][7][safepoint    ] Safepoint "Cleanup", Time since last: 1001604681 ns, Reaching safepoint: 117564 ns, At safepoint: 3286 ns, Total: 120850 ns
[2021-11-03T05:34:35.729+0000][7][safepoint    ] Safepoint "Cleanup", Time since last: 1001084453 ns, Reaching safepoint: 118762 ns, At safepoint: 2878 ns, Total: 121640 ns
[2021-11-03T05:34:36.733+0000][7][safepoint    ] Safepoint "Cleanup", Time since last: 1003017161 ns, Reaching safepoint: 118228 ns, At safepoint: 2552 ns, Total: 120780 ns
[2021-11-03T05:34:37.734+0000][7][safepoint    ] Safepoint "Cleanup", Time since last: 1000954920 ns, Reaching safepoint: 134169 ns, At safepoint: 3895 ns, Total: 138064 ns
[2021-11-03T05:34:38.735+0000][7][safepoint    ] Safepoint "Cleanup", Time since last: 1001209593 ns, Reaching safepoint: 174732 ns, At safepoint: 3419 ns, Total: 178151 ns
[2021-11-03T05:34:39.737+0000][7][safepoint    ] Safepoint "Cleanup", Time since last: 1001382607 ns, Reaching safepoint: 271108 ns, At safepoint: 5740 ns, Total: 276848 ns
[2021-11-03T05:34:40.738+0000][7][safepoint    ] Safepoint "Cleanup", Time since last: 1001318954 ns, Reaching safepoint: 260839 ns, At safepoint: 5626 ns, Total: 266465 ns
[2021-11-03T05:34:41.740+0000][7][safepoint    ] Safepoint "Cleanup", Time since last: 1001895057 ns, Reaching safepoint: 283130 ns, At safepoint: 6078 ns, Total: 289208 ns
[2021-11-03T05:34:42.744+0000][7][safepoint    ] Safepoint "Cleanup", Time since last: 1003057059 ns, Reaching safepoint: 422581 ns, At safepoint: 9377 ns, Total: 431958 ns
[2021-11-03T05:34:43.748+0000][7][safepoint    ] Safepoint "Cleanup", Time since last: 1003694961 ns, Reaching safepoint: 304711 ns, At safepoint: 12034 ns, Total: 316745 ns
[2021-11-03T05:34:44.751+0000][7][safepoint    ] Safepoint "Cleanup", Time since last: 1003208439 ns, Reaching safepoint: 175304 ns, At safepoint: 4599 ns, Total: 179903 ns
[2021-11-03T05:34:45.756+0000][7][safepoint    ] Safepoint "Cleanup", Time since last: 1004758965 ns, Reaching safepoint: 213149 ns, At safepoint: 5138 ns, Total: 218287 ns
[2021-11-03T05:34:46.759+0000][7][safepoint    ] Safepoint "Cleanup", Time since last: 1002861293 ns, Reaching safepoint: 173949 ns, At safepoint: 6026 ns, Total: 179975 ns
[2021-11-03T05:34:47.763+0000][7][safepoint    ] Safepoint "Cleanup", Time since last: 1003503526 ns, Reaching safepoint: 175047 ns, At safepoint: 6637 ns, Total: 181684 ns
[2021-11-03T05:34:48.766+0000][7][safepoint    ] Safepoint "Cleanup", Time since last: 1002559235 ns, Reaching safepoint: 122211 ns, At safepoint: 3541 ns, Total: 125752 ns
[2021-11-03T05:34:49.769+0000][7][safepoint    ] Safepoint "Cleanup", Time since last: 1003130115 ns, Reaching safepoint: 179677 ns, At safepoint: 4950 ns, Total: 184627 ns
[2021-11-03T05:34:50.773+0000][7][safepoint    ] Safepoint "Cleanup", Time since last: 1003418957 ns, Reaching safepoint: 273034 ns, At safepoint: 6129 ns, Total: 279163 ns
[2021-11-03T05:34:51.778+0000][7][safepoint    ] Safepoint "Cleanup", Time since last: 1004868927 ns, Reaching safepoint: 182518 ns, At safepoint: 7048 ns, Total: 189566 ns
[2021-11-03T05:34:52.781+0000][7][safepoint    ] Safepoint "Cleanup", Time since last: 1002816605 ns, Reaching safepoint: 181818 ns, At safepoint: 5833 ns, Total: 187651 ns
[2021-11-03T05:34:53.784+0000][7][safepoint    ] Safepoint "Cleanup", Time since last: 1002831309 ns, Reaching safepoint: 178061 ns, At safepoint: 6230 ns, Total: 184291 ns
[2021-11-03T05:34:54.787+0000][7][safepoint    ] Safepoint "Cleanup", Time since last: 1002655478 ns, Reaching safepoint: 244568 ns, At safepoint: 5116 ns, Total: 249684 ns
[2021-11-03T05:34:55.789+0000][7][safepoint    ] Safepoint "Cleanup", Time since last: 1001970977 ns, Reaching safepoint: 185178 ns, At safepoint: 4828 ns, Total: 190006 ns
[2021-11-03T05:34:56.791+0000][7][safepoint    ] Safepoint "Cleanup", Time since last: 1002110355 ns, Reaching safepoint: 166458 ns, At safepoint: 5545 ns, Total: 172003 ns
[2021-11-03T05:34:57.796+0000][7][safepoint    ] Safepoint "Cleanup", Time since last: 1004196134 ns, Reaching safepoint: 344525 ns, At safepoint: 7711 ns, Total: 352236 ns
[2021-11-03T05:34:58.799+0000][7][safepoint    ] Safepoint "Cleanup", Time since last: 1002710128 ns, Reaching safepoint: 609845 ns, At safepoint: 19963 ns, Total: 629808 ns
[2021-11-03T05:34:59.803+0000][7][safepoint    ] Safepoint "Cleanup", Time since last: 1003772376 ns, Reaching safepoint: 206868 ns, At safepoint: 4619 ns, Total: 211487 ns
[2021-11-03T05:35:00.806+0000][7][safepoint    ] Safepoint "Cleanup", Time since last: 1003121094 ns, Reaching safepoint: 251436 ns, At safepoint: 7046 ns, Total: 258482 ns
[2021-11-03T05:35:01.811+0000][7][safepoint    ] Safepoint "Cleanup", Time since last: 1004147537 ns, Reaching safepoint: 233916 ns, At safepoint: 7390 ns, Total: 241306 ns
[2021-11-03T05:35:02.792+0000][7][safepoint    ] Safepoint "Cleanup", Time since last: 1002540246 ns, Reaching safepoint: 246796 ns, At safepoint: 4688 ns, Total: 251484 ns
[2021-11-03T05:35:03.794+0000][7][safepoint    ] Safepoint "Cleanup", Time since last: 1001861662 ns, Reaching safepoint: 178954 ns, At safepoint: 3450 ns, Total: 182404 ns
[2021-11-03T05:35:04.800+0000][7][safepoint    ] Safepoint "Cleanup", Time since last: 1005522559 ns, Reaching safepoint: 406430 ns, At safepoint: 8555 ns, Total: 414985 ns
[2021-11-03T05:35:05.803+0000][7][safepoint    ] Safepoint "Cleanup", Time since last: 1002315809 ns, Reaching safepoint: 203185 ns, At safepoint: 4443 ns, Total: 207628 ns
[2021-11-03T05:35:06.805+0000][7][safepoint    ] Safepoint "Cleanup", Time since last: 1001522156 ns, Reaching safepoint: 386537 ns, At safepoint: 18661 ns, Total: 405198 ns
[2021-11-03T05:35:07.808+0000][7][safepoint    ] Safepoint "Cleanup", Time since last: 1002845259 ns, Reaching safepoint: 181893 ns, At safepoint: 6185 ns, Total: 188078 ns
[2021-11-03T05:35:08.811+0000][7][safepoint    ] Safepoint "Cleanup", Time since last: 1002646598 ns, Reaching safepoint: 319862 ns, At safepoint: 7458 ns, Total: 327320 ns
[2021-11-03T05:35:09.814+0000][7][safepoint    ] Safepoint "Cleanup", Time since last: 1003120201 ns, Reaching safepoint: 176510 ns, At safepoint: 6264 ns, Total: 182774 ns
[2021-11-03T05:35:10.817+0000][7][safepoint    ] Safepoint "Cleanup", Time since last: 1002606651 ns, Reaching safepoint: 206575 ns, At safepoint: 3148 ns, Total: 209723 ns
[2021-11-03T05:35:11.819+0000][7][safepoint    ] Safepoint "Cleanup", Time since last: 1002505264 ns, Reaching safepoint: 225257 ns, At safepoint: 5380 ns, Total: 230637 ns
[2021-11-03T05:35:12.821+0000][7][safepoint    ] Safepoint "Cleanup", Time since last: 1001670356 ns, Reaching safepoint: 353572 ns, At safepoint: 5823 ns, Total: 359395 ns
[2021-11-03T05:35:13.823+0000][7][safepoint    ] Safepoint "Cleanup", Time since last: 1001302438 ns, Reaching safepoint: 153173 ns, At safepoint: 3137 ns, Total: 156310 ns
[2021-11-03T05:35:14.825+0000][7][safepoint    ] Safepoint "Cleanup", Time since last: 1001474684 ns, Reaching safepoint: 197802 ns, At safepoint: 3892 ns, Total: 201694 ns
[2021-11-03T05:35:15.827+0000][7][safepoint    ] Safepoint "Cleanup", Time since last: 1001393786 ns, Reaching safepoint: 592717 ns, At safepoint: 5981 ns, Total: 598698 ns
[2021-11-03T05:35:16.829+0000][7][safepoint    ] Safepoint "Cleanup", Time since last: 1002323244 ns, Reaching safepoint: 228755 ns, At safepoint: 26285 ns, Total: 255040 ns
[2021-11-03T05:35:17.831+0000][7][safepoint    ] Safepoint "Cleanup", Time since last: 1001631221 ns, Reaching safepoint: 96339 ns, At safepoint: 2191 ns, Total: 98530 ns
[2021-11-03T05:35:18.832+0000][7][safepoint    ] Safepoint "Cleanup", Time since last: 1001382226 ns, Reaching safepoint: 99006 ns, At safepoint: 1691 ns, Total: 100697 ns
[2021-11-03T05:35:19.834+0000][7][safepoint    ] Safepoint "Cleanup", Time since last: 1001363792 ns, Reaching safepoint: 198471 ns, At safepoint: 10240 ns, Total: 208711 ns
[2021-11-03T05:35:20.839+0000][7][safepoint    ] Safepoint "Cleanup", Time since last: 1004974319 ns, Reaching safepoint: 175121 ns, At safepoint: 2660 ns, Total: 177781 ns
[2021-11-03T05:35:21.840+0000][7][safepoint    ] Safepoint "Cleanup", Time since last: 1000982660 ns, Reaching safepoint: 102232 ns, At safepoint: 9952 ns, Total: 112184 ns
[2021-11-03T05:35:22.843+0000][7][safepoint    ] Safepoint "Cleanup", Time since last: 1002981810 ns, Reaching safepoint: 93703 ns, At safepoint: 2717 ns, Total: 96420 ns
[2021-11-03T05:35:23.844+0000][7][safepoint    ] Safepoint "Cleanup", Time since last: 1000792969 ns, Reaching safepoint: 109058 ns, At safepoint: 2237 ns, Total: 111295 ns
[2021-11-03T05:35:24.848+0000][7][safepoint    ] Safepoint "Cleanup", Time since last: 1004011020 ns, Reaching safepoint: 178434 ns, At safepoint: 7123 ns, Total: 185557 ns
[2021-11-03T05:35:25.851+0000][7][safepoint    ] Safepoint "Cleanup", Time since last: 1002508554 ns, Reaching safepoint: 351344 ns, At safepoint: 6434 ns, Total: 357778 ns
[2021-11-03T05:35:26.854+0000][7][safepoint    ] Safepoint "Cleanup", Time since last: 1002808679 ns, Reaching safepoint: 268310 ns, At safepoint: 7017 ns, Total: 275327 ns
[2021-11-03T05:35:27.857+0000][7][safepoint    ] Safepoint "Cleanup", Time since last: 1002603940 ns, Reaching safepoint: 157074 ns, At safepoint: 2213 ns, Total: 159287 ns
[2021-11-03T05:35:28.862+0000][7][safepoint    ] Safepoint "Cleanup", Time since last: 1004609450 ns, Reaching safepoint: 183212 ns, At safepoint: 6367 ns, Total: 189579 ns
[2021-11-03T05:35:29.865+0000][7][safepoint    ] Safepoint "Cleanup", Time since last: 1003015308 ns, Reaching safepoint: 401308 ns, At safepoint: 5645 ns, Total: 406953 ns
[2021-11-03T05:35:30.869+0000][7][safepoint    ] Safepoint "Cleanup", Time since last: 1003241465 ns, Reaching safepoint: 136243 ns, At safepoint: 3842 ns, Total: 140085 ns
[2021-11-03T05:35:31.873+0000][7][safepoint    ] Safepoint "Cleanup", Time since last: 1003281267 ns, Reaching safepoint: 730563 ns, At safepoint: 22187 ns, Total: 752750 ns
[2021-11-03T05:35:32.855+0000][7][safepoint    ] Safepoint "Cleanup", Time since last: 1002909853 ns, Reaching safepoint: 308513 ns, At safepoint: 6088 ns, Total: 314601 ns
[2021-11-03T05:35:33.857+0000][7][safepoint    ] Safepoint "Cleanup", Time since last: 1002015684 ns, Reaching safepoint: 203931 ns, At safepoint: 2781 ns, Total: 206712 ns
[2021-11-03T05:35:34.861+0000][7][safepoint    ] Safepoint "Cleanup", Time since last: 1002537806 ns, Reaching safepoint: 701062 ns, At safepoint: 4065 ns, Total: 705127 ns
[2021-11-03T05:35:35.863+0000][7][safepoint    ] Safepoint "Cleanup", Time since last: 1001758931 ns, Reaching safepoint: 177753 ns, At safepoint: 8079 ns, Total: 185832 ns
[2021-11-03T05:35:36.864+0000][7][safepoint    ] Safepoint "Cleanup", Time since last: 1001243606 ns, Reaching safepoint: 229033 ns, At safepoint: 4614 ns, Total: 233647 ns
[2021-11-03T05:35:37.865+0000][7][safepoint    ] Safepoint "Cleanup", Time since last: 1001100522 ns, Reaching safepoint: 173511 ns, At safepoint: 3861 ns, Total: 177372 ns
[2021-11-03T05:35:38.870+0000][7][safepoint    ] Safepoint "Cleanup", Time since last: 1003577578 ns, Reaching safepoint: 716807 ns, At safepoint: 12437 ns, Total: 729244 ns
[2021-11-03T05:35:39.876+0000][7][safepoint    ] Safepoint "Cleanup", Time since last: 1005694203 ns, Reaching safepoint: 246277 ns, At safepoint: 5562 ns, Total: 251839 ns
[2021-11-03T05:35:40.880+0000][7][safepoint    ] Safepoint "Cleanup", Time since last: 1003441756 ns, Reaching safepoint: 435315 ns, At safepoint: 23876 ns, Total: 459191 ns
[2021-11-03T05:35:41.886+0000][7][safepoint    ] Safepoint "Cleanup", Time since last: 1005563532 ns, Reaching safepoint: 638698 ns, At safepoint: 19734 ns, Total: 658432 ns
[2021-11-03T05:35:42.889+0000][7][safepoint    ] Safepoint "Cleanup", Time since last: 1002413032 ns, Reaching safepoint: 513576 ns, At safepoint: 6541 ns, Total: 520117 ns
[2021-11-03T05:35:43.891+0000][7][safepoint    ] Safepoint "Cleanup", Time since last: 1002282088 ns, Reaching safepoint: 280337 ns, At safepoint: 6724 ns, Total: 287061 ns
[2021-11-03T05:35:44.894+0000][7][safepoint    ] Safepoint "Cleanup", Time since last: 1002386754 ns, Reaching safepoint: 393361 ns, At safepoint: 9502 ns, Total: 402863 ns
[2021-11-03T05:35:45.897+0000][7][safepoint    ] Safepoint "Cleanup", Time since last: 1002673194 ns, Reaching safepoint: 435685 ns, At safepoint: 43767 ns, Total: 479452 ns
[2021-11-03T05:35:46.899+0000][7][safepoint    ] Safepoint "Cleanup", Time since last: 1002054145 ns, Reaching safepoint: 153103 ns, At safepoint: 3853 ns, Total: 156956 ns
[2021-11-03T05:35:47.906+0000][7][safepoint    ] Safepoint "Cleanup", Time since last: 1006194958 ns, Reaching safepoint: 503920 ns, At safepoint: 19575 ns, Total: 523495 ns
[2021-11-03T05:35:48.913+0000][7][safepoint    ] Safepoint "Cleanup", Time since last: 1005764515 ns, Reaching safepoint: 976762 ns, At safepoint: 17364 ns, Total: 994126 ns
[2021-11-03T05:35:49.917+0000][7][safepoint    ] Safepoint "Cleanup", Time since last: 1004019864 ns, Reaching safepoint: 237331 ns, At safepoint: 8898 ns, Total: 246229 ns
[2021-11-03T05:35:50.920+0000][7][safepoint    ] Safepoint "Cleanup", Time since last: 1002812020 ns, Reaching safepoint: 126529 ns, At safepoint: 3435 ns, Total: 129964 ns
[2021-11-03T05:35:51.922+0000][7][safepoint    ] Safepoint "Cleanup", Time since last: 1002096812 ns, Reaching safepoint: 162031 ns, At safepoint: 2939 ns, Total: 164970 ns
[2021-11-03T05:35:52.924+0000][7][safepoint    ] Safepoint "Cleanup", Time since last: 1001759129 ns, Reaching safepoint: 101215 ns, At safepoint: 2869 ns, Total: 104084 ns
[2021-11-03T05:35:53.930+0000][7][safepoint    ] Safepoint "Cleanup", Time since last: 1005069405 ns, Reaching safepoint: 176783 ns, At safepoint: 6291 ns, Total: 183074 ns
[2021-11-03T05:35:54.935+0000][7][safepoint    ] Safepoint "Cleanup", Time since last: 1004903473 ns, Reaching safepoint: 184965 ns, At safepoint: 6839 ns, Total: 191804 ns
[2021-11-03T05:35:55.940+0000][7][safepoint    ] Safepoint "Cleanup", Time since last: 1005408457 ns, Reaching safepoint: 184111 ns, At safepoint: 6910 ns, Total: 191021 ns
[2021-11-03T05:35:56.945+0000][7][safepoint    ] Safepoint "Cleanup", Time since last: 1004947776 ns, Reaching safepoint: 126405 ns, At safepoint: 3283 ns, Total: 129688 ns
[2021-11-03T05:35:57.949+0000][7][safepoint    ] Safepoint "Cleanup", Time since last: 1003230469 ns, Reaching safepoint: 332330 ns, At safepoint: 8845 ns, Total: 341175 ns
[2021-11-03T05:35:58.953+0000][7][safepoint    ] Safepoint "Cleanup", Time since last: 1003039255 ns, Reaching safepoint: 627837 ns, At safepoint: 20656 ns, Total: 648493 ns
[2021-11-03T05:35:59.956+0000][7][safepoint    ] Safepoint "Cleanup", Time since last: 1002846097 ns, Reaching safepoint: 369791 ns, At safepoint: 39764 ns, Total: 409555 ns
[2021-11-03T05:36:00.962+0000][7][safepoint    ] Safepoint "Cleanup", Time since last: 1005314136 ns, Reaching safepoint: 431362 ns, At safepoint: 10082 ns, Total: 441444 ns
[2021-11-03T05:36:01.965+0000][7][safepoint    ] Safepoint "Cleanup", Time since last: 1003163245 ns, Reaching safepoint: 564577 ns, At safepoint: 20410 ns, Total: 584987 ns
[2021-11-03T05:36:02.947+0000][7][safepoint    ] Safepoint "Cleanup", Time since last: 1002339040 ns, Reaching safepoint: 405839 ns, At safepoint: 12006 ns, Total: 417845 ns
[2021-11-03T05:36:03.949+0000][7][safepoint    ] Safepoint "Cleanup", Time since last: 1002639772 ns, Reaching safepoint: 128947 ns, At safepoint: 3253 ns, Total: 132200 ns
[2021-11-03T05:36:04.952+0000][7][safepoint    ] Safepoint "Cleanup", Time since last: 1002911980 ns, Reaching safepoint: 124191 ns, At safepoint: 3767 ns, Total: 127958 ns
[2021-11-03T05:36:05.955+0000][7][safepoint    ] Safepoint "Cleanup", Time since last: 1002716109 ns, Reaching safepoint: 152243 ns, At safepoint: 4457 ns, Total: 156700 ns
[2021-11-03T05:36:06.957+0000][7][safepoint    ] Safepoint "Cleanup", Time since last: 1001413209 ns, Reaching safepoint: 395592 ns, At safepoint: 8300 ns, Total: 403892 ns
[2021-11-03T05:36:07.960+0000][7][safepoint    ] Safepoint "Cleanup", Time since last: 1002271004 ns, Reaching safepoint: 246442 ns, At safepoint: 9024 ns, Total: 255466 ns
[2021-11-03T05:36:08.963+0000][7][safepoint    ] Safepoint "Cleanup", Time since last: 1002831618 ns, Reaching safepoint: 257913 ns, At safepoint: 7550 ns, Total: 265463 ns
[2021-11-03T05:36:09.966+0000][7][safepoint    ] Safepoint "Cleanup", Time since last: 1003229308 ns, Reaching safepoint: 246551 ns, At safepoint: 6134 ns, Total: 252685 ns
[2021-11-03T05:36:10.970+0000][7][safepoint    ] Safepoint "Cleanup", Time since last: 1003951939 ns, Reaching safepoint: 243291 ns, At safepoint: 6775 ns, Total: 250066 ns
[2021-11-03T05:36:11.974+0000][7][safepoint    ] Safepoint "Cleanup", Time since last: 1003254313 ns, Reaching safepoint: 458667 ns, At safepoint: 11029 ns, Total: 469696 ns
[2021-11-03T05:36:12.977+0000][7][safepoint    ] Safepoint "Cleanup", Time since last: 1002585431 ns, Reaching safepoint: 137660 ns, At safepoint: 5042 ns, Total: 142702 ns
[2021-11-03T05:36:13.981+0000][7][safepoint    ] Safepoint "Cleanup", Time since last: 1003211805 ns, Reaching safepoint: 900336 ns, At safepoint: 3539 ns, Total: 903875 ns
[2021-11-03T05:36:14.983+0000][7][safepoint    ] Safepoint "Cleanup", Time since last: 1001639130 ns, Reaching safepoint: 329565 ns, At safepoint: 7753 ns, Total: 337318 ns
[2021-11-03T05:36:15.985+0000][7][safepoint    ] Safepoint "Cleanup", Time since last: 1001825155 ns, Reaching safepoint: 377407 ns, At safepoint: 9807 ns, Total: 387214 ns
[2021-11-03T05:36:16.989+0000][7][safepoint    ] Safepoint "Cleanup", Time since last: 1003529164 ns, Reaching safepoint: 358222 ns, At safepoint: 6288 ns, Total: 364510 ns
[2021-11-03T05:36:17.991+0000][7][safepoint    ] Safepoint "Cleanup", Time since last: 1002191016 ns, Reaching safepoint: 179818 ns, At safepoint: 5868 ns, Total: 185686 ns
[2021-11-03T05:36:18.998+0000][7][safepoint    ] Safepoint "Cleanup", Time since last: 1006328078 ns, Reaching safepoint: 339665 ns, At safepoint: 7015 ns, Total: 346680 ns
[2021-11-03T05:36:20.001+0000][7][safepoint    ] Safepoint "Cleanup", Time since last: 1002450625 ns, Reaching safepoint: 245091 ns, At safepoint: 7080 ns, Total: 252171 ns
[2021-11-03T05:36:21.006+0000][7][safepoint    ] Safepoint "Cleanup", Time since last: 1004516714 ns, Reaching safepoint: 249126 ns, At safepoint: 6578 ns, Total: 255704 ns
[2021-11-03T05:36:22.010+0000][7][safepoint    ] Safepoint "Cleanup", Time since last: 1003567664 ns, Reaching safepoint: 315699 ns, At safepoint: 12683 ns, Total: 328382 ns
[2021-11-03T05:36:23.012+0000][7][safepoint    ] Safepoint "Cleanup", Time since last: 1002565783 ns, Reaching safepoint: 190655 ns, At safepoint: 6735 ns, Total: 197390 ns
[2021-11-03T05:36:24.015+0000][7][safepoint    ] Safepoint "Cleanup", Time since last: 1002613618 ns, Reaching safepoint: 115859 ns, At safepoint: 3684 ns, Total: 119543 ns
[2021-11-03T05:36:25.016+0000][7][safepoint    ] Safepoint "Cleanup", Time since last: 1001288552 ns, Reaching safepoint: 126782 ns, At safepoint: 3703 ns, Total: 130485 ns
[2021-11-03T05:36:26.019+0000][7][safepoint    ] Safepoint "Cleanup", Time since last: 1002315544 ns, Reaching safepoint: 388590 ns, At safepoint: 9608 ns, Total: 398198 ns
[2021-11-03T05:36:27.024+0000][7][safepoint    ] Safepoint "Cleanup", Time since last: 1004771007 ns, Reaching safepoint: 190673 ns, At safepoint: 8157 ns, Total: 198830 ns
[2021-11-03T05:36:28.029+0000][7][safepoint    ] Safepoint "Cleanup", Time since last: 1004301405 ns, Reaching safepoint: 201644 ns, At safepoint: 9944 ns, Total: 211588 ns
[2021-11-03T05:36:29.031+0000][7][safepoint    ] Safepoint "Cleanup", Time since last: 1002379287 ns, Reaching safepoint: 172808 ns, At safepoint: 5806 ns, Total: 178614 ns
[2021-11-03T05:36:30.034+0000][7][safepoint    ] Safepoint "Cleanup", Time since last: 1002391361 ns, Reaching safepoint: 173170 ns, At safepoint: 6010 ns, Total: 179180 ns
[2021-11-03T05:36:31.036+0000][7][safepoint    ] Safepoint "Cleanup", Time since last: 1002423745 ns, Reaching safepoint: 173307 ns, At safepoint: 6165 ns, Total: 179472 ns
[2021-11-03T05:36:32.039+0000][7][safepoint    ] Safepoint "Cleanup", Time since last: 1002722589 ns, Reaching safepoint: 136311 ns, At safepoint: 4078 ns, Total: 140389 ns
[2021-11-03T05:36:33.558+0000][7][safepoint    ] Safepoint "Cleanup", Time since last: 1539920524 ns, Reaching safepoint: 183490 ns, At safepoint: 6743 ns, Total: 190233 ns
[2021-11-03T05:36:34.561+0000][7][safepoint    ] Safepoint "Cleanup", Time since last: 1002584537 ns, Reaching safepoint: 415762 ns, At safepoint: 8460 ns, Total: 424222 ns
[2021-11-03T05:36:35.565+0000][7][safepoint    ] Safepoint "Cleanup", Time since last: 1003613720 ns, Reaching safepoint: 72056 ns, At safepoint: 2380 ns, Total: 74436 ns
[2021-11-03T05:36:36.568+0000][7][safepoint    ] Safepoint "Cleanup", Time since last: 1003061062 ns, Reaching safepoint: 253660 ns, At safepoint: 7163 ns, Total: 260823 ns
[2021-11-03T05:36:37.571+0000][7][safepoint    ] Safepoint "Cleanup", Time since last: 1002333638 ns, Reaching safepoint: 133346 ns, At safepoint: 3376 ns, Total: 136722 ns
[2021-11-03T05:36:38.573+0000][7][safepoint    ] Safepoint "Cleanup", Time since last: 1001868553 ns, Reaching safepoint: 365949 ns, At safepoint: 7589 ns, Total: 373538 ns
[2021-11-03T05:36:39.579+0000][7][safepoint    ] Safepoint "Cleanup", Time since last: 1006259221 ns, Reaching safepoint: 120456 ns, At safepoint: 2674 ns, Total: 123130 ns
[2021-11-03T05:36:40.584+0000][7][safepoint    ] Safepoint "Cleanup", Time since last: 1004784848 ns, Reaching safepoint: 189734 ns, At safepoint: 73396 ns, Total: 263130 ns
[2021-11-03T05:36:41.588+0000][7][safepoint    ] Safepoint "Cleanup", Time since last: 1003830926 ns, Reaching safepoint: 185759 ns, At safepoint: 4218 ns, Total: 189977 ns
[2021-11-03T05:36:42.590+0000][7][safepoint    ] Safepoint "Cleanup", Time since last: 1001619022 ns, Reaching safepoint: 180407 ns, At safepoint: 7508 ns, Total: 187915 ns
[2021-11-03T05:36:43.593+0000][7][safepoint    ] Safepoint "Cleanup", Time since last: 1002282029 ns, Reaching safepoint: 259171 ns, At safepoint: 6316 ns, Total: 265487 ns
[2021-11-03T05:36:44.599+0000][7][safepoint    ] Safepoint "Cleanup", Time since last: 1005403866 ns, Reaching safepoint: 482581 ns, At safepoint: 10946 ns, Total: 493527 ns
[2021-11-03T05:36:45.604+0000][7][safepoint    ] Safepoint "Cleanup", Time since last: 1005230088 ns, Reaching safepoint: 415628 ns, At safepoint: 9718 ns, Total: 425346 ns
[2021-11-03T05:36:46.609+0000][7][safepoint    ] Safepoint "Cleanup", Time since last: 1004208734 ns, Reaching safepoint: 227950 ns, At safepoint: 6922 ns, Total: 234872 ns
[2021-11-03T05:36:47.612+0000][7][safepoint    ] Safepoint "Cleanup", Time since last: 1002873750 ns, Reaching safepoint: 423386 ns, At safepoint: 10453 ns, Total: 433839 ns
[2021-11-03T05:36:48.615+0000][7][safepoint    ] Safepoint "Cleanup", Time since last: 1002966241 ns, Reaching safepoint: 244272 ns, At safepoint: 6643 ns, Total: 250915 ns
[2021-11-03T05:36:49.618+0000][7][safepoint    ] Safepoint "Cleanup", Time since last: 1002743037 ns, Reaching safepoint: 179588 ns, At safepoint: 4502 ns, Total: 184090 ns
[2021-11-03T05:36:50.621+0000][7][safepoint    ] Safepoint "Cleanup", Time since last: 1002726544 ns, Reaching safepoint: 123763 ns, At safepoint: 3091 ns, Total: 126854 ns
[2021-11-03T05:36:51.624+0000][7][safepoint    ] Safepoint "Cleanup", Time since last: 1002738727 ns, Reaching safepoint: 377413 ns, At safepoint: 17948 ns, Total: 395361 ns
[2021-11-03T05:36:52.627+0000][7][safepoint    ] Safepoint "Cleanup", Time since last: 1002300745 ns, Reaching safepoint: 236422 ns, At safepoint: 6930 ns, Total: 243352 ns
[2021-11-03T05:36:53.631+0000][7][safepoint    ] Safepoint "Cleanup", Time since last: 1004321820 ns, Reaching safepoint: 222554 ns, At safepoint: 7414 ns, Total: 229968 ns
[2021-11-03T05:36:54.634+0000][7][safepoint    ] Safepoint "Cleanup", Time since last: 1002936659 ns, Reaching safepoint: 250822 ns, At safepoint: 5466 ns, Total: 256288 ns
[2021-11-03T05:36:55.639+0000][7][safepoint    ] Safepoint "Cleanup", Time since last: 1004175473 ns, Reaching safepoint: 690198 ns, At safepoint: 10142 ns, Total: 700340 ns
[2021-11-03T05:36:56.645+0000][7][safepoint    ] Safepoint "Cleanup", Time since last: 1005887622 ns, Reaching safepoint: 185948 ns, At safepoint: 5321 ns, Total: 191269 ns
[2021-11-03T05:36:57.647+0000][7][safepoint    ] Safepoint "Cleanup", Time since last: 1001810709 ns, Reaching safepoint: 132669 ns, At safepoint: 3499 ns, Total: 136168 ns
[2021-11-03T05:36:58.652+0000][7][safepoint    ] Safepoint "Cleanup", Time since last: 1004579590 ns, Reaching safepoint: 186884 ns, At safepoint: 6191 ns, Total: 193075 ns
[2021-11-03T05:36:59.655+0000][7][safepoint    ] Safepoint "Cleanup", Time since last: 1002316839 ns, Reaching safepoint: 119053 ns, At safepoint: 3180 ns, Total: 122233 ns
[2021-11-03T05:37:00.660+0000][7][safepoint    ] Safepoint "Cleanup", Time since last: 1004670945 ns, Reaching safepoint: 404831 ns, At safepoint: 8384 ns, Total: 413215 ns
[2021-11-03T05:37:01.662+0000][7][safepoint    ] Safepoint "Cleanup", Time since last: 1002012280 ns, Reaching safepoint: 166487 ns, At safepoint: 3759 ns, Total: 170246 ns
[2021-11-03T05:37:02.642+0000][7][safepoint    ] Safepoint "Cleanup", Time since last: 1001190649 ns, Reaching safepoint: 132446 ns, At safepoint: 11249 ns, Total: 143695 ns
[2021-11-03T05:37:03.643+0000][7][safepoint    ] Safepoint "Cleanup", Time since last: 1000995657 ns, Reaching safepoint: 114375 ns, At safepoint: 3671 ns, Total: 118046 ns
[2021-11-03T05:37:04.645+0000][7][safepoint    ] Safepoint "Cleanup", Time since last: 1001362401 ns, Reaching safepoint: 160509 ns, At safepoint: 5086 ns, Total: 165595 ns
[2021-11-03T05:37:05.650+0000][7][safepoint    ] Safepoint "Cleanup", Time since last: 1004933113 ns, Reaching safepoint: 204565 ns, At safepoint: 4506 ns, Total: 209071 ns
[2021-11-03T05:37:06.652+0000][7][safepoint    ] Safepoint "Cleanup", Time since last: 1001512645 ns, Reaching safepoint: 152003 ns, At safepoint: 4182 ns, Total: 156185 ns
[2021-11-03T05:37:07.657+0000][7][safepoint    ] Safepoint "Cleanup", Time since last: 1004674043 ns, Reaching safepoint: 197921 ns, At safepoint: 3727 ns, Total: 201648 ns
[2021-11-03T05:37:08.663+0000][7][safepoint    ] Safepoint "Cleanup", Time since last: 1006188893 ns, Reaching safepoint: 198158 ns, At safepoint: 4731 ns, Total: 202889 ns
[2021-11-03T05:37:09.667+0000][7][safepoint    ] Safepoint "Cleanup", Time since last: 1003819377 ns, Reaching safepoint: 160798 ns, At safepoint: 3087 ns, Total: 163885 ns
[2021-11-03T05:37:10.668+0000][7][safepoint    ] Safepoint "Cleanup", Time since last: 1001310062 ns, Reaching safepoint: 79299 ns, At safepoint: 2175 ns, Total: 81474 ns
[2021-11-03T05:37:11.670+0000][7][safepoint    ] Safepoint "Cleanup", Time since last: 1001783653 ns, Reaching safepoint: 123104 ns, At safepoint: 3624 ns, Total: 126728 ns
[2021-11-03T05:37:12.672+0000][7][safepoint    ] Safepoint "Cleanup", Time since last: 1001337944 ns, Reaching safepoint: 94152 ns, At safepoint: 2702 ns, Total: 96854 ns
[2021-11-03T05:37:13.673+0000][7][safepoint    ] Safepoint "Cleanup", Time since last: 1001014668 ns, Reaching safepoint: 128198 ns, At safepoint: 3230 ns, Total: 131428 ns
[2021-11-03T05:37:14.674+0000][7][safepoint    ] Safepoint "Cleanup", Time since last: 1001031839 ns, Reaching safepoint: 85155 ns, At safepoint: 2625 ns, Total: 87780 ns
[2021-11-03T05:37:15.675+0000][7][safepoint    ] Safepoint "Cleanup", Time since last: 1000936118 ns, Reaching safepoint: 111620 ns, At safepoint: 2380 ns, Total: 114000 ns
[2021-11-03T05:37:16.676+0000][7][safepoint    ] Safepoint "Cleanup", Time since last: 1001020443 ns, Reaching safepoint: 77026 ns, At safepoint: 1941 ns, Total: 78967 ns
[2021-11-03T05:37:17.678+0000][7][safepoint    ] Safepoint "Cleanup", Time since last: 1002083336 ns, Reaching safepoint: 133091 ns, At safepoint: 3946 ns, Total: 137037 ns
[2021-11-03T05:37:18.680+0000][7][safepoint    ] Safepoint "Cleanup", Time since last: 1001616829 ns, Reaching safepoint: 88861 ns, At safepoint: 1950 ns, Total: 90811 ns
[2021-11-03T05:37:19.682+0000][7][safepoint    ] Safepoint "Cleanup", Time since last: 1001999654 ns, Reaching safepoint: 86743 ns, At safepoint: 2194 ns, Total: 88937 ns
[2021-11-03T05:37:20.684+0000][7][safepoint    ] Safepoint "Cleanup", Time since last: 1001863397 ns, Reaching safepoint: 83481 ns, At safepoint: 2506 ns, Total: 85987 ns
[2021-11-03T05:37:21.687+0000][7][safepoint    ] Safepoint "Cleanup", Time since last: 1003035338 ns, Reaching safepoint: 138343 ns, At safepoint: 4290 ns, Total: 142633 ns
[2021-11-03T05:37:22.688+0000][7][safepoint    ] Safepoint "Cleanup", Time since last: 1001131286 ns, Reaching safepoint: 85127 ns, At safepoint: 2601 ns, Total: 87728 ns
[2021-11-03T05:37:23.689+0000][7][safepoint    ] Safepoint "Cleanup", Time since last: 1000916914 ns, Reaching safepoint: 79869 ns, At safepoint: 3182 ns, Total: 83051 ns
[2021-11-03T05:37:24.691+0000][7][safepoint    ] Safepoint "Cleanup", Time since last: 1001464351 ns, Reaching safepoint: 95464 ns, At safepoint: 2466 ns, Total: 97930 ns
[2021-11-03T05:37:25.695+0000][7][safepoint    ] Safepoint "Cleanup", Time since last: 1003481336 ns, Reaching safepoint: 87131 ns, At safepoint: 2384 ns, Total: 89515 ns
[2021-11-03T05:37:26.696+0000][7][safepoint    ] Safepoint "Cleanup", Time since last: 1001105626 ns, Reaching safepoint: 85895 ns, At safepoint: 32377 ns, Total: 118272 ns
[2021-11-03T05:37:27.698+0000][7][safepoint    ] Safepoint "Cleanup", Time since last: 1002193437 ns, Reaching safepoint: 121832 ns, At safepoint: 3023 ns, Total: 124855 ns
[2021-11-03T05:37:28.700+0000][7][safepoint    ] Safepoint "Cleanup", Time since last: 1001425143 ns, Reaching safepoint: 195762 ns, At safepoint: 3761 ns, Total: 199523 ns
[2021-11-03T05:37:29.703+0000][7][safepoint    ] Safepoint "Cleanup", Time since last: 1002916415 ns, Reaching safepoint: 233011 ns, At safepoint: 3720 ns, Total: 236731 ns
[2021-11-03T05:37:30.705+0000][7][safepoint    ] Safepoint "Cleanup", Time since last: 1001484683 ns, Reaching safepoint: 160242 ns, At safepoint: 5667 ns, Total: 165909 ns
[2021-11-03T05:37:31.707+0000][7][safepoint    ] Safepoint "Cleanup", Time since last: 1002049088 ns, Reaching safepoint: 128611 ns, At safepoint: 2446 ns, Total: 131057 ns
[2021-11-03T05:37:32.689+0000][7][safepoint    ] Safepoint "Cleanup", Time since last: 1002813682 ns, Reaching safepoint: 165211 ns, At safepoint: 4795 ns, Total: 170006 ns
[2021-11-03T05:37:33.692+0000][7][safepoint    ] Safepoint "Cleanup", Time since last: 1002977855 ns, Reaching safepoint: 161482 ns, At safepoint: 3046 ns, Total: 164528 ns
[2021-11-03T05:37:34.694+0000][7][safepoint    ] Safepoint "Cleanup", Time since last: 1001565767 ns, Reaching safepoint: 432415 ns, At safepoint: 12069 ns, Total: 444484 ns
[2021-11-03T05:37:35.697+0000][7][safepoint    ] Safepoint "Cleanup", Time since last: 1003288289 ns, Reaching safepoint: 238091 ns, At safepoint: 9073 ns, Total: 247164 ns
[2021-11-03T05:37:36.700+0000][7][safepoint    ] Safepoint "Cleanup", Time since last: 1002839754 ns, Reaching safepoint: 272601 ns, At safepoint: 6213 ns, Total: 278814 ns
[2021-11-03T05:37:37.703+0000][7][safepoint    ] Safepoint "Cleanup", Time since last: 1002792715 ns, Reaching safepoint: 154222 ns, At safepoint: 2723 ns, Total: 156945 ns
[2021-11-03T05:37:38.708+0000][7][safepoint    ] Safepoint "Cleanup", Time since last: 1004598106 ns, Reaching safepoint: 179599 ns, At safepoint: 4975 ns, Total: 184574 ns
[2021-11-03T05:37:39.710+0000][7][safepoint    ] Safepoint "Cleanup", Time since last: 1001346961 ns, Reaching safepoint: 156756 ns, At safepoint: 2932 ns, Total: 159688 ns
[2021-11-03T05:37:40.714+0000][7][safepoint    ] Safepoint "Cleanup", Time since last: 1004354742 ns, Reaching safepoint: 98866 ns, At safepoint: 2520 ns, Total: 101386 ns
[2021-11-03T05:37:41.716+0000][7][safepoint    ] Safepoint "Cleanup", Time since last: 1001515656 ns, Reaching safepoint: 417284 ns, At safepoint: 6588 ns, Total: 423872 ns
[2021-11-03T05:37:42.718+0000][7][safepoint    ] Safepoint "Cleanup", Time since last: 1002235017 ns, Reaching safepoint: 100337 ns, At safepoint: 2644 ns, Total: 102981 ns
[2021-11-03T05:37:43.723+0000][7][safepoint    ] Safepoint "Cleanup", Time since last: 1004645818 ns, Reaching safepoint: 171101 ns, At safepoint: 2824 ns, Total: 173925 ns
[2021-11-03T05:37:44.725+0000][7][safepoint    ] Safepoint "Cleanup", Time since last: 1001992396 ns, Reaching safepoint: 139673 ns, At safepoint: 3220 ns, Total: 142893 ns
[2021-11-03T05:37:45.727+0000][7][safepoint    ] Safepoint "Cleanup", Time since last: 1001391747 ns, Reaching safepoint: 494422 ns, At safepoint: 12466 ns, Total: 506888 ns
[2021-11-03T05:37:46.733+0000][7][safepoint    ] Safepoint "Cleanup", Time since last: 1005749335 ns, Reaching safepoint: 138206 ns, At safepoint: 2982 ns, Total: 141188 ns
[2021-11-03T05:37:47.737+0000][7][safepoint    ] Safepoint "Cleanup", Time since last: 1003427819 ns, Reaching safepoint: 338665 ns, At safepoint: 12321 ns, Total: 350986 ns
[2021-11-03T05:37:48.741+0000][7][safepoint    ] Safepoint "Cleanup", Time since last: 1003876764 ns, Reaching safepoint: 269017 ns, At safepoint: 10840 ns, Total: 279857 ns
[2021-11-03T05:37:49.744+0000][7][safepoint    ] Safepoint "Cleanup", Time since last: 1002382657 ns, Reaching safepoint: 136378 ns, At safepoint: 4627 ns, Total: 141005 ns
[2021-11-03T05:37:50.746+0000][7][safepoint    ] Safepoint "Cleanup", Time since last: 1002347719 ns, Reaching safepoint: 152992 ns, At safepoint: 5645 ns, Total: 158637 ns
[2021-11-03T05:37:51.748+0000][7][safepoint    ] Safepoint "Cleanup", Time since last: 1002000834 ns, Reaching safepoint: 180812 ns, At safepoint: 6501 ns, Total: 187313 ns
[2021-11-03T05:37:52.754+0000][7][safepoint    ] Safepoint "Cleanup", Time since last: 1005202237 ns, Reaching safepoint: 104215 ns, At safepoint: 32073 ns, Total: 136288 ns
[2021-11-03T05:37:53.757+0000][7][safepoint    ] Safepoint "Cleanup", Time since last: 1002696028 ns, Reaching safepoint: 175084 ns, At safepoint: 6301 ns, Total: 181385 ns
[2021-11-03T05:37:54.759+0000][7][safepoint    ] Safepoint "Cleanup", Time since last: 1002581986 ns, Reaching safepoint: 170982 ns, At safepoint: 4683 ns, Total: 175665 ns
[2021-11-03T05:37:55.763+0000][7][safepoint    ] Safepoint "Cleanup", Time since last: 1003456789 ns, Reaching safepoint: 106723 ns, At safepoint: 3110 ns, Total: 109833 ns
[2021-11-03T05:37:56.764+0000][7][safepoint    ] Safepoint "Cleanup", Time since last: 1001452380 ns, Reaching safepoint: 100364 ns, At safepoint: 2125 ns, Total: 102489 ns
[2021-11-03T05:37:57.766+0000][7][safepoint    ] Safepoint "Cleanup", Time since last: 1001261112 ns, Reaching safepoint: 348082 ns, At safepoint: 5586 ns, Total: 353668 ns
[2021-11-03T05:37:58.768+0000][7][safepoint    ] Safepoint "Cleanup", Time since last: 1002043996 ns, Reaching safepoint: 413268 ns, At safepoint: 9251 ns, Total: 422519 ns
[2021-11-03T05:37:59.772+0000][7][safepoint    ] Safepoint "Cleanup", Time since last: 1002932989 ns, Reaching safepoint: 182337 ns, At safepoint: 5761 ns, Total: 188098 ns
[2021-11-03T05:38:00.775+0000][7][safepoint    ] Safepoint "Cleanup", Time since last: 1002956393 ns, Reaching safepoint: 445091 ns, At safepoint: 6916 ns, Total: 452007 ns
[2021-11-03T05:38:01.780+0000][7][safepoint    ] Safepoint "Cleanup", Time since last: 1004577869 ns, Reaching safepoint: 332794 ns, At safepoint: 5313 ns, Total: 338107 ns
[2021-11-03T05:38:02.762+0000][7][safepoint    ] Safepoint "Cleanup", Time since last: 1002855201 ns, Reaching safepoint: 286264 ns, At safepoint: 7929 ns, Total: 294193 ns
[2021-11-03T05:38:03.765+0000][7][safepoint    ] Safepoint "Cleanup", Time since last: 1002377729 ns, Reaching safepoint: 97651 ns, At safepoint: 3115 ns, Total: 100766 ns
[2021-11-03T05:38:04.766+0000][7][safepoint    ] Safepoint "Cleanup", Time since last: 1001503125 ns, Reaching safepoint: 155546 ns, At safepoint: 3586 ns, Total: 159132 ns
[2021-11-03T05:38:05.768+0000][7][safepoint    ] Safepoint "Cleanup", Time since last: 1001519550 ns, Reaching safepoint: 310700 ns, At safepoint: 6326 ns, Total: 317026 ns
[2021-11-03T05:38:06.772+0000][7][safepoint    ] Safepoint "Cleanup", Time since last: 1003348435 ns, Reaching safepoint: 100867 ns, At safepoint: 2926 ns, Total: 103793 ns
[2021-11-03T05:38:07.773+0000][7][safepoint    ] Safepoint "Cleanup", Time since last: 1001493018 ns, Reaching safepoint: 134537 ns, At safepoint: 4547 ns, Total: 139084 ns
[2021-11-03T05:38:08.776+0000][7][safepoint    ] Safepoint "Cleanup", Time since last: 1002113726 ns, Reaching safepoint: 280519 ns, At safepoint: 6357 ns, Total: 286876 ns
[2021-11-03T05:38:09.782+0000][7][safepoint    ] Safepoint "Cleanup", Time since last: 1006101097 ns, Reaching safepoint: 450715 ns, At safepoint: 8518 ns, Total: 459233 ns
[2021-11-03T05:38:10.785+0000][7][safepoint    ] Safepoint "Cleanup", Time since last: 1002939291 ns, Reaching safepoint: 173223 ns, At safepoint: 6172 ns, Total: 179395 ns
[2021-11-03T05:38:11.789+0000][7][safepoint    ] Safepoint "Cleanup", Time since last: 1003939118 ns, Reaching safepoint: 170191 ns, At safepoint: 6859 ns, Total: 177050 ns
[2021-11-03T05:38:12.794+0000][7][safepoint    ] Safepoint "Cleanup", Time since last: 1004589822 ns, Reaching safepoint: 396707 ns, At safepoint: 8076 ns, Total: 404783 ns
[2021-11-03T05:38:13.797+0000][7][safepoint    ] Safepoint "Cleanup", Time since last: 1002531513 ns, Reaching safepoint: 118361 ns, At safepoint: 3125 ns, Total: 121486 ns
[2021-11-03T05:38:14.799+0000][7][safepoint    ] Safepoint "Cleanup", Time since last: 1001636769 ns, Reaching safepoint: 387501 ns, At safepoint: 7420 ns, Total: 394921 ns
[2021-11-03T05:38:15.801+0000][7][safepoint    ] Safepoint "Cleanup", Time since last: 1002098286 ns, Reaching safepoint: 298052 ns, At safepoint: 7510 ns, Total: 305562 ns
[2021-11-03T05:38:16.804+0000][7][safepoint    ] Safepoint "Cleanup", Time since last: 1002285542 ns, Reaching safepoint: 292508 ns, At safepoint: 6885 ns, Total: 299393 ns
[2021-11-03T05:38:17.806+0000][7][safepoint    ] Safepoint "Cleanup", Time since last: 1002024240 ns, Reaching safepoint: 179979 ns, At safepoint: 6196 ns, Total: 186175 ns
[2021-11-03T05:38:18.808+0000][7][safepoint    ] Safepoint "Cleanup", Time since last: 1001433208 ns, Reaching safepoint: 350654 ns, At safepoint: 5529 ns, Total: 356183 ns
[2021-11-03T05:38:19.811+0000][7][safepoint    ] Safepoint "Cleanup", Time since last: 1002585049 ns, Reaching safepoint: 520692 ns, At safepoint: 14348 ns, Total: 535040 ns
[2021-11-03T05:38:20.815+0000][7][safepoint    ] Safepoint "Cleanup", Time since last: 1003362426 ns, Reaching safepoint: 646757 ns, At safepoint: 10759 ns, Total: 657516 ns
[2021-11-03T05:38:21.819+0000][7][safepoint    ] Safepoint "Cleanup", Time since last: 1003738706 ns, Reaching safepoint: 379314 ns, At safepoint: 6748 ns, Total: 386062 ns
[2021-11-03T05:38:22.824+0000][7][safepoint    ] Safepoint "Cleanup", Time since last: 1004244969 ns, Reaching safepoint: 377493 ns, At safepoint: 7353 ns, Total: 384846 ns
[2021-11-03T05:38:23.829+0000][7][safepoint    ] Safepoint "Cleanup", Time since last: 1004374176 ns, Reaching safepoint: 479736 ns, At safepoint: 8880 ns, Total: 488616 ns
[2021-11-03T05:38:24.831+0000][7][safepoint    ] Safepoint "Cleanup", Time since last: 1001887206 ns, Reaching safepoint: 384379 ns, At safepoint: 5431 ns, Total: 389810 ns
[2021-11-03T05:38:25.834+0000][7][safepoint    ] Safepoint "Cleanup", Time since last: 1002365228 ns, Reaching safepoint: 483443 ns, At safepoint: 11020 ns, Total: 494463 ns
[2021-11-03T05:38:26.837+0000][7][safepoint    ] Safepoint "Cleanup", Time since last: 1002753367 ns, Reaching safepoint: 453535 ns, At safepoint: 12390 ns, Total: 465925 ns
[2021-11-03T05:38:27.840+0000][7][safepoint    ] Safepoint "Cleanup", Time since last: 1002306838 ns, Reaching safepoint: 552517 ns, At safepoint: 12482 ns, Total: 564999 ns
[2021-11-03T05:38:28.843+0000][7][safepoint    ] Safepoint "Cleanup", Time since last: 1003089047 ns, Reaching safepoint: 336661 ns, At safepoint: 7028 ns, Total: 343689 ns
[2021-11-03T05:38:29.847+0000][7][safepoint    ] Safepoint "Cleanup", Time since last: 1003532384 ns, Reaching safepoint: 270470 ns, At safepoint: 8349 ns, Total: 278819 ns
[2021-11-03T05:38:30.850+0000][7][safepoint    ] Safepoint "Cleanup", Time since last: 1002758263 ns, Reaching safepoint: 138388 ns, At safepoint: 3969 ns, Total: 142357 ns
[2021-11-03T05:38:31.852+0000][7][safepoint    ] Safepoint "Cleanup", Time since last: 1001653671 ns, Reaching safepoint: 191253 ns, At safepoint: 4496 ns, Total: 195749 ns
[2021-11-03T05:38:32.834+0000][7][safepoint    ] Safepoint "Cleanup", Time since last: 1001134032 ns, Reaching safepoint: 247263 ns, At safepoint: 5363 ns, Total: 252626 ns
[2021-11-03T05:38:33.836+0000][7][safepoint    ] Safepoint "Cleanup", Time since last: 1001352502 ns, Reaching safepoint: 254212 ns, At safepoint: 6185 ns, Total: 260397 ns
[2021-11-03T05:38:34.841+0000][7][safepoint    ] Safepoint "Cleanup", Time since last: 1005117747 ns, Reaching safepoint: 98411 ns, At safepoint: 2187 ns, Total: 100598 ns
[2021-11-03T05:38:35.843+0000][7][safepoint    ] Safepoint "Cleanup", Time since last: 1001737377 ns, Reaching safepoint: 102045 ns, At safepoint: 3491 ns, Total: 105536 ns
[2021-11-03T05:38:36.849+0000][7][safepoint    ] Safepoint "Cleanup", Time since last: 1005170625 ns, Reaching safepoint: 414046 ns, At safepoint: 8182 ns, Total: 422228 ns
[2021-11-03T05:38:37.852+0000][7][safepoint    ] Safepoint "Cleanup", Time since last: 1003431897 ns, Reaching safepoint: 238291 ns, At safepoint: 6843 ns, Total: 245134 ns
[2021-11-03T05:38:38.855+0000][7][safepoint    ] Safepoint "Cleanup", Time since last: 1002291325 ns, Reaching safepoint: 340132 ns, At safepoint: 5504 ns, Total: 345636 ns
[2021-11-03T05:38:39.858+0000][7][safepoint    ] Safepoint "Cleanup", Time since last: 1002800891 ns, Reaching safepoint: 285343 ns, At safepoint: 7431 ns, Total: 292774 ns
[2021-11-03T05:38:40.860+0000][7][safepoint    ] Safepoint "Cleanup", Time since last: 1002317104 ns, Reaching safepoint: 106412 ns, At safepoint: 33479 ns, Total: 139891 ns
[2021-11-03T05:38:41.864+0000][7][safepoint    ] Safepoint "Cleanup", Time since last: 1003240114 ns, Reaching safepoint: 283878 ns, At safepoint: 8787 ns, Total: 292665 ns
[2021-11-03T05:38:42.867+0000][7][safepoint    ] Safepoint "Cleanup", Time since last: 1003109045 ns, Reaching safepoint: 208559 ns, At safepoint: 4603 ns, Total: 213162 ns
[2021-11-03T05:38:43.869+0000][7][safepoint    ] Safepoint "Cleanup", Time since last: 1001255771 ns, Reaching safepoint: 148968 ns, At safepoint: 2792 ns, Total: 151760 ns
[2021-11-03T05:38:44.871+0000][7][safepoint    ] Safepoint "Cleanup", Time since last: 1001745801 ns, Reaching safepoint: 150915 ns, At safepoint: 4052 ns, Total: 154967 ns
[2021-11-03T05:38:45.875+0000][7][safepoint    ] Safepoint "Cleanup", Time since last: 1004127395 ns, Reaching safepoint: 136513 ns, At safepoint: 3418 ns, Total: 139931 ns
[2021-11-03T05:38:46.878+0000][7][safepoint    ] Safepoint "Cleanup", Time since last: 1002550180 ns, Reaching safepoint: 151550 ns, At safepoint: 2689 ns, Total: 154239 ns
[2021-11-03T05:38:47.879+0000][7][safepoint    ] Safepoint "Cleanup", Time since last: 1001647766 ns, Reaching safepoint: 107156 ns, At safepoint: 2289 ns, Total: 109445 ns
[2021-11-03T05:38:48.884+0000][7][safepoint    ] Safepoint "Cleanup", Time since last: 1004571896 ns, Reaching safepoint: 367978 ns, At safepoint: 19936 ns, Total: 387914 ns
[2021-11-03T05:38:49.888+0000][7][safepoint    ] Safepoint "Cleanup", Time since last: 1003602562 ns, Reaching safepoint: 264633 ns, At safepoint: 9206 ns, Total: 273839 ns
[2021-11-03T05:38:50.892+0000][7][safepoint    ] Safepoint "Cleanup", Time since last: 1003113539 ns, Reaching safepoint: 270626 ns, At safepoint: 7958 ns, Total: 278584 ns
[2021-11-03T05:38:51.895+0000][7][safepoint    ] Safepoint "Cleanup", Time since last: 1003217659 ns, Reaching safepoint: 286906 ns, At safepoint: 7090 ns, Total: 293996 ns
[2021-11-03T05:38:52.899+0000][7][safepoint    ] Safepoint "Cleanup", Time since last: 1003570819 ns, Reaching safepoint: 277602 ns, At safepoint: 6729 ns, Total: 284331 ns
[2021-11-03T05:38:53.902+0000][7][safepoint    ] Safepoint "Cleanup", Time since last: 1002535016 ns, Reaching safepoint: 114019 ns, At safepoint: 2756 ns, Total: 116775 ns
[2021-11-03T05:38:54.904+0000][7][safepoint    ] Safepoint "Cleanup", Time since last: 1001773456 ns, Reaching safepoint: 214978 ns, At safepoint: 11331 ns, Total: 226309 ns
[2021-11-03T05:38:55.907+0000][7][safepoint    ] Safepoint "Cleanup", Time since last: 1003281919 ns, Reaching safepoint: 174546 ns, At safepoint: 6258 ns, Total: 180804 ns
[2021-11-03T05:38:56.910+0000][7][safepoint    ] Safepoint "Cleanup", Time since last: 1002578322 ns, Reaching safepoint: 263868 ns, At safepoint: 6186 ns, Total: 270054 ns
[2021-11-03T05:38:57.914+0000][7][safepoint    ] Safepoint "Cleanup", Time since last: 1003587686 ns, Reaching safepoint: 183015 ns, At safepoint: 7997 ns, Total: 191012 ns
[2021-11-03T05:38:58.920+0000][7][safepoint    ] Safepoint "Cleanup", Time since last: 1006602096 ns, Reaching safepoint: 184318 ns, At safepoint: 6059 ns, Total: 190377 ns
[2021-11-03T05:38:59.923+0000][7][safepoint    ] Safepoint "Cleanup", Time since last: 1002510437 ns, Reaching safepoint: 287407 ns, At safepoint: 11704 ns, Total: 299111 ns
[2021-11-03T05:39:00.925+0000][7][safepoint    ] Safepoint "Cleanup", Time since last: 1001628592 ns, Reaching safepoint: 259505 ns, At safepoint: 21447 ns, Total: 280952 ns
[2021-11-03T05:39:01.928+0000][7][safepoint    ] Safepoint "Cleanup", Time since last: 1002927107 ns, Reaching safepoint: 171666 ns, At safepoint: 5777 ns, Total: 177443 ns
[2021-11-03T05:39:02.910+0000][7][safepoint    ] Safepoint "Cleanup", Time since last: 1002361487 ns, Reaching safepoint: 273209 ns, At safepoint: 6974 ns, Total: 280183 ns
[2021-11-03T05:39:03.912+0000][7][safepoint    ] Safepoint "Cleanup", Time since last: 1001618284 ns, Reaching safepoint: 257097 ns, At safepoint: 3976 ns, Total: 261073 ns
[2021-11-03T05:39:04.914+0000][7][safepoint    ] Safepoint "Cleanup", Time since last: 1002417533 ns, Reaching safepoint: 188030 ns, At safepoint: 5572 ns, Total: 193602 ns
[2021-11-03T05:39:05.919+0000][7][safepoint    ] Safepoint "Cleanup", Time since last: 1004643102 ns, Reaching safepoint: 236299 ns, At safepoint: 6918 ns, Total: 243217 ns
[2021-11-03T05:39:06.922+0000][7][safepoint    ] Safepoint "Cleanup", Time since last: 1002458381 ns, Reaching safepoint: 267494 ns, At safepoint: 6341 ns, Total: 273835 ns
[2021-11-03T05:39:07.926+0000][7][safepoint    ] Safepoint "Cleanup", Time since last: 1004074808 ns, Reaching safepoint: 298288 ns, At safepoint: 7311 ns, Total: 305599 ns
[2021-11-03T05:39:08.931+0000][7][safepoint    ] Safepoint "Cleanup", Time since last: 1004490280 ns, Reaching safepoint: 159641 ns, At safepoint: 5826 ns, Total: 165467 ns
[2021-11-03T05:39:09.934+0000][7][safepoint    ] Safepoint "Cleanup", Time since last: 1002903373 ns, Reaching safepoint: 123606 ns, At safepoint: 3054 ns, Total: 126660 ns
[2021-11-03T05:39:10.936+0000][7][safepoint    ] Safepoint "Cleanup", Time since last: 1001238345 ns, Reaching safepoint: 651999 ns, At safepoint: 10948 ns, Total: 662947 ns
[2021-11-03T05:39:11.939+0000][7][safepoint    ] Safepoint "Cleanup", Time since last: 1002431277 ns, Reaching safepoint: 253792 ns, At safepoint: 99550 ns, Total: 353342 ns
[2021-11-03T05:39:12.944+0000][7][safepoint    ] Safepoint "Cleanup", Time since last: 1005006769 ns, Reaching safepoint: 249391 ns, At safepoint: 5837 ns, Total: 255228 ns
[2021-11-03T05:39:13.947+0000][7][safepoint    ] Safepoint "Cleanup", Time since last: 1002685199 ns, Reaching safepoint: 448767 ns, At safepoint: 21452 ns, Total: 470219 ns
[2021-11-03T05:39:14.950+0000][7][safepoint    ] Safepoint "Cleanup", Time since last: 1002801005 ns, Reaching safepoint: 249910 ns, At safepoint: 7281 ns, Total: 257191 ns
[2021-11-03T05:39:15.956+0000][7][safepoint    ] Safepoint "Cleanup", Time since last: 1005733743 ns, Reaching safepoint: 224783 ns, At safepoint: 4865 ns, Total: 229648 ns
[2021-11-03T05:39:16.960+0000][7][safepoint    ] Safepoint "Cleanup", Time since last: 1003689479 ns, Reaching safepoint: 122422 ns, At safepoint: 3338 ns, Total: 125760 ns
[2021-11-03T05:39:17.963+0000][7][safepoint    ] Safepoint "Cleanup", Time since last: 1002226969 ns, Reaching safepoint: 298170 ns, At safepoint: 7238 ns, Total: 305408 ns
[2021-11-03T05:39:18.968+0000][7][safepoint    ] Safepoint "Cleanup", Time since last: 1005648276 ns, Reaching safepoint: 245353 ns, At safepoint: 6440 ns, Total: 251793 ns
[2021-11-03T05:39:19.972+0000][7][safepoint    ] Safepoint "Cleanup", Time since last: 1003627321 ns, Reaching safepoint: 329327 ns, At safepoint: 13322 ns, Total: 342649 ns
[2021-11-03T05:39:20.979+0000][7][safepoint    ] Safepoint "Cleanup", Time since last: 1006013964 ns, Reaching safepoint: 162753 ns, At safepoint: 5404 ns, Total: 168157 ns
[2021-11-03T05:39:21.983+0000][7][safepoint    ] Safepoint "Cleanup", Time since last: 1004368269 ns, Reaching safepoint: 172577 ns, At safepoint: 6087 ns, Total: 178664 ns
[2021-11-03T05:39:22.986+0000][7][safepoint    ] Safepoint "Cleanup", Time since last: 1002415867 ns, Reaching safepoint: 355390 ns, At safepoint: 12169 ns, Total: 367559 ns
[2021-11-03T05:39:23.994+0000][7][safepoint    ] Safepoint "Cleanup", Time since last: 1006581708 ns, Reaching safepoint: 1084691 ns, At safepoint: 13875 ns, Total: 1098566 ns
[2021-11-03T05:39:24.998+0000][7][safepoint    ] Safepoint "Cleanup", Time since last: 1003891996 ns, Reaching safepoint: 599164 ns, At safepoint: 10737 ns, Total: 609901 ns
[2021-11-03T05:39:26.001+0000][7][safepoint    ] Safepoint "Cleanup", Time since last: 1002974784 ns, Reaching safepoint: 227442 ns, At safepoint: 5593 ns, Total: 233035 ns
[2021-11-03T05:39:27.004+0000][7][safepoint    ] Safepoint "Cleanup", Time since last: 1002371562 ns, Reaching safepoint: 133005 ns, At safepoint: 2742 ns, Total: 135747 ns
[2021-11-03T05:39:28.005+0000][7][safepoint    ] Safepoint "Cleanup", Time since last: 1001016768 ns, Reaching safepoint: 114564 ns, At safepoint: 3179 ns, Total: 117743 ns
[2021-11-03T05:39:29.007+0000][7][safepoint    ] Safepoint "Cleanup", Time since last: 1001504949 ns, Reaching safepoint: 127458 ns, At safepoint: 3779 ns, Total: 131237 ns
[2021-11-03T05:39:30.008+0000][7][safepoint    ] Safepoint "Cleanup", Time since last: 1001546518 ns, Reaching safepoint: 89553 ns, At safepoint: 2057 ns, Total: 91610 ns
[2021-11-03T05:39:31.009+0000][7][safepoint    ] Safepoint "Cleanup", Time since last: 1000895830 ns, Reaching safepoint: 91844 ns, At safepoint: 2736 ns, Total: 94580 ns
[2021-11-03T05:39:32.010+0000][7][safepoint    ] Safepoint "Cleanup", Time since last: 1000866427 ns, Reaching safepoint: 130484 ns, At safepoint: 4696 ns, Total: 135180 ns
[2021-11-03T05:39:32.991+0000][7][safepoint    ] Safepoint "Cleanup", Time since last: 1001309869 ns, Reaching safepoint: 172318 ns, At safepoint: 2411 ns, Total: 174729 ns
[2021-11-03T05:39:33.991+0000][7][safepoint    ] Safepoint "Cleanup", Time since last: 1000538353 ns, Reaching safepoint: 106483 ns, At safepoint: 2682 ns, Total: 109165 ns
[2021-11-03T05:39:34.992+0000][7][safepoint    ] Safepoint "Cleanup", Time since last: 1000809119 ns, Reaching safepoint: 290012 ns, At safepoint: 4023 ns, Total: 294035 ns
[2021-11-03T05:39:35.993+0000][7][safepoint    ] Safepoint "Cleanup", Time since last: 1000895261 ns, Reaching safepoint: 151313 ns, At safepoint: 4306 ns, Total: 155619 ns
[2021-11-03T05:39:37.003+0000][7][safepoint    ] Safepoint "Cleanup", Time since last: 1009739508 ns, Reaching safepoint: 145184 ns, At safepoint: 3676 ns, Total: 148860 ns
[2021-11-03T05:39:38.004+0000][7][safepoint    ] Safepoint "Cleanup", Time since last: 1000999591 ns, Reaching safepoint: 111904 ns, At safepoint: 2285 ns, Total: 114189 ns
[2021-11-03T05:39:39.009+0000][7][safepoint    ] Safepoint "Cleanup", Time since last: 1004101855 ns, Reaching safepoint: 197065 ns, At safepoint: 8436 ns, Total: 205501 ns
[2021-11-03T05:39:40.011+0000][7][safepoint    ] Safepoint "Cleanup", Time since last: 1001436018 ns, Reaching safepoint: 366353 ns, At safepoint: 11482 ns, Total: 377835 ns
[2021-11-03T05:39:41.012+0000][7][safepoint    ] Safepoint "Cleanup", Time since last: 1001757118 ns, Reaching safepoint: 210985 ns, At safepoint: 8289 ns, Total: 219274 ns
[2021-11-03T05:39:42.015+0000][7][safepoint    ] Safepoint "Cleanup", Time since last: 1001772654 ns, Reaching safepoint: 249710 ns, At safepoint: 6756 ns, Total: 256466 ns
[2021-11-03T05:39:43.018+0000][7][safepoint    ] Safepoint "Cleanup", Time since last: 1003556546 ns, Reaching safepoint: 175129 ns, At safepoint: 3932 ns, Total: 179061 ns
[2021-11-03T05:39:44.021+0000][7][safepoint    ] Safepoint "Cleanup", Time since last: 1002187386 ns, Reaching safepoint: 218540 ns, At safepoint: 3633 ns, Total: 222173 ns
[2021-11-03T05:39:45.023+0000][7][safepoint    ] Safepoint "Cleanup", Time since last: 1002083620 ns, Reaching safepoint: 134185 ns, At safepoint: 3631 ns, Total: 137816 ns
[2021-11-03T05:39:46.025+0000][7][safepoint    ] Safepoint "Cleanup", Time since last: 1002123927 ns, Reaching safepoint: 176877 ns, At safepoint: 6449 ns, Total: 183326 ns
[2021-11-03T05:39:47.028+0000][7][safepoint    ] Safepoint "Cleanup", Time since last: 1002456134 ns, Reaching safepoint: 193320 ns, At safepoint: 6003 ns, Total: 199323 ns
[2021-11-03T05:39:48.031+0000][7][safepoint    ] Safepoint "Cleanup", Time since last: 1002478868 ns, Reaching safepoint: 525483 ns, At safepoint: 8273 ns, Total: 533756 ns
[2021-11-03T05:39:49.034+0000][7][safepoint    ] Safepoint "Cleanup", Time since last: 1002419264 ns, Reaching safepoint: 635527 ns, At safepoint: 9748 ns, Total: 645275 ns
[2021-11-03T05:39:50.036+0000][7][safepoint    ] Safepoint "Cleanup", Time since last: 1002289178 ns, Reaching safepoint: 154483 ns, At safepoint: 2910 ns, Total: 157393 ns
[2021-11-03T05:39:51.038+0000][7][safepoint    ] Safepoint "Cleanup", Time since last: 1001570783 ns, Reaching safepoint: 104646 ns, At safepoint: 2375 ns, Total: 107021 ns
[2021-11-03T05:39:52.041+0000][7][safepoint    ] Safepoint "Cleanup", Time since last: 1002216722 ns, Reaching safepoint: 521411 ns, At safepoint: 9442 ns, Total: 530853 ns
[2021-11-03T05:39:53.043+0000][7][safepoint    ] Safepoint "Cleanup", Time since last: 1002253565 ns, Reaching safepoint: 206949 ns, At safepoint: 7382 ns, Total: 214331 ns
[2021-11-03T05:39:54.047+0000][7][safepoint    ] Safepoint "Cleanup", Time since last: 1002997065 ns, Reaching safepoint: 400163 ns, At safepoint: 5859 ns, Total: 406022 ns
[2021-11-03T05:39:55.048+0000][7][safepoint    ] Safepoint "Cleanup", Time since last: 1001601374 ns, Reaching safepoint: 155821 ns, At safepoint: 4684 ns, Total: 160505 ns
[2021-11-03T05:39:56.052+0000][7][safepoint    ] Safepoint "Cleanup", Time since last: 1003760544 ns, Reaching safepoint: 94012 ns, At safepoint: 2459 ns, Total: 96471 ns
[2021-11-03T05:39:57.056+0000][7][safepoint    ] Safepoint "Cleanup", Time since last: 1003051644 ns, Reaching safepoint: 365748 ns, At safepoint: 7175 ns, Total: 372923 ns
[2021-11-03T05:39:58.060+0000][7][safepoint    ] Safepoint "Cleanup", Time since last: 1003641038 ns, Reaching safepoint: 273450 ns, At safepoint: 4669 ns, Total: 278119 ns
[2021-11-03T05:39:59.061+0000][7][safepoint    ] Safepoint "Cleanup", Time since last: 1001299195 ns, Reaching safepoint: 223884 ns, At safepoint: 7515 ns, Total: 231399 ns
[2021-11-03T05:40:00.064+0000][7][safepoint    ] Safepoint "Cleanup", Time since last: 1002212105 ns, Reaching safepoint: 186873 ns, At safepoint: 3184 ns, Total: 190057 ns
[2021-11-03T05:40:01.065+0000][7][safepoint    ] Safepoint "Cleanup", Time since last: 1001386181 ns, Reaching safepoint: 182450 ns, At safepoint: 6534 ns, Total: 188984 ns
[2021-11-03T05:40:02.068+0000][7][safepoint    ] Safepoint "Cleanup", Time since last: 1002755128 ns, Reaching safepoint: 154759 ns, At safepoint: 4085 ns, Total: 158844 ns
[2021-11-03T05:40:03.049+0000][7][safepoint    ] Safepoint "Cleanup", Time since last: 1002393871 ns, Reaching safepoint: 325928 ns, At safepoint: 5379 ns, Total: 331307 ns
[2021-11-03T05:40:04.051+0000][7][safepoint    ] Safepoint "Cleanup", Time since last: 1001442553 ns, Reaching safepoint: 114433 ns, At safepoint: 3703 ns, Total: 118136 ns
[2021-11-03T05:40:05.154+0000][7][safepoint    ] Safepoint "Cleanup", Time since last: 1102850337 ns, Reaching safepoint: 554697 ns, At safepoint: 11192 ns, Total: 565889 ns
[2021-11-03T05:40:06.158+0000][7][safepoint    ] Safepoint "Cleanup", Time since last: 1003316464 ns, Reaching safepoint: 304695 ns, At safepoint: 5939 ns, Total: 310634 ns
[2021-11-03T05:40:07.161+0000][7][safepoint    ] Safepoint "Cleanup", Time since last: 1002629071 ns, Reaching safepoint: 324749 ns, At safepoint: 9956 ns, Total: 334705 ns
[2021-11-03T05:40:08.164+0000][7][safepoint    ] Safepoint "Cleanup", Time since last: 1002369342 ns, Reaching safepoint: 226166 ns, At safepoint: 4315 ns, Total: 230481 ns
[2021-11-03T05:40:09.166+0000][7][safepoint    ] Safepoint "Cleanup", Time since last: 1001805513 ns, Reaching safepoint: 280773 ns, At safepoint: 7419 ns, Total: 288192 ns
[2021-11-03T05:40:10.169+0000][7][safepoint    ] Safepoint "Cleanup", Time since last: 1003130125 ns, Reaching safepoint: 180164 ns, At safepoint: 6699 ns, Total: 186863 ns
[2021-11-03T05:40:11.172+0000][7][safepoint    ] Safepoint "Cleanup", Time since last: 1002821654 ns, Reaching safepoint: 167367 ns, At safepoint: 5216 ns, Total: 172583 ns
[2021-11-03T05:40:12.176+0000][7][safepoint    ] Safepoint "Cleanup", Time since last: 1003444586 ns, Reaching safepoint: 181819 ns, At safepoint: 6920 ns, Total: 188739 ns
[2021-11-03T05:40:13.178+0000][7][safepoint    ] Safepoint "Cleanup", Time since last: 1002306170 ns, Reaching safepoint: 184843 ns, At safepoint: 6477 ns, Total: 191320 ns
[2021-11-03T05:40:14.181+0000][7][safepoint    ] Safepoint "Cleanup", Time since last: 1002551017 ns, Reaching safepoint: 94025 ns, At safepoint: 2319 ns, Total: 96344 ns
[2021-11-03T05:40:15.182+0000][7][safepoint    ] Safepoint "Cleanup", Time since last: 1000887219 ns, Reaching safepoint: 94273 ns, At safepoint: 2143 ns, Total: 96416 ns
[2021-11-03T05:40:16.183+0000][7][safepoint    ] Safepoint "Cleanup", Time since last: 1001389676 ns, Reaching safepoint: 96006 ns, At safepoint: 2544 ns, Total: 98550 ns
[2021-11-03T05:40:17.185+0000][7][safepoint    ] Safepoint "Cleanup", Time since last: 1001423805 ns, Reaching safepoint: 191531 ns, At safepoint: 3321 ns, Total: 194852 ns
[2021-11-03T05:40:18.186+0000][7][safepoint    ] Safepoint "Cleanup", Time since last: 1001161559 ns, Reaching safepoint: 355878 ns, At safepoint: 10406 ns, Total: 366284 ns
[2021-11-03T05:40:19.189+0000][7][safepoint    ] Safepoint "Cleanup", Time since last: 1002842905 ns, Reaching safepoint: 189077 ns, At safepoint: 5083 ns, Total: 194160 ns
[2021-11-03T05:40:20.192+0000][7][safepoint    ] Safepoint "Cleanup", Time since last: 1001930322 ns, Reaching safepoint: 147077 ns, At safepoint: 2531 ns, Total: 149608 ns
[2021-11-03T05:40:21.196+0000][7][safepoint    ] Safepoint "Cleanup", Time since last: 1004204545 ns, Reaching safepoint: 586268 ns, At safepoint: 6098 ns, Total: 592366 ns
[2021-11-03T05:40:22.201+0000][7][safepoint    ] Safepoint "Cleanup", Time since last: 1004556361 ns, Reaching safepoint: 181806 ns, At safepoint: 3806 ns, Total: 185612 ns
[2021-11-03T05:40:23.203+0000][7][safepoint    ] Safepoint "Cleanup", Time since last: 1002051787 ns, Reaching safepoint: 251066 ns, At safepoint: 4003 ns, Total: 255069 ns
[2021-11-03T05:40:24.207+0000][7][safepoint    ] Safepoint "Cleanup", Time since last: 1002981712 ns, Reaching safepoint: 358613 ns, At safepoint: 9220 ns, Total: 367833 ns
[2021-11-03T05:40:25.210+0000][7][safepoint    ] Safepoint "Cleanup", Time since last: 1003274940 ns, Reaching safepoint: 99330 ns, At safepoint: 2778 ns, Total: 102108 ns
[2021-11-03T05:40:26.850+0000][7][safepoint    ] Safepoint "Cleanup", Time since last: 1639056944 ns, Reaching safepoint: 453711 ns, At safepoint: 28610 ns, Total: 482321 ns
[2021-11-03T05:40:27.851+0000][7][safepoint    ] Safepoint "Cleanup", Time since last: 1001275658 ns, Reaching safepoint: 113402 ns, At safepoint: 26301 ns, Total: 139703 ns
[2021-11-03T05:40:28.852+0000][7][safepoint    ] Safepoint "Cleanup", Time since last: 1001206888 ns, Reaching safepoint: 98265 ns, At safepoint: 2700 ns, Total: 100965 ns
[2021-11-03T05:40:29.854+0000][7][safepoint    ] Safepoint "Cleanup", Time since last: 1001424876 ns, Reaching safepoint: 87212 ns, At safepoint: 2358 ns, Total: 89570 ns
[2021-11-03T05:40:30.855+0000][7][safepoint    ] Safepoint "Cleanup", Time since last: 1000861326 ns, Reaching safepoint: 192441 ns, At safepoint: 4312 ns, Total: 196753 ns
[2021-11-03T05:40:31.856+0000][7][safepoint    ] Safepoint "Cleanup", Time since last: 1001305597 ns, Reaching safepoint: 78589 ns, At safepoint: 2565 ns, Total: 81154 ns
[2021-11-03T05:40:32.840+0000][7][safepoint    ] Safepoint "Cleanup", Time since last: 1004102585 ns, Reaching safepoint: 83817 ns, At safepoint: 2125 ns, Total: 85942 ns
[2021-11-03T05:40:33.848+0000][7][safepoint    ] Safepoint "Cleanup", Time since last: 1008234228 ns, Reaching safepoint: 128047 ns, At safepoint: 3953 ns, Total: 132000 ns
[2021-11-03T05:40:34.850+0000][7][safepoint    ] Safepoint "Cleanup", Time since last: 1001386709 ns, Reaching safepoint: 133152 ns, At safepoint: 2446 ns, Total: 135598 ns
[2021-11-03T05:40:35.851+0000][7][safepoint    ] Safepoint "Cleanup", Time since last: 1000998764 ns, Reaching safepoint: 222633 ns, At safepoint: 4049 ns, Total: 226682 ns
[2021-11-03T05:40:36.853+0000][7][safepoint    ] Safepoint "Cleanup", Time since last: 1001839084 ns, Reaching safepoint: 213779 ns, At safepoint: 6952 ns, Total: 220731 ns
[2021-11-03T05:40:37.855+0000][7][safepoint    ] Safepoint "Cleanup", Time since last: 1001824487 ns, Reaching safepoint: 107090 ns, At safepoint: 2918 ns, Total: 110008 ns
[2021-11-03T05:40:38.856+0000][7][safepoint    ] Safepoint "Cleanup", Time since last: 1001001841 ns, Reaching safepoint: 96120 ns, At safepoint: 2921 ns, Total: 99041 ns
[2021-11-03T05:40:39.858+0000][7][safepoint    ] Safepoint "Cleanup", Time since last: 1001645073 ns, Reaching safepoint: 93228 ns, At safepoint: 2370 ns, Total: 95598 ns
[2021-11-03T05:40:40.859+0000][7][safepoint    ] Safepoint "Cleanup", Time since last: 1001111561 ns, Reaching safepoint: 95705 ns, At safepoint: 2594 ns, Total: 98299 ns
[2021-11-03T05:40:41.862+0000][7][safepoint    ] Safepoint "Cleanup", Time since last: 1002702373 ns, Reaching safepoint: 96571 ns, At safepoint: 2371 ns, Total: 98942 ns
[2021-11-03T05:40:42.863+0000][7][safepoint    ] Safepoint "Cleanup", Time since last: 1001524514 ns, Reaching safepoint: 109751 ns, At safepoint: 2423 ns, Total: 112174 ns
[2021-11-03T05:40:43.864+0000][7][safepoint    ] Safepoint "Cleanup", Time since last: 1001162015 ns, Reaching safepoint: 87476 ns, At safepoint: 2524 ns, Total: 90000 ns
[2021-11-03T05:40:44.867+0000][7][safepoint    ] Safepoint "Cleanup", Time since last: 1002445861 ns, Reaching safepoint: 88792 ns, At safepoint: 2371 ns, Total: 91163 ns
[2021-11-03T05:40:45.869+0000][7][safepoint    ] Safepoint "Cleanup", Time since last: 1001411458 ns, Reaching safepoint: 92606 ns, At safepoint: 2499 ns, Total: 95105 ns
[2021-11-03T05:40:46.870+0000][7][safepoint    ] Safepoint "Cleanup", Time since last: 1001785267 ns, Reaching safepoint: 87202 ns, At safepoint: 2284 ns, Total: 89486 ns
[2021-11-03T05:40:47.873+0000][7][safepoint    ] Safepoint "Cleanup", Time since last: 1002155934 ns, Reaching safepoint: 84411 ns, At safepoint: 2601 ns, Total: 87012 ns
[2021-11-03T05:40:48.874+0000][7][safepoint    ] Safepoint "Cleanup", Time since last: 1001027146 ns, Reaching safepoint: 81474 ns, At safepoint: 2115 ns, Total: 83589 ns
[2021-11-03T05:40:49.875+0000][7][safepoint    ] Safepoint "Cleanup", Time since last: 1001120412 ns, Reaching safepoint: 96064 ns, At safepoint: 2460 ns, Total: 98524 ns
[2021-11-03T05:40:50.878+0000][7][safepoint    ] Safepoint "Cleanup", Time since last: 1002409150 ns, Reaching safepoint: 133739 ns, At safepoint: 2558 ns, Total: 136297 ns
[2021-11-03T05:40:51.880+0000][7][safepoint    ] Safepoint "Cleanup", Time since last: 1002154746 ns, Reaching safepoint: 109462 ns, At safepoint: 2449 ns, Total: 111911 ns
[2021-11-03T05:40:52.881+0000][7][safepoint    ] Safepoint "Cleanup", Time since last: 1001095801 ns, Reaching safepoint: 90268 ns, At safepoint: 3208 ns, Total: 93476 ns
[2021-11-03T05:40:53.885+0000][7][safepoint    ] Safepoint "Cleanup", Time since last: 1004378315 ns, Reaching safepoint: 111792 ns, At safepoint: 3330 ns, Total: 115122 ns
[2021-11-03T05:40:54.890+0000][7][safepoint    ] Safepoint "Cleanup", Time since last: 1004434211 ns, Reaching safepoint: 95822 ns, At safepoint: 2729 ns, Total: 98551 ns
[2021-11-03T05:40:55.891+0000][7][safepoint    ] Safepoint "Cleanup", Time since last: 1001101730 ns, Reaching safepoint: 92575 ns, At safepoint: 2259 ns, Total: 94834 ns
[2021-11-03T05:40:56.892+0000][7][safepoint    ] Safepoint "Cleanup", Time since last: 1000836851 ns, Reaching safepoint: 84049 ns, At safepoint: 2269 ns, Total: 86318 ns
[2021-11-03T05:40:57.893+0000][7][safepoint    ] Safepoint "Cleanup", Time since last: 1001084304 ns, Reaching safepoint: 251418 ns, At safepoint: 5192 ns, Total: 256610 ns
[2021-11-03T05:40:58.895+0000][7][safepoint    ] Safepoint "Cleanup", Time since last: 1001356507 ns, Reaching safepoint: 90809 ns, At safepoint: 2430 ns, Total: 93239 ns
[2021-11-03T05:40:59.896+0000][7][safepoint    ] Safepoint "Cleanup", Time since last: 1000967750 ns, Reaching safepoint: 89067 ns, At safepoint: 2342 ns, Total: 91409 ns
[2021-11-03T05:41:00.897+0000][7][safepoint    ] Safepoint "Cleanup", Time since last: 1000932524 ns, Reaching safepoint: 90691 ns, At safepoint: 2194 ns, Total: 92885 ns
[2021-11-03T05:41:01.902+0000][7][safepoint    ] Safepoint "Cleanup", Time since last: 1005311769 ns, Reaching safepoint: 90484 ns, At safepoint: 2688 ns, Total: 93172 ns
[2021-11-03T05:41:02.883+0000][7][safepoint    ] Safepoint "Cleanup", Time since last: 1001815193 ns, Reaching safepoint: 196397 ns, At safepoint: 4010 ns, Total: 200407 ns
[2021-11-03T05:41:03.889+0000][7][safepoint    ] Safepoint "Cleanup", Time since last: 1005757527 ns, Reaching safepoint: 254153 ns, At safepoint: 15318 ns, Total: 269471 ns
[2021-11-03T05:41:04.891+0000][7][safepoint    ] Safepoint "Cleanup", Time since last: 1001573324 ns, Reaching safepoint: 441667 ns, At safepoint: 9886 ns, Total: 451553 ns
[2021-11-03T05:41:05.895+0000][7][safepoint    ] Safepoint "Cleanup", Time since last: 1003181766 ns, Reaching safepoint: 246866 ns, At safepoint: 6445 ns, Total: 253311 ns
[2021-11-03T05:41:06.897+0000][7][safepoint    ] Safepoint "Cleanup", Time since last: 1002697952 ns, Reaching safepoint: 201814 ns, At safepoint: 8699 ns, Total: 210513 ns
[2021-11-03T05:41:07.901+0000][7][safepoint    ] Safepoint "Cleanup", Time since last: 1003228445 ns, Reaching safepoint: 108370 ns, At safepoint: 3527 ns, Total: 111897 ns
[2021-11-03T05:41:08.902+0000][7][safepoint    ] Safepoint "Cleanup", Time since last: 1001182659 ns, Reaching safepoint: 88911 ns, At safepoint: 2330 ns, Total: 91241 ns
[2021-11-03T05:41:09.905+0000][7][safepoint    ] Safepoint "Cleanup", Time since last: 1002569731 ns, Reaching safepoint: 223446 ns, At safepoint: 8641 ns, Total: 232087 ns
[2021-11-03T05:41:10.908+0000][7][safepoint    ] Safepoint "Cleanup", Time since last: 1002863749 ns, Reaching safepoint: 499511 ns, At safepoint: 10346 ns, Total: 509857 ns
[2021-11-03T05:41:11.912+0000][7][safepoint    ] Safepoint "Cleanup", Time since last: 1003729573 ns, Reaching safepoint: 100769 ns, At safepoint: 2788 ns, Total: 103557 ns
[2021-11-03T05:41:12.914+0000][7][safepoint    ] Safepoint "Cleanup", Time since last: 1001886733 ns, Reaching safepoint: 182004 ns, At safepoint: 6610 ns, Total: 188614 ns
[2021-11-03T05:41:13.917+0000][7][safepoint    ] Safepoint "Cleanup", Time since last: 1002723853 ns, Reaching safepoint: 334719 ns, At safepoint: 6259 ns, Total: 340978 ns
[2021-11-03T05:41:14.920+0000][7][safepoint    ] Safepoint "Cleanup", Time since last: 1002965044 ns, Reaching safepoint: 180843 ns, At safepoint: 6809 ns, Total: 187652 ns
[2021-11-03T05:41:15.925+0000][7][safepoint    ] Safepoint "Cleanup", Time since last: 1004441622 ns, Reaching safepoint: 156717 ns, At safepoint: 2947 ns, Total: 159664 ns
[2021-11-03T05:41:16.927+0000][7][safepoint    ] Safepoint "Cleanup", Time since last: 1001401448 ns, Reaching safepoint: 412833 ns, At safepoint: 10948 ns, Total: 423781 ns
[2021-11-03T05:41:17.933+0000][7][safepoint    ] Safepoint "Cleanup", Time since last: 1005534650 ns, Reaching safepoint: 206618 ns, At safepoint: 6437 ns, Total: 213055 ns
[2021-11-03T05:41:18.936+0000][7][safepoint    ] Safepoint "Cleanup", Time since last: 1002812586 ns, Reaching safepoint: 233894 ns, At safepoint: 8722 ns, Total: 242616 ns
[2021-11-03T05:41:19.940+0000][7][safepoint    ] Safepoint "Cleanup", Time since last: 1003742097 ns, Reaching safepoint: 182176 ns, At safepoint: 6651 ns, Total: 188827 ns
[2021-11-03T05:41:20.942+0000][7][safepoint    ] Safepoint "Cleanup", Time since last: 1002091882 ns, Reaching safepoint: 442034 ns, At safepoint: 7751 ns, Total: 449785 ns
[2021-11-03T05:41:21.946+0000][7][safepoint    ] Safepoint "Cleanup", Time since last: 1003817401 ns, Reaching safepoint: 412595 ns, At safepoint: 6773 ns, Total: 419368 ns
[2021-11-03T05:41:22.952+0000][7][safepoint    ] Safepoint "Cleanup", Time since last: 1005241569 ns, Reaching safepoint: 190643 ns, At safepoint: 3523 ns, Total: 194166 ns
[2021-11-03T05:41:23.953+0000][7][safepoint    ] Safepoint "Cleanup", Time since last: 1001102641 ns, Reaching safepoint: 346324 ns, At safepoint: 6776 ns, Total: 353100 ns
[2021-11-03T05:41:24.956+0000][7][safepoint    ] Safepoint "Cleanup", Time since last: 1002566290 ns, Reaching safepoint: 103846 ns, At safepoint: 2596 ns, Total: 106442 ns
[2021-11-03T05:41:25.958+0000][7][safepoint    ] Safepoint "Cleanup", Time since last: 1002108332 ns, Reaching safepoint: 135159 ns, At safepoint: 3381 ns, Total: 138540 ns
[2021-11-03T05:41:26.960+0000][7][safepoint    ] Safepoint "Cleanup", Time since last: 1001967606 ns, Reaching safepoint: 178443 ns, At safepoint: 6886 ns, Total: 185329 ns
[2021-11-03T05:41:27.964+0000][7][safepoint    ] Safepoint "Cleanup", Time since last: 1002956838 ns, Reaching safepoint: 379579 ns, At safepoint: 7717 ns, Total: 387296 ns
[2021-11-03T05:41:28.966+0000][7][safepoint    ] Safepoint "Cleanup", Time since last: 1002541287 ns, Reaching safepoint: 99208 ns, At safepoint: 2816 ns, Total: 102024 ns
[2021-11-03T05:41:29.970+0000][7][safepoint    ] Safepoint "Cleanup", Time since last: 1003307521 ns, Reaching safepoint: 136746 ns, At safepoint: 53423 ns, Total: 190169 ns
[2021-11-03T05:41:30.972+0000][7][safepoint    ] Safepoint "Cleanup", Time since last: 1002321653 ns, Reaching safepoint: 116291 ns, At safepoint: 2740 ns, Total: 119031 ns
[2021-11-03T05:41:31.977+0000][7][safepoint    ] Safepoint "Cleanup", Time since last: 1004442267 ns, Reaching safepoint: 175438 ns, At safepoint: 5952 ns, Total: 181390 ns
[2021-11-03T05:41:32.961+0000][7][safepoint    ] Safepoint "Cleanup", Time since last: 1004693998 ns, Reaching safepoint: 183704 ns, At safepoint: 6609 ns, Total: 190313 ns
[2021-11-03T05:41:33.963+0000][7][safepoint    ] Safepoint "Cleanup", Time since last: 1002286047 ns, Reaching safepoint: 147481 ns, At safepoint: 3771 ns, Total: 151252 ns
[2021-11-03T05:41:34.967+0000][7][safepoint    ] Safepoint "Cleanup", Time since last: 1004093396 ns, Reaching safepoint: 120348 ns, At safepoint: 3559 ns, Total: 123907 ns
[2021-11-03T05:41:35.971+0000][7][safepoint    ] Safepoint "Cleanup", Time since last: 1004017097 ns, Reaching safepoint: 191726 ns, At safepoint: 6813 ns, Total: 198539 ns
[2021-11-03T05:41:36.974+0000][7][safepoint    ] Safepoint "Cleanup", Time since last: 1002563526 ns, Reaching safepoint: 242116 ns, At safepoint: 3435 ns, Total: 245551 ns
[2021-11-03T05:41:37.976+0000][7][safepoint    ] Safepoint "Cleanup", Time since last: 1001416345 ns, Reaching safepoint: 695566 ns, At safepoint: 12650 ns, Total: 708216 ns
[2021-11-03T05:41:38.981+0000][7][safepoint    ] Safepoint "Cleanup", Time since last: 1003412561 ns, Reaching safepoint: 795907 ns, At safepoint: 22150 ns, Total: 818057 ns
[2021-11-03T05:41:39.988+0000][7][safepoint    ] Safepoint "Cleanup", Time since last: 1006858142 ns, Reaching safepoint: 287330 ns, At safepoint: 150131 ns, Total: 437461 ns
[2021-11-03T05:41:40.990+0000][7][safepoint    ] Safepoint "Cleanup", Time since last: 1002187852 ns, Reaching safepoint: 175126 ns, At safepoint: 4098 ns, Total: 179224 ns
[2021-11-03T05:41:41.991+0000][7][safepoint    ] Safepoint "Cleanup", Time since last: 1001078250 ns, Reaching safepoint: 115969 ns, At safepoint: 14297 ns, Total: 130266 ns
[2021-11-03T05:41:42.994+0000][7][safepoint    ] Safepoint "Cleanup", Time since last: 1002541194 ns, Reaching safepoint: 116176 ns, At safepoint: 3191 ns, Total: 119367 ns
[2021-11-03T05:41:43.996+0000][7][safepoint    ] Safepoint "Cleanup", Time since last: 1002147673 ns, Reaching safepoint: 97002 ns, At safepoint: 2243 ns, Total: 99245 ns
[2021-11-03T05:41:44.999+0000][7][safepoint    ] Safepoint "Cleanup", Time since last: 1002533949 ns, Reaching safepoint: 157525 ns, At safepoint: 3652 ns, Total: 161177 ns
[2021-11-03T05:41:46.001+0000][7][safepoint    ] Safepoint "Cleanup", Time since last: 1001360464 ns, Reaching safepoint: 145192 ns, At safepoint: 3698 ns, Total: 148890 ns
[2021-11-03T05:41:47.002+0000][7][safepoint    ] Safepoint "Cleanup", Time since last: 1001758183 ns, Reaching safepoint: 107584 ns, At safepoint: 3533 ns, Total: 111117 ns
[2021-11-03T05:41:48.004+0000][7][safepoint    ] Safepoint "Cleanup", Time since last: 1001412074 ns, Reaching safepoint: 113358 ns, At safepoint: 3267 ns, Total: 116625 ns
[2021-11-03T05:41:49.006+0000][7][safepoint    ] Safepoint "Cleanup", Time since last: 1002030761 ns, Reaching safepoint: 132000 ns, At safepoint: 3883 ns, Total: 135883 ns
[2021-11-03T05:41:50.008+0000][7][safepoint    ] Safepoint "Cleanup", Time since last: 1001422505 ns, Reaching safepoint: 141579 ns, At safepoint: 3041 ns, Total: 144620 ns
[2021-11-03T05:41:51.009+0000][7][safepoint    ] Safepoint "Cleanup", Time since last: 1000942565 ns, Reaching safepoint: 223258 ns, At safepoint: 4872 ns, Total: 228130 ns
[2021-11-03T05:41:52.011+0000][7][safepoint    ] Safepoint "Cleanup", Time since last: 1001837026 ns, Reaching safepoint: 141806 ns, At safepoint: 2976 ns, Total: 144782 ns
[2021-11-03T05:41:53.012+0000][7][safepoint    ] Safepoint "Cleanup", Time since last: 1001163319 ns, Reaching safepoint: 197806 ns, At safepoint: 7478 ns, Total: 205284 ns
[2021-11-03T05:41:54.015+0000][7][safepoint    ] Safepoint "Cleanup", Time since last: 1003199646 ns, Reaching safepoint: 111418 ns, At safepoint: 2679 ns, Total: 114097 ns
[2021-11-03T05:41:55.017+0000][7][safepoint    ] Safepoint "Cleanup", Time since last: 1001629559 ns, Reaching safepoint: 330754 ns, At safepoint: 11159 ns, Total: 341913 ns
[2021-11-03T05:41:56.021+0000][7][safepoint    ] Safepoint "Cleanup", Time since last: 1003020831 ns, Reaching safepoint: 141193 ns, At safepoint: 4379 ns, Total: 145572 ns
[2021-11-03T05:41:57.022+0000][7][safepoint    ] Safepoint "Cleanup", Time since last: 1001562583 ns, Reaching safepoint: 86051 ns, At safepoint: 2555 ns, Total: 88606 ns
[2021-11-03T05:41:58.023+0000][7][safepoint    ] Safepoint "Cleanup", Time since last: 1000710582 ns, Reaching safepoint: 129710 ns, At safepoint: 3705 ns, Total: 133415 ns
[2021-11-03T05:41:59.025+0000][7][safepoint    ] Safepoint "Cleanup", Time since last: 1001362856 ns, Reaching safepoint: 94472 ns, At safepoint: 2486 ns, Total: 96958 ns
[2021-11-03T05:42:00.026+0000][7][safepoint    ] Safepoint "Cleanup", Time since last: 1001334778 ns, Reaching safepoint: 89832 ns, At safepoint: 2323 ns, Total: 92155 ns
[2021-11-03T05:42:01.027+0000][7][safepoint    ] Safepoint "Cleanup", Time since last: 1000725508 ns, Reaching safepoint: 99356 ns, At safepoint: 3051 ns, Total: 102407 ns
[2021-11-03T05:42:02.028+0000][7][safepoint    ] Safepoint "Cleanup", Time since last: 1000990739 ns, Reaching safepoint: 317649 ns, At safepoint: 4252 ns, Total: 321901 ns
[2021-11-03T05:42:03.008+0000][7][safepoint    ] Safepoint "Cleanup", Time since last: 1001297282 ns, Reaching safepoint: 98212 ns, At safepoint: 2887 ns, Total: 101099 ns
[2021-11-03T05:42:04.009+0000][7][safepoint    ] Safepoint "Cleanup", Time since last: 1000812401 ns, Reaching safepoint: 81652 ns, At safepoint: 1891 ns, Total: 83543 ns
[2021-11-03T05:42:05.010+0000][7][safepoint    ] Safepoint "Cleanup", Time since last: 1000700889 ns, Reaching safepoint: 86427 ns, At safepoint: 2071 ns, Total: 88498 ns
[2021-11-03T05:42:06.011+0000][7][safepoint    ] Safepoint "Cleanup", Time since last: 1000689556 ns, Reaching safepoint: 85654 ns, At safepoint: 2106 ns, Total: 87760 ns
[2021-11-03T05:42:07.012+0000][7][safepoint    ] Safepoint "Cleanup", Time since last: 1000863424 ns, Reaching safepoint: 199973 ns, At safepoint: 4023 ns, Total: 203996 ns
[2021-11-03T05:42:08.016+0000][7][safepoint    ] Safepoint "Cleanup", Time since last: 1004009268 ns, Reaching safepoint: 185229 ns, At safepoint: 6992 ns, Total: 192221 ns
[2021-11-03T05:42:09.997+0000][7][safepoint    ] Safepoint "Cleanup", Time since last: 1980466842 ns, Reaching safepoint: 106700 ns, At safepoint: 2463 ns, Total: 109163 ns
[2021-11-03T05:42:10.998+0000][7][safepoint    ] Safepoint "Cleanup", Time since last: 1001626153 ns, Reaching safepoint: 139451 ns, At safepoint: 4429 ns, Total: 143880 ns
[2021-11-03T05:42:12.001+0000][7][safepoint    ] Safepoint "Cleanup", Time since last: 1002490968 ns, Reaching safepoint: 95261 ns, At safepoint: 2148 ns, Total: 97409 ns
[2021-11-03T05:42:13.002+0000][7][safepoint    ] Safepoint "Cleanup", Time since last: 1001159309 ns, Reaching safepoint: 107931 ns, At safepoint: 3015 ns, Total: 110946 ns
[2021-11-03T05:42:14.004+0000][7][safepoint    ] Safepoint "Cleanup", Time since last: 1001496954 ns, Reaching safepoint: 105134 ns, At safepoint: 3100 ns, Total: 108234 ns
[2021-11-03T05:42:15.007+0000][7][safepoint    ] Safepoint "Cleanup", Time since last: 1003020118 ns, Reaching safepoint: 231547 ns, At safepoint: 7652 ns, Total: 239199 ns
[2021-11-03T05:42:16.011+0000][7][safepoint    ] Safepoint "Cleanup", Time since last: 1003679660 ns, Reaching safepoint: 170804 ns, At safepoint: 3605 ns, Total: 174409 ns
[2021-11-03T05:42:17.014+0000][7][safepoint    ] Safepoint "Cleanup", Time since last: 1003183866 ns, Reaching safepoint: 124517 ns, At safepoint: 3344 ns, Total: 127861 ns
[2021-11-03T05:42:18.016+0000][7][safepoint    ] Safepoint "Cleanup", Time since last: 1001611421 ns, Reaching safepoint: 121290 ns, At safepoint: 3096 ns, Total: 124386 ns
[2021-11-03T05:42:19.018+0000][7][safepoint    ] Safepoint "Cleanup", Time since last: 1001723109 ns, Reaching safepoint: 96826 ns, At safepoint: 2690 ns, Total: 99516 ns
[2021-11-03T05:42:20.021+0000][7][safepoint    ] Safepoint "Cleanup", Time since last: 1002946659 ns, Reaching safepoint: 140957 ns, At safepoint: 4778 ns, Total: 145735 ns
[2021-11-03T05:42:21.023+0000][7][safepoint    ] Safepoint "Cleanup", Time since last: 1002209606 ns, Reaching safepoint: 94106 ns, At safepoint: 2647 ns, Total: 96753 ns
[2021-11-03T05:42:22.025+0000][7][safepoint    ] Safepoint "Cleanup", Time since last: 1001480593 ns, Reaching safepoint: 105464 ns, At safepoint: 3030 ns, Total: 108494 ns
[2021-11-03T05:42:23.029+0000][7][safepoint    ] Safepoint "Cleanup", Time since last: 1004023280 ns, Reaching safepoint: 447916 ns, At safepoint: 11477 ns, Total: 459393 ns
[2021-11-03T05:42:24.036+0000][7][safepoint    ] Safepoint "Cleanup", Time since last: 1006036837 ns, Reaching safepoint: 341501 ns, At safepoint: 71061 ns, Total: 412562 ns
[2021-11-03T05:42:25.040+0000][7][safepoint    ] Safepoint "Cleanup", Time since last: 1003844006 ns, Reaching safepoint: 181158 ns, At safepoint: 6776 ns, Total: 187934 ns
[2021-11-03T05:42:26.043+0000][7][safepoint    ] Safepoint "Cleanup", Time since last: 1002797978 ns, Reaching safepoint: 181639 ns, At safepoint: 6177 ns, Total: 187816 ns
[2021-11-03T05:42:27.046+0000][7][safepoint    ] Safepoint "Cleanup", Time since last: 1002913724 ns, Reaching safepoint: 195421 ns, At safepoint: 3932 ns, Total: 199353 ns
[2021-11-03T05:42:28.050+0000][7][safepoint    ] Safepoint "Cleanup", Time since last: 1004031488 ns, Reaching safepoint: 140880 ns, At safepoint: 3934 ns, Total: 144814 ns
[2021-11-03T05:42:29.052+0000][7][safepoint    ] Safepoint "Cleanup", Time since last: 1001730382 ns, Reaching safepoint: 137935 ns, At safepoint: 3658 ns, Total: 141593 ns
[2021-11-03T05:42:30.054+0000][7][safepoint    ] Safepoint "Cleanup", Time since last: 1002069931 ns, Reaching safepoint: 104063 ns, At safepoint: 2787 ns, Total: 106850 ns
[2021-11-03T05:42:31.058+0000][7][safepoint    ] Safepoint "Cleanup", Time since last: 1004115144 ns, Reaching safepoint: 112189 ns, At safepoint: 3170 ns, Total: 115359 ns
[2021-11-03T05:42:32.061+0000][7][safepoint    ] Safepoint "Cleanup", Time since last: 1002242725 ns, Reaching safepoint: 237161 ns, At safepoint: 7082 ns, Total: 244243 ns
[2021-11-03T05:42:33.043+0000][7][safepoint    ] Safepoint "Cleanup", Time since last: 1003925429 ns, Reaching safepoint: 182909 ns, At safepoint: 7035 ns, Total: 189944 ns
[2021-11-03T05:42:34.046+0000][7][safepoint    ] Safepoint "Cleanup", Time since last: 1002708237 ns, Reaching safepoint: 269537 ns, At safepoint: 8288 ns, Total: 277825 ns
[2021-11-03T05:42:35.051+0000][7][safepoint    ] Safepoint "Cleanup", Time since last: 1004302055 ns, Reaching safepoint: 377892 ns, At safepoint: 14088 ns, Total: 391980 ns
[2021-11-03T05:42:36.054+0000][7][safepoint    ] Safepoint "Cleanup", Time since last: 1002588613 ns, Reaching safepoint: 236823 ns, At safepoint: 7441 ns, Total: 244264 ns
[2021-11-03T05:42:37.057+0000][7][safepoint    ] Safepoint "Cleanup", Time since last: 1002338407 ns, Reaching safepoint: 341596 ns, At safepoint: 7211 ns, Total: 348807 ns
[2021-11-03T05:42:38.064+0000][7][safepoint    ] Safepoint "Cleanup", Time since last: 1006794503 ns, Reaching safepoint: 513057 ns, At safepoint: 12055 ns, Total: 525112 ns
[2021-11-03T05:42:39.066+0000][7][safepoint    ] Safepoint "Cleanup", Time since last: 1002223497 ns, Reaching safepoint: 288690 ns, At safepoint: 17903 ns, Total: 306593 ns
[2021-11-03T05:42:40.069+0000][7][safepoint    ] Safepoint "Cleanup", Time since last: 1002053453 ns, Reaching safepoint: 416493 ns, At safepoint: 107869 ns, Total: 524362 ns
[2021-11-03T05:42:41.072+0000][7][safepoint    ] Safepoint "Cleanup", Time since last: 1002294677 ns, Reaching safepoint: 204101 ns, At safepoint: 5562 ns, Total: 209663 ns
[2021-11-03T05:42:42.076+0000][7][safepoint    ] Safepoint "Cleanup", Time since last: 1004643795 ns, Reaching safepoint: 167621 ns, At safepoint: 4671 ns, Total: 172292 ns
[2021-11-03T05:42:43.079+0000][7][safepoint    ] Safepoint "Cleanup", Time since last: 1002800149 ns, Reaching safepoint: 243129 ns, At safepoint: 7451 ns, Total: 250580 ns
[2021-11-03T05:42:44.082+0000][7][safepoint    ] Safepoint "Cleanup", Time since last: 1002806951 ns, Reaching safepoint: 174396 ns, At safepoint: 4428 ns, Total: 178824 ns
[2021-11-03T05:42:45.087+0000][7][safepoint    ] Safepoint "Cleanup", Time since last: 1004661938 ns, Reaching safepoint: 166922 ns, At safepoint: 4877 ns, Total: 171799 ns
[2021-11-03T05:42:46.092+0000][7][safepoint    ] Safepoint "Cleanup", Time since last: 1004257668 ns, Reaching safepoint: 475405 ns, At safepoint: 13530 ns, Total: 488935 ns
[2021-11-03T05:42:47.096+0000][7][safepoint    ] Safepoint "Cleanup", Time since last: 1003595017 ns, Reaching safepoint: 240068 ns, At safepoint: 8286 ns, Total: 248354 ns
[2021-11-03T05:42:48.099+0000][7][safepoint    ] Safepoint "Cleanup", Time since last: 1002351260 ns, Reaching safepoint: 422451 ns, At safepoint: 11653 ns, Total: 434104 ns
[2021-11-03T05:42:49.101+0000][7][safepoint    ] Safepoint "Cleanup", Time since last: 1002623436 ns, Reaching safepoint: 248780 ns, At safepoint: 6690 ns, Total: 255470 ns
[2021-11-03T05:42:50.105+0000][7][safepoint    ] Safepoint "Cleanup", Time since last: 1003324081 ns, Reaching safepoint: 125206 ns, At safepoint: 3529 ns, Total: 128735 ns
[2021-11-03T05:42:51.108+0000][7][safepoint    ] Safepoint "Cleanup", Time since last: 1002485865 ns, Reaching safepoint: 120673 ns, At safepoint: 3866 ns, Total: 124539 ns
[2021-11-03T05:42:52.110+0000][7][safepoint    ] Safepoint "Cleanup", Time since last: 1001650109 ns, Reaching safepoint: 306328 ns, At safepoint: 5684 ns, Total: 312012 ns
[2021-11-03T05:42:53.112+0000][7][safepoint    ] Safepoint "Cleanup", Time since last: 1002495034 ns, Reaching safepoint: 244587 ns, At safepoint: 8585 ns, Total: 253172 ns
[2021-11-03T05:42:54.117+0000][7][safepoint    ] Safepoint "Cleanup", Time since last: 1004419069 ns, Reaching safepoint: 156725 ns, At safepoint: 6506 ns, Total: 163231 ns
[2021-11-03T05:42:55.120+0000][7][safepoint    ] Safepoint "Cleanup", Time since last: 1003042855 ns, Reaching safepoint: 169624 ns, At safepoint: 4371 ns, Total: 173995 ns
[2021-11-03T05:42:56.122+0000][7][safepoint    ] Safepoint "Cleanup", Time since last: 1001915906 ns, Reaching safepoint: 159864 ns, At safepoint: 3852 ns, Total: 163716 ns
[2021-11-03T05:42:57.124+0000][7][safepoint    ] Safepoint "Cleanup", Time since last: 1001583231 ns, Reaching safepoint: 123096 ns, At safepoint: 3537 ns, Total: 126633 ns
[2021-11-03T05:42:58.125+0000][7][safepoint    ] Safepoint "Cleanup", Time since last: 1001450207 ns, Reaching safepoint: 176481 ns, At safepoint: 5922 ns, Total: 182403 ns
[2021-11-03T05:42:59.128+0000][7][safepoint    ] Safepoint "Cleanup", Time since last: 1002641352 ns, Reaching safepoint: 93269 ns, At safepoint: 2132 ns, Total: 95401 ns
[2021-11-03T05:43:00.130+0000][7][safepoint    ] Safepoint "Cleanup", Time since last: 1001314148 ns, Reaching safepoint: 178806 ns, At safepoint: 6956 ns, Total: 185762 ns
[2021-11-03T05:43:01.132+0000][7][safepoint    ] Safepoint "Cleanup", Time since last: 1002227822 ns, Reaching safepoint: 94161 ns, At safepoint: 2142 ns, Total: 96303 ns
[2021-11-03T05:43:02.134+0000][7][safepoint    ] Safepoint "Cleanup", Time since last: 1001564413 ns, Reaching safepoint: 244471 ns, At safepoint: 7479 ns, Total: 251950 ns
[2021-11-03T05:43:03.117+0000][7][safepoint    ] Safepoint "Cleanup", Time since last: 1003200017 ns, Reaching safepoint: 359107 ns, At safepoint: 8478 ns, Total: 367585 ns
[2021-11-03T05:43:04.912+0000][7][safepoint    ] Safepoint "Cleanup", Time since last: 1794676454 ns, Reaching safepoint: 256690 ns, At safepoint: 7500 ns, Total: 264190 ns
[2021-11-03T05:43:05.916+0000][7][safepoint    ] Safepoint "Cleanup", Time since last: 1004015850 ns, Reaching safepoint: 251592 ns, At safepoint: 7014 ns, Total: 258606 ns
[2021-11-03T05:43:06.919+0000][7][safepoint    ] Safepoint "Cleanup", Time since last: 1002580952 ns, Reaching safepoint: 192586 ns, At safepoint: 4273 ns, Total: 196859 ns
[2021-11-03T05:43:07.920+0000][7][safepoint    ] Safepoint "Cleanup", Time since last: 1001204203 ns, Reaching safepoint: 136043 ns, At safepoint: 4075 ns, Total: 140118 ns
[2021-11-03T05:43:08.924+0000][7][safepoint    ] Safepoint "Cleanup", Time since last: 1003515829 ns, Reaching safepoint: 177871 ns, At safepoint: 3491 ns, Total: 181362 ns
[2021-11-03T05:43:09.925+0000][7][safepoint    ] Safepoint "Cleanup", Time since last: 1001127911 ns, Reaching safepoint: 272550 ns, At safepoint: 7157 ns, Total: 279707 ns
[2021-11-03T05:43:10.930+0000][7][safepoint    ] Safepoint "Cleanup", Time since last: 1004443207 ns, Reaching safepoint: 819850 ns, At safepoint: 12532 ns, Total: 832382 ns
[2021-11-03T05:43:11.932+0000][7][safepoint    ] Safepoint "Cleanup", Time since last: 1001868852 ns, Reaching safepoint: 140632 ns, At safepoint: 4796 ns, Total: 145428 ns
[2021-11-03T05:43:12.934+0000][7][safepoint    ] Safepoint "Cleanup", Time since last: 1001011636 ns, Reaching safepoint: 151211 ns, At safepoint: 2368 ns, Total: 153579 ns
[2021-11-03T05:43:13.936+0000][7][safepoint    ] Safepoint "Cleanup", Time since last: 1002050800 ns, Reaching safepoint: 618420 ns, At safepoint: 10099 ns, Total: 628519 ns
[2021-11-03T05:43:14.940+0000][7][safepoint    ] Safepoint "Cleanup", Time since last: 1002941516 ns, Reaching safepoint: 599346 ns, At safepoint: 10111 ns, Total: 609457 ns
[2021-11-03T05:43:15.943+0000][7][safepoint    ] Safepoint "Cleanup", Time since last: 1002627372 ns, Reaching safepoint: 356792 ns, At safepoint: 7396 ns, Total: 364188 ns
[2021-11-03T05:43:16.946+0000][7][safepoint    ] Safepoint "Cleanup", Time since last: 1003253186 ns, Reaching safepoint: 110634 ns, At safepoint: 2652 ns, Total: 113286 ns
[2021-11-03T05:43:17.948+0000][7][safepoint    ] Safepoint "Cleanup", Time since last: 1001666796 ns, Reaching safepoint: 103589 ns, At safepoint: 2730 ns, Total: 106319 ns
[2021-11-03T05:43:18.950+0000][7][safepoint    ] Safepoint "Cleanup", Time since last: 1001463376 ns, Reaching safepoint: 221759 ns, At safepoint: 4342 ns, Total: 226101 ns
[2021-11-03T05:43:19.952+0000][7][safepoint    ] Safepoint "Cleanup", Time since last: 1001748365 ns, Reaching safepoint: 179572 ns, At safepoint: 6187 ns, Total: 185759 ns
[2021-11-03T05:43:20.954+0000][7][safepoint    ] Safepoint "Cleanup", Time since last: 1002445635 ns, Reaching safepoint: 247910 ns, At safepoint: 174076 ns, Total: 421986 ns
[2021-11-03T05:43:21.958+0000][7][safepoint    ] Safepoint "Cleanup", Time since last: 1002949813 ns, Reaching safepoint: 178800 ns, At safepoint: 6043 ns, Total: 184843 ns
[2021-11-03T05:43:22.965+0000][7][safepoint    ] Safepoint "Cleanup", Time since last: 1007303050 ns, Reaching safepoint: 102024 ns, At safepoint: 2724 ns, Total: 104748 ns
[2021-11-03T05:43:23.969+0000][7][safepoint    ] Safepoint "Cleanup", Time since last: 1003842787 ns, Reaching safepoint: 97744 ns, At safepoint: 2074 ns, Total: 99818 ns
[2021-11-03T05:43:24.971+0000][7][safepoint    ] Safepoint "Cleanup", Time since last: 1001849762 ns, Reaching safepoint: 180954 ns, At safepoint: 6442 ns, Total: 187396 ns
[2021-11-03T05:43:25.974+0000][7][safepoint    ] Safepoint "Cleanup", Time since last: 1002820512 ns, Reaching safepoint: 260000 ns, At safepoint: 6268 ns, Total: 266268 ns
[2021-11-03T05:43:26.978+0000][7][safepoint    ] Safepoint "Cleanup", Time since last: 1003755657 ns, Reaching safepoint: 305661 ns, At safepoint: 7132 ns, Total: 312793 ns
[2021-11-03T05:43:27.981+0000][7][safepoint    ] Safepoint "Cleanup", Time since last: 1002798560 ns, Reaching safepoint: 156246 ns, At safepoint: 3284 ns, Total: 159530 ns
[2021-11-03T05:43:28.984+0000][7][safepoint    ] Safepoint "Cleanup", Time since last: 1002755076 ns, Reaching safepoint: 290379 ns, At safepoint: 7587 ns, Total: 297966 ns
[2021-11-03T05:43:29.987+0000][7][safepoint    ] Safepoint "Cleanup", Time since last: 1002519635 ns, Reaching safepoint: 153016 ns, At safepoint: 3809 ns, Total: 156825 ns
[2021-11-03T05:43:30.989+0000][7][safepoint    ] Safepoint "Cleanup", Time since last: 1001828406 ns, Reaching safepoint: 186603 ns, At safepoint: 6638 ns, Total: 193241 ns
[2021-11-03T05:43:31.993+0000][7][safepoint    ] Safepoint "Cleanup", Time since last: 1003583795 ns, Reaching safepoint: 176370 ns, At safepoint: 7005 ns, Total: 183375 ns
[2021-11-03T05:43:32.977+0000][7][safepoint    ] Safepoint "Cleanup", Time since last: 1005044677 ns, Reaching safepoint: 412872 ns, At safepoint: 81225 ns, Total: 494097 ns
[2021-11-03T05:43:33.981+0000][7][safepoint    ] Safepoint "Cleanup", Time since last: 1004170783 ns, Reaching safepoint: 419396 ns, At safepoint: 73485 ns, Total: 492881 ns
[2021-11-03T05:43:34.985+0000][7][safepoint    ] Safepoint "Cleanup", Time since last: 1003658517 ns, Reaching safepoint: 234645 ns, At safepoint: 74293 ns, Total: 308938 ns
[2021-11-03T05:43:35.988+0000][7][safepoint    ] Safepoint "Cleanup", Time since last: 1002728927 ns, Reaching safepoint: 433803 ns, At safepoint: 8908 ns, Total: 442711 ns
[2021-11-03T05:43:36.991+0000][7][safepoint    ] Safepoint "Cleanup", Time since last: 1002560445 ns, Reaching safepoint: 278404 ns, At safepoint: 6485 ns, Total: 284889 ns
[2021-11-03T05:43:37.994+0000][7][safepoint    ] Safepoint "Cleanup", Time since last: 1002454690 ns, Reaching safepoint: 200018 ns, At safepoint: 4753 ns, Total: 204771 ns
[2021-11-03T05:43:38.996+0000][7][safepoint    ] Safepoint "Cleanup", Time since last: 1001735620 ns, Reaching safepoint: 581401 ns, At safepoint: 8190 ns, Total: 589591 ns
[2021-11-03T05:43:40.005+0000][7][safepoint    ] Safepoint "Cleanup", Time since last: 1008082526 ns, Reaching safepoint: 447938 ns, At safepoint: 8563 ns, Total: 456501 ns
[2021-11-03T05:43:41.009+0000][7][safepoint    ] Safepoint "Cleanup", Time since last: 1003741153 ns, Reaching safepoint: 471106 ns, At safepoint: 10196 ns, Total: 481302 ns
[2021-11-03T05:43:42.015+0000][7][safepoint    ] Safepoint "Cleanup", Time since last: 1005267458 ns, Reaching safepoint: 448525 ns, At safepoint: 8850 ns, Total: 457375 ns
[2021-11-03T05:43:43.017+0000][7][safepoint    ] Safepoint "Cleanup", Time since last: 1001962194 ns, Reaching safepoint: 399105 ns, At safepoint: 6786 ns, Total: 405891 ns
[2021-11-03T05:43:44.020+0000][7][safepoint    ] Safepoint "Cleanup", Time since last: 1003020531 ns, Reaching safepoint: 246140 ns, At safepoint: 5833 ns, Total: 251973 ns
[2021-11-03T05:43:45.026+0000][7][safepoint    ] Safepoint "Cleanup", Time since last: 1005411864 ns, Reaching safepoint: 210618 ns, At safepoint: 4321 ns, Total: 214939 ns
[2021-11-03T05:43:46.030+0000][7][safepoint    ] Safepoint "Cleanup", Time since last: 1003364209 ns, Reaching safepoint: 240397 ns, At safepoint: 6660 ns, Total: 247057 ns
[2021-11-03T05:43:47.034+0000][7][safepoint    ] Safepoint "Cleanup", Time since last: 1004221149 ns, Reaching safepoint: 441740 ns, At safepoint: 9081 ns, Total: 450821 ns
[2021-11-03T05:43:48.037+0000][7][safepoint    ] Safepoint "Cleanup", Time since last: 1002725185 ns, Reaching safepoint: 147804 ns, At safepoint: 3036 ns, Total: 150840 ns
[2021-11-03T05:43:49.040+0000][7][safepoint    ] Safepoint "Cleanup", Time since last: 1002405998 ns, Reaching safepoint: 195160 ns, At safepoint: 4798 ns, Total: 199958 ns
[2021-11-03T05:43:50.088+0000][7][safepoint    ] Safepoint "Cleanup", Time since last: 1047768611 ns, Reaching safepoint: 277637 ns, At safepoint: 6103 ns, Total: 283740 ns
[2021-11-03T05:43:51.091+0000][7][safepoint    ] Safepoint "Cleanup", Time since last: 1002673584 ns, Reaching safepoint: 191419 ns, At safepoint: 44502 ns, Total: 235921 ns
[2021-11-03T05:43:52.097+0000][7][safepoint    ] Safepoint "Cleanup", Time since last: 1005752135 ns, Reaching safepoint: 142824 ns, At safepoint: 3934 ns, Total: 146758 ns
[2021-11-03T05:43:53.099+0000][7][safepoint    ] Safepoint "Cleanup", Time since last: 1001737715 ns, Reaching safepoint: 253005 ns, At safepoint: 8683 ns, Total: 261688 ns
[2021-11-03T05:43:54.101+0000][7][safepoint    ] Safepoint "Cleanup", Time since last: 1002615848 ns, Reaching safepoint: 121192 ns, At safepoint: 2988 ns, Total: 124180 ns
[2021-11-03T05:43:55.103+0000][7][safepoint    ] Safepoint "Cleanup", Time since last: 1001174200 ns, Reaching safepoint: 188547 ns, At safepoint: 7297 ns, Total: 195844 ns
[2021-11-03T05:43:56.106+0000][7][safepoint    ] Safepoint "Cleanup", Time since last: 1003480237 ns, Reaching safepoint: 177204 ns, At safepoint: 3905 ns, Total: 181109 ns
[2021-11-03T05:43:57.109+0000][7][safepoint    ] Safepoint "Cleanup", Time since last: 1002821216 ns, Reaching safepoint: 183338 ns, At safepoint: 7102 ns, Total: 190440 ns
[2021-11-03T05:43:58.115+0000][7][safepoint    ] Safepoint "Cleanup", Time since last: 1005462809 ns, Reaching safepoint: 94522 ns, At safepoint: 2638 ns, Total: 97160 ns
[2021-11-03T05:43:59.117+0000][7][safepoint    ] Safepoint "Cleanup", Time since last: 1001366382 ns, Reaching safepoint: 104513 ns, At safepoint: 2627 ns, Total: 107140 ns
[2021-11-03T05:44:00.119+0000][7][safepoint    ] Safepoint "Cleanup", Time since last: 1002508919 ns, Reaching safepoint: 179795 ns, At safepoint: 6489 ns, Total: 186284 ns
[2021-11-03T05:44:01.122+0000][7][safepoint    ] Safepoint "Cleanup", Time since last: 1002344577 ns, Reaching safepoint: 132105 ns, At safepoint: 3915 ns, Total: 136020 ns
[2021-11-03T05:44:02.125+0000][7][safepoint    ] Safepoint "Cleanup", Time since last: 1002703985 ns, Reaching safepoint: 321162 ns, At safepoint: 12614 ns, Total: 333776 ns
[2021-11-03T05:44:03.106+0000][7][safepoint    ] Safepoint "Cleanup", Time since last: 1002306131 ns, Reaching safepoint: 195529 ns, At safepoint: 5875 ns, Total: 201404 ns
[2021-11-03T05:44:04.108+0000][7][safepoint    ] Safepoint "Cleanup", Time since last: 1001803180 ns, Reaching safepoint: 181961 ns, At safepoint: 6877 ns, Total: 188838 ns
[2021-11-03T05:44:05.112+0000][7][safepoint    ] Safepoint "Cleanup", Time since last: 1003317253 ns, Reaching safepoint: 172452 ns, At safepoint: 4018 ns, Total: 176470 ns
[2021-11-03T05:44:06.138+0000][7][safepoint    ] Safepoint "Cleanup", Time since last: 1026668240 ns, Reaching safepoint: 160784 ns, At safepoint: 4175 ns, Total: 164959 ns
[2021-11-03T05:44:07.142+0000][7][safepoint    ] Safepoint "Cleanup", Time since last: 1002952266 ns, Reaching safepoint: 552869 ns, At safepoint: 8494 ns, Total: 561363 ns
[2021-11-03T05:44:08.144+0000][7][safepoint    ] Safepoint "Cleanup", Time since last: 1002326483 ns, Reaching safepoint: 129001 ns, At safepoint: 3977 ns, Total: 132978 ns
[2021-11-03T05:44:09.151+0000][7][safepoint    ] Safepoint "Cleanup", Time since last: 1005984270 ns, Reaching safepoint: 675688 ns, At safepoint: 25143 ns, Total: 700831 ns
[2021-11-03T05:44:10.154+0000][7][safepoint    ] Safepoint "Cleanup", Time since last: 1002897513 ns, Reaching safepoint: 197096 ns, At safepoint: 4332 ns, Total: 201428 ns
[2021-11-03T05:44:11.163+0000][7][safepoint    ] Safepoint "Cleanup", Time since last: 1008668624 ns, Reaching safepoint: 135337 ns, At safepoint: 4429 ns, Total: 139766 ns
[2021-11-03T05:44:12.168+0000][7][safepoint    ] Safepoint "Cleanup", Time since last: 1004441022 ns, Reaching safepoint: 185099 ns, At safepoint: 6312 ns, Total: 191411 ns
[2021-11-03T05:44:13.171+0000][7][safepoint    ] Safepoint "Cleanup", Time since last: 1003083826 ns, Reaching safepoint: 202728 ns, At safepoint: 3904 ns, Total: 206632 ns
[2021-11-03T05:44:14.173+0000][7][safepoint    ] Safepoint "Cleanup", Time since last: 1001635484 ns, Reaching safepoint: 372823 ns, At safepoint: 7385 ns, Total: 380208 ns
[2021-11-03T05:44:15.175+0000][7][safepoint    ] Safepoint "Cleanup", Time since last: 1002167830 ns, Reaching safepoint: 123569 ns, At safepoint: 4302 ns, Total: 127871 ns
[2021-11-03T05:44:16.177+0000][7][safepoint    ] Safepoint "Cleanup", Time since last: 1001762280 ns, Reaching safepoint: 186926 ns, At safepoint: 27492 ns, Total: 214418 ns
[2021-11-03T05:44:17.182+0000][7][safepoint    ] Safepoint "Cleanup", Time since last: 1004600368 ns, Reaching safepoint: 194311 ns, At safepoint: 6415 ns, Total: 200726 ns
[2021-11-03T05:44:18.185+0000][7][safepoint    ] Safepoint "Cleanup", Time since last: 1002473532 ns, Reaching safepoint: 274173 ns, At safepoint: 10871 ns, Total: 285044 ns
[2021-11-03T05:44:19.190+0000][7][safepoint    ] Safepoint "Cleanup", Time since last: 1005065629 ns, Reaching safepoint: 220913 ns, At safepoint: 7756 ns, Total: 228669 ns
[2021-11-03T05:44:20.195+0000][7][safepoint    ] Safepoint "Cleanup", Time since last: 1004628063 ns, Reaching safepoint: 102484 ns, At safepoint: 2732 ns, Total: 105216 ns
[2021-11-03T05:44:21.196+0000][7][safepoint    ] Safepoint "Cleanup", Time since last: 1000933783 ns, Reaching safepoint: 160661 ns, At safepoint: 4483 ns, Total: 165144 ns
[2021-11-03T05:44:22.197+0000][7][safepoint    ] Safepoint "Cleanup", Time since last: 1001182653 ns, Reaching safepoint: 173359 ns, At safepoint: 3868 ns, Total: 177227 ns
[2021-11-03T05:44:23.199+0000][7][safepoint    ] Safepoint "Cleanup", Time since last: 1001082031 ns, Reaching safepoint: 184843 ns, At safepoint: 5969 ns, Total: 190812 ns
[2021-11-03T05:44:24.201+0000][7][safepoint    ] Safepoint "Cleanup", Time since last: 1002304218 ns, Reaching safepoint: 411219 ns, At safepoint: 10648 ns, Total: 421867 ns
[2021-11-03T05:44:25.204+0000][7][safepoint    ] Safepoint "Cleanup", Time since last: 1002188755 ns, Reaching safepoint: 170648 ns, At safepoint: 4582 ns, Total: 175230 ns
[2021-11-03T05:44:26.206+0000][7][safepoint    ] Safepoint "Cleanup", Time since last: 1002159152 ns, Reaching safepoint: 422961 ns, At safepoint: 11702 ns, Total: 434663 ns
[2021-11-03T05:44:27.210+0000][7][safepoint    ] Safepoint "Cleanup", Time since last: 1003300989 ns, Reaching safepoint: 399571 ns, At safepoint: 7943 ns, Total: 407514 ns
[2021-11-03T05:44:28.213+0000][7][safepoint    ] Safepoint "Cleanup", Time since last: 1002826822 ns, Reaching safepoint: 186043 ns, At safepoint: 6312 ns, Total: 192355 ns
[2021-11-03T05:44:29.215+0000][7][safepoint    ] Safepoint "Cleanup", Time since last: 1001742874 ns, Reaching safepoint: 171235 ns, At safepoint: 6132 ns, Total: 177367 ns
[2021-11-03T05:44:30.218+0000][7][safepoint    ] Safepoint "Cleanup", Time since last: 1003087659 ns, Reaching safepoint: 168142 ns, At safepoint: 4394 ns, Total: 172536 ns
[2021-11-03T05:44:31.220+0000][7][safepoint    ] Safepoint "Cleanup", Time since last: 1001327978 ns, Reaching safepoint: 93788 ns, At safepoint: 2928 ns, Total: 96716 ns
[2021-11-03T05:44:32.221+0000][7][safepoint    ] Safepoint "Cleanup", Time since last: 1001299128 ns, Reaching safepoint: 137469 ns, At safepoint: 3509 ns, Total: 140978 ns
[2021-11-03T05:44:33.203+0000][7][safepoint    ] Safepoint "Cleanup", Time since last: 1003071989 ns, Reaching safepoint: 186332 ns, At safepoint: 7376 ns, Total: 193708 ns
[2021-11-03T05:44:34.207+0000][7][safepoint    ] Safepoint "Cleanup", Time since last: 1003457723 ns, Reaching safepoint: 136057 ns, At safepoint: 5373 ns, Total: 141430 ns
[2021-11-03T05:44:35.209+0000][7][safepoint    ] Safepoint "Cleanup", Time since last: 1001837887 ns, Reaching safepoint: 181451 ns, At safepoint: 4541 ns, Total: 185992 ns
[2021-11-03T05:44:36.211+0000][7][safepoint    ] Safepoint "Cleanup", Time since last: 1002174678 ns, Reaching safepoint: 204786 ns, At safepoint: 6802 ns, Total: 211588 ns
[2021-11-03T05:44:37.215+0000][7][safepoint    ] Safepoint "Cleanup", Time since last: 1004421530 ns, Reaching safepoint: 111144 ns, At safepoint: 3376 ns, Total: 114520 ns
[2021-11-03T05:44:38.218+0000][7][safepoint    ] Safepoint "Cleanup", Time since last: 1002089813 ns, Reaching safepoint: 143616 ns, At safepoint: 4605 ns, Total: 148221 ns
[2021-11-03T05:44:39.220+0000][7][safepoint    ] Safepoint "Cleanup", Time since last: 1001601636 ns, Reaching safepoint: 280253 ns, At safepoint: 6995 ns, Total: 287248 ns
[2021-11-03T05:44:40.222+0000][7][safepoint    ] Safepoint "Cleanup", Time since last: 1002709233 ns, Reaching safepoint: 93716 ns, At safepoint: 2575 ns, Total: 96291 ns
[2021-11-03T05:44:41.225+0000][7][safepoint    ] Safepoint "Cleanup", Time since last: 1002442243 ns, Reaching safepoint: 313592 ns, At safepoint: 8130 ns, Total: 321722 ns
[2021-11-03T05:44:42.230+0000][7][safepoint    ] Safepoint "Cleanup", Time since last: 1004091642 ns, Reaching safepoint: 334559 ns, At safepoint: 6301 ns, Total: 340860 ns
[2021-11-03T05:44:43.233+0000][7][safepoint    ] Safepoint "Cleanup", Time since last: 1003089928 ns, Reaching safepoint: 140319 ns, At safepoint: 4412 ns, Total: 144731 ns
[2021-11-03T05:44:44.236+0000][7][safepoint    ] Safepoint "Cleanup", Time since last: 1002648811 ns, Reaching safepoint: 97917 ns, At safepoint: 2272 ns, Total: 100189 ns
[2021-11-03T05:44:45.237+0000][7][safepoint    ] Safepoint "Cleanup", Time since last: 1001377275 ns, Reaching safepoint: 169247 ns, At safepoint: 5684 ns, Total: 174931 ns
[2021-11-03T05:44:46.240+0000][7][safepoint    ] Safepoint "Cleanup", Time since last: 1002264127 ns, Reaching safepoint: 173695 ns, At safepoint: 6361 ns, Total: 180056 ns
[2021-11-03T05:44:47.242+0000][7][safepoint    ] Safepoint "Cleanup", Time since last: 1002381697 ns, Reaching safepoint: 177708 ns, At safepoint: 6127 ns, Total: 183835 ns
[2021-11-03T05:44:48.244+0000][7][safepoint    ] Safepoint "Cleanup", Time since last: 1002039094 ns, Reaching safepoint: 96359 ns, At safepoint: 2952 ns, Total: 99311 ns
[2021-11-03T05:44:49.250+0000][7][safepoint    ] Safepoint "Cleanup", Time since last: 1005205578 ns, Reaching safepoint: 390171 ns, At safepoint: 9486 ns, Total: 399657 ns
[2021-11-03T05:44:50.270+0000][7][safepoint    ] Safepoint "Cleanup", Time since last: 1019702556 ns, Reaching safepoint: 138006 ns, At safepoint: 26520 ns, Total: 164526 ns
[2021-11-03T05:44:51.275+0000][7][safepoint    ] Safepoint "Cleanup", Time since last: 1004673698 ns, Reaching safepoint: 121835 ns, At safepoint: 3621 ns, Total: 125456 ns
[2021-11-03T05:44:52.277+0000][7][safepoint    ] Safepoint "Cleanup", Time since last: 1001951100 ns, Reaching safepoint: 563739 ns, At safepoint: 79350 ns, Total: 643089 ns
[2021-11-03T05:44:53.280+0000][7][safepoint    ] Safepoint "Cleanup", Time since last: 1002348459 ns, Reaching safepoint: 232521 ns, At safepoint: 4548 ns, Total: 237069 ns
[2021-11-03T05:44:54.281+0000][7][safepoint    ] Safepoint "Cleanup", Time since last: 1001320516 ns, Reaching safepoint: 135552 ns, At safepoint: 3352 ns, Total: 138904 ns
[2021-11-03T05:44:55.283+0000][7][safepoint    ] Safepoint "Cleanup", Time since last: 1001728534 ns, Reaching safepoint: 341079 ns, At safepoint: 5729 ns, Total: 346808 ns
[2021-11-03T05:44:56.285+0000][7][safepoint    ] Safepoint "Cleanup", Time since last: 1001605794 ns, Reaching safepoint: 169287 ns, At safepoint: 4022 ns, Total: 173309 ns
[2021-11-03T05:44:57.287+0000][7][safepoint    ] Safepoint "Cleanup", Time since last: 1001209951 ns, Reaching safepoint: 601896 ns, At safepoint: 7872 ns, Total: 609768 ns
[2021-11-03T05:44:58.290+0000][7][safepoint    ] Safepoint "Cleanup", Time since last: 1003124092 ns, Reaching safepoint: 362127 ns, At safepoint: 10479 ns, Total: 372606 ns
[2021-11-03T05:44:59.294+0000][7][safepoint    ] Safepoint "Cleanup", Time since last: 1002772439 ns, Reaching safepoint: 384084 ns, At safepoint: 9261 ns, Total: 393345 ns
[2021-11-03T05:45:00.300+0000][7][safepoint    ] Safepoint "Cleanup", Time since last: 1005567802 ns, Reaching safepoint: 500546 ns, At safepoint: 13363 ns, Total: 513909 ns
[2021-11-03T05:45:01.302+0000][7][safepoint    ] Safepoint "Cleanup", Time since last: 1002514091 ns, Reaching safepoint: 117845 ns, At safepoint: 2453 ns, Total: 120298 ns
[2021-11-03T05:45:02.282+0000][7][safepoint    ] Safepoint "Cleanup", Time since last: 1000859116 ns, Reaching safepoint: 178129 ns, At safepoint: 34943 ns, Total: 213072 ns
[2021-11-03T05:45:03.284+0000][7][safepoint    ] Safepoint "Cleanup", Time since last: 1000902990 ns, Reaching safepoint: 287364 ns, At safepoint: 5489 ns, Total: 292853 ns
[2021-11-03T05:45:04.285+0000][7][safepoint    ] Safepoint "Cleanup", Time since last: 1001643736 ns, Reaching safepoint: 146971 ns, At safepoint: 4407 ns, Total: 151378 ns
[2021-11-03T05:45:05.289+0000][7][safepoint    ] Safepoint "Cleanup", Time since last: 1003967829 ns, Reaching safepoint: 160280 ns, At safepoint: 2498 ns, Total: 162778 ns
[2021-11-03T05:45:06.291+0000][7][safepoint    ] Safepoint "Cleanup", Time since last: 1001348673 ns, Reaching safepoint: 84332 ns, At safepoint: 1999 ns, Total: 86331 ns
[2021-11-03T05:45:07.291+0000][7][safepoint    ] Safepoint "Cleanup", Time since last: 1000499089 ns, Reaching safepoint: 84841 ns, At safepoint: 2366 ns, Total: 87207 ns
[2021-11-03T05:45:08.292+0000][7][safepoint    ] Safepoint "Cleanup", Time since last: 1000614327 ns, Reaching safepoint: 85690 ns, At safepoint: 2450 ns, Total: 88140 ns
[2021-11-03T05:45:09.293+0000][7][safepoint    ] Safepoint "Cleanup", Time since last: 1000581410 ns, Reaching safepoint: 86749 ns, At safepoint: 2206 ns, Total: 88955 ns
[2021-11-03T05:45:10.294+0000][7][safepoint    ] Safepoint "Cleanup", Time since last: 1000840369 ns, Reaching safepoint: 138029 ns, At safepoint: 2375 ns, Total: 140404 ns
[2021-11-03T05:45:12.097+0000][7][safepoint    ] Safepoint "Cleanup", Time since last: 1802686691 ns, Reaching safepoint: 257930 ns, At safepoint: 4129 ns, Total: 262059 ns
[2021-11-03T05:45:13.100+0000][7][safepoint    ] Safepoint "Cleanup", Time since last: 1002793398 ns, Reaching safepoint: 394467 ns, At safepoint: 9538 ns, Total: 404005 ns
[2021-11-03T05:45:14.103+0000][7][safepoint    ] Safepoint "Cleanup", Time since last: 1002658809 ns, Reaching safepoint: 181142 ns, At safepoint: 7380 ns, Total: 188522 ns
[2021-11-03T05:45:15.106+0000][7][safepoint    ] Safepoint "Cleanup", Time since last: 1002636004 ns, Reaching safepoint: 434062 ns, At safepoint: 11890 ns, Total: 445952 ns
[2021-11-03T05:45:16.110+0000][7][safepoint    ] Safepoint "Cleanup", Time since last: 1003259767 ns, Reaching safepoint: 431811 ns, At safepoint: 8274 ns, Total: 440085 ns
[2021-11-03T05:45:17.112+0000][7][safepoint    ] Safepoint "Cleanup", Time since last: 1002129688 ns, Reaching safepoint: 124310 ns, At safepoint: 3478 ns, Total: 127788 ns
[2021-11-03T05:45:18.114+0000][7][safepoint    ] Safepoint "Cleanup", Time since last: 1001483175 ns, Reaching safepoint: 223150 ns, At safepoint: 4428 ns, Total: 227578 ns
[2021-11-03T05:45:19.115+0000][7][safepoint    ] Safepoint "Cleanup", Time since last: 1001356256 ns, Reaching safepoint: 97593 ns, At safepoint: 2913 ns, Total: 100506 ns
[2021-11-03T05:45:20.117+0000][7][safepoint    ] Safepoint "Cleanup", Time since last: 1001601955 ns, Reaching safepoint: 191169 ns, At safepoint: 6805 ns, Total: 197974 ns
[2021-11-03T05:45:21.122+0000][7][safepoint    ] Safepoint "Cleanup", Time since last: 1005308414 ns, Reaching safepoint: 207293 ns, At safepoint: 6721 ns, Total: 214014 ns
[2021-11-03T05:45:22.125+0000][7][safepoint    ] Safepoint "Cleanup", Time since last: 1002424058 ns, Reaching safepoint: 243613 ns, At safepoint: 7613 ns, Total: 251226 ns
[2021-11-03T05:45:23.129+0000][7][safepoint    ] Safepoint "Cleanup", Time since last: 1003348682 ns, Reaching safepoint: 185142 ns, At safepoint: 6569 ns, Total: 191711 ns
[2021-11-03T05:45:24.132+0000][7][safepoint    ] Safepoint "Cleanup", Time since last: 1002887749 ns, Reaching safepoint: 179373 ns, At safepoint: 6519 ns, Total: 185892 ns
[2021-11-03T05:45:25.136+0000][7][safepoint    ] Safepoint "Cleanup", Time since last: 1003651013 ns, Reaching safepoint: 265862 ns, At safepoint: 7130 ns, Total: 272992 ns
[2021-11-03T05:45:26.138+0000][7][safepoint    ] Safepoint "Cleanup", Time since last: 1002319733 ns, Reaching safepoint: 373933 ns, At safepoint: 7675 ns, Total: 381608 ns
[2021-11-03T05:45:27.141+0000][7][safepoint    ] Safepoint "Cleanup", Time since last: 1002773197 ns, Reaching safepoint: 217785 ns, At safepoint: 7684 ns, Total: 225469 ns
[2021-11-03T05:45:28.147+0000][7][safepoint    ] Safepoint "Cleanup", Time since last: 1005134256 ns, Reaching safepoint: 463904 ns, At safepoint: 72373 ns, Total: 536277 ns
[2021-11-03T05:45:29.151+0000][7][safepoint    ] Safepoint "Cleanup", Time since last: 1003584206 ns, Reaching safepoint: 183925 ns, At safepoint: 6071 ns, Total: 189996 ns
[2021-11-03T05:45:30.158+0000][7][safepoint    ] Safepoint "Cleanup", Time since last: 1007114407 ns, Reaching safepoint: 177937 ns, At safepoint: 5962 ns, Total: 183899 ns
[2021-11-03T05:45:31.163+0000][7][safepoint    ] Safepoint "Cleanup", Time since last: 1004514276 ns, Reaching safepoint: 181908 ns, At safepoint: 6601 ns, Total: 188509 ns
[2021-11-03T05:45:32.167+0000][7][safepoint    ] Safepoint "Cleanup", Time since last: 1003786209 ns, Reaching safepoint: 180235 ns, At safepoint: 5873 ns, Total: 186108 ns
[2021-11-03T05:45:33.149+0000][7][safepoint    ] Safepoint "Cleanup", Time since last: 1002917851 ns, Reaching safepoint: 177855 ns, At safepoint: 5981 ns, Total: 183836 ns
[2021-11-03T05:45:34.154+0000][7][safepoint    ] Safepoint "Cleanup", Time since last: 1005628179 ns, Reaching safepoint: 193544 ns, At safepoint: 6706 ns, Total: 200250 ns
[2021-11-03T05:45:35.162+0000][7][safepoint    ] Safepoint "Cleanup", Time since last: 1007305577 ns, Reaching safepoint: 257971 ns, At safepoint: 7185 ns, Total: 265156 ns
[2021-11-03T05:45:36.165+0000][7][safepoint    ] Safepoint "Cleanup", Time since last: 1002903870 ns, Reaching safepoint: 247319 ns, At safepoint: 6286 ns, Total: 253605 ns
[2021-11-03T05:45:37.168+0000][7][safepoint    ] Safepoint "Cleanup", Time since last: 1003062823 ns, Reaching safepoint: 119702 ns, At safepoint: 2897 ns, Total: 122599 ns
[2021-11-03T05:45:38.173+0000][7][safepoint    ] Safepoint "Cleanup", Time since last: 1004961580 ns, Reaching safepoint: 169420 ns, At safepoint: 4067 ns, Total: 173487 ns
[2021-11-03T05:45:39.179+0000][7][safepoint    ] Safepoint "Cleanup", Time since last: 1005099575 ns, Reaching safepoint: 185544 ns, At safepoint: 7018 ns, Total: 192562 ns
[2021-11-03T05:45:40.186+0000][7][safepoint    ] Safepoint "Cleanup", Time since last: 1007004355 ns, Reaching safepoint: 209297 ns, At safepoint: 7861 ns, Total: 217158 ns
[2021-11-03T05:45:41.189+0000][7][safepoint    ] Safepoint "Cleanup", Time since last: 1002754777 ns, Reaching safepoint: 185240 ns, At safepoint: 6901 ns, Total: 192141 ns
[2021-11-03T05:45:42.192+0000][7][safepoint    ] Safepoint "Cleanup", Time since last: 1002817553 ns, Reaching safepoint: 254114 ns, At safepoint: 6621 ns, Total: 260735 ns
[2021-11-03T05:45:43.195+0000][7][safepoint    ] Safepoint "Cleanup", Time since last: 1002885649 ns, Reaching safepoint: 184302 ns, At safepoint: 6844 ns, Total: 191146 ns
[2021-11-03T05:45:44.197+0000][7][safepoint    ] Safepoint "Cleanup", Time since last: 1002045054 ns, Reaching safepoint: 268890 ns, At safepoint: 6936 ns, Total: 275826 ns
[2021-11-03T05:45:45.201+0000][7][safepoint    ] Safepoint "Cleanup", Time since last: 1003032282 ns, Reaching safepoint: 176093 ns, At safepoint: 6345 ns, Total: 182438 ns
[2021-11-03T05:45:46.206+0000][7][safepoint    ] Safepoint "Cleanup", Time since last: 1004471532 ns, Reaching safepoint: 735234 ns, At safepoint: 87948 ns, Total: 823182 ns
[2021-11-03T05:45:47.209+0000][7][safepoint    ] Safepoint "Cleanup", Time since last: 1002474527 ns, Reaching safepoint: 238024 ns, At safepoint: 6711 ns, Total: 244735 ns
[2021-11-03T05:45:48.213+0000][7][safepoint    ] Safepoint "Cleanup", Time since last: 1004206004 ns, Reaching safepoint: 251884 ns, At safepoint: 9958 ns, Total: 261842 ns
[2021-11-03T05:45:49.221+0000][7][safepoint    ] Safepoint "Cleanup", Time since last: 1007356044 ns, Reaching safepoint: 235816 ns, At safepoint: 6815 ns, Total: 242631 ns
[2021-11-03T05:45:50.225+0000][7][safepoint    ] Safepoint "Cleanup", Time since last: 1003780086 ns, Reaching safepoint: 245476 ns, At safepoint: 6536 ns, Total: 252012 ns
[2021-11-03T05:45:51.230+0000][7][safepoint    ] Safepoint "Cleanup", Time since last: 1004958822 ns, Reaching safepoint: 237236 ns, At safepoint: 6989 ns, Total: 244225 ns
[2021-11-03T05:45:52.236+0000][7][safepoint    ] Safepoint "Cleanup", Time since last: 1005459158 ns, Reaching safepoint: 312338 ns, At safepoint: 7966 ns, Total: 320304 ns
[2021-11-03T05:45:53.239+0000][7][safepoint    ] Safepoint "Cleanup", Time since last: 1002708185 ns, Reaching safepoint: 263231 ns, At safepoint: 5691 ns, Total: 268922 ns
[2021-11-03T05:45:54.243+0000][7][safepoint    ] Safepoint "Cleanup", Time since last: 1004005795 ns, Reaching safepoint: 238906 ns, At safepoint: 6583 ns, Total: 245489 ns
[2021-11-03T05:45:55.249+0000][7][safepoint    ] Safepoint "Cleanup", Time since last: 1005186535 ns, Reaching safepoint: 558612 ns, At safepoint: 8964 ns, Total: 567576 ns
[2021-11-03T05:45:56.253+0000][7][safepoint    ] Safepoint "Cleanup", Time since last: 1003719520 ns, Reaching safepoint: 261083 ns, At safepoint: 9346 ns, Total: 270429 ns
[2021-11-03T05:45:57.257+0000][7][safepoint    ] Safepoint "Cleanup", Time since last: 1004486745 ns, Reaching safepoint: 378055 ns, At safepoint: 9439 ns, Total: 387494 ns
[2021-11-03T05:45:58.261+0000][7][safepoint    ] Safepoint "Cleanup", Time since last: 1002814781 ns, Reaching safepoint: 236428 ns, At safepoint: 7110 ns, Total: 243538 ns
[2021-11-03T05:45:59.264+0000][7][safepoint    ] Safepoint "Cleanup", Time since last: 1002795836 ns, Reaching safepoint: 584081 ns, At safepoint: 20275 ns, Total: 604356 ns
[2021-11-03T05:46:00.266+0000][7][safepoint    ] Safepoint "Cleanup", Time since last: 1002050707 ns, Reaching safepoint: 354100 ns, At safepoint: 7031 ns, Total: 361131 ns
[2021-11-03T05:46:01.268+0000][7][safepoint    ] Safepoint "Cleanup", Time since last: 1001858299 ns, Reaching safepoint: 249523 ns, At safepoint: 6161 ns, Total: 255684 ns
[2021-11-03T05:46:02.250+0000][7][safepoint    ] Safepoint "Cleanup", Time since last: 1001871953 ns, Reaching safepoint: 287723 ns, At safepoint: 8743 ns, Total: 296466 ns
[2021-11-03T05:46:03.252+0000][7][safepoint    ] Safepoint "Cleanup", Time since last: 1002041455 ns, Reaching safepoint: 368902 ns, At safepoint: 11325 ns, Total: 380227 ns
[2021-11-03T05:46:04.256+0000][7][safepoint    ] Safepoint "Cleanup", Time since last: 1003227163 ns, Reaching safepoint: 688333 ns, At safepoint: 18739 ns, Total: 707072 ns
[2021-11-03T05:46:05.260+0000][7][safepoint    ] Safepoint "Cleanup", Time since last: 1003750365 ns, Reaching safepoint: 181301 ns, At safepoint: 6174 ns, Total: 187475 ns
[2021-11-03T05:46:06.262+0000][7][safepoint    ] Safepoint "Cleanup", Time since last: 1002117250 ns, Reaching safepoint: 131183 ns, At safepoint: 2288 ns, Total: 133471 ns
[2021-11-03T05:46:07.263+0000][7][safepoint    ] Safepoint "Cleanup", Time since last: 1001153246 ns, Reaching safepoint: 101471 ns, At safepoint: 2181 ns, Total: 103652 ns
[2021-11-03T05:46:08.265+0000][7][safepoint    ] Safepoint "Cleanup", Time since last: 1001690484 ns, Reaching safepoint: 106650 ns, At safepoint: 3440 ns, Total: 110090 ns
[2021-11-03T05:46:09.268+0000][7][safepoint    ] Safepoint "Cleanup", Time since last: 1002653478 ns, Reaching safepoint: 261574 ns, At safepoint: 7534 ns, Total: 269108 ns
[2021-11-03T05:46:10.273+0000][7][safepoint    ] Safepoint "Cleanup", Time since last: 1004696156 ns, Reaching safepoint: 427289 ns, At safepoint: 12187 ns, Total: 439476 ns
[2021-11-03T05:46:11.275+0000][7][safepoint    ] Safepoint "Cleanup", Time since last: 1001806861 ns, Reaching safepoint: 95556 ns, At safepoint: 2751 ns, Total: 98307 ns
[2021-11-03T05:46:12.276+0000][7][safepoint    ] Safepoint "Cleanup", Time since last: 1001016373 ns, Reaching safepoint: 174671 ns, At safepoint: 5105 ns, Total: 179776 ns
[2021-11-03T05:46:13.279+0000][7][safepoint    ] Safepoint "Cleanup", Time since last: 1002515024 ns, Reaching safepoint: 513868 ns, At safepoint: 8745 ns, Total: 522613 ns
[2021-11-03T05:46:14.283+0000][7][safepoint    ] Safepoint "Cleanup", Time since last: 1003254850 ns, Reaching safepoint: 411630 ns, At safepoint: 10352 ns, Total: 421982 ns
[2021-11-03T05:46:15.286+0000][7][safepoint    ] Safepoint "Cleanup", Time since last: 1002337244 ns, Reaching safepoint: 175648 ns, At safepoint: 6216 ns, Total: 181864 ns
[2021-11-03T05:46:16.288+0000][7][safepoint    ] Safepoint "Cleanup", Time since last: 1002533496 ns, Reaching safepoint: 183856 ns, At safepoint: 6417 ns, Total: 190273 ns
[2021-11-03T05:46:17.292+0000][7][safepoint    ] Safepoint "Cleanup", Time since last: 1002645513 ns, Reaching safepoint: 689001 ns, At safepoint: 17695 ns, Total: 706696 ns
[2021-11-03T05:46:18.294+0000][7][safepoint    ] Safepoint "Cleanup", Time since last: 1002276811 ns, Reaching safepoint: 521145 ns, At safepoint: 9306 ns, Total: 530451 ns
[2021-11-03T05:46:19.298+0000][7][safepoint    ] Safepoint "Cleanup", Time since last: 1003111760 ns, Reaching safepoint: 210585 ns, At safepoint: 7445 ns, Total: 218030 ns
[2021-11-03T05:46:20.301+0000][7][safepoint    ] Safepoint "Cleanup", Time since last: 1002796182 ns, Reaching safepoint: 179320 ns, At safepoint: 6203 ns, Total: 185523 ns
[2021-11-03T05:46:21.305+0000][7][safepoint    ] Safepoint "Cleanup", Time since last: 1004088677 ns, Reaching safepoint: 174241 ns, At safepoint: 5274 ns, Total: 179515 ns
[2021-11-03T05:46:22.308+0000][7][safepoint    ] Safepoint "Cleanup", Time since last: 1002450108 ns, Reaching safepoint: 399033 ns, At safepoint: 8270 ns, Total: 407303 ns
[2021-11-03T05:46:23.314+0000][7][safepoint    ] Safepoint "Cleanup", Time since last: 1005508136 ns, Reaching safepoint: 212396 ns, At safepoint: 5475 ns, Total: 217871 ns
[2021-11-03T05:46:24.316+0000][7][safepoint    ] Safepoint "Cleanup", Time since last: 1002731436 ns, Reaching safepoint: 151062 ns, At safepoint: 4504 ns, Total: 155566 ns
[2021-11-03T05:46:25.321+0000][7][safepoint    ] Safepoint "Cleanup", Time since last: 1003918774 ns, Reaching safepoint: 309111 ns, At safepoint: 6726 ns, Total: 315837 ns
[2021-11-03T05:46:26.324+0000][7][safepoint    ] Safepoint "Cleanup", Time since last: 1002694459 ns, Reaching safepoint: 173827 ns, At safepoint: 6736 ns, Total: 180563 ns
[2021-11-03T05:46:27.326+0000][7][safepoint    ] Safepoint "Cleanup", Time since last: 1002518834 ns, Reaching safepoint: 172476 ns, At safepoint: 5733 ns, Total: 178209 ns
[2021-11-03T05:46:28.332+0000][7][safepoint    ] Safepoint "Cleanup", Time since last: 1004861370 ns, Reaching safepoint: 520121 ns, At safepoint: 9015 ns, Total: 529136 ns
[2021-11-03T05:46:29.335+0000][7][safepoint    ] Safepoint "Cleanup", Time since last: 1002864124 ns, Reaching safepoint: 173616 ns, At safepoint: 4929 ns, Total: 178545 ns
[2021-11-03T05:46:30.338+0000][7][safepoint    ] Safepoint "Cleanup", Time since last: 1002650967 ns, Reaching safepoint: 178124 ns, At safepoint: 7075 ns, Total: 185199 ns
[2021-11-03T05:46:31.341+0000][7][safepoint    ] Safepoint "Cleanup", Time since last: 1003006983 ns, Reaching safepoint: 243177 ns, At safepoint: 7942 ns, Total: 251119 ns
[2021-11-03T05:46:32.322+0000][7][safepoint    ] Safepoint "Cleanup", Time since last: 1002834012 ns, Reaching safepoint: 180589 ns, At safepoint: 6432 ns, Total: 187021 ns
[2021-11-03T05:46:33.330+0000][7][safepoint    ] Safepoint "Cleanup", Time since last: 1007224660 ns, Reaching safepoint: 176917 ns, At safepoint: 6558 ns, Total: 183475 ns
[2021-11-03T05:46:34.334+0000][7][safepoint    ] Safepoint "Cleanup", Time since last: 1003992530 ns, Reaching safepoint: 184045 ns, At safepoint: 6159 ns, Total: 190204 ns
[2021-11-03T05:46:35.337+0000][7][safepoint    ] Safepoint "Cleanup", Time since last: 1002287798 ns, Reaching safepoint: 254114 ns, At safepoint: 6651 ns, Total: 260765 ns
[2021-11-03T05:46:36.344+0000][7][safepoint    ] Safepoint "Cleanup", Time since last: 1007329857 ns, Reaching safepoint: 177088 ns, At safepoint: 6906 ns, Total: 183994 ns
[2021-11-03T05:46:37.350+0000][7][safepoint    ] Safepoint "Cleanup", Time since last: 1005955045 ns, Reaching safepoint: 275533 ns, At safepoint: 5297 ns, Total: 280830 ns
[2021-11-03T05:46:38.353+0000][7][safepoint    ] Safepoint "Cleanup", Time since last: 1002883474 ns, Reaching safepoint: 189008 ns, At safepoint: 7084 ns, Total: 196092 ns
[2021-11-03T05:46:39.357+0000][7][safepoint    ] Safepoint "Cleanup", Time since last: 1002935696 ns, Reaching safepoint: 319814 ns, At safepoint: 9947 ns, Total: 329761 ns
[2021-11-03T05:46:40.359+0000][7][safepoint    ] Safepoint "Cleanup", Time since last: 1002416341 ns, Reaching safepoint: 176174 ns, At safepoint: 6033 ns, Total: 182207 ns
[2021-11-03T05:46:41.363+0000][7][safepoint    ] Safepoint "Cleanup", Time since last: 1003949147 ns, Reaching safepoint: 171489 ns, At safepoint: 6618 ns, Total: 178107 ns
[2021-11-03T05:46:42.367+0000][7][safepoint    ] Safepoint "Cleanup", Time since last: 1003170595 ns, Reaching safepoint: 277111 ns, At safepoint: 6880 ns, Total: 283991 ns
[2021-11-03T05:46:43.374+0000][7][safepoint    ] Safepoint "Cleanup", Time since last: 1007298865 ns, Reaching safepoint: 136438 ns, At safepoint: 3426 ns, Total: 139864 ns
[2021-11-03T05:46:44.378+0000][7][safepoint    ] Safepoint "Cleanup", Time since last: 1003798326 ns, Reaching safepoint: 196821 ns, At safepoint: 7335 ns, Total: 204156 ns
[2021-11-03T05:46:45.384+0000][7][safepoint    ] Safepoint "Cleanup", Time since last: 1004941493 ns, Reaching safepoint: 915878 ns, At safepoint: 79718 ns, Total: 995596 ns
[2021-11-03T05:46:46.387+0000][7][safepoint    ] Safepoint "Cleanup", Time since last: 1002489269 ns, Reaching safepoint: 165526 ns, At safepoint: 2251 ns, Total: 167777 ns
[2021-11-03T05:46:47.390+0000][7][safepoint    ] Safepoint "Cleanup", Time since last: 1003299791 ns, Reaching safepoint: 245170 ns, At safepoint: 8738 ns, Total: 253908 ns
[2021-11-03T05:46:48.395+0000][7][safepoint    ] Safepoint "Cleanup", Time since last: 1003969284 ns, Reaching safepoint: 553706 ns, At safepoint: 7335 ns, Total: 561041 ns
[2021-11-03T05:46:49.397+0000][7][safepoint    ] Safepoint "Cleanup", Time since last: 1001942230 ns, Reaching safepoint: 445190 ns, At safepoint: 11794 ns, Total: 456984 ns
[2021-11-03T05:46:50.400+0000][7][safepoint    ] Safepoint "Cleanup", Time since last: 1002691133 ns, Reaching safepoint: 138246 ns, At safepoint: 3589 ns, Total: 141835 ns
[2021-11-03T05:46:51.402+0000][7][safepoint    ] Safepoint "Cleanup", Time since last: 1001375712 ns, Reaching safepoint: 331457 ns, At safepoint: 5933 ns, Total: 337390 ns
[2021-11-03T05:46:52.409+0000][7][safepoint    ] Safepoint "Cleanup", Time since last: 1006973424 ns, Reaching safepoint: 239935 ns, At safepoint: 8238 ns, Total: 248173 ns
[2021-11-03T05:46:53.415+0000][7][safepoint    ] Safepoint "Cleanup", Time since last: 1005150032 ns, Reaching safepoint: 280597 ns, At safepoint: 45182 ns, Total: 325779 ns
[2021-11-03T05:46:54.416+0000][7][safepoint    ] Safepoint "Cleanup", Time since last: 1001724138 ns, Reaching safepoint: 100565 ns, At safepoint: 3337 ns, Total: 103902 ns
[2021-11-03T05:46:55.419+0000][7][safepoint    ] Safepoint "Cleanup", Time since last: 1002786776 ns, Reaching safepoint: 97701 ns, At safepoint: 2418 ns, Total: 100119 ns
[2021-11-03T05:46:56.422+0000][7][safepoint    ] Safepoint "Cleanup", Time since last: 1002168173 ns, Reaching safepoint: 342922 ns, At safepoint: 7277 ns, Total: 350199 ns
[2021-11-03T05:46:57.430+0000][7][safepoint    ] Safepoint "Cleanup", Time since last: 1008079875 ns, Reaching safepoint: 443463 ns, At safepoint: 12350 ns, Total: 455813 ns
[2021-11-03T05:46:58.434+0000][7][safepoint    ] Safepoint "Cleanup", Time since last: 1003103910 ns, Reaching safepoint: 343060 ns, At safepoint: 6050 ns, Total: 349110 ns
[2021-11-03T05:46:59.438+0000][7][safepoint    ] Safepoint "Cleanup", Time since last: 1003705512 ns, Reaching safepoint: 297469 ns, At safepoint: 6077 ns, Total: 303546 ns
[2021-11-03T05:47:00.441+0000][7][safepoint    ] Safepoint "Cleanup", Time since last: 1003141703 ns, Reaching safepoint: 253621 ns, At safepoint: 8815 ns, Total: 262436 ns
[2021-11-03T05:47:01.443+0000][7][safepoint    ] Safepoint "Cleanup", Time since last: 1001614662 ns, Reaching safepoint: 519394 ns, At safepoint: 12982 ns, Total: 532376 ns
[2021-11-03T05:47:02.426+0000][7][safepoint    ] Safepoint "Cleanup", Time since last: 1003676277 ns, Reaching safepoint: 190149 ns, At safepoint: 7018 ns, Total: 197167 ns
[2021-11-03T05:47:03.428+0000][7][safepoint    ] Safepoint "Cleanup", Time since last: 1002632137 ns, Reaching safepoint: 141631 ns, At safepoint: 3081 ns, Total: 144712 ns
[2021-11-03T05:47:04.433+0000][7][safepoint    ] Safepoint "Cleanup", Time since last: 1004500172 ns, Reaching safepoint: 387816 ns, At safepoint: 7383 ns, Total: 395199 ns
[2021-11-03T05:47:05.436+0000][7][safepoint    ] Safepoint "Cleanup", Time since last: 1002726865 ns, Reaching safepoint: 126765 ns, At safepoint: 3532 ns, Total: 130297 ns
[2021-11-03T05:47:06.438+0000][7][safepoint    ] Safepoint "Cleanup", Time since last: 1001462108 ns, Reaching safepoint: 100680 ns, At safepoint: 2283 ns, Total: 102963 ns
[2021-11-03T05:47:07.439+0000][7][safepoint    ] Safepoint "Cleanup", Time since last: 1001068263 ns, Reaching safepoint: 189214 ns, At safepoint: 4213 ns, Total: 193427 ns
[2021-11-03T05:47:08.440+0000][7][safepoint    ] Safepoint "Cleanup", Time since last: 1001193326 ns, Reaching safepoint: 179678 ns, At safepoint: 4773 ns, Total: 184451 ns
[2021-11-03T05:47:09.444+0000][7][safepoint    ] Safepoint "Cleanup", Time since last: 1003626848 ns, Reaching safepoint: 384683 ns, At safepoint: 8863 ns, Total: 393546 ns
[2021-11-03T05:47:10.452+0000][7][safepoint    ] Safepoint "Cleanup", Time since last: 1006689816 ns, Reaching safepoint: 425596 ns, At safepoint: 10502 ns, Total: 436098 ns
[2021-11-03T05:47:11.459+0000][7][safepoint    ] Safepoint "Cleanup", Time since last: 1007309747 ns, Reaching safepoint: 507508 ns, At safepoint: 70545 ns, Total: 578053 ns
[2021-11-03T05:47:12.464+0000][7][safepoint    ] Safepoint "Cleanup", Time since last: 1003899341 ns, Reaching safepoint: 619248 ns, At safepoint: 24744 ns, Total: 643992 ns
[2021-11-03T05:47:13.467+0000][7][safepoint    ] Safepoint "Cleanup", Time since last: 1002852611 ns, Reaching safepoint: 308212 ns, At safepoint: 4115 ns, Total: 312327 ns
[2021-11-03T05:47:14.469+0000][7][safepoint    ] Safepoint "Cleanup", Time since last: 1001920944 ns, Reaching safepoint: 327489 ns, At safepoint: 7889 ns, Total: 335378 ns
[2021-11-03T05:47:15.472+0000][7][safepoint    ] Safepoint "Cleanup", Time since last: 1001861110 ns, Reaching safepoint: 273464 ns, At safepoint: 5883 ns, Total: 279347 ns
[2021-11-03T05:47:16.474+0000][7][safepoint    ] Safepoint "Cleanup", Time since last: 1001742834 ns, Reaching safepoint: 182520 ns, At safepoint: 6856 ns, Total: 189376 ns
[2021-11-03T05:47:17.478+0000][7][safepoint    ] Safepoint "Cleanup", Time since last: 1004270446 ns, Reaching safepoint: 89863 ns, At safepoint: 2377 ns, Total: 92240 ns
[2021-11-03T05:47:18.479+0000][7][safepoint    ] Safepoint "Cleanup", Time since last: 1000783795 ns, Reaching safepoint: 91585 ns, At safepoint: 2628 ns, Total: 94213 ns
[2021-11-03T05:47:19.480+0000][7][safepoint    ] Safepoint "Cleanup", Time since last: 1000762750 ns, Reaching safepoint: 170162 ns, At safepoint: 3416 ns, Total: 173578 ns
[2021-11-03T05:47:20.481+0000][7][safepoint    ] Safepoint "Cleanup", Time since last: 1001119374 ns, Reaching safepoint: 109549 ns, At safepoint: 3190 ns, Total: 112739 ns
[2021-11-03T05:47:21.482+0000][7][safepoint    ] Safepoint "Cleanup", Time since last: 1001016634 ns, Reaching safepoint: 198625 ns, At safepoint: 7232 ns, Total: 205857 ns
[2021-11-03T05:47:22.483+0000][7][safepoint    ] Safepoint "Cleanup", Time since last: 1000946687 ns, Reaching safepoint: 150191 ns, At safepoint: 4640 ns, Total: 154831 ns
[2021-11-03T05:47:23.484+0000][7][safepoint    ] Safepoint "Cleanup", Time since last: 1000938428 ns, Reaching safepoint: 176879 ns, At safepoint: 7538 ns, Total: 184417 ns
[2021-11-03T05:47:24.485+0000][7][safepoint    ] Safepoint "Cleanup", Time since last: 1000846487 ns, Reaching safepoint: 132633 ns, At safepoint: 2529 ns, Total: 135162 ns
[2021-11-03T05:47:25.486+0000][7][safepoint    ] Safepoint "Cleanup", Time since last: 1000634573 ns, Reaching safepoint: 176333 ns, At safepoint: 2871 ns, Total: 179204 ns
[2021-11-03T05:47:26.487+0000][7][safepoint    ] Safepoint "Cleanup", Time since last: 1000567050 ns, Reaching safepoint: 159871 ns, At safepoint: 3339 ns, Total: 163210 ns
[2021-11-03T05:47:27.488+0000][7][safepoint    ] Safepoint "Cleanup", Time since last: 1001013035 ns, Reaching safepoint: 164589 ns, At safepoint: 3569 ns, Total: 168158 ns
[2021-11-03T05:47:28.489+0000][7][safepoint    ] Safepoint "Cleanup", Time since last: 1000870290 ns, Reaching safepoint: 141182 ns, At safepoint: 3032 ns, Total: 144214 ns
[2021-11-03T05:47:29.491+0000][7][safepoint    ] Safepoint "Cleanup", Time since last: 1001537591 ns, Reaching safepoint: 126357 ns, At safepoint: 3369 ns, Total: 129726 ns
[2021-11-03T05:47:30.493+0000][7][safepoint    ] Safepoint "Cleanup", Time since last: 1001577352 ns, Reaching safepoint: 177762 ns, At safepoint: 6444 ns, Total: 184206 ns
[2021-11-03T05:47:31.494+0000][7][safepoint    ] Safepoint "Cleanup", Time since last: 1001549746 ns, Reaching safepoint: 88985 ns, At safepoint: 2322 ns, Total: 91307 ns
[2021-11-03T05:47:32.476+0000][7][safepoint    ] Safepoint "Cleanup", Time since last: 1002187167 ns, Reaching safepoint: 178540 ns, At safepoint: 6805 ns, Total: 185345 ns
[2021-11-03T05:47:33.478+0000][7][safepoint    ] Safepoint "Cleanup", Time since last: 1001873445 ns, Reaching safepoint: 152644 ns, At safepoint: 4095 ns, Total: 156739 ns
[2021-11-03T05:47:34.479+0000][7][safepoint    ] Safepoint "Cleanup", Time since last: 1001069031 ns, Reaching safepoint: 94527 ns, At safepoint: 2721 ns, Total: 97248 ns
[2021-11-03T05:47:35.481+0000][7][safepoint    ] Safepoint "Cleanup", Time since last: 1001518427 ns, Reaching safepoint: 180791 ns, At safepoint: 7286 ns, Total: 188077 ns
[2021-11-03T05:47:36.488+0000][7][safepoint    ] Safepoint "Cleanup", Time since last: 1003454843 ns, Reaching safepoint: 3902410 ns, At safepoint: 5522 ns, Total: 3907932 ns
[2021-11-03T05:47:37.510+0000][7][safepoint    ] Safepoint "Cleanup", Time since last: 1021518113 ns, Reaching safepoint: 93359 ns, At safepoint: 2863 ns, Total: 96222 ns
[2021-11-03T05:47:38.512+0000][7][safepoint    ] Safepoint "Cleanup", Time since last: 1002035233 ns, Reaching safepoint: 99214 ns, At safepoint: 2890 ns, Total: 102104 ns
[2021-11-03T05:47:39.514+0000][7][safepoint    ] Safepoint "Cleanup", Time since last: 1001673603 ns, Reaching safepoint: 176936 ns, At safepoint: 6438 ns, Total: 183374 ns
[2021-11-03T05:47:40.517+0000][7][safepoint    ] Safepoint "Cleanup", Time since last: 1003231476 ns, Reaching safepoint: 183701 ns, At safepoint: 7154 ns, Total: 190855 ns
[2021-11-03T05:47:41.519+0000][7][safepoint    ] Safepoint "Cleanup", Time since last: 1001986016 ns, Reaching safepoint: 93278 ns, At safepoint: 2463 ns, Total: 95741 ns
[2021-11-03T05:47:42.521+0000][7][safepoint    ] Safepoint "Cleanup", Time since last: 1001166994 ns, Reaching safepoint: 322504 ns, At safepoint: 8483 ns, Total: 330987 ns
[2021-11-03T05:47:43.524+0000][7][safepoint    ] Safepoint "Cleanup", Time since last: 1003315482 ns, Reaching safepoint: 196485 ns, At safepoint: 4161 ns, Total: 200646 ns
[2021-11-03T05:47:44.529+0000][7][safepoint    ] Safepoint "Cleanup", Time since last: 1003913835 ns, Reaching safepoint: 375927 ns, At safepoint: 23126 ns, Total: 399053 ns
[2021-11-03T05:47:45.531+0000][7][safepoint    ] Safepoint "Cleanup", Time since last: 1002339340 ns, Reaching safepoint: 233211 ns, At safepoint: 6644 ns, Total: 239855 ns
[2021-11-03T05:47:46.535+0000][7][safepoint    ] Safepoint "Cleanup", Time since last: 1003332399 ns, Reaching safepoint: 424324 ns, At safepoint: 11688 ns, Total: 436012 ns
[2021-11-03T05:47:47.538+0000][7][safepoint    ] Safepoint "Cleanup", Time since last: 1002366171 ns, Reaching safepoint: 390097 ns, At safepoint: 6598 ns, Total: 396695 ns
[2021-11-03T05:47:48.544+0000][7][safepoint    ] Safepoint "Cleanup", Time since last: 1005639174 ns, Reaching safepoint: 289177 ns, At safepoint: 5886 ns, Total: 295063 ns
[2021-11-03T05:47:49.546+0000][7][safepoint    ] Safepoint "Cleanup", Time since last: 1001624488 ns, Reaching safepoint: 362803 ns, At safepoint: 7074 ns, Total: 369877 ns
[2021-11-03T05:47:50.548+0000][7][safepoint    ] Safepoint "Cleanup", Time since last: 1002188573 ns, Reaching safepoint: 267671 ns, At safepoint: 4772 ns, Total: 272443 ns
[2021-11-03T05:47:51.554+0000][7][safepoint    ] Safepoint "Cleanup", Time since last: 1005168484 ns, Reaching safepoint: 358383 ns, At safepoint: 8180 ns, Total: 366563 ns
[2021-11-03T05:47:52.556+0000][7][safepoint    ] Safepoint "Cleanup", Time since last: 1001830634 ns, Reaching safepoint: 247603 ns, At safepoint: 4018 ns, Total: 251621 ns
[2021-11-03T05:47:53.557+0000][7][safepoint    ] Safepoint "Cleanup", Time since last: 1001008247 ns, Reaching safepoint: 102057 ns, At safepoint: 2690 ns, Total: 104747 ns
[2021-11-03T05:47:54.558+0000][7][safepoint    ] Safepoint "Cleanup", Time since last: 1001081412 ns, Reaching safepoint: 166619 ns, At safepoint: 5278 ns, Total: 171897 ns
[2021-11-03T05:47:55.566+0000][7][safepoint    ] Safepoint "Cleanup", Time since last: 1007358284 ns, Reaching safepoint: 184704 ns, At safepoint: 5430 ns, Total: 190134 ns
[2021-11-03T05:47:56.569+0000][7][safepoint    ] Safepoint "Cleanup", Time since last: 1003384610 ns, Reaching safepoint: 201073 ns, At safepoint: 6442 ns, Total: 207515 ns
[2021-11-03T05:47:57.576+0000][7][safepoint    ] Safepoint "Cleanup", Time since last: 1006284379 ns, Reaching safepoint: 274919 ns, At safepoint: 5491 ns, Total: 280410 ns
[2021-11-03T05:47:58.578+0000][7][safepoint    ] Safepoint "Cleanup", Time since last: 1002053416 ns, Reaching safepoint: 239135 ns, At safepoint: 7718 ns, Total: 246853 ns
[2021-11-03T05:47:59.581+0000][7][safepoint    ] Safepoint "Cleanup", Time since last: 1002348514 ns, Reaching safepoint: 142116 ns, At safepoint: 2998 ns, Total: 145114 ns
[2021-11-03T05:48:00.584+0000][7][safepoint    ] Safepoint "Cleanup", Time since last: 1002794397 ns, Reaching safepoint: 648315 ns, At safepoint: 10056 ns, Total: 658371 ns
[2021-11-03T05:48:01.588+0000][7][safepoint    ] Safepoint "Cleanup", Time since last: 1003451982 ns, Reaching safepoint: 217944 ns, At safepoint: 8173 ns, Total: 226117 ns
[2021-11-03T05:48:02.570+0000][7][safepoint    ] Safepoint "Cleanup", Time since last: 1002621360 ns, Reaching safepoint: 372077 ns, At safepoint: 8316 ns, Total: 380393 ns
[2021-11-03T05:48:03.572+0000][7][safepoint    ] Safepoint "Cleanup", Time since last: 1002362376 ns, Reaching safepoint: 181506 ns, At safepoint: 6207 ns, Total: 187713 ns
[2021-11-03T05:48:04.574+0000][7][safepoint    ] Safepoint "Cleanup", Time since last: 1001884980 ns, Reaching safepoint: 141237 ns, At safepoint: 4460 ns, Total: 145697 ns
[2021-11-03T05:48:05.576+0000][7][safepoint    ] Safepoint "Cleanup", Time since last: 1002137185 ns, Reaching safepoint: 213298 ns, At safepoint: 4617 ns, Total: 217915 ns
[2021-11-03T05:48:06.579+0000][7][safepoint    ] Safepoint "Cleanup", Time since last: 1002647591 ns, Reaching safepoint: 351690 ns, At safepoint: 7973 ns, Total: 359663 ns
[2021-11-03T05:48:07.583+0000][7][safepoint    ] Safepoint "Cleanup", Time since last: 1003426217 ns, Reaching safepoint: 251549 ns, At safepoint: 7894 ns, Total: 259443 ns
[2021-11-03T05:48:08.586+0000][7][safepoint    ] Safepoint "Cleanup", Time since last: 1002854015 ns, Reaching safepoint: 95846 ns, At safepoint: 2778 ns, Total: 98624 ns
[2021-11-03T05:48:09.588+0000][7][safepoint    ] Safepoint "Cleanup", Time since last: 1001408382 ns, Reaching safepoint: 356623 ns, At safepoint: 6805 ns, Total: 363428 ns
[2021-11-03T05:48:10.594+0000][7][safepoint    ] Safepoint "Cleanup", Time since last: 1005069857 ns, Reaching safepoint: 623912 ns, At safepoint: 11326 ns, Total: 635238 ns
[2021-11-03T05:48:11.596+0000][7][safepoint    ] Safepoint "Cleanup", Time since last: 1002536277 ns, Reaching safepoint: 208746 ns, At safepoint: 3822 ns, Total: 212568 ns
[2021-11-03T05:48:12.598+0000][7][safepoint    ] Safepoint "Cleanup", Time since last: 1001813983 ns, Reaching safepoint: 207925 ns, At safepoint: 3885 ns, Total: 211810 ns
[2021-11-03T05:48:13.601+0000][7][safepoint    ] Safepoint "Cleanup", Time since last: 1001966182 ns, Reaching safepoint: 183520 ns, At safepoint: 6797 ns, Total: 190317 ns
[2021-11-03T05:48:14.603+0000][7][safepoint    ] Safepoint "Cleanup", Time since last: 1002112122 ns, Reaching safepoint: 535818 ns, At safepoint: 123162 ns, Total: 658980 ns
[2021-11-03T05:48:15.606+0000][7][safepoint    ] Safepoint "Cleanup", Time since last: 1001657998 ns, Reaching safepoint: 886429 ns, At safepoint: 16783 ns, Total: 903212 ns
[2021-11-03T05:48:16.610+0000][7][safepoint    ] Safepoint "Cleanup", Time since last: 1004223228 ns, Reaching safepoint: 365865 ns, At safepoint: 7928 ns, Total: 373793 ns
[2021-11-03T05:48:17.613+0000][7][safepoint    ] Safepoint "Cleanup", Time since last: 1002092429 ns, Reaching safepoint: 336518 ns, At safepoint: 7695 ns, Total: 344213 ns
[2021-11-03T05:48:18.618+0000][7][safepoint    ] Safepoint "Cleanup", Time since last: 1004353408 ns, Reaching safepoint: 350183 ns, At safepoint: 7527 ns, Total: 357710 ns
[2021-11-03T05:48:19.623+0000][7][safepoint    ] Safepoint "Cleanup", Time since last: 1004770543 ns, Reaching safepoint: 697049 ns, At safepoint: 13491 ns, Total: 710540 ns
[2021-11-03T05:48:20.627+0000][7][safepoint    ] Safepoint "Cleanup", Time since last: 1003426141 ns, Reaching safepoint: 382005 ns, At safepoint: 11417 ns, Total: 393422 ns
[2021-11-03T05:48:21.630+0000][7][safepoint    ] Safepoint "Cleanup", Time since last: 1002710610 ns, Reaching safepoint: 318475 ns, At safepoint: 12785 ns, Total: 331260 ns
[2021-11-03T05:48:22.635+0000][7][safepoint    ] Safepoint "Cleanup", Time since last: 1004303399 ns, Reaching safepoint: 250359 ns, At safepoint: 7655 ns, Total: 258014 ns
[2021-11-03T05:48:23.641+0000][7][safepoint    ] Safepoint "Cleanup", Time since last: 1005425206 ns, Reaching safepoint: 631205 ns, At safepoint: 22001 ns, Total: 653206 ns
[2021-11-03T05:48:24.645+0000][7][safepoint    ] Safepoint "Cleanup", Time since last: 1004288794 ns, Reaching safepoint: 250672 ns, At safepoint: 7515 ns, Total: 258187 ns
[2021-11-03T05:48:25.648+0000][7][safepoint    ] Safepoint "Cleanup", Time since last: 1002508937 ns, Reaching safepoint: 253109 ns, At safepoint: 7997 ns, Total: 261106 ns
[2021-11-03T05:48:26.650+0000][7][safepoint    ] Safepoint "Cleanup", Time since last: 1002266843 ns, Reaching safepoint: 155271 ns, At safepoint: 3206 ns, Total: 158477 ns
[2021-11-03T05:48:27.652+0000][7][safepoint    ] Safepoint "Cleanup", Time since last: 1001576261 ns, Reaching safepoint: 275208 ns, At safepoint: 23522 ns, Total: 298730 ns
[2021-11-03T05:48:28.656+0000][7][safepoint    ] Safepoint "Cleanup", Time since last: 1003483691 ns, Reaching safepoint: 130312 ns, At safepoint: 4358 ns, Total: 134670 ns
[2021-11-03T05:48:29.658+0000][7][safepoint    ] Safepoint "Cleanup", Time since last: 1002010223 ns, Reaching safepoint: 151061 ns, At safepoint: 6593 ns, Total: 157654 ns
[2021-11-03T05:48:30.664+0000][7][safepoint    ] Safepoint "Cleanup", Time since last: 1005612059 ns, Reaching safepoint: 99877 ns, At safepoint: 3254 ns, Total: 103131 ns
[2021-11-03T05:48:31.666+0000][7][safepoint    ] Safepoint "Cleanup", Time since last: 1001783374 ns, Reaching safepoint: 178691 ns, At safepoint: 6317 ns, Total: 185008 ns
[2021-11-03T05:48:32.649+0000][7][safepoint    ] Safepoint "Cleanup", Time since last: 1004031923 ns, Reaching safepoint: 390595 ns, At safepoint: 11405 ns, Total: 402000 ns
[2021-11-03T05:48:33.652+0000][7][safepoint    ] Safepoint "Cleanup", Time since last: 1003401298 ns, Reaching safepoint: 180545 ns, At safepoint: 6368 ns, Total: 186913 ns
[2021-11-03T05:48:34.655+0000][7][safepoint    ] Safepoint "Cleanup", Time since last: 1002507050 ns, Reaching safepoint: 279848 ns, At safepoint: 6577 ns, Total: 286425 ns
[2021-11-03T05:48:35.660+0000][7][safepoint    ] Safepoint "Cleanup", Time since last: 1003675766 ns, Reaching safepoint: 842614 ns, At safepoint: 16208 ns, Total: 858822 ns
[2021-11-03T05:48:36.663+0000][7][safepoint    ] Safepoint "Cleanup", Time since last: 1002953110 ns, Reaching safepoint: 378553 ns, At safepoint: 51310 ns, Total: 429863 ns
[2021-11-03T05:48:37.667+0000][7][safepoint    ] Safepoint "Cleanup", Time since last: 1003590813 ns, Reaching safepoint: 492078 ns, At safepoint: 8390 ns, Total: 500468 ns
[2021-11-03T05:48:38.672+0000][7][safepoint    ] Safepoint "Cleanup", Time since last: 1004583474 ns, Reaching safepoint: 378166 ns, At safepoint: 11491 ns, Total: 389657 ns
[2021-11-03T05:48:39.675+0000][7][safepoint    ] Safepoint "Cleanup", Time since last: 1002120854 ns, Reaching safepoint: 287562 ns, At safepoint: 16243 ns, Total: 303805 ns
[2021-11-03T05:48:40.679+0000][7][safepoint    ] Safepoint "Cleanup", Time since last: 1004170387 ns, Reaching safepoint: 381441 ns, At safepoint: 12650 ns, Total: 394091 ns
[2021-11-03T05:48:41.684+0000][7][safepoint    ] Safepoint "Cleanup", Time since last: 1004640137 ns, Reaching safepoint: 343788 ns, At safepoint: 5235 ns, Total: 349023 ns
[2021-11-03T05:48:42.688+0000][7][safepoint    ] Safepoint "Cleanup", Time since last: 1003205579 ns, Reaching safepoint: 134909 ns, At safepoint: 4362 ns, Total: 139271 ns
[2021-11-03T05:48:43.690+0000][7][safepoint    ] Safepoint "Cleanup", Time since last: 1001595423 ns, Reaching safepoint: 612094 ns, At safepoint: 21372 ns, Total: 633466 ns
[2021-11-03T05:48:44.693+0000][7][safepoint    ] Safepoint "Cleanup", Time since last: 1002675161 ns, Reaching safepoint: 306240 ns, At safepoint: 12443 ns, Total: 318683 ns
[2021-11-03T05:48:45.700+0000][7][safepoint    ] Safepoint "Cleanup", Time since last: 1006921838 ns, Reaching safepoint: 657954 ns, At safepoint: 23529 ns, Total: 681483 ns
[2021-11-03T05:48:46.705+0000][7][safepoint    ] Safepoint "Cleanup", Time since last: 1003914115 ns, Reaching safepoint: 241136 ns, At safepoint: 6423 ns, Total: 247559 ns
[2021-11-03T05:48:47.713+0000][7][safepoint    ] Safepoint "Cleanup", Time since last: 1007996119 ns, Reaching safepoint: 188273 ns, At safepoint: 6686 ns, Total: 194959 ns
[2021-11-03T05:48:48.715+0000][7][safepoint    ] Safepoint "Cleanup", Time since last: 1002180403 ns, Reaching safepoint: 171065 ns, At safepoint: 3221 ns, Total: 174286 ns
[2021-11-03T05:48:49.716+0000][7][safepoint    ] Safepoint "Cleanup", Time since last: 1000949947 ns, Reaching safepoint: 101209 ns, At safepoint: 3376 ns, Total: 104585 ns
[2021-11-03T05:48:50.718+0000][7][safepoint    ] Safepoint "Cleanup", Time since last: 1001527804 ns, Reaching safepoint: 101334 ns, At safepoint: 2956 ns, Total: 104290 ns
[2021-11-03T05:48:51.719+0000][7][safepoint    ] Safepoint "Cleanup", Time since last: 1001240462 ns, Reaching safepoint: 101803 ns, At safepoint: 2784 ns, Total: 104587 ns
[2021-11-03T05:48:52.720+0000][7][safepoint    ] Safepoint "Cleanup", Time since last: 1001161360 ns, Reaching safepoint: 97182 ns, At safepoint: 2713 ns, Total: 99895 ns
[2021-11-03T05:48:53.722+0000][7][safepoint    ] Safepoint "Cleanup", Time since last: 1001247314 ns, Reaching safepoint: 94519 ns, At safepoint: 2896 ns, Total: 97415 ns
[2021-11-03T05:48:54.724+0000][7][safepoint    ] Safepoint "Cleanup", Time since last: 1001776711 ns, Reaching safepoint: 89716 ns, At safepoint: 2798 ns, Total: 92514 ns
[2021-11-03T05:48:55.725+0000][7][safepoint    ] Safepoint "Cleanup", Time since last: 1001109817 ns, Reaching safepoint: 90183 ns, At safepoint: 2594 ns, Total: 92777 ns
[2021-11-03T05:48:56.726+0000][7][safepoint    ] Safepoint "Cleanup", Time since last: 1001288053 ns, Reaching safepoint: 90165 ns, At safepoint: 2440 ns, Total: 92605 ns
[2021-11-03T05:48:57.727+0000][7][safepoint    ] Safepoint "Cleanup", Time since last: 1001180754 ns, Reaching safepoint: 92091 ns, At safepoint: 2440 ns, Total: 94531 ns
[2021-11-03T05:48:58.729+0000][7][safepoint    ] Safepoint "Cleanup", Time since last: 1000991068 ns, Reaching safepoint: 291747 ns, At safepoint: 8213 ns, Total: 299960 ns
[2021-11-03T05:48:59.730+0000][7][safepoint    ] Safepoint "Cleanup", Time since last: 1001436652 ns, Reaching safepoint: 97482 ns, At safepoint: 2936 ns, Total: 100418 ns
[2021-11-03T05:49:00.732+0000][7][safepoint    ] Safepoint "Cleanup", Time since last: 1001358088 ns, Reaching safepoint: 99772 ns, At safepoint: 3036 ns, Total: 102808 ns
[2021-11-03T05:49:01.734+0000][7][safepoint    ] Safepoint "Cleanup", Time since last: 1001692491 ns, Reaching safepoint: 101016 ns, At safepoint: 2447 ns, Total: 103463 ns
[2021-11-03T05:49:02.714+0000][7][safepoint    ] Safepoint "Cleanup", Time since last: 1001213488 ns, Reaching safepoint: 91504 ns, At safepoint: 2910 ns, Total: 94414 ns
[2021-11-03T05:49:03.715+0000][7][safepoint    ] Safepoint "Cleanup", Time since last: 1001791335 ns, Reaching safepoint: 110177 ns, At safepoint: 3027 ns, Total: 113204 ns
[2021-11-03T05:49:04.717+0000][7][safepoint    ] Safepoint "Cleanup", Time since last: 1001659864 ns, Reaching safepoint: 106526 ns, At safepoint: 3333 ns, Total: 109859 ns
[2021-11-03T05:49:05.719+0000][7][safepoint    ] Safepoint "Cleanup", Time since last: 1001361362 ns, Reaching safepoint: 163588 ns, At safepoint: 3101 ns, Total: 166689 ns
[2021-11-03T05:49:06.720+0000][7][safepoint    ] Safepoint "Cleanup", Time since last: 1001422898 ns, Reaching safepoint: 118993 ns, At safepoint: 2486 ns, Total: 121479 ns
[2021-11-03T05:49:07.722+0000][7][safepoint    ] Safepoint "Cleanup", Time since last: 1001257017 ns, Reaching safepoint: 207599 ns, At safepoint: 4587 ns, Total: 212186 ns
[2021-11-03T05:49:08.726+0000][7][safepoint    ] Safepoint "Cleanup", Time since last: 1003766521 ns, Reaching safepoint: 199381 ns, At safepoint: 26953 ns, Total: 226334 ns
[2021-11-03T05:49:09.727+0000][7][safepoint    ] Safepoint "Cleanup", Time since last: 1001109356 ns, Reaching safepoint: 90500 ns, At safepoint: 2177 ns, Total: 92677 ns
[2021-11-03T05:49:10.728+0000][7][safepoint    ] Safepoint "Cleanup", Time since last: 1001065334 ns, Reaching safepoint: 95609 ns, At safepoint: 2538 ns, Total: 98147 ns
[2021-11-03T05:49:11.730+0000][7][safepoint    ] Safepoint "Cleanup", Time since last: 1001353132 ns, Reaching safepoint: 87012 ns, At safepoint: 2297 ns, Total: 89309 ns
[2021-11-03T05:49:12.731+0000][7][safepoint    ] Safepoint "Cleanup", Time since last: 1001116399 ns, Reaching safepoint: 87871 ns, At safepoint: 2530 ns, Total: 90401 ns
[2021-11-03T05:49:13.732+0000][7][safepoint    ] Safepoint "Cleanup", Time since last: 1001059056 ns, Reaching safepoint: 79891 ns, At safepoint: 2458 ns, Total: 82349 ns
[2021-11-03T05:49:14.733+0000][7][safepoint    ] Safepoint "Cleanup", Time since last: 1000935994 ns, Reaching safepoint: 85615 ns, At safepoint: 2387 ns, Total: 88002 ns
[2021-11-03T05:49:15.734+0000][7][safepoint    ] Safepoint "Cleanup", Time since last: 1001098835 ns, Reaching safepoint: 85201 ns, At safepoint: 2893 ns, Total: 88094 ns
[2021-11-03T05:49:16.735+0000][7][safepoint    ] Safepoint "Cleanup", Time since last: 1001010459 ns, Reaching safepoint: 95648 ns, At safepoint: 2767 ns, Total: 98415 ns
[2021-11-03T05:49:17.736+0000][7][safepoint    ] Safepoint "Cleanup", Time since last: 1001032615 ns, Reaching safepoint: 90265 ns, At safepoint: 2798 ns, Total: 93063 ns
[2021-11-03T05:49:18.737+0000][7][safepoint    ] Safepoint "Cleanup", Time since last: 1000823967 ns, Reaching safepoint: 99106 ns, At safepoint: 3050 ns, Total: 102156 ns
[2021-11-03T05:49:19.738+0000][7][safepoint    ] Safepoint "Cleanup", Time since last: 1001095823 ns, Reaching safepoint: 86923 ns, At safepoint: 2424 ns, Total: 89347 ns
[2021-11-03T05:49:20.739+0000][7][safepoint    ] Safepoint "Cleanup", Time since last: 1000948969 ns, Reaching safepoint: 90095 ns, At safepoint: 2669 ns, Total: 92764 ns
[2021-11-03T05:49:21.741+0000][7][safepoint    ] Safepoint "Cleanup", Time since last: 1001175614 ns, Reaching safepoint: 87924 ns, At safepoint: 2757 ns, Total: 90681 ns
[2021-11-03T05:49:22.742+0000][7][safepoint    ] Safepoint "Cleanup", Time since last: 1001030691 ns, Reaching safepoint: 89297 ns, At safepoint: 2299 ns, Total: 91596 ns
[2021-11-03T05:49:23.743+0000][7][safepoint    ] Safepoint "Cleanup", Time since last: 1000953911 ns, Reaching safepoint: 134399 ns, At safepoint: 3249 ns, Total: 137648 ns
[2021-11-03T05:49:24.744+0000][7][safepoint    ] Safepoint "Cleanup", Time since last: 1001331126 ns, Reaching safepoint: 86960 ns, At safepoint: 2548 ns, Total: 89508 ns
[2021-11-03T05:49:25.745+0000][7][safepoint    ] Safepoint "Cleanup", Time since last: 1000998724 ns, Reaching safepoint: 91934 ns, At safepoint: 2294 ns, Total: 94228 ns
[2021-11-03T05:49:26.747+0000][7][safepoint    ] Safepoint "Cleanup", Time since last: 1001238145 ns, Reaching safepoint: 92759 ns, At safepoint: 2469 ns, Total: 95228 ns
[2021-11-03T05:49:27.749+0000][7][safepoint    ] Safepoint "Cleanup", Time since last: 1001961804 ns, Reaching safepoint: 85664 ns, At safepoint: 2322 ns, Total: 87986 ns
[2021-11-03T05:49:28.750+0000][7][safepoint    ] Safepoint "Cleanup", Time since last: 1001052218 ns, Reaching safepoint: 83362 ns, At safepoint: 2318 ns, Total: 85680 ns
[2021-11-03T05:49:29.751+0000][7][safepoint    ] Safepoint "Cleanup", Time since last: 1000832600 ns, Reaching safepoint: 111375 ns, At safepoint: 3661 ns, Total: 115036 ns
[2021-11-03T05:49:30.752+0000][7][safepoint    ] Safepoint "Cleanup", Time since last: 1000940021 ns, Reaching safepoint: 97313 ns, At safepoint: 2730 ns, Total: 100043 ns
[2021-11-03T05:49:31.753+0000][7][safepoint    ] Safepoint "Cleanup", Time since last: 1000948686 ns, Reaching safepoint: 90532 ns, At safepoint: 2456 ns, Total: 92988 ns
[2021-11-03T05:49:32.733+0000][7][safepoint    ] Safepoint "Cleanup", Time since last: 1000998362 ns, Reaching safepoint: 121062 ns, At safepoint: 3752 ns, Total: 124814 ns
[2021-11-03T05:49:34.725+0000][7][safepoint    ] Safepoint "Cleanup", Time since last: 1991987617 ns, Reaching safepoint: 93431 ns, At safepoint: 2505 ns, Total: 95936 ns
[2021-11-03T05:49:35.727+0000][7][safepoint    ] Safepoint "Cleanup", Time since last: 1001155042 ns, Reaching safepoint: 154758 ns, At safepoint: 3405 ns, Total: 158163 ns
[2021-11-03T05:49:36.728+0000][7][safepoint    ] Safepoint "Cleanup", Time since last: 1000794156 ns, Reaching safepoint: 84328 ns, At safepoint: 2604 ns, Total: 86932 ns
[2021-11-03T05:49:37.729+0000][7][safepoint    ] Safepoint "Cleanup", Time since last: 1000925444 ns, Reaching safepoint: 115711 ns, At safepoint: 2717 ns, Total: 118428 ns
[2021-11-03T05:49:38.730+0000][7][safepoint    ] Safepoint "Cleanup", Time since last: 1001431101 ns, Reaching safepoint: 87432 ns, At safepoint: 2407 ns, Total: 89839 ns
[2021-11-03T05:49:39.731+0000][7][safepoint    ] Safepoint "Cleanup", Time since last: 1001207543 ns, Reaching safepoint: 91648 ns, At safepoint: 10280 ns, Total: 101928 ns
[2021-11-03T05:49:40.733+0000][7][safepoint    ] Safepoint "Cleanup", Time since last: 1001267737 ns, Reaching safepoint: 375854 ns, At safepoint: 7987 ns, Total: 383841 ns
[2021-11-03T05:49:41.737+0000][7][safepoint    ] Safepoint "Cleanup", Time since last: 1003786841 ns, Reaching safepoint: 192203 ns, At safepoint: 6017 ns, Total: 198220 ns
[2021-11-03T05:49:42.739+0000][7][safepoint    ] Safepoint "Cleanup", Time since last: 1001540744 ns, Reaching safepoint: 163762 ns, At safepoint: 5520 ns, Total: 169282 ns
[2021-11-03T05:49:43.744+0000][7][safepoint    ] Safepoint "Cleanup", Time since last: 1004408423 ns, Reaching safepoint: 315104 ns, At safepoint: 37765 ns, Total: 352869 ns
[2021-11-03T05:49:44.748+0000][7][safepoint    ] Safepoint "Cleanup", Time since last: 1003655512 ns, Reaching safepoint: 441501 ns, At safepoint: 10180 ns, Total: 451681 ns
[2021-11-03T05:49:45.750+0000][7][safepoint    ] Safepoint "Cleanup", Time since last: 1002506872 ns, Reaching safepoint: 167621 ns, At safepoint: 6244 ns, Total: 173865 ns
[2021-11-03T05:49:46.753+0000][7][safepoint    ] Safepoint "Cleanup", Time since last: 1002859186 ns, Reaching safepoint: 178070 ns, At safepoint: 6809 ns, Total: 184879 ns
[2021-11-03T05:49:47.756+0000][7][safepoint    ] Safepoint "Cleanup", Time since last: 1002606281 ns, Reaching safepoint: 162986 ns, At safepoint: 7060 ns, Total: 170046 ns
[2021-11-03T05:49:48.758+0000][7][safepoint    ] Safepoint "Cleanup", Time since last: 1002174712 ns, Reaching safepoint: 164545 ns, At safepoint: 6044 ns, Total: 170589 ns
[2021-11-03T05:49:49.763+0000][7][safepoint    ] Safepoint "Cleanup", Time since last: 1004603472 ns, Reaching safepoint: 152774 ns, At safepoint: 8122 ns, Total: 160896 ns
[2021-11-03T05:49:50.766+0000][7][safepoint    ] Safepoint "Cleanup", Time since last: 1002595614 ns, Reaching safepoint: 131383 ns, At safepoint: 3816 ns, Total: 135199 ns
[2021-11-03T05:49:51.769+0000][7][safepoint    ] Safepoint "Cleanup", Time since last: 1002540258 ns, Reaching safepoint: 176371 ns, At safepoint: 6427 ns, Total: 182798 ns
[2021-11-03T05:49:52.773+0000][7][safepoint    ] Safepoint "Cleanup", Time since last: 1004239159 ns, Reaching safepoint: 200005 ns, At safepoint: 6682 ns, Total: 206687 ns
[2021-11-03T05:49:53.776+0000][7][safepoint    ] Safepoint "Cleanup", Time since last: 1003110353 ns, Reaching safepoint: 178025 ns, At safepoint: 7039 ns, Total: 185064 ns
[2021-11-03T05:49:54.779+0000][7][safepoint    ] Safepoint "Cleanup", Time since last: 1002828709 ns, Reaching safepoint: 181362 ns, At safepoint: 6670 ns, Total: 188032 ns
[2021-11-03T05:49:55.782+0000][7][safepoint    ] Safepoint "Cleanup", Time since last: 1002621553 ns, Reaching safepoint: 168389 ns, At safepoint: 6200 ns, Total: 174589 ns
[2021-11-03T05:49:56.785+0000][7][safepoint    ] Safepoint "Cleanup", Time since last: 1002262723 ns, Reaching safepoint: 162700 ns, At safepoint: 6009 ns, Total: 168709 ns
[2021-11-03T05:49:57.787+0000][7][safepoint    ] Safepoint "Cleanup", Time since last: 1001742119 ns, Reaching safepoint: 763545 ns, At safepoint: 9615 ns, Total: 773160 ns
[2021-11-03T05:49:58.791+0000][7][safepoint    ] Safepoint "Cleanup", Time since last: 1003021734 ns, Reaching safepoint: 508104 ns, At safepoint: 117018 ns, Total: 625122 ns
[2021-11-03T05:49:59.794+0000][7][safepoint    ] Safepoint "Cleanup", Time since last: 1003393698 ns, Reaching safepoint: 187234 ns, At safepoint: 6880 ns, Total: 194114 ns
[2021-11-03T05:50:00.797+0000][7][safepoint    ] Safepoint "Cleanup", Time since last: 1002437946 ns, Reaching safepoint: 123700 ns, At safepoint: 3606 ns, Total: 127306 ns
[2021-11-03T05:50:01.799+0000][7][safepoint    ] Safepoint "Cleanup", Time since last: 1001704643 ns, Reaching safepoint: 404862 ns, At safepoint: 9152 ns, Total: 414014 ns
[2021-11-03T05:50:02.780+0000][7][safepoint    ] Safepoint "Cleanup", Time since last: 1002444575 ns, Reaching safepoint: 137857 ns, At safepoint: 5196 ns, Total: 143053 ns
[2021-11-03T05:50:03.782+0000][7][safepoint    ] Safepoint "Cleanup", Time since last: 1001611653 ns, Reaching safepoint: 174178 ns, At safepoint: 6885 ns, Total: 181063 ns
[2021-11-03T05:50:04.785+0000][7][safepoint    ] Safepoint "Cleanup", Time since last: 1002843159 ns, Reaching safepoint: 300993 ns, At safepoint: 4886 ns, Total: 305879 ns
[2021-11-03T05:50:05.787+0000][7][safepoint    ] Safepoint "Cleanup", Time since last: 1001715133 ns, Reaching safepoint: 137470 ns, At safepoint: 4646 ns, Total: 142116 ns
[2021-11-03T05:50:06.788+0000][7][safepoint    ] Safepoint "Cleanup", Time since last: 1001254746 ns, Reaching safepoint: 127100 ns, At safepoint: 3113 ns, Total: 130213 ns
[2021-11-03T05:50:07.790+0000][7][safepoint    ] Safepoint "Cleanup", Time since last: 1001174824 ns, Reaching safepoint: 223609 ns, At safepoint: 5671 ns, Total: 229280 ns
[2021-11-03T05:50:08.794+0000][7][safepoint    ] Safepoint "Cleanup", Time since last: 1004004371 ns, Reaching safepoint: 385363 ns, At safepoint: 9245 ns, Total: 394608 ns
[2021-11-03T05:50:09.798+0000][7][safepoint    ] Safepoint "Cleanup", Time since last: 1003664320 ns, Reaching safepoint: 212746 ns, At safepoint: 5443 ns, Total: 218189 ns
[2021-11-03T05:50:10.800+0000][7][safepoint    ] Safepoint "Cleanup", Time since last: 1002031777 ns, Reaching safepoint: 126718 ns, At safepoint: 4369 ns, Total: 131087 ns
[2021-11-03T05:50:11.803+0000][7][safepoint    ] Safepoint "Cleanup", Time since last: 1002199289 ns, Reaching safepoint: 262430 ns, At safepoint: 8930 ns, Total: 271360 ns
[2021-11-03T05:50:12.808+0000][7][safepoint    ] Safepoint "Cleanup", Time since last: 1004113245 ns, Reaching safepoint: 652412 ns, At safepoint: 21112 ns, Total: 673524 ns
[2021-11-03T05:50:13.810+0000][7][safepoint    ] Safepoint "Cleanup", Time since last: 1002273278 ns, Reaching safepoint: 326728 ns, At safepoint: 6636 ns, Total: 333364 ns
[2021-11-03T05:50:14.813+0000][7][safepoint    ] Safepoint "Cleanup", Time since last: 1002463829 ns, Reaching safepoint: 234935 ns, At safepoint: 7110 ns, Total: 242045 ns
[2021-11-03T05:50:15.816+0000][7][safepoint    ] Safepoint "Cleanup", Time since last: 1002540888 ns, Reaching safepoint: 376278 ns, At safepoint: 7860 ns, Total: 384138 ns
[2021-11-03T05:50:16.817+0000][7][safepoint    ] Safepoint "Cleanup", Time since last: 1001604397 ns, Reaching safepoint: 110864 ns, At safepoint: 3059 ns, Total: 113923 ns
[2021-11-03T05:50:17.819+0000][7][safepoint    ] Safepoint "Cleanup", Time since last: 1000810043 ns, Reaching safepoint: 176066 ns, At safepoint: 7946 ns, Total: 184012 ns
[2021-11-03T05:50:18.824+0000][7][safepoint    ] Safepoint "Cleanup", Time since last: 1004971856 ns, Reaching safepoint: 232147 ns, At safepoint: 7380 ns, Total: 239527 ns
[2021-11-03T05:50:19.826+0000][7][safepoint    ] Safepoint "Cleanup", Time since last: 1002321122 ns, Reaching safepoint: 453082 ns, At safepoint: 9862 ns, Total: 462944 ns
[2021-11-03T05:50:20.830+0000][7][safepoint    ] Safepoint "Cleanup", Time since last: 1003229761 ns, Reaching safepoint: 136422 ns, At safepoint: 3737 ns, Total: 140159 ns
[2021-11-03T05:50:21.833+0000][7][safepoint    ] Safepoint "Cleanup", Time since last: 1002579908 ns, Reaching safepoint: 481420 ns, At safepoint: 11373 ns, Total: 492793 ns
[2021-11-03T05:50:22.836+0000][7][safepoint    ] Safepoint "Cleanup", Time since last: 1002560776 ns, Reaching safepoint: 276219 ns, At safepoint: 9100 ns, Total: 285319 ns
[2021-11-03T05:50:23.838+0000][7][safepoint    ] Safepoint "Cleanup", Time since last: 1001609474 ns, Reaching safepoint: 186968 ns, At safepoint: 6692 ns, Total: 193660 ns
[2021-11-03T05:50:24.841+0000][7][safepoint    ] Safepoint "Cleanup", Time since last: 1002745369 ns, Reaching safepoint: 186180 ns, At safepoint: 6427 ns, Total: 192607 ns
[2021-11-03T05:50:25.843+0000][7][safepoint    ] Safepoint "Cleanup", Time since last: 1002627695 ns, Reaching safepoint: 312907 ns, At safepoint: 8830 ns, Total: 321737 ns
[2021-11-03T05:50:26.846+0000][7][safepoint    ] Safepoint "Cleanup", Time since last: 1002565968 ns, Reaching safepoint: 90365 ns, At safepoint: 2674 ns, Total: 93039 ns
[2021-11-03T05:50:27.851+0000][7][safepoint    ] Safepoint "Cleanup", Time since last: 1004043511 ns, Reaching safepoint: 399150 ns, At safepoint: 26530 ns, Total: 425680 ns
[2021-11-03T05:50:28.854+0000][7][safepoint    ] Safepoint "Cleanup", Time since last: 1002755609 ns, Reaching safepoint: 189293 ns, At safepoint: 6040 ns, Total: 195333 ns
[2021-11-03T05:50:29.857+0000][7][safepoint    ] Safepoint "Cleanup", Time since last: 1003189853 ns, Reaching safepoint: 313779 ns, At safepoint: 6003 ns, Total: 319782 ns
[2021-11-03T05:50:30.860+0000][7][safepoint    ] Safepoint "Cleanup", Time since last: 1002496057 ns, Reaching safepoint: 202810 ns, At safepoint: 8260 ns, Total: 211070 ns
[2021-11-03T05:50:31.863+0000][7][safepoint    ] Safepoint "Cleanup", Time since last: 1002946224 ns, Reaching safepoint: 185030 ns, At safepoint: 6974 ns, Total: 192004 ns
[2021-11-03T05:50:32.844+0000][7][safepoint    ] Safepoint "Cleanup", Time since last: 1002546425 ns, Reaching safepoint: 190002 ns, At safepoint: 6578 ns, Total: 196580 ns
[2021-11-03T05:50:34.707+0000][7][safepoint    ] Safepoint "Cleanup", Time since last: 1862082803 ns, Reaching safepoint: 205521 ns, At safepoint: 6951 ns, Total: 212472 ns
[2021-11-03T05:50:35.713+0000][7][safepoint    ] Safepoint "Cleanup", Time since last: 1005936878 ns, Reaching safepoint: 368616 ns, At safepoint: 10451 ns, Total: 379067 ns
[2021-11-03T05:50:36.716+0000][7][safepoint    ] Safepoint "Cleanup", Time since last: 1002327043 ns, Reaching safepoint: 166177 ns, At safepoint: 3888 ns, Total: 170065 ns
[2021-11-03T05:50:37.720+0000][7][safepoint    ] Safepoint "Cleanup", Time since last: 1003865693 ns, Reaching safepoint: 291193 ns, At safepoint: 4558 ns, Total: 295751 ns
[2021-11-03T05:50:38.724+0000][7][safepoint    ] Safepoint "Cleanup", Time since last: 1003153977 ns, Reaching safepoint: 1057583 ns, At safepoint: 19548 ns, Total: 1077131 ns
[2021-11-03T05:50:39.729+0000][7][safepoint    ] Safepoint "Cleanup", Time since last: 1004377158 ns, Reaching safepoint: 574080 ns, At safepoint: 18498 ns, Total: 592578 ns
[2021-11-03T05:50:40.732+0000][7][safepoint    ] Safepoint "Cleanup", Time since last: 1002337714 ns, Reaching safepoint: 523440 ns, At safepoint: 8819 ns, Total: 532259 ns
[2021-11-03T05:50:41.736+0000][7][safepoint    ] Safepoint "Cleanup", Time since last: 1003361267 ns, Reaching safepoint: 633488 ns, At safepoint: 19563 ns, Total: 653051 ns
[2021-11-03T05:50:42.738+0000][7][safepoint    ] Safepoint "Cleanup", Time since last: 1002175198 ns, Reaching safepoint: 197813 ns, At safepoint: 6437 ns, Total: 204250 ns
[2021-11-03T05:50:43.740+0000][7][safepoint    ] Safepoint "Cleanup", Time since last: 1001239579 ns, Reaching safepoint: 222538 ns, At safepoint: 6631 ns, Total: 229169 ns
[2021-11-03T05:50:44.744+0000][7][safepoint    ] Safepoint "Cleanup", Time since last: 1003546051 ns, Reaching safepoint: 349692 ns, At safepoint: 12129 ns, Total: 361821 ns
[2021-11-03T05:50:45.746+0000][7][safepoint    ] Safepoint "Cleanup", Time since last: 1001876105 ns, Reaching safepoint: 108970 ns, At safepoint: 2764 ns, Total: 111734 ns
[2021-11-03T05:50:46.749+0000][7][safepoint    ] Safepoint "Cleanup", Time since last: 1003419391 ns, Reaching safepoint: 164280 ns, At safepoint: 3345 ns, Total: 167625 ns
[2021-11-03T05:50:47.752+0000][7][safepoint    ] Safepoint "Cleanup", Time since last: 1002402786 ns, Reaching safepoint: 111595 ns, At safepoint: 3225 ns, Total: 114820 ns
[2021-11-03T05:50:48.754+0000][7][safepoint    ] Safepoint "Cleanup", Time since last: 1001725052 ns, Reaching safepoint: 130449 ns, At safepoint: 4316 ns, Total: 134765 ns
[2021-11-03T05:50:49.756+0000][7][safepoint    ] Safepoint "Cleanup", Time since last: 1001774198 ns, Reaching safepoint: 197422 ns, At safepoint: 3496 ns, Total: 200918 ns
[2021-11-03T05:50:50.757+0000][7][safepoint    ] Safepoint "Cleanup", Time since last: 1001351212 ns, Reaching safepoint: 546208 ns, At safepoint: 35615 ns, Total: 581823 ns
[2021-11-03T05:50:51.760+0000][7][safepoint    ] Safepoint "Cleanup", Time since last: 1002811211 ns, Reaching safepoint: 125626 ns, At safepoint: 3884 ns, Total: 129510 ns
[2021-11-03T05:50:52.763+0000][7][safepoint    ] Safepoint "Cleanup", Time since last: 1002024123 ns, Reaching safepoint: 182490 ns, At safepoint: 7381 ns, Total: 189871 ns
[2021-11-03T05:50:53.765+0000][7][safepoint    ] Safepoint "Cleanup", Time since last: 1002431925 ns, Reaching safepoint: 223353 ns, At safepoint: 3912 ns, Total: 227265 ns
[2021-11-03T05:50:54.767+0000][7][safepoint    ] Safepoint "Cleanup", Time since last: 1001654506 ns, Reaching safepoint: 122247 ns, At safepoint: 3454 ns, Total: 125701 ns
[2021-11-03T05:50:55.769+0000][7][safepoint    ] Safepoint "Cleanup", Time since last: 1001350730 ns, Reaching safepoint: 105576 ns, At safepoint: 2537 ns, Total: 108113 ns
[2021-11-03T05:50:56.771+0000][7][safepoint    ] Safepoint "Cleanup", Time since last: 1002094734 ns, Reaching safepoint: 127607 ns, At safepoint: 3682 ns, Total: 131289 ns
[2021-11-03T05:50:57.773+0000][7][safepoint    ] Safepoint "Cleanup", Time since last: 1001635611 ns, Reaching safepoint: 170081 ns, At safepoint: 9606 ns, Total: 179687 ns
[2021-11-03T05:50:58.775+0000][7][safepoint    ] Safepoint "Cleanup", Time since last: 1002703878 ns, Reaching safepoint: 187931 ns, At safepoint: 7284 ns, Total: 195215 ns
[2021-11-03T05:50:59.779+0000][7][safepoint    ] Safepoint "Cleanup", Time since last: 1003324623 ns, Reaching safepoint: 291818 ns, At safepoint: 12311 ns, Total: 304129 ns
[2021-11-03T05:51:00.781+0000][7][safepoint    ] Safepoint "Cleanup", Time since last: 1002009292 ns, Reaching safepoint: 339476 ns, At safepoint: 8825 ns, Total: 348301 ns
[2021-11-03T05:51:01.785+0000][7][safepoint    ] Safepoint "Cleanup", Time since last: 1003862431 ns, Reaching safepoint: 98831 ns, At safepoint: 3243 ns, Total: 102074 ns
[2021-11-03T05:51:02.766+0000][7][safepoint    ] Safepoint "Cleanup", Time since last: 1001347925 ns, Reaching safepoint: 165548 ns, At safepoint: 4059 ns, Total: 169607 ns
[2021-11-03T05:51:03.768+0000][7][safepoint    ] Safepoint "Cleanup", Time since last: 1001835134 ns, Reaching safepoint: 99129 ns, At safepoint: 3084 ns, Total: 102213 ns
[2021-11-03T05:51:04.769+0000][7][safepoint    ] Safepoint "Cleanup", Time since last: 1001098897 ns, Reaching safepoint: 187180 ns, At safepoint: 67899 ns, Total: 255079 ns
[2021-11-03T05:51:05.771+0000][7][safepoint    ] Safepoint "Cleanup", Time since last: 1001975698 ns, Reaching safepoint: 103776 ns, At safepoint: 2923 ns, Total: 106699 ns
[2021-11-03T05:51:06.773+0000][7][safepoint    ] Safepoint "Cleanup", Time since last: 1001726924 ns, Reaching safepoint: 99415 ns, At safepoint: 2678 ns, Total: 102093 ns
[2021-11-03T05:51:07.774+0000][7][safepoint    ] Safepoint "Cleanup", Time since last: 1001220521 ns, Reaching safepoint: 156017 ns, At safepoint: 3845 ns, Total: 159862 ns
[2021-11-03T05:51:08.780+0000][7][safepoint    ] Safepoint "Cleanup", Time since last: 1005727102 ns, Reaching safepoint: 139584 ns, At safepoint: 4878 ns, Total: 144462 ns
[2021-11-03T05:51:09.783+0000][7][safepoint    ] Safepoint "Cleanup", Time since last: 1003139097 ns, Reaching safepoint: 208292 ns, At safepoint: 4496 ns, Total: 212788 ns
[2021-11-03T05:51:10.788+0000][7][safepoint    ] Safepoint "Cleanup", Time since last: 1003855551 ns, Reaching safepoint: 400360 ns, At safepoint: 9356 ns, Total: 409716 ns
[2021-11-03T05:51:11.790+0000][7][safepoint    ] Safepoint "Cleanup", Time since last: 1002386800 ns, Reaching safepoint: 221773 ns, At safepoint: 5002 ns, Total: 226775 ns
[2021-11-03T05:51:12.792+0000][7][safepoint    ] Safepoint "Cleanup", Time since last: 1001396553 ns, Reaching safepoint: 180096 ns, At safepoint: 3901 ns, Total: 183997 ns
[2021-11-03T05:51:13.793+0000][7][safepoint    ] Safepoint "Cleanup", Time since last: 1001095110 ns, Reaching safepoint: 186918 ns, At safepoint: 6527 ns, Total: 193445 ns
[2021-11-03T05:51:14.796+0000][7][safepoint    ] Safepoint "Cleanup", Time since last: 1002615708 ns, Reaching safepoint: 451634 ns, At safepoint: 87316 ns, Total: 538950 ns
[2021-11-03T05:51:15.798+0000][7][safepoint    ] Safepoint "Cleanup", Time since last: 1001997945 ns, Reaching safepoint: 135780 ns, At safepoint: 3255 ns, Total: 139035 ns
[2021-11-03T05:51:16.801+0000][7][safepoint    ] Safepoint "Cleanup", Time since last: 1001944513 ns, Reaching safepoint: 200079 ns, At safepoint: 3908 ns, Total: 203987 ns
[2021-11-03T05:51:17.805+0000][7][safepoint    ] Safepoint "Cleanup", Time since last: 1003699993 ns, Reaching safepoint: 402541 ns, At safepoint: 69550 ns, Total: 472091 ns
[2021-11-03T05:51:18.808+0000][7][safepoint    ] Safepoint "Cleanup", Time since last: 1002810658 ns, Reaching safepoint: 178442 ns, At safepoint: 4864 ns, Total: 183306 ns
[2021-11-03T05:51:19.811+0000][7][safepoint    ] Safepoint "Cleanup", Time since last: 1002593405 ns, Reaching safepoint: 249745 ns, At safepoint: 6366 ns, Total: 256111 ns
[2021-11-03T05:51:20.815+0000][7][safepoint    ] Safepoint "Cleanup", Time since last: 1003369916 ns, Reaching safepoint: 636061 ns, At safepoint: 23744 ns, Total: 659805 ns
[2021-11-03T05:51:21.821+0000][7][safepoint    ] Safepoint "Cleanup", Time since last: 1005364952 ns, Reaching safepoint: 584338 ns, At safepoint: 20411 ns, Total: 604749 ns
[2021-11-03T05:51:22.825+0000][7][safepoint    ] Safepoint "Cleanup", Time since last: 1004035704 ns, Reaching safepoint: 412787 ns, At safepoint: 13616 ns, Total: 426403 ns
[2021-11-03T05:51:23.828+0000][7][safepoint    ] Safepoint "Cleanup", Time since last: 1002351923 ns, Reaching safepoint: 161258 ns, At safepoint: 4585 ns, Total: 165843 ns
[2021-11-03T05:51:24.830+0000][7][safepoint    ] Safepoint "Cleanup", Time since last: 1002362752 ns, Reaching safepoint: 132857 ns, At safepoint: 4547 ns, Total: 137404 ns
[2021-11-03T05:51:25.833+0000][7][safepoint    ] Safepoint "Cleanup", Time since last: 1002243528 ns, Reaching safepoint: 180735 ns, At safepoint: 7100 ns, Total: 187835 ns
[2021-11-03T05:51:26.837+0000][7][safepoint    ] Safepoint "Cleanup", Time since last: 1003797859 ns, Reaching safepoint: 386450 ns, At safepoint: 9762 ns, Total: 396212 ns
[2021-11-03T05:51:27.841+0000][7][safepoint    ] Safepoint "Cleanup", Time since last: 1003609157 ns, Reaching safepoint: 586380 ns, At safepoint: 19218 ns, Total: 605598 ns
[2021-11-03T05:51:28.845+0000][7][safepoint    ] Safepoint "Cleanup", Time since last: 1003191213 ns, Reaching safepoint: 610395 ns, At safepoint: 18859 ns, Total: 629254 ns
[2021-11-03T05:51:29.847+0000][7][safepoint    ] Safepoint "Cleanup", Time since last: 1002570583 ns, Reaching safepoint: 94681 ns, At safepoint: 3109 ns, Total: 97790 ns
[2021-11-03T05:51:30.849+0000][7][safepoint    ] Safepoint "Cleanup", Time since last: 1001346771 ns, Reaching safepoint: 429967 ns, At safepoint: 9976 ns, Total: 439943 ns
[2021-11-03T05:51:31.852+0000][7][safepoint    ] Safepoint "Cleanup", Time since last: 1002958621 ns, Reaching safepoint: 179840 ns, At safepoint: 5887 ns, Total: 185727 ns
[2021-11-03T05:51:32.835+0000][7][safepoint    ] Safepoint "Cleanup", Time since last: 1003552049 ns, Reaching safepoint: 91507 ns, At safepoint: 2302 ns, Total: 93809 ns
[2021-11-03T05:51:33.837+0000][7][safepoint    ] Safepoint "Cleanup", Time since last: 1001924326 ns, Reaching safepoint: 611040 ns, At safepoint: 21422 ns, Total: 632462 ns
[2021-11-03T05:51:34.840+0000][7][safepoint    ] Safepoint "Cleanup", Time since last: 1002646496 ns, Reaching safepoint: 352764 ns, At safepoint: 12917 ns, Total: 365681 ns
[2021-11-03T05:51:35.844+0000][7][safepoint    ] Safepoint "Cleanup", Time since last: 1003102564 ns, Reaching safepoint: 416573 ns, At safepoint: 7115 ns, Total: 423688 ns
[2021-11-03T05:51:36.847+0000][7][safepoint    ] Safepoint "Cleanup", Time since last: 1002743722 ns, Reaching safepoint: 363447 ns, At safepoint: 7651 ns, Total: 371098 ns
[2021-11-03T05:51:37.851+0000][7][safepoint    ] Safepoint "Cleanup", Time since last: 1003733367 ns, Reaching safepoint: 346697 ns, At safepoint: 15375 ns, Total: 362072 ns
[2021-11-03T05:51:38.854+0000][7][safepoint    ] Safepoint "Cleanup", Time since last: 1002554557 ns, Reaching safepoint: 287503 ns, At safepoint: 6456 ns, Total: 293959 ns
[2021-11-03T05:51:39.859+0000][7][safepoint    ] Safepoint "Cleanup", Time since last: 1005196993 ns, Reaching safepoint: 269105 ns, At safepoint: 5989 ns, Total: 275094 ns
[2021-11-03T05:51:40.863+0000][7][safepoint    ] Safepoint "Cleanup", Time since last: 1003262194 ns, Reaching safepoint: 274114 ns, At safepoint: 7464 ns, Total: 281578 ns
[2021-11-03T05:51:41.866+0000][7][safepoint    ] Safepoint "Cleanup", Time since last: 1002979236 ns, Reaching safepoint: 318672 ns, At safepoint: 12614 ns, Total: 331286 ns
[2021-11-03T05:51:42.869+0000][7][safepoint    ] Safepoint "Cleanup", Time since last: 1002428746 ns, Reaching safepoint: 258813 ns, At safepoint: 9330 ns, Total: 268143 ns
[2021-11-03T05:51:43.872+0000][7][safepoint    ] Safepoint "Cleanup", Time since last: 1002633953 ns, Reaching safepoint: 439739 ns, At safepoint: 9961 ns, Total: 449700 ns
[2021-11-03T05:51:44.875+0000][7][safepoint    ] Safepoint "Cleanup", Time since last: 1002278878 ns, Reaching safepoint: 180104 ns, At safepoint: 6875 ns, Total: 186979 ns
[2021-11-03T05:51:45.877+0000][7][safepoint    ] Safepoint "Cleanup", Time since last: 1002291969 ns, Reaching safepoint: 122172 ns, At safepoint: 3040 ns, Total: 125212 ns
[2021-11-03T05:51:46.880+0000][7][safepoint    ] Safepoint "Cleanup", Time since last: 1002583070 ns, Reaching safepoint: 262550 ns, At safepoint: 4398 ns, Total: 266948 ns
[2021-11-03T05:51:47.882+0000][7][safepoint    ] Safepoint "Cleanup", Time since last: 1002030362 ns, Reaching safepoint: 113410 ns, At safepoint: 2684 ns, Total: 116094 ns
[2021-11-03T05:51:48.884+0000][7][safepoint    ] Safepoint "Cleanup", Time since last: 1001990374 ns, Reaching safepoint: 209767 ns, At safepoint: 5472 ns, Total: 215239 ns
[2021-11-03T05:51:49.887+0000][7][safepoint    ] Safepoint "Cleanup", Time since last: 1002648490 ns, Reaching safepoint: 178721 ns, At safepoint: 5629 ns, Total: 184350 ns
[2021-11-03T05:51:50.889+0000][7][safepoint    ] Safepoint "Cleanup", Time since last: 1001698775 ns, Reaching safepoint: 122678 ns, At safepoint: 3806 ns, Total: 126484 ns
[2021-11-03T05:51:51.890+0000][7][safepoint    ] Safepoint "Cleanup", Time since last: 1001429462 ns, Reaching safepoint: 187484 ns, At safepoint: 5087 ns, Total: 192571 ns
[2021-11-03T05:51:52.892+0000][7][safepoint    ] Safepoint "Cleanup", Time since last: 1001535798 ns, Reaching safepoint: 143693 ns, At safepoint: 3843 ns, Total: 147536 ns
[2021-11-03T05:51:53.894+0000][7][safepoint    ] Safepoint "Cleanup", Time since last: 1001915485 ns, Reaching safepoint: 255424 ns, At safepoint: 9422 ns, Total: 264846 ns
[2021-11-03T05:51:54.897+0000][7][safepoint    ] Safepoint "Cleanup", Time since last: 1002715289 ns, Reaching safepoint: 177250 ns, At safepoint: 6120 ns, Total: 183370 ns
[2021-11-03T05:51:55.901+0000][7][safepoint    ] Safepoint "Cleanup", Time since last: 1003109373 ns, Reaching safepoint: 178165 ns, At safepoint: 6949 ns, Total: 185114 ns
[2021-11-03T05:51:56.903+0000][7][safepoint    ] Safepoint "Cleanup", Time since last: 1002567648 ns, Reaching safepoint: 171657 ns, At safepoint: 5745 ns, Total: 177402 ns
[2021-11-03T05:51:57.908+0000][7][safepoint    ] Safepoint "Cleanup", Time since last: 1004428512 ns, Reaching safepoint: 95052 ns, At safepoint: 2638 ns, Total: 97690 ns
[2021-11-03T05:51:58.909+0000][7][safepoint    ] Safepoint "Cleanup", Time since last: 1001501349 ns, Reaching safepoint: 134831 ns, At safepoint: 4360 ns, Total: 139191 ns
[2021-11-03T05:51:59.911+0000][7][safepoint    ] Safepoint "Cleanup", Time since last: 1001711572 ns, Reaching safepoint: 102134 ns, At safepoint: 3098 ns, Total: 105232 ns
[2021-11-03T05:52:00.914+0000][7][safepoint    ] Safepoint "Cleanup", Time since last: 1002290150 ns, Reaching safepoint: 466034 ns, At safepoint: 10145 ns, Total: 476179 ns
[2021-11-03T05:52:01.919+0000][7][safepoint    ] Safepoint "Cleanup", Time since last: 1004446295 ns, Reaching safepoint: 173210 ns, At safepoint: 6736 ns, Total: 179946 ns
[2021-11-03T05:52:02.901+0000][7][safepoint    ] Safepoint "Cleanup", Time since last: 1003294463 ns, Reaching safepoint: 435951 ns, At safepoint: 12473 ns, Total: 448424 ns
[2021-11-03T05:52:03.904+0000][7][safepoint    ] Safepoint "Cleanup", Time since last: 1002147612 ns, Reaching safepoint: 521515 ns, At safepoint: 10335 ns, Total: 531850 ns
[2021-11-03T05:52:04.907+0000][7][safepoint    ] Safepoint "Cleanup", Time since last: 1002422163 ns, Reaching safepoint: 466200 ns, At safepoint: 17490 ns, Total: 483690 ns
[2021-11-03T05:52:05.909+0000][7][safepoint    ] Safepoint "Cleanup", Time since last: 1002147121 ns, Reaching safepoint: 397309 ns, At safepoint: 10449 ns, Total: 407758 ns
[2021-11-03T05:52:06.912+0000][7][safepoint    ] Safepoint "Cleanup", Time since last: 1002722842 ns, Reaching safepoint: 229737 ns, At safepoint: 6742 ns, Total: 236479 ns
[2021-11-03T05:52:07.918+0000][7][safepoint    ] Safepoint "Cleanup", Time since last: 1004705534 ns, Reaching safepoint: 411652 ns, At safepoint: 13838 ns, Total: 425490 ns
[2021-11-03T05:52:08.922+0000][7][safepoint    ] Safepoint "Cleanup", Time since last: 1004344607 ns, Reaching safepoint: 256951 ns, At safepoint: 7947 ns, Total: 264898 ns
[2021-11-03T05:52:09.929+0000][7][safepoint    ] Safepoint "Cleanup", Time since last: 1006226759 ns, Reaching safepoint: 248765 ns, At safepoint: 7810 ns, Total: 256575 ns
[2021-11-03T05:52:10.931+0000][7][safepoint    ] Safepoint "Cleanup", Time since last: 1002384878 ns, Reaching safepoint: 170038 ns, At safepoint: 4914 ns, Total: 174952 ns
[2021-11-03T05:52:11.933+0000][7][safepoint    ] Safepoint "Cleanup", Time since last: 1002091071 ns, Reaching safepoint: 89868 ns, At safepoint: 2292 ns, Total: 92160 ns
[2021-11-03T05:52:12.935+0000][7][safepoint    ] Safepoint "Cleanup", Time since last: 1001089692 ns, Reaching safepoint: 94896 ns, At safepoint: 2529 ns, Total: 97425 ns
[2021-11-03T05:52:13.940+0000][7][safepoint    ] Safepoint "Cleanup", Time since last: 1005482977 ns, Reaching safepoint: 105239 ns, At safepoint: 3325 ns, Total: 108564 ns
[2021-11-03T05:52:14.942+0000][7][safepoint    ] Safepoint "Cleanup", Time since last: 1001497308 ns, Reaching safepoint: 126878 ns, At safepoint: 3659 ns, Total: 130537 ns
[2021-11-03T05:52:15.944+0000][7][safepoint    ] Safepoint "Cleanup", Time since last: 1001669611 ns, Reaching safepoint: 202496 ns, At safepoint: 3772 ns, Total: 206268 ns
[2021-11-03T05:52:16.945+0000][7][safepoint    ] Safepoint "Cleanup", Time since last: 1001297310 ns, Reaching safepoint: 185402 ns, At safepoint: 6765 ns, Total: 192167 ns
[2021-11-03T05:52:17.952+0000][7][safepoint    ] Safepoint "Cleanup", Time since last: 1006270863 ns, Reaching safepoint: 114418 ns, At safepoint: 2893 ns, Total: 117311 ns
[2021-11-03T05:52:18.954+0000][7][safepoint    ] Safepoint "Cleanup", Time since last: 1001926772 ns, Reaching safepoint: 106476 ns, At safepoint: 2745 ns, Total: 109221 ns
[2021-11-03T05:52:19.956+0000][7][safepoint    ] Safepoint "Cleanup", Time since last: 1001830567 ns, Reaching safepoint: 122768 ns, At safepoint: 3967 ns, Total: 126735 ns
[2021-11-03T05:52:20.958+0000][7][safepoint    ] Safepoint "Cleanup", Time since last: 1002351004 ns, Reaching safepoint: 137606 ns, At safepoint: 5480 ns, Total: 143086 ns
[2021-11-03T05:52:21.964+0000][7][safepoint    ] Safepoint "Cleanup", Time since last: 1005753787 ns, Reaching safepoint: 185919 ns, At safepoint: 7320 ns, Total: 193239 ns
[2021-11-03T05:52:22.972+0000][7][safepoint    ] Safepoint "Cleanup", Time since last: 1007725889 ns, Reaching safepoint: 100217 ns, At safepoint: 2498 ns, Total: 102715 ns
[2021-11-03T05:52:23.973+0000][7][safepoint    ] Safepoint "Cleanup", Time since last: 1001067118 ns, Reaching safepoint: 149461 ns, At safepoint: 4381 ns, Total: 153842 ns
[2021-11-03T05:52:24.976+0000][7][safepoint    ] Safepoint "Cleanup", Time since last: 1002424421 ns, Reaching safepoint: 314677 ns, At safepoint: 5888 ns, Total: 320565 ns
[2021-11-03T05:52:25.979+0000][7][safepoint    ] Safepoint "Cleanup", Time since last: 1002451924 ns, Reaching safepoint: 509153 ns, At safepoint: 10349 ns, Total: 519502 ns
[2021-11-03T05:52:26.982+0000][7][safepoint    ] Safepoint "Cleanup", Time since last: 1003489955 ns, Reaching safepoint: 180335 ns, At safepoint: 6311 ns, Total: 186646 ns
[2021-11-03T05:52:27.986+0000][7][safepoint    ] Safepoint "Cleanup", Time since last: 1003415760 ns, Reaching safepoint: 106824 ns, At safepoint: 2850 ns, Total: 109674 ns
[2021-11-03T05:52:28.988+0000][7][safepoint    ] Safepoint "Cleanup", Time since last: 1001439490 ns, Reaching safepoint: 180820 ns, At safepoint: 6168 ns, Total: 186988 ns
[2021-11-03T05:52:29.990+0000][7][safepoint    ] Safepoint "Cleanup", Time since last: 1002363848 ns, Reaching safepoint: 167495 ns, At safepoint: 4082 ns, Total: 171577 ns
[2021-11-03T05:52:30.992+0000][7][safepoint    ] Safepoint "Cleanup", Time since last: 1001379549 ns, Reaching safepoint: 137612 ns, At safepoint: 3892 ns, Total: 141504 ns
[2021-11-03T05:52:31.997+0000][7][safepoint    ] Safepoint "Cleanup", Time since last: 1005261619 ns, Reaching safepoint: 184745 ns, At safepoint: 4890 ns, Total: 189635 ns
[2021-11-03T05:52:32.978+0000][7][safepoint    ] Safepoint "Cleanup", Time since last: 1001797354 ns, Reaching safepoint: 275674 ns, At safepoint: 6308 ns, Total: 281982 ns
[2021-11-03T05:52:33.981+0000][7][safepoint    ] Safepoint "Cleanup", Time since last: 1002823679 ns, Reaching safepoint: 271419 ns, At safepoint: 6483 ns, Total: 277902 ns
[2021-11-03T05:52:34.983+0000][7][safepoint    ] Safepoint "Cleanup", Time since last: 1002201281 ns, Reaching safepoint: 134407 ns, At safepoint: 4406 ns, Total: 138813 ns
[2021-11-03T05:52:35.985+0000][7][safepoint    ] Safepoint "Cleanup", Time since last: 1002007655 ns, Reaching safepoint: 122702 ns, At safepoint: 4307 ns, Total: 127009 ns
[2021-11-03T05:52:36.987+0000][7][safepoint    ] Safepoint "Cleanup", Time since last: 1001279719 ns, Reaching safepoint: 108995 ns, At safepoint: 3758 ns, Total: 112753 ns
[2021-11-03T05:52:37.989+0000][7][safepoint    ] Safepoint "Cleanup", Time since last: 1001404724 ns, Reaching safepoint: 252364 ns, At safepoint: 4771 ns, Total: 257135 ns
[2021-11-03T05:52:38.991+0000][7][safepoint    ] Safepoint "Cleanup", Time since last: 1002001784 ns, Reaching safepoint: 213272 ns, At safepoint: 5205 ns, Total: 218477 ns
[2021-11-03T05:52:39.994+0000][7][safepoint    ] Safepoint "Cleanup", Time since last: 1002873025 ns, Reaching safepoint: 253445 ns, At safepoint: 7271 ns, Total: 260716 ns
[2021-11-03T05:52:40.997+0000][7][safepoint    ] Safepoint "Cleanup", Time since last: 1002797145 ns, Reaching safepoint: 259948 ns, At safepoint: 7986 ns, Total: 267934 ns
[2021-11-03T05:52:42.000+0000][7][safepoint    ] Safepoint "Cleanup", Time since last: 1002585818 ns, Reaching safepoint: 187349 ns, At safepoint: 3323 ns, Total: 190672 ns
[2021-11-03T05:52:43.002+0000][7][safepoint    ] Safepoint "Cleanup", Time since last: 1001916636 ns, Reaching safepoint: 176130 ns, At safepoint: 7928 ns, Total: 184058 ns
[2021-11-03T05:52:44.004+0000][7][safepoint    ] Safepoint "Cleanup", Time since last: 1001701352 ns, Reaching safepoint: 237525 ns, At safepoint: 10050 ns, Total: 247575 ns
[2021-11-03T05:52:45.007+0000][7][safepoint    ] Safepoint "Cleanup", Time since last: 1003244328 ns, Reaching safepoint: 237530 ns, At safepoint: 7001 ns, Total: 244531 ns
[2021-11-03T05:52:46.010+0000][7][safepoint    ] Safepoint "Cleanup", Time since last: 1002495782 ns, Reaching safepoint: 134710 ns, At safepoint: 3540 ns, Total: 138250 ns
[2021-11-03T05:52:47.012+0000][7][safepoint    ] Safepoint "Cleanup", Time since last: 1001520429 ns, Reaching safepoint: 181251 ns, At safepoint: 4187 ns, Total: 185438 ns
[2021-11-03T05:52:48.014+0000][7][safepoint    ] Safepoint "Cleanup", Time since last: 1002361026 ns, Reaching safepoint: 170834 ns, At safepoint: 5221 ns, Total: 176055 ns
[2021-11-03T05:52:49.016+0000][7][safepoint    ] Safepoint "Cleanup", Time since last: 1001518417 ns, Reaching safepoint: 221289 ns, At safepoint: 7307 ns, Total: 228596 ns
[2021-11-03T05:52:50.019+0000][7][safepoint    ] Safepoint "Cleanup", Time since last: 1002682272 ns, Reaching safepoint: 173881 ns, At safepoint: 4171 ns, Total: 178052 ns
[2021-11-03T05:52:51.020+0000][7][safepoint    ] Safepoint "Cleanup", Time since last: 1001532498 ns, Reaching safepoint: 115933 ns, At safepoint: 2752 ns, Total: 118685 ns
[2021-11-03T05:52:52.023+0000][7][safepoint    ] Safepoint "Cleanup", Time since last: 1002044053 ns, Reaching safepoint: 318146 ns, At safepoint: 9995 ns, Total: 328141 ns
[2021-11-03T05:52:53.027+0000][7][safepoint    ] Safepoint "Cleanup", Time since last: 1003663228 ns, Reaching safepoint: 152769 ns, At safepoint: 5106 ns, Total: 157875 ns
[2021-11-03T05:52:54.028+0000][7][safepoint    ] Safepoint "Cleanup", Time since last: 1001267095 ns, Reaching safepoint: 141541 ns, At safepoint: 3223 ns, Total: 144764 ns
[2021-11-03T05:52:55.030+0000][7][safepoint    ] Safepoint "Cleanup", Time since last: 1001439569 ns, Reaching safepoint: 246402 ns, At safepoint: 7161 ns, Total: 253563 ns
[2021-11-03T05:52:56.032+0000][7][safepoint    ] Safepoint "Cleanup", Time since last: 1002503987 ns, Reaching safepoint: 281649 ns, At safepoint: 6269 ns, Total: 287918 ns
[2021-11-03T05:52:57.035+0000][7][safepoint    ] Safepoint "Cleanup", Time since last: 1002519980 ns, Reaching safepoint: 252454 ns, At safepoint: 6713 ns, Total: 259167 ns
[2021-11-03T05:52:58.038+0000][7][safepoint    ] Safepoint "Cleanup", Time since last: 1002857877 ns, Reaching safepoint: 149773 ns, At safepoint: 5468 ns, Total: 155241 ns
[2021-11-03T05:52:59.040+0000][7][safepoint    ] Safepoint "Cleanup", Time since last: 1001249576 ns, Reaching safepoint: 194215 ns, At safepoint: 4436 ns, Total: 198651 ns
[2021-11-03T05:53:00.042+0000][7][safepoint    ] Safepoint "Cleanup", Time since last: 1001961564 ns, Reaching safepoint: 307679 ns, At safepoint: 12380 ns, Total: 320059 ns
[2021-11-03T05:53:01.045+0000][7][safepoint    ] Safepoint "Cleanup", Time since last: 1002866187 ns, Reaching safepoint: 218840 ns, At safepoint: 5667 ns, Total: 224507 ns
[2021-11-03T05:53:02.025+0000][7][safepoint    ] Safepoint "Cleanup", Time since last: 1001538529 ns, Reaching safepoint: 225336 ns, At safepoint: 10998 ns, Total: 236334 ns
[2021-11-03T05:53:03.028+0000][7][safepoint    ] Safepoint "Cleanup", Time since last: 1001597923 ns, Reaching safepoint: 807192 ns, At safepoint: 22238 ns, Total: 829430 ns
[2021-11-03T05:53:04.031+0000][7][safepoint    ] Safepoint "Cleanup", Time since last: 1002880846 ns, Reaching safepoint: 410390 ns, At safepoint: 9182 ns, Total: 419572 ns
[2021-11-03T05:53:05.034+0000][7][safepoint    ] Safepoint "Cleanup", Time since last: 1002330220 ns, Reaching safepoint: 692799 ns, At safepoint: 25569 ns, Total: 718368 ns
[2021-11-03T05:53:06.036+0000][7][safepoint    ] Safepoint "Cleanup", Time since last: 1002109089 ns, Reaching safepoint: 130546 ns, At safepoint: 3076 ns, Total: 133622 ns
[2021-11-03T05:53:07.038+0000][7][safepoint    ] Safepoint "Cleanup", Time since last: 1001253049 ns, Reaching safepoint: 235810 ns, At safepoint: 85385 ns, Total: 321195 ns
[2021-11-03T05:53:08.044+0000][7][safepoint    ] Safepoint "Cleanup", Time since last: 1005698777 ns, Reaching safepoint: 204935 ns, At safepoint: 3658 ns, Total: 208593 ns
[2021-11-03T05:53:09.046+0000][7][safepoint    ] Safepoint "Cleanup", Time since last: 1001562064 ns, Reaching safepoint: 185208 ns, At safepoint: 4985 ns, Total: 190193 ns
[2021-11-03T05:53:10.050+0000][7][safepoint    ] Safepoint "Cleanup", Time since last: 1004175901 ns, Reaching safepoint: 337816 ns, At safepoint: 6713 ns, Total: 344529 ns
[2021-11-03T05:53:11.053+0000][7][safepoint    ] Safepoint "Cleanup", Time since last: 1003037664 ns, Reaching safepoint: 169899 ns, At safepoint: 4544 ns, Total: 174443 ns
[2021-11-03T05:53:12.056+0000][7][safepoint    ] Safepoint "Cleanup", Time since last: 1001573250 ns, Reaching safepoint: 641741 ns, At safepoint: 12202 ns, Total: 653943 ns
[2021-11-03T05:53:13.058+0000][7][safepoint    ] Safepoint "Cleanup", Time since last: 1001892707 ns, Reaching safepoint: 240925 ns, At safepoint: 5471 ns, Total: 246396 ns
[2021-11-03T05:53:14.060+0000][7][safepoint    ] Safepoint "Cleanup", Time since last: 1002346251 ns, Reaching safepoint: 240466 ns, At safepoint: 6056 ns, Total: 246522 ns
[2021-11-03T05:53:15.067+0000][7][safepoint    ] Safepoint "Cleanup", Time since last: 1006135820 ns, Reaching safepoint: 162712 ns, At safepoint: 3891 ns, Total: 166603 ns
[2021-11-03T05:53:16.068+0000][7][safepoint    ] Safepoint "Cleanup", Time since last: 1001288007 ns, Reaching safepoint: 125443 ns, At safepoint: 4550 ns, Total: 129993 ns
[2021-11-03T05:53:17.069+0000][7][safepoint    ] Safepoint "Cleanup", Time since last: 1001053966 ns, Reaching safepoint: 129268 ns, At safepoint: 3576 ns, Total: 132844 ns
[2021-11-03T05:53:18.071+0000][7][safepoint    ] Safepoint "Cleanup", Time since last: 1001189570 ns, Reaching safepoint: 100348 ns, At safepoint: 3409 ns, Total: 103757 ns
[2021-11-03T05:53:19.073+0000][7][safepoint    ] Safepoint "Cleanup", Time since last: 1001913944 ns, Reaching safepoint: 177630 ns, At safepoint: 6844 ns, Total: 184474 ns
[2021-11-03T05:53:20.075+0000][7][safepoint    ] Safepoint "Cleanup", Time since last: 1002490731 ns, Reaching safepoint: 91663 ns, At safepoint: 2290 ns, Total: 93953 ns
[2021-11-03T05:53:21.076+0000][7][safepoint    ] Safepoint "Cleanup", Time since last: 1000927597 ns, Reaching safepoint: 128445 ns, At safepoint: 3869 ns, Total: 132314 ns
[2021-11-03T05:53:22.079+0000][7][safepoint    ] Safepoint "Cleanup", Time since last: 1002249484 ns, Reaching safepoint: 172566 ns, At safepoint: 5271 ns, Total: 177837 ns
[2021-11-03T05:53:23.081+0000][7][safepoint    ] Safepoint "Cleanup", Time since last: 1002243105 ns, Reaching safepoint: 176395 ns, At safepoint: 6888 ns, Total: 183283 ns
[2021-11-03T05:53:24.084+0000][7][safepoint    ] Safepoint "Cleanup", Time since last: 1002864249 ns, Reaching safepoint: 371143 ns, At safepoint: 9565 ns, Total: 380708 ns
[2021-11-03T05:53:25.088+0000][7][safepoint    ] Safepoint "Cleanup", Time since last: 1002723616 ns, Reaching safepoint: 575945 ns, At safepoint: 16983 ns, Total: 592928 ns
[2021-11-03T05:53:26.091+0000][7][safepoint    ] Safepoint "Cleanup", Time since last: 1002247300 ns, Reaching safepoint: 480770 ns, At safepoint: 50462 ns, Total: 531232 ns
[2021-11-03T05:53:27.093+0000][7][safepoint    ] Safepoint "Cleanup", Time since last: 1002617373 ns, Reaching safepoint: 269683 ns, At safepoint: 6388 ns, Total: 276071 ns
[2021-11-03T05:53:28.098+0000][7][safepoint    ] Safepoint "Cleanup", Time since last: 1004012946 ns, Reaching safepoint: 320254 ns, At safepoint: 10287 ns, Total: 330541 ns
[2021-11-03T05:53:29.101+0000][7][safepoint    ] Safepoint "Cleanup", Time since last: 1003386829 ns, Reaching safepoint: 246286 ns, At safepoint: 6827 ns, Total: 253113 ns
[2021-11-03T05:53:30.104+0000][7][safepoint    ] Safepoint "Cleanup", Time since last: 1002759245 ns, Reaching safepoint: 185842 ns, At safepoint: 6944 ns, Total: 192786 ns
[2021-11-03T05:53:31.107+0000][7][safepoint    ] Safepoint "Cleanup", Time since last: 1002688306 ns, Reaching safepoint: 181526 ns, At safepoint: 6272 ns, Total: 187798 ns
[2021-11-03T05:53:32.089+0000][7][safepoint    ] Safepoint "Cleanup", Time since last: 1002790412 ns, Reaching safepoint: 171829 ns, At safepoint: 5048 ns, Total: 176877 ns
[2021-11-03T05:53:33.092+0000][7][safepoint    ] Safepoint "Cleanup", Time since last: 1002944928 ns, Reaching safepoint: 179954 ns, At safepoint: 6240 ns, Total: 186194 ns
[2021-11-03T05:53:34.100+0000][7][safepoint    ] Safepoint "Cleanup", Time since last: 1007061930 ns, Reaching safepoint: 348976 ns, At safepoint: 13798 ns, Total: 362774 ns
[2021-11-03T05:53:35.101+0000][7][safepoint    ] Safepoint "Cleanup", Time since last: 1001395970 ns, Reaching safepoint: 119081 ns, At safepoint: 3966 ns, Total: 123047 ns
[2021-11-03T05:53:36.103+0000][7][safepoint    ] Safepoint "Cleanup", Time since last: 1001712698 ns, Reaching safepoint: 101891 ns, At safepoint: 2816 ns, Total: 104707 ns
[2021-11-03T05:53:37.104+0000][7][safepoint    ] Safepoint "Cleanup", Time since last: 1001314294 ns, Reaching safepoint: 100213 ns, At safepoint: 10573 ns, Total: 110786 ns
[2021-11-03T05:53:38.106+0000][7][safepoint    ] Safepoint "Cleanup", Time since last: 1001818611 ns, Reaching safepoint: 176588 ns, At safepoint: 6253 ns, Total: 182841 ns
[2021-11-03T05:53:39.109+0000][7][safepoint    ] Safepoint "Cleanup", Time since last: 1002845239 ns, Reaching safepoint: 135943 ns, At safepoint: 4235 ns, Total: 140178 ns
[2021-11-03T05:53:40.111+0000][7][safepoint    ] Safepoint "Cleanup", Time since last: 1001391717 ns, Reaching safepoint: 162481 ns, At safepoint: 5622 ns, Total: 168103 ns
[2021-11-03T05:53:41.113+0000][7][safepoint    ] Safepoint "Cleanup", Time since last: 1001669662 ns, Reaching safepoint: 98098 ns, At safepoint: 2773 ns, Total: 100871 ns
[2021-11-03T05:53:42.115+0000][7][safepoint    ] Safepoint "Cleanup", Time since last: 1002540518 ns, Reaching safepoint: 236061 ns, At safepoint: 4275 ns, Total: 240336 ns
[2021-11-03T05:53:43.117+0000][7][safepoint    ] Safepoint "Cleanup", Time since last: 1001517474 ns, Reaching safepoint: 183780 ns, At safepoint: 3214 ns, Total: 186994 ns
[2021-11-03T05:53:44.120+0000][7][safepoint    ] Safepoint "Cleanup", Time since last: 1002445852 ns, Reaching safepoint: 140213 ns, At safepoint: 91238 ns, Total: 231451 ns
[2021-11-03T05:53:45.122+0000][7][safepoint    ] Safepoint "Cleanup", Time since last: 1001959556 ns, Reaching safepoint: 238505 ns, At safepoint: 7360 ns, Total: 245865 ns
[2021-11-03T05:53:46.125+0000][7][safepoint    ] Safepoint "Cleanup", Time since last: 1002911702 ns, Reaching safepoint: 173280 ns, At safepoint: 6992 ns, Total: 180272 ns
[2021-11-03T05:53:47.128+0000][7][safepoint    ] Safepoint "Cleanup", Time since last: 1002396644 ns, Reaching safepoint: 155873 ns, At safepoint: 33285 ns, Total: 189158 ns
[2021-11-03T05:53:48.129+0000][7][safepoint    ] Safepoint "Cleanup", Time since last: 1001501677 ns, Reaching safepoint: 140028 ns, At safepoint: 3758 ns, Total: 143786 ns
[2021-11-03T05:53:49.132+0000][7][safepoint    ] Safepoint "Cleanup", Time since last: 1002377757 ns, Reaching safepoint: 94981 ns, At safepoint: 2388 ns, Total: 97369 ns
[2021-11-03T05:53:50.134+0000][7][safepoint    ] Safepoint "Cleanup", Time since last: 1001805656 ns, Reaching safepoint: 255226 ns, At safepoint: 5568 ns, Total: 260794 ns
[2021-11-03T05:53:51.136+0000][7][safepoint    ] Safepoint "Cleanup", Time since last: 1001931239 ns, Reaching safepoint: 296557 ns, At safepoint: 7165 ns, Total: 303722 ns
[2021-11-03T05:53:52.139+0000][7][safepoint    ] Safepoint "Cleanup", Time since last: 1002612964 ns, Reaching safepoint: 106641 ns, At safepoint: 2850 ns, Total: 109491 ns
[2021-11-03T05:53:53.140+0000][7][safepoint    ] Safepoint "Cleanup", Time since last: 1001286311 ns, Reaching safepoint: 180841 ns, At safepoint: 7099 ns, Total: 187940 ns
[2021-11-03T05:53:54.146+0000][7][safepoint    ] Safepoint "Cleanup", Time since last: 1005413255 ns, Reaching safepoint: 159154 ns, At safepoint: 3918 ns, Total: 163072 ns
[2021-11-03T05:53:55.152+0000][7][safepoint    ] Safepoint "Cleanup", Time since last: 1005766848 ns, Reaching safepoint: 167377 ns, At safepoint: 42483 ns, Total: 209860 ns
[2021-11-03T05:53:56.157+0000][7][safepoint    ] Safepoint "Cleanup", Time since last: 1005264262 ns, Reaching safepoint: 189861 ns, At safepoint: 5033 ns, Total: 194894 ns
[2021-11-03T05:53:57.159+0000][7][safepoint    ] Safepoint "Cleanup", Time since last: 1001711234 ns, Reaching safepoint: 302422 ns, At safepoint: 10553 ns, Total: 312975 ns
[2021-11-03T05:53:58.162+0000][7][safepoint    ] Safepoint "Cleanup", Time since last: 1002564779 ns, Reaching safepoint: 104453 ns, At safepoint: 2887 ns, Total: 107340 ns
[2021-11-03T05:53:59.163+0000][7][safepoint    ] Safepoint "Cleanup", Time since last: 1001205091 ns, Reaching safepoint: 136359 ns, At safepoint: 4138 ns, Total: 140497 ns
[2021-11-03T05:54:00.166+0000][7][safepoint    ] Safepoint "Cleanup", Time since last: 1001837535 ns, Reaching safepoint: 235805 ns, At safepoint: 4579 ns, Total: 240384 ns
[2021-11-03T05:54:01.167+0000][7][safepoint    ] Safepoint "Cleanup", Time since last: 1001671440 ns, Reaching safepoint: 93215 ns, At safepoint: 2388 ns, Total: 95603 ns
[2021-11-03T05:54:02.150+0000][7][safepoint    ] Safepoint "Cleanup", Time since last: 1003696030 ns, Reaching safepoint: 147953 ns, At safepoint: 4171 ns, Total: 152124 ns
[2021-11-03T05:54:03.152+0000][7][safepoint    ] Safepoint "Cleanup", Time since last: 1001888198 ns, Reaching safepoint: 197234 ns, At safepoint: 8464 ns, Total: 205698 ns
[2021-11-03T05:54:04.155+0000][7][safepoint    ] Safepoint "Cleanup", Time since last: 1002581167 ns, Reaching safepoint: 275655 ns, At safepoint: 71822 ns, Total: 347477 ns
[2021-11-03T05:54:05.158+0000][7][safepoint    ] Safepoint "Cleanup", Time since last: 1002454115 ns, Reaching safepoint: 115913 ns, At safepoint: 4766 ns, Total: 120679 ns
[2021-11-03T05:54:06.160+0000][7][safepoint    ] Safepoint "Cleanup", Time since last: 1001683713 ns, Reaching safepoint: 105535 ns, At safepoint: 3074 ns, Total: 108609 ns
[2021-11-03T05:54:07.161+0000][7][safepoint    ] Safepoint "Cleanup", Time since last: 1001484945 ns, Reaching safepoint: 286836 ns, At safepoint: 9483 ns, Total: 296319 ns
[2021-11-03T05:54:08.164+0000][7][safepoint    ] Safepoint "Cleanup", Time since last: 1002776331 ns, Reaching safepoint: 168848 ns, At safepoint: 3816 ns, Total: 172664 ns
[2021-11-03T05:54:09.166+0000][7][safepoint    ] Safepoint "Cleanup", Time since last: 1001408061 ns, Reaching safepoint: 220722 ns, At safepoint: 6134 ns, Total: 226856 ns
[2021-11-03T05:54:10.167+0000][7][safepoint    ] Safepoint "Cleanup", Time since last: 1001302804 ns, Reaching safepoint: 251777 ns, At safepoint: 6400 ns, Total: 258177 ns
[2021-11-03T05:54:11.170+0000][7][safepoint    ] Safepoint "Cleanup", Time since last: 1002140637 ns, Reaching safepoint: 278268 ns, At safepoint: 6224 ns, Total: 284492 ns
[2021-11-03T05:54:12.172+0000][7][safepoint    ] Safepoint "Cleanup", Time since last: 1001605989 ns, Reaching safepoint: 878518 ns, At safepoint: 15419 ns, Total: 893937 ns
[2021-11-03T05:54:13.176+0000][7][safepoint    ] Safepoint "Cleanup", Time since last: 1003317538 ns, Reaching safepoint: 276543 ns, At safepoint: 8604 ns, Total: 285147 ns
[2021-11-03T05:54:14.178+0000][7][safepoint    ] Safepoint "Cleanup", Time since last: 1001703417 ns, Reaching safepoint: 378751 ns, At safepoint: 20854 ns, Total: 399605 ns
[2021-11-03T05:54:15.181+0000][7][safepoint    ] Safepoint "Cleanup", Time since last: 1002861200 ns, Reaching safepoint: 193883 ns, At safepoint: 4664 ns, Total: 198547 ns
[2021-11-03T05:54:16.183+0000][7][safepoint    ] Safepoint "Cleanup", Time since last: 1001738139 ns, Reaching safepoint: 431563 ns, At safepoint: 10422 ns, Total: 441985 ns
[2021-11-03T05:54:17.186+0000][7][safepoint    ] Safepoint "Cleanup", Time since last: 1002060767 ns, Reaching safepoint: 469659 ns, At safepoint: 13208 ns, Total: 482867 ns
[2021-11-03T05:54:18.188+0000][7][safepoint    ] Safepoint "Cleanup", Time since last: 1002126240 ns, Reaching safepoint: 283422 ns, At safepoint: 7145 ns, Total: 290567 ns
[2021-11-03T05:54:19.190+0000][7][safepoint    ] Safepoint "Cleanup", Time since last: 1001857065 ns, Reaching safepoint: 230637 ns, At safepoint: 5856 ns, Total: 236493 ns
[2021-11-03T05:54:20.193+0000][7][safepoint    ] Safepoint "Cleanup", Time since last: 1002467441 ns, Reaching safepoint: 384162 ns, At safepoint: 9777 ns, Total: 393939 ns
[2021-11-03T05:54:21.197+0000][7][safepoint    ] Safepoint "Cleanup", Time since last: 1003632117 ns, Reaching safepoint: 174745 ns, At safepoint: 4335 ns, Total: 179080 ns
[2021-11-03T05:54:22.198+0000][7][safepoint    ] Safepoint "Cleanup", Time since last: 1001256958 ns, Reaching safepoint: 127448 ns, At safepoint: 3235 ns, Total: 130683 ns
[2021-11-03T05:54:23.200+0000][7][safepoint    ] Safepoint "Cleanup", Time since last: 1001818388 ns, Reaching safepoint: 175515 ns, At safepoint: 5933 ns, Total: 181448 ns
[2021-11-03T05:54:24.202+0000][7][safepoint    ] Safepoint "Cleanup", Time since last: 1001689495 ns, Reaching safepoint: 242722 ns, At safepoint: 7298 ns, Total: 250020 ns
[2021-11-03T05:54:25.205+0000][7][safepoint    ] Safepoint "Cleanup", Time since last: 1002327737 ns, Reaching safepoint: 175509 ns, At safepoint: 3929 ns, Total: 179438 ns
[2021-11-03T05:54:26.207+0000][7][safepoint    ] Safepoint "Cleanup", Time since last: 1001328239 ns, Reaching safepoint: 368638 ns, At safepoint: 7765 ns, Total: 376403 ns
[2021-11-03T05:54:27.210+0000][7][safepoint    ] Safepoint "Cleanup", Time since last: 1002958375 ns, Reaching safepoint: 232941 ns, At safepoint: 6374 ns, Total: 239315 ns
[2021-11-03T05:54:28.212+0000][7][safepoint    ] Safepoint "Cleanup", Time since last: 1001827657 ns, Reaching safepoint: 558835 ns, At safepoint: 24635 ns, Total: 583470 ns
[2021-11-03T05:54:29.215+0000][7][safepoint    ] Safepoint "Cleanup", Time since last: 1002372395 ns, Reaching safepoint: 139974 ns, At safepoint: 4073 ns, Total: 144047 ns
[2021-11-03T05:54:30.217+0000][7][safepoint    ] Safepoint "Cleanup", Time since last: 1002275270 ns, Reaching safepoint: 184980 ns, At safepoint: 4903 ns, Total: 189883 ns
[2021-11-03T05:54:31.219+0000][7][safepoint    ] Safepoint "Cleanup", Time since last: 1001784778 ns, Reaching safepoint: 138537 ns, At safepoint: 3107 ns, Total: 141644 ns
[2021-11-03T05:54:32.199+0000][7][safepoint    ] Safepoint "Cleanup", Time since last: 1001451584 ns, Reaching safepoint: 188668 ns, At safepoint: 6733 ns, Total: 195401 ns
[2021-11-03T05:54:33.202+0000][7][safepoint    ] Safepoint "Cleanup", Time since last: 1002191418 ns, Reaching safepoint: 209359 ns, At safepoint: 3515 ns, Total: 212874 ns
[2021-11-03T05:54:34.204+0000][7][safepoint    ] Safepoint "Cleanup", Time since last: 1002123419 ns, Reaching safepoint: 119884 ns, At safepoint: 3323 ns, Total: 123207 ns
[2021-11-03T05:54:35.206+0000][7][safepoint    ] Safepoint "Cleanup", Time since last: 1001861102 ns, Reaching safepoint: 352231 ns, At safepoint: 3410 ns, Total: 355641 ns
[2021-11-03T05:54:36.208+0000][7][safepoint    ] Safepoint "Cleanup", Time since last: 1001684547 ns, Reaching safepoint: 118036 ns, At safepoint: 3322 ns, Total: 121358 ns
[2021-11-03T05:54:37.209+0000][7][safepoint    ] Safepoint "Cleanup", Time since last: 1001061511 ns, Reaching safepoint: 103911 ns, At safepoint: 2750 ns, Total: 106661 ns
[2021-11-03T05:54:38.211+0000][7][safepoint    ] Safepoint "Cleanup", Time since last: 1001601256 ns, Reaching safepoint: 108908 ns, At safepoint: 3048 ns, Total: 111956 ns
[2021-11-03T05:54:39.213+0000][7][safepoint    ] Safepoint "Cleanup", Time since last: 1001702511 ns, Reaching safepoint: 241199 ns, At safepoint: 6417 ns, Total: 247616 ns
[2021-11-03T05:54:40.217+0000][7][safepoint    ] Safepoint "Cleanup", Time since last: 1003999764 ns, Reaching safepoint: 277439 ns, At safepoint: 11282 ns, Total: 288721 ns
[2021-11-03T05:54:41.220+0000][7][safepoint    ] Safepoint "Cleanup", Time since last: 1002202045 ns, Reaching safepoint: 342350 ns, At safepoint: 6970 ns, Total: 349320 ns
[2021-11-03T05:54:42.221+0000][7][safepoint    ] Safepoint "Cleanup", Time since last: 1001435085 ns, Reaching safepoint: 124127 ns, At safepoint: 2789 ns, Total: 126916 ns
[2021-11-03T05:54:43.223+0000][7][safepoint    ] Safepoint "Cleanup", Time since last: 1001203940 ns, Reaching safepoint: 136506 ns, At safepoint: 3629 ns, Total: 140135 ns
[2021-11-03T05:54:44.224+0000][7][safepoint    ] Safepoint "Cleanup", Time since last: 1001242559 ns, Reaching safepoint: 301710 ns, At safepoint: 6430 ns, Total: 308140 ns
[2021-11-03T05:54:45.227+0000][7][safepoint    ] Safepoint "Cleanup", Time since last: 1002144097 ns, Reaching safepoint: 196260 ns, At safepoint: 3889 ns, Total: 200149 ns
[2021-11-03T05:54:46.229+0000][7][safepoint    ] Safepoint "Cleanup", Time since last: 1001727522 ns, Reaching safepoint: 482359 ns, At safepoint: 9851 ns, Total: 492210 ns
[2021-11-03T05:54:47.232+0000][7][safepoint    ] Safepoint "Cleanup", Time since last: 1002434981 ns, Reaching safepoint: 199014 ns, At safepoint: 107731 ns, Total: 306745 ns
[2021-11-03T05:54:48.233+0000][7][safepoint    ] Safepoint "Cleanup", Time since last: 1001647377 ns, Reaching safepoint: 201951 ns, At safepoint: 8098 ns, Total: 210049 ns
[2021-11-03T05:54:49.235+0000][7][safepoint    ] Safepoint "Cleanup", Time since last: 1001863693 ns, Reaching safepoint: 155169 ns, At safepoint: 4088 ns, Total: 159257 ns
[2021-11-03T05:54:50.238+0000][7][safepoint    ] Safepoint "Cleanup", Time since last: 1002407470 ns, Reaching safepoint: 155878 ns, At safepoint: 6739 ns, Total: 162617 ns
[2021-11-03T05:54:51.240+0000][7][safepoint    ] Safepoint "Cleanup", Time since last: 1001966348 ns, Reaching safepoint: 204671 ns, At safepoint: 11274 ns, Total: 215945 ns
[2021-11-03T05:54:52.242+0000][7][safepoint    ] Safepoint "Cleanup", Time since last: 1001627587 ns, Reaching safepoint: 236544 ns, At safepoint: 5558 ns, Total: 242102 ns
[2021-11-03T05:54:53.245+0000][7][safepoint    ] Safepoint "Cleanup", Time since last: 1002171406 ns, Reaching safepoint: 473317 ns, At safepoint: 95314 ns, Total: 568631 ns
[2021-11-03T05:54:54.247+0000][7][safepoint    ] Safepoint "Cleanup", Time since last: 1002500719 ns, Reaching safepoint: 167384 ns, At safepoint: 6274 ns, Total: 173658 ns
[2021-11-03T05:54:55.249+0000][7][safepoint    ] Safepoint "Cleanup", Time since last: 1001630369 ns, Reaching safepoint: 175509 ns, At safepoint: 24953 ns, Total: 200462 ns
[2021-11-03T05:54:56.251+0000][7][safepoint    ] Safepoint "Cleanup", Time since last: 1001832931 ns, Reaching safepoint: 118715 ns, At safepoint: 3363 ns, Total: 122078 ns
[2021-11-03T05:54:57.254+0000][7][safepoint    ] Safepoint "Cleanup", Time since last: 1002395470 ns, Reaching safepoint: 314082 ns, At safepoint: 8547 ns, Total: 322629 ns
[2021-11-03T05:54:58.258+0000][7][safepoint    ] Safepoint "Cleanup", Time since last: 1003377511 ns, Reaching safepoint: 219223 ns, At safepoint: 5485 ns, Total: 224708 ns
[2021-11-03T05:54:59.259+0000][7][safepoint    ] Safepoint "Cleanup", Time since last: 1001356288 ns, Reaching safepoint: 140089 ns, At safepoint: 3946 ns, Total: 144035 ns
[2021-11-03T05:55:00.262+0000][7][safepoint    ] Safepoint "Cleanup", Time since last: 1002218592 ns, Reaching safepoint: 182476 ns, At safepoint: 6577 ns, Total: 189053 ns
[2021-11-03T05:55:01.265+0000][7][safepoint    ] Safepoint "Cleanup", Time since last: 1003157074 ns, Reaching safepoint: 212403 ns, At safepoint: 9445 ns, Total: 221848 ns
[2021-11-03T05:55:02.246+0000][7][safepoint    ] Safepoint "Cleanup", Time since last: 1002646631 ns, Reaching safepoint: 113881 ns, At safepoint: 2745 ns, Total: 116626 ns
[2021-11-03T05:55:03.248+0000][7][safepoint    ] Safepoint "Cleanup", Time since last: 1001010346 ns, Reaching safepoint: 133165 ns, At safepoint: 5199 ns, Total: 138364 ns
[2021-11-03T05:55:04.583+0000][7][safepoint    ] Safepoint "Cleanup", Time since last: 1334863026 ns, Reaching safepoint: 140683 ns, At safepoint: 3569 ns, Total: 144252 ns
[2021-11-03T05:55:05.585+0000][7][safepoint    ] Safepoint "Cleanup", Time since last: 1001701837 ns, Reaching safepoint: 201465 ns, At safepoint: 4072 ns, Total: 205537 ns
[2021-11-03T05:55:06.587+0000][7][safepoint    ] Safepoint "Cleanup", Time since last: 1001556400 ns, Reaching safepoint: 491968 ns, At safepoint: 24548 ns, Total: 516516 ns
[2021-11-03T05:55:07.592+0000][7][safepoint    ] Safepoint "Cleanup", Time since last: 1004634893 ns, Reaching safepoint: 328577 ns, At safepoint: 7638 ns, Total: 336215 ns
[2021-11-03T05:55:08.595+0000][7][safepoint    ] Safepoint "Cleanup", Time since last: 1003051987 ns, Reaching safepoint: 303077 ns, At safepoint: 8330 ns, Total: 311407 ns
[2021-11-03T05:55:09.598+0000][7][safepoint    ] Safepoint "Cleanup", Time since last: 1002868209 ns, Reaching safepoint: 496334 ns, At safepoint: 92915 ns, Total: 589249 ns
[2021-11-03T05:55:10.602+0000][7][safepoint    ] Safepoint "Cleanup", Time since last: 1003075449 ns, Reaching safepoint: 237207 ns, At safepoint: 5298 ns, Total: 242505 ns
[2021-11-03T05:55:11.606+0000][7][safepoint    ] Safepoint "Cleanup", Time since last: 1004158784 ns, Reaching safepoint: 162929 ns, At safepoint: 5340 ns, Total: 168269 ns
[2021-11-03T05:55:12.608+0000][7][safepoint    ] Safepoint "Cleanup", Time since last: 1001894829 ns, Reaching safepoint: 222794 ns, At safepoint: 4307 ns, Total: 227101 ns
[2021-11-03T05:55:13.610+0000][7][safepoint    ] Safepoint "Cleanup", Time since last: 1001433607 ns, Reaching safepoint: 202206 ns, At safepoint: 5637 ns, Total: 207843 ns
[2021-11-03T05:55:14.612+0000][7][safepoint    ] Safepoint "Cleanup", Time since last: 1001771500 ns, Reaching safepoint: 565827 ns, At safepoint: 6615 ns, Total: 572442 ns
[2021-11-03T05:55:15.617+0000][7][safepoint    ] Safepoint "Cleanup", Time since last: 1005061102 ns, Reaching safepoint: 255943 ns, At safepoint: 4069 ns, Total: 260012 ns
[2021-11-03T05:55:16.619+0000][7][safepoint    ] Safepoint "Cleanup", Time since last: 1001204658 ns, Reaching safepoint: 304281 ns, At safepoint: 11051 ns, Total: 315332 ns
[2021-11-03T05:55:17.622+0000][7][safepoint    ] Safepoint "Cleanup", Time since last: 1002909739 ns, Reaching safepoint: 401059 ns, At safepoint: 7362 ns, Total: 408421 ns
[2021-11-03T05:55:18.626+0000][7][safepoint    ] Safepoint "Cleanup", Time since last: 1003295835 ns, Reaching safepoint: 274672 ns, At safepoint: 8307 ns, Total: 282979 ns
[2021-11-03T05:55:19.632+0000][7][safepoint    ] Safepoint "Cleanup", Time since last: 1005684601 ns, Reaching safepoint: 372453 ns, At safepoint: 5327 ns, Total: 377780 ns
[2021-11-03T05:55:20.635+0000][7][safepoint    ] Safepoint "Cleanup", Time since last: 1002307713 ns, Reaching safepoint: 491610 ns, At safepoint: 8842 ns, Total: 500452 ns
[2021-11-03T05:55:21.638+0000][7][safepoint    ] Safepoint "Cleanup", Time since last: 1003110234 ns, Reaching safepoint: 236733 ns, At safepoint: 9934 ns, Total: 246667 ns
[2021-11-03T05:55:22.642+0000][7][safepoint    ] Safepoint "Cleanup", Time since last: 1003360487 ns, Reaching safepoint: 121812 ns, At safepoint: 3487 ns, Total: 125299 ns
[2021-11-03T05:55:23.644+0000][7][safepoint    ] Safepoint "Cleanup", Time since last: 1001727417 ns, Reaching safepoint: 332432 ns, At safepoint: 9499 ns, Total: 341931 ns
[2021-11-03T05:55:24.646+0000][7][safepoint    ] Safepoint "Cleanup", Time since last: 1001745459 ns, Reaching safepoint: 197732 ns, At safepoint: 4330 ns, Total: 202062 ns
[2021-11-03T05:55:25.648+0000][7][safepoint    ] Safepoint "Cleanup", Time since last: 1002395927 ns, Reaching safepoint: 264987 ns, At safepoint: 9504 ns, Total: 274491 ns
[2021-11-03T05:55:26.651+0000][7][safepoint    ] Safepoint "Cleanup", Time since last: 1001931808 ns, Reaching safepoint: 338460 ns, At safepoint: 7448 ns, Total: 345908 ns
[2021-11-03T05:55:27.652+0000][7][safepoint    ] Safepoint "Cleanup", Time since last: 1001550509 ns, Reaching safepoint: 350985 ns, At safepoint: 9118 ns, Total: 360103 ns
[2021-11-03T05:55:28.655+0000][7][safepoint    ] Safepoint "Cleanup", Time since last: 1002643744 ns, Reaching safepoint: 210163 ns, At safepoint: 5537 ns, Total: 215700 ns
[2021-11-03T05:55:29.656+0000][7][safepoint    ] Safepoint "Cleanup", Time since last: 1001025178 ns, Reaching safepoint: 101826 ns, At safepoint: 2907 ns, Total: 104733 ns
[2021-11-03T05:55:30.658+0000][7][safepoint    ] Safepoint "Cleanup", Time since last: 1001409858 ns, Reaching safepoint: 107093 ns, At safepoint: 3413 ns, Total: 110506 ns
[2021-11-03T05:55:31.659+0000][7][safepoint    ] Safepoint "Cleanup", Time since last: 1001199535 ns, Reaching safepoint: 92625 ns, At safepoint: 2932 ns, Total: 95557 ns
[2021-11-03T05:55:32.640+0000][7][safepoint    ] Safepoint "Cleanup", Time since last: 1001143519 ns, Reaching safepoint: 230801 ns, At safepoint: 5871 ns, Total: 236672 ns
[2021-11-03T05:55:33.642+0000][7][safepoint    ] Safepoint "Cleanup", Time since last: 1002569533 ns, Reaching safepoint: 152812 ns, At safepoint: 3251 ns, Total: 156063 ns
[2021-11-03T05:55:34.643+0000][7][safepoint    ] Safepoint "Cleanup", Time since last: 1001131059 ns, Reaching safepoint: 99952 ns, At safepoint: 2874 ns, Total: 102826 ns
[2021-11-03T05:55:35.645+0000][7][safepoint    ] Safepoint "Cleanup", Time since last: 1001063441 ns, Reaching safepoint: 118479 ns, At safepoint: 4011 ns, Total: 122490 ns
[2021-11-03T05:55:36.651+0000][7][safepoint    ] Safepoint "Cleanup", Time since last: 1005999914 ns, Reaching safepoint: 111737 ns, At safepoint: 3007 ns, Total: 114744 ns
[2021-11-03T05:55:37.652+0000][7][safepoint    ] Safepoint "Cleanup", Time since last: 1001554565 ns, Reaching safepoint: 125583 ns, At safepoint: 4228 ns, Total: 129811 ns
[2021-11-03T05:55:38.654+0000][7][safepoint    ] Safepoint "Cleanup", Time since last: 1001381107 ns, Reaching safepoint: 165746 ns, At safepoint: 4021 ns, Total: 169767 ns
[2021-11-03T05:55:39.660+0000][7][safepoint    ] Safepoint "Cleanup", Time since last: 1006038774 ns, Reaching safepoint: 106492 ns, At safepoint: 3507 ns, Total: 109999 ns
[2021-11-03T05:55:40.662+0000][7][safepoint    ] Safepoint "Cleanup", Time since last: 1001398650 ns, Reaching safepoint: 328873 ns, At safepoint: 8272 ns, Total: 337145 ns
[2021-11-03T05:55:41.665+0000][7][safepoint    ] Safepoint "Cleanup", Time since last: 1002583281 ns, Reaching safepoint: 315496 ns, At safepoint: 6229 ns, Total: 321725 ns
[2021-11-03T05:55:42.667+0000][7][safepoint    ] Safepoint "Cleanup", Time since last: 1001865496 ns, Reaching safepoint: 403477 ns, At safepoint: 7456 ns, Total: 410933 ns
[2021-11-03T05:55:43.671+0000][7][safepoint    ] Safepoint "Cleanup", Time since last: 1003230223 ns, Reaching safepoint: 267035 ns, At safepoint: 6528 ns, Total: 273563 ns
[2021-11-03T05:55:44.673+0000][7][safepoint    ] Safepoint "Cleanup", Time since last: 1001871607 ns, Reaching safepoint: 434790 ns, At safepoint: 9741 ns, Total: 444531 ns
[2021-11-03T05:55:45.676+0000][7][safepoint    ] Safepoint "Cleanup", Time since last: 1001907074 ns, Reaching safepoint: 813883 ns, At safepoint: 21938 ns, Total: 835821 ns
[2021-11-03T05:55:46.678+0000][7][safepoint    ] Safepoint "Cleanup", Time since last: 1002121510 ns, Reaching safepoint: 174036 ns, At safepoint: 4378 ns, Total: 178414 ns
[2021-11-03T05:55:47.679+0000][7][safepoint    ] Safepoint "Cleanup", Time since last: 1000902936 ns, Reaching safepoint: 163376 ns, At safepoint: 3480 ns, Total: 166856 ns
[2021-11-03T05:55:48.680+0000][7][safepoint    ] Safepoint "Cleanup", Time since last: 1001296558 ns, Reaching safepoint: 111929 ns, At safepoint: 3231 ns, Total: 115160 ns
[2021-11-03T05:55:49.682+0000][7][safepoint    ] Safepoint "Cleanup", Time since last: 1001179708 ns, Reaching safepoint: 159867 ns, At safepoint: 7137 ns, Total: 167004 ns
[2021-11-03T05:55:50.685+0000][7][safepoint    ] Safepoint "Cleanup", Time since last: 1002585214 ns, Reaching safepoint: 388619 ns, At safepoint: 9793 ns, Total: 398412 ns
[2021-11-03T05:55:51.689+0000][7][safepoint    ] Safepoint "Cleanup", Time since last: 1003728048 ns, Reaching safepoint: 180958 ns, At safepoint: 6404 ns, Total: 187362 ns
[2021-11-03T05:55:52.693+0000][7][safepoint    ] Safepoint "Cleanup", Time since last: 1003992293 ns, Reaching safepoint: 96397 ns, At safepoint: 3293 ns, Total: 99690 ns
[2021-11-03T05:55:53.696+0000][7][safepoint    ] Safepoint "Cleanup", Time since last: 1003179728 ns, Reaching safepoint: 393260 ns, At safepoint: 8311 ns, Total: 401571 ns
[2021-11-03T05:55:54.699+0000][7][safepoint    ] Safepoint "Cleanup", Time since last: 1002783189 ns, Reaching safepoint: 334676 ns, At safepoint: 6227 ns, Total: 340903 ns
[2021-11-03T05:55:55.703+0000][7][safepoint    ] Safepoint "Cleanup", Time since last: 1002644659 ns, Reaching safepoint: 387610 ns, At safepoint: 8602 ns, Total: 396212 ns
[2021-11-03T05:55:56.705+0000][7][safepoint    ] Safepoint "Cleanup", Time since last: 1002313872 ns, Reaching safepoint: 242104 ns, At safepoint: 6669 ns, Total: 248773 ns
[2021-11-03T05:55:57.708+0000][7][safepoint    ] Safepoint "Cleanup", Time since last: 1002393957 ns, Reaching safepoint: 108596 ns, At safepoint: 2514 ns, Total: 111110 ns
[2021-11-03T05:55:58.710+0000][7][safepoint    ] Safepoint "Cleanup", Time since last: 1001789524 ns, Reaching safepoint: 180578 ns, At safepoint: 4444 ns, Total: 185022 ns
[2021-11-03T05:55:59.715+0000][7][safepoint    ] Safepoint "Cleanup", Time since last: 1005028193 ns, Reaching safepoint: 138125 ns, At safepoint: 5054 ns, Total: 143179 ns
[2021-11-03T05:56:00.718+0000][7][safepoint    ] Safepoint "Cleanup", Time since last: 1002952234 ns, Reaching safepoint: 138947 ns, At safepoint: 4960 ns, Total: 143907 ns
[2021-11-03T05:56:01.721+0000][7][safepoint    ] Safepoint "Cleanup", Time since last: 1002579161 ns, Reaching safepoint: 222954 ns, At safepoint: 4122 ns, Total: 227076 ns
[2021-11-03T05:56:02.702+0000][7][safepoint    ] Safepoint "Cleanup", Time since last: 1002146549 ns, Reaching safepoint: 96444 ns, At safepoint: 2102 ns, Total: 98546 ns
[2021-11-03T05:56:03.704+0000][7][safepoint    ] Safepoint "Cleanup", Time since last: 1002395558 ns, Reaching safepoint: 154873 ns, At safepoint: 6586 ns, Total: 161459 ns
[2021-11-03T05:56:04.708+0000][7][safepoint    ] Safepoint "Cleanup", Time since last: 1003309338 ns, Reaching safepoint: 100128 ns, At safepoint: 2847 ns, Total: 102975 ns
[2021-11-03T05:56:05.710+0000][7][safepoint    ] Safepoint "Cleanup", Time since last: 1002284030 ns, Reaching safepoint: 278885 ns, At safepoint: 4641 ns, Total: 283526 ns
[2021-11-03T05:56:06.712+0000][7][safepoint    ] Safepoint "Cleanup", Time since last: 1001414763 ns, Reaching safepoint: 135725 ns, At safepoint: 2982 ns, Total: 138707 ns
[2021-11-03T05:56:07.713+0000][7][safepoint    ] Safepoint "Cleanup", Time since last: 1001174598 ns, Reaching safepoint: 325739 ns, At safepoint: 9386 ns, Total: 335125 ns
[2021-11-03T05:56:08.715+0000][7][safepoint    ] Safepoint "Cleanup", Time since last: 1001793416 ns, Reaching safepoint: 151028 ns, At safepoint: 6736 ns, Total: 157764 ns
[2021-11-03T05:56:09.716+0000][7][safepoint    ] Safepoint "Cleanup", Time since last: 1001138071 ns, Reaching safepoint: 116116 ns, At safepoint: 2764 ns, Total: 118880 ns
[2021-11-03T05:56:10.718+0000][7][safepoint    ] Safepoint "Cleanup", Time since last: 1001048627 ns, Reaching safepoint: 113341 ns, At safepoint: 3491 ns, Total: 116832 ns
[2021-11-03T05:56:11.719+0000][7][safepoint    ] Safepoint "Cleanup", Time since last: 1000877610 ns, Reaching safepoint: 122600 ns, At safepoint: 3955 ns, Total: 126555 ns
[2021-11-03T05:56:12.720+0000][7][safepoint    ] Safepoint "Cleanup", Time since last: 1000938275 ns, Reaching safepoint: 95057 ns, At safepoint: 2363 ns, Total: 97420 ns
[2021-11-03T05:56:13.721+0000][7][safepoint    ] Safepoint "Cleanup", Time since last: 1001343788 ns, Reaching safepoint: 106217 ns, At safepoint: 2426 ns, Total: 108643 ns
[2021-11-03T05:56:14.723+0000][7][safepoint    ] Safepoint "Cleanup", Time since last: 1002119108 ns, Reaching safepoint: 88169 ns, At safepoint: 2731 ns, Total: 90900 ns
[2021-11-03T05:56:15.725+0000][7][safepoint    ] Safepoint "Cleanup", Time since last: 1001668898 ns, Reaching safepoint: 115102 ns, At safepoint: 3643 ns, Total: 118745 ns
[2021-11-03T05:56:16.727+0000][7][safepoint    ] Safepoint "Cleanup", Time since last: 1001728624 ns, Reaching safepoint: 115304 ns, At safepoint: 42778 ns, Total: 158082 ns
[2021-11-03T05:56:17.729+0000][7][safepoint    ] Safepoint "Cleanup", Time since last: 1002304722 ns, Reaching safepoint: 89760 ns, At safepoint: 2689 ns, Total: 92449 ns
[2021-11-03T05:56:18.730+0000][7][safepoint    ] Safepoint "Cleanup", Time since last: 1001068060 ns, Reaching safepoint: 84293 ns, At safepoint: 2512 ns, Total: 86805 ns
[2021-11-03T05:56:19.732+0000][7][safepoint    ] Safepoint "Cleanup", Time since last: 1000931039 ns, Reaching safepoint: 89486 ns, At safepoint: 2759 ns, Total: 92245 ns
[2021-11-03T05:56:20.733+0000][7][safepoint    ] Safepoint "Cleanup", Time since last: 1001178687 ns, Reaching safepoint: 85267 ns, At safepoint: 2597 ns, Total: 87864 ns
[2021-11-03T05:56:21.734+0000][7][safepoint    ] Safepoint "Cleanup", Time since last: 1001229426 ns, Reaching safepoint: 88662 ns, At safepoint: 2690 ns, Total: 91352 ns
[2021-11-03T05:56:22.735+0000][7][safepoint    ] Safepoint "Cleanup", Time since last: 1001042987 ns, Reaching safepoint: 94251 ns, At safepoint: 2296 ns, Total: 96547 ns
[2021-11-03T05:56:23.736+0000][7][safepoint    ] Safepoint "Cleanup", Time since last: 1001049068 ns, Reaching safepoint: 91205 ns, At safepoint: 2607 ns, Total: 93812 ns
[2021-11-03T05:56:24.737+0000][7][safepoint    ] Safepoint "Cleanup", Time since last: 1000891361 ns, Reaching safepoint: 87527 ns, At safepoint: 2624 ns, Total: 90151 ns
[2021-11-03T05:56:25.738+0000][7][safepoint    ] Safepoint "Cleanup", Time since last: 1000973830 ns, Reaching safepoint: 85992 ns, At safepoint: 2371 ns, Total: 88363 ns
[2021-11-03T05:56:26.740+0000][7][safepoint    ] Safepoint "Cleanup", Time since last: 1001095252 ns, Reaching safepoint: 111728 ns, At safepoint: 2639 ns, Total: 114367 ns
[2021-11-03T05:56:27.741+0000][7][safepoint    ] Safepoint "Cleanup", Time since last: 1001558338 ns, Reaching safepoint: 136883 ns, At safepoint: 3631 ns, Total: 140514 ns
[2021-11-03T05:56:28.743+0000][7][safepoint    ] Safepoint "Cleanup", Time since last: 1001007332 ns, Reaching safepoint: 341910 ns, At safepoint: 6961 ns, Total: 348871 ns
[2021-11-03T05:56:29.744+0000][7][safepoint    ] Safepoint "Cleanup", Time since last: 1000963943 ns, Reaching safepoint: 147916 ns, At safepoint: 4998 ns, Total: 152914 ns
[2021-11-03T05:56:30.745+0000][7][safepoint    ] Safepoint "Cleanup", Time since last: 1001052380 ns, Reaching safepoint: 159673 ns, At safepoint: 3889 ns, Total: 163562 ns
[2021-11-03T05:56:31.746+0000][7][safepoint    ] Safepoint "Cleanup", Time since last: 1001157766 ns, Reaching safepoint: 117004 ns, At safepoint: 3899 ns, Total: 120903 ns
[2021-11-03T05:56:32.727+0000][7][safepoint    ] Safepoint "Cleanup", Time since last: 1002007532 ns, Reaching safepoint: 169995 ns, At safepoint: 4691 ns, Total: 174686 ns
[2021-11-03T05:56:33.730+0000][7][safepoint    ] Safepoint "Cleanup", Time since last: 1003557200 ns, Reaching safepoint: 128700 ns, At safepoint: 3258 ns, Total: 131958 ns
[2021-11-03T05:56:34.732+0000][7][safepoint    ] Safepoint "Cleanup", Time since last: 1001125025 ns, Reaching safepoint: 122500 ns, At safepoint: 4618 ns, Total: 127118 ns
[2021-11-03T05:56:35.733+0000][7][safepoint    ] Safepoint "Cleanup", Time since last: 1001329442 ns, Reaching safepoint: 108482 ns, At safepoint: 3960 ns, Total: 112442 ns
[2021-11-03T05:56:36.735+0000][7][safepoint    ] Safepoint "Cleanup", Time since last: 1001470282 ns, Reaching safepoint: 164088 ns, At safepoint: 3587 ns, Total: 167675 ns
[2021-11-03T05:56:37.736+0000][7][safepoint    ] Safepoint "Cleanup", Time since last: 1001417738 ns, Reaching safepoint: 90870 ns, At safepoint: 2317 ns, Total: 93187 ns
[2021-11-03T05:56:38.738+0000][7][safepoint    ] Safepoint "Cleanup", Time since last: 1001701143 ns, Reaching safepoint: 569026 ns, At safepoint: 21504 ns, Total: 590530 ns
[2021-11-03T05:56:39.742+0000][7][safepoint    ] Safepoint "Cleanup", Time since last: 1003144782 ns, Reaching safepoint: 244318 ns, At safepoint: 9004 ns, Total: 253322 ns
[2021-11-03T05:56:40.746+0000][7][safepoint    ] Safepoint "Cleanup", Time since last: 1003527704 ns, Reaching safepoint: 222002 ns, At safepoint: 6959 ns, Total: 228961 ns
[2021-11-03T05:56:41.749+0000][7][safepoint    ] Safepoint "Cleanup", Time since last: 1002970982 ns, Reaching safepoint: 126227 ns, At safepoint: 3544 ns, Total: 129771 ns
[2021-11-03T05:56:42.751+0000][7][safepoint    ] Safepoint "Cleanup", Time since last: 1002009804 ns, Reaching safepoint: 94866 ns, At safepoint: 2554 ns, Total: 97420 ns
[2021-11-03T05:56:43.753+0000][7][safepoint    ] Safepoint "Cleanup", Time since last: 1001806321 ns, Reaching safepoint: 152166 ns, At safepoint: 5684 ns, Total: 157850 ns
[2021-11-03T05:56:44.756+0000][7][safepoint    ] Safepoint "Cleanup", Time since last: 1002886899 ns, Reaching safepoint: 137737 ns, At safepoint: 4862 ns, Total: 142599 ns
[2021-11-03T05:56:45.758+0000][7][safepoint    ] Safepoint "Cleanup", Time since last: 1002332300 ns, Reaching safepoint: 188790 ns, At safepoint: 7343 ns, Total: 196133 ns
[2021-11-03T05:56:46.762+0000][7][safepoint    ] Safepoint "Cleanup", Time since last: 1002567421 ns, Reaching safepoint: 564772 ns, At safepoint: 17298 ns, Total: 582070 ns
[2021-11-03T05:56:47.765+0000][7][safepoint    ] Safepoint "Cleanup", Time since last: 1003592636 ns, Reaching safepoint: 262394 ns, At safepoint: 4576 ns, Total: 266970 ns
[2021-11-03T05:56:48.767+0000][7][safepoint    ] Safepoint "Cleanup", Time since last: 1001370982 ns, Reaching safepoint: 184283 ns, At safepoint: 6961 ns, Total: 191244 ns
[2021-11-03T05:56:49.772+0000][7][safepoint    ] Safepoint "Cleanup", Time since last: 1004527572 ns, Reaching safepoint: 125178 ns, At safepoint: 2939 ns, Total: 128117 ns
[2021-11-03T05:56:50.774+0000][7][safepoint    ] Safepoint "Cleanup", Time since last: 1002688521 ns, Reaching safepoint: 174076 ns, At safepoint: 4301 ns, Total: 178377 ns
[2021-11-03T05:56:51.777+0000][7][safepoint    ] Safepoint "Cleanup", Time since last: 1002123872 ns, Reaching safepoint: 292647 ns, At safepoint: 8844 ns, Total: 301491 ns
[2021-11-03T05:56:52.781+0000][7][safepoint    ] Safepoint "Cleanup", Time since last: 1003703901 ns, Reaching safepoint: 344733 ns, At safepoint: 11822 ns, Total: 356555 ns
[2021-11-03T05:56:53.786+0000][7][safepoint    ] Safepoint "Cleanup", Time since last: 1003968279 ns, Reaching safepoint: 657111 ns, At safepoint: 19509 ns, Total: 676620 ns
[2021-11-03T05:56:54.789+0000][7][safepoint    ] Safepoint "Cleanup", Time since last: 1002793012 ns, Reaching safepoint: 233141 ns, At safepoint: 6504 ns, Total: 239645 ns
[2021-11-03T05:56:55.790+0000][7][safepoint    ] Safepoint "Cleanup", Time since last: 1001313198 ns, Reaching safepoint: 128639 ns, At safepoint: 3328 ns, Total: 131967 ns
[2021-11-03T05:56:56.793+0000][7][safepoint    ] Safepoint "Cleanup", Time since last: 1002205391 ns, Reaching safepoint: 685824 ns, At safepoint: 21048 ns, Total: 706872 ns
[2021-11-03T05:56:57.796+0000][7][safepoint    ] Safepoint "Cleanup", Time since last: 1002344333 ns, Reaching safepoint: 374171 ns, At safepoint: 8321 ns, Total: 382492 ns
[2021-11-03T05:56:59.633+0000][7][safepoint    ] Safepoint "Cleanup", Time since last: 1837389559 ns, Reaching safepoint: 214100 ns, At safepoint: 6669 ns, Total: 220769 ns
[2021-11-03T05:57:00.636+0000][7][safepoint    ] Safepoint "Cleanup", Time since last: 1002789205 ns, Reaching safepoint: 125377 ns, At safepoint: 4744 ns, Total: 130121 ns
[2021-11-03T05:57:01.639+0000][7][safepoint    ] Safepoint "Cleanup", Time since last: 1002116700 ns, Reaching safepoint: 228968 ns, At safepoint: 5601 ns, Total: 234569 ns
[2021-11-03T05:57:02.613+0000][7][safepoint    ] Safepoint "Cleanup", Time since last: 1000943930 ns, Reaching safepoint: 102628 ns, At safepoint: 2354 ns, Total: 104982 ns
[2021-11-03T05:57:03.614+0000][7][safepoint    ] Safepoint "Cleanup", Time since last: 1001386036 ns, Reaching safepoint: 339907 ns, At safepoint: 7005 ns, Total: 346912 ns
[2021-11-03T05:57:04.617+0000][7][safepoint    ] Safepoint "Cleanup", Time since last: 1002681759 ns, Reaching safepoint: 265972 ns, At safepoint: 7531 ns, Total: 273503 ns
[2021-11-03T05:57:05.620+0000][7][safepoint    ] Safepoint "Cleanup", Time since last: 1002465240 ns, Reaching safepoint: 175325 ns, At safepoint: 6661 ns, Total: 181986 ns
[2021-11-03T05:57:06.623+0000][7][safepoint    ] Safepoint "Cleanup", Time since last: 1002592996 ns, Reaching safepoint: 99550 ns, At safepoint: 3366 ns, Total: 102916 ns
[2021-11-03T05:57:07.624+0000][7][safepoint    ] Safepoint "Cleanup", Time since last: 1001102578 ns, Reaching safepoint: 125072 ns, At safepoint: 3887 ns, Total: 128959 ns
[2021-11-03T05:57:08.626+0000][7][safepoint    ] Safepoint "Cleanup", Time since last: 1001589417 ns, Reaching safepoint: 165919 ns, At safepoint: 4498 ns, Total: 170417 ns
[2021-11-03T05:57:09.628+0000][7][safepoint    ] Safepoint "Cleanup", Time since last: 1001868654 ns, Reaching safepoint: 167465 ns, At safepoint: 5284 ns, Total: 172749 ns
[2021-11-03T05:57:10.630+0000][7][safepoint    ] Safepoint "Cleanup", Time since last: 1002361940 ns, Reaching safepoint: 258524 ns, At safepoint: 7182 ns, Total: 265706 ns
[2021-11-03T05:57:11.634+0000][7][safepoint    ] Safepoint "Cleanup", Time since last: 1003084227 ns, Reaching safepoint: 374966 ns, At safepoint: 7178 ns, Total: 382144 ns
[2021-11-03T05:57:12.638+0000][7][safepoint    ] Safepoint "Cleanup", Time since last: 1004149915 ns, Reaching safepoint: 338937 ns, At safepoint: 72355 ns, Total: 411292 ns
[2021-11-03T05:57:13.642+0000][7][safepoint    ] Safepoint "Cleanup", Time since last: 1003864836 ns, Reaching safepoint: 124905 ns, At safepoint: 4243 ns, Total: 129148 ns
[2021-11-03T05:57:14.645+0000][7][safepoint    ] Safepoint "Cleanup", Time since last: 1001791003 ns, Reaching safepoint: 391197 ns, At safepoint: 11754 ns, Total: 402951 ns
[2021-11-03T05:57:15.648+0000][7][safepoint    ] Safepoint "Cleanup", Time since last: 1002884243 ns, Reaching safepoint: 143272 ns, At safepoint: 3218 ns, Total: 146490 ns
[2021-11-03T05:57:16.649+0000][7][safepoint    ] Safepoint "Cleanup", Time since last: 1001516889 ns, Reaching safepoint: 166141 ns, At safepoint: 4547 ns, Total: 170688 ns
[2021-11-03T05:57:17.651+0000][7][safepoint    ] Safepoint "Cleanup", Time since last: 1001560378 ns, Reaching safepoint: 201391 ns, At safepoint: 4268 ns, Total: 205659 ns
[2021-11-03T05:57:18.654+0000][7][safepoint    ] Safepoint "Cleanup", Time since last: 1002403853 ns, Reaching safepoint: 192840 ns, At safepoint: 3900 ns, Total: 196740 ns
[2021-11-03T05:57:19.655+0000][7][safepoint    ] Safepoint "Cleanup", Time since last: 1000842767 ns, Reaching safepoint: 247372 ns, At safepoint: 5751 ns, Total: 253123 ns
[2021-11-03T05:57:20.656+0000][7][safepoint    ] Safepoint "Cleanup", Time since last: 1001040860 ns, Reaching safepoint: 139833 ns, At safepoint: 4169 ns, Total: 144002 ns
[2021-11-03T05:57:21.661+0000][7][safepoint    ] Safepoint "Cleanup", Time since last: 1004934211 ns, Reaching safepoint: 116227 ns, At safepoint: 2854 ns, Total: 119081 ns
[2021-11-03T05:57:22.664+0000][7][safepoint    ] Safepoint "Cleanup", Time since last: 1002815163 ns, Reaching safepoint: 126453 ns, At safepoint: 2858 ns, Total: 129311 ns
[2021-11-03T05:57:23.666+0000][7][safepoint    ] Safepoint "Cleanup", Time since last: 1001934318 ns, Reaching safepoint: 164594 ns, At safepoint: 6345 ns, Total: 170939 ns
[2021-11-03T05:57:24.671+0000][7][safepoint    ] Safepoint "Cleanup", Time since last: 1004983363 ns, Reaching safepoint: 371849 ns, At safepoint: 7940 ns, Total: 379789 ns
[2021-11-03T05:57:25.675+0000][7][safepoint    ] Safepoint "Cleanup", Time since last: 1003519691 ns, Reaching safepoint: 152962 ns, At safepoint: 3381 ns, Total: 156343 ns
[2021-11-03T05:57:26.682+0000][7][safepoint    ] Safepoint "Cleanup", Time since last: 1006335192 ns, Reaching safepoint: 158252 ns, At safepoint: 4106 ns, Total: 162358 ns
[2021-11-03T05:57:27.683+0000][7][safepoint    ] Safepoint "Cleanup", Time since last: 1001526247 ns, Reaching safepoint: 265651 ns, At safepoint: 5764 ns, Total: 271415 ns
[2021-11-03T05:57:28.688+0000][7][safepoint    ] Safepoint "Cleanup", Time since last: 1003886371 ns, Reaching safepoint: 325983 ns, At safepoint: 9558 ns, Total: 335541 ns
[2021-11-03T05:57:29.690+0000][7][safepoint    ] Safepoint "Cleanup", Time since last: 1002232712 ns, Reaching safepoint: 438592 ns, At safepoint: 11765 ns, Total: 450357 ns
[2021-11-03T05:57:30.693+0000][7][safepoint    ] Safepoint "Cleanup", Time since last: 1002560235 ns, Reaching safepoint: 120085 ns, At safepoint: 2942 ns, Total: 123027 ns
[2021-11-03T05:57:31.698+0000][7][safepoint    ] Safepoint "Cleanup", Time since last: 1005069332 ns, Reaching safepoint: 253963 ns, At safepoint: 8060 ns, Total: 262023 ns
[2021-11-03T05:57:32.678+0000][7][safepoint    ] Safepoint "Cleanup", Time since last: 1001821124 ns, Reaching safepoint: 222025 ns, At safepoint: 4114 ns, Total: 226139 ns
[2021-11-03T05:57:33.682+0000][7][safepoint    ] Safepoint "Cleanup", Time since last: 1003907549 ns, Reaching safepoint: 504811 ns, At safepoint: 10027 ns, Total: 514838 ns
[2021-11-03T05:57:34.685+0000][7][safepoint    ] Safepoint "Cleanup", Time since last: 1002088710 ns, Reaching safepoint: 311197 ns, At safepoint: 8992 ns, Total: 320189 ns
[2021-11-03T05:57:35.688+0000][7][safepoint    ] Safepoint "Cleanup", Time since last: 1003397825 ns, Reaching safepoint: 172036 ns, At safepoint: 3989 ns, Total: 176025 ns
[2021-11-03T05:57:36.690+0000][7][safepoint    ] Safepoint "Cleanup", Time since last: 1001735683 ns, Reaching safepoint: 196213 ns, At safepoint: 3753 ns, Total: 199966 ns
[2021-11-03T05:57:37.697+0000][7][safepoint    ] Safepoint "Cleanup", Time since last: 1006241357 ns, Reaching safepoint: 476428 ns, At safepoint: 11691 ns, Total: 488119 ns
[2021-11-03T05:57:38.701+0000][7][safepoint    ] Safepoint "Cleanup", Time since last: 1003965375 ns, Reaching safepoint: 154364 ns, At safepoint: 3697 ns, Total: 158061 ns
[2021-11-03T05:57:39.704+0000][7][safepoint    ] Safepoint "Cleanup", Time since last: 1002284061 ns, Reaching safepoint: 484554 ns, At safepoint: 10953 ns, Total: 495507 ns
[2021-11-03T05:57:40.709+0000][7][safepoint    ] Safepoint "Cleanup", Time since last: 1004712716 ns, Reaching safepoint: 651909 ns, At safepoint: 11489 ns, Total: 663398 ns
[2021-11-03T05:57:41.712+0000][7][safepoint    ] Safepoint "Cleanup", Time since last: 1002512449 ns, Reaching safepoint: 141602 ns, At safepoint: 4249 ns, Total: 145851 ns
[2021-11-03T05:57:42.714+0000][7][safepoint    ] Safepoint "Cleanup", Time since last: 1001471326 ns, Reaching safepoint: 226282 ns, At safepoint: 8214 ns, Total: 234496 ns
[2021-11-03T05:57:43.719+0000][7][safepoint    ] Safepoint "Cleanup", Time since last: 1004753501 ns, Reaching safepoint: 297422 ns, At safepoint: 116823 ns, Total: 414245 ns
[2021-11-03T05:57:44.722+0000][7][safepoint    ] Safepoint "Cleanup", Time since last: 1002539218 ns, Reaching safepoint: 314122 ns, At safepoint: 11473 ns, Total: 325595 ns
[2021-11-03T05:57:45.726+0000][7][safepoint    ] Safepoint "Cleanup", Time since last: 1004243602 ns, Reaching safepoint: 566030 ns, At safepoint: 11895 ns, Total: 577925 ns
[2021-11-03T05:57:46.731+0000][7][safepoint    ] Safepoint "Cleanup", Time since last: 1004340574 ns, Reaching safepoint: 353499 ns, At safepoint: 13156 ns, Total: 366655 ns
[2021-11-03T05:57:47.733+0000][7][safepoint    ] Safepoint "Cleanup", Time since last: 1001933465 ns, Reaching safepoint: 293070 ns, At safepoint: 9807 ns, Total: 302877 ns
[2021-11-03T05:57:48.740+0000][7][safepoint    ] Safepoint "Cleanup", Time since last: 1006392837 ns, Reaching safepoint: 297850 ns, At safepoint: 7177 ns, Total: 305027 ns
[2021-11-03T05:57:49.744+0000][7][safepoint    ] Safepoint "Cleanup", Time since last: 1003879629 ns, Reaching safepoint: 266461 ns, At safepoint: 11932 ns, Total: 278393 ns
[2021-11-03T05:57:51.110+0000][7][safepoint    ] Safepoint "Cleanup", Time since last: 1365164419 ns, Reaching safepoint: 178607 ns, At safepoint: 4526 ns, Total: 183133 ns
[2021-11-03T05:57:52.111+0000][7][safepoint    ] Safepoint "Cleanup", Time since last: 1001677141 ns, Reaching safepoint: 101030 ns, At safepoint: 2697 ns, Total: 103727 ns
[2021-11-03T05:57:53.114+0000][7][safepoint    ] Safepoint "Cleanup", Time since last: 1002228994 ns, Reaching safepoint: 289953 ns, At safepoint: 6339 ns, Total: 296292 ns
[2021-11-03T05:57:54.118+0000][7][safepoint    ] Safepoint "Cleanup", Time since last: 1003444757 ns, Reaching safepoint: 135265 ns, At safepoint: 3317 ns, Total: 138582 ns
[2021-11-03T05:57:55.119+0000][7][safepoint    ] Safepoint "Cleanup", Time since last: 1001333569 ns, Reaching safepoint: 177434 ns, At safepoint: 6234 ns, Total: 183668 ns
[2021-11-03T05:57:56.123+0000][7][safepoint    ] Safepoint "Cleanup", Time since last: 1003640310 ns, Reaching safepoint: 232630 ns, At safepoint: 7710 ns, Total: 240340 ns
[2021-11-03T05:57:57.129+0000][7][safepoint    ] Safepoint "Cleanup", Time since last: 1005955517 ns, Reaching safepoint: 198723 ns, At safepoint: 8305 ns, Total: 207028 ns
[2021-11-03T05:57:58.130+0000][7][safepoint    ] Safepoint "Cleanup", Time since last: 1001055532 ns, Reaching safepoint: 170882 ns, At safepoint: 7596 ns, Total: 178478 ns
[2021-11-03T05:57:59.133+0000][7][safepoint    ] Safepoint "Cleanup", Time since last: 1002161462 ns, Reaching safepoint: 106987 ns, At safepoint: 3272 ns, Total: 110259 ns
[2021-11-03T05:58:00.134+0000][7][safepoint    ] Safepoint "Cleanup", Time since last: 1001280193 ns, Reaching safepoint: 102331 ns, At safepoint: 3265 ns, Total: 105596 ns
[2021-11-03T05:58:01.141+0000][7][safepoint    ] Safepoint "Cleanup", Time since last: 1006651272 ns, Reaching safepoint: 378606 ns, At safepoint: 6118 ns, Total: 384724 ns
[2021-11-03T05:58:02.122+0000][7][safepoint    ] Safepoint "Cleanup", Time since last: 1002177977 ns, Reaching safepoint: 175973 ns, At safepoint: 5620 ns, Total: 181593 ns
[2021-11-03T05:58:03.127+0000][7][safepoint    ] Safepoint "Cleanup", Time since last: 1004818093 ns, Reaching safepoint: 176985 ns, At safepoint: 6259 ns, Total: 183244 ns
[2021-11-03T05:58:04.130+0000][7][safepoint    ] Safepoint "Cleanup", Time since last: 1002362131 ns, Reaching safepoint: 109395 ns, At safepoint: 3819 ns, Total: 113214 ns
[2021-11-03T05:58:05.132+0000][7][safepoint    ] Safepoint "Cleanup", Time since last: 1002203060 ns, Reaching safepoint: 247211 ns, At safepoint: 6609 ns, Total: 253820 ns
[2021-11-03T05:58:06.135+0000][7][safepoint    ] Safepoint "Cleanup", Time since last: 1002310271 ns, Reaching safepoint: 390573 ns, At safepoint: 8276 ns, Total: 398849 ns
[2021-11-03T05:58:07.139+0000][7][safepoint    ] Safepoint "Cleanup", Time since last: 1003783571 ns, Reaching safepoint: 315247 ns, At safepoint: 7403 ns, Total: 322650 ns
[2021-11-03T05:58:08.141+0000][7][safepoint    ] Safepoint "Cleanup", Time since last: 1002115747 ns, Reaching safepoint: 256341 ns, At safepoint: 11790 ns, Total: 268131 ns
[2021-11-03T05:58:09.145+0000][7][safepoint    ] Safepoint "Cleanup", Time since last: 1003136202 ns, Reaching safepoint: 543908 ns, At safepoint: 18393 ns, Total: 562301 ns
[2021-11-03T05:58:10.150+0000][7][safepoint    ] Safepoint "Cleanup", Time since last: 1004604453 ns, Reaching safepoint: 283685 ns, At safepoint: 9492 ns, Total: 293177 ns
[2021-11-03T05:58:11.156+0000][7][safepoint    ] Safepoint "Cleanup", Time since last: 1005699409 ns, Reaching safepoint: 318431 ns, At safepoint: 8909 ns, Total: 327340 ns
[2021-11-03T05:58:12.159+0000][7][safepoint    ] Safepoint "Cleanup", Time since last: 1003404203 ns, Reaching safepoint: 280297 ns, At safepoint: 8384 ns, Total: 288681 ns
[2021-11-03T05:58:13.166+0000][7][safepoint    ] Safepoint "Cleanup", Time since last: 1006170779 ns, Reaching safepoint: 263930 ns, At safepoint: 7409 ns, Total: 271339 ns
[2021-11-03T05:58:14.169+0000][7][safepoint    ] Safepoint "Cleanup", Time since last: 1002967787 ns, Reaching safepoint: 472889 ns, At safepoint: 8968 ns, Total: 481857 ns
[2021-11-03T05:58:15.175+0000][7][safepoint    ] Safepoint "Cleanup", Time since last: 1005172401 ns, Reaching safepoint: 337257 ns, At safepoint: 8200 ns, Total: 345457 ns
[2021-11-03T05:58:16.179+0000][7][safepoint    ] Safepoint "Cleanup", Time since last: 1003675114 ns, Reaching safepoint: 261572 ns, At safepoint: 5059 ns, Total: 266631 ns
[2021-11-03T05:58:17.183+0000][7][safepoint    ] Safepoint "Cleanup", Time since last: 1003486115 ns, Reaching safepoint: 376791 ns, At safepoint: 6657 ns, Total: 383448 ns
[2021-11-03T05:58:18.188+0000][7][safepoint    ] Safepoint "Cleanup", Time since last: 1004963612 ns, Reaching safepoint: 436873 ns, At safepoint: 23605 ns, Total: 460478 ns
[2021-11-03T05:58:19.191+0000][7][safepoint    ] Safepoint "Cleanup", Time since last: 1002033850 ns, Reaching safepoint: 433093 ns, At safepoint: 11477 ns, Total: 444570 ns
[2021-11-03T05:58:20.194+0000][7][safepoint    ] Safepoint "Cleanup", Time since last: 1002752575 ns, Reaching safepoint: 232932 ns, At safepoint: 6798 ns, Total: 239730 ns
[2021-11-03T05:58:21.198+0000][7][safepoint    ] Safepoint "Cleanup", Time since last: 1003816899 ns, Reaching safepoint: 162501 ns, At safepoint: 7320 ns, Total: 169821 ns
[2021-11-03T05:58:22.204+0000][7][safepoint    ] Safepoint "Cleanup", Time since last: 1005624225 ns, Reaching safepoint: 529246 ns, At safepoint: 12108 ns, Total: 541354 ns
[2021-11-03T05:58:23.207+0000][7][safepoint    ] Safepoint "Cleanup", Time since last: 1002735038 ns, Reaching safepoint: 325028 ns, At safepoint: 9427 ns, Total: 334455 ns
[2021-11-03T05:58:24.212+0000][7][safepoint    ] Safepoint "Cleanup", Time since last: 1004383282 ns, Reaching safepoint: 380741 ns, At safepoint: 7195 ns, Total: 387936 ns
[2021-11-03T05:58:25.215+0000][7][safepoint    ] Safepoint "Cleanup", Time since last: 1003146066 ns, Reaching safepoint: 398895 ns, At safepoint: 19849 ns, Total: 418744 ns
[2021-11-03T05:58:26.221+0000][7][safepoint    ] Safepoint "Cleanup", Time since last: 1005168828 ns, Reaching safepoint: 311589 ns, At safepoint: 7940 ns, Total: 319529 ns
[2021-11-03T05:58:27.224+0000][7][safepoint    ] Safepoint "Cleanup", Time since last: 1002421457 ns, Reaching safepoint: 468570 ns, At safepoint: 12234 ns, Total: 480804 ns
[2021-11-03T05:58:28.231+0000][7][safepoint    ] Safepoint "Cleanup", Time since last: 1006368948 ns, Reaching safepoint: 770379 ns, At safepoint: 22279 ns, Total: 792658 ns
[2021-11-03T05:58:29.233+0000][7][safepoint    ] Safepoint "Cleanup", Time since last: 1002152442 ns, Reaching safepoint: 293555 ns, At safepoint: 17896 ns, Total: 311451 ns
[2021-11-03T05:58:30.236+0000][7][safepoint    ] Safepoint "Cleanup", Time since last: 1002486916 ns, Reaching safepoint: 248180 ns, At safepoint: 6816 ns, Total: 254996 ns
[2021-11-03T05:58:31.238+0000][7][safepoint    ] Safepoint "Cleanup", Time since last: 1002088478 ns, Reaching safepoint: 153321 ns, At safepoint: 3864 ns, Total: 157185 ns
[2021-11-03T05:58:32.219+0000][7][safepoint    ] Safepoint "Cleanup", Time since last: 1001592194 ns, Reaching safepoint: 280780 ns, At safepoint: 10638 ns, Total: 291418 ns
[2021-11-03T05:58:33.222+0000][7][safepoint    ] Safepoint "Cleanup", Time since last: 1002422172 ns, Reaching safepoint: 155536 ns, At safepoint: 4963 ns, Total: 160499 ns
[2021-11-03T05:58:34.224+0000][7][safepoint    ] Safepoint "Cleanup", Time since last: 1001822280 ns, Reaching safepoint: 176299 ns, At safepoint: 6555 ns, Total: 182854 ns
[2021-11-03T05:58:35.227+0000][7][safepoint    ] Safepoint "Cleanup", Time since last: 1002905313 ns, Reaching safepoint: 110323 ns, At safepoint: 3039 ns, Total: 113362 ns
[2021-11-03T05:58:36.229+0000][7][safepoint    ] Safepoint "Cleanup", Time since last: 1001574153 ns, Reaching safepoint: 394613 ns, At safepoint: 11448 ns, Total: 406061 ns
[2021-11-03T05:58:37.231+0000][7][safepoint    ] Safepoint "Cleanup", Time since last: 1002161279 ns, Reaching safepoint: 178830 ns, At safepoint: 3868 ns, Total: 182698 ns
[2021-11-03T05:58:38.233+0000][7][safepoint    ] Safepoint "Cleanup", Time since last: 1002042405 ns, Reaching safepoint: 152667 ns, At safepoint: 2798 ns, Total: 155465 ns
[2021-11-03T05:58:39.236+0000][7][safepoint    ] Safepoint "Cleanup", Time since last: 1002479147 ns, Reaching safepoint: 126012 ns, At safepoint: 3475 ns, Total: 129487 ns
[2021-11-03T05:58:40.237+0000][7][safepoint    ] Safepoint "Cleanup", Time since last: 1001398245 ns, Reaching safepoint: 219757 ns, At safepoint: 5924 ns, Total: 225681 ns
[2021-11-03T05:58:41.241+0000][7][safepoint    ] Safepoint "Cleanup", Time since last: 1003251577 ns, Reaching safepoint: 256153 ns, At safepoint: 7198 ns, Total: 263351 ns
[2021-11-03T05:58:42.244+0000][7][safepoint    ] Safepoint "Cleanup", Time since last: 1002671283 ns, Reaching safepoint: 239695 ns, At safepoint: 6870 ns, Total: 246565 ns
[2021-11-03T05:58:43.247+0000][7][safepoint    ] Safepoint "Cleanup", Time since last: 1003096460 ns, Reaching safepoint: 229614 ns, At safepoint: 6178 ns, Total: 235792 ns
[2021-11-03T05:58:44.251+0000][7][safepoint    ] Safepoint "Cleanup", Time since last: 1003328912 ns, Reaching safepoint: 236379 ns, At safepoint: 6267 ns, Total: 242646 ns
[2021-11-03T05:58:45.255+0000][7][safepoint    ] Safepoint "Cleanup", Time since last: 1004320896 ns, Reaching safepoint: 171785 ns, At safepoint: 6901 ns, Total: 178686 ns
[2021-11-03T05:58:46.259+0000][7][safepoint    ] Safepoint "Cleanup", Time since last: 1003873141 ns, Reaching safepoint: 181745 ns, At safepoint: 6709 ns, Total: 188454 ns
[2021-11-03T05:58:47.262+0000][7][safepoint    ] Safepoint "Cleanup", Time since last: 1002290191 ns, Reaching safepoint: 163491 ns, At safepoint: 6716 ns, Total: 170207 ns
[2021-11-03T05:58:48.266+0000][7][safepoint    ] Safepoint "Cleanup", Time since last: 1003493856 ns, Reaching safepoint: 404153 ns, At safepoint: 8312 ns, Total: 412465 ns
[2021-11-03T05:58:49.269+0000][7][safepoint    ] Safepoint "Cleanup", Time since last: 1003129849 ns, Reaching safepoint: 178574 ns, At safepoint: 6740 ns, Total: 185314 ns
[2021-11-03T05:58:50.273+0000][7][safepoint    ] Safepoint "Cleanup", Time since last: 1003758458 ns, Reaching safepoint: 225299 ns, At safepoint: 7600 ns, Total: 232899 ns
[2021-11-03T05:58:51.276+0000][7][safepoint    ] Safepoint "Cleanup", Time since last: 1003059505 ns, Reaching safepoint: 171418 ns, At safepoint: 5407 ns, Total: 176825 ns
[2021-11-03T05:58:52.279+0000][7][safepoint    ] Safepoint "Cleanup", Time since last: 1002447436 ns, Reaching safepoint: 176802 ns, At safepoint: 7729 ns, Total: 184531 ns
[2021-11-03T05:58:53.282+0000][7][safepoint    ] Safepoint "Cleanup", Time since last: 1002902530 ns, Reaching safepoint: 159428 ns, At safepoint: 6400 ns, Total: 165828 ns
[2021-11-03T05:58:54.286+0000][7][safepoint    ] Safepoint "Cleanup", Time since last: 1004066099 ns, Reaching safepoint: 176060 ns, At safepoint: 6601 ns, Total: 182661 ns
[2021-11-03T05:58:55.289+0000][7][safepoint    ] Safepoint "Cleanup", Time since last: 1002290230 ns, Reaching safepoint: 260417 ns, At safepoint: 13493 ns, Total: 273910 ns
[2021-11-03T05:58:56.292+0000][7][safepoint    ] Safepoint "Cleanup", Time since last: 1002405615 ns, Reaching safepoint: 362292 ns, At safepoint: 5797 ns, Total: 368089 ns
[2021-11-03T05:58:57.294+0000][7][safepoint    ] Safepoint "Cleanup", Time since last: 1002018408 ns, Reaching safepoint: 186937 ns, At safepoint: 6241 ns, Total: 193178 ns
[2021-11-03T05:58:58.296+0000][7][safepoint    ] Safepoint "Cleanup", Time since last: 1002209900 ns, Reaching safepoint: 128476 ns, At safepoint: 4178 ns, Total: 132654 ns
[2021-11-03T05:58:59.299+0000][7][safepoint    ] Safepoint "Cleanup", Time since last: 1002203532 ns, Reaching safepoint: 194588 ns, At safepoint: 4285 ns, Total: 198873 ns
[2021-11-03T05:59:00.301+0000][7][safepoint    ] Safepoint "Cleanup", Time since last: 1001602994 ns, Reaching safepoint: 271756 ns, At safepoint: 7591 ns, Total: 279347 ns
[2021-11-03T05:59:01.303+0000][7][safepoint    ] Safepoint "Cleanup", Time since last: 1002605327 ns, Reaching safepoint: 324030 ns, At safepoint: 9595 ns, Total: 333625 ns
[2021-11-03T05:59:02.284+0000][7][safepoint    ] Safepoint "Cleanup", Time since last: 1001456693 ns, Reaching safepoint: 161858 ns, At safepoint: 5124 ns, Total: 166982 ns
[2021-11-03T05:59:03.287+0000][7][safepoint    ] Safepoint "Cleanup", Time since last: 1002803781 ns, Reaching safepoint: 156557 ns, At safepoint: 5044 ns, Total: 161601 ns
[2021-11-03T05:59:04.290+0000][7][safepoint    ] Safepoint "Cleanup", Time since last: 1003204351 ns, Reaching safepoint: 314396 ns, At safepoint: 12614 ns, Total: 327010 ns
[2021-11-03T05:59:05.298+0000][7][safepoint    ] Safepoint "Cleanup", Time since last: 1006679026 ns, Reaching safepoint: 463710 ns, At safepoint: 9579 ns, Total: 473289 ns
[2021-11-03T05:59:06.302+0000][7][safepoint    ] Safepoint "Cleanup", Time since last: 1004028951 ns, Reaching safepoint: 251969 ns, At safepoint: 6775 ns, Total: 258744 ns
[2021-11-03T05:59:07.306+0000][7][safepoint    ] Safepoint "Cleanup", Time since last: 1003603726 ns, Reaching safepoint: 245056 ns, At safepoint: 7315 ns, Total: 252371 ns
[2021-11-03T05:59:08.309+0000][7][safepoint    ] Safepoint "Cleanup", Time since last: 1003140415 ns, Reaching safepoint: 244861 ns, At safepoint: 7376 ns, Total: 252237 ns
[2021-11-03T05:59:09.311+0000][7][safepoint    ] Safepoint "Cleanup", Time since last: 1002178036 ns, Reaching safepoint: 192448 ns, At safepoint: 8097 ns, Total: 200545 ns
[2021-11-03T05:59:10.313+0000][7][safepoint    ] Safepoint "Cleanup", Time since last: 1001358918 ns, Reaching safepoint: 324988 ns, At safepoint: 12515 ns, Total: 337503 ns
[2021-11-03T05:59:11.316+0000][7][safepoint    ] Safepoint "Cleanup", Time since last: 1002827357 ns, Reaching safepoint: 323867 ns, At safepoint: 13075 ns, Total: 336942 ns
[2021-11-03T05:59:12.319+0000][7][safepoint    ] Safepoint "Cleanup", Time since last: 1002783269 ns, Reaching safepoint: 184588 ns, At safepoint: 6985 ns, Total: 191573 ns
[2021-11-03T05:59:13.322+0000][7][safepoint    ] Safepoint "Cleanup", Time since last: 1002775113 ns, Reaching safepoint: 409113 ns, At safepoint: 8689 ns, Total: 417802 ns
[2021-11-03T05:59:14.326+0000][7][safepoint    ] Safepoint "Cleanup", Time since last: 1003090739 ns, Reaching safepoint: 319467 ns, At safepoint: 13113 ns, Total: 332580 ns
[2021-11-03T05:59:15.330+0000][7][safepoint    ] Safepoint "Cleanup", Time since last: 1004246362 ns, Reaching safepoint: 241217 ns, At safepoint: 4243 ns, Total: 245460 ns
[2021-11-03T05:59:16.332+0000][7][safepoint    ] Safepoint "Cleanup", Time since last: 1001443939 ns, Reaching safepoint: 89673 ns, At safepoint: 2698 ns, Total: 92371 ns
[2021-11-03T05:59:17.336+0000][7][safepoint    ] Safepoint "Cleanup", Time since last: 1003598269 ns, Reaching safepoint: 183852 ns, At safepoint: 6734 ns, Total: 190586 ns
[2021-11-03T05:59:18.338+0000][7][safepoint    ] Safepoint "Cleanup", Time since last: 1002227366 ns, Reaching safepoint: 105294 ns, At safepoint: 2947 ns, Total: 108241 ns
[2021-11-03T05:59:19.341+0000][7][safepoint    ] Safepoint "Cleanup", Time since last: 1002384636 ns, Reaching safepoint: 121618 ns, At safepoint: 3638 ns, Total: 125256 ns
[2021-11-03T05:59:20.344+0000][7][safepoint    ] Safepoint "Cleanup", Time since last: 1003266827 ns, Reaching safepoint: 204223 ns, At safepoint: 6594 ns, Total: 210817 ns
[2021-11-03T05:59:21.351+0000][7][safepoint    ] Safepoint "Cleanup", Time since last: 1006256159 ns, Reaching safepoint: 430982 ns, At safepoint: 6453 ns, Total: 437435 ns
[2021-11-03T05:59:22.355+0000][7][safepoint    ] Safepoint "Cleanup", Time since last: 1003927477 ns, Reaching safepoint: 180876 ns, At safepoint: 5655 ns, Total: 186531 ns
[2021-11-03T05:59:23.359+0000][7][safepoint    ] Safepoint "Cleanup", Time since last: 1003628241 ns, Reaching safepoint: 178401 ns, At safepoint: 7460 ns, Total: 185861 ns
[2021-11-03T05:59:24.361+0000][7][safepoint    ] Safepoint "Cleanup", Time since last: 1002045105 ns, Reaching safepoint: 170047 ns, At safepoint: 5189 ns, Total: 175236 ns
[2021-11-03T05:59:25.363+0000][7][safepoint    ] Safepoint "Cleanup", Time since last: 1002374899 ns, Reaching safepoint: 178036 ns, At safepoint: 3314 ns, Total: 181350 ns
[2021-11-03T05:59:26.365+0000][7][safepoint    ] Safepoint "Cleanup", Time since last: 1001260938 ns, Reaching safepoint: 244082 ns, At safepoint: 7075 ns, Total: 251157 ns
[2021-11-03T05:59:27.368+0000][7][safepoint    ] Safepoint "Cleanup", Time since last: 1002751221 ns, Reaching safepoint: 519829 ns, At safepoint: 17198 ns, Total: 537027 ns
[2021-11-03T05:59:28.376+0000][7][safepoint    ] Safepoint "Cleanup", Time since last: 1007193891 ns, Reaching safepoint: 179569 ns, At safepoint: 7107 ns, Total: 186676 ns
[2021-11-03T05:59:29.380+0000][7][safepoint    ] Safepoint "Cleanup", Time since last: 1003893978 ns, Reaching safepoint: 93133 ns, At safepoint: 3526 ns, Total: 96659 ns
[2021-11-03T05:59:30.381+0000][7][safepoint    ] Safepoint "Cleanup", Time since last: 1001290240 ns, Reaching safepoint: 113011 ns, At safepoint: 2808 ns, Total: 115819 ns
[2021-11-03T05:59:31.382+0000][7][safepoint    ] Safepoint "Cleanup", Time since last: 1001206395 ns, Reaching safepoint: 166731 ns, At safepoint: 3252 ns, Total: 169983 ns
[2021-11-03T05:59:32.363+0000][7][safepoint    ] Safepoint "Cleanup", Time since last: 1002079569 ns, Reaching safepoint: 181100 ns, At safepoint: 6753 ns, Total: 187853 ns
[2021-11-03T05:59:33.365+0000][7][safepoint    ] Safepoint "Cleanup", Time since last: 1001791772 ns, Reaching safepoint: 173831 ns, At safepoint: 5360 ns, Total: 179191 ns
[2021-11-03T05:59:34.370+0000][7][safepoint    ] Safepoint "Cleanup", Time since last: 1004702339 ns, Reaching safepoint: 375995 ns, At safepoint: 5972 ns, Total: 381967 ns
[2021-11-03T05:59:35.377+0000][7][safepoint    ] Safepoint "Cleanup", Time since last: 1005968748 ns, Reaching safepoint: 102653 ns, At safepoint: 3461 ns, Total: 106114 ns
[2021-11-03T05:59:36.379+0000][7][safepoint    ] Safepoint "Cleanup", Time since last: 1002051683 ns, Reaching safepoint: 100594 ns, At safepoint: 3675 ns, Total: 104269 ns
[2021-11-03T05:59:37.381+0000][7][safepoint    ] Safepoint "Cleanup", Time since last: 1001862725 ns, Reaching safepoint: 99646 ns, At safepoint: 3448 ns, Total: 103094 ns
[2021-11-03T05:59:38.385+0000][7][safepoint    ] Safepoint "Cleanup", Time since last: 1003714705 ns, Reaching safepoint: 211839 ns, At safepoint: 5385 ns, Total: 217224 ns
[2021-11-03T05:59:39.386+0000][7][safepoint    ] Safepoint "Cleanup", Time since last: 1001500300 ns, Reaching safepoint: 100965 ns, At safepoint: 2786 ns, Total: 103751 ns
[2021-11-03T05:59:40.387+0000][7][safepoint    ] Safepoint "Cleanup", Time since last: 1001114446 ns, Reaching safepoint: 101653 ns, At safepoint: 2291 ns, Total: 103944 ns
[2021-11-03T05:59:41.389+0000][7][safepoint    ] Safepoint "Cleanup", Time since last: 1001195441 ns, Reaching safepoint: 106057 ns, At safepoint: 2538 ns, Total: 108595 ns
[2021-11-03T05:59:42.390+0000][7][safepoint    ] Safepoint "Cleanup", Time since last: 1001397163 ns, Reaching safepoint: 103093 ns, At safepoint: 3026 ns, Total: 106119 ns
[2021-11-03T05:59:43.392+0000][7][safepoint    ] Safepoint "Cleanup", Time since last: 1001252832 ns, Reaching safepoint: 118450 ns, At safepoint: 3815 ns, Total: 122265 ns
[2021-11-03T05:59:44.394+0000][7][safepoint    ] Safepoint "Cleanup", Time since last: 1001933978 ns, Reaching safepoint: 193452 ns, At safepoint: 8671 ns, Total: 202123 ns
[2021-11-03T05:59:45.398+0000][7][safepoint    ] Safepoint "Cleanup", Time since last: 1004070137 ns, Reaching safepoint: 123631 ns, At safepoint: 4646 ns, Total: 128277 ns
[2021-11-03T05:59:46.401+0000][7][safepoint    ] Safepoint "Cleanup", Time since last: 1002064497 ns, Reaching safepoint: 609646 ns, At safepoint: 10841 ns, Total: 620487 ns
[2021-11-03T05:59:47.403+0000][7][safepoint    ] Safepoint "Cleanup", Time since last: 1002296802 ns, Reaching safepoint: 318332 ns, At safepoint: 5240 ns, Total: 323572 ns
[2021-11-03T05:59:48.406+0000][7][safepoint    ] Safepoint "Cleanup", Time since last: 1002689567 ns, Reaching safepoint: 456002 ns, At safepoint: 7415 ns, Total: 463417 ns
[2021-11-03T05:59:49.408+0000][7][safepoint    ] Safepoint "Cleanup", Time since last: 1001937824 ns, Reaching safepoint: 107348 ns, At safepoint: 3147 ns, Total: 110495 ns
[2021-11-03T05:59:50.412+0000][7][safepoint    ] Safepoint "Cleanup", Time since last: 1003302837 ns, Reaching safepoint: 200653 ns, At safepoint: 4818 ns, Total: 205471 ns
[2021-11-03T05:59:51.416+0000][7][safepoint    ] Safepoint "Cleanup", Time since last: 1003558126 ns, Reaching safepoint: 231417 ns, At safepoint: 6661 ns, Total: 238078 ns
[2021-11-03T05:59:52.419+0000][7][safepoint    ] Safepoint "Cleanup", Time since last: 1002569086 ns, Reaching safepoint: 187276 ns, At safepoint: 6194 ns, Total: 193470 ns
[2021-11-03T05:59:53.424+0000][7][safepoint    ] Safepoint "Cleanup", Time since last: 1004610336 ns, Reaching safepoint: 425879 ns, At safepoint: 12353 ns, Total: 438232 ns
[2021-11-03T05:59:54.428+0000][7][safepoint    ] Safepoint "Cleanup", Time since last: 1003780878 ns, Reaching safepoint: 255297 ns, At safepoint: 9510 ns, Total: 264807 ns
[2021-11-03T05:59:55.431+0000][7][safepoint    ] Safepoint "Cleanup", Time since last: 1002802408 ns, Reaching safepoint: 249510 ns, At safepoint: 6591 ns, Total: 256101 ns
[2021-11-03T05:59:56.437+0000][7][safepoint    ] Safepoint "Cleanup", Time since last: 1005588157 ns, Reaching safepoint: 442640 ns, At safepoint: 14051 ns, Total: 456691 ns
[2021-11-03T05:59:57.440+0000][7][safepoint    ] Safepoint "Cleanup", Time since last: 1003166398 ns, Reaching safepoint: 168059 ns, At safepoint: 3878 ns, Total: 171937 ns
[2021-11-03T05:59:58.442+0000][7][safepoint    ] Safepoint "Cleanup", Time since last: 1001382642 ns, Reaching safepoint: 240873 ns, At safepoint: 7295 ns, Total: 248168 ns
[2021-11-03T05:59:59.445+0000][7][safepoint    ] Safepoint "Cleanup", Time since last: 1002531183 ns, Reaching safepoint: 354698 ns, At safepoint: 11945 ns, Total: 366643 ns
[2021-11-03T06:00:00.449+0000][7][safepoint    ] Safepoint "Cleanup", Time since last: 1004372754 ns, Reaching safepoint: 398624 ns, At safepoint: 12013 ns, Total: 410637 ns
[2021-11-03T06:00:01.455+0000][7][safepoint    ] Safepoint "Cleanup", Time since last: 1005459800 ns, Reaching safepoint: 203118 ns, At safepoint: 5077 ns, Total: 208195 ns
[2021-11-03T06:00:02.436+0000][7][safepoint    ] Safepoint "Cleanup", Time since last: 1001822158 ns, Reaching safepoint: 136388 ns, At safepoint: 4245 ns, Total: 140633 ns
[2021-11-03T06:00:03.442+0000][7][safepoint    ] Safepoint "Cleanup", Time since last: 1005598192 ns, Reaching safepoint: 174082 ns, At safepoint: 6973 ns, Total: 181055 ns
[2021-11-03T06:00:04.446+0000][7][safepoint    ] Safepoint "Cleanup", Time since last: 1004500012 ns, Reaching safepoint: 118361 ns, At safepoint: 3297 ns, Total: 121658 ns
[2021-11-03T06:00:05.450+0000][7][safepoint    ] Safepoint "Cleanup", Time since last: 1003956345 ns, Reaching safepoint: 191293 ns, At safepoint: 8099 ns, Total: 199392 ns
[2021-11-03T06:00:06.457+0000][7][safepoint    ] Safepoint "Cleanup", Time since last: 1006500037 ns, Reaching safepoint: 247156 ns, At safepoint: 4203 ns, Total: 251359 ns
[2021-11-03T06:00:07.460+0000][7][safepoint    ] Safepoint "Cleanup", Time since last: 1002805558 ns, Reaching safepoint: 349059 ns, At safepoint: 7248 ns, Total: 356307 ns
[2021-11-03T06:00:08.464+0000][7][safepoint    ] Safepoint "Cleanup", Time since last: 1004008667 ns, Reaching safepoint: 96233 ns, At safepoint: 2431 ns, Total: 98664 ns
[2021-11-03T06:00:09.466+0000][7][safepoint    ] Safepoint "Cleanup", Time since last: 1001598564 ns, Reaching safepoint: 95486 ns, At safepoint: 2352 ns, Total: 97838 ns
[2021-11-03T06:00:10.469+0000][7][safepoint    ] Safepoint "Cleanup", Time since last: 1003187668 ns, Reaching safepoint: 95991 ns, At safepoint: 2448 ns, Total: 98439 ns
[2021-11-03T06:00:11.472+0000][7][safepoint    ] Safepoint "Cleanup", Time since last: 1002366256 ns, Reaching safepoint: 113746 ns, At safepoint: 2599 ns, Total: 116345 ns
[2021-11-03T06:00:12.474+0000][7][safepoint    ] Safepoint "Cleanup", Time since last: 1001332243 ns, Reaching safepoint: 726230 ns, At safepoint: 12575 ns, Total: 738805 ns
[2021-11-03T06:00:13.480+0000][7][safepoint    ] Safepoint "Cleanup", Time since last: 1005488879 ns, Reaching safepoint: 152055 ns, At safepoint: 3892 ns, Total: 155947 ns
[2021-11-03T06:00:14.481+0000][7][safepoint    ] Safepoint "Cleanup", Time since last: 1000998519 ns, Reaching safepoint: 160488 ns, At safepoint: 3452 ns, Total: 163940 ns
[2021-11-03T06:00:15.482+0000][7][safepoint    ] Safepoint "Cleanup", Time since last: 1001257700 ns, Reaching safepoint: 119560 ns, At safepoint: 3028 ns, Total: 122588 ns
[2021-11-03T06:00:16.484+0000][7][safepoint    ] Safepoint "Cleanup", Time since last: 1001363610 ns, Reaching safepoint: 123421 ns, At safepoint: 3107 ns, Total: 126528 ns
[2021-11-03T06:00:17.485+0000][7][safepoint    ] Safepoint "Cleanup", Time since last: 1001623154 ns, Reaching safepoint: 94025 ns, At safepoint: 2284 ns, Total: 96309 ns
[2021-11-03T06:00:18.487+0000][7][safepoint    ] Safepoint "Cleanup", Time since last: 1001468853 ns, Reaching safepoint: 171387 ns, At safepoint: 3624 ns, Total: 175011 ns
[2021-11-03T06:00:19.488+0000][7][safepoint    ] Safepoint "Cleanup", Time since last: 1001394137 ns, Reaching safepoint: 104029 ns, At safepoint: 3138 ns, Total: 107167 ns
[2021-11-03T06:00:20.490+0000][7][safepoint    ] Safepoint "Cleanup", Time since last: 1001294980 ns, Reaching safepoint: 88538 ns, At safepoint: 2430 ns, Total: 90968 ns
[2021-11-03T06:00:21.491+0000][7][safepoint    ] Safepoint "Cleanup", Time since last: 1000965790 ns, Reaching safepoint: 152322 ns, At safepoint: 2988 ns, Total: 155310 ns
[2021-11-03T06:00:22.492+0000][7][safepoint    ] Safepoint "Cleanup", Time since last: 1001199140 ns, Reaching safepoint: 129766 ns, At safepoint: 2753 ns, Total: 132519 ns
[2021-11-03T06:00:23.494+0000][7][safepoint    ] Safepoint "Cleanup", Time since last: 1001406907 ns, Reaching safepoint: 86457 ns, At safepoint: 2821 ns, Total: 89278 ns
[2021-11-03T06:00:24.495+0000][7][safepoint    ] Safepoint "Cleanup", Time since last: 1001585392 ns, Reaching safepoint: 93421 ns, At safepoint: 2523 ns, Total: 95944 ns
[2021-11-03T06:00:25.497+0000][7][safepoint    ] Safepoint "Cleanup", Time since last: 1001615219 ns, Reaching safepoint: 99983 ns, At safepoint: 3106 ns, Total: 103089 ns
[2021-11-03T06:00:26.498+0000][7][safepoint    ] Safepoint "Cleanup", Time since last: 1001251305 ns, Reaching safepoint: 92039 ns, At safepoint: 2394 ns, Total: 94433 ns
[2021-11-03T06:00:27.500+0000][7][safepoint    ] Safepoint "Cleanup", Time since last: 1001090676 ns, Reaching safepoint: 84575 ns, At safepoint: 2644 ns, Total: 87219 ns
[2021-11-03T06:00:28.501+0000][7][safepoint    ] Safepoint "Cleanup", Time since last: 1001043426 ns, Reaching safepoint: 113205 ns, At safepoint: 3532 ns, Total: 116737 ns
[2021-11-03T06:00:29.503+0000][7][safepoint    ] Safepoint "Cleanup", Time since last: 1001836895 ns, Reaching safepoint: 89176 ns, At safepoint: 2508 ns, Total: 91684 ns
[2021-11-03T06:00:30.505+0000][7][safepoint    ] Safepoint "Cleanup", Time since last: 1001910345 ns, Reaching safepoint: 101026 ns, At safepoint: 3247 ns, Total: 104273 ns
[2021-11-03T06:00:31.507+0000][7][safepoint    ] Safepoint "Cleanup", Time since last: 1001734274 ns, Reaching safepoint: 97740 ns, At safepoint: 2993 ns, Total: 100733 ns
[2021-11-03T06:00:32.487+0000][7][safepoint    ] Safepoint "Cleanup", Time since last: 1001424856 ns, Reaching safepoint: 157457 ns, At safepoint: 6745 ns, Total: 164202 ns
[2021-11-03T06:00:33.489+0000][7][safepoint    ] Safepoint "Cleanup", Time since last: 1001664631 ns, Reaching safepoint: 94469 ns, At safepoint: 2481 ns, Total: 96950 ns
[2021-11-03T06:00:34.491+0000][7][safepoint    ] Safepoint "Cleanup", Time since last: 1002060428 ns, Reaching safepoint: 205859 ns, At safepoint: 4078 ns, Total: 209937 ns
[2021-11-03T06:00:35.495+0000][7][safepoint    ] Safepoint "Cleanup", Time since last: 1003991912 ns, Reaching safepoint: 130260 ns, At safepoint: 4123 ns, Total: 134383 ns
[2021-11-03T06:00:36.497+0000][7][safepoint    ] Safepoint "Cleanup", Time since last: 1001288365 ns, Reaching safepoint: 94588 ns, At safepoint: 2913 ns, Total: 97501 ns
[2021-11-03T06:00:37.498+0000][7][safepoint    ] Safepoint "Cleanup", Time since last: 1001142616 ns, Reaching safepoint: 186805 ns, At safepoint: 4312 ns, Total: 191117 ns
[2021-11-03T06:00:38.499+0000][7][safepoint    ] Safepoint "Cleanup", Time since last: 1001177378 ns, Reaching safepoint: 86148 ns, At safepoint: 2460 ns, Total: 88608 ns
[2021-11-03T06:00:39.501+0000][7][safepoint    ] Safepoint "Cleanup", Time since last: 1001318781 ns, Reaching safepoint: 253359 ns, At safepoint: 4331 ns, Total: 257690 ns
[2021-11-03T06:00:40.505+0000][7][safepoint    ] Safepoint "Cleanup", Time since last: 1003562703 ns, Reaching safepoint: 352767 ns, At safepoint: 121783 ns, Total: 474550 ns
[2021-11-03T06:00:41.510+0000][7][safepoint    ] Safepoint "Cleanup", Time since last: 1004956532 ns, Reaching safepoint: 182745 ns, At safepoint: 5159 ns, Total: 187904 ns
[2021-11-03T06:00:42.513+0000][7][safepoint    ] Safepoint "Cleanup", Time since last: 1002949117 ns, Reaching safepoint: 175324 ns, At safepoint: 5197 ns, Total: 180521 ns
[2021-11-03T06:00:43.516+0000][7][safepoint    ] Safepoint "Cleanup", Time since last: 1002658808 ns, Reaching safepoint: 350257 ns, At safepoint: 8198 ns, Total: 358455 ns
[2021-11-03T06:00:44.518+0000][7][safepoint    ] Safepoint "Cleanup", Time since last: 1001797794 ns, Reaching safepoint: 110261 ns, At safepoint: 3036 ns, Total: 113297 ns
[2021-11-03T06:00:45.519+0000][7][safepoint    ] Safepoint "Cleanup", Time since last: 1001301263 ns, Reaching safepoint: 95557 ns, At safepoint: 3038 ns, Total: 98595 ns
[2021-11-03T06:00:46.521+0000][7][safepoint    ] Safepoint "Cleanup", Time since last: 1001783105 ns, Reaching safepoint: 175178 ns, At safepoint: 6676 ns, Total: 181854 ns
[2021-11-03T06:00:47.524+0000][7][safepoint    ] Safepoint "Cleanup", Time since last: 1002716810 ns, Reaching safepoint: 174639 ns, At safepoint: 6347 ns, Total: 180986 ns
[2021-11-03T06:00:48.527+0000][7][safepoint    ] Safepoint "Cleanup", Time since last: 1002325254 ns, Reaching safepoint: 224017 ns, At safepoint: 28877 ns, Total: 252894 ns
[2021-11-03T06:00:49.529+0000][7][safepoint    ] Safepoint "Cleanup", Time since last: 1001593719 ns, Reaching safepoint: 106567 ns, At safepoint: 3491 ns, Total: 110058 ns
[2021-11-03T06:00:50.530+0000][7][safepoint    ] Safepoint "Cleanup", Time since last: 1001346086 ns, Reaching safepoint: 132672 ns, At safepoint: 4021 ns, Total: 136693 ns
[2021-11-03T06:00:51.532+0000][7][safepoint    ] Safepoint "Cleanup", Time since last: 1001658990 ns, Reaching safepoint: 88088 ns, At safepoint: 2108 ns, Total: 90196 ns
[2021-11-03T06:00:52.533+0000][7][safepoint    ] Safepoint "Cleanup", Time since last: 1001270012 ns, Reaching safepoint: 145951 ns, At safepoint: 4483 ns, Total: 150434 ns
[2021-11-03T06:00:53.538+0000][7][safepoint    ] Safepoint "Cleanup", Time since last: 1004967773 ns, Reaching safepoint: 162358 ns, At safepoint: 4255 ns, Total: 166613 ns
[2021-11-03T06:00:54.540+0000][7][safepoint    ] Safepoint "Cleanup", Time since last: 1001336528 ns, Reaching safepoint: 314988 ns, At safepoint: 5826 ns, Total: 320814 ns
[2021-11-03T06:00:55.545+0000][7][safepoint    ] Safepoint "Cleanup", Time since last: 1005192099 ns, Reaching safepoint: 209031 ns, At safepoint: 10002 ns, Total: 219033 ns
[2021-11-03T06:00:56.549+0000][7][safepoint    ] Safepoint "Cleanup", Time since last: 1003499432 ns, Reaching safepoint: 227114 ns, At safepoint: 10079 ns, Total: 237193 ns
[2021-11-03T06:00:57.552+0000][7][safepoint    ] Safepoint "Cleanup", Time since last: 1002796481 ns, Reaching safepoint: 379901 ns, At safepoint: 6499 ns, Total: 386400 ns
[2021-11-03T06:00:58.554+0000][7][safepoint    ] Safepoint "Cleanup", Time since last: 1001849991 ns, Reaching safepoint: 241736 ns, At safepoint: 7405 ns, Total: 249141 ns
[2021-11-03T06:00:59.557+0000][7][safepoint    ] Safepoint "Cleanup", Time since last: 1002440920 ns, Reaching safepoint: 371036 ns, At safepoint: 12112 ns, Total: 383148 ns
[2021-11-03T06:01:00.561+0000][7][safepoint    ] Safepoint "Cleanup", Time since last: 1004064265 ns, Reaching safepoint: 143807 ns, At safepoint: 4457 ns, Total: 148264 ns
[2021-11-03T06:01:01.564+0000][7][safepoint    ] Safepoint "Cleanup", Time since last: 1002284938 ns, Reaching safepoint: 178926 ns, At safepoint: 7064 ns, Total: 185990 ns
[2021-11-03T06:01:02.547+0000][7][safepoint    ] Safepoint "Cleanup", Time since last: 1003692394 ns, Reaching safepoint: 202868 ns, At safepoint: 3067 ns, Total: 205935 ns
[2021-11-03T06:01:03.548+0000][7][safepoint    ] Safepoint "Cleanup", Time since last: 1001166197 ns, Reaching safepoint: 116946 ns, At safepoint: 2565 ns, Total: 119511 ns
[2021-11-03T06:01:04.549+0000][7][safepoint    ] Safepoint "Cleanup", Time since last: 1001355047 ns, Reaching safepoint: 180391 ns, At safepoint: 6364 ns, Total: 186755 ns
[2021-11-03T06:01:05.553+0000][7][safepoint    ] Safepoint "Cleanup", Time since last: 1003449963 ns, Reaching safepoint: 159175 ns, At safepoint: 3461 ns, Total: 162636 ns
[2021-11-03T06:01:06.555+0000][7][safepoint    ] Safepoint "Cleanup", Time since last: 1001556174 ns, Reaching safepoint: 99474 ns, At safepoint: 3855 ns, Total: 103329 ns
[2021-11-03T06:01:07.556+0000][7][safepoint    ] Safepoint "Cleanup", Time since last: 1001166565 ns, Reaching safepoint: 223490 ns, At safepoint: 6347 ns, Total: 229837 ns
[2021-11-03T06:01:08.560+0000][7][safepoint    ] Safepoint "Cleanup", Time since last: 1003491815 ns, Reaching safepoint: 246440 ns, At safepoint: 6801 ns, Total: 253241 ns
[2021-11-03T06:01:09.562+0000][7][safepoint    ] Safepoint "Cleanup", Time since last: 1002219330 ns, Reaching safepoint: 176736 ns, At safepoint: 6719 ns, Total: 183455 ns
[2021-11-03T06:01:10.564+0000][7][safepoint    ] Safepoint "Cleanup", Time since last: 1002017948 ns, Reaching safepoint: 127602 ns, At safepoint: 3458 ns, Total: 131060 ns
[2021-11-03T06:01:11.567+0000][7][safepoint    ] Safepoint "Cleanup", Time since last: 1002725541 ns, Reaching safepoint: 87935 ns, At safepoint: 2516 ns, Total: 90451 ns
[2021-11-03T06:01:12.572+0000][7][safepoint    ] Safepoint "Cleanup", Time since last: 1004355936 ns, Reaching safepoint: 107155 ns, At safepoint: 3374 ns, Total: 110529 ns
[2021-11-03T06:01:13.574+0000][7][safepoint    ] Safepoint "Cleanup", Time since last: 1002376482 ns, Reaching safepoint: 178323 ns, At safepoint: 6556 ns, Total: 184879 ns
[2021-11-03T06:01:14.577+0000][7][safepoint    ] Safepoint "Cleanup", Time since last: 1002728276 ns, Reaching safepoint: 208622 ns, At safepoint: 9704 ns, Total: 218326 ns
[2021-11-03T06:01:15.579+0000][7][safepoint    ] Safepoint "Cleanup", Time since last: 1001425231 ns, Reaching safepoint: 419219 ns, At safepoint: 19546 ns, Total: 438765 ns
[2021-11-03T06:01:16.582+0000][7][safepoint    ] Safepoint "Cleanup", Time since last: 1003127177 ns, Reaching safepoint: 126446 ns, At safepoint: 3202 ns, Total: 129648 ns
[2021-11-03T06:01:17.585+0000][7][safepoint    ] Safepoint "Cleanup", Time since last: 1002141520 ns, Reaching safepoint: 334309 ns, At safepoint: 7122 ns, Total: 341431 ns
[2021-11-03T06:01:18.588+0000][7][safepoint    ] Safepoint "Cleanup", Time since last: 1002998983 ns, Reaching safepoint: 461922 ns, At safepoint: 83083 ns, Total: 545005 ns
[2021-11-03T06:01:19.592+0000][7][safepoint    ] Safepoint "Cleanup", Time since last: 1003087114 ns, Reaching safepoint: 185764 ns, At safepoint: 3266 ns, Total: 189030 ns
[2021-11-03T06:01:20.594+0000][7][safepoint    ] Safepoint "Cleanup", Time since last: 1001979151 ns, Reaching safepoint: 177060 ns, At safepoint: 6359 ns, Total: 183419 ns
[2021-11-03T06:01:21.596+0000][7][safepoint    ] Safepoint "Cleanup", Time since last: 1002538258 ns, Reaching safepoint: 168130 ns, At safepoint: 3472 ns, Total: 171602 ns
[2021-11-03T06:01:22.599+0000][7][safepoint    ] Safepoint "Cleanup", Time since last: 1002160518 ns, Reaching safepoint: 101444 ns, At safepoint: 2934 ns, Total: 104378 ns
[2021-11-03T06:01:23.601+0000][7][safepoint    ] Safepoint "Cleanup", Time since last: 1001917935 ns, Reaching safepoint: 180880 ns, At safepoint: 6561 ns, Total: 187441 ns
[2021-11-03T06:01:24.603+0000][7][safepoint    ] Safepoint "Cleanup", Time since last: 1002001280 ns, Reaching safepoint: 119689 ns, At safepoint: 4239 ns, Total: 123928 ns
[2021-11-03T06:01:25.605+0000][7][safepoint    ] Safepoint "Cleanup", Time since last: 1002124254 ns, Reaching safepoint: 139972 ns, At safepoint: 4749 ns, Total: 144721 ns
[2021-11-03T06:01:26.607+0000][7][safepoint    ] Safepoint "Cleanup", Time since last: 1001713069 ns, Reaching safepoint: 109270 ns, At safepoint: 2671 ns, Total: 111941 ns
[2021-11-03T06:01:27.609+0000][7][safepoint    ] Safepoint "Cleanup", Time since last: 1002122890 ns, Reaching safepoint: 181638 ns, At safepoint: 6867 ns, Total: 188505 ns
[2021-11-03T06:01:28.613+0000][7][safepoint    ] Safepoint "Cleanup", Time since last: 1003178467 ns, Reaching safepoint: 177999 ns, At safepoint: 6695 ns, Total: 184694 ns
[2021-11-03T06:01:29.617+0000][7][safepoint    ] Safepoint "Cleanup", Time since last: 1004370614 ns, Reaching safepoint: 176912 ns, At safepoint: 5084 ns, Total: 181996 ns
[2021-11-03T06:01:30.620+0000][7][safepoint    ] Safepoint "Cleanup", Time since last: 1002858135 ns, Reaching safepoint: 112976 ns, At safepoint: 3103 ns, Total: 116079 ns
[2021-11-03T06:01:31.623+0000][7][safepoint    ] Safepoint "Cleanup", Time since last: 1002886036 ns, Reaching safepoint: 175905 ns, At safepoint: 7195 ns, Total: 183100 ns
[2021-11-03T06:01:32.607+0000][7][safepoint    ] Safepoint "Cleanup", Time since last: 1004627391 ns, Reaching safepoint: 367547 ns, At safepoint: 14384 ns, Total: 381931 ns
[2021-11-03T06:01:33.611+0000][7][safepoint    ] Safepoint "Cleanup", Time since last: 1002717489 ns, Reaching safepoint: 625196 ns, At safepoint: 15063 ns, Total: 640259 ns
[2021-11-03T06:01:34.614+0000][7][safepoint    ] Safepoint "Cleanup", Time since last: 1002913772 ns, Reaching safepoint: 119136 ns, At safepoint: 4626 ns, Total: 123762 ns
[2021-11-03T06:01:35.615+0000][7][safepoint    ] Safepoint "Cleanup", Time since last: 1001381590 ns, Reaching safepoint: 206432 ns, At safepoint: 7045 ns, Total: 213477 ns
[2021-11-03T06:01:36.621+0000][7][safepoint    ] Safepoint "Cleanup", Time since last: 1005614759 ns, Reaching safepoint: 216167 ns, At safepoint: 5064 ns, Total: 221231 ns
[2021-11-03T06:01:37.624+0000][7][safepoint    ] Safepoint "Cleanup", Time since last: 1002420381 ns, Reaching safepoint: 210295 ns, At safepoint: 8025 ns, Total: 218320 ns
[2021-11-03T06:01:38.628+0000][7][safepoint    ] Safepoint "Cleanup", Time since last: 1004653307 ns, Reaching safepoint: 145129 ns, At safepoint: 3468 ns, Total: 148597 ns
[2021-11-03T06:01:39.632+0000][7][safepoint    ] Safepoint "Cleanup", Time since last: 1003596250 ns, Reaching safepoint: 129505 ns, At safepoint: 3602 ns, Total: 133107 ns
[2021-11-03T06:01:40.634+0000][7][safepoint    ] Safepoint "Cleanup", Time since last: 1001435090 ns, Reaching safepoint: 197874 ns, At safepoint: 9409 ns, Total: 207283 ns
[2021-11-03T06:01:41.637+0000][7][safepoint    ] Safepoint "Cleanup", Time since last: 1003096456 ns, Reaching safepoint: 125517 ns, At safepoint: 4055 ns, Total: 129572 ns
[2021-11-03T06:01:42.639+0000][7][safepoint    ] Safepoint "Cleanup", Time since last: 1001855709 ns, Reaching safepoint: 155722 ns, At safepoint: 4425 ns, Total: 160147 ns
[2021-11-03T06:01:43.641+0000][7][safepoint    ] Safepoint "Cleanup", Time since last: 1001598493 ns, Reaching safepoint: 136093 ns, At safepoint: 4475 ns, Total: 140568 ns
[2021-11-03T06:01:44.643+0000][7][safepoint    ] Safepoint "Cleanup", Time since last: 1001700818 ns, Reaching safepoint: 104686 ns, At safepoint: 85160 ns, Total: 189846 ns
[2021-11-03T06:01:45.648+0000][7][safepoint    ] Safepoint "Cleanup", Time since last: 1004648105 ns, Reaching safepoint: 136402 ns, At safepoint: 3168 ns, Total: 139570 ns
[2021-11-03T06:01:46.649+0000][7][safepoint    ] Safepoint "Cleanup", Time since last: 1001639388 ns, Reaching safepoint: 107930 ns, At safepoint: 2898 ns, Total: 110828 ns
[2021-11-03T06:01:47.651+0000][7][safepoint    ] Safepoint "Cleanup", Time since last: 1001918935 ns, Reaching safepoint: 100828 ns, At safepoint: 2825 ns, Total: 103653 ns
[2021-11-03T06:01:48.655+0000][7][safepoint    ] Safepoint "Cleanup", Time since last: 1003387995 ns, Reaching safepoint: 218951 ns, At safepoint: 6270 ns, Total: 225221 ns
[2021-11-03T06:01:49.658+0000][7][safepoint    ] Safepoint "Cleanup", Time since last: 1002916131 ns, Reaching safepoint: 111361 ns, At safepoint: 3609 ns, Total: 114970 ns
[2021-11-03T06:01:50.661+0000][7][safepoint    ] Safepoint "Cleanup", Time since last: 1002206298 ns, Reaching safepoint: 600386 ns, At safepoint: 21090 ns, Total: 621476 ns
[2021-11-03T06:01:51.664+0000][7][safepoint    ] Safepoint "Cleanup", Time since last: 1002511507 ns, Reaching safepoint: 304531 ns, At safepoint: 6095 ns, Total: 310626 ns
[2021-11-03T06:01:52.666+0000][7][safepoint    ] Safepoint "Cleanup", Time since last: 1001693850 ns, Reaching safepoint: 237451 ns, At safepoint: 5257 ns, Total: 242708 ns
[2021-11-03T06:01:53.667+0000][7][safepoint    ] Safepoint "Cleanup", Time since last: 1001530192 ns, Reaching safepoint: 131734 ns, At safepoint: 4598 ns, Total: 136332 ns
[2021-11-03T06:01:54.669+0000][7][safepoint    ] Safepoint "Cleanup", Time since last: 1001760516 ns, Reaching safepoint: 170522 ns, At safepoint: 6289 ns, Total: 176811 ns
[2021-11-03T06:01:55.673+0000][7][safepoint    ] Safepoint "Cleanup", Time since last: 1002899147 ns, Reaching safepoint: 636139 ns, At safepoint: 18977 ns, Total: 655116 ns
[2021-11-03T06:01:56.679+0000][7][safepoint    ] Safepoint "Cleanup", Time since last: 1005501665 ns, Reaching safepoint: 577248 ns, At safepoint: 41666 ns, Total: 618914 ns
[2021-11-03T06:01:57.683+0000][7][safepoint    ] Safepoint "Cleanup", Time since last: 1003433822 ns, Reaching safepoint: 536077 ns, At safepoint: 11460 ns, Total: 547537 ns
[2021-11-03T06:01:58.685+0000][7][safepoint    ] Safepoint "Cleanup", Time since last: 1002143253 ns, Reaching safepoint: 180755 ns, At safepoint: 22050 ns, Total: 202805 ns
[2021-11-03T06:01:59.687+0000][7][safepoint    ] Safepoint "Cleanup", Time since last: 1001380689 ns, Reaching safepoint: 115486 ns, At safepoint: 3022 ns, Total: 118508 ns
[2021-11-03T06:02:00.689+0000][7][safepoint    ] Safepoint "Cleanup", Time since last: 1001653007 ns, Reaching safepoint: 475953 ns, At safepoint: 8771 ns, Total: 484724 ns
[2021-11-03T06:02:01.672+0000][7][safepoint    ] Safepoint "Cleanup", Time since last: 1004131139 ns, Reaching safepoint: 183214 ns, At safepoint: 6703 ns, Total: 189917 ns
[2021-11-03T06:02:02.676+0000][7][safepoint    ] Safepoint "Cleanup", Time since last: 1003869974 ns, Reaching safepoint: 189037 ns, At safepoint: 6896 ns, Total: 195933 ns
[2021-11-03T06:02:03.680+0000][7][safepoint    ] Safepoint "Cleanup", Time since last: 1003493854 ns, Reaching safepoint: 180864 ns, At safepoint: 6673 ns, Total: 187537 ns
[2021-11-03T06:02:04.683+0000][7][safepoint    ] Safepoint "Cleanup", Time since last: 1002965018 ns, Reaching safepoint: 184805 ns, At safepoint: 6923 ns, Total: 191728 ns
[2021-11-03T06:02:05.685+0000][7][safepoint    ] Safepoint "Cleanup", Time since last: 1002270364 ns, Reaching safepoint: 192380 ns, At safepoint: 2743 ns, Total: 195123 ns
[2021-11-03T06:02:06.686+0000][7][safepoint    ] Safepoint "Cleanup", Time since last: 1001148196 ns, Reaching safepoint: 117435 ns, At safepoint: 4013 ns, Total: 121448 ns
[2021-11-03T06:02:07.689+0000][7][safepoint    ] Safepoint "Cleanup", Time since last: 1001981967 ns, Reaching safepoint: 176720 ns, At safepoint: 6276 ns, Total: 182996 ns
[2021-11-03T06:02:08.692+0000][7][safepoint    ] Safepoint "Cleanup", Time since last: 1003291540 ns, Reaching safepoint: 107056 ns, At safepoint: 3229 ns, Total: 110285 ns
[2021-11-03T06:02:09.694+0000][7][safepoint    ] Safepoint "Cleanup", Time since last: 1001548608 ns, Reaching safepoint: 233955 ns, At safepoint: 7079 ns, Total: 241034 ns
[2021-11-03T06:02:10.696+0000][7][safepoint    ] Safepoint "Cleanup", Time since last: 1002288394 ns, Reaching safepoint: 105294 ns, At safepoint: 3123 ns, Total: 108417 ns
[2021-11-03T06:02:11.698+0000][7][safepoint    ] Safepoint "Cleanup", Time since last: 1001351428 ns, Reaching safepoint: 125555 ns, At safepoint: 3335 ns, Total: 128890 ns
[2021-11-03T06:02:12.700+0000][7][safepoint    ] Safepoint "Cleanup", Time since last: 1001695872 ns, Reaching safepoint: 183012 ns, At safepoint: 6351 ns, Total: 189363 ns
[2021-11-03T06:02:13.703+0000][7][safepoint    ] Safepoint "Cleanup", Time since last: 1003166956 ns, Reaching safepoint: 204428 ns, At safepoint: 4703 ns, Total: 209131 ns
[2021-11-03T06:02:14.705+0000][7][safepoint    ] Safepoint "Cleanup", Time since last: 1001631025 ns, Reaching safepoint: 138085 ns, At safepoint: 5004 ns, Total: 143089 ns
[2021-11-03T06:02:15.707+0000][7][safepoint    ] Safepoint "Cleanup", Time since last: 1001883328 ns, Reaching safepoint: 187804 ns, At safepoint: 6971 ns, Total: 194775 ns
[2021-11-03T06:02:16.709+0000][7][safepoint    ] Safepoint "Cleanup", Time since last: 1002442654 ns, Reaching safepoint: 105202 ns, At safepoint: 2749 ns, Total: 107951 ns
[2021-11-03T06:02:17.716+0000][7][safepoint    ] Safepoint "Cleanup", Time since last: 1006483007 ns, Reaching safepoint: 217178 ns, At safepoint: 7764 ns, Total: 224942 ns
[2021-11-03T06:02:18.719+0000][7][safepoint    ] Safepoint "Cleanup", Time since last: 1002547890 ns, Reaching safepoint: 143684 ns, At safepoint: 4657 ns, Total: 148341 ns
[2021-11-03T06:02:19.721+0000][7][safepoint    ] Safepoint "Cleanup", Time since last: 1002272305 ns, Reaching safepoint: 131572 ns, At safepoint: 2920 ns, Total: 134492 ns
[2021-11-03T06:02:20.722+0000][7][safepoint    ] Safepoint "Cleanup", Time since last: 1001109814 ns, Reaching safepoint: 185926 ns, At safepoint: 7464 ns, Total: 193390 ns
[2021-11-03T06:02:21.725+0000][7][safepoint    ] Safepoint "Cleanup", Time since last: 1001877710 ns, Reaching safepoint: 176012 ns, At safepoint: 4089 ns, Total: 180101 ns
[2021-11-03T06:02:22.908+0000][7][safepoint    ] Safepoint "Cleanup", Time since last: 1183478188 ns, Reaching safepoint: 259991 ns, At safepoint: 5367 ns, Total: 265358 ns
[2021-11-03T06:02:23.912+0000][7][safepoint    ] Safepoint "Cleanup", Time since last: 1003127127 ns, Reaching safepoint: 143486 ns, At safepoint: 4154 ns, Total: 147640 ns
[2021-11-03T06:02:24.915+0000][7][safepoint    ] Safepoint "Cleanup", Time since last: 1003025813 ns, Reaching safepoint: 260497 ns, At safepoint: 5486 ns, Total: 265983 ns
[2021-11-03T06:02:25.917+0000][7][safepoint    ] Safepoint "Cleanup", Time since last: 1002166638 ns, Reaching safepoint: 381930 ns, At safepoint: 7605 ns, Total: 389535 ns
[2021-11-03T06:02:26.920+0000][7][safepoint    ] Safepoint "Cleanup", Time since last: 1002720571 ns, Reaching safepoint: 100383 ns, At safepoint: 2854 ns, Total: 103237 ns
[2021-11-03T06:02:27.926+0000][7][safepoint    ] Safepoint "Cleanup", Time since last: 1005428866 ns, Reaching safepoint: 99888 ns, At safepoint: 3093 ns, Total: 102981 ns
[2021-11-03T06:02:28.927+0000][7][safepoint    ] Safepoint "Cleanup", Time since last: 1001413762 ns, Reaching safepoint: 135873 ns, At safepoint: 4445 ns, Total: 140318 ns
[2021-11-03T06:02:29.929+0000][7][safepoint    ] Safepoint "Cleanup", Time since last: 1002066596 ns, Reaching safepoint: 93940 ns, At safepoint: 2926 ns, Total: 96866 ns
[2021-11-03T06:02:30.931+0000][7][safepoint    ] Safepoint "Cleanup", Time since last: 1001210172 ns, Reaching safepoint: 180766 ns, At safepoint: 7082 ns, Total: 187848 ns
[2021-11-03T06:02:31.912+0000][7][safepoint    ] Safepoint "Cleanup", Time since last: 1002334129 ns, Reaching safepoint: 103162 ns, At safepoint: 2736 ns, Total: 105898 ns
[2021-11-03T06:02:32.914+0000][7][safepoint    ] Safepoint "Cleanup", Time since last: 1001964959 ns, Reaching safepoint: 177503 ns, At safepoint: 7454 ns, Total: 184957 ns
[2021-11-03T06:02:33.918+0000][7][safepoint    ] Safepoint "Cleanup", Time since last: 1003458843 ns, Reaching safepoint: 204194 ns, At safepoint: 8998 ns, Total: 213192 ns
[2021-11-03T06:02:34.920+0000][7][safepoint    ] Safepoint "Cleanup", Time since last: 1002093765 ns, Reaching safepoint: 137231 ns, At safepoint: 4044 ns, Total: 141275 ns
[2021-11-03T06:02:35.922+0000][7][safepoint    ] Safepoint "Cleanup", Time since last: 1001798754 ns, Reaching safepoint: 125331 ns, At safepoint: 3539 ns, Total: 128870 ns
[2021-11-03T06:02:36.924+0000][7][safepoint    ] Safepoint "Cleanup", Time since last: 1001631808 ns, Reaching safepoint: 223539 ns, At safepoint: 5784 ns, Total: 229323 ns
[2021-11-03T06:02:37.929+0000][7][safepoint    ] Safepoint "Cleanup", Time since last: 1004653256 ns, Reaching safepoint: 111399 ns, At safepoint: 2867 ns, Total: 114266 ns
[2021-11-03T06:02:38.931+0000][7][safepoint    ] Safepoint "Cleanup", Time since last: 1002230101 ns, Reaching safepoint: 187135 ns, At safepoint: 5390 ns, Total: 192525 ns
[2021-11-03T06:02:39.936+0000][7][safepoint    ] Safepoint "Cleanup", Time since last: 1004487109 ns, Reaching safepoint: 369512 ns, At safepoint: 4273 ns, Total: 373785 ns
[2021-11-03T06:02:40.939+0000][7][safepoint    ] Safepoint "Cleanup", Time since last: 1002375960 ns, Reaching safepoint: 218637 ns, At safepoint: 7605 ns, Total: 226242 ns
[2021-11-03T06:02:41.941+0000][7][safepoint    ] Safepoint "Cleanup", Time since last: 1002165938 ns, Reaching safepoint: 347188 ns, At safepoint: 7471 ns, Total: 354659 ns
[2021-11-03T06:02:42.944+0000][7][safepoint    ] Safepoint "Cleanup", Time since last: 1002230887 ns, Reaching safepoint: 111152 ns, At safepoint: 2782 ns, Total: 113934 ns
[2021-11-03T06:02:43.945+0000][7][safepoint    ] Safepoint "Cleanup", Time since last: 1001499918 ns, Reaching safepoint: 170687 ns, At safepoint: 6030 ns, Total: 176717 ns
[2021-11-03T06:02:44.948+0000][7][safepoint    ] Safepoint "Cleanup", Time since last: 1002345854 ns, Reaching safepoint: 183789 ns, At safepoint: 6598 ns, Total: 190387 ns
[2021-11-03T06:02:45.950+0000][7][safepoint    ] Safepoint "Cleanup", Time since last: 1002387941 ns, Reaching safepoint: 115257 ns, At safepoint: 3833 ns, Total: 119090 ns
[2021-11-03T06:02:46.953+0000][7][safepoint    ] Safepoint "Cleanup", Time since last: 1002210039 ns, Reaching safepoint: 319433 ns, At safepoint: 9173 ns, Total: 328606 ns
[2021-11-03T06:02:47.960+0000][7][safepoint    ] Safepoint "Cleanup", Time since last: 1007220508 ns, Reaching safepoint: 282531 ns, At safepoint: 23304 ns, Total: 305835 ns
[2021-11-03T06:02:48.963+0000][7][safepoint    ] Safepoint "Cleanup", Time since last: 1002279330 ns, Reaching safepoint: 179953 ns, At safepoint: 5830 ns, Total: 185783 ns
[2021-11-03T06:02:49.966+0000][7][safepoint    ] Safepoint "Cleanup", Time since last: 1002670960 ns, Reaching safepoint: 172134 ns, At safepoint: 6237 ns, Total: 178371 ns
[2021-11-03T06:02:50.968+0000][7][safepoint    ] Safepoint "Cleanup", Time since last: 1001781626 ns, Reaching safepoint: 180933 ns, At safepoint: 5801 ns, Total: 186734 ns
[2021-11-03T06:02:51.969+0000][7][safepoint    ] Safepoint "Cleanup", Time since last: 1001466348 ns, Reaching safepoint: 244445 ns, At safepoint: 7038 ns, Total: 251483 ns
[2021-11-03T06:02:52.972+0000][7][safepoint    ] Safepoint "Cleanup", Time since last: 1002492690 ns, Reaching safepoint: 175141 ns, At safepoint: 3706 ns, Total: 178847 ns
[2021-11-03T06:02:53.975+0000][7][safepoint    ] Safepoint "Cleanup", Time since last: 1003202790 ns, Reaching safepoint: 270213 ns, At safepoint: 6118 ns, Total: 276331 ns
[2021-11-03T06:02:54.978+0000][7][safepoint    ] Safepoint "Cleanup", Time since last: 1001986194 ns, Reaching safepoint: 138183 ns, At safepoint: 4313 ns, Total: 142496 ns
[2021-11-03T06:02:55.980+0000][7][safepoint    ] Safepoint "Cleanup", Time since last: 1001823115 ns, Reaching safepoint: 246170 ns, At safepoint: 4179 ns, Total: 250349 ns
[2021-11-03T06:02:56.981+0000][7][safepoint    ] Safepoint "Cleanup", Time since last: 1001484424 ns, Reaching safepoint: 98422 ns, At safepoint: 2601 ns, Total: 101023 ns
[2021-11-03T06:02:57.984+0000][7][safepoint    ] Safepoint "Cleanup", Time since last: 1002363744 ns, Reaching safepoint: 136194 ns, At safepoint: 4777 ns, Total: 140971 ns
[2021-11-03T06:02:58.991+0000][7][safepoint    ] Safepoint "Cleanup", Time since last: 1006570514 ns, Reaching safepoint: 180562 ns, At safepoint: 8400 ns, Total: 188962 ns
[2021-11-03T06:02:59.994+0000][7][safepoint    ] Safepoint "Cleanup", Time since last: 1003094144 ns, Reaching safepoint: 175596 ns, At safepoint: 6932 ns, Total: 182528 ns
[2021-11-03T06:03:00.997+0000][7][safepoint    ] Safepoint "Cleanup", Time since last: 1002845976 ns, Reaching safepoint: 172055 ns, At safepoint: 6108 ns, Total: 178163 ns
[2021-11-03T06:03:01.980+0000][7][safepoint    ] Safepoint "Cleanup", Time since last: 1004522697 ns, Reaching safepoint: 174728 ns, At safepoint: 5008 ns, Total: 179736 ns
[2021-11-03T06:03:02.982+0000][7][safepoint    ] Safepoint "Cleanup", Time since last: 1001898186 ns, Reaching safepoint: 176901 ns, At safepoint: 5831 ns, Total: 182732 ns
[2021-11-03T06:03:03.985+0000][7][safepoint    ] Safepoint "Cleanup", Time since last: 1002588557 ns, Reaching safepoint: 203528 ns, At safepoint: 6707 ns, Total: 210235 ns
[2021-11-03T06:03:04.990+0000][7][safepoint    ] Safepoint "Cleanup", Time since last: 1004317697 ns, Reaching safepoint: 480797 ns, At safepoint: 21772 ns, Total: 502569 ns
[2021-11-03T06:03:05.993+0000][7][safepoint    ] Safepoint "Cleanup", Time since last: 1002667263 ns, Reaching safepoint: 468359 ns, At safepoint: 6254 ns, Total: 474613 ns
[2021-11-03T06:03:06.996+0000][7][safepoint    ] Safepoint "Cleanup", Time since last: 1002453484 ns, Reaching safepoint: 219355 ns, At safepoint: 4683 ns, Total: 224038 ns
[2021-11-03T06:03:07.998+0000][7][safepoint    ] Safepoint "Cleanup", Time since last: 1001916092 ns, Reaching safepoint: 210109 ns, At safepoint: 7767 ns, Total: 217876 ns
[2021-11-03T06:03:08.999+0000][7][safepoint    ] Safepoint "Cleanup", Time since last: 1001152276 ns, Reaching safepoint: 243102 ns, At safepoint: 7846 ns, Total: 250948 ns
[2021-11-03T06:03:10.001+0000][7][safepoint    ] Safepoint "Cleanup", Time since last: 1001076971 ns, Reaching safepoint: 134841 ns, At safepoint: 2739 ns, Total: 137580 ns
[2021-11-03T06:03:11.002+0000][7][safepoint    ] Safepoint "Cleanup", Time since last: 1001666543 ns, Reaching safepoint: 152234 ns, At safepoint: 3083 ns, Total: 155317 ns
[2021-11-03T06:03:12.004+0000][7][safepoint    ] Safepoint "Cleanup", Time since last: 1001323606 ns, Reaching safepoint: 164095 ns, At safepoint: 5139 ns, Total: 169234 ns
[2021-11-03T06:03:13.005+0000][7][safepoint    ] Safepoint "Cleanup", Time since last: 1001362118 ns, Reaching safepoint: 92958 ns, At safepoint: 2749 ns, Total: 95707 ns
[2021-11-03T06:03:14.007+0000][7][safepoint    ] Safepoint "Cleanup", Time since last: 1001156295 ns, Reaching safepoint: 91980 ns, At safepoint: 2799 ns, Total: 94779 ns
[2021-11-03T06:03:15.008+0000][7][safepoint    ] Safepoint "Cleanup", Time since last: 1001027823 ns, Reaching safepoint: 142512 ns, At safepoint: 2926 ns, Total: 145438 ns
[2021-11-03T06:03:16.009+0000][7][safepoint    ] Safepoint "Cleanup", Time since last: 1000838584 ns, Reaching safepoint: 187580 ns, At safepoint: 6804 ns, Total: 194384 ns
[2021-11-03T06:03:17.010+0000][7][safepoint    ] Safepoint "Cleanup", Time since last: 1001038070 ns, Reaching safepoint: 131987 ns, At safepoint: 3654 ns, Total: 135641 ns
[2021-11-03T06:03:18.011+0000][7][safepoint    ] Safepoint "Cleanup", Time since last: 1001137799 ns, Reaching safepoint: 185643 ns, At safepoint: 4190 ns, Total: 189833 ns
[2021-11-03T06:03:19.013+0000][7][safepoint    ] Safepoint "Cleanup", Time since last: 1001541844 ns, Reaching safepoint: 95234 ns, At safepoint: 2542 ns, Total: 97776 ns
[2021-11-03T06:03:20.014+0000][7][safepoint    ] Safepoint "Cleanup", Time since last: 1000992392 ns, Reaching safepoint: 87057 ns, At safepoint: 2628 ns, Total: 89685 ns
[2021-11-03T06:03:21.015+0000][7][safepoint    ] Safepoint "Cleanup", Time since last: 1001058200 ns, Reaching safepoint: 101993 ns, At safepoint: 2965 ns, Total: 104958 ns
[2021-11-03T06:03:22.016+0000][7][safepoint    ] Safepoint "Cleanup", Time since last: 1000874009 ns, Reaching safepoint: 85421 ns, At safepoint: 2414 ns, Total: 87835 ns
[2021-11-03T06:03:23.017+0000][7][safepoint    ] Safepoint "Cleanup", Time since last: 1001024413 ns, Reaching safepoint: 81824 ns, At safepoint: 2013 ns, Total: 83837 ns
[2021-11-03T06:03:24.019+0000][7][safepoint    ] Safepoint "Cleanup", Time since last: 1001601118 ns, Reaching safepoint: 88187 ns, At safepoint: 2561 ns, Total: 90748 ns
[2021-11-03T06:03:25.020+0000][7][safepoint    ] Safepoint "Cleanup", Time since last: 1000917932 ns, Reaching safepoint: 99894 ns, At safepoint: 2969 ns, Total: 102863 ns
[2021-11-03T06:03:26.021+0000][7][safepoint    ] Safepoint "Cleanup", Time since last: 1001245648 ns, Reaching safepoint: 103288 ns, At safepoint: 3157 ns, Total: 106445 ns
[2021-11-03T06:03:27.023+0000][7][safepoint    ] Safepoint "Cleanup", Time since last: 1002009225 ns, Reaching safepoint: 82644 ns, At safepoint: 10430 ns, Total: 93074 ns
[2021-11-03T06:03:28.024+0000][7][safepoint    ] Safepoint "Cleanup", Time since last: 1000912640 ns, Reaching safepoint: 110184 ns, At safepoint: 3682 ns, Total: 113866 ns
[2021-11-03T06:03:29.026+0000][7][safepoint    ] Safepoint "Cleanup", Time since last: 1001367135 ns, Reaching safepoint: 84964 ns, At safepoint: 2212 ns, Total: 87176 ns
[2021-11-03T06:03:30.028+0000][7][safepoint    ] Safepoint "Cleanup", Time since last: 1001733331 ns, Reaching safepoint: 245946 ns, At safepoint: 4082 ns, Total: 250028 ns
[2021-11-03T06:03:31.029+0000][7][safepoint    ] Safepoint "Cleanup", Time since last: 1001079964 ns, Reaching safepoint: 119235 ns, At safepoint: 3054 ns, Total: 122289 ns
[2021-11-03T06:03:32.010+0000][7][safepoint    ] Safepoint "Cleanup", Time since last: 1001900279 ns, Reaching safepoint: 121513 ns, At safepoint: 3727 ns, Total: 125240 ns
[2021-11-03T06:03:33.011+0000][7][safepoint    ] Safepoint "Cleanup", Time since last: 1001117735 ns, Reaching safepoint: 187166 ns, At safepoint: 4113 ns, Total: 191279 ns
[2021-11-03T06:03:34.013+0000][7][safepoint    ] Safepoint "Cleanup", Time since last: 1001193023 ns, Reaching safepoint: 272382 ns, At safepoint: 5929 ns, Total: 278311 ns
[2021-11-03T06:03:35.014+0000][7][safepoint    ] Safepoint "Cleanup", Time since last: 1000824191 ns, Reaching safepoint: 115948 ns, At safepoint: 2603 ns, Total: 118551 ns
[2021-11-03T06:03:36.015+0000][7][safepoint    ] Safepoint "Cleanup", Time since last: 1000832158 ns, Reaching safepoint: 211435 ns, At safepoint: 3967 ns, Total: 215402 ns
[2021-11-03T06:03:37.016+0000][7][safepoint    ] Safepoint "Cleanup", Time since last: 1001093709 ns, Reaching safepoint: 149474 ns, At safepoint: 5416 ns, Total: 154890 ns
[2021-11-03T06:03:38.018+0000][7][safepoint    ] Safepoint "Cleanup", Time since last: 1001709200 ns, Reaching safepoint: 179477 ns, At safepoint: 7431 ns, Total: 186908 ns
[2021-11-03T06:03:39.020+0000][7][safepoint    ] Safepoint "Cleanup", Time since last: 1002310352 ns, Reaching safepoint: 251001 ns, At safepoint: 7006 ns, Total: 258007 ns
[2021-11-03T06:03:40.023+0000][7][safepoint    ] Safepoint "Cleanup", Time since last: 1002467934 ns, Reaching safepoint: 171278 ns, At safepoint: 7027 ns, Total: 178305 ns
[2021-11-03T06:03:41.025+0000][7][safepoint    ] Safepoint "Cleanup", Time since last: 1001981689 ns, Reaching safepoint: 118900 ns, At safepoint: 5559 ns, Total: 124459 ns
[2021-11-03T06:03:42.028+0000][7][safepoint    ] Safepoint "Cleanup", Time since last: 1002896496 ns, Reaching safepoint: 293419 ns, At safepoint: 6952 ns, Total: 300371 ns
[2021-11-03T06:03:43.031+0000][7][safepoint    ] Safepoint "Cleanup", Time since last: 1002406003 ns, Reaching safepoint: 240954 ns, At safepoint: 6730 ns, Total: 247684 ns
[2021-11-03T06:03:44.034+0000][7][safepoint    ] Safepoint "Cleanup", Time since last: 1002922623 ns, Reaching safepoint: 229140 ns, At safepoint: 7048 ns, Total: 236188 ns
[2021-11-03T06:03:45.036+0000][7][safepoint    ] Safepoint "Cleanup", Time since last: 1002109027 ns, Reaching safepoint: 223061 ns, At safepoint: 5274 ns, Total: 228335 ns
[2021-11-03T06:03:46.039+0000][7][safepoint    ] Safepoint "Cleanup", Time since last: 1002537674 ns, Reaching safepoint: 247555 ns, At safepoint: 6919 ns, Total: 254474 ns
[2021-11-03T06:03:47.043+0000][7][safepoint    ] Safepoint "Cleanup", Time since last: 1003298476 ns, Reaching safepoint: 249018 ns, At safepoint: 9116 ns, Total: 258134 ns
[2021-11-03T06:03:48.047+0000][7][safepoint    ] Safepoint "Cleanup", Time since last: 1003748380 ns, Reaching safepoint: 179255 ns, At safepoint: 7130 ns, Total: 186385 ns
[2021-11-03T06:03:49.049+0000][7][safepoint    ] Safepoint "Cleanup", Time since last: 1002503856 ns, Reaching safepoint: 121086 ns, At safepoint: 4795 ns, Total: 125881 ns
[2021-11-03T06:03:50.052+0000][7][safepoint    ] Safepoint "Cleanup", Time since last: 1002367410 ns, Reaching safepoint: 129032 ns, At safepoint: 3993 ns, Total: 133025 ns
[2021-11-03T06:03:51.054+0000][7][safepoint    ] Safepoint "Cleanup", Time since last: 1002056986 ns, Reaching safepoint: 178511 ns, At safepoint: 5034 ns, Total: 183545 ns
[2021-11-03T06:03:52.057+0000][7][safepoint    ] Safepoint "Cleanup", Time since last: 1002681450 ns, Reaching safepoint: 577182 ns, At safepoint: 20147 ns, Total: 597329 ns
[2021-11-03T06:03:53.061+0000][7][safepoint    ] Safepoint "Cleanup", Time since last: 1003729357 ns, Reaching safepoint: 174502 ns, At safepoint: 6536 ns, Total: 181038 ns
[2021-11-03T06:03:54.067+0000][7][safepoint    ] Safepoint "Cleanup", Time since last: 1005259963 ns, Reaching safepoint: 253213 ns, At safepoint: 6992 ns, Total: 260205 ns
[2021-11-03T06:03:55.069+0000][7][safepoint    ] Safepoint "Cleanup", Time since last: 1002003956 ns, Reaching safepoint: 172400 ns, At safepoint: 6860 ns, Total: 179260 ns
[2021-11-03T06:03:56.072+0000][7][safepoint    ] Safepoint "Cleanup", Time since last: 1002411319 ns, Reaching safepoint: 340327 ns, At safepoint: 6697 ns, Total: 347024 ns
[2021-11-03T06:03:57.076+0000][7][safepoint    ] Safepoint "Cleanup", Time since last: 1004121915 ns, Reaching safepoint: 328294 ns, At safepoint: 7904 ns, Total: 336198 ns
[2021-11-03T06:03:58.079+0000][7][safepoint    ] Safepoint "Cleanup", Time since last: 1002302919 ns, Reaching safepoint: 248948 ns, At safepoint: 6829 ns, Total: 255777 ns
[2021-11-03T06:03:59.083+0000][7][safepoint    ] Safepoint "Cleanup", Time since last: 1003907229 ns, Reaching safepoint: 567808 ns, At safepoint: 82649 ns, Total: 650457 ns
[2021-11-03T06:04:00.089+0000][7][safepoint    ] Safepoint "Cleanup", Time since last: 1005811066 ns, Reaching safepoint: 250462 ns, At safepoint: 7362 ns, Total: 257824 ns
[2021-11-03T06:04:01.093+0000][7][safepoint    ] Safepoint "Cleanup", Time since last: 1003762629 ns, Reaching safepoint: 243796 ns, At safepoint: 6816 ns, Total: 250612 ns
[2021-11-03T06:04:02.077+0000][7][safepoint    ] Safepoint "Cleanup", Time since last: 1004844400 ns, Reaching safepoint: 93918 ns, At safepoint: 3085 ns, Total: 97003 ns
[2021-11-03T06:04:03.081+0000][7][safepoint    ] Safepoint "Cleanup", Time since last: 1003562713 ns, Reaching safepoint: 177203 ns, At safepoint: 6529 ns, Total: 183732 ns
[2021-11-03T06:04:04.086+0000][7][safepoint    ] Safepoint "Cleanup", Time since last: 1004700728 ns, Reaching safepoint: 177674 ns, At safepoint: 7021 ns, Total: 184695 ns
[2021-11-03T06:04:05.091+0000][7][safepoint    ] Safepoint "Cleanup", Time since last: 1004929966 ns, Reaching safepoint: 134515 ns, At safepoint: 4519 ns, Total: 139034 ns
[2021-11-03T06:04:06.095+0000][7][safepoint    ] Safepoint "Cleanup", Time since last: 1003579321 ns, Reaching safepoint: 251372 ns, At safepoint: 7332 ns, Total: 258704 ns
[2021-11-03T06:04:07.097+0000][7][safepoint    ] Safepoint "Cleanup", Time since last: 1002252855 ns, Reaching safepoint: 130157 ns, At safepoint: 5055 ns, Total: 135212 ns
[2021-11-03T06:04:08.099+0000][7][safepoint    ] Safepoint "Cleanup", Time since last: 1001734471 ns, Reaching safepoint: 100650 ns, At safepoint: 2798 ns, Total: 103448 ns
[2021-11-03T06:04:09.100+0000][7][safepoint    ] Safepoint "Cleanup", Time since last: 1001418989 ns, Reaching safepoint: 140963 ns, At safepoint: 4411 ns, Total: 145374 ns
[2021-11-03T06:04:10.103+0000][7][safepoint    ] Safepoint "Cleanup", Time since last: 1001853062 ns, Reaching safepoint: 432790 ns, At safepoint: 14338 ns, Total: 447128 ns
[2021-11-03T06:04:11.107+0000][7][safepoint    ] Safepoint "Cleanup", Time since last: 1002460862 ns, Reaching safepoint: 1534790 ns, At safepoint: 6703 ns, Total: 1541493 ns
[2021-11-03T06:04:12.115+0000][7][safepoint    ] Safepoint "Cleanup", Time since last: 1008188425 ns, Reaching safepoint: 463440 ns, At safepoint: 9903 ns, Total: 473343 ns
[2021-11-03T06:04:13.120+0000][7][safepoint    ] Safepoint "Cleanup", Time since last: 1004628777 ns, Reaching safepoint: 169411 ns, At safepoint: 3146 ns, Total: 172557 ns
[2021-11-03T06:04:14.121+0000][7][safepoint    ] Safepoint "Cleanup", Time since last: 1000899745 ns, Reaching safepoint: 255975 ns, At safepoint: 17859 ns, Total: 273834 ns
[2021-11-03T06:04:15.123+0000][7][safepoint    ] Safepoint "Cleanup", Time since last: 1001208595 ns, Reaching safepoint: 327681 ns, At safepoint: 8744 ns, Total: 336425 ns
[2021-11-03T06:04:16.128+0000][7][safepoint    ] Safepoint "Cleanup", Time since last: 1005217567 ns, Reaching safepoint: 347564 ns, At safepoint: 7141 ns, Total: 354705 ns
[2021-11-03T06:04:17.131+0000][7][safepoint    ] Safepoint "Cleanup", Time since last: 1002414052 ns, Reaching safepoint: 442992 ns, At safepoint: 11160 ns, Total: 454152 ns
[2021-11-03T06:04:18.136+0000][7][safepoint    ] Safepoint "Cleanup", Time since last: 1004265647 ns, Reaching safepoint: 466216 ns, At safepoint: 19498 ns, Total: 485714 ns
[2021-11-03T06:04:19.139+0000][7][safepoint    ] Safepoint "Cleanup", Time since last: 1002392154 ns, Reaching safepoint: 377752 ns, At safepoint: 7071 ns, Total: 384823 ns
[2021-11-03T06:04:20.145+0000][7][safepoint    ] Safepoint "Cleanup", Time since last: 1005652382 ns, Reaching safepoint: 629492 ns, At safepoint: 21367 ns, Total: 650859 ns
[2021-11-03T06:04:21.148+0000][7][safepoint    ] Safepoint "Cleanup", Time since last: 1002500264 ns, Reaching safepoint: 186990 ns, At safepoint: 6894 ns, Total: 193884 ns
[2021-11-03T06:04:22.150+0000][7][safepoint    ] Safepoint "Cleanup", Time since last: 1002067436 ns, Reaching safepoint: 184479 ns, At safepoint: 7435 ns, Total: 191914 ns
[2021-11-03T06:04:23.153+0000][7][safepoint    ] Safepoint "Cleanup", Time since last: 1003032561 ns, Reaching safepoint: 287665 ns, At safepoint: 7035 ns, Total: 294700 ns
[2021-11-03T06:04:24.156+0000][7][safepoint    ] Safepoint "Cleanup", Time since last: 1002231201 ns, Reaching safepoint: 178820 ns, At safepoint: 6686 ns, Total: 185506 ns
[2021-11-03T06:04:25.159+0000][7][safepoint    ] Safepoint "Cleanup", Time since last: 1002545414 ns, Reaching safepoint: 393122 ns, At safepoint: 9192 ns, Total: 402314 ns
[2021-11-03T06:04:26.163+0000][7][safepoint    ] Safepoint "Cleanup", Time since last: 1004274280 ns, Reaching safepoint: 357109 ns, At safepoint: 7352 ns, Total: 364461 ns
[2021-11-03T06:04:27.166+0000][7][safepoint    ] Safepoint "Cleanup", Time since last: 1001998604 ns, Reaching safepoint: 365616 ns, At safepoint: 9612 ns, Total: 375228 ns
[2021-11-03T06:04:28.170+0000][7][safepoint    ] Safepoint "Cleanup", Time since last: 1004263602 ns, Reaching safepoint: 385006 ns, At safepoint: 8854 ns, Total: 393860 ns
[2021-11-03T06:04:29.174+0000][7][safepoint    ] Safepoint "Cleanup", Time since last: 1003576803 ns, Reaching safepoint: 435960 ns, At safepoint: 5679 ns, Total: 441639 ns
[2021-11-03T06:04:30.176+0000][7][safepoint    ] Safepoint "Cleanup", Time since last: 1001536800 ns, Reaching safepoint: 217375 ns, At safepoint: 7744 ns, Total: 225119 ns
[2021-11-03T06:04:31.178+0000][7][safepoint    ] Safepoint "Cleanup", Time since last: 1001118328 ns, Reaching safepoint: 427594 ns, At safepoint: 10919 ns, Total: 438513 ns
[2021-11-03T06:04:32.160+0000][7][safepoint    ] Safepoint "Cleanup", Time since last: 1001876696 ns, Reaching safepoint: 426780 ns, At safepoint: 12519 ns, Total: 439299 ns
[2021-11-03T06:04:33.166+0000][7][safepoint    ] Safepoint "Cleanup", Time since last: 1006299719 ns, Reaching safepoint: 309638 ns, At safepoint: 8029 ns, Total: 317667 ns
[2021-11-03T06:04:34.169+0000][7][safepoint    ] Safepoint "Cleanup", Time since last: 1002468069 ns, Reaching safepoint: 167476 ns, At safepoint: 4342 ns, Total: 171818 ns
[2021-11-03T06:04:35.171+0000][7][safepoint    ] Safepoint "Cleanup", Time since last: 1002030735 ns, Reaching safepoint: 93699 ns, At safepoint: 2751 ns, Total: 96450 ns
[2021-11-03T06:04:36.174+0000][7][safepoint    ] Safepoint "Cleanup", Time since last: 1002617826 ns, Reaching safepoint: 276833 ns, At safepoint: 7930 ns, Total: 284763 ns
[2021-11-03T06:04:37.179+0000][7][safepoint    ] Safepoint "Cleanup", Time since last: 1005148137 ns, Reaching safepoint: 94340 ns, At safepoint: 2932 ns, Total: 97272 ns
[2021-11-03T06:04:38.182+0000][7][safepoint    ] Safepoint "Cleanup", Time since last: 1002123284 ns, Reaching safepoint: 251645 ns, At safepoint: 4991 ns, Total: 256636 ns
[2021-11-03T06:04:39.186+0000][7][safepoint    ] Safepoint "Cleanup", Time since last: 1003010441 ns, Reaching safepoint: 838368 ns, At safepoint: 26731 ns, Total: 865099 ns
[2021-11-03T06:04:40.189+0000][7][safepoint    ] Safepoint "Cleanup", Time since last: 1003715199 ns, Reaching safepoint: 223078 ns, At safepoint: 4201 ns, Total: 227279 ns
[2021-11-03T06:04:41.194+0000][7][safepoint    ] Safepoint "Cleanup", Time since last: 1004793652 ns, Reaching safepoint: 163627 ns, At safepoint: 5001 ns, Total: 168628 ns
[2021-11-03T06:04:42.201+0000][7][safepoint    ] Safepoint "Cleanup", Time since last: 1006494631 ns, Reaching safepoint: 173348 ns, At safepoint: 6360 ns, Total: 179708 ns
[2021-11-03T06:04:43.205+0000][7][safepoint    ] Safepoint "Cleanup", Time since last: 1003375011 ns, Reaching safepoint: 167164 ns, At safepoint: 4655 ns, Total: 171819 ns
[2021-11-03T06:04:44.208+0000][7][safepoint    ] Safepoint "Cleanup", Time since last: 1003266877 ns, Reaching safepoint: 172183 ns, At safepoint: 5225 ns, Total: 177408 ns
[2021-11-03T06:04:45.213+0000][7][safepoint    ] Safepoint "Cleanup", Time since last: 1004524462 ns, Reaching safepoint: 172165 ns, At safepoint: 5322 ns, Total: 177487 ns
[2021-11-03T06:04:46.216+0000][7][safepoint    ] Safepoint "Cleanup", Time since last: 1003139953 ns, Reaching safepoint: 129360 ns, At safepoint: 4774 ns, Total: 134134 ns
[2021-11-03T06:04:47.223+0000][7][safepoint    ] Safepoint "Cleanup", Time since last: 1006285470 ns, Reaching safepoint: 175003 ns, At safepoint: 5592 ns, Total: 180595 ns
[2021-11-03T06:04:48.226+0000][7][safepoint    ] Safepoint "Cleanup", Time since last: 1002819127 ns, Reaching safepoint: 198480 ns, At safepoint: 11657 ns, Total: 210137 ns
[2021-11-03T06:04:49.229+0000][7][safepoint    ] Safepoint "Cleanup", Time since last: 1003082990 ns, Reaching safepoint: 385296 ns, At safepoint: 6912 ns, Total: 392208 ns
[2021-11-03T06:04:50.232+0000][7][safepoint    ] Safepoint "Cleanup", Time since last: 1002943465 ns, Reaching safepoint: 250495 ns, At safepoint: 6246 ns, Total: 256741 ns
[2021-11-03T06:04:51.238+0000][7][safepoint    ] Safepoint "Cleanup", Time since last: 1005994358 ns, Reaching safepoint: 93814 ns, At safepoint: 3142 ns, Total: 96956 ns
[2021-11-03T06:04:52.240+0000][7][safepoint    ] Safepoint "Cleanup", Time since last: 1002058962 ns, Reaching safepoint: 87964 ns, At safepoint: 2665 ns, Total: 90629 ns
[2021-11-03T06:04:53.242+0000][7][safepoint    ] Safepoint "Cleanup", Time since last: 1001290523 ns, Reaching safepoint: 262240 ns, At safepoint: 5373 ns, Total: 267613 ns
[2021-11-03T06:04:54.246+0000][7][safepoint    ] Safepoint "Cleanup", Time since last: 1004051570 ns, Reaching safepoint: 179618 ns, At safepoint: 5800 ns, Total: 185418 ns
[2021-11-03T06:04:55.250+0000][7][safepoint    ] Safepoint "Cleanup", Time since last: 1003803202 ns, Reaching safepoint: 85837 ns, At safepoint: 2564 ns, Total: 88401 ns
[2021-11-03T06:04:56.255+0000][7][safepoint    ] Safepoint "Cleanup", Time since last: 1004171111 ns, Reaching safepoint: 177338 ns, At safepoint: 6167 ns, Total: 183505 ns
[2021-11-03T06:04:57.257+0000][7][safepoint    ] Safepoint "Cleanup", Time since last: 1002630712 ns, Reaching safepoint: 164715 ns, At safepoint: 4342 ns, Total: 169057 ns
[2021-11-03T06:04:58.259+0000][7][safepoint    ] Safepoint "Cleanup", Time since last: 1001527006 ns, Reaching safepoint: 401650 ns, At safepoint: 9306 ns, Total: 410956 ns
[2021-11-03T06:04:59.262+0000][7][safepoint    ] Safepoint "Cleanup", Time since last: 1002401283 ns, Reaching safepoint: 405672 ns, At safepoint: 6973 ns, Total: 412645 ns
[2021-11-03T06:05:00.265+0000][7][safepoint    ] Safepoint "Cleanup", Time since last: 1003072019 ns, Reaching safepoint: 218453 ns, At safepoint: 5546 ns, Total: 223999 ns
[2021-11-03T06:05:01.267+0000][7][safepoint    ] Safepoint "Cleanup", Time since last: 1001767339 ns, Reaching safepoint: 129293 ns, At safepoint: 3991 ns, Total: 133284 ns
[2021-11-03T06:05:02.247+0000][7][safepoint    ] Safepoint "Cleanup", Time since last: 1001672380 ns, Reaching safepoint: 157766 ns, At safepoint: 6331 ns, Total: 164097 ns
[2021-11-03T06:05:03.249+0000][7][safepoint    ] Safepoint "Cleanup", Time since last: 1001781318 ns, Reaching safepoint: 325963 ns, At safepoint: 9011 ns, Total: 334974 ns
[2021-11-03T06:05:04.252+0000][7][safepoint    ] Safepoint "Cleanup", Time since last: 1002397914 ns, Reaching safepoint: 289595 ns, At safepoint: 7150 ns, Total: 296745 ns
[2021-11-03T06:05:05.254+0000][7][safepoint    ] Safepoint "Cleanup", Time since last: 1001953037 ns, Reaching safepoint: 122799 ns, At safepoint: 4778 ns, Total: 127577 ns
[2021-11-03T06:05:06.256+0000][7][safepoint    ] Safepoint "Cleanup", Time since last: 1001422718 ns, Reaching safepoint: 536523 ns, At safepoint: 11636 ns, Total: 548159 ns
[2021-11-03T06:05:07.264+0000][7][safepoint    ] Safepoint "Cleanup", Time since last: 1007642590 ns, Reaching safepoint: 427761 ns, At safepoint: 12097 ns, Total: 439858 ns
[2021-11-03T06:05:08.266+0000][7][safepoint    ] Safepoint "Cleanup", Time since last: 1002229467 ns, Reaching safepoint: 253263 ns, At safepoint: 6891 ns, Total: 260154 ns
[2021-11-03T06:05:09.270+0000][7][safepoint    ] Safepoint "Cleanup", Time since last: 1003731771 ns, Reaching safepoint: 249839 ns, At safepoint: 7558 ns, Total: 257397 ns
[2021-11-03T06:05:10.274+0000][7][safepoint    ] Safepoint "Cleanup", Time since last: 1003443898 ns, Reaching safepoint: 414911 ns, At safepoint: 9967 ns, Total: 424878 ns
[2021-11-03T06:05:11.277+0000][7][safepoint    ] Safepoint "Cleanup", Time since last: 1002661642 ns, Reaching safepoint: 253938 ns, At safepoint: 11053 ns, Total: 264991 ns
[2021-11-03T06:05:12.279+0000][7][safepoint    ] Safepoint "Cleanup", Time since last: 1001491015 ns, Reaching safepoint: 151679 ns, At safepoint: 4410 ns, Total: 156089 ns
[2021-11-03T06:05:13.281+0000][7][safepoint    ] Safepoint "Cleanup", Time since last: 1001595874 ns, Reaching safepoint: 413820 ns, At safepoint: 14918 ns, Total: 428738 ns
[2021-11-03T06:05:14.284+0000][7][safepoint    ] Safepoint "Cleanup", Time since last: 1002734502 ns, Reaching safepoint: 420743 ns, At safepoint: 9927 ns, Total: 430670 ns
[2021-11-03T06:05:15.286+0000][7][safepoint    ] Safepoint "Cleanup", Time since last: 1001530274 ns, Reaching safepoint: 116940 ns, At safepoint: 3028 ns, Total: 119968 ns
[2021-11-03T06:05:16.287+0000][7][safepoint    ] Safepoint "Cleanup", Time since last: 1000971027 ns, Reaching safepoint: 105317 ns, At safepoint: 2653 ns, Total: 107970 ns
[2021-11-03T06:05:17.290+0000][7][safepoint    ] Safepoint "Cleanup", Time since last: 1003249464 ns, Reaching safepoint: 250866 ns, At safepoint: 8979 ns, Total: 259845 ns
[2021-11-03T06:05:18.295+0000][7][safepoint    ] Safepoint "Cleanup", Time since last: 1003911562 ns, Reaching safepoint: 910777 ns, At safepoint: 90815 ns, Total: 1001592 ns
[2021-11-03T06:05:19.301+0000][7][safepoint    ] Safepoint "Cleanup", Time since last: 1005772235 ns, Reaching safepoint: 247769 ns, At safepoint: 7665 ns, Total: 255434 ns
[2021-11-03T06:05:20.304+0000][7][safepoint    ] Safepoint "Cleanup", Time since last: 1002280102 ns, Reaching safepoint: 367633 ns, At safepoint: 10956 ns, Total: 378589 ns
[2021-11-03T06:05:21.310+0000][7][safepoint    ] Safepoint "Cleanup", Time since last: 1006269658 ns, Reaching safepoint: 220573 ns, At safepoint: 4647 ns, Total: 225220 ns
[2021-11-03T06:05:22.315+0000][7][safepoint    ] Safepoint "Cleanup", Time since last: 1004247970 ns, Reaching safepoint: 350744 ns, At safepoint: 6890 ns, Total: 357634 ns
[2021-11-03T06:05:23.318+0000][7][safepoint    ] Safepoint "Cleanup", Time since last: 1002360525 ns, Reaching safepoint: 153449 ns, At safepoint: 3711 ns, Total: 157160 ns
[2021-11-03T06:05:24.320+0000][7][safepoint    ] Safepoint "Cleanup", Time since last: 1002423819 ns, Reaching safepoint: 189722 ns, At safepoint: 5859 ns, Total: 195581 ns
[2021-11-03T06:05:25.323+0000][7][safepoint    ] Safepoint "Cleanup", Time since last: 1002586225 ns, Reaching safepoint: 191720 ns, At safepoint: 8645 ns, Total: 200365 ns
[2021-11-03T06:05:26.326+0000][7][safepoint    ] Safepoint "Cleanup", Time since last: 1002932200 ns, Reaching safepoint: 308760 ns, At safepoint: 9171 ns, Total: 317931 ns
[2021-11-03T06:05:27.330+0000][7][safepoint    ] Safepoint "Cleanup", Time since last: 1003473314 ns, Reaching safepoint: 284482 ns, At safepoint: 8166 ns, Total: 292648 ns
[2021-11-03T06:05:28.332+0000][7][safepoint    ] Safepoint "Cleanup", Time since last: 1002253831 ns, Reaching safepoint: 167299 ns, At safepoint: 3344 ns, Total: 170643 ns
[2021-11-03T06:05:29.334+0000][7][safepoint    ] Safepoint "Cleanup", Time since last: 1001591257 ns, Reaching safepoint: 173906 ns, At safepoint: 6711 ns, Total: 180617 ns
[2021-11-03T06:05:30.339+0000][7][safepoint    ] Safepoint "Cleanup", Time since last: 1004794034 ns, Reaching safepoint: 167118 ns, At safepoint: 6420 ns, Total: 173538 ns
[2021-11-03T06:05:31.343+0000][7][safepoint    ] Safepoint "Cleanup", Time since last: 1003631944 ns, Reaching safepoint: 110968 ns, At safepoint: 2723 ns, Total: 113691 ns
[2021-11-03T06:05:32.325+0000][7][safepoint    ] Safepoint "Cleanup", Time since last: 1003199048 ns, Reaching safepoint: 529273 ns, At safepoint: 17286 ns, Total: 546559 ns
[2021-11-03T06:05:33.328+0000][7][safepoint    ] Safepoint "Cleanup", Time since last: 1002327114 ns, Reaching safepoint: 252722 ns, At safepoint: 6719 ns, Total: 259441 ns
[2021-11-03T06:05:34.332+0000][7][safepoint    ] Safepoint "Cleanup", Time since last: 1003494129 ns, Reaching safepoint: 270874 ns, At safepoint: 6739 ns, Total: 277613 ns
[2021-11-03T06:05:35.334+0000][7][safepoint    ] Safepoint "Cleanup", Time since last: 1002387940 ns, Reaching safepoint: 177993 ns, At safepoint: 7458 ns, Total: 185451 ns
[2021-11-03T06:05:36.337+0000][7][safepoint    ] Safepoint "Cleanup", Time since last: 1002773632 ns, Reaching safepoint: 275702 ns, At safepoint: 13850 ns, Total: 289552 ns
[2021-11-03T06:05:37.343+0000][7][safepoint    ] Safepoint "Cleanup", Time since last: 1005410516 ns, Reaching safepoint: 149697 ns, At safepoint: 3626 ns, Total: 153323 ns
[2021-11-03T06:05:38.347+0000][7][safepoint    ] Safepoint "Cleanup", Time since last: 1003264494 ns, Reaching safepoint: 625207 ns, At safepoint: 22238 ns, Total: 647445 ns
[2021-11-03T06:05:39.350+0000][7][safepoint    ] Safepoint "Cleanup", Time since last: 1002878661 ns, Reaching safepoint: 347275 ns, At safepoint: 7635 ns, Total: 354910 ns
[2021-11-03T06:05:40.354+0000][7][safepoint    ] Safepoint "Cleanup", Time since last: 1003463854 ns, Reaching safepoint: 155435 ns, At safepoint: 4178 ns, Total: 159613 ns
[2021-11-03T06:05:41.356+0000][7][safepoint    ] Safepoint "Cleanup", Time since last: 1001586735 ns, Reaching safepoint: 420353 ns, At safepoint: 8506 ns, Total: 428859 ns
[2021-11-03T06:05:42.358+0000][7][safepoint    ] Safepoint "Cleanup", Time since last: 1002361727 ns, Reaching safepoint: 291549 ns, At safepoint: 7141 ns, Total: 298690 ns
[2021-11-03T06:05:43.362+0000][7][safepoint    ] Safepoint "Cleanup", Time since last: 1003025144 ns, Reaching safepoint: 403848 ns, At safepoint: 8685 ns, Total: 412533 ns
[2021-11-03T06:05:44.365+0000][7][safepoint    ] Safepoint "Cleanup", Time since last: 1002792886 ns, Reaching safepoint: 262873 ns, At safepoint: 12404 ns, Total: 275277 ns
[2021-11-03T06:05:45.370+0000][7][safepoint    ] Safepoint "Cleanup", Time since last: 1004812067 ns, Reaching safepoint: 316664 ns, At safepoint: 13203 ns, Total: 329867 ns
[2021-11-03T06:05:46.374+0000][7][safepoint    ] Safepoint "Cleanup", Time since last: 1003168325 ns, Reaching safepoint: 382564 ns, At safepoint: 19142 ns, Total: 401706 ns
[2021-11-03T06:05:47.378+0000][7][safepoint    ] Safepoint "Cleanup", Time since last: 1004066095 ns, Reaching safepoint: 265176 ns, At safepoint: 11040 ns, Total: 276216 ns
[2021-11-03T06:05:48.381+0000][7][safepoint    ] Safepoint "Cleanup", Time since last: 1002376558 ns, Reaching safepoint: 268062 ns, At safepoint: 12699 ns, Total: 280761 ns
[2021-11-03T06:05:49.383+0000][7][safepoint    ] Safepoint "Cleanup", Time since last: 1002400301 ns, Reaching safepoint: 176898 ns, At safepoint: 5778 ns, Total: 182676 ns
[2021-11-03T06:05:50.389+0000][7][safepoint    ] Safepoint "Cleanup", Time since last: 1005297378 ns, Reaching safepoint: 396518 ns, At safepoint: 15605 ns, Total: 412123 ns
[2021-11-03T06:05:51.396+0000][7][safepoint    ] Safepoint "Cleanup", Time since last: 1006464186 ns, Reaching safepoint: 404682 ns, At safepoint: 7571 ns, Total: 412253 ns
[2021-11-03T06:05:52.399+0000][7][safepoint    ] Safepoint "Cleanup", Time since last: 1003308659 ns, Reaching safepoint: 246527 ns, At safepoint: 6790 ns, Total: 253317 ns
[2021-11-03T06:05:53.402+0000][7][safepoint    ] Safepoint "Cleanup", Time since last: 1002297658 ns, Reaching safepoint: 241269 ns, At safepoint: 7124 ns, Total: 248393 ns
[2021-11-03T06:05:54.405+0000][7][safepoint    ] Safepoint "Cleanup", Time since last: 1002662977 ns, Reaching safepoint: 157034 ns, At safepoint: 5568 ns, Total: 162602 ns
[2021-11-03T06:05:55.408+0000][7][safepoint    ] Safepoint "Cleanup", Time since last: 1002658856 ns, Reaching safepoint: 417067 ns, At safepoint: 11519 ns, Total: 428586 ns
[2021-11-03T06:05:56.410+0000][7][safepoint    ] Safepoint "Cleanup", Time since last: 1001335899 ns, Reaching safepoint: 390715 ns, At safepoint: 6705 ns, Total: 397420 ns
[2021-11-03T06:05:57.412+0000][7][safepoint    ] Safepoint "Cleanup", Time since last: 1001885420 ns, Reaching safepoint: 275503 ns, At safepoint: 5081 ns, Total: 280584 ns
[2021-11-03T06:05:58.414+0000][7][safepoint    ] Safepoint "Cleanup", Time since last: 1002008273 ns, Reaching safepoint: 112755 ns, At safepoint: 9407 ns, Total: 122162 ns
[2021-11-03T06:05:59.416+0000][7][safepoint    ] Safepoint "Cleanup", Time since last: 1001902889 ns, Reaching safepoint: 127808 ns, At safepoint: 3354 ns, Total: 131162 ns
[2021-11-03T06:06:00.417+0000][7][safepoint    ] Safepoint "Cleanup", Time since last: 1001093448 ns, Reaching safepoint: 206712 ns, At safepoint: 3970 ns, Total: 210682 ns
[2021-11-03T06:06:01.422+0000][7][safepoint    ] Safepoint "Cleanup", Time since last: 1004836146 ns, Reaching safepoint: 239568 ns, At safepoint: 6917 ns, Total: 246485 ns
[2021-11-03T06:06:02.407+0000][7][safepoint    ] Safepoint "Cleanup", Time since last: 1005688543 ns, Reaching safepoint: 246053 ns, At safepoint: 7401 ns, Total: 253454 ns
[2021-11-03T06:06:03.410+0000][7][safepoint    ] Safepoint "Cleanup", Time since last: 1002099437 ns, Reaching safepoint: 403802 ns, At safepoint: 11759 ns, Total: 415561 ns
[2021-11-03T06:06:04.412+0000][7][safepoint    ] Safepoint "Cleanup", Time since last: 1002138013 ns, Reaching safepoint: 447956 ns, At safepoint: 9058 ns, Total: 457014 ns
[2021-11-03T06:06:05.416+0000][7][safepoint    ] Safepoint "Cleanup", Time since last: 1002914877 ns, Reaching safepoint: 543673 ns, At safepoint: 10834 ns, Total: 554507 ns
[2021-11-03T06:06:06.418+0000][7][safepoint    ] Safepoint "Cleanup", Time since last: 1002161357 ns, Reaching safepoint: 381201 ns, At safepoint: 8919 ns, Total: 390120 ns
[2021-11-03T06:06:07.422+0000][7][safepoint    ] Safepoint "Cleanup", Time since last: 1003335818 ns, Reaching safepoint: 380319 ns, At safepoint: 11322 ns, Total: 391641 ns
[2021-11-03T06:06:08.426+0000][7][safepoint    ] Safepoint "Cleanup", Time since last: 1003800832 ns, Reaching safepoint: 318729 ns, At safepoint: 11907 ns, Total: 330636 ns
[2021-11-03T06:06:09.431+0000][7][safepoint    ] Safepoint "Cleanup", Time since last: 1004915958 ns, Reaching safepoint: 253775 ns, At safepoint: 6869 ns, Total: 260644 ns
[2021-11-03T06:06:10.434+0000][7][safepoint    ] Safepoint "Cleanup", Time since last: 1002294044 ns, Reaching safepoint: 299760 ns, At safepoint: 7166 ns, Total: 306926 ns
[2021-11-03T06:06:11.439+0000][7][safepoint    ] Safepoint "Cleanup", Time since last: 1004567503 ns, Reaching safepoint: 322330 ns, At safepoint: 13336 ns, Total: 335666 ns
[2021-11-03T06:06:12.444+0000][7][safepoint    ] Safepoint "Cleanup", Time since last: 1004717992 ns, Reaching safepoint: 316790 ns, At safepoint: 12145 ns, Total: 328935 ns
[2021-11-03T06:06:13.447+0000][7][safepoint    ] Safepoint "Cleanup", Time since last: 1002505101 ns, Reaching safepoint: 276184 ns, At safepoint: 6611 ns, Total: 282795 ns
[2021-11-03T06:06:14.449+0000][7][safepoint    ] Safepoint "Cleanup", Time since last: 1002105645 ns, Reaching safepoint: 458750 ns, At safepoint: 11716 ns, Total: 470466 ns
[2021-11-03T06:06:15.453+0000][7][safepoint    ] Safepoint "Cleanup", Time since last: 1003147530 ns, Reaching safepoint: 653059 ns, At safepoint: 9106 ns, Total: 662165 ns
[2021-11-03T06:06:16.456+0000][7][safepoint    ] Safepoint "Cleanup", Time since last: 1002684166 ns, Reaching safepoint: 179069 ns, At safepoint: 7889 ns, Total: 186958 ns
[2021-11-03T06:06:17.459+0000][7][safepoint    ] Safepoint "Cleanup", Time since last: 1003090345 ns, Reaching safepoint: 167740 ns, At safepoint: 7541 ns, Total: 175281 ns
[2021-11-03T06:06:18.462+0000][7][safepoint    ] Safepoint "Cleanup", Time since last: 1002376937 ns, Reaching safepoint: 369316 ns, At safepoint: 8952 ns, Total: 378268 ns
[2021-11-03T06:06:19.464+0000][7][safepoint    ] Safepoint "Cleanup", Time since last: 1002345248 ns, Reaching safepoint: 160240 ns, At safepoint: 78560 ns, Total: 238800 ns
[2021-11-03T06:06:20.467+0000][7][safepoint    ] Safepoint "Cleanup", Time since last: 1001839623 ns, Reaching safepoint: 307448 ns, At safepoint: 8048 ns, Total: 315496 ns
[2021-11-03T06:06:21.469+0000][7][safepoint    ] Safepoint "Cleanup", Time since last: 1002051322 ns, Reaching safepoint: 217356 ns, At safepoint: 6663 ns, Total: 224019 ns
[2021-11-03T06:06:22.471+0000][7][safepoint    ] Safepoint "Cleanup", Time since last: 1001874307 ns, Reaching safepoint: 413298 ns, At safepoint: 8743 ns, Total: 422041 ns
[2021-11-03T06:06:23.474+0000][7][safepoint    ] Safepoint "Cleanup", Time since last: 1002850480 ns, Reaching safepoint: 154551 ns, At safepoint: 4831 ns, Total: 159382 ns
[2021-11-03T06:06:24.476+0000][7][safepoint    ] Safepoint "Cleanup", Time since last: 1001503095 ns, Reaching safepoint: 137040 ns, At safepoint: 4677 ns, Total: 141717 ns
[2021-11-03T06:06:25.478+0000][7][safepoint    ] Safepoint "Cleanup", Time since last: 1002156844 ns, Reaching safepoint: 358348 ns, At safepoint: 9501 ns, Total: 367849 ns
[2021-11-03T06:06:26.483+0000][7][safepoint    ] Safepoint "Cleanup", Time since last: 1004638004 ns, Reaching safepoint: 246255 ns, At safepoint: 10286 ns, Total: 256541 ns
[2021-11-03T06:06:27.490+0000][7][safepoint    ] Safepoint "Cleanup", Time since last: 1006123987 ns, Reaching safepoint: 792798 ns, At safepoint: 8609 ns, Total: 801407 ns
[2021-11-03T06:06:28.492+0000][7][safepoint    ] Safepoint "Cleanup", Time since last: 1001020731 ns, Reaching safepoint: 361363 ns, At safepoint: 10861 ns, Total: 372224 ns
[2021-11-03T06:06:29.494+0000][7][safepoint    ] Safepoint "Cleanup", Time since last: 1002184607 ns, Reaching safepoint: 119198 ns, At safepoint: 3746 ns, Total: 122944 ns
[2021-11-03T06:06:30.496+0000][7][safepoint    ] Safepoint "Cleanup", Time since last: 1001835677 ns, Reaching safepoint: 181982 ns, At safepoint: 6556 ns, Total: 188538 ns
[2021-11-03T06:06:31.499+0000][7][safepoint    ] Safepoint "Cleanup", Time since last: 1002819624 ns, Reaching safepoint: 254160 ns, At safepoint: 9842 ns, Total: 264002 ns
[2021-11-03T06:06:32.481+0000][7][safepoint    ] Safepoint "Cleanup", Time since last: 1003061667 ns, Reaching safepoint: 186322 ns, At safepoint: 6463 ns, Total: 192785 ns
[2021-11-03T06:06:33.484+0000][7][safepoint    ] Safepoint "Cleanup", Time since last: 1002429644 ns, Reaching safepoint: 170810 ns, At safepoint: 7136 ns, Total: 177946 ns
[2021-11-03T06:06:34.486+0000][7][safepoint    ] Safepoint "Cleanup", Time since last: 1002070694 ns, Reaching safepoint: 380326 ns, At safepoint: 9255 ns, Total: 389581 ns
[2021-11-03T06:06:35.492+0000][7][safepoint    ] Safepoint "Cleanup", Time since last: 1005191961 ns, Reaching safepoint: 174725 ns, At safepoint: 7434 ns, Total: 182159 ns
[2021-11-03T06:06:36.496+0000][7][safepoint    ] Safepoint "Cleanup", Time since last: 1004298920 ns, Reaching safepoint: 168997 ns, At safepoint: 7157 ns, Total: 176154 ns
[2021-11-03T06:06:37.500+0000][7][safepoint    ] Safepoint "Cleanup", Time since last: 1003337901 ns, Reaching safepoint: 229548 ns, At safepoint: 7157 ns, Total: 236705 ns
[2021-11-03T06:06:38.502+0000][7][safepoint    ] Safepoint "Cleanup", Time since last: 1002298484 ns, Reaching safepoint: 237443 ns, At safepoint: 6340 ns, Total: 243783 ns
[2021-11-03T06:06:39.505+0000][7][safepoint    ] Safepoint "Cleanup", Time since last: 1002055140 ns, Reaching safepoint: 284266 ns, At safepoint: 6969 ns, Total: 291235 ns
[2021-11-03T06:06:40.508+0000][7][safepoint    ] Safepoint "Cleanup", Time since last: 1003083785 ns, Reaching safepoint: 138609 ns, At safepoint: 4698 ns, Total: 143307 ns
[2021-11-03T06:06:41.511+0000][7][safepoint    ] Safepoint "Cleanup", Time since last: 1002909153 ns, Reaching safepoint: 567087 ns, At safepoint: 17158 ns, Total: 584245 ns
[2021-11-03T06:06:42.517+0000][7][safepoint    ] Safepoint "Cleanup", Time since last: 1004756560 ns, Reaching safepoint: 567324 ns, At safepoint: 8017 ns, Total: 575341 ns
[2021-11-03T06:06:43.519+0000][7][safepoint    ] Safepoint "Cleanup", Time since last: 1002502274 ns, Reaching safepoint: 390452 ns, At safepoint: 8303 ns, Total: 398755 ns
[2021-11-03T06:06:44.522+0000][7][safepoint    ] Safepoint "Cleanup", Time since last: 1002487717 ns, Reaching safepoint: 220714 ns, At safepoint: 4321 ns, Total: 225035 ns
[2021-11-03T06:06:45.525+0000][7][safepoint    ] Safepoint "Cleanup", Time since last: 1001754731 ns, Reaching safepoint: 624501 ns, At safepoint: 18659 ns, Total: 643160 ns
[2021-11-03T06:06:46.528+0000][7][safepoint    ] Safepoint "Cleanup", Time since last: 1002743417 ns, Reaching safepoint: 258513 ns, At safepoint: 19956 ns, Total: 278469 ns
[2021-11-03T06:06:47.530+0000][7][safepoint    ] Safepoint "Cleanup", Time since last: 1002407484 ns, Reaching safepoint: 399316 ns, At safepoint: 12565 ns, Total: 411881 ns
[2021-11-03T06:06:48.533+0000][7][safepoint    ] Safepoint "Cleanup", Time since last: 1002025905 ns, Reaching safepoint: 178183 ns, At safepoint: 4529 ns, Total: 182712 ns
[2021-11-03T06:06:49.536+0000][7][safepoint    ] Safepoint "Cleanup", Time since last: 1002581250 ns, Reaching safepoint: 395089 ns, At safepoint: 6818 ns, Total: 401907 ns
[2021-11-03T06:06:50.538+0000][7][safepoint    ] Safepoint "Cleanup", Time since last: 1002072389 ns, Reaching safepoint: 166609 ns, At safepoint: 6113 ns, Total: 172722 ns
[2021-11-03T06:06:51.541+0000][7][safepoint    ] Safepoint "Cleanup", Time since last: 1002647626 ns, Reaching safepoint: 257388 ns, At safepoint: 15729 ns, Total: 273117 ns
[2021-11-03T06:06:52.545+0000][7][safepoint    ] Safepoint "Cleanup", Time since last: 1003693036 ns, Reaching safepoint: 447325 ns, At safepoint: 11665 ns, Total: 458990 ns
[2021-11-03T06:06:53.548+0000][7][safepoint    ] Safepoint "Cleanup", Time since last: 1002444190 ns, Reaching safepoint: 169091 ns, At safepoint: 6342 ns, Total: 175433 ns
[2021-11-03T06:06:54.551+0000][7][safepoint    ] Safepoint "Cleanup", Time since last: 1002471340 ns, Reaching safepoint: 538239 ns, At safepoint: 22807 ns, Total: 561046 ns
[2021-11-03T06:06:55.554+0000][7][safepoint    ] Safepoint "Cleanup", Time since last: 1002796373 ns, Reaching safepoint: 237877 ns, At safepoint: 7461 ns, Total: 245338 ns
[2021-11-03T06:06:56.557+0000][7][safepoint    ] Safepoint "Cleanup", Time since last: 1002790994 ns, Reaching safepoint: 227904 ns, At safepoint: 7109 ns, Total: 235013 ns
[2021-11-03T06:06:57.559+0000][7][safepoint    ] Safepoint "Cleanup", Time since last: 1001658010 ns, Reaching safepoint: 242582 ns, At safepoint: 6615 ns, Total: 249197 ns
[2021-11-03T06:06:58.562+0000][7][safepoint    ] Safepoint "Cleanup", Time since last: 1002833603 ns, Reaching safepoint: 176082 ns, At safepoint: 5439 ns, Total: 181521 ns
[2021-11-03T06:06:59.566+0000][7][safepoint    ] Safepoint "Cleanup", Time since last: 1003638276 ns, Reaching safepoint: 372459 ns, At safepoint: 9530 ns, Total: 381989 ns
[2021-11-03T06:07:00.568+0000][7][safepoint    ] Safepoint "Cleanup", Time since last: 1002071092 ns, Reaching safepoint: 192219 ns, At safepoint: 7034 ns, Total: 199253 ns
[2021-11-03T06:07:01.552+0000][7][safepoint    ] Safepoint "Cleanup", Time since last: 1004394631 ns, Reaching safepoint: 429286 ns, At safepoint: 18809 ns, Total: 448095 ns
[2021-11-03T06:07:02.554+0000][7][safepoint    ] Safepoint "Cleanup", Time since last: 1002205072 ns, Reaching safepoint: 513243 ns, At safepoint: 9409 ns, Total: 522652 ns
[2021-11-03T06:07:03.558+0000][7][safepoint    ] Safepoint "Cleanup", Time since last: 1003777484 ns, Reaching safepoint: 150090 ns, At safepoint: 5023 ns, Total: 155113 ns
[2021-11-03T06:07:04.560+0000][7][safepoint    ] Safepoint "Cleanup", Time since last: 1001135701 ns, Reaching safepoint: 200798 ns, At safepoint: 4850 ns, Total: 205648 ns
[2021-11-03T06:07:05.562+0000][7][safepoint    ] Safepoint "Cleanup", Time since last: 1001542074 ns, Reaching safepoint: 392063 ns, At safepoint: 6981 ns, Total: 399044 ns
[2021-11-03T06:07:06.566+0000][7][safepoint    ] Safepoint "Cleanup", Time since last: 1003697433 ns, Reaching safepoint: 465699 ns, At safepoint: 21724 ns, Total: 487423 ns
[2021-11-03T06:07:07.569+0000][7][safepoint    ] Safepoint "Cleanup", Time since last: 1003257164 ns, Reaching safepoint: 345795 ns, At safepoint: 4699 ns, Total: 350494 ns
[2021-11-03T06:07:08.576+0000][7][safepoint    ] Safepoint "Cleanup", Time since last: 1005725355 ns, Reaching safepoint: 570709 ns, At safepoint: 17032 ns, Total: 587741 ns
[2021-11-03T06:07:09.580+0000][7][safepoint    ] Safepoint "Cleanup", Time since last: 1004425555 ns, Reaching safepoint: 275323 ns, At safepoint: 6198 ns, Total: 281521 ns
[2021-11-03T06:07:10.582+0000][7][safepoint    ] Safepoint "Cleanup", Time since last: 1001442688 ns, Reaching safepoint: 319834 ns, At safepoint: 10773 ns, Total: 330607 ns
[2021-11-03T06:07:11.586+0000][7][safepoint    ] Safepoint "Cleanup", Time since last: 1002867373 ns, Reaching safepoint: 603778 ns, At safepoint: 13318 ns, Total: 617096 ns
[2021-11-03T06:07:12.589+0000][7][safepoint    ] Safepoint "Cleanup", Time since last: 1002538036 ns, Reaching safepoint: 626249 ns, At safepoint: 16340 ns, Total: 642589 ns
[2021-11-03T06:07:13.591+0000][7][safepoint    ] Safepoint "Cleanup", Time since last: 1002264200 ns, Reaching safepoint: 316334 ns, At safepoint: 5534 ns, Total: 321868 ns
[2021-11-03T06:07:14.594+0000][7][safepoint    ] Safepoint "Cleanup", Time since last: 1002087767 ns, Reaching safepoint: 327314 ns, At safepoint: 104369 ns, Total: 431683 ns
[2021-11-03T06:07:15.597+0000][7][safepoint    ] Safepoint "Cleanup", Time since last: 1002459061 ns, Reaching safepoint: 141609 ns, At safepoint: 3365 ns, Total: 144974 ns
[2021-11-03T06:07:16.598+0000][7][safepoint    ] Safepoint "Cleanup", Time since last: 1001219389 ns, Reaching safepoint: 234128 ns, At safepoint: 5501 ns, Total: 239629 ns
[2021-11-03T06:07:17.600+0000][7][safepoint    ] Safepoint "Cleanup", Time since last: 1001696570 ns, Reaching safepoint: 230702 ns, At safepoint: 6144 ns, Total: 236846 ns
[2021-11-03T06:07:18.602+0000][7][safepoint    ] Safepoint "Cleanup", Time since last: 1001608842 ns, Reaching safepoint: 188565 ns, At safepoint: 3966 ns, Total: 192531 ns
[2021-11-03T06:07:19.604+0000][7][safepoint    ] Safepoint "Cleanup", Time since last: 1001578509 ns, Reaching safepoint: 219477 ns, At safepoint: 5346 ns, Total: 224823 ns
[2021-11-03T06:07:20.605+0000][7][safepoint    ] Safepoint "Cleanup", Time since last: 1001788268 ns, Reaching safepoint: 143034 ns, At safepoint: 3479 ns, Total: 146513 ns
[2021-11-03T06:07:21.607+0000][7][safepoint    ] Safepoint "Cleanup", Time since last: 1001377866 ns, Reaching safepoint: 320393 ns, At safepoint: 11642 ns, Total: 332035 ns
[2021-11-03T06:07:22.610+0000][7][safepoint    ] Safepoint "Cleanup", Time since last: 1002739311 ns, Reaching safepoint: 289079 ns, At safepoint: 7432 ns, Total: 296511 ns
[2021-11-03T06:07:23.613+0000][7][safepoint    ] Safepoint "Cleanup", Time since last: 1002727220 ns, Reaching safepoint: 206095 ns, At safepoint: 4564 ns, Total: 210659 ns
[2021-11-03T06:07:24.616+0000][7][safepoint    ] Safepoint "Cleanup", Time since last: 1002650141 ns, Reaching safepoint: 271029 ns, At safepoint: 7151 ns, Total: 278180 ns
[2021-11-03T06:07:25.618+0000][7][safepoint    ] Safepoint "Cleanup", Time since last: 1001760835 ns, Reaching safepoint: 176576 ns, At safepoint: 3202 ns, Total: 179778 ns
[2021-11-03T06:07:26.620+0000][7][safepoint    ] Safepoint "Cleanup", Time since last: 1001683233 ns, Reaching safepoint: 616967 ns, At safepoint: 24716 ns, Total: 641683 ns
[2021-11-03T06:07:27.625+0000][7][safepoint    ] Safepoint "Cleanup", Time since last: 1003751336 ns, Reaching safepoint: 712628 ns, At safepoint: 20005 ns, Total: 732633 ns
[2021-11-03T06:07:28.628+0000][7][safepoint    ] Safepoint "Cleanup", Time since last: 1002555254 ns, Reaching safepoint: 418517 ns, At safepoint: 12512 ns, Total: 431029 ns
[2021-11-03T06:07:29.632+0000][7][safepoint    ] Safepoint "Cleanup", Time since last: 1004090585 ns, Reaching safepoint: 183457 ns, At safepoint: 6649 ns, Total: 190106 ns
[2021-11-03T06:07:30.635+0000][7][safepoint    ] Safepoint "Cleanup", Time since last: 1002923938 ns, Reaching safepoint: 124059 ns, At safepoint: 3768 ns, Total: 127827 ns
[2021-11-03T06:07:31.617+0000][7][safepoint    ] Safepoint "Cleanup", Time since last: 1003348993 ns, Reaching safepoint: 162282 ns, At safepoint: 8372 ns, Total: 170654 ns
[2021-11-03T06:07:32.618+0000][7][safepoint    ] Safepoint "Cleanup", Time since last: 1001032014 ns, Reaching safepoint: 101251 ns, At safepoint: 2692 ns, Total: 103943 ns
[2021-11-03T06:07:33.621+0000][7][safepoint    ] Safepoint "Cleanup", Time since last: 1002495808 ns, Reaching safepoint: 411700 ns, At safepoint: 10838 ns, Total: 422538 ns
[2021-11-03T06:07:34.625+0000][7][safepoint    ] Safepoint "Cleanup", Time since last: 1003074933 ns, Reaching safepoint: 173090 ns, At safepoint: 6118 ns, Total: 179208 ns
[2021-11-03T06:07:35.627+0000][7][safepoint    ] Safepoint "Cleanup", Time since last: 1002394398 ns, Reaching safepoint: 183649 ns, At safepoint: 9343 ns, Total: 192992 ns
[2021-11-03T06:07:36.629+0000][7][safepoint    ] Safepoint "Cleanup", Time since last: 1001186285 ns, Reaching safepoint: 175268 ns, At safepoint: 5086 ns, Total: 180354 ns
[2021-11-03T06:07:37.631+0000][7][safepoint    ] Safepoint "Cleanup", Time since last: 1001799717 ns, Reaching safepoint: 201293 ns, At safepoint: 4600 ns, Total: 205893 ns
[2021-11-03T06:07:38.634+0000][7][safepoint    ] Safepoint "Cleanup", Time since last: 1002888333 ns, Reaching safepoint: 253668 ns, At safepoint: 6972 ns, Total: 260640 ns
[2021-11-03T06:07:39.639+0000][7][safepoint    ] Safepoint "Cleanup", Time since last: 1004391240 ns, Reaching safepoint: 444643 ns, At safepoint: 11592 ns, Total: 456235 ns
[2021-11-03T06:07:40.643+0000][7][safepoint    ] Safepoint "Cleanup", Time since last: 1004383667 ns, Reaching safepoint: 243186 ns, At safepoint: 7884 ns, Total: 251070 ns
[2021-11-03T06:07:41.647+0000][7][safepoint    ] Safepoint "Cleanup", Time since last: 1003237582 ns, Reaching safepoint: 189160 ns, At safepoint: 6715 ns, Total: 195875 ns
[2021-11-03T06:07:42.650+0000][7][safepoint    ] Safepoint "Cleanup", Time since last: 1003138004 ns, Reaching safepoint: 143135 ns, At safepoint: 2911 ns, Total: 146046 ns
[2021-11-03T06:07:43.652+0000][7][safepoint    ] Safepoint "Cleanup", Time since last: 1001792949 ns, Reaching safepoint: 349569 ns, At safepoint: 8384 ns, Total: 357953 ns
[2021-11-03T06:07:44.658+0000][7][safepoint    ] Safepoint "Cleanup", Time since last: 1005332777 ns, Reaching safepoint: 173182 ns, At safepoint: 6792 ns, Total: 179974 ns
[2021-11-03T06:07:45.662+0000][7][safepoint    ] Safepoint "Cleanup", Time since last: 1003920256 ns, Reaching safepoint: 184789 ns, At safepoint: 8099 ns, Total: 192888 ns
[2021-11-03T06:07:46.667+0000][7][safepoint    ] Safepoint "Cleanup", Time since last: 1004326373 ns, Reaching safepoint: 586256 ns, At safepoint: 25470 ns, Total: 611726 ns
[2021-11-03T06:07:47.670+0000][7][safepoint    ] Safepoint "Cleanup", Time since last: 1002728768 ns, Reaching safepoint: 631270 ns, At safepoint: 24357 ns, Total: 655627 ns
[2021-11-03T06:07:48.674+0000][7][safepoint    ] Safepoint "Cleanup", Time since last: 1003799469 ns, Reaching safepoint: 346371 ns, At safepoint: 8437 ns, Total: 354808 ns
[2021-11-03T06:07:49.677+0000][7][safepoint    ] Safepoint "Cleanup", Time since last: 1003081146 ns, Reaching safepoint: 172075 ns, At safepoint: 6850 ns, Total: 178925 ns
[2021-11-03T06:07:50.681+0000][7][safepoint    ] Safepoint "Cleanup", Time since last: 1002853670 ns, Reaching safepoint: 382133 ns, At safepoint: 10049 ns, Total: 392182 ns
[2021-11-03T06:07:51.683+0000][7][safepoint    ] Safepoint "Cleanup", Time since last: 1002548367 ns, Reaching safepoint: 208428 ns, At safepoint: 3561 ns, Total: 211989 ns
[2021-11-03T06:07:52.685+0000][7][safepoint    ] Safepoint "Cleanup", Time since last: 1001755555 ns, Reaching safepoint: 234633 ns, At safepoint: 5833 ns, Total: 240466 ns
[2021-11-03T06:07:53.689+0000][7][safepoint    ] Safepoint "Cleanup", Time since last: 1003028140 ns, Reaching safepoint: 174400 ns, At safepoint: 7230 ns, Total: 181630 ns
[2021-11-03T06:07:54.691+0000][7][safepoint    ] Safepoint "Cleanup", Time since last: 1002246708 ns, Reaching safepoint: 108853 ns, At safepoint: 2457 ns, Total: 111310 ns
[2021-11-03T06:07:55.693+0000][7][safepoint    ] Safepoint "Cleanup", Time since last: 1001594871 ns, Reaching safepoint: 126161 ns, At safepoint: 4463 ns, Total: 130624 ns
[2021-11-03T06:07:56.694+0000][7][safepoint    ] Safepoint "Cleanup", Time since last: 1000976385 ns, Reaching safepoint: 223388 ns, At safepoint: 10693 ns, Total: 234081 ns
[2021-11-03T06:07:57.696+0000][7][safepoint    ] Safepoint "Cleanup", Time since last: 1002043023 ns, Reaching safepoint: 173122 ns, At safepoint: 5655 ns, Total: 178777 ns
[2021-11-03T06:07:58.700+0000][7][safepoint    ] Safepoint "Cleanup", Time since last: 1003880241 ns, Reaching safepoint: 177524 ns, At safepoint: 6603 ns, Total: 184127 ns
[2021-11-03T06:07:59.707+0000][7][safepoint    ] Safepoint "Cleanup", Time since last: 1007020933 ns, Reaching safepoint: 163626 ns, At safepoint: 3563 ns, Total: 167189 ns
[2021-11-03T06:08:00.710+0000][7][safepoint    ] Safepoint "Cleanup", Time since last: 1002038316 ns, Reaching safepoint: 254340 ns, At safepoint: 8046 ns, Total: 262386 ns
[2021-11-03T06:08:01.692+0000][7][safepoint    ] Safepoint "Cleanup", Time since last: 1003456903 ns, Reaching safepoint: 178596 ns, At safepoint: 4967 ns, Total: 183563 ns
[2021-11-03T06:08:02.697+0000][7][safepoint    ] Safepoint "Cleanup", Time since last: 1003987379 ns, Reaching safepoint: 256054 ns, At safepoint: 8466 ns, Total: 264520 ns
[2021-11-03T06:08:03.699+0000][7][safepoint    ] Safepoint "Cleanup", Time since last: 1002389531 ns, Reaching safepoint: 94206 ns, At safepoint: 2443 ns, Total: 96649 ns
[2021-11-03T06:08:04.701+0000][7][safepoint    ] Safepoint "Cleanup", Time since last: 1001984677 ns, Reaching safepoint: 151898 ns, At safepoint: 4658 ns, Total: 156556 ns
[2021-11-03T06:08:05.703+0000][7][safepoint    ] Safepoint "Cleanup", Time since last: 1001771363 ns, Reaching safepoint: 137691 ns, At safepoint: 5495 ns, Total: 143186 ns
[2021-11-03T06:08:06.705+0000][7][safepoint    ] Safepoint "Cleanup", Time since last: 1001812523 ns, Reaching safepoint: 146839 ns, At safepoint: 3916 ns, Total: 150755 ns
[2021-11-03T06:08:07.709+0000][7][safepoint    ] Safepoint "Cleanup", Time since last: 1003445037 ns, Reaching safepoint: 179538 ns, At safepoint: 6143 ns, Total: 185681 ns
[2021-11-03T06:08:08.712+0000][7][safepoint    ] Safepoint "Cleanup", Time since last: 1003325588 ns, Reaching safepoint: 227451 ns, At safepoint: 6953 ns, Total: 234404 ns
[2021-11-03T06:08:09.715+0000][7][safepoint    ] Safepoint "Cleanup", Time since last: 1002869120 ns, Reaching safepoint: 187887 ns, At safepoint: 7370 ns, Total: 195257 ns
[2021-11-03T06:08:10.718+0000][7][safepoint    ] Safepoint "Cleanup", Time since last: 1002469293 ns, Reaching safepoint: 250413 ns, At safepoint: 15695 ns, Total: 266108 ns
[2021-11-03T06:08:11.720+0000][7][safepoint    ] Safepoint "Cleanup", Time since last: 1001742670 ns, Reaching safepoint: 99339 ns, At safepoint: 2360 ns, Total: 101699 ns
[2021-11-03T06:08:12.722+0000][7][safepoint    ] Safepoint "Cleanup", Time since last: 1001770208 ns, Reaching safepoint: 354380 ns, At safepoint: 8287 ns, Total: 362667 ns
[2021-11-03T06:08:13.725+0000][7][safepoint    ] Safepoint "Cleanup", Time since last: 1002603956 ns, Reaching safepoint: 329537 ns, At safepoint: 4854 ns, Total: 334391 ns
[2021-11-03T06:08:14.729+0000][7][safepoint    ] Safepoint "Cleanup", Time since last: 1003436490 ns, Reaching safepoint: 166100 ns, At safepoint: 4620 ns, Total: 170720 ns
[2021-11-03T06:08:15.731+0000][7][safepoint    ] Safepoint "Cleanup", Time since last: 1001874675 ns, Reaching safepoint: 798847 ns, At safepoint: 19068 ns, Total: 817915 ns
[2021-11-03T06:08:16.734+0000][7][safepoint    ] Safepoint "Cleanup", Time since last: 1002030795 ns, Reaching safepoint: 276180 ns, At safepoint: 7443 ns, Total: 283623 ns
[2021-11-03T06:08:17.739+0000][7][safepoint    ] Safepoint "Cleanup", Time since last: 1005746215 ns, Reaching safepoint: 174654 ns, At safepoint: 4514 ns, Total: 179168 ns
[2021-11-03T06:08:18.741+0000][7][safepoint    ] Safepoint "Cleanup", Time since last: 1001733346 ns, Reaching safepoint: 129555 ns, At safepoint: 3735 ns, Total: 133290 ns
[2021-11-03T06:08:19.743+0000][7][safepoint    ] Safepoint "Cleanup", Time since last: 1001741621 ns, Reaching safepoint: 217152 ns, At safepoint: 7549 ns, Total: 224701 ns
[2021-11-03T06:08:20.748+0000][7][safepoint    ] Safepoint "Cleanup", Time since last: 1004499346 ns, Reaching safepoint: 156987 ns, At safepoint: 3563 ns, Total: 160550 ns
[2021-11-03T06:08:21.749+0000][7][safepoint    ] Safepoint "Cleanup", Time since last: 1001223865 ns, Reaching safepoint: 167392 ns, At safepoint: 4558 ns, Total: 171950 ns
[2021-11-03T06:08:22.753+0000][7][safepoint    ] Safepoint "Cleanup", Time since last: 1003621764 ns, Reaching safepoint: 171541 ns, At safepoint: 4926 ns, Total: 176467 ns
[2021-11-03T06:08:23.757+0000][7][safepoint    ] Safepoint "Cleanup", Time since last: 1002940169 ns, Reaching safepoint: 422481 ns, At safepoint: 11085 ns, Total: 433566 ns
[2021-11-03T06:08:24.760+0000][7][safepoint    ] Safepoint "Cleanup", Time since last: 1003238912 ns, Reaching safepoint: 191365 ns, At safepoint: 4917 ns, Total: 196282 ns
[2021-11-03T06:08:25.762+0000][7][safepoint    ] Safepoint "Cleanup", Time since last: 1001609200 ns, Reaching safepoint: 290620 ns, At safepoint: 6702 ns, Total: 297322 ns
[2021-11-03T06:08:26.764+0000][7][safepoint    ] Safepoint "Cleanup", Time since last: 1002347375 ns, Reaching safepoint: 170119 ns, At safepoint: 4775 ns, Total: 174894 ns
[2021-11-03T06:08:27.767+0000][7][safepoint    ] Safepoint "Cleanup", Time since last: 1002168265 ns, Reaching safepoint: 192326 ns, At safepoint: 4292 ns, Total: 196618 ns
[2021-11-03T06:08:28.771+0000][7][safepoint    ] Safepoint "Cleanup", Time since last: 1004137691 ns, Reaching safepoint: 186981 ns, At safepoint: 4706 ns, Total: 191687 ns
[2021-11-03T06:08:29.773+0000][7][safepoint    ] Safepoint "Cleanup", Time since last: 1001501795 ns, Reaching safepoint: 121667 ns, At safepoint: 4163 ns, Total: 125830 ns
[2021-11-03T06:08:30.775+0000][7][safepoint    ] Safepoint "Cleanup", Time since last: 1001815163 ns, Reaching safepoint: 139519 ns, At safepoint: 4716 ns, Total: 144235 ns
[2021-11-03T06:08:31.755+0000][7][safepoint    ] Safepoint "Cleanup", Time since last: 1001901951 ns, Reaching safepoint: 97563 ns, At safepoint: 2728 ns, Total: 100291 ns
[2021-11-03T06:08:32.757+0000][7][safepoint    ] Safepoint "Cleanup", Time since last: 1001716889 ns, Reaching safepoint: 179801 ns, At safepoint: 6089 ns, Total: 185890 ns
[2021-11-03T06:08:33.760+0000][7][safepoint    ] Safepoint "Cleanup", Time since last: 1002746551 ns, Reaching safepoint: 236663 ns, At safepoint: 5080 ns, Total: 241743 ns
[2021-11-03T06:08:34.766+0000][7][safepoint    ] Safepoint "Cleanup", Time since last: 1005394728 ns, Reaching safepoint: 128524 ns, At safepoint: 3048 ns, Total: 131572 ns
[2021-11-03T06:08:35.769+0000][7][safepoint    ] Safepoint "Cleanup", Time since last: 1002643460 ns, Reaching safepoint: 340162 ns, At safepoint: 6451 ns, Total: 346613 ns
[2021-11-03T06:08:36.771+0000][7][safepoint    ] Safepoint "Cleanup", Time since last: 1002413726 ns, Reaching safepoint: 123491 ns, At safepoint: 3520 ns, Total: 127011 ns
[2021-11-03T06:08:37.777+0000][7][safepoint    ] Safepoint "Cleanup", Time since last: 1005447191 ns, Reaching safepoint: 121842 ns, At safepoint: 3162 ns, Total: 125004 ns
[2021-11-03T06:08:38.778+0000][7][safepoint    ] Safepoint "Cleanup", Time since last: 1001316375 ns, Reaching safepoint: 177588 ns, At safepoint: 5833 ns, Total: 183421 ns
[2021-11-03T06:08:39.781+0000][7][safepoint    ] Safepoint "Cleanup", Time since last: 1002459580 ns, Reaching safepoint: 133131 ns, At safepoint: 3882 ns, Total: 137013 ns
[2021-11-03T06:08:40.783+0000][7][safepoint    ] Safepoint "Cleanup", Time since last: 1001725277 ns, Reaching safepoint: 177381 ns, At safepoint: 3260 ns, Total: 180641 ns
[2021-11-03T06:08:41.787+0000][7][safepoint    ] Safepoint "Cleanup", Time since last: 1004024506 ns, Reaching safepoint: 246878 ns, At safepoint: 6662 ns, Total: 253540 ns
[2021-11-03T06:08:42.793+0000][7][safepoint    ] Safepoint "Cleanup", Time since last: 1005183911 ns, Reaching safepoint: 386495 ns, At safepoint: 7963 ns, Total: 394458 ns
[2021-11-03T06:08:43.798+0000][7][safepoint    ] Safepoint "Cleanup", Time since last: 1005311405 ns, Reaching safepoint: 177740 ns, At safepoint: 5561 ns, Total: 183301 ns
[2021-11-03T06:08:44.803+0000][7][safepoint    ] Safepoint "Cleanup", Time since last: 1004163158 ns, Reaching safepoint: 375779 ns, At safepoint: 6799 ns, Total: 382578 ns
[2021-11-03T06:08:45.805+0000][7][safepoint    ] Safepoint "Cleanup", Time since last: 1002089247 ns, Reaching safepoint: 111453 ns, At safepoint: 2797 ns, Total: 114250 ns
[2021-11-03T06:08:46.809+0000][7][safepoint    ] Safepoint "Cleanup", Time since last: 1003898440 ns, Reaching safepoint: 182124 ns, At safepoint: 5971 ns, Total: 188095 ns
[2021-11-03T06:08:47.812+0000][7][safepoint    ] Safepoint "Cleanup", Time since last: 1002632348 ns, Reaching safepoint: 141417 ns, At safepoint: 4587 ns, Total: 146004 ns
[2021-11-03T06:08:48.815+0000][7][safepoint    ] Safepoint "Cleanup", Time since last: 1002521655 ns, Reaching safepoint: 275960 ns, At safepoint: 3603 ns, Total: 279563 ns
[2021-11-03T06:08:49.818+0000][7][safepoint    ] Safepoint "Cleanup", Time since last: 1003029684 ns, Reaching safepoint: 660143 ns, At safepoint: 22328 ns, Total: 682471 ns
[2021-11-03T06:08:50.821+0000][7][safepoint    ] Safepoint "Cleanup", Time since last: 1002556541 ns, Reaching safepoint: 178156 ns, At safepoint: 4729 ns, Total: 182885 ns
[2021-11-03T06:08:51.825+0000][7][safepoint    ] Safepoint "Cleanup", Time since last: 1003586367 ns, Reaching safepoint: 555119 ns, At safepoint: 44528 ns, Total: 599647 ns
[2021-11-03T06:08:52.829+0000][7][safepoint    ] Safepoint "Cleanup", Time since last: 1003310282 ns, Reaching safepoint: 532953 ns, At safepoint: 9632 ns, Total: 542585 ns
[2021-11-03T06:08:53.832+0000][7][safepoint    ] Safepoint "Cleanup", Time since last: 1002641582 ns, Reaching safepoint: 625184 ns, At safepoint: 163183 ns, Total: 788367 ns
[2021-11-03T06:08:54.836+0000][7][safepoint    ] Safepoint "Cleanup", Time since last: 1003181215 ns, Reaching safepoint: 449740 ns, At safepoint: 14335 ns, Total: 464075 ns
[2021-11-03T06:08:55.841+0000][7][safepoint    ] Safepoint "Cleanup", Time since last: 1004746270 ns, Reaching safepoint: 570574 ns, At safepoint: 16207 ns, Total: 586781 ns
[2021-11-03T06:08:56.845+0000][7][safepoint    ] Safepoint "Cleanup", Time since last: 1003400083 ns, Reaching safepoint: 187802 ns, At safepoint: 6724 ns, Total: 194526 ns
[2021-11-03T06:08:57.850+0000][7][safepoint    ] Safepoint "Cleanup", Time since last: 1004732105 ns, Reaching safepoint: 191787 ns, At safepoint: 7047 ns, Total: 198834 ns
[2021-11-03T06:08:58.854+0000][7][safepoint    ] Safepoint "Cleanup", Time since last: 1003547090 ns, Reaching safepoint: 183806 ns, At safepoint: 6330 ns, Total: 190136 ns
[2021-11-03T06:08:59.859+0000][7][safepoint    ] Safepoint "Cleanup", Time since last: 1005118910 ns, Reaching safepoint: 98630 ns, At safepoint: 2768 ns, Total: 101398 ns
[2021-11-03T06:09:00.864+0000][7][safepoint    ] Safepoint "Cleanup", Time since last: 1004543337 ns, Reaching safepoint: 191247 ns, At safepoint: 7125 ns, Total: 198372 ns
[2021-11-03T06:09:01.845+0000][7][safepoint    ] Safepoint "Cleanup", Time since last: 1002257021 ns, Reaching safepoint: 101116 ns, At safepoint: 2847 ns, Total: 103963 ns
[2021-11-03T06:09:02.847+0000][7][safepoint    ] Safepoint "Cleanup", Time since last: 1001433694 ns, Reaching safepoint: 201489 ns, At safepoint: 8349 ns, Total: 209838 ns
[2021-11-03T06:09:03.850+0000][7][safepoint    ] Safepoint "Cleanup", Time since last: 1003003354 ns, Reaching safepoint: 490711 ns, At safepoint: 18451 ns, Total: 509162 ns
[2021-11-03T06:09:04.853+0000][7][safepoint    ] Safepoint "Cleanup", Time since last: 1002638713 ns, Reaching safepoint: 452326 ns, At safepoint: 8313 ns, Total: 460639 ns
[2021-11-03T06:09:05.858+0000][7][safepoint    ] Safepoint "Cleanup", Time since last: 1004633558 ns, Reaching safepoint: 110553 ns, At safepoint: 3025 ns, Total: 113578 ns
[2021-11-03T06:09:06.864+0000][7][safepoint    ] Safepoint "Cleanup", Time since last: 1005908783 ns, Reaching safepoint: 146785 ns, At safepoint: 3591 ns, Total: 150376 ns
[2021-11-03T06:09:07.867+0000][7][safepoint    ] Safepoint "Cleanup", Time since last: 1002273225 ns, Reaching safepoint: 121527 ns, At safepoint: 3487 ns, Total: 125014 ns
[2021-11-03T06:09:08.869+0000][7][safepoint    ] Safepoint "Cleanup", Time since last: 1002101673 ns, Reaching safepoint: 277418 ns, At safepoint: 6527 ns, Total: 283945 ns
[2021-11-03T06:09:09.873+0000][7][safepoint    ] Safepoint "Cleanup", Time since last: 1003662485 ns, Reaching safepoint: 320544 ns, At safepoint: 13800 ns, Total: 334344 ns
[2021-11-03T06:09:10.879+0000][7][safepoint    ] Safepoint "Cleanup", Time since last: 1005973265 ns, Reaching safepoint: 230836 ns, At safepoint: 6417 ns, Total: 237253 ns
[2021-11-03T06:09:11.881+0000][7][safepoint    ] Safepoint "Cleanup", Time since last: 1002214377 ns, Reaching safepoint: 153509 ns, At safepoint: 3320 ns, Total: 156829 ns
[2021-11-03T06:09:12.888+0000][7][safepoint    ] Safepoint "Cleanup", Time since last: 1006028146 ns, Reaching safepoint: 176003 ns, At safepoint: 6724 ns, Total: 182727 ns
[2021-11-03T06:09:13.891+0000][7][safepoint    ] Safepoint "Cleanup", Time since last: 1002826663 ns, Reaching safepoint: 372145 ns, At safepoint: 9399 ns, Total: 381544 ns
[2021-11-03T06:09:14.895+0000][7][safepoint    ] Safepoint "Cleanup", Time since last: 1003573504 ns, Reaching safepoint: 184322 ns, At safepoint: 7106 ns, Total: 191428 ns
[2021-11-03T06:09:15.898+0000][7][safepoint    ] Safepoint "Cleanup", Time since last: 1002846846 ns, Reaching safepoint: 177329 ns, At safepoint: 7917 ns, Total: 185246 ns
[2021-11-03T06:09:16.902+0000][7][safepoint    ] Safepoint "Cleanup", Time since last: 1003884517 ns, Reaching safepoint: 173510 ns, At safepoint: 7390 ns, Total: 180900 ns
[2021-11-03T06:09:17.908+0000][7][safepoint    ] Safepoint "Cleanup", Time since last: 1005651893 ns, Reaching safepoint: 237727 ns, At safepoint: 8204 ns, Total: 245931 ns
[2021-11-03T06:09:18.911+0000][7][safepoint    ] Safepoint "Cleanup", Time since last: 1003314329 ns, Reaching safepoint: 179724 ns, At safepoint: 5554 ns, Total: 185278 ns
[2021-11-03T06:09:19.913+0000][7][safepoint    ] Safepoint "Cleanup", Time since last: 1002150186 ns, Reaching safepoint: 197067 ns, At safepoint: 2604 ns, Total: 199671 ns
[2021-11-03T06:09:20.915+0000][7][safepoint    ] Safepoint "Cleanup", Time since last: 1001792826 ns, Reaching safepoint: 134149 ns, At safepoint: 2682 ns, Total: 136831 ns
[2021-11-03T06:09:21.917+0000][7][safepoint    ] Safepoint "Cleanup", Time since last: 1001271688 ns, Reaching safepoint: 91510 ns, At safepoint: 2749 ns, Total: 94259 ns
[2021-11-03T06:09:22.918+0000][7][safepoint    ] Safepoint "Cleanup", Time since last: 1001030286 ns, Reaching safepoint: 94143 ns, At safepoint: 2601 ns, Total: 96744 ns
[2021-11-03T06:09:23.919+0000][7][safepoint    ] Safepoint "Cleanup", Time since last: 1001110021 ns, Reaching safepoint: 101879 ns, At safepoint: 3237 ns, Total: 105116 ns
[2021-11-03T06:09:24.921+0000][7][safepoint    ] Safepoint "Cleanup", Time since last: 1001212594 ns, Reaching safepoint: 243478 ns, At safepoint: 6834 ns, Total: 250312 ns
[2021-11-03T06:09:25.922+0000][7][safepoint    ] Safepoint "Cleanup", Time since last: 1001397020 ns, Reaching safepoint: 86104 ns, At safepoint: 2310 ns, Total: 88414 ns
[2021-11-03T06:09:26.923+0000][7][safepoint    ] Safepoint "Cleanup", Time since last: 1001089146 ns, Reaching safepoint: 88995 ns, At safepoint: 2554 ns, Total: 91549 ns
[2021-11-03T06:09:27.924+0000][7][safepoint    ] Safepoint "Cleanup", Time since last: 1000955952 ns, Reaching safepoint: 92191 ns, At safepoint: 2524 ns, Total: 94715 ns
[2021-11-03T06:09:28.926+0000][7][safepoint    ] Safepoint "Cleanup", Time since last: 1001592492 ns, Reaching safepoint: 90134 ns, At safepoint: 2845 ns, Total: 92979 ns
[2021-11-03T06:09:29.928+0000][7][safepoint    ] Safepoint "Cleanup", Time since last: 1001418701 ns, Reaching safepoint: 90211 ns, At safepoint: 2542 ns, Total: 92753 ns
[2021-11-03T06:09:30.930+0000][7][safepoint    ] Safepoint "Cleanup", Time since last: 1002260656 ns, Reaching safepoint: 172712 ns, At safepoint: 5081 ns, Total: 177793 ns
[2021-11-03T06:09:31.911+0000][7][safepoint    ] Safepoint "Cleanup", Time since last: 1001677982 ns, Reaching safepoint: 93087 ns, At safepoint: 2340 ns, Total: 95427 ns
[2021-11-03T06:09:32.912+0000][7][safepoint    ] Safepoint "Cleanup", Time since last: 1001067381 ns, Reaching safepoint: 87996 ns, At safepoint: 2512 ns, Total: 90508 ns
[2021-11-03T06:09:33.914+0000][7][safepoint    ] Safepoint "Cleanup", Time since last: 1002507008 ns, Reaching safepoint: 88499 ns, At safepoint: 2318 ns, Total: 90817 ns
[2021-11-03T06:09:34.916+0000][7][safepoint    ] Safepoint "Cleanup", Time since last: 1001165958 ns, Reaching safepoint: 106179 ns, At safepoint: 3134 ns, Total: 109313 ns
[2021-11-03T06:09:35.917+0000][7][safepoint    ] Safepoint "Cleanup", Time since last: 1001372336 ns, Reaching safepoint: 88296 ns, At safepoint: 2546 ns, Total: 90842 ns
[2021-11-03T06:09:36.918+0000][7][safepoint    ] Safepoint "Cleanup", Time since last: 1000852561 ns, Reaching safepoint: 95327 ns, At safepoint: 2824 ns, Total: 98151 ns
[2021-11-03T06:09:37.919+0000][7][safepoint    ] Safepoint "Cleanup", Time since last: 1001183557 ns, Reaching safepoint: 92250 ns, At safepoint: 2572 ns, Total: 94822 ns
[2021-11-03T06:09:38.921+0000][7][safepoint    ] Safepoint "Cleanup", Time since last: 1001155053 ns, Reaching safepoint: 342258 ns, At safepoint: 8709 ns, Total: 350967 ns
[2021-11-03T06:09:39.923+0000][7][safepoint    ] Safepoint "Cleanup", Time since last: 1001961183 ns, Reaching safepoint: 133334 ns, At safepoint: 3885 ns, Total: 137219 ns
[2021-11-03T06:09:40.924+0000][7][safepoint    ] Safepoint "Cleanup", Time since last: 1001397998 ns, Reaching safepoint: 91048 ns, At safepoint: 2495 ns, Total: 93543 ns
[2021-11-03T06:09:41.926+0000][7][safepoint    ] Safepoint "Cleanup", Time since last: 1001175153 ns, Reaching safepoint: 99899 ns, At safepoint: 2906 ns, Total: 102805 ns
[2021-11-03T06:09:42.927+0000][7][safepoint    ] Safepoint "Cleanup", Time since last: 1001520481 ns, Reaching safepoint: 91262 ns, At safepoint: 2410 ns, Total: 93672 ns
[2021-11-03T06:09:43.928+0000][7][safepoint    ] Safepoint "Cleanup", Time since last: 1001118390 ns, Reaching safepoint: 95389 ns, At safepoint: 2678 ns, Total: 98067 ns
[2021-11-03T06:09:44.930+0000][7][safepoint    ] Safepoint "Cleanup", Time since last: 1001118225 ns, Reaching safepoint: 151668 ns, At safepoint: 3901 ns, Total: 155569 ns
[2021-11-03T06:09:45.932+0000][7][safepoint    ] Safepoint "Cleanup", Time since last: 1001918996 ns, Reaching safepoint: 95104 ns, At safepoint: 2666 ns, Total: 97770 ns
[2021-11-03T06:09:46.933+0000][7][safepoint    ] Safepoint "Cleanup", Time since last: 1000899207 ns, Reaching safepoint: 199270 ns, At safepoint: 5638 ns, Total: 204908 ns
[2021-11-03T06:09:47.936+0000][7][safepoint    ] Safepoint "Cleanup", Time since last: 1003051147 ns, Reaching safepoint: 294912 ns, At safepoint: 6151 ns, Total: 301063 ns
[2021-11-03T06:09:48.942+0000][7][safepoint    ] Safepoint "Cleanup", Time since last: 1005202901 ns, Reaching safepoint: 144602 ns, At safepoint: 7022 ns, Total: 151624 ns
[2021-11-03T06:09:49.944+0000][7][safepoint    ] Safepoint "Cleanup", Time since last: 1002229665 ns, Reaching safepoint: 169313 ns, At safepoint: 2912 ns, Total: 172225 ns
[2021-11-03T06:09:50.946+0000][7][safepoint    ] Safepoint "Cleanup", Time since last: 1001192696 ns, Reaching safepoint: 417675 ns, At safepoint: 7224 ns, Total: 424899 ns
[2021-11-03T06:09:51.949+0000][7][safepoint    ] Safepoint "Cleanup", Time since last: 1003542107 ns, Reaching safepoint: 279350 ns, At safepoint: 7082 ns, Total: 286432 ns
[2021-11-03T06:09:52.956+0000][7][safepoint    ] Safepoint "Cleanup", Time since last: 1006032301 ns, Reaching safepoint: 180265 ns, At safepoint: 7159 ns, Total: 187424 ns
[2021-11-03T06:09:53.959+0000][7][safepoint    ] Safepoint "Cleanup", Time since last: 1002831351 ns, Reaching safepoint: 240006 ns, At safepoint: 7099 ns, Total: 247105 ns
[2021-11-03T06:09:54.963+0000][7][safepoint    ] Safepoint "Cleanup", Time since last: 1004561187 ns, Reaching safepoint: 224848 ns, At safepoint: 6636 ns, Total: 231484 ns
[2021-11-03T06:09:55.966+0000][7][safepoint    ] Safepoint "Cleanup", Time since last: 1002316094 ns, Reaching safepoint: 240322 ns, At safepoint: 7283 ns, Total: 247605 ns
[2021-11-03T06:09:56.970+0000][7][safepoint    ] Safepoint "Cleanup", Time since last: 1003799733 ns, Reaching safepoint: 284701 ns, At safepoint: 7025 ns, Total: 291726 ns
[2021-11-03T06:09:57.974+0000][7][safepoint    ] Safepoint "Cleanup", Time since last: 1003147546 ns, Reaching safepoint: 231278 ns, At safepoint: 4558 ns, Total: 235836 ns
[2021-11-03T06:09:58.979+0000][7][safepoint    ] Safepoint "Cleanup", Time since last: 1004888663 ns, Reaching safepoint: 208735 ns, At safepoint: 4967 ns, Total: 213702 ns
[2021-11-03T06:09:59.983+0000][7][safepoint    ] Safepoint "Cleanup", Time since last: 1003495050 ns, Reaching safepoint: 484759 ns, At safepoint: 9049 ns, Total: 493808 ns
[2021-11-03T06:10:00.986+0000][7][safepoint    ] Safepoint "Cleanup", Time since last: 1003202442 ns, Reaching safepoint: 430771 ns, At safepoint: 13882 ns, Total: 444653 ns
[2021-11-03T06:10:01.970+0000][7][safepoint    ] Safepoint "Cleanup", Time since last: 1004630025 ns, Reaching safepoint: 360052 ns, At safepoint: 6183 ns, Total: 366235 ns
[2021-11-03T06:10:02.977+0000][7][safepoint    ] Safepoint "Cleanup", Time since last: 1007136431 ns, Reaching safepoint: 421720 ns, At safepoint: 8897 ns, Total: 430617 ns
[2021-11-03T06:10:03.981+0000][7][safepoint    ] Safepoint "Cleanup", Time since last: 1002876269 ns, Reaching safepoint: 504520 ns, At safepoint: 12003 ns, Total: 516523 ns
[2021-11-03T06:10:04.985+0000][7][safepoint    ] Safepoint "Cleanup", Time since last: 1003673959 ns, Reaching safepoint: 109468 ns, At safepoint: 2988 ns, Total: 112456 ns
[2021-11-03T06:10:05.988+0000][7][safepoint    ] Safepoint "Cleanup", Time since last: 1002821145 ns, Reaching safepoint: 237502 ns, At safepoint: 6513 ns, Total: 244015 ns
[2021-11-03T06:10:06.989+0000][7][safepoint    ] Safepoint "Cleanup", Time since last: 1001057328 ns, Reaching safepoint: 88394 ns, At safepoint: 2529 ns, Total: 90923 ns
[2021-11-03T06:10:07.992+0000][7][safepoint    ] Safepoint "Cleanup", Time since last: 1002806999 ns, Reaching safepoint: 269067 ns, At safepoint: 4686 ns, Total: 273753 ns
[2021-11-03T06:10:08.994+0000][7][safepoint    ] Safepoint "Cleanup", Time since last: 1001851166 ns, Reaching safepoint: 109419 ns, At safepoint: 3668 ns, Total: 113087 ns
[2021-11-03T06:10:09.995+0000][7][safepoint    ] Safepoint "Cleanup", Time since last: 1001258445 ns, Reaching safepoint: 158727 ns, At safepoint: 3789 ns, Total: 162516 ns
[2021-11-03T06:10:10.997+0000][7][safepoint    ] Safepoint "Cleanup", Time since last: 1001250095 ns, Reaching safepoint: 90112 ns, At safepoint: 2844 ns, Total: 92956 ns
[2021-11-03T06:10:11.998+0000][7][safepoint    ] Safepoint "Cleanup", Time since last: 1001186718 ns, Reaching safepoint: 145606 ns, At safepoint: 3147 ns, Total: 148753 ns
[2021-11-03T06:10:12.999+0000][7][safepoint    ] Safepoint "Cleanup", Time since last: 1000961849 ns, Reaching safepoint: 103030 ns, At safepoint: 3134 ns, Total: 106164 ns
[2021-11-03T06:10:14.000+0000][7][safepoint    ] Safepoint "Cleanup", Time since last: 1001350527 ns, Reaching safepoint: 94417 ns, At safepoint: 2707 ns, Total: 97124 ns
[2021-11-03T06:10:15.002+0000][7][safepoint    ] Safepoint "Cleanup", Time since last: 1001272206 ns, Reaching safepoint: 86418 ns, At safepoint: 2515 ns, Total: 88933 ns
[2021-11-03T06:10:16.003+0000][7][safepoint    ] Safepoint "Cleanup", Time since last: 1000932683 ns, Reaching safepoint: 83549 ns, At safepoint: 2323 ns, Total: 85872 ns
[2021-11-03T06:10:17.004+0000][7][safepoint    ] Safepoint "Cleanup", Time since last: 1001242965 ns, Reaching safepoint: 173908 ns, At safepoint: 35497 ns, Total: 209405 ns
[2021-11-03T06:10:18.007+0000][7][safepoint    ] Safepoint "Cleanup", Time since last: 1002770852 ns, Reaching safepoint: 88004 ns, At safepoint: 2405 ns, Total: 90409 ns
[2021-11-03T06:10:19.013+0000][7][safepoint    ] Safepoint "Cleanup", Time since last: 1005230629 ns, Reaching safepoint: 92465 ns, At safepoint: 2920 ns, Total: 95385 ns
[2021-11-03T06:10:20.014+0000][7][safepoint    ] Safepoint "Cleanup", Time since last: 1001001734 ns, Reaching safepoint: 155572 ns, At safepoint: 3035 ns, Total: 158607 ns
[2021-11-03T06:10:21.017+0000][7][safepoint    ] Safepoint "Cleanup", Time since last: 1002950977 ns, Reaching safepoint: 218924 ns, At safepoint: 7537 ns, Total: 226461 ns
[2021-11-03T06:10:22.018+0000][7][safepoint    ] Safepoint "Cleanup", Time since last: 1001552711 ns, Reaching safepoint: 87607 ns, At safepoint: 2573 ns, Total: 90180 ns
[2021-11-03T06:10:23.020+0000][7][safepoint    ] Safepoint "Cleanup", Time since last: 1001316513 ns, Reaching safepoint: 93458 ns, At safepoint: 2167 ns, Total: 95625 ns
[2021-11-03T06:10:24.023+0000][7][safepoint    ] Safepoint "Cleanup", Time since last: 1003213324 ns, Reaching safepoint: 105028 ns, At safepoint: 2646 ns, Total: 107674 ns
[2021-11-03T06:10:25.026+0000][7][safepoint    ] Safepoint "Cleanup", Time since last: 1003084762 ns, Reaching safepoint: 93941 ns, At safepoint: 3066 ns, Total: 97007 ns
[2021-11-03T06:10:26.029+0000][7][safepoint    ] Safepoint "Cleanup", Time since last: 1002224687 ns, Reaching safepoint: 96076 ns, At safepoint: 2622 ns, Total: 98698 ns
[2021-11-03T06:10:27.031+0000][7][safepoint    ] Safepoint "Cleanup", Time since last: 1001699506 ns, Reaching safepoint: 92155 ns, At safepoint: 2755 ns, Total: 94910 ns
[2021-11-03T06:10:28.032+0000][7][safepoint    ] Safepoint "Cleanup", Time since last: 1001545204 ns, Reaching safepoint: 106722 ns, At safepoint: 2929 ns, Total: 109651 ns
[2021-11-03T06:10:29.035+0000][7][safepoint    ] Safepoint "Cleanup", Time since last: 1002508624 ns, Reaching safepoint: 154274 ns, At safepoint: 2772 ns, Total: 157046 ns
[2021-11-03T06:10:30.037+0000][7][safepoint    ] Safepoint "Cleanup", Time since last: 1002444253 ns, Reaching safepoint: 88627 ns, At safepoint: 2596 ns, Total: 91223 ns
[2021-11-03T06:10:31.040+0000][7][safepoint    ] Safepoint "Cleanup", Time since last: 1002479400 ns, Reaching safepoint: 138488 ns, At safepoint: 3265 ns, Total: 141753 ns
[2021-11-03T06:10:32.021+0000][7][safepoint    ] Safepoint "Cleanup", Time since last: 1001623488 ns, Reaching safepoint: 336693 ns, At safepoint: 4587 ns, Total: 341280 ns
[2021-11-03T06:10:33.023+0000][7][safepoint    ] Safepoint "Cleanup", Time since last: 1001595990 ns, Reaching safepoint: 87443 ns, At safepoint: 2612 ns, Total: 90055 ns
[2021-11-03T06:10:34.028+0000][7][safepoint    ] Safepoint "Cleanup", Time since last: 1005073504 ns, Reaching safepoint: 90581 ns, At safepoint: 2313 ns, Total: 92894 ns
[2021-11-03T06:10:35.029+0000][7][safepoint    ] Safepoint "Cleanup", Time since last: 1001152331 ns, Reaching safepoint: 93241 ns, At safepoint: 2328 ns, Total: 95569 ns
[2021-11-03T06:10:36.030+0000][7][safepoint    ] Safepoint "Cleanup", Time since last: 1001048021 ns, Reaching safepoint: 94567 ns, At safepoint: 2439 ns, Total: 97006 ns
[2021-11-03T06:10:37.032+0000][7][safepoint    ] Safepoint "Cleanup", Time since last: 1001880236 ns, Reaching safepoint: 138895 ns, At safepoint: 4769 ns, Total: 143664 ns
[2021-11-03T06:10:38.035+0000][7][safepoint    ] Safepoint "Cleanup", Time since last: 1002481745 ns, Reaching safepoint: 255869 ns, At safepoint: 7212 ns, Total: 263081 ns
[2021-11-03T06:10:39.038+0000][7][safepoint    ] Safepoint "Cleanup", Time since last: 1003228164 ns, Reaching safepoint: 174291 ns, At safepoint: 6536 ns, Total: 180827 ns
[2021-11-03T06:10:40.041+0000][7][safepoint    ] Safepoint "Cleanup", Time since last: 1002567708 ns, Reaching safepoint: 172000 ns, At safepoint: 7073 ns, Total: 179073 ns
[2021-11-03T06:10:41.044+0000][7][safepoint    ] Safepoint "Cleanup", Time since last: 1002590206 ns, Reaching safepoint: 276913 ns, At safepoint: 6262 ns, Total: 283175 ns
[2021-11-03T06:10:42.047+0000][7][safepoint    ] Safepoint "Cleanup", Time since last: 1002387253 ns, Reaching safepoint: 174371 ns, At safepoint: 6665 ns, Total: 181036 ns
[2021-11-03T06:10:43.050+0000][7][safepoint    ] Safepoint "Cleanup", Time since last: 1002845088 ns, Reaching safepoint: 169624 ns, At safepoint: 6124 ns, Total: 175748 ns
[2021-11-03T06:10:44.053+0000][7][safepoint    ] Safepoint "Cleanup", Time since last: 1002928723 ns, Reaching safepoint: 178456 ns, At safepoint: 6392 ns, Total: 184848 ns
[2021-11-03T06:10:45.056+0000][7][safepoint    ] Safepoint "Cleanup", Time since last: 1003019521 ns, Reaching safepoint: 271556 ns, At safepoint: 7207 ns, Total: 278763 ns
[2021-11-03T06:10:46.058+0000][7][safepoint    ] Safepoint "Cleanup", Time since last: 1002161978 ns, Reaching safepoint: 190019 ns, At safepoint: 7234 ns, Total: 197253 ns
[2021-11-03T06:10:47.063+0000][7][safepoint    ] Safepoint "Cleanup", Time since last: 1004746093 ns, Reaching safepoint: 238910 ns, At safepoint: 6693 ns, Total: 245603 ns
[2021-11-03T06:10:48.069+0000][7][safepoint    ] Safepoint "Cleanup", Time since last: 1005271474 ns, Reaching safepoint: 115898 ns, At safepoint: 2748 ns, Total: 118646 ns
[2021-11-03T06:10:49.071+0000][7][safepoint    ] Safepoint "Cleanup", Time since last: 1001551982 ns, Reaching safepoint: 242731 ns, At safepoint: 6708 ns, Total: 249439 ns
[2021-11-03T06:10:50.077+0000][7][safepoint    ] Safepoint "Cleanup", Time since last: 1006263446 ns, Reaching safepoint: 287748 ns, At safepoint: 9093 ns, Total: 296841 ns
[2021-11-03T06:10:51.079+0000][7][safepoint    ] Safepoint "Cleanup", Time since last: 1002113567 ns, Reaching safepoint: 179765 ns, At safepoint: 5072 ns, Total: 184837 ns
[2021-11-03T06:10:52.083+0000][7][safepoint    ] Safepoint "Cleanup", Time since last: 1003464503 ns, Reaching safepoint: 213130 ns, At safepoint: 21599 ns, Total: 234729 ns
[2021-11-03T06:10:53.087+0000][7][safepoint    ] Safepoint "Cleanup", Time since last: 1003807545 ns, Reaching safepoint: 538527 ns, At safepoint: 10748 ns, Total: 549275 ns
[2021-11-03T06:10:54.092+0000][7][safepoint    ] Safepoint "Cleanup", Time since last: 1003982326 ns, Reaching safepoint: 188642 ns, At safepoint: 7134 ns, Total: 195776 ns
[2021-11-03T06:10:55.095+0000][7][safepoint    ] Safepoint "Cleanup", Time since last: 1003396708 ns, Reaching safepoint: 193913 ns, At safepoint: 7818 ns, Total: 201731 ns
[2021-11-03T06:10:56.100+0000][7][safepoint    ] Safepoint "Cleanup", Time since last: 1004657793 ns, Reaching safepoint: 132638 ns, At safepoint: 3189 ns, Total: 135827 ns
[2021-11-03T06:10:57.102+0000][7][safepoint    ] Safepoint "Cleanup", Time since last: 1001573854 ns, Reaching safepoint: 353227 ns, At safepoint: 4746 ns, Total: 357973 ns
[2021-11-03T06:10:58.106+0000][7][safepoint    ] Safepoint "Cleanup", Time since last: 1003257316 ns, Reaching safepoint: 379030 ns, At safepoint: 9060 ns, Total: 388090 ns
[2021-11-03T06:10:59.108+0000][7][safepoint    ] Safepoint "Cleanup", Time since last: 1002031737 ns, Reaching safepoint: 300564 ns, At safepoint: 7091 ns, Total: 307655 ns
[2021-11-03T06:11:00.112+0000][7][safepoint    ] Safepoint "Cleanup", Time since last: 1003304616 ns, Reaching safepoint: 302731 ns, At safepoint: 6779 ns, Total: 309510 ns
[2021-11-03T06:11:01.117+0000][7][safepoint    ] Safepoint "Cleanup", Time since last: 1004964701 ns, Reaching safepoint: 126170 ns, At safepoint: 3206 ns, Total: 129376 ns
[2021-11-03T06:11:02.097+0000][7][safepoint    ] Safepoint "Cleanup", Time since last: 1001352016 ns, Reaching safepoint: 263545 ns, At safepoint: 3146 ns, Total: 266691 ns
[2021-11-03T06:11:03.100+0000][7][safepoint    ] Safepoint "Cleanup", Time since last: 1003202221 ns, Reaching safepoint: 94170 ns, At safepoint: 2518 ns, Total: 96688 ns
[2021-11-03T06:11:04.106+0000][7][safepoint    ] Safepoint "Cleanup", Time since last: 1005348141 ns, Reaching safepoint: 229158 ns, At safepoint: 6869 ns, Total: 236027 ns
[2021-11-03T06:11:05.113+0000][7][safepoint    ] Safepoint "Cleanup", Time since last: 1006654276 ns, Reaching safepoint: 251376 ns, At safepoint: 7662 ns, Total: 259038 ns
[2021-11-03T06:11:06.117+0000][7][safepoint    ] Safepoint "Cleanup", Time since last: 1004401203 ns, Reaching safepoint: 106152 ns, At safepoint: 4772 ns, Total: 110924 ns
[2021-11-03T06:11:07.119+0000][7][safepoint    ] Safepoint "Cleanup", Time since last: 1001293575 ns, Reaching safepoint: 263179 ns, At safepoint: 7417 ns, Total: 270596 ns
[2021-11-03T06:11:08.121+0000][7][safepoint    ] Safepoint "Cleanup", Time since last: 1002156409 ns, Reaching safepoint: 171797 ns, At safepoint: 6018 ns, Total: 177815 ns
[2021-11-03T06:11:09.128+0000][7][safepoint    ] Safepoint "Cleanup", Time since last: 1006373237 ns, Reaching safepoint: 209306 ns, At safepoint: 6003 ns, Total: 215309 ns
[2021-11-03T06:11:10.132+0000][7][safepoint    ] Safepoint "Cleanup", Time since last: 1004219671 ns, Reaching safepoint: 155028 ns, At safepoint: 32769 ns, Total: 187797 ns
[2021-11-03T06:11:11.134+0000][7][safepoint    ] Safepoint "Cleanup", Time since last: 1001700100 ns, Reaching safepoint: 234336 ns, At safepoint: 6890 ns, Total: 241226 ns
[2021-11-03T06:11:12.139+0000][7][safepoint    ] Safepoint "Cleanup", Time since last: 1004230993 ns, Reaching safepoint: 496338 ns, At safepoint: 9449 ns, Total: 505787 ns
[2021-11-03T06:11:13.143+0000][7][safepoint    ] Safepoint "Cleanup", Time since last: 1004062578 ns, Reaching safepoint: 178638 ns, At safepoint: 7634 ns, Total: 186272 ns
[2021-11-03T06:11:14.149+0000][7][safepoint    ] Safepoint "Cleanup", Time since last: 1005357501 ns, Reaching safepoint: 179112 ns, At safepoint: 6935 ns, Total: 186047 ns
[2021-11-03T06:11:15.152+0000][7][safepoint    ] Safepoint "Cleanup", Time since last: 1002782571 ns, Reaching safepoint: 333062 ns, At safepoint: 7078 ns, Total: 340140 ns
[2021-11-03T06:11:16.156+0000][7][safepoint    ] Safepoint "Cleanup", Time since last: 1004091520 ns, Reaching safepoint: 188504 ns, At safepoint: 6973 ns, Total: 195477 ns
[2021-11-03T06:11:17.159+0000][7][safepoint    ] Safepoint "Cleanup", Time since last: 1002674524 ns, Reaching safepoint: 196616 ns, At safepoint: 7798 ns, Total: 204414 ns
[2021-11-03T06:11:18.167+0000][7][safepoint    ] Safepoint "Cleanup", Time since last: 1007779839 ns, Reaching safepoint: 179816 ns, At safepoint: 6463 ns, Total: 186279 ns
[2021-11-03T06:11:19.172+0000][7][safepoint    ] Safepoint "Cleanup", Time since last: 1005128554 ns, Reaching safepoint: 176677 ns, At safepoint: 6746 ns, Total: 183423 ns
[2021-11-03T06:11:20.175+0000][7][safepoint    ] Safepoint "Cleanup", Time since last: 1002729051 ns, Reaching safepoint: 167041 ns, At safepoint: 6975 ns, Total: 174016 ns
[2021-11-03T06:11:21.179+0000][7][safepoint    ] Safepoint "Cleanup", Time since last: 1003065868 ns, Reaching safepoint: 175397 ns, At safepoint: 6842 ns, Total: 182239 ns
[2021-11-03T06:11:22.181+0000][7][safepoint    ] Safepoint "Cleanup", Time since last: 1001973788 ns, Reaching safepoint: 177560 ns, At safepoint: 3892 ns, Total: 181452 ns
[2021-11-03T06:11:23.184+0000][7][safepoint    ] Safepoint "Cleanup", Time since last: 1002651869 ns, Reaching safepoint: 581952 ns, At safepoint: 15425 ns, Total: 597377 ns
[2021-11-03T06:11:24.187+0000][7][safepoint    ] Safepoint "Cleanup", Time since last: 1002843521 ns, Reaching safepoint: 644981 ns, At safepoint: 32821 ns, Total: 677802 ns
[2021-11-03T06:11:25.191+0000][7][safepoint    ] Safepoint "Cleanup", Time since last: 1003210903 ns, Reaching safepoint: 184446 ns, At safepoint: 5142 ns, Total: 189588 ns
[2021-11-03T06:11:26.193+0000][7][safepoint    ] Safepoint "Cleanup", Time since last: 1002303142 ns, Reaching safepoint: 254070 ns, At safepoint: 7080 ns, Total: 261150 ns
[2021-11-03T06:11:27.196+0000][7][safepoint    ] Safepoint "Cleanup", Time since last: 1002769383 ns, Reaching safepoint: 113806 ns, At safepoint: 2614 ns, Total: 116420 ns
[2021-11-03T06:11:28.198+0000][7][safepoint    ] Safepoint "Cleanup", Time since last: 1001304201 ns, Reaching safepoint: 257840 ns, At safepoint: 6529 ns, Total: 264369 ns
[2021-11-03T06:11:29.201+0000][7][safepoint    ] Safepoint "Cleanup", Time since last: 1002466509 ns, Reaching safepoint: 182501 ns, At safepoint: 3770 ns, Total: 186271 ns
[2021-11-03T06:11:30.202+0000][7][safepoint    ] Safepoint "Cleanup", Time since last: 1001345454 ns, Reaching safepoint: 126372 ns, At safepoint: 3655 ns, Total: 130027 ns
[2021-11-03T06:11:31.204+0000][7][safepoint    ] Safepoint "Cleanup", Time since last: 1001796162 ns, Reaching safepoint: 104036 ns, At safepoint: 2755 ns, Total: 106791 ns
[2021-11-03T06:11:32.184+0000][7][safepoint    ] Safepoint "Cleanup", Time since last: 1001061104 ns, Reaching safepoint: 167728 ns, At safepoint: 6283 ns, Total: 174011 ns
[2021-11-03T06:11:33.189+0000][7][safepoint    ] Safepoint "Cleanup", Time since last: 1002251310 ns, Reaching safepoint: 2568207 ns, At safepoint: 58809 ns, Total: 2627016 ns
[2021-11-03T06:11:34.191+0000][7][safepoint    ] Safepoint "Cleanup", Time since last: 1002435135 ns, Reaching safepoint: 102242 ns, At safepoint: 2730 ns, Total: 104972 ns
[2021-11-03T06:11:35.194+0000][7][safepoint    ] Safepoint "Cleanup", Time since last: 1001894286 ns, Reaching safepoint: 348327 ns, At safepoint: 7691 ns, Total: 356018 ns
[2021-11-03T06:11:36.198+0000][7][safepoint    ] Safepoint "Cleanup", Time since last: 1003905443 ns, Reaching safepoint: 246888 ns, At safepoint: 7965 ns, Total: 254853 ns
[2021-11-03T06:11:37.204+0000][7][safepoint    ] Safepoint "Cleanup", Time since last: 1005834443 ns, Reaching safepoint: 192884 ns, At safepoint: 23608 ns, Total: 216492 ns
[2021-11-03T06:11:38.205+0000][7][safepoint    ] Safepoint "Cleanup", Time since last: 1001350355 ns, Reaching safepoint: 152422 ns, At safepoint: 5000 ns, Total: 157422 ns
[2021-11-03T06:11:39.208+0000][7][safepoint    ] Safepoint "Cleanup", Time since last: 1002011107 ns, Reaching safepoint: 279717 ns, At safepoint: 7526 ns, Total: 287243 ns
[2021-11-03T06:11:40.214+0000][7][safepoint    ] Safepoint "Cleanup", Time since last: 1006392847 ns, Reaching safepoint: 244039 ns, At safepoint: 7401 ns, Total: 251440 ns
[2021-11-03T06:11:41.220+0000][7][safepoint    ] Safepoint "Cleanup", Time since last: 1005253576 ns, Reaching safepoint: 235940 ns, At safepoint: 7130 ns, Total: 243070 ns
[2021-11-03T06:11:42.222+0000][7][safepoint    ] Safepoint "Cleanup", Time since last: 1002291994 ns, Reaching safepoint: 169195 ns, At safepoint: 5815 ns, Total: 175010 ns
[2021-11-03T06:11:43.224+0000][7][safepoint    ] Safepoint "Cleanup", Time since last: 1002088781 ns, Reaching safepoint: 214088 ns, At safepoint: 6361 ns, Total: 220449 ns
[2021-11-03T06:11:44.227+0000][7][safepoint    ] Safepoint "Cleanup", Time since last: 1002351590 ns, Reaching safepoint: 259594 ns, At safepoint: 7529 ns, Total: 267123 ns
[2021-11-03T06:11:45.231+0000][7][safepoint    ] Safepoint "Cleanup", Time since last: 1004050501 ns, Reaching safepoint: 134165 ns, At safepoint: 3665 ns, Total: 137830 ns
[2021-11-03T06:11:46.233+0000][7][safepoint    ] Safepoint "Cleanup", Time since last: 1001752517 ns, Reaching safepoint: 182868 ns, At safepoint: 4480 ns, Total: 187348 ns
[2021-11-03T06:11:47.235+0000][7][safepoint    ] Safepoint "Cleanup", Time since last: 1001435382 ns, Reaching safepoint: 176253 ns, At safepoint: 6377 ns, Total: 182630 ns
[2021-11-03T06:11:48.239+0000][7][safepoint    ] Safepoint "Cleanup", Time since last: 1004209195 ns, Reaching safepoint: 182224 ns, At safepoint: 7650 ns, Total: 189874 ns
[2021-11-03T06:11:49.242+0000][7][safepoint    ] Safepoint "Cleanup", Time since last: 1002804951 ns, Reaching safepoint: 181658 ns, At safepoint: 6856 ns, Total: 188514 ns
[2021-11-03T06:11:50.245+0000][7][safepoint    ] Safepoint "Cleanup", Time since last: 1002368553 ns, Reaching safepoint: 172984 ns, At safepoint: 6650 ns, Total: 179634 ns
[2021-11-03T06:11:51.248+0000][7][safepoint    ] Safepoint "Cleanup", Time since last: 1002511955 ns, Reaching safepoint: 514596 ns, At safepoint: 9114 ns, Total: 523710 ns
[2021-11-03T06:11:52.252+0000][7][safepoint    ] Safepoint "Cleanup", Time since last: 1004151616 ns, Reaching safepoint: 175834 ns, At safepoint: 6763 ns, Total: 182597 ns
[2021-11-03T06:11:53.257+0000][7][safepoint    ] Safepoint "Cleanup", Time since last: 1004818857 ns, Reaching safepoint: 173586 ns, At safepoint: 6750 ns, Total: 180336 ns
[2021-11-03T06:11:54.260+0000][7][safepoint    ] Safepoint "Cleanup", Time since last: 1002429952 ns, Reaching safepoint: 206223 ns, At safepoint: 17182 ns, Total: 223405 ns
[2021-11-03T06:11:55.262+0000][7][safepoint    ] Safepoint "Cleanup", Time since last: 1001453920 ns, Reaching safepoint: 457982 ns, At safepoint: 9220 ns, Total: 467202 ns
[2021-11-03T06:11:56.264+0000][7][safepoint    ] Safepoint "Cleanup", Time since last: 1001839455 ns, Reaching safepoint: 88314 ns, At safepoint: 2565 ns, Total: 90879 ns
[2021-11-03T06:11:57.265+0000][7][safepoint    ] Safepoint "Cleanup", Time since last: 1001394206 ns, Reaching safepoint: 354161 ns, At safepoint: 8962 ns, Total: 363123 ns
[2021-11-03T06:11:58.268+0000][7][safepoint    ] Safepoint "Cleanup", Time since last: 1002039990 ns, Reaching safepoint: 162135 ns, At safepoint: 3973 ns, Total: 166108 ns
[2021-11-03T06:11:59.270+0000][7][safepoint    ] Safepoint "Cleanup", Time since last: 1002406361 ns, Reaching safepoint: 179296 ns, At safepoint: 6933 ns, Total: 186229 ns
[2021-11-03T06:12:00.276+0000][7][safepoint    ] Safepoint "Cleanup", Time since last: 1005654438 ns, Reaching safepoint: 181451 ns, At safepoint: 7192 ns, Total: 188643 ns
[2021-11-03T06:12:01.280+0000][7][safepoint    ] Safepoint "Cleanup", Time since last: 1003332147 ns, Reaching safepoint: 176545 ns, At safepoint: 6460 ns, Total: 183005 ns
[2021-11-03T06:12:02.265+0000][7][safepoint    ] Safepoint "Cleanup", Time since last: 1006289472 ns, Reaching safepoint: 183315 ns, At safepoint: 6693 ns, Total: 190008 ns
[2021-11-03T06:12:03.268+0000][7][safepoint    ] Safepoint "Cleanup", Time since last: 1002483015 ns, Reaching safepoint: 393324 ns, At safepoint: 20645 ns, Total: 413969 ns
[2021-11-03T06:12:04.272+0000][7][safepoint    ] Safepoint "Cleanup", Time since last: 1003681368 ns, Reaching safepoint: 200510 ns, At safepoint: 8145 ns, Total: 208655 ns
[2021-11-03T06:12:05.275+0000][7][safepoint    ] Safepoint "Cleanup", Time since last: 1002999113 ns, Reaching safepoint: 461202 ns, At safepoint: 11867 ns, Total: 473069 ns
[2021-11-03T06:12:06.278+0000][7][safepoint    ] Safepoint "Cleanup", Time since last: 1003243570 ns, Reaching safepoint: 179333 ns, At safepoint: 6582 ns, Total: 185915 ns
[2021-11-03T06:12:07.282+0000][7][safepoint    ] Safepoint "Cleanup", Time since last: 1003243059 ns, Reaching safepoint: 405516 ns, At safepoint: 129822 ns, Total: 535338 ns
[2021-11-03T06:12:08.288+0000][7][safepoint    ] Safepoint "Cleanup", Time since last: 1005195205 ns, Reaching safepoint: 222762 ns, At safepoint: 12949 ns, Total: 235711 ns
[2021-11-03T06:12:09.292+0000][7][safepoint    ] Safepoint "Cleanup", Time since last: 1003540400 ns, Reaching safepoint: 509716 ns, At safepoint: 13835 ns, Total: 523551 ns
[2021-11-03T06:12:10.296+0000][7][safepoint    ] Safepoint "Cleanup", Time since last: 1003855284 ns, Reaching safepoint: 684213 ns, At safepoint: 15082 ns, Total: 699295 ns
[2021-11-03T06:12:11.300+0000][7][safepoint    ] Safepoint "Cleanup", Time since last: 1002847986 ns, Reaching safepoint: 384862 ns, At safepoint: 12962 ns, Total: 397824 ns
[2021-11-03T06:12:12.303+0000][7][safepoint    ] Safepoint "Cleanup", Time since last: 1002619656 ns, Reaching safepoint: 405477 ns, At safepoint: 13668 ns, Total: 419145 ns
[2021-11-03T06:12:13.307+0000][7][safepoint    ] Safepoint "Cleanup", Time since last: 1003614396 ns, Reaching safepoint: 391237 ns, At safepoint: 7221 ns, Total: 398458 ns
[2021-11-03T06:12:14.310+0000][7][safepoint    ] Safepoint "Cleanup", Time since last: 1002794640 ns, Reaching safepoint: 278908 ns, At safepoint: 8314 ns, Total: 287222 ns
[2021-11-03T06:12:15.313+0000][7][safepoint    ] Safepoint "Cleanup", Time since last: 1002916469 ns, Reaching safepoint: 151543 ns, At safepoint: 4199 ns, Total: 155742 ns
[2021-11-03T06:12:16.315+0000][7][safepoint    ] Safepoint "Cleanup", Time since last: 1001673320 ns, Reaching safepoint: 184176 ns, At safepoint: 4975 ns, Total: 189151 ns
[2021-11-03T06:12:17.317+0000][7][safepoint    ] Safepoint "Cleanup", Time since last: 1001741882 ns, Reaching safepoint: 196739 ns, At safepoint: 3927 ns, Total: 200666 ns
[2021-11-03T06:12:18.318+0000][7][safepoint    ] Safepoint "Cleanup", Time since last: 1001404949 ns, Reaching safepoint: 211225 ns, At safepoint: 5718 ns, Total: 216943 ns
[2021-11-03T06:12:19.320+0000][7][safepoint    ] Safepoint "Cleanup", Time since last: 1001632777 ns, Reaching safepoint: 137069 ns, At safepoint: 3587 ns, Total: 140656 ns
[2021-11-03T06:12:20.321+0000][7][safepoint    ] Safepoint "Cleanup", Time since last: 1001231552 ns, Reaching safepoint: 110226 ns, At safepoint: 2861 ns, Total: 113087 ns
[2021-11-03T06:12:21.323+0000][7][safepoint    ] Safepoint "Cleanup", Time since last: 1001049886 ns, Reaching safepoint: 194321 ns, At safepoint: 3878 ns, Total: 198199 ns
[2021-11-03T06:12:22.324+0000][7][safepoint    ] Safepoint "Cleanup", Time since last: 1001540404 ns, Reaching safepoint: 125896 ns, At safepoint: 4123 ns, Total: 130019 ns
[2021-11-03T06:12:23.327+0000][7][safepoint    ] Safepoint "Cleanup", Time since last: 1002569295 ns, Reaching safepoint: 95994 ns, At safepoint: 3513 ns, Total: 99507 ns
[2021-11-03T06:12:24.329+0000][7][safepoint    ] Safepoint "Cleanup", Time since last: 1001933008 ns, Reaching safepoint: 99705 ns, At safepoint: 3143 ns, Total: 102848 ns
[2021-11-03T06:12:25.331+0000][7][safepoint    ] Safepoint "Cleanup", Time since last: 1001512415 ns, Reaching safepoint: 292943 ns, At safepoint: 9463 ns, Total: 302406 ns
[2021-11-03T06:12:26.333+0000][7][safepoint    ] Safepoint "Cleanup", Time since last: 1002583339 ns, Reaching safepoint: 176919 ns, At safepoint: 5356 ns, Total: 182275 ns
[2021-11-03T06:12:27.336+0000][7][safepoint    ] Safepoint "Cleanup", Time since last: 1002718140 ns, Reaching safepoint: 204177 ns, At safepoint: 6105 ns, Total: 210282 ns
[2021-11-03T06:12:28.338+0000][7][safepoint    ] Safepoint "Cleanup", Time since last: 1001879025 ns, Reaching safepoint: 102753 ns, At safepoint: 2761 ns, Total: 105514 ns
[2021-11-03T06:12:29.339+0000][7][safepoint    ] Safepoint "Cleanup", Time since last: 1000848464 ns, Reaching safepoint: 201332 ns, At safepoint: 5806 ns, Total: 207138 ns
[2021-11-03T06:12:30.341+0000][7][safepoint    ] Safepoint "Cleanup", Time since last: 1001574066 ns, Reaching safepoint: 87710 ns, At safepoint: 2194 ns, Total: 89904 ns
[2021-11-03T06:12:31.321+0000][7][safepoint    ] Safepoint "Cleanup", Time since last: 1000849186 ns, Reaching safepoint: 149659 ns, At safepoint: 3517 ns, Total: 153176 ns
[2021-11-03T06:12:32.322+0000][7][safepoint    ] Safepoint "Cleanup", Time since last: 1000995294 ns, Reaching safepoint: 201383 ns, At safepoint: 4256 ns, Total: 205639 ns
[2021-11-03T06:12:33.324+0000][7][safepoint    ] Safepoint "Cleanup", Time since last: 1001282771 ns, Reaching safepoint: 167120 ns, At safepoint: 3185 ns, Total: 170305 ns
[2021-11-03T06:12:34.325+0000][7][safepoint    ] Safepoint "Cleanup", Time since last: 1001102319 ns, Reaching safepoint: 150970 ns, At safepoint: 5899 ns, Total: 156869 ns
[2021-11-03T06:12:35.326+0000][7][safepoint    ] Safepoint "Cleanup", Time since last: 1001145868 ns, Reaching safepoint: 135905 ns, At safepoint: 3810 ns, Total: 139715 ns
[2021-11-03T06:12:36.331+0000][7][safepoint    ] Safepoint "Cleanup", Time since last: 1004941300 ns, Reaching safepoint: 176798 ns, At safepoint: 8045 ns, Total: 184843 ns
[2021-11-03T06:12:37.333+0000][7][safepoint    ] Safepoint "Cleanup", Time since last: 1001344171 ns, Reaching safepoint: 157809 ns, At safepoint: 3167 ns, Total: 160976 ns
[2021-11-03T06:12:38.338+0000][7][safepoint    ] Safepoint "Cleanup", Time since last: 1005445066 ns, Reaching safepoint: 112531 ns, At safepoint: 2671 ns, Total: 115202 ns
[2021-11-03T06:12:39.340+0000][7][safepoint    ] Safepoint "Cleanup", Time since last: 1001907028 ns, Reaching safepoint: 118089 ns, At safepoint: 4173 ns, Total: 122262 ns
[2021-11-03T06:12:40.343+0000][7][safepoint    ] Safepoint "Cleanup", Time since last: 1002406660 ns, Reaching safepoint: 197686 ns, At safepoint: 3288 ns, Total: 200974 ns
[2021-11-03T06:12:41.348+0000][7][safepoint    ] Safepoint "Cleanup", Time since last: 1004419691 ns, Reaching safepoint: 169663 ns, At safepoint: 3632 ns, Total: 173295 ns
[2021-11-03T06:12:42.349+0000][7][safepoint    ] Safepoint "Cleanup", Time since last: 1000891007 ns, Reaching safepoint: 140015 ns, At safepoint: 3486 ns, Total: 143501 ns
[2021-11-03T06:12:43.353+0000][7][safepoint    ] Safepoint "Cleanup", Time since last: 1003821733 ns, Reaching safepoint: 167453 ns, At safepoint: 3241 ns, Total: 170694 ns
[2021-11-03T06:12:44.354+0000][7][safepoint    ] Safepoint "Cleanup", Time since last: 1000721088 ns, Reaching safepoint: 213734 ns, At safepoint: 9792 ns, Total: 223526 ns
[2021-11-03T06:12:45.356+0000][7][safepoint    ] Safepoint "Cleanup", Time since last: 1001886813 ns, Reaching safepoint: 105315 ns, At safepoint: 2491 ns, Total: 107806 ns
[2021-11-03T06:12:46.357+0000][7][safepoint    ] Safepoint "Cleanup", Time since last: 1001746585 ns, Reaching safepoint: 103291 ns, At safepoint: 2725 ns, Total: 106016 ns
[2021-11-03T06:12:47.361+0000][7][safepoint    ] Safepoint "Cleanup", Time since last: 1003648976 ns, Reaching safepoint: 172844 ns, At safepoint: 2970 ns, Total: 175814 ns
[2021-11-03T06:12:48.362+0000][7][safepoint    ] Safepoint "Cleanup", Time since last: 1000898784 ns, Reaching safepoint: 130457 ns, At safepoint: 3953 ns, Total: 134410 ns
[2021-11-03T06:12:49.365+0000][7][safepoint    ] Safepoint "Cleanup", Time since last: 1002393748 ns, Reaching safepoint: 281226 ns, At safepoint: 5215 ns, Total: 286441 ns
[2021-11-03T06:12:50.367+0000][7][safepoint    ] Safepoint "Cleanup", Time since last: 1001415725 ns, Reaching safepoint: 131228 ns, At safepoint: 3673 ns, Total: 134901 ns
[2021-11-03T06:12:51.371+0000][7][safepoint    ] Safepoint "Cleanup", Time since last: 1004891295 ns, Reaching safepoint: 92263 ns, At safepoint: 2561 ns, Total: 94824 ns
[2021-11-03T06:12:52.374+0000][7][safepoint    ] Safepoint "Cleanup", Time since last: 1001993852 ns, Reaching safepoint: 214394 ns, At safepoint: 5295 ns, Total: 219689 ns
[2021-11-03T06:12:53.375+0000][7][safepoint    ] Safepoint "Cleanup", Time since last: 1001434177 ns, Reaching safepoint: 85873 ns, At safepoint: 2392 ns, Total: 88265 ns
[2021-11-03T06:12:54.378+0000][7][safepoint    ] Safepoint "Cleanup", Time since last: 1002310564 ns, Reaching safepoint: 158473 ns, At safepoint: 4545 ns, Total: 163018 ns
[2021-11-03T06:12:55.382+0000][7][safepoint    ] Safepoint "Cleanup", Time since last: 1004180263 ns, Reaching safepoint: 296672 ns, At safepoint: 6900 ns, Total: 303572 ns
[2021-11-03T06:12:56.384+0000][7][safepoint    ] Safepoint "Cleanup", Time since last: 1001724129 ns, Reaching safepoint: 175021 ns, At safepoint: 3884 ns, Total: 178905 ns
[2021-11-03T06:12:57.386+0000][7][safepoint    ] Safepoint "Cleanup", Time since last: 1001364246 ns, Reaching safepoint: 99412 ns, At safepoint: 2513 ns, Total: 101925 ns
[2021-11-03T06:12:58.391+0000][7][safepoint    ] Safepoint "Cleanup", Time since last: 1004827858 ns, Reaching safepoint: 142615 ns, At safepoint: 3986 ns, Total: 146601 ns
[2021-11-03T06:12:59.394+0000][7][safepoint    ] Safepoint "Cleanup", Time since last: 1003228584 ns, Reaching safepoint: 469907 ns, At safepoint: 8832 ns, Total: 478739 ns
[2021-11-03T06:13:00.398+0000][7][safepoint    ] Safepoint "Cleanup", Time since last: 1003031244 ns, Reaching safepoint: 239441 ns, At safepoint: 6611 ns, Total: 246052 ns
[2021-11-03T06:13:01.380+0000][7][safepoint    ] Safepoint "Cleanup", Time since last: 1003209714 ns, Reaching safepoint: 176501 ns, At safepoint: 7282 ns, Total: 183783 ns
[2021-11-03T06:13:02.382+0000][7][safepoint    ] Safepoint "Cleanup", Time since last: 1002128830 ns, Reaching safepoint: 168659 ns, At safepoint: 4716 ns, Total: 173375 ns
[2021-11-03T06:13:03.384+0000][7][safepoint    ] Safepoint "Cleanup", Time since last: 1002062035 ns, Reaching safepoint: 172212 ns, At safepoint: 6286 ns, Total: 178498 ns
[2021-11-03T06:13:04.388+0000][7][safepoint    ] Safepoint "Cleanup", Time since last: 1002993803 ns, Reaching safepoint: 403506 ns, At safepoint: 18545 ns, Total: 422051 ns
[2021-11-03T06:13:05.390+0000][7][safepoint    ] Safepoint "Cleanup", Time since last: 1002300867 ns, Reaching safepoint: 240333 ns, At safepoint: 7216 ns, Total: 247549 ns
[2021-11-03T06:13:06.394+0000][7][safepoint    ] Safepoint "Cleanup", Time since last: 1003051165 ns, Reaching safepoint: 296516 ns, At safepoint: 8489 ns, Total: 305005 ns
[2021-11-03T06:13:07.397+0000][7][safepoint    ] Safepoint "Cleanup", Time since last: 1003226634 ns, Reaching safepoint: 192765 ns, At safepoint: 4203 ns, Total: 196968 ns
[2021-11-03T06:13:08.399+0000][7][safepoint    ] Safepoint "Cleanup", Time since last: 1001487482 ns, Reaching safepoint: 362190 ns, At safepoint: 9521 ns, Total: 371711 ns
[2021-11-03T06:13:09.401+0000][7][safepoint    ] Safepoint "Cleanup", Time since last: 1002075632 ns, Reaching safepoint: 462853 ns, At safepoint: 10111 ns, Total: 472964 ns
[2021-11-03T06:13:10.405+0000][7][safepoint    ] Safepoint "Cleanup", Time since last: 1002844051 ns, Reaching safepoint: 498872 ns, At safepoint: 12190 ns, Total: 511062 ns
[2021-11-03T06:13:11.408+0000][7][safepoint    ] Safepoint "Cleanup", Time since last: 1002640989 ns, Reaching safepoint: 181235 ns, At safepoint: 6214 ns, Total: 187449 ns
[2021-11-03T06:13:12.411+0000][7][safepoint    ] Safepoint "Cleanup", Time since last: 1003705538 ns, Reaching safepoint: 102905 ns, At safepoint: 2703 ns, Total: 105608 ns
[2021-11-03T06:13:13.413+0000][7][safepoint    ] Safepoint "Cleanup", Time since last: 1001060856 ns, Reaching safepoint: 131085 ns, At safepoint: 5160 ns, Total: 136245 ns
[2021-11-03T06:13:14.415+0000][7][safepoint    ] Safepoint "Cleanup", Time since last: 1002201123 ns, Reaching safepoint: 180419 ns, At safepoint: 6827 ns, Total: 187246 ns
[2021-11-03T06:13:15.419+0000][7][safepoint    ] Safepoint "Cleanup", Time since last: 1003807933 ns, Reaching safepoint: 279706 ns, At safepoint: 11289 ns, Total: 290995 ns
[2021-11-03T06:13:16.424+0000][7][safepoint    ] Safepoint "Cleanup", Time since last: 1004055717 ns, Reaching safepoint: 412334 ns, At safepoint: 13086 ns, Total: 425420 ns
[2021-11-03T06:13:17.426+0000][7][safepoint    ] Safepoint "Cleanup", Time since last: 1002384122 ns, Reaching safepoint: 242750 ns, At safepoint: 6205 ns, Total: 248955 ns
[2021-11-03T06:13:18.428+0000][7][safepoint    ] Safepoint "Cleanup", Time since last: 1001776526 ns, Reaching safepoint: 124360 ns, At safepoint: 3420 ns, Total: 127780 ns
[2021-11-03T06:13:19.429+0000][7][safepoint    ] Safepoint "Cleanup", Time since last: 1001029511 ns, Reaching safepoint: 97559 ns, At safepoint: 2151 ns, Total: 99710 ns
[2021-11-03T06:13:20.431+0000][7][safepoint    ] Safepoint "Cleanup", Time since last: 1001119859 ns, Reaching safepoint: 752631 ns, At safepoint: 23199 ns, Total: 775830 ns
[2021-11-03T06:13:21.434+0000][7][safepoint    ] Safepoint "Cleanup", Time since last: 1002371811 ns, Reaching safepoint: 247737 ns, At safepoint: 6246 ns, Total: 253983 ns
[2021-11-03T06:13:22.440+0000][7][safepoint    ] Safepoint "Cleanup", Time since last: 1005825584 ns, Reaching safepoint: 700523 ns, At safepoint: 17604 ns, Total: 718127 ns
[2021-11-03T06:13:23.447+0000][7][safepoint    ] Safepoint "Cleanup", Time since last: 1006069549 ns, Reaching safepoint: 191794 ns, At safepoint: 8590 ns, Total: 200384 ns
[2021-11-03T06:13:24.450+0000][7][safepoint    ] Safepoint "Cleanup", Time since last: 1002746215 ns, Reaching safepoint: 322118 ns, At safepoint: 10814 ns, Total: 332932 ns
[2021-11-03T06:13:25.452+0000][7][safepoint    ] Safepoint "Cleanup", Time since last: 1002370659 ns, Reaching safepoint: 332553 ns, At safepoint: 12471 ns, Total: 345024 ns
[2021-11-03T06:13:26.456+0000][7][safepoint    ] Safepoint "Cleanup", Time since last: 1003639330 ns, Reaching safepoint: 134802 ns, At safepoint: 3968 ns, Total: 138770 ns
[2021-11-03T06:13:27.458+0000][7][safepoint    ] Safepoint "Cleanup", Time since last: 1001198790 ns, Reaching safepoint: 160528 ns, At safepoint: 5156 ns, Total: 165684 ns
[2021-11-03T06:13:28.459+0000][7][safepoint    ] Safepoint "Cleanup", Time since last: 1001760773 ns, Reaching safepoint: 168242 ns, At safepoint: 6117 ns, Total: 174359 ns
[2021-11-03T06:13:29.464+0000][7][safepoint    ] Safepoint "Cleanup", Time since last: 1003787048 ns, Reaching safepoint: 351786 ns, At safepoint: 10990 ns, Total: 362776 ns
[2021-11-03T06:13:30.466+0000][7][safepoint    ] Safepoint "Cleanup", Time since last: 1002247810 ns, Reaching safepoint: 178873 ns, At safepoint: 4706 ns, Total: 183579 ns
[2021-11-03T06:13:31.447+0000][7][safepoint    ] Safepoint "Cleanup", Time since last: 1001624101 ns, Reaching safepoint: 375276 ns, At safepoint: 9347 ns, Total: 384623 ns
[2021-11-03T06:13:32.449+0000][7][safepoint    ] Safepoint "Cleanup", Time since last: 1001533178 ns, Reaching safepoint: 301207 ns, At safepoint: 17048 ns, Total: 318255 ns
[2021-11-03T06:13:33.451+0000][7][safepoint    ] Safepoint "Cleanup", Time since last: 1002056768 ns, Reaching safepoint: 109697 ns, At safepoint: 2897 ns, Total: 112594 ns
[2021-11-03T06:13:34.455+0000][7][safepoint    ] Safepoint "Cleanup", Time since last: 1003915460 ns, Reaching safepoint: 401587 ns, At safepoint: 21794 ns, Total: 423381 ns
[2021-11-03T06:13:35.460+0000][7][safepoint    ] Safepoint "Cleanup", Time since last: 1003941208 ns, Reaching safepoint: 407944 ns, At safepoint: 9040 ns, Total: 416984 ns
[2021-11-03T06:13:36.462+0000][7][safepoint    ] Safepoint "Cleanup", Time since last: 1002207911 ns, Reaching safepoint: 131551 ns, At safepoint: 4179 ns, Total: 135730 ns
[2021-11-03T06:13:37.463+0000][7][safepoint    ] Safepoint "Cleanup", Time since last: 1001279637 ns, Reaching safepoint: 138061 ns, At safepoint: 3291 ns, Total: 141352 ns
[2021-11-03T06:13:38.465+0000][7][safepoint    ] Safepoint "Cleanup", Time since last: 1001566324 ns, Reaching safepoint: 110586 ns, At safepoint: 2799 ns, Total: 113385 ns
[2021-11-03T06:13:39.467+0000][7][safepoint    ] Safepoint "Cleanup", Time since last: 1001819335 ns, Reaching safepoint: 534513 ns, At safepoint: 20316 ns, Total: 554829 ns
[2021-11-03T06:13:40.477+0000][7][safepoint    ] Safepoint "Cleanup", Time since last: 1002647801 ns, Reaching safepoint: 6518770 ns, At safepoint: 15313 ns, Total: 6534083 ns
[2021-11-03T06:13:41.479+0000][7][safepoint    ] Safepoint "Cleanup", Time since last: 1001968933 ns, Reaching safepoint: 424326 ns, At safepoint: 7338 ns, Total: 431664 ns
[2021-11-03T06:13:42.482+0000][7][safepoint    ] Safepoint "Cleanup", Time since last: 1002856678 ns, Reaching safepoint: 131332 ns, At safepoint: 3203 ns, Total: 134535 ns
[2021-11-03T06:13:43.484+0000][7][safepoint    ] Safepoint "Cleanup", Time since last: 1002392815 ns, Reaching safepoint: 101108 ns, At safepoint: 32761 ns, Total: 133869 ns
[2021-11-03T06:13:44.486+0000][7][safepoint    ] Safepoint "Cleanup", Time since last: 1001290329 ns, Reaching safepoint: 186016 ns, At safepoint: 6169 ns, Total: 192185 ns
[2021-11-03T06:13:45.490+0000][7][safepoint    ] Safepoint "Cleanup", Time since last: 1004071645 ns, Reaching safepoint: 176908 ns, At safepoint: 7374 ns, Total: 184282 ns
[2021-11-03T06:13:46.494+0000][7][safepoint    ] Safepoint "Cleanup", Time since last: 1004026836 ns, Reaching safepoint: 172781 ns, At safepoint: 6439 ns, Total: 179220 ns
[2021-11-03T06:13:47.498+0000][7][safepoint    ] Safepoint "Cleanup", Time since last: 1003743919 ns, Reaching safepoint: 91485 ns, At safepoint: 2808 ns, Total: 94293 ns
[2021-11-03T06:13:48.500+0000][7][safepoint    ] Safepoint "Cleanup", Time since last: 1001406436 ns, Reaching safepoint: 243535 ns, At safepoint: 6421 ns, Total: 249956 ns
[2021-11-03T06:13:49.504+0000][7][safepoint    ] Safepoint "Cleanup", Time since last: 1003209677 ns, Reaching safepoint: 501915 ns, At safepoint: 8658 ns, Total: 510573 ns
[2021-11-03T06:13:50.509+0000][7][safepoint    ] Safepoint "Cleanup", Time since last: 1004639775 ns, Reaching safepoint: 357523 ns, At safepoint: 12476 ns, Total: 369999 ns
[2021-11-03T06:13:51.512+0000][7][safepoint    ] Safepoint "Cleanup", Time since last: 1003532524 ns, Reaching safepoint: 293585 ns, At safepoint: 10048 ns, Total: 303633 ns
[2021-11-03T06:13:52.517+0000][7][safepoint    ] Safepoint "Cleanup", Time since last: 1004725156 ns, Reaching safepoint: 170778 ns, At safepoint: 3377 ns, Total: 174155 ns
[2021-11-03T06:13:53.521+0000][7][safepoint    ] Safepoint "Cleanup", Time since last: 1003517977 ns, Reaching safepoint: 349418 ns, At safepoint: 16759 ns, Total: 366177 ns
[2021-11-03T06:13:54.526+0000][7][safepoint    ] Safepoint "Cleanup", Time since last: 1004778020 ns, Reaching safepoint: 176132 ns, At safepoint: 6532 ns, Total: 182664 ns
[2021-11-03T06:13:55.529+0000][7][safepoint    ] Safepoint "Cleanup", Time since last: 1002803623 ns, Reaching safepoint: 156062 ns, At safepoint: 4781 ns, Total: 160843 ns
[2021-11-03T06:13:56.532+0000][7][safepoint    ] Safepoint "Cleanup", Time since last: 1003017978 ns, Reaching safepoint: 201314 ns, At safepoint: 11335 ns, Total: 212649 ns
[2021-11-03T06:13:57.535+0000][7][safepoint    ] Safepoint "Cleanup", Time since last: 1001907526 ns, Reaching safepoint: 425289 ns, At safepoint: 8469 ns, Total: 433758 ns
[2021-11-03T06:13:58.538+0000][7][safepoint    ] Safepoint "Cleanup", Time since last: 1002734465 ns, Reaching safepoint: 352994 ns, At safepoint: 6761 ns, Total: 359755 ns
[2021-11-03T06:13:59.542+0000][7][safepoint    ] Safepoint "Cleanup", Time since last: 1003633781 ns, Reaching safepoint: 327543 ns, At safepoint: 6691 ns, Total: 334234 ns
[2021-11-03T06:14:00.545+0000][7][safepoint    ] Safepoint "Cleanup", Time since last: 1003071109 ns, Reaching safepoint: 271634 ns, At safepoint: 6755 ns, Total: 278389 ns
[2021-11-03T06:14:01.528+0000][7][safepoint    ] Safepoint "Cleanup", Time since last: 1002471171 ns, Reaching safepoint: 1232731 ns, At safepoint: 70177 ns, Total: 1302908 ns
[2021-11-03T06:14:02.530+0000][7][safepoint    ] Safepoint "Cleanup", Time since last: 1002180955 ns, Reaching safepoint: 299553 ns, At safepoint: 11848 ns, Total: 311401 ns
[2021-11-03T06:14:03.533+0000][7][safepoint    ] Safepoint "Cleanup", Time since last: 1002302372 ns, Reaching safepoint: 483331 ns, At safepoint: 10663 ns, Total: 493994 ns
[2021-11-03T06:14:04.536+0000][7][safepoint    ] Safepoint "Cleanup", Time since last: 1002155239 ns, Reaching safepoint: 386850 ns, At safepoint: 7273 ns, Total: 394123 ns
[2021-11-03T06:14:05.542+0000][7][safepoint    ] Safepoint "Cleanup", Time since last: 1005316774 ns, Reaching safepoint: 435816 ns, At safepoint: 9598 ns, Total: 445414 ns
[2021-11-03T06:14:06.546+0000][7][safepoint    ] Safepoint "Cleanup", Time since last: 1004182855 ns, Reaching safepoint: 258140 ns, At safepoint: 12309 ns, Total: 270449 ns
[2021-11-03T06:14:07.550+0000][7][safepoint    ] Safepoint "Cleanup", Time since last: 1003253180 ns, Reaching safepoint: 393178 ns, At safepoint: 7542 ns, Total: 400720 ns
[2021-11-03T06:14:08.551+0000][7][safepoint    ] Safepoint "Cleanup", Time since last: 1001516117 ns, Reaching safepoint: 133471 ns, At safepoint: 4935 ns, Total: 138406 ns
[2021-11-03T06:14:09.553+0000][7][safepoint    ] Safepoint "Cleanup", Time since last: 1001598477 ns, Reaching safepoint: 175689 ns, At safepoint: 4302 ns, Total: 179991 ns
[2021-11-03T06:14:10.557+0000][7][safepoint    ] Safepoint "Cleanup", Time since last: 1003945021 ns, Reaching safepoint: 254675 ns, At safepoint: 7089 ns, Total: 261764 ns
[2021-11-03T06:14:11.562+0000][7][safepoint    ] Safepoint "Cleanup", Time since last: 1004403214 ns, Reaching safepoint: 386521 ns, At safepoint: 8348 ns, Total: 394869 ns
[2021-11-03T06:14:12.564+0000][7][safepoint    ] Safepoint "Cleanup", Time since last: 1002091624 ns, Reaching safepoint: 244853 ns, At safepoint: 7521 ns, Total: 252374 ns
[2021-11-03T06:14:13.570+0000][7][safepoint    ] Safepoint "Cleanup", Time since last: 1005678068 ns, Reaching safepoint: 267315 ns, At safepoint: 8568 ns, Total: 275883 ns
[2021-11-03T06:14:14.573+0000][7][safepoint    ] Safepoint "Cleanup", Time since last: 1002047757 ns, Reaching safepoint: 220060 ns, At safepoint: 4657 ns, Total: 224717 ns
[2021-11-03T06:14:15.574+0000][7][safepoint    ] Safepoint "Cleanup", Time since last: 1001462941 ns, Reaching safepoint: 288896 ns, At safepoint: 7619 ns, Total: 296515 ns
[2021-11-03T06:14:16.580+0000][7][safepoint    ] Safepoint "Cleanup", Time since last: 1005190274 ns, Reaching safepoint: 182326 ns, At safepoint: 5444 ns, Total: 187770 ns
[2021-11-03T06:14:17.584+0000][7][safepoint    ] Safepoint "Cleanup", Time since last: 1004541368 ns, Reaching safepoint: 105520 ns, At safepoint: 2736 ns, Total: 108256 ns
[2021-11-03T06:14:18.593+0000][7][safepoint    ] Safepoint "Cleanup", Time since last: 1008355552 ns, Reaching safepoint: 209028 ns, At safepoint: 5628 ns, Total: 214656 ns
[2021-11-03T06:14:19.596+0000][7][safepoint    ] Safepoint "Cleanup", Time since last: 1002594104 ns, Reaching safepoint: 181865 ns, At safepoint: 7441 ns, Total: 189306 ns
[2021-11-03T06:14:20.599+0000][7][safepoint    ] Safepoint "Cleanup", Time since last: 1003002787 ns, Reaching safepoint: 98494 ns, At safepoint: 2631 ns, Total: 101125 ns
[2021-11-03T06:14:21.600+0000][7][safepoint    ] Safepoint "Cleanup", Time since last: 1001106719 ns, Reaching safepoint: 106444 ns, At safepoint: 3130 ns, Total: 109574 ns
[2021-11-03T06:14:22.602+0000][7][safepoint    ] Safepoint "Cleanup", Time since last: 1001345408 ns, Reaching safepoint: 126206 ns, At safepoint: 2867 ns, Total: 129073 ns
[2021-11-03T06:14:23.604+0000][7][safepoint    ] Safepoint "Cleanup", Time since last: 1001570471 ns, Reaching safepoint: 431419 ns, At safepoint: 10868 ns, Total: 442287 ns
[2021-11-03T06:14:24.606+0000][7][safepoint    ] Safepoint "Cleanup", Time since last: 1002333632 ns, Reaching safepoint: 178546 ns, At safepoint: 3972 ns, Total: 182518 ns
[2021-11-03T06:14:25.611+0000][7][safepoint    ] Safepoint "Cleanup", Time since last: 1004270421 ns, Reaching safepoint: 194397 ns, At safepoint: 11937 ns, Total: 206334 ns
[2021-11-03T06:14:26.613+0000][7][safepoint    ] Safepoint "Cleanup", Time since last: 1002191206 ns, Reaching safepoint: 188958 ns, At safepoint: 4903 ns, Total: 193861 ns
[2021-11-03T06:14:27.617+0000][7][safepoint    ] Safepoint "Cleanup", Time since last: 1003639794 ns, Reaching safepoint: 209031 ns, At safepoint: 5340 ns, Total: 214371 ns
[2021-11-03T06:14:28.619+0000][7][safepoint    ] Safepoint "Cleanup", Time since last: 1002191391 ns, Reaching safepoint: 274817 ns, At safepoint: 4949 ns, Total: 279766 ns
[2021-11-03T06:14:29.622+0000][7][safepoint    ] Safepoint "Cleanup", Time since last: 1002059906 ns, Reaching safepoint: 170741 ns, At safepoint: 4985 ns, Total: 175726 ns
[2021-11-03T06:14:30.623+0000][7][safepoint    ] Safepoint "Cleanup", Time since last: 1001522174 ns, Reaching safepoint: 332080 ns, At safepoint: 11893 ns, Total: 343973 ns
[2021-11-03T06:14:31.606+0000][7][safepoint    ] Safepoint "Cleanup", Time since last: 1003691200 ns, Reaching safepoint: 351206 ns, At safepoint: 7315 ns, Total: 358521 ns
[2021-11-03T06:14:32.610+0000][7][safepoint    ] Safepoint "Cleanup", Time since last: 1003637108 ns, Reaching safepoint: 139928 ns, At safepoint: 3445 ns, Total: 143373 ns
[2021-11-03T06:14:33.612+0000][7][safepoint    ] Safepoint "Cleanup", Time since last: 1002042677 ns, Reaching safepoint: 143864 ns, At safepoint: 3100 ns, Total: 146964 ns
[2021-11-03T06:14:34.613+0000][7][safepoint    ] Safepoint "Cleanup", Time since last: 1001242465 ns, Reaching safepoint: 147660 ns, At safepoint: 5299 ns, Total: 152959 ns
[2021-11-03T06:14:35.617+0000][7][safepoint    ] Safepoint "Cleanup", Time since last: 1003600548 ns, Reaching safepoint: 296937 ns, At safepoint: 12105 ns, Total: 309042 ns
[2021-11-03T06:14:36.621+0000][7][safepoint    ] Safepoint "Cleanup", Time since last: 1002987498 ns, Reaching safepoint: 237534 ns, At safepoint: 7323 ns, Total: 244857 ns
[2021-11-03T06:14:37.624+0000][7][safepoint    ] Safepoint "Cleanup", Time since last: 1003432795 ns, Reaching safepoint: 351180 ns, At safepoint: 7326 ns, Total: 358506 ns
[2021-11-03T06:14:38.627+0000][7][safepoint    ] Safepoint "Cleanup", Time since last: 1002876426 ns, Reaching safepoint: 219792 ns, At safepoint: 5697 ns, Total: 225489 ns
[2021-11-03T06:14:39.632+0000][7][safepoint    ] Safepoint "Cleanup", Time since last: 1003783121 ns, Reaching safepoint: 301950 ns, At safepoint: 8725 ns, Total: 310675 ns
[2021-11-03T06:14:40.634+0000][7][safepoint    ] Safepoint "Cleanup", Time since last: 1001880189 ns, Reaching safepoint: 129523 ns, At safepoint: 3453 ns, Total: 132976 ns
[2021-11-03T06:14:41.637+0000][7][safepoint    ] Safepoint "Cleanup", Time since last: 1003385959 ns, Reaching safepoint: 141996 ns, At safepoint: 3786 ns, Total: 145782 ns
[2021-11-03T06:14:42.640+0000][7][safepoint    ] Safepoint "Cleanup", Time since last: 1002379044 ns, Reaching safepoint: 138328 ns, At safepoint: 3865 ns, Total: 142193 ns
[2021-11-03T06:14:43.643+0000][7][safepoint    ] Safepoint "Cleanup", Time since last: 1002674835 ns, Reaching safepoint: 708468 ns, At safepoint: 311105 ns, Total: 1019573 ns
[2021-11-03T06:14:44.646+0000][7][safepoint    ] Safepoint "Cleanup", Time since last: 1002642646 ns, Reaching safepoint: 107705 ns, At safepoint: 2851 ns, Total: 110556 ns
[2021-11-03T06:14:45.648+0000][7][safepoint    ] Safepoint "Cleanup", Time since last: 1001901422 ns, Reaching safepoint: 351995 ns, At safepoint: 7275 ns, Total: 359270 ns
[2021-11-03T06:14:46.652+0000][7][safepoint    ] Safepoint "Cleanup", Time since last: 1002952319 ns, Reaching safepoint: 235056 ns, At safepoint: 4942 ns, Total: 239998 ns
[2021-11-03T06:14:47.653+0000][7][safepoint    ] Safepoint "Cleanup", Time since last: 1001371167 ns, Reaching safepoint: 158537 ns, At safepoint: 5586 ns, Total: 164123 ns
[2021-11-03T06:14:48.657+0000][7][safepoint    ] Safepoint "Cleanup", Time since last: 1003943098 ns, Reaching safepoint: 367818 ns, At safepoint: 8641 ns, Total: 376459 ns
[2021-11-03T06:14:49.660+0000][7][safepoint    ] Safepoint "Cleanup", Time since last: 1002814006 ns, Reaching safepoint: 88671 ns, At safepoint: 2157 ns, Total: 90828 ns
[2021-11-03T06:14:50.663+0000][7][safepoint    ] Safepoint "Cleanup", Time since last: 1002528307 ns, Reaching safepoint: 167047 ns, At safepoint: 6769 ns, Total: 173816 ns
[2021-11-03T06:14:52.234+0000][7][safepoint    ] Safepoint "Cleanup", Time since last: 1570862253 ns, Reaching safepoint: 160574 ns, At safepoint: 9671 ns, Total: 170245 ns
[2021-11-03T06:14:53.236+0000][7][safepoint    ] Safepoint "Cleanup", Time since last: 1001375727 ns, Reaching safepoint: 336532 ns, At safepoint: 14732 ns, Total: 351264 ns
[2021-11-03T06:14:54.415+0000][7][safepoint    ] Safepoint "Cleanup", Time since last: 1178958096 ns, Reaching safepoint: 371362 ns, At safepoint: 16643 ns, Total: 388005 ns
[2021-11-03T06:14:55.417+0000][7][safepoint    ] Safepoint "Cleanup", Time since last: 1001967135 ns, Reaching safepoint: 159687 ns, At safepoint: 4217 ns, Total: 163904 ns
[2021-11-03T06:14:56.420+0000][7][safepoint    ] Safepoint "Cleanup", Time since last: 1002094544 ns, Reaching safepoint: 281728 ns, At safepoint: 6292 ns, Total: 288020 ns
[2021-11-03T06:14:57.421+0000][7][safepoint    ] Safepoint "Cleanup", Time since last: 1001656231 ns, Reaching safepoint: 185212 ns, At safepoint: 4246 ns, Total: 189458 ns
[2021-11-03T06:14:58.425+0000][7][safepoint    ] Safepoint "Cleanup", Time since last: 1002820638 ns, Reaching safepoint: 367134 ns, At safepoint: 8905 ns, Total: 376039 ns
[2021-11-03T06:14:59.429+0000][7][safepoint    ] Safepoint "Cleanup", Time since last: 1003618988 ns, Reaching safepoint: 230006 ns, At safepoint: 10533 ns, Total: 240539 ns
[2021-11-03T06:15:00.431+0000][7][safepoint    ] Safepoint "Cleanup", Time since last: 1002360689 ns, Reaching safepoint: 302097 ns, At safepoint: 10277 ns, Total: 312374 ns
[2021-11-03T06:15:01.412+0000][7][safepoint    ] Safepoint "Cleanup", Time since last: 1002080712 ns, Reaching safepoint: 181265 ns, At safepoint: 6506 ns, Total: 187771 ns
[2021-11-03T06:15:02.415+0000][7][safepoint    ] Safepoint "Cleanup", Time since last: 1002727196 ns, Reaching safepoint: 224434 ns, At safepoint: 6209 ns, Total: 230643 ns
[2021-11-03T06:15:03.418+0000][7][safepoint    ] Safepoint "Cleanup", Time since last: 1002634488 ns, Reaching safepoint: 317516 ns, At safepoint: 6906 ns, Total: 324422 ns
[2021-11-03T06:15:04.432+0000][7][safepoint    ] Safepoint "Cleanup", Time since last: 1013603023 ns, Reaching safepoint: 601213 ns, At safepoint: 19242 ns, Total: 620455 ns
[2021-11-03T06:15:05.435+0000][7][safepoint    ] Safepoint "Cleanup", Time since last: 1002313381 ns, Reaching safepoint: 331241 ns, At safepoint: 9444 ns, Total: 340685 ns
[2021-11-03T06:15:06.437+0000][7][safepoint    ] Safepoint "Cleanup", Time since last: 1001474662 ns, Reaching safepoint: 253057 ns, At safepoint: 7568 ns, Total: 260625 ns
[2021-11-03T06:15:07.441+0000][7][safepoint    ] Safepoint "Cleanup", Time since last: 1003481204 ns, Reaching safepoint: 296554 ns, At safepoint: 12984 ns, Total: 309538 ns
[2021-11-03T06:15:08.445+0000][7][safepoint    ] Safepoint "Cleanup", Time since last: 1003438800 ns, Reaching safepoint: 599328 ns, At safepoint: 20087 ns, Total: 619415 ns
[2021-11-03T06:15:09.450+0000][7][safepoint    ] Safepoint "Cleanup", Time since last: 1004964328 ns, Reaching safepoint: 346594 ns, At safepoint: 7734 ns, Total: 354328 ns
[2021-11-03T06:15:10.452+0000][7][safepoint    ] Safepoint "Cleanup", Time since last: 1002072775 ns, Reaching safepoint: 229939 ns, At safepoint: 12487 ns, Total: 242426 ns
[2021-11-03T06:15:11.455+0000][7][safepoint    ] Safepoint "Cleanup", Time since last: 1002357371 ns, Reaching safepoint: 143833 ns, At safepoint: 3342 ns, Total: 147175 ns
[2021-11-03T06:15:12.458+0000][7][safepoint    ] Safepoint "Cleanup", Time since last: 1002532295 ns, Reaching safepoint: 300721 ns, At safepoint: 6724 ns, Total: 307445 ns
[2021-11-03T06:15:13.462+0000][7][safepoint    ] Safepoint "Cleanup", Time since last: 1004011102 ns, Reaching safepoint: 297646 ns, At safepoint: 7123 ns, Total: 304769 ns
[2021-11-03T06:15:14.464+0000][7][safepoint    ] Safepoint "Cleanup", Time since last: 1002382695 ns, Reaching safepoint: 154501 ns, At safepoint: 4737 ns, Total: 159238 ns
[2021-11-03T06:15:15.466+0000][7][safepoint    ] Safepoint "Cleanup", Time since last: 1001293766 ns, Reaching safepoint: 391288 ns, At safepoint: 8289 ns, Total: 399577 ns
[2021-11-03T06:15:16.472+0000][7][safepoint    ] Safepoint "Cleanup", Time since last: 1005483366 ns, Reaching safepoint: 117540 ns, At safepoint: 3055 ns, Total: 120595 ns
[2021-11-03T06:15:17.476+0000][7][safepoint    ] Safepoint "Cleanup", Time since last: 1003853769 ns, Reaching safepoint: 238899 ns, At safepoint: 6588 ns, Total: 245487 ns
[2021-11-03T06:15:18.479+0000][7][safepoint    ] Safepoint "Cleanup", Time since last: 1003206678 ns, Reaching safepoint: 100265 ns, At safepoint: 2672 ns, Total: 102937 ns
[2021-11-03T06:15:19.484+0000][7][safepoint    ] Safepoint "Cleanup", Time since last: 1004240632 ns, Reaching safepoint: 313318 ns, At safepoint: 12933 ns, Total: 326251 ns
[2021-11-03T06:15:20.488+0000][7][safepoint    ] Safepoint "Cleanup", Time since last: 1004505080 ns, Reaching safepoint: 180620 ns, At safepoint: 6422 ns, Total: 187042 ns
[2021-11-03T06:15:21.491+0000][7][safepoint    ] Safepoint "Cleanup", Time since last: 1002288444 ns, Reaching safepoint: 693770 ns, At safepoint: 10210 ns, Total: 703980 ns
[2021-11-03T06:15:22.495+0000][7][safepoint    ] Safepoint "Cleanup", Time since last: 1003643661 ns, Reaching safepoint: 346639 ns, At safepoint: 9152 ns, Total: 355791 ns
[2021-11-03T06:15:23.500+0000][7][safepoint    ] Safepoint "Cleanup", Time since last: 1004113164 ns, Reaching safepoint: 180620 ns, At safepoint: 7786 ns, Total: 188406 ns
[2021-11-03T06:15:24.504+0000][7][safepoint    ] Safepoint "Cleanup", Time since last: 1003839624 ns, Reaching safepoint: 194114 ns, At safepoint: 7487 ns, Total: 201601 ns
[2021-11-03T06:15:25.508+0000][7][safepoint    ] Safepoint "Cleanup", Time since last: 1003746477 ns, Reaching safepoint: 179691 ns, At safepoint: 6931 ns, Total: 186622 ns
[2021-11-03T06:15:26.510+0000][7][safepoint    ] Safepoint "Cleanup", Time since last: 1002316201 ns, Reaching safepoint: 228059 ns, At safepoint: 7405 ns, Total: 235464 ns
[2021-11-03T06:15:27.514+0000][7][safepoint    ] Safepoint "Cleanup", Time since last: 1003436634 ns, Reaching safepoint: 328981 ns, At safepoint: 5616 ns, Total: 334597 ns
[2021-11-03T06:15:28.516+0000][7][safepoint    ] Safepoint "Cleanup", Time since last: 1001918657 ns, Reaching safepoint: 278541 ns, At safepoint: 5524 ns, Total: 284065 ns
[2021-11-03T06:15:29.520+0000][7][safepoint    ] Safepoint "Cleanup", Time since last: 1004026157 ns, Reaching safepoint: 186858 ns, At safepoint: 6207 ns, Total: 193065 ns
[2021-11-03T06:15:30.525+0000][7][safepoint    ] Safepoint "Cleanup", Time since last: 1003966826 ns, Reaching safepoint: 653039 ns, At safepoint: 21091 ns, Total: 674130 ns
[2021-11-03T06:15:31.506+0000][7][safepoint    ] Safepoint "Cleanup", Time since last: 1004403826 ns, Reaching safepoint: 637640 ns, At safepoint: 26301 ns, Total: 663941 ns
[2021-11-03T06:15:32.510+0000][7][safepoint    ] Safepoint "Cleanup", Time since last: 1003928475 ns, Reaching safepoint: 570034 ns, At safepoint: 11212 ns, Total: 581246 ns
[2021-11-03T06:15:33.515+0000][7][safepoint    ] Safepoint "Cleanup", Time since last: 1004710996 ns, Reaching safepoint: 244016 ns, At safepoint: 7320 ns, Total: 251336 ns
[2021-11-03T06:15:34.520+0000][7][safepoint    ] Safepoint "Cleanup", Time since last: 1003806208 ns, Reaching safepoint: 457045 ns, At safepoint: 12123 ns, Total: 469168 ns
[2021-11-03T06:15:35.523+0000][7][safepoint    ] Safepoint "Cleanup", Time since last: 1002452818 ns, Reaching safepoint: 424639 ns, At safepoint: 12322 ns, Total: 436961 ns
[2021-11-03T06:15:36.526+0000][7][safepoint    ] Safepoint "Cleanup", Time since last: 1002850488 ns, Reaching safepoint: 227047 ns, At safepoint: 7132 ns, Total: 234179 ns
[2021-11-03T06:15:37.532+0000][7][safepoint    ] Safepoint "Cleanup", Time since last: 1006025679 ns, Reaching safepoint: 178268 ns, At safepoint: 2962 ns, Total: 181230 ns
[2021-11-03T06:15:38.533+0000][7][safepoint    ] Safepoint "Cleanup", Time since last: 1001336989 ns, Reaching safepoint: 185064 ns, At safepoint: 6230 ns, Total: 191294 ns
[2021-11-03T06:15:39.537+0000][7][safepoint    ] Safepoint "Cleanup", Time since last: 1002996127 ns, Reaching safepoint: 233124 ns, At safepoint: 7929 ns, Total: 241053 ns
[2021-11-03T06:15:40.543+0000][7][safepoint    ] Safepoint "Cleanup", Time since last: 1006189264 ns, Reaching safepoint: 179957 ns, At safepoint: 7571 ns, Total: 187528 ns
[2021-11-03T06:15:41.545+0000][7][safepoint    ] Safepoint "Cleanup", Time since last: 1001618848 ns, Reaching safepoint: 326797 ns, At safepoint: 6641 ns, Total: 333438 ns
[2021-11-03T06:15:42.547+0000][7][safepoint    ] Safepoint "Cleanup", Time since last: 1002371618 ns, Reaching safepoint: 180033 ns, At safepoint: 7165 ns, Total: 187198 ns
[2021-11-03T06:15:43.553+0000][7][safepoint    ] Safepoint "Cleanup", Time since last: 1005265150 ns, Reaching safepoint: 179128 ns, At safepoint: 6526 ns, Total: 185654 ns
[2021-11-03T06:15:44.555+0000][7][safepoint    ] Safepoint "Cleanup", Time since last: 1001827164 ns, Reaching safepoint: 170315 ns, At safepoint: 6852 ns, Total: 177167 ns
[2021-11-03T06:15:45.560+0000][7][safepoint    ] Safepoint "Cleanup", Time since last: 1005014138 ns, Reaching safepoint: 178645 ns, At safepoint: 7760 ns, Total: 186405 ns
[2021-11-03T06:15:46.562+0000][7][safepoint    ] Safepoint "Cleanup", Time since last: 1002154400 ns, Reaching safepoint: 177084 ns, At safepoint: 6606 ns, Total: 183690 ns
[2021-11-03T06:15:47.565+0000][7][safepoint    ] Safepoint "Cleanup", Time since last: 1002398866 ns, Reaching safepoint: 178457 ns, At safepoint: 7401 ns, Total: 185858 ns
[2021-11-03T06:15:48.568+0000][7][safepoint    ] Safepoint "Cleanup", Time since last: 1002576286 ns, Reaching safepoint: 280063 ns, At safepoint: 6930 ns, Total: 286993 ns
[2021-11-03T06:15:49.572+0000][7][safepoint    ] Safepoint "Cleanup", Time since last: 1003717187 ns, Reaching safepoint: 261787 ns, At safepoint: 7260 ns, Total: 269047 ns
[2021-11-03T06:15:50.575+0000][7][safepoint    ] Safepoint "Cleanup", Time since last: 1002987525 ns, Reaching safepoint: 252569 ns, At safepoint: 14125 ns, Total: 266694 ns
[2021-11-03T06:15:51.578+0000][7][safepoint    ] Safepoint "Cleanup", Time since last: 1002579264 ns, Reaching safepoint: 243727 ns, At safepoint: 6893 ns, Total: 250620 ns
[2021-11-03T06:15:52.581+0000][7][safepoint    ] Safepoint "Cleanup", Time since last: 1002597433 ns, Reaching safepoint: 457154 ns, At safepoint: 9179 ns, Total: 466333 ns
[2021-11-03T06:15:53.584+0000][7][safepoint    ] Safepoint "Cleanup", Time since last: 1003093699 ns, Reaching safepoint: 243171 ns, At safepoint: 6620 ns, Total: 249791 ns
[2021-11-03T06:15:54.587+0000][7][safepoint    ] Safepoint "Cleanup", Time since last: 1002601143 ns, Reaching safepoint: 285407 ns, At safepoint: 7988 ns, Total: 293395 ns
[2021-11-03T06:15:55.590+0000][7][safepoint    ] Safepoint "Cleanup", Time since last: 1002593468 ns, Reaching safepoint: 235899 ns, At safepoint: 7228 ns, Total: 243127 ns
[2021-11-03T06:15:56.595+0000][7][safepoint    ] Safepoint "Cleanup", Time since last: 1004382462 ns, Reaching safepoint: 404170 ns, At safepoint: 9540 ns, Total: 413710 ns
[2021-11-03T06:15:57.598+0000][7][safepoint    ] Safepoint "Cleanup", Time since last: 1002910538 ns, Reaching safepoint: 380639 ns, At safepoint: 23189 ns, Total: 403828 ns
[2021-11-03T06:15:58.600+0000][7][safepoint    ] Safepoint "Cleanup", Time since last: 1001789831 ns, Reaching safepoint: 458301 ns, At safepoint: 9743 ns, Total: 468044 ns
[2021-11-03T06:15:59.603+0000][7][safepoint    ] Safepoint "Cleanup", Time since last: 1002076300 ns, Reaching safepoint: 319214 ns, At safepoint: 7017 ns, Total: 326231 ns
[2021-11-03T06:16:00.605+0000][7][safepoint    ] Safepoint "Cleanup", Time since last: 1002131757 ns, Reaching safepoint: 154370 ns, At safepoint: 5016 ns, Total: 159386 ns
[2021-11-03T06:16:01.586+0000][7][safepoint    ] Safepoint "Cleanup", Time since last: 1003473773 ns, Reaching safepoint: 538652 ns, At safepoint: 8131 ns, Total: 546783 ns
[2021-11-03T06:16:02.590+0000][7][safepoint    ] Safepoint "Cleanup", Time since last: 1003696176 ns, Reaching safepoint: 232049 ns, At safepoint: 6909 ns, Total: 238958 ns
[2021-11-03T06:16:03.592+0000][7][safepoint    ] Safepoint "Cleanup", Time since last: 1002238705 ns, Reaching safepoint: 278539 ns, At safepoint: 6004 ns, Total: 284543 ns
[2021-11-03T06:16:04.595+0000][7][safepoint    ] Safepoint "Cleanup", Time since last: 1002455447 ns, Reaching safepoint: 129828 ns, At safepoint: 3321 ns, Total: 133149 ns
[2021-11-03T06:16:05.598+0000][7][safepoint    ] Safepoint "Cleanup", Time since last: 1002754336 ns, Reaching safepoint: 183110 ns, At safepoint: 5072 ns, Total: 188182 ns
[2021-11-03T06:16:06.600+0000][7][safepoint    ] Safepoint "Cleanup", Time since last: 1002374221 ns, Reaching safepoint: 150550 ns, At safepoint: 4180 ns, Total: 154730 ns
[2021-11-03T06:16:07.602+0000][7][safepoint    ] Safepoint "Cleanup", Time since last: 1001773535 ns, Reaching safepoint: 90427 ns, At safepoint: 2297 ns, Total: 92724 ns
[2021-11-03T06:16:08.603+0000][7][safepoint    ] Safepoint "Cleanup", Time since last: 1001051385 ns, Reaching safepoint: 95005 ns, At safepoint: 2459 ns, Total: 97464 ns
[2021-11-03T06:16:09.604+0000][7][safepoint    ] Safepoint "Cleanup", Time since last: 1000926983 ns, Reaching safepoint: 114774 ns, At safepoint: 3150 ns, Total: 117924 ns
[2021-11-03T06:16:10.605+0000][7][safepoint    ] Safepoint "Cleanup", Time since last: 1000916948 ns, Reaching safepoint: 93387 ns, At safepoint: 2743 ns, Total: 96130 ns
[2021-11-03T06:16:11.607+0000][7][safepoint    ] Safepoint "Cleanup", Time since last: 1001188942 ns, Reaching safepoint: 172427 ns, At safepoint: 5921 ns, Total: 178348 ns
[2021-11-03T06:16:12.612+0000][7][safepoint    ] Safepoint "Cleanup", Time since last: 1004452875 ns, Reaching safepoint: 302329 ns, At safepoint: 6867 ns, Total: 309196 ns
[2021-11-03T06:16:13.616+0000][7][safepoint    ] Safepoint "Cleanup", Time since last: 1003781816 ns, Reaching safepoint: 176558 ns, At safepoint: 7491 ns, Total: 184049 ns
[2021-11-03T06:16:14.619+0000][7][safepoint    ] Safepoint "Cleanup", Time since last: 1002630704 ns, Reaching safepoint: 177899 ns, At safepoint: 6820 ns, Total: 184719 ns
[2021-11-03T06:16:15.623+0000][7][safepoint    ] Safepoint "Cleanup", Time since last: 1004554717 ns, Reaching safepoint: 103261 ns, At safepoint: 3008 ns, Total: 106269 ns
[2021-11-03T06:16:16.625+0000][7][safepoint    ] Safepoint "Cleanup", Time since last: 1001566687 ns, Reaching safepoint: 276999 ns, At safepoint: 8018 ns, Total: 285017 ns
[2021-11-03T06:16:17.627+0000][7][safepoint    ] Safepoint "Cleanup", Time since last: 1001941572 ns, Reaching safepoint: 244194 ns, At safepoint: 6357 ns, Total: 250551 ns
[2021-11-03T06:16:18.631+0000][7][safepoint    ] Safepoint "Cleanup", Time since last: 1003928048 ns, Reaching safepoint: 274871 ns, At safepoint: 27331 ns, Total: 302202 ns
[2021-11-03T06:16:19.636+0000][7][safepoint    ] Safepoint "Cleanup", Time since last: 1004644980 ns, Reaching safepoint: 352373 ns, At safepoint: 7267 ns, Total: 359640 ns
[2021-11-03T06:16:20.640+0000][7][safepoint    ] Safepoint "Cleanup", Time since last: 1003354400 ns, Reaching safepoint: 482846 ns, At safepoint: 66860 ns, Total: 549706 ns
[2021-11-03T06:16:21.645+0000][7][safepoint    ] Safepoint "Cleanup", Time since last: 1004368201 ns, Reaching safepoint: 301541 ns, At safepoint: 8673 ns, Total: 310214 ns
[2021-11-03T06:16:22.648+0000][7][safepoint    ] Safepoint "Cleanup", Time since last: 1003119948 ns, Reaching safepoint: 187434 ns, At safepoint: 7915 ns, Total: 195349 ns
[2021-11-03T06:16:23.652+0000][7][safepoint    ] Safepoint "Cleanup", Time since last: 1003660692 ns, Reaching safepoint: 184748 ns, At safepoint: 6864 ns, Total: 191612 ns
[2021-11-03T06:16:24.656+0000][7][safepoint    ] Safepoint "Cleanup", Time since last: 1003244134 ns, Reaching safepoint: 289786 ns, At safepoint: 6509 ns, Total: 296295 ns
[2021-11-03T06:16:25.659+0000][7][safepoint    ] Safepoint "Cleanup", Time since last: 1002583190 ns, Reaching safepoint: 355185 ns, At safepoint: 9001 ns, Total: 364186 ns
[2021-11-03T06:16:26.661+0000][7][safepoint    ] Safepoint "Cleanup", Time since last: 1001935279 ns, Reaching safepoint: 183040 ns, At safepoint: 7661 ns, Total: 190701 ns
[2021-11-03T06:16:27.664+0000][7][safepoint    ] Safepoint "Cleanup", Time since last: 1002764586 ns, Reaching safepoint: 575677 ns, At safepoint: 19395 ns, Total: 595072 ns
[2021-11-03T06:16:28.667+0000][7][safepoint    ] Safepoint "Cleanup", Time since last: 1002676218 ns, Reaching safepoint: 181168 ns, At safepoint: 7039 ns, Total: 188207 ns
[2021-11-03T06:16:29.670+0000][7][safepoint    ] Safepoint "Cleanup", Time since last: 1002534070 ns, Reaching safepoint: 134411 ns, At safepoint: 3832 ns, Total: 138243 ns
[2021-11-03T06:16:30.672+0000][7][safepoint    ] Safepoint "Cleanup", Time since last: 1001565248 ns, Reaching safepoint: 376258 ns, At safepoint: 8338 ns, Total: 384596 ns
[2021-11-03T06:16:31.656+0000][7][safepoint    ] Safepoint "Cleanup", Time since last: 1004262700 ns, Reaching safepoint: 852731 ns, At safepoint: 81764 ns, Total: 934495 ns
[2021-11-03T06:16:32.659+0000][7][safepoint    ] Safepoint "Cleanup", Time since last: 1002749164 ns, Reaching safepoint: 406643 ns, At safepoint: 69082 ns, Total: 475725 ns
[2021-11-03T06:16:33.662+0000][7][safepoint    ] Safepoint "Cleanup", Time since last: 1001879528 ns, Reaching safepoint: 808260 ns, At safepoint: 16925 ns, Total: 825185 ns
[2021-11-03T06:16:34.665+0000][7][safepoint    ] Safepoint "Cleanup", Time since last: 1002780610 ns, Reaching safepoint: 447836 ns, At safepoint: 10311 ns, Total: 458147 ns
[2021-11-03T06:16:35.667+0000][7][safepoint    ] Safepoint "Cleanup", Time since last: 1001967777 ns, Reaching safepoint: 224201 ns, At safepoint: 6921 ns, Total: 231122 ns
[2021-11-03T06:16:36.669+0000][7][safepoint    ] Safepoint "Cleanup", Time since last: 1002258831 ns, Reaching safepoint: 153183 ns, At safepoint: 4994 ns, Total: 158177 ns
[2021-11-03T06:16:37.671+0000][7][safepoint    ] Safepoint "Cleanup", Time since last: 1001101077 ns, Reaching safepoint: 182771 ns, At safepoint: 8670 ns, Total: 191441 ns
[2021-11-03T06:16:38.672+0000][7][safepoint    ] Safepoint "Cleanup", Time since last: 1001394830 ns, Reaching safepoint: 93688 ns, At safepoint: 2470 ns, Total: 96158 ns
[2021-11-03T06:16:39.673+0000][7][safepoint    ] Safepoint "Cleanup", Time since last: 1000822478 ns, Reaching safepoint: 120761 ns, At safepoint: 3150 ns, Total: 123911 ns
[2021-11-03T06:16:40.674+0000][7][safepoint    ] Safepoint "Cleanup", Time since last: 1000992105 ns, Reaching safepoint: 216486 ns, At safepoint: 22033 ns, Total: 238519 ns
[2021-11-03T06:16:41.676+0000][7][safepoint    ] Safepoint "Cleanup", Time since last: 1001017079 ns, Reaching safepoint: 215357 ns, At safepoint: 5061 ns, Total: 220418 ns
[2021-11-03T06:16:42.676+0000][7][safepoint    ] Safepoint "Cleanup", Time since last: 1000754128 ns, Reaching safepoint: 130663 ns, At safepoint: 2701 ns, Total: 133364 ns
[2021-11-03T06:16:43.677+0000][7][safepoint    ] Safepoint "Cleanup", Time since last: 1000409004 ns, Reaching safepoint: 106049 ns, At safepoint: 2301 ns, Total: 108350 ns
[2021-11-03T06:16:44.678+0000][7][safepoint    ] Safepoint "Cleanup", Time since last: 1000608852 ns, Reaching safepoint: 140631 ns, At safepoint: 3290 ns, Total: 143921 ns
[2021-11-03T06:16:45.678+0000][7][safepoint    ] Safepoint "Cleanup", Time since last: 1000630942 ns, Reaching safepoint: 88075 ns, At safepoint: 2276 ns, Total: 90351 ns
[2021-11-03T06:16:46.680+0000][7][safepoint    ] Safepoint "Cleanup", Time since last: 1001029768 ns, Reaching safepoint: 233354 ns, At safepoint: 6063 ns, Total: 239417 ns
[2021-11-03T06:16:47.683+0000][7][safepoint    ] Safepoint "Cleanup", Time since last: 1002703124 ns, Reaching safepoint: 240739 ns, At safepoint: 6317 ns, Total: 247056 ns
[2021-11-03T06:16:48.685+0000][7][safepoint    ] Safepoint "Cleanup", Time since last: 1002229606 ns, Reaching safepoint: 148381 ns, At safepoint: 3502 ns, Total: 151883 ns
[2021-11-03T06:16:49.687+0000][7][safepoint    ] Safepoint "Cleanup", Time since last: 1001479985 ns, Reaching safepoint: 291910 ns, At safepoint: 6221 ns, Total: 298131 ns
[2021-11-03T06:16:50.690+0000][7][safepoint    ] Safepoint "Cleanup", Time since last: 1003187037 ns, Reaching safepoint: 218639 ns, At safepoint: 4165 ns, Total: 222804 ns
[2021-11-03T06:16:51.693+0000][7][safepoint    ] Safepoint "Cleanup", Time since last: 1002553118 ns, Reaching safepoint: 242304 ns, At safepoint: 6221 ns, Total: 248525 ns
[2021-11-03T06:16:52.696+0000][7][safepoint    ] Safepoint "Cleanup", Time since last: 1002644382 ns, Reaching safepoint: 159682 ns, At safepoint: 3580 ns, Total: 163262 ns
[2021-11-03T06:16:53.697+0000][7][safepoint    ] Safepoint "Cleanup", Time since last: 1001420724 ns, Reaching safepoint: 89130 ns, At safepoint: 2491 ns, Total: 91621 ns
[2021-11-03T06:16:54.699+0000][7][safepoint    ] Safepoint "Cleanup", Time since last: 1001856645 ns, Reaching safepoint: 154857 ns, At safepoint: 5550 ns, Total: 160407 ns
[2021-11-03T06:16:55.702+0000][7][safepoint    ] Safepoint "Cleanup", Time since last: 1002896004 ns, Reaching safepoint: 89563 ns, At safepoint: 2679 ns, Total: 92242 ns
[2021-11-03T06:16:56.705+0000][7][safepoint    ] Safepoint "Cleanup", Time since last: 1002208382 ns, Reaching safepoint: 132107 ns, At safepoint: 4779 ns, Total: 136886 ns
[2021-11-03T06:16:57.706+0000][7][safepoint    ] Safepoint "Cleanup", Time since last: 1001443375 ns, Reaching safepoint: 233199 ns, At safepoint: 4563 ns, Total: 237762 ns
[2021-11-03T06:16:58.709+0000][7][safepoint    ] Safepoint "Cleanup", Time since last: 1002298516 ns, Reaching safepoint: 130779 ns, At safepoint: 3204 ns, Total: 133983 ns
[2021-11-03T06:16:59.711+0000][7][safepoint    ] Safepoint "Cleanup", Time since last: 1002068480 ns, Reaching safepoint: 165432 ns, At safepoint: 4113 ns, Total: 169545 ns
[2021-11-03T06:17:00.713+0000][7][safepoint    ] Safepoint "Cleanup", Time since last: 1001623536 ns, Reaching safepoint: 145206 ns, At safepoint: 3429 ns, Total: 148635 ns
[2021-11-03T06:17:01.696+0000][7][safepoint    ] Safepoint "Cleanup", Time since last: 1004687576 ns, Reaching safepoint: 133012 ns, At safepoint: 41356 ns, Total: 174368 ns
[2021-11-03T06:17:02.698+0000][7][safepoint    ] Safepoint "Cleanup", Time since last: 1001854915 ns, Reaching safepoint: 151752 ns, At safepoint: 5980 ns, Total: 157732 ns
[2021-11-03T06:17:03.702+0000][7][safepoint    ] Safepoint "Cleanup", Time since last: 1003139840 ns, Reaching safepoint: 131313 ns, At safepoint: 4161 ns, Total: 135474 ns
[2021-11-03T06:17:04.704+0000][7][safepoint    ] Safepoint "Cleanup", Time since last: 1001887453 ns, Reaching safepoint: 174057 ns, At safepoint: 4397 ns, Total: 178454 ns
[2021-11-03T06:17:05.707+0000][7][safepoint    ] Safepoint "Cleanup", Time since last: 1002651356 ns, Reaching safepoint: 140600 ns, At safepoint: 4526 ns, Total: 145126 ns
[2021-11-03T06:17:06.712+0000][7][safepoint    ] Safepoint "Cleanup", Time since last: 1004753003 ns, Reaching safepoint: 201359 ns, At safepoint: 14666 ns, Total: 216025 ns
[2021-11-03T06:17:07.714+0000][7][safepoint    ] Safepoint "Cleanup", Time since last: 1002069133 ns, Reaching safepoint: 93155 ns, At safepoint: 2395 ns, Total: 95550 ns
[2021-11-03T06:17:08.715+0000][7][safepoint    ] Safepoint "Cleanup", Time since last: 1001010841 ns, Reaching safepoint: 103958 ns, At safepoint: 2890 ns, Total: 106848 ns
[2021-11-03T06:17:09.716+0000][7][safepoint    ] Safepoint "Cleanup", Time since last: 1001312380 ns, Reaching safepoint: 301644 ns, At safepoint: 6516 ns, Total: 308160 ns
[2021-11-03T06:17:10.719+0000][7][safepoint    ] Safepoint "Cleanup", Time since last: 1002800942 ns, Reaching safepoint: 132297 ns, At safepoint: 4268 ns, Total: 136565 ns
[2021-11-03T06:17:11.721+0000][7][safepoint    ] Safepoint "Cleanup", Time since last: 1001850802 ns, Reaching safepoint: 172260 ns, At safepoint: 5595 ns, Total: 177855 ns
[2021-11-03T06:17:12.725+0000][7][safepoint    ] Safepoint "Cleanup", Time since last: 1003251629 ns, Reaching safepoint: 156630 ns, At safepoint: 5454 ns, Total: 162084 ns
[2021-11-03T06:17:13.729+0000][7][safepoint    ] Safepoint "Cleanup", Time since last: 1004167104 ns, Reaching safepoint: 233346 ns, At safepoint: 3964 ns, Total: 237310 ns
[2021-11-03T06:17:14.732+0000][7][safepoint    ] Safepoint "Cleanup", Time since last: 1002767135 ns, Reaching safepoint: 306635 ns, At safepoint: 6832 ns, Total: 313467 ns
[2021-11-03T06:17:15.738+0000][7][safepoint    ] Safepoint "Cleanup", Time since last: 1004869924 ns, Reaching safepoint: 471510 ns, At safepoint: 9593 ns, Total: 481103 ns
[2021-11-03T06:17:16.743+0000][7][safepoint    ] Safepoint "Cleanup", Time since last: 1004467800 ns, Reaching safepoint: 375244 ns, At safepoint: 11895 ns, Total: 387139 ns
[2021-11-03T06:17:17.745+0000][7][safepoint    ] Safepoint "Cleanup", Time since last: 1002483985 ns, Reaching safepoint: 314401 ns, At safepoint: 5431 ns, Total: 319832 ns
[2021-11-03T06:17:18.748+0000][7][safepoint    ] Safepoint "Cleanup", Time since last: 1002326145 ns, Reaching safepoint: 260412 ns, At safepoint: 6463 ns, Total: 266875 ns
[2021-11-03T06:17:19.753+0000][7][safepoint    ] Safepoint "Cleanup", Time since last: 1004810293 ns, Reaching safepoint: 114178 ns, At safepoint: 3608 ns, Total: 117786 ns
[2021-11-03T06:17:20.756+0000][7][safepoint    ] Safepoint "Cleanup", Time since last: 1002153744 ns, Reaching safepoint: 483427 ns, At safepoint: 9997 ns, Total: 493424 ns
[2021-11-03T06:17:21.760+0000][7][safepoint    ] Safepoint "Cleanup", Time since last: 1003861667 ns, Reaching safepoint: 244224 ns, At safepoint: 6559 ns, Total: 250783 ns
[2021-11-03T06:17:22.763+0000][7][safepoint    ] Safepoint "Cleanup", Time since last: 1002767703 ns, Reaching safepoint: 246054 ns, At safepoint: 6149 ns, Total: 252203 ns
[2021-11-03T06:17:23.768+0000][7][safepoint    ] Safepoint "Cleanup", Time since last: 1004920797 ns, Reaching safepoint: 247313 ns, At safepoint: 6750 ns, Total: 254063 ns
[2021-11-03T06:17:24.771+0000][7][safepoint    ] Safepoint "Cleanup", Time since last: 1002667217 ns, Reaching safepoint: 563011 ns, At safepoint: 26517 ns, Total: 589528 ns
[2021-11-03T06:17:25.774+0000][7][safepoint    ] Safepoint "Cleanup", Time since last: 1002244278 ns, Reaching safepoint: 439191 ns, At safepoint: 11356 ns, Total: 450547 ns
[2021-11-03T06:17:26.777+0000][7][safepoint    ] Safepoint "Cleanup", Time since last: 1003234167 ns, Reaching safepoint: 181759 ns, At safepoint: 6319 ns, Total: 188078 ns
[2021-11-03T06:17:27.780+0000][7][safepoint    ] Safepoint "Cleanup", Time since last: 1002745658 ns, Reaching safepoint: 276221 ns, At safepoint: 5745 ns, Total: 281966 ns
[2021-11-03T06:17:28.785+0000][7][safepoint    ] Safepoint "Cleanup", Time since last: 1004310715 ns, Reaching safepoint: 174744 ns, At safepoint: 7097 ns, Total: 181841 ns
[2021-11-03T06:17:29.787+0000][7][safepoint    ] Safepoint "Cleanup", Time since last: 1002503583 ns, Reaching safepoint: 130610 ns, At safepoint: 4295 ns, Total: 134905 ns
[2021-11-03T06:17:30.789+0000][7][safepoint    ] Safepoint "Cleanup", Time since last: 1001574196 ns, Reaching safepoint: 257841 ns, At safepoint: 7359 ns, Total: 265200 ns
[2021-11-03T06:17:31.772+0000][7][safepoint    ] Safepoint "Cleanup", Time since last: 1003479620 ns, Reaching safepoint: 552140 ns, At safepoint: 13135 ns, Total: 565275 ns
[2021-11-03T06:17:32.775+0000][7][safepoint    ] Safepoint "Cleanup", Time since last: 1002502916 ns, Reaching safepoint: 85415 ns, At safepoint: 1950 ns, Total: 87365 ns
[2021-11-03T06:17:33.777+0000][7][safepoint    ] Safepoint "Cleanup", Time since last: 1001599146 ns, Reaching safepoint: 497249 ns, At safepoint: 21574 ns, Total: 518823 ns
[2021-11-03T06:17:34.780+0000][7][safepoint    ] Safepoint "Cleanup", Time since last: 1002544684 ns, Reaching safepoint: 373903 ns, At safepoint: 62407 ns, Total: 436310 ns
[2021-11-03T06:17:35.783+0000][7][safepoint    ] Safepoint "Cleanup", Time since last: 1003233402 ns, Reaching safepoint: 154355 ns, At safepoint: 3352 ns, Total: 157707 ns
[2021-11-03T06:17:36.787+0000][7][safepoint    ] Safepoint "Cleanup", Time since last: 1003726492 ns, Reaching safepoint: 279621 ns, At safepoint: 36889 ns, Total: 316510 ns
[2021-11-03T06:17:37.789+0000][7][safepoint    ] Safepoint "Cleanup", Time since last: 1001783809 ns, Reaching safepoint: 192189 ns, At safepoint: 6512 ns, Total: 198701 ns
[2021-11-03T06:17:38.791+0000][7][safepoint    ] Safepoint "Cleanup", Time since last: 1002014017 ns, Reaching safepoint: 284457 ns, At safepoint: 9562 ns, Total: 294019 ns
[2021-11-03T06:17:39.794+0000][7][safepoint    ] Safepoint "Cleanup", Time since last: 1001956336 ns, Reaching safepoint: 235164 ns, At safepoint: 6359 ns, Total: 241523 ns
[2021-11-03T06:17:40.797+0000][7][safepoint    ] Safepoint "Cleanup", Time since last: 1002428889 ns, Reaching safepoint: 406438 ns, At safepoint: 12391 ns, Total: 418829 ns
[2021-11-03T06:17:41.804+0000][7][safepoint    ] Safepoint "Cleanup", Time since last: 1007174529 ns, Reaching safepoint: 631240 ns, At safepoint: 8857 ns, Total: 640097 ns
[2021-11-03T06:17:42.807+0000][7][safepoint    ] Safepoint "Cleanup", Time since last: 1002596951 ns, Reaching safepoint: 343279 ns, At safepoint: 17951 ns, Total: 361230 ns
[2021-11-03T06:17:43.809+0000][7][safepoint    ] Safepoint "Cleanup", Time since last: 1001753285 ns, Reaching safepoint: 113061 ns, At safepoint: 2521 ns, Total: 115582 ns
[2021-11-03T06:17:44.811+0000][7][safepoint    ] Safepoint "Cleanup", Time since last: 1001555064 ns, Reaching safepoint: 570115 ns, At safepoint: 10605 ns, Total: 580720 ns
[2021-11-03T06:17:45.817+0000][7][safepoint    ] Safepoint "Cleanup", Time since last: 1005562363 ns, Reaching safepoint: 258728 ns, At safepoint: 6575 ns, Total: 265303 ns
[2021-11-03T06:17:46.820+0000][7][safepoint    ] Safepoint "Cleanup", Time since last: 1003034268 ns, Reaching safepoint: 182240 ns, At safepoint: 5205 ns, Total: 187445 ns
[2021-11-03T06:17:47.822+0000][7][safepoint    ] Safepoint "Cleanup", Time since last: 1001762264 ns, Reaching safepoint: 127689 ns, At safepoint: 3069 ns, Total: 130758 ns
[2021-11-03T06:17:48.824+0000][7][safepoint    ] Safepoint "Cleanup", Time since last: 1001322338 ns, Reaching safepoint: 106648 ns, At safepoint: 2527 ns, Total: 109175 ns
[2021-11-03T06:17:49.826+0000][7][safepoint    ] Safepoint "Cleanup", Time since last: 1001796432 ns, Reaching safepoint: 155544 ns, At safepoint: 4652 ns, Total: 160196 ns
[2021-11-03T06:17:50.830+0000][7][safepoint    ] Safepoint "Cleanup", Time since last: 1004212172 ns, Reaching safepoint: 226807 ns, At safepoint: 6265 ns, Total: 233072 ns
[2021-11-03T06:17:51.837+0000][7][safepoint    ] Safepoint "Cleanup", Time since last: 1006688920 ns, Reaching safepoint: 489910 ns, At safepoint: 8923 ns, Total: 498833 ns
[2021-11-03T06:17:52.841+0000][7][safepoint    ] Safepoint "Cleanup", Time since last: 1003198463 ns, Reaching safepoint: 129186 ns, At safepoint: 2981 ns, Total: 132167 ns
[2021-11-03T06:17:53.842+0000][7][safepoint    ] Safepoint "Cleanup", Time since last: 1001697553 ns, Reaching safepoint: 199290 ns, At safepoint: 6141 ns, Total: 205431 ns
[2021-11-03T06:17:54.846+0000][7][safepoint    ] Safepoint "Cleanup", Time since last: 1003721264 ns, Reaching safepoint: 249321 ns, At safepoint: 7194 ns, Total: 256515 ns
[2021-11-03T06:17:55.849+0000][7][safepoint    ] Safepoint "Cleanup", Time since last: 1002562462 ns, Reaching safepoint: 249218 ns, At safepoint: 5383 ns, Total: 254601 ns
[2021-11-03T06:17:56.851+0000][7][safepoint    ] Safepoint "Cleanup", Time since last: 1001448041 ns, Reaching safepoint: 368714 ns, At safepoint: 7046 ns, Total: 375760 ns
[2021-11-03T06:17:57.855+0000][7][safepoint    ] Safepoint "Cleanup", Time since last: 1003249043 ns, Reaching safepoint: 195452 ns, At safepoint: 5536 ns, Total: 200988 ns
[2021-11-03T06:17:58.859+0000][7][safepoint    ] Safepoint "Cleanup", Time since last: 1004292177 ns, Reaching safepoint: 128367 ns, At safepoint: 3124 ns, Total: 131491 ns
[2021-11-03T06:17:59.863+0000][7][safepoint    ] Safepoint "Cleanup", Time since last: 1003690881 ns, Reaching safepoint: 190834 ns, At safepoint: 3021 ns, Total: 193855 ns
[2021-11-03T06:18:00.865+0000][7][safepoint    ] Safepoint "Cleanup", Time since last: 1002266340 ns, Reaching safepoint: 183530 ns, At safepoint: 7576 ns, Total: 191106 ns
[2021-11-03T06:18:01.847+0000][7][safepoint    ] Safepoint "Cleanup", Time since last: 1002877454 ns, Reaching safepoint: 184207 ns, At safepoint: 7103 ns, Total: 191310 ns
[2021-11-03T06:18:02.850+0000][7][safepoint    ] Safepoint "Cleanup", Time since last: 1003079921 ns, Reaching safepoint: 184142 ns, At safepoint: 6672 ns, Total: 190814 ns
[2021-11-03T06:18:03.854+0000][7][safepoint    ] Safepoint "Cleanup", Time since last: 1002866938 ns, Reaching safepoint: 486326 ns, At safepoint: 8092 ns, Total: 494418 ns
[2021-11-03T06:18:04.856+0000][7][safepoint    ] Safepoint "Cleanup", Time since last: 1001980425 ns, Reaching safepoint: 231206 ns, At safepoint: 7557 ns, Total: 238763 ns
[2021-11-03T06:18:05.859+0000][7][safepoint    ] Safepoint "Cleanup", Time since last: 1002985512 ns, Reaching safepoint: 181770 ns, At safepoint: 6590 ns, Total: 188360 ns
[2021-11-03T06:18:06.862+0000][7][safepoint    ] Safepoint "Cleanup", Time since last: 1002460387 ns, Reaching safepoint: 388052 ns, At safepoint: 8311 ns, Total: 396363 ns
[2021-11-03T06:18:07.865+0000][7][safepoint    ] Safepoint "Cleanup", Time since last: 1002260574 ns, Reaching safepoint: 496800 ns, At safepoint: 12102 ns, Total: 508902 ns
[2021-11-03T06:18:08.868+0000][7][safepoint    ] Safepoint "Cleanup", Time since last: 1002528492 ns, Reaching safepoint: 174044 ns, At safepoint: 6109 ns, Total: 180153 ns
[2021-11-03T06:18:09.875+0000][7][safepoint    ] Safepoint "Cleanup", Time since last: 1007473863 ns, Reaching safepoint: 164597 ns, At safepoint: 4753 ns, Total: 169350 ns
[2021-11-03T06:18:10.878+0000][7][safepoint    ] Safepoint "Cleanup", Time since last: 1002644590 ns, Reaching safepoint: 100534 ns, At safepoint: 2571 ns, Total: 103105 ns
[2021-11-03T06:18:11.883+0000][7][safepoint    ] Safepoint "Cleanup", Time since last: 1005024358 ns, Reaching safepoint: 187622 ns, At safepoint: 7494 ns, Total: 195116 ns
[2021-11-03T06:18:12.886+0000][7][safepoint    ] Safepoint "Cleanup", Time since last: 1002579961 ns, Reaching safepoint: 176419 ns, At safepoint: 6404 ns, Total: 182823 ns
[2021-11-03T06:18:13.888+0000][7][safepoint    ] Safepoint "Cleanup", Time since last: 1002375628 ns, Reaching safepoint: 176045 ns, At safepoint: 6017 ns, Total: 182062 ns
[2021-11-03T06:18:14.891+0000][7][safepoint    ] Safepoint "Cleanup", Time since last: 1001979083 ns, Reaching safepoint: 131031 ns, At safepoint: 2819 ns, Total: 133850 ns
[2021-11-03T06:18:15.897+0000][7][safepoint    ] Safepoint "Cleanup", Time since last: 1005632028 ns, Reaching safepoint: 269185 ns, At safepoint: 8594 ns, Total: 277779 ns
[2021-11-03T06:18:16.899+0000][7][safepoint    ] Safepoint "Cleanup", Time since last: 1002781804 ns, Reaching safepoint: 171020 ns, At safepoint: 5361 ns, Total: 176381 ns
[2021-11-03T06:18:17.903+0000][7][safepoint    ] Safepoint "Cleanup", Time since last: 1002706756 ns, Reaching safepoint: 327089 ns, At safepoint: 8079 ns, Total: 335168 ns
[2021-11-03T06:18:18.908+0000][7][safepoint    ] Safepoint "Cleanup", Time since last: 1005192644 ns, Reaching safepoint: 387847 ns, At safepoint: 28068 ns, Total: 415915 ns
[2021-11-03T06:18:19.912+0000][7][safepoint    ] Safepoint "Cleanup", Time since last: 1003649640 ns, Reaching safepoint: 178402 ns, At safepoint: 6890 ns, Total: 185292 ns
[2021-11-03T06:18:20.914+0000][7][safepoint    ] Safepoint "Cleanup", Time since last: 1002231727 ns, Reaching safepoint: 99307 ns, At safepoint: 2499 ns, Total: 101806 ns
[2021-11-03T06:18:21.918+0000][7][safepoint    ] Safepoint "Cleanup", Time since last: 1003311591 ns, Reaching safepoint: 236107 ns, At safepoint: 7177 ns, Total: 243284 ns
[2021-11-03T06:18:22.922+0000][7][safepoint    ] Safepoint "Cleanup", Time since last: 1004004666 ns, Reaching safepoint: 175260 ns, At safepoint: 5449 ns, Total: 180709 ns
[2021-11-03T06:18:23.925+0000][7][safepoint    ] Safepoint "Cleanup", Time since last: 1002881606 ns, Reaching safepoint: 180098 ns, At safepoint: 6949 ns, Total: 187047 ns
[2021-11-03T06:18:24.932+0000][7][safepoint    ] Safepoint "Cleanup", Time since last: 1006437180 ns, Reaching safepoint: 341235 ns, At safepoint: 6661 ns, Total: 347896 ns
[2021-11-03T06:18:25.936+0000][7][safepoint    ] Safepoint "Cleanup", Time since last: 1003666516 ns, Reaching safepoint: 278302 ns, At safepoint: 7001 ns, Total: 285303 ns
[2021-11-03T06:18:26.938+0000][7][safepoint    ] Safepoint "Cleanup", Time since last: 1001877285 ns, Reaching safepoint: 177980 ns, At safepoint: 6733 ns, Total: 184713 ns
[2021-11-03T06:18:27.940+0000][7][safepoint    ] Safepoint "Cleanup", Time since last: 1001783200 ns, Reaching safepoint: 180829 ns, At safepoint: 5892 ns, Total: 186721 ns
[2021-11-03T06:18:28.946+0000][7][safepoint    ] Safepoint "Cleanup", Time since last: 1005661724 ns, Reaching safepoint: 292507 ns, At safepoint: 6851 ns, Total: 299358 ns
[2021-11-03T06:18:29.948+0000][7][safepoint    ] Safepoint "Cleanup", Time since last: 1002225921 ns, Reaching safepoint: 108079 ns, At safepoint: 2965 ns, Total: 111044 ns
[2021-11-03T06:18:30.950+0000][7][safepoint    ] Safepoint "Cleanup", Time since last: 1001297421 ns, Reaching safepoint: 254353 ns, At safepoint: 5291 ns, Total: 259644 ns
[2021-11-03T06:18:31.931+0000][7][safepoint    ] Safepoint "Cleanup", Time since last: 1001660814 ns, Reaching safepoint: 181871 ns, At safepoint: 6422 ns, Total: 188293 ns
[2021-11-03T06:18:32.934+0000][7][safepoint    ] Safepoint "Cleanup", Time since last: 1003031268 ns, Reaching safepoint: 139249 ns, At safepoint: 4185 ns, Total: 143434 ns
[2021-11-03T06:18:34.040+0000][7][safepoint    ] Safepoint "Cleanup", Time since last: 1106050648 ns, Reaching safepoint: 101843 ns, At safepoint: 2685 ns, Total: 104528 ns
[2021-11-03T06:18:35.041+0000][7][safepoint    ] Safepoint "Cleanup", Time since last: 1001303465 ns, Reaching safepoint: 91009 ns, At safepoint: 2662 ns, Total: 93671 ns
[2021-11-03T06:18:36.043+0000][7][safepoint    ] Safepoint "Cleanup", Time since last: 1001889532 ns, Reaching safepoint: 183136 ns, At safepoint: 6527 ns, Total: 189663 ns
[2021-11-03T06:18:37.055+0000][7][safepoint    ] Safepoint "Cleanup", Time since last: 1011184602 ns, Reaching safepoint: 170517 ns, At safepoint: 4073 ns, Total: 174590 ns
[2021-11-03T06:18:38.064+0000][7][safepoint    ] Safepoint "Cleanup", Time since last: 1009290921 ns, Reaching safepoint: 99852 ns, At safepoint: 3268 ns, Total: 103120 ns
[2021-11-03T06:18:39.071+0000][7][safepoint    ] Safepoint "Cleanup", Time since last: 1006228391 ns, Reaching safepoint: 189947 ns, At safepoint: 6078 ns, Total: 196025 ns
[2021-11-03T06:18:40.073+0000][7][safepoint    ] Safepoint "Cleanup", Time since last: 1002061324 ns, Reaching safepoint: 583292 ns, At safepoint: 21162 ns, Total: 604454 ns
[2021-11-03T06:18:41.076+0000][7][safepoint    ] Safepoint "Cleanup", Time since last: 1002607944 ns, Reaching safepoint: 212984 ns, At safepoint: 6756 ns, Total: 219740 ns
[2021-11-03T06:18:42.079+0000][7][safepoint    ] Safepoint "Cleanup", Time since last: 1002991007 ns, Reaching safepoint: 121452 ns, At safepoint: 3042 ns, Total: 124494 ns
[2021-11-03T06:18:43.082+0000][7][safepoint    ] Safepoint "Cleanup", Time since last: 1002655824 ns, Reaching safepoint: 242175 ns, At safepoint: 8524 ns, Total: 250699 ns
[2021-11-03T06:18:44.085+0000][7][safepoint    ] Safepoint "Cleanup", Time since last: 1002313950 ns, Reaching safepoint: 98301 ns, At safepoint: 2265 ns, Total: 100566 ns
[2021-11-03T06:18:45.086+0000][7][safepoint    ] Safepoint "Cleanup", Time since last: 1001455904 ns, Reaching safepoint: 169126 ns, At safepoint: 6168 ns, Total: 175294 ns
[2021-11-03T06:18:46.089+0000][7][safepoint    ] Safepoint "Cleanup", Time since last: 1002208633 ns, Reaching safepoint: 122000 ns, At safepoint: 2887 ns, Total: 124887 ns
[2021-11-03T06:18:47.090+0000][7][safepoint    ] Safepoint "Cleanup", Time since last: 1001486216 ns, Reaching safepoint: 199905 ns, At safepoint: 8883 ns, Total: 208788 ns
[2021-11-03T06:18:48.097+0000][7][safepoint    ] Safepoint "Cleanup", Time since last: 1006308107 ns, Reaching safepoint: 179494 ns, At safepoint: 2886 ns, Total: 182380 ns
[2021-11-03T06:18:49.099+0000][7][safepoint    ] Safepoint "Cleanup", Time since last: 1001763812 ns, Reaching safepoint: 167884 ns, At safepoint: 6410 ns, Total: 174294 ns
[2021-11-03T06:18:50.101+0000][7][safepoint    ] Safepoint "Cleanup", Time since last: 1002440530 ns, Reaching safepoint: 186041 ns, At safepoint: 6261 ns, Total: 192302 ns
[2021-11-03T06:18:51.104+0000][7][safepoint    ] Safepoint "Cleanup", Time since last: 1002122950 ns, Reaching safepoint: 202829 ns, At safepoint: 9125 ns, Total: 211954 ns
[2021-11-03T06:18:52.106+0000][7][safepoint    ] Safepoint "Cleanup", Time since last: 1002003352 ns, Reaching safepoint: 273296 ns, At safepoint: 4156 ns, Total: 277452 ns
[2021-11-03T06:18:53.108+0000][7][safepoint    ] Safepoint "Cleanup", Time since last: 1001888955 ns, Reaching safepoint: 309494 ns, At safepoint: 9119 ns, Total: 318613 ns
[2021-11-03T06:18:54.111+0000][7][safepoint    ] Safepoint "Cleanup", Time since last: 1002382587 ns, Reaching safepoint: 395831 ns, At safepoint: 7975 ns, Total: 403806 ns
[2021-11-03T06:18:55.113+0000][7][safepoint    ] Safepoint "Cleanup", Time since last: 1002421775 ns, Reaching safepoint: 135436 ns, At safepoint: 4601 ns, Total: 140037 ns
[2021-11-03T06:18:56.117+0000][7][safepoint    ] Safepoint "Cleanup", Time since last: 1003384840 ns, Reaching safepoint: 187137 ns, At safepoint: 6806 ns, Total: 193943 ns
[2021-11-03T06:18:57.123+0000][7][safepoint    ] Safepoint "Cleanup", Time since last: 1005293852 ns, Reaching safepoint: 180820 ns, At safepoint: 5674 ns, Total: 186494 ns
[2021-11-03T06:18:58.128+0000][7][safepoint    ] Safepoint "Cleanup", Time since last: 1005291983 ns, Reaching safepoint: 130434 ns, At safepoint: 3544 ns, Total: 133978 ns
[2021-11-03T06:18:59.132+0000][7][safepoint    ] Safepoint "Cleanup", Time since last: 1002909218 ns, Reaching safepoint: 696241 ns, At safepoint: 9005 ns, Total: 705246 ns
[2021-11-03T06:19:00.137+0000][7][safepoint    ] Safepoint "Cleanup", Time since last: 1005257021 ns, Reaching safepoint: 139598 ns, At safepoint: 3926 ns, Total: 143524 ns
[2021-11-03T06:19:01.120+0000][7][safepoint    ] Safepoint "Cleanup", Time since last: 1004155238 ns, Reaching safepoint: 173315 ns, At safepoint: 4550 ns, Total: 177865 ns
[2021-11-03T06:19:02.123+0000][7][safepoint    ] Safepoint "Cleanup", Time since last: 1002697871 ns, Reaching safepoint: 132381 ns, At safepoint: 3306 ns, Total: 135687 ns
[2021-11-03T06:19:03.125+0000][7][safepoint    ] Safepoint "Cleanup", Time since last: 1001830753 ns, Reaching safepoint: 136605 ns, At safepoint: 4706 ns, Total: 141311 ns
[2021-11-03T06:19:04.127+0000][7][safepoint    ] Safepoint "Cleanup", Time since last: 1002081987 ns, Reaching safepoint: 205027 ns, At safepoint: 5872 ns, Total: 210899 ns
[2021-11-03T06:19:05.132+0000][7][safepoint    ] Safepoint "Cleanup", Time since last: 1004001705 ns, Reaching safepoint: 325614 ns, At safepoint: 8440 ns, Total: 334054 ns
[2021-11-03T06:19:06.135+0000][7][safepoint    ] Safepoint "Cleanup", Time since last: 1003003013 ns, Reaching safepoint: 249118 ns, At safepoint: 6339 ns, Total: 255457 ns
[2021-11-03T06:19:07.138+0000][7][safepoint    ] Safepoint "Cleanup", Time since last: 1002491263 ns, Reaching safepoint: 388175 ns, At safepoint: 7414 ns, Total: 395589 ns
[2021-11-03T06:19:08.144+0000][7][safepoint    ] Safepoint "Cleanup", Time since last: 1006144361 ns, Reaching safepoint: 132405 ns, At safepoint: 3601 ns, Total: 136006 ns
[2021-11-03T06:19:09.146+0000][7][safepoint    ] Safepoint "Cleanup", Time since last: 1001627154 ns, Reaching safepoint: 119263 ns, At safepoint: 3038 ns, Total: 122301 ns
[2021-11-03T06:19:10.147+0000][7][safepoint    ] Safepoint "Cleanup", Time since last: 1001547149 ns, Reaching safepoint: 130711 ns, At safepoint: 3968 ns, Total: 134679 ns
[2021-11-03T06:19:11.149+0000][7][safepoint    ] Safepoint "Cleanup", Time since last: 1001357645 ns, Reaching safepoint: 94448 ns, At safepoint: 2198 ns, Total: 96646 ns
[2021-11-03T06:19:12.150+0000][7][safepoint    ] Safepoint "Cleanup", Time since last: 1001261439 ns, Reaching safepoint: 176297 ns, At safepoint: 6220 ns, Total: 182517 ns
[2021-11-03T06:19:13.154+0000][7][safepoint    ] Safepoint "Cleanup", Time since last: 1003324012 ns, Reaching safepoint: 183044 ns, At safepoint: 6602 ns, Total: 189646 ns
[2021-11-03T06:19:14.157+0000][7][safepoint    ] Safepoint "Cleanup", Time since last: 1002633453 ns, Reaching safepoint: 357059 ns, At safepoint: 5862 ns, Total: 362921 ns
[2021-11-03T06:19:15.159+0000][7][safepoint    ] Safepoint "Cleanup", Time since last: 1002449963 ns, Reaching safepoint: 137022 ns, At safepoint: 4703 ns, Total: 141725 ns
[2021-11-03T06:19:16.161+0000][7][safepoint    ] Safepoint "Cleanup", Time since last: 1001356431 ns, Reaching safepoint: 131960 ns, At safepoint: 3634 ns, Total: 135594 ns
[2021-11-03T06:19:17.162+0000][7][safepoint    ] Safepoint "Cleanup", Time since last: 1001260302 ns, Reaching safepoint: 132800 ns, At safepoint: 4157 ns, Total: 136957 ns
[2021-11-03T06:19:18.165+0000][7][safepoint    ] Safepoint "Cleanup", Time since last: 1002097236 ns, Reaching safepoint: 377201 ns, At safepoint: 8696 ns, Total: 385897 ns
[2021-11-03T06:19:19.169+0000][7][safepoint    ] Safepoint "Cleanup", Time since last: 1003932214 ns, Reaching safepoint: 183546 ns, At safepoint: 7030 ns, Total: 190576 ns
[2021-11-03T06:19:20.172+0000][7][safepoint    ] Safepoint "Cleanup", Time since last: 1002479934 ns, Reaching safepoint: 226534 ns, At safepoint: 3853 ns, Total: 230387 ns
[2021-11-03T06:19:21.173+0000][7][safepoint    ] Safepoint "Cleanup", Time since last: 1001360314 ns, Reaching safepoint: 217310 ns, At safepoint: 5583 ns, Total: 222893 ns
[2021-11-03T06:19:22.175+0000][7][safepoint    ] Safepoint "Cleanup", Time since last: 1001218479 ns, Reaching safepoint: 200604 ns, At safepoint: 3573 ns, Total: 204177 ns
[2021-11-03T06:19:23.176+0000][7][safepoint    ] Safepoint "Cleanup", Time since last: 1001191406 ns, Reaching safepoint: 162282 ns, At safepoint: 4537 ns, Total: 166819 ns
[2021-11-03T06:19:24.178+0000][7][safepoint    ] Safepoint "Cleanup", Time since last: 1001422821 ns, Reaching safepoint: 207329 ns, At safepoint: 3763 ns, Total: 211092 ns
[2021-11-03T06:19:25.179+0000][7][safepoint    ] Safepoint "Cleanup", Time since last: 1000905687 ns, Reaching safepoint: 232197 ns, At safepoint: 12459 ns, Total: 244656 ns
[2021-11-03T06:19:26.184+0000][7][safepoint    ] Safepoint "Cleanup", Time since last: 1005239355 ns, Reaching safepoint: 183596 ns, At safepoint: 8301 ns, Total: 191897 ns
[2021-11-03T06:19:27.185+0000][7][safepoint    ] Safepoint "Cleanup", Time since last: 1000969510 ns, Reaching safepoint: 121766 ns, At safepoint: 3455 ns, Total: 125221 ns
[2021-11-03T06:19:28.186+0000][7][safepoint    ] Safepoint "Cleanup", Time since last: 1000670969 ns, Reaching safepoint: 108136 ns, At safepoint: 3936 ns, Total: 112072 ns
[2021-11-03T06:19:29.187+0000][7][safepoint    ] Safepoint "Cleanup", Time since last: 1000667637 ns, Reaching safepoint: 90070 ns, At safepoint: 2223 ns, Total: 92293 ns
[2021-11-03T06:19:30.189+0000][7][safepoint    ] Safepoint "Cleanup", Time since last: 1002130831 ns, Reaching safepoint: 165073 ns, At safepoint: 3852 ns, Total: 168925 ns
[2021-11-03T06:19:31.170+0000][7][safepoint    ] Safepoint "Cleanup", Time since last: 1001782358 ns, Reaching safepoint: 180193 ns, At safepoint: 5950 ns, Total: 186143 ns
[2021-11-03T06:19:32.175+0000][7][safepoint    ] Safepoint "Cleanup", Time since last: 1005100252 ns, Reaching safepoint: 122156 ns, At safepoint: 2540 ns, Total: 124696 ns
[2021-11-03T06:19:33.176+0000][7][safepoint    ] Safepoint "Cleanup", Time since last: 1001286548 ns, Reaching safepoint: 122096 ns, At safepoint: 3717 ns, Total: 125813 ns
[2021-11-03T06:19:34.179+0000][7][safepoint    ] Safepoint "Cleanup", Time since last: 1002179629 ns, Reaching safepoint: 101454 ns, At safepoint: 3123 ns, Total: 104577 ns
[2021-11-03T06:19:35.180+0000][7][safepoint    ] Safepoint "Cleanup", Time since last: 1000874583 ns, Reaching safepoint: 193582 ns, At safepoint: 4689 ns, Total: 198271 ns
[2021-11-03T06:19:36.183+0000][7][safepoint    ] Safepoint "Cleanup", Time since last: 1003073324 ns, Reaching safepoint: 163671 ns, At safepoint: 5918 ns, Total: 169589 ns
[2021-11-03T06:19:37.189+0000][7][safepoint    ] Safepoint "Cleanup", Time since last: 1005627320 ns, Reaching safepoint: 112157 ns, At safepoint: 3533 ns, Total: 115690 ns
[2021-11-03T06:19:38.191+0000][7][safepoint    ] Safepoint "Cleanup", Time since last: 1001537026 ns, Reaching safepoint: 150267 ns, At safepoint: 3162 ns, Total: 153429 ns
[2021-11-03T06:19:39.197+0000][7][safepoint    ] Safepoint "Cleanup", Time since last: 1006253746 ns, Reaching safepoint: 174071 ns, At safepoint: 6243 ns, Total: 180314 ns
[2021-11-03T06:19:40.201+0000][7][safepoint    ] Safepoint "Cleanup", Time since last: 1003520837 ns, Reaching safepoint: 181704 ns, At safepoint: 6505 ns, Total: 188209 ns
[2021-11-03T06:19:41.205+0000][7][safepoint    ] Safepoint "Cleanup", Time since last: 1004640387 ns, Reaching safepoint: 176497 ns, At safepoint: 6093 ns, Total: 182590 ns
[2021-11-03T06:19:42.208+0000][7][safepoint    ] Safepoint "Cleanup", Time since last: 1002168578 ns, Reaching safepoint: 175411 ns, At safepoint: 5968 ns, Total: 181379 ns
[2021-11-03T06:19:43.211+0000][7][safepoint    ] Safepoint "Cleanup", Time since last: 1003196558 ns, Reaching safepoint: 226127 ns, At safepoint: 5524 ns, Total: 231651 ns
[2021-11-03T06:19:44.216+0000][7][safepoint    ] Safepoint "Cleanup", Time since last: 1004099273 ns, Reaching safepoint: 177649 ns, At safepoint: 6451 ns, Total: 184100 ns
[2021-11-03T06:19:45.219+0000][7][safepoint    ] Safepoint "Cleanup", Time since last: 1003080442 ns, Reaching safepoint: 174043 ns, At safepoint: 6761 ns, Total: 180804 ns
[2021-11-03T06:19:46.222+0000][7][safepoint    ] Safepoint "Cleanup", Time since last: 1003200969 ns, Reaching safepoint: 401765 ns, At safepoint: 10510 ns, Total: 412275 ns
[2021-11-03T06:19:47.226+0000][7][safepoint    ] Safepoint "Cleanup", Time since last: 1003218378 ns, Reaching safepoint: 172672 ns, At safepoint: 6361 ns, Total: 179033 ns
[2021-11-03T06:19:48.229+0000][7][safepoint    ] Safepoint "Cleanup", Time since last: 1002780023 ns, Reaching safepoint: 233524 ns, At safepoint: 6963 ns, Total: 240487 ns
[2021-11-03T06:19:49.232+0000][7][safepoint    ] Safepoint "Cleanup", Time since last: 1003137887 ns, Reaching safepoint: 212877 ns, At safepoint: 5056 ns, Total: 217933 ns
[2021-11-03T06:19:50.234+0000][7][safepoint    ] Safepoint "Cleanup", Time since last: 1002094603 ns, Reaching safepoint: 134625 ns, At safepoint: 3731 ns, Total: 138356 ns
[2021-11-03T06:19:51.239+0000][7][safepoint    ] Safepoint "Cleanup", Time since last: 1004078895 ns, Reaching safepoint: 177604 ns, At safepoint: 6737 ns, Total: 184341 ns
[2021-11-03T06:19:52.242+0000][7][safepoint    ] Safepoint "Cleanup", Time since last: 1002645429 ns, Reaching safepoint: 195274 ns, At safepoint: 4733 ns, Total: 200007 ns
[2021-11-03T06:19:53.245+0000][7][safepoint    ] Safepoint "Cleanup", Time since last: 1002780269 ns, Reaching safepoint: 187776 ns, At safepoint: 7156 ns, Total: 194932 ns
[2021-11-03T06:19:54.247+0000][7][safepoint    ] Safepoint "Cleanup", Time since last: 1002454761 ns, Reaching safepoint: 218329 ns, At safepoint: 3782 ns, Total: 222111 ns
[2021-11-03T06:19:55.250+0000][7][safepoint    ] Safepoint "Cleanup", Time since last: 1002545237 ns, Reaching safepoint: 506139 ns, At safepoint: 8241 ns, Total: 514380 ns
[2021-11-03T06:19:56.253+0000][7][safepoint    ] Safepoint "Cleanup", Time since last: 1002593546 ns, Reaching safepoint: 567392 ns, At safepoint: 12857 ns, Total: 580249 ns
[2021-11-03T06:19:57.256+0000][7][safepoint    ] Safepoint "Cleanup", Time since last: 1002460741 ns, Reaching safepoint: 546425 ns, At safepoint: 10527 ns, Total: 556952 ns
[2021-11-03T06:19:58.260+0000][7][safepoint    ] Safepoint "Cleanup", Time since last: 1002934523 ns, Reaching safepoint: 157353 ns, At safepoint: 4298 ns, Total: 161651 ns
[2021-11-03T06:19:59.264+0000][7][safepoint    ] Safepoint "Cleanup", Time since last: 1003637686 ns, Reaching safepoint: 364672 ns, At safepoint: 5743 ns, Total: 370415 ns
[2021-11-03T06:20:00.269+0000][7][safepoint    ] Safepoint "Cleanup", Time since last: 1004786889 ns, Reaching safepoint: 233323 ns, At safepoint: 6294 ns, Total: 239617 ns
[2021-11-03T06:20:01.250+0000][7][safepoint    ] Safepoint "Cleanup", Time since last: 1002295099 ns, Reaching safepoint: 239550 ns, At safepoint: 10941 ns, Total: 250491 ns
[2021-11-03T06:20:02.254+0000][7][safepoint    ] Safepoint "Cleanup", Time since last: 1003220041 ns, Reaching safepoint: 240346 ns, At safepoint: 6510 ns, Total: 246856 ns
[2021-11-03T06:20:03.258+0000][7][safepoint    ] Safepoint "Cleanup", Time since last: 1003432146 ns, Reaching safepoint: 637764 ns, At safepoint: 13114 ns, Total: 650878 ns
[2021-11-03T06:20:04.260+0000][7][safepoint    ] Safepoint "Cleanup", Time since last: 1001758409 ns, Reaching safepoint: 230928 ns, At safepoint: 6260 ns, Total: 237188 ns
[2021-11-03T06:20:05.262+0000][7][safepoint    ] Safepoint "Cleanup", Time since last: 1002068932 ns, Reaching safepoint: 176127 ns, At safepoint: 5601 ns, Total: 181728 ns
[2021-11-03T06:20:06.268+0000][7][safepoint    ] Safepoint "Cleanup", Time since last: 1005229146 ns, Reaching safepoint: 461748 ns, At safepoint: 10244 ns, Total: 471992 ns
[2021-11-03T06:20:07.277+0000][7][safepoint    ] Safepoint "Cleanup", Time since last: 1008712993 ns, Reaching safepoint: 214822 ns, At safepoint: 8077 ns, Total: 222899 ns
[2021-11-03T06:20:08.281+0000][7][safepoint    ] Safepoint "Cleanup", Time since last: 1003931391 ns, Reaching safepoint: 189686 ns, At safepoint: 7096 ns, Total: 196782 ns
[2021-11-03T06:20:09.283+0000][7][safepoint    ] Safepoint "Cleanup", Time since last: 1002242841 ns, Reaching safepoint: 105202 ns, At safepoint: 2630 ns, Total: 107832 ns
[2021-11-03T06:20:10.285+0000][7][safepoint    ] Safepoint "Cleanup", Time since last: 1001655061 ns, Reaching safepoint: 128401 ns, At safepoint: 4371 ns, Total: 132772 ns
[2021-11-03T06:20:11.290+0000][7][safepoint    ] Safepoint "Cleanup", Time since last: 1004738725 ns, Reaching safepoint: 184698 ns, At safepoint: 6508 ns, Total: 191206 ns
[2021-11-03T06:20:12.293+0000][7][safepoint    ] Safepoint "Cleanup", Time since last: 1002542023 ns, Reaching safepoint: 225734 ns, At safepoint: 8051 ns, Total: 233785 ns
[2021-11-03T06:20:13.297+0000][7][safepoint    ] Safepoint "Cleanup", Time since last: 1003776281 ns, Reaching safepoint: 664852 ns, At safepoint: 10782 ns, Total: 675634 ns
[2021-11-03T06:20:14.301+0000][7][safepoint    ] Safepoint "Cleanup", Time since last: 1003511445 ns, Reaching safepoint: 133146 ns, At safepoint: 4699 ns, Total: 137845 ns
[2021-11-03T06:20:15.305+0000][7][safepoint    ] Safepoint "Cleanup", Time since last: 1004216063 ns, Reaching safepoint: 187841 ns, At safepoint: 7183 ns, Total: 195024 ns
[2021-11-03T06:20:16.309+0000][7][safepoint    ] Safepoint "Cleanup", Time since last: 1003375207 ns, Reaching safepoint: 191012 ns, At safepoint: 7524 ns, Total: 198536 ns
[2021-11-03T06:20:17.311+0000][7][safepoint    ] Safepoint "Cleanup", Time since last: 1002406453 ns, Reaching safepoint: 375636 ns, At safepoint: 7400 ns, Total: 383036 ns
[2021-11-03T06:20:18.314+0000][7][safepoint    ] Safepoint "Cleanup", Time since last: 1002273332 ns, Reaching safepoint: 402305 ns, At safepoint: 9754 ns, Total: 412059 ns
[2021-11-03T06:20:19.317+0000][7][safepoint    ] Safepoint "Cleanup", Time since last: 1003210420 ns, Reaching safepoint: 138097 ns, At safepoint: 3492 ns, Total: 141589 ns
[2021-11-03T06:20:20.321+0000][7][safepoint    ] Safepoint "Cleanup", Time since last: 1003119304 ns, Reaching safepoint: 133004 ns, At safepoint: 3575 ns, Total: 136579 ns
[2021-11-03T06:20:21.324+0000][7][safepoint    ] Safepoint "Cleanup", Time since last: 1003565792 ns, Reaching safepoint: 98805 ns, At safepoint: 3143 ns, Total: 101948 ns
[2021-11-03T06:20:22.327+0000][7][safepoint    ] Safepoint "Cleanup", Time since last: 1001986403 ns, Reaching safepoint: 176269 ns, At safepoint: 6665 ns, Total: 182934 ns
[2021-11-03T06:20:23.333+0000][7][safepoint    ] Safepoint "Cleanup", Time since last: 1005962305 ns, Reaching safepoint: 180688 ns, At safepoint: 6632 ns, Total: 187320 ns
[2021-11-03T06:20:24.336+0000][7][safepoint    ] Safepoint "Cleanup", Time since last: 1003113697 ns, Reaching safepoint: 223005 ns, At safepoint: 6130 ns, Total: 229135 ns
[2021-11-03T06:20:25.339+0000][7][safepoint    ] Safepoint "Cleanup", Time since last: 1002461423 ns, Reaching safepoint: 171296 ns, At safepoint: 6452 ns, Total: 177748 ns
[2021-11-03T06:20:26.342+0000][7][safepoint    ] Safepoint "Cleanup", Time since last: 1003212490 ns, Reaching safepoint: 169787 ns, At safepoint: 4951 ns, Total: 174738 ns
[2021-11-03T06:20:27.346+0000][7][safepoint    ] Safepoint "Cleanup", Time since last: 1003778104 ns, Reaching safepoint: 177444 ns, At safepoint: 7040 ns, Total: 184484 ns
[2021-11-03T06:20:28.349+0000][7][safepoint    ] Safepoint "Cleanup", Time since last: 1003133213 ns, Reaching safepoint: 338311 ns, At safepoint: 7070 ns, Total: 345381 ns
[2021-11-03T06:20:29.353+0000][7][safepoint    ] Safepoint "Cleanup", Time since last: 1003059399 ns, Reaching safepoint: 176065 ns, At safepoint: 6562 ns, Total: 182627 ns
[2021-11-03T06:20:30.358+0000][7][safepoint    ] Safepoint "Cleanup", Time since last: 1005089172 ns, Reaching safepoint: 220180 ns, At safepoint: 6801 ns, Total: 226981 ns
[2021-11-03T06:20:31.339+0000][7][safepoint    ] Safepoint "Cleanup", Time since last: 1002438572 ns, Reaching safepoint: 165861 ns, At safepoint: 6265 ns, Total: 172126 ns
[2021-11-03T06:20:32.342+0000][7][safepoint    ] Safepoint "Cleanup", Time since last: 1002468864 ns, Reaching safepoint: 333167 ns, At safepoint: 6474 ns, Total: 339641 ns
[2021-11-03T06:20:33.345+0000][7][safepoint    ] Safepoint "Cleanup", Time since last: 1002300767 ns, Reaching safepoint: 242298 ns, At safepoint: 6178 ns, Total: 248476 ns
[2021-11-03T06:20:34.352+0000][7][safepoint    ] Safepoint "Cleanup", Time since last: 1007345650 ns, Reaching safepoint: 183081 ns, At safepoint: 7014 ns, Total: 190095 ns
[2021-11-03T06:20:35.357+0000][7][safepoint    ] Safepoint "Cleanup", Time since last: 1004286059 ns, Reaching safepoint: 189910 ns, At safepoint: 10670 ns, Total: 200580 ns
[2021-11-03T06:20:36.360+0000][7][safepoint    ] Safepoint "Cleanup", Time since last: 1002402107 ns, Reaching safepoint: 230656 ns, At safepoint: 6046 ns, Total: 236702 ns
[2021-11-03T06:20:37.366+0000][7][safepoint    ] Safepoint "Cleanup", Time since last: 1006612220 ns, Reaching safepoint: 142456 ns, At safepoint: 3685 ns, Total: 146141 ns
[2021-11-03T06:20:38.369+0000][7][safepoint    ] Safepoint "Cleanup", Time since last: 1002202336 ns, Reaching safepoint: 179107 ns, At safepoint: 6039 ns, Total: 185146 ns
[2021-11-03T06:20:39.373+0000][7][safepoint    ] Safepoint "Cleanup", Time since last: 1004670843 ns, Reaching safepoint: 166545 ns, At safepoint: 5892 ns, Total: 172437 ns
[2021-11-03T06:20:40.381+0000][7][safepoint    ] Safepoint "Cleanup", Time since last: 1006969172 ns, Reaching safepoint: 167677 ns, At safepoint: 6329 ns, Total: 174006 ns
[2021-11-03T06:20:41.384+0000][7][safepoint    ] Safepoint "Cleanup", Time since last: 1003101136 ns, Reaching safepoint: 111467 ns, At safepoint: 3091 ns, Total: 114558 ns
[2021-11-03T06:20:42.390+0000][7][safepoint    ] Safepoint "Cleanup", Time since last: 1005478042 ns, Reaching safepoint: 175443 ns, At safepoint: 6792 ns, Total: 182235 ns
[2021-11-03T06:20:43.397+0000][7][safepoint    ] Safepoint "Cleanup", Time since last: 1006903795 ns, Reaching safepoint: 167927 ns, At safepoint: 6676 ns, Total: 174603 ns
[2021-11-03T06:20:44.401+0000][7][safepoint    ] Safepoint "Cleanup", Time since last: 1004705814 ns, Reaching safepoint: 169976 ns, At safepoint: 5859 ns, Total: 175835 ns
[2021-11-03T06:20:45.405+0000][7][safepoint    ] Safepoint "Cleanup", Time since last: 1002933998 ns, Reaching safepoint: 183017 ns, At safepoint: 7876 ns, Total: 190893 ns
[2021-11-03T06:20:46.407+0000][7][safepoint    ] Safepoint "Cleanup", Time since last: 1001945076 ns, Reaching safepoint: 392358 ns, At safepoint: 9395 ns, Total: 401753 ns
[2021-11-03T06:20:47.410+0000][7][safepoint    ] Safepoint "Cleanup", Time since last: 1002681161 ns, Reaching safepoint: 270798 ns, At safepoint: 8606 ns, Total: 279404 ns
[2021-11-03T06:20:48.413+0000][7][safepoint    ] Safepoint "Cleanup", Time since last: 1002608800 ns, Reaching safepoint: 170479 ns, At safepoint: 6057 ns, Total: 176536 ns
[2021-11-03T06:20:49.416+0000][7][safepoint    ] Safepoint "Cleanup", Time since last: 1003269072 ns, Reaching safepoint: 342319 ns, At safepoint: 7566 ns, Total: 349885 ns
[2021-11-03T06:20:50.419+0000][7][safepoint    ] Safepoint "Cleanup", Time since last: 1002910689 ns, Reaching safepoint: 223872 ns, At safepoint: 6627 ns, Total: 230499 ns
[2021-11-03T06:20:51.423+0000][7][safepoint    ] Safepoint "Cleanup", Time since last: 1002869745 ns, Reaching safepoint: 246430 ns, At safepoint: 6565 ns, Total: 252995 ns
[2021-11-03T06:20:52.425+0000][7][safepoint    ] Safepoint "Cleanup", Time since last: 1002619161 ns, Reaching safepoint: 194626 ns, At safepoint: 7337 ns, Total: 201963 ns
[2021-11-03T06:20:53.428+0000][7][safepoint    ] Safepoint "Cleanup", Time since last: 1002194830 ns, Reaching safepoint: 318604 ns, At safepoint: 12030 ns, Total: 330634 ns
[2021-11-03T06:20:54.431+0000][7][safepoint    ] Safepoint "Cleanup", Time since last: 1002386822 ns, Reaching safepoint: 299071 ns, At safepoint: 4613 ns, Total: 303684 ns
[2021-11-03T06:20:55.433+0000][7][safepoint    ] Safepoint "Cleanup", Time since last: 1001905607 ns, Reaching safepoint: 288560 ns, At safepoint: 6161 ns, Total: 294721 ns
[2021-11-03T06:20:56.437+0000][7][safepoint    ] Safepoint "Cleanup", Time since last: 1003372824 ns, Reaching safepoint: 371799 ns, At safepoint: 9777 ns, Total: 381576 ns
[2021-11-03T06:20:57.440+0000][7][safepoint    ] Safepoint "Cleanup", Time since last: 1003097218 ns, Reaching safepoint: 159165 ns, At safepoint: 3034 ns, Total: 162199 ns
[2021-11-03T06:20:58.443+0000][7][safepoint    ] Safepoint "Cleanup", Time since last: 1002502972 ns, Reaching safepoint: 244590 ns, At safepoint: 6522 ns, Total: 251112 ns
[2021-11-03T06:20:59.447+0000][7][safepoint    ] Safepoint "Cleanup", Time since last: 1004487043 ns, Reaching safepoint: 360313 ns, At safepoint: 6652 ns, Total: 366965 ns
[2021-11-03T06:21:00.451+0000][7][safepoint    ] Safepoint "Cleanup", Time since last: 1002856339 ns, Reaching safepoint: 243594 ns, At safepoint: 7351 ns, Total: 250945 ns
[2021-11-03T06:21:01.435+0000][7][safepoint    ] Safepoint "Cleanup", Time since last: 1004933916 ns, Reaching safepoint: 378407 ns, At safepoint: 17827 ns, Total: 396234 ns
[2021-11-03T06:21:02.437+0000][7][safepoint    ] Safepoint "Cleanup", Time since last: 1002355407 ns, Reaching safepoint: 232731 ns, At safepoint: 6675 ns, Total: 239406 ns
[2021-11-03T06:21:03.444+0000][7][safepoint    ] Safepoint "Cleanup", Time since last: 1006513690 ns, Reaching safepoint: 359287 ns, At safepoint: 8564 ns, Total: 367851 ns
[2021-11-03T06:21:04.449+0000][7][safepoint    ] Safepoint "Cleanup", Time since last: 1004319546 ns, Reaching safepoint: 229889 ns, At safepoint: 7713 ns, Total: 237602 ns
[2021-11-03T06:21:05.451+0000][7][safepoint    ] Safepoint "Cleanup", Time since last: 1002269258 ns, Reaching safepoint: 346785 ns, At safepoint: 6722 ns, Total: 353507 ns
[2021-11-03T06:21:06.454+0000][7][safepoint    ] Safepoint "Cleanup", Time since last: 1002844602 ns, Reaching safepoint: 169617 ns, At safepoint: 6591 ns, Total: 176208 ns
[2021-11-03T06:21:07.457+0000][7][safepoint    ] Safepoint "Cleanup", Time since last: 1002428710 ns, Reaching safepoint: 365703 ns, At safepoint: 6705 ns, Total: 372408 ns
[2021-11-03T06:21:08.461+0000][7][safepoint    ] Safepoint "Cleanup", Time since last: 1003295399 ns, Reaching safepoint: 249437 ns, At safepoint: 7133 ns, Total: 256570 ns
[2021-11-03T06:21:09.464+0000][7][safepoint    ] Safepoint "Cleanup", Time since last: 1003252769 ns, Reaching safepoint: 221372 ns, At safepoint: 6531 ns, Total: 227903 ns
[2021-11-03T06:21:10.466+0000][7][safepoint    ] Safepoint "Cleanup", Time since last: 1002075301 ns, Reaching safepoint: 227157 ns, At safepoint: 7339 ns, Total: 234496 ns
[2021-11-03T06:21:11.470+0000][7][safepoint    ] Safepoint "Cleanup", Time since last: 1003161140 ns, Reaching safepoint: 228885 ns, At safepoint: 6528 ns, Total: 235413 ns
[2021-11-03T06:21:12.473+0000][7][safepoint    ] Safepoint "Cleanup", Time since last: 1002560725 ns, Reaching safepoint: 236758 ns, At safepoint: 5849 ns, Total: 242607 ns
[2021-11-03T06:21:13.477+0000][7][safepoint    ] Safepoint "Cleanup", Time since last: 1004244946 ns, Reaching safepoint: 235582 ns, At safepoint: 6312 ns, Total: 241894 ns
[2021-11-03T06:21:14.481+0000][7][safepoint    ] Safepoint "Cleanup", Time since last: 1003092861 ns, Reaching safepoint: 547255 ns, At safepoint: 28755 ns, Total: 576010 ns
[2021-11-03T06:21:15.485+0000][7][safepoint    ] Safepoint "Cleanup", Time since last: 1003945498 ns, Reaching safepoint: 406670 ns, At safepoint: 7023 ns, Total: 413693 ns
[2021-11-03T06:21:16.494+0000][7][safepoint    ] Safepoint "Cleanup", Time since last: 1007521586 ns, Reaching safepoint: 823725 ns, At safepoint: 20902 ns, Total: 844627 ns
[2021-11-03T06:21:17.497+0000][7][safepoint    ] Safepoint "Cleanup", Time since last: 1003230178 ns, Reaching safepoint: 415867 ns, At safepoint: 9618 ns, Total: 425485 ns
[2021-11-03T06:21:18.503+0000][7][safepoint    ] Safepoint "Cleanup", Time since last: 1005640231 ns, Reaching safepoint: 308519 ns, At safepoint: 11646 ns, Total: 320165 ns
[2021-11-03T06:21:19.507+0000][7][safepoint    ] Safepoint "Cleanup", Time since last: 1003711633 ns, Reaching safepoint: 186243 ns, At safepoint: 6011 ns, Total: 192254 ns
[2021-11-03T06:21:20.512+0000][7][safepoint    ] Safepoint "Cleanup", Time since last: 1004410507 ns, Reaching safepoint: 183450 ns, At safepoint: 6291 ns, Total: 189741 ns
[2021-11-03T06:21:21.515+0000][7][safepoint    ] Safepoint "Cleanup", Time since last: 1003133715 ns, Reaching safepoint: 332322 ns, At safepoint: 6829 ns, Total: 339151 ns
[2021-11-03T06:21:22.518+0000][7][safepoint    ] Safepoint "Cleanup", Time since last: 1002283511 ns, Reaching safepoint: 171448 ns, At safepoint: 6447 ns, Total: 177895 ns
[2021-11-03T06:21:23.522+0000][7][safepoint    ] Safepoint "Cleanup", Time since last: 1004143440 ns, Reaching safepoint: 397419 ns, At safepoint: 8682 ns, Total: 406101 ns
[2021-11-03T06:21:24.524+0000][7][safepoint    ] Safepoint "Cleanup", Time since last: 1002072310 ns, Reaching safepoint: 178321 ns, At safepoint: 6396 ns, Total: 184717 ns
[2021-11-03T06:21:25.527+0000][7][safepoint    ] Safepoint "Cleanup", Time since last: 1002781100 ns, Reaching safepoint: 227683 ns, At safepoint: 6230 ns, Total: 233913 ns
[2021-11-03T06:21:26.530+0000][7][safepoint    ] Safepoint "Cleanup", Time since last: 1002791466 ns, Reaching safepoint: 161828 ns, At safepoint: 6906 ns, Total: 168734 ns
[2021-11-03T06:21:27.532+0000][7][safepoint    ] Safepoint "Cleanup", Time since last: 1001896275 ns, Reaching safepoint: 157195 ns, At safepoint: 4548 ns, Total: 161743 ns
[2021-11-03T06:21:28.535+0000][7][safepoint    ] Safepoint "Cleanup", Time since last: 1002300174 ns, Reaching safepoint: 262488 ns, At safepoint: 6997 ns, Total: 269485 ns
[2021-11-03T06:21:29.538+0000][7][safepoint    ] Safepoint "Cleanup", Time since last: 1002577477 ns, Reaching safepoint: 179628 ns, At safepoint: 6698 ns, Total: 186326 ns
[2021-11-03T06:21:30.543+0000][7][safepoint    ] Safepoint "Cleanup", Time since last: 1005479778 ns, Reaching safepoint: 172465 ns, At safepoint: 6543 ns, Total: 179008 ns
[2021-11-03T06:21:31.526+0000][7][safepoint    ] Safepoint "Cleanup", Time since last: 1003422992 ns, Reaching safepoint: 170780 ns, At safepoint: 6299 ns, Total: 177079 ns
[2021-11-03T06:21:32.531+0000][7][safepoint    ] Safepoint "Cleanup", Time since last: 1004743940 ns, Reaching safepoint: 299119 ns, At safepoint: 6351 ns, Total: 305470 ns
[2021-11-03T06:21:33.536+0000][7][safepoint    ] Safepoint "Cleanup", Time since last: 1005549163 ns, Reaching safepoint: 138073 ns, At safepoint: 3437 ns, Total: 141510 ns
[2021-11-03T06:21:34.541+0000][7][safepoint    ] Safepoint "Cleanup", Time since last: 1003918103 ns, Reaching safepoint: 387941 ns, At safepoint: 8975 ns, Total: 396916 ns
[2021-11-03T06:21:35.544+0000][7][safepoint    ] Safepoint "Cleanup", Time since last: 1002615229 ns, Reaching safepoint: 214772 ns, At safepoint: 3999 ns, Total: 218771 ns
[2021-11-03T06:21:36.546+0000][7][safepoint    ] Safepoint "Cleanup", Time since last: 1002020362 ns, Reaching safepoint: 131123 ns, At safepoint: 2840 ns, Total: 133963 ns
[2021-11-03T06:21:37.550+0000][7][safepoint    ] Safepoint "Cleanup", Time since last: 1004143078 ns, Reaching safepoint: 169921 ns, At safepoint: 4843 ns, Total: 174764 ns
[2021-11-03T06:21:38.554+0000][7][safepoint    ] Safepoint "Cleanup", Time since last: 1003704718 ns, Reaching safepoint: 93191 ns, At safepoint: 2811 ns, Total: 96002 ns
[2021-11-03T06:21:39.555+0000][7][safepoint    ] Safepoint "Cleanup", Time since last: 1001151602 ns, Reaching safepoint: 96627 ns, At safepoint: 2677 ns, Total: 99304 ns
[2021-11-03T06:21:40.557+0000][7][safepoint    ] Safepoint "Cleanup", Time since last: 1001568511 ns, Reaching safepoint: 112910 ns, At safepoint: 3192 ns, Total: 116102 ns
[2021-11-03T06:21:41.558+0000][7][safepoint    ] Safepoint "Cleanup", Time since last: 1001259100 ns, Reaching safepoint: 90225 ns, At safepoint: 2670 ns, Total: 92895 ns
[2021-11-03T06:21:42.559+0000][7][safepoint    ] Safepoint "Cleanup", Time since last: 1000866659 ns, Reaching safepoint: 113008 ns, At safepoint: 3603 ns, Total: 116611 ns
[2021-11-03T06:21:43.564+0000][7][safepoint    ] Safepoint "Cleanup", Time since last: 1004838926 ns, Reaching safepoint: 261478 ns, At safepoint: 4469 ns, Total: 265947 ns
[2021-11-03T06:21:44.565+0000][7][safepoint    ] Safepoint "Cleanup", Time since last: 1001041433 ns, Reaching safepoint: 112853 ns, At safepoint: 2874 ns, Total: 115727 ns
[2021-11-03T06:21:45.567+0000][7][safepoint    ] Safepoint "Cleanup", Time since last: 1001460495 ns, Reaching safepoint: 99878 ns, At safepoint: 2498 ns, Total: 102376 ns
[2021-11-03T06:21:46.568+0000][7][safepoint    ] Safepoint "Cleanup", Time since last: 1001377973 ns, Reaching safepoint: 99241 ns, At safepoint: 2821 ns, Total: 102062 ns
[2021-11-03T06:21:47.570+0000][7][safepoint    ] Safepoint "Cleanup", Time since last: 1001404140 ns, Reaching safepoint: 98037 ns, At safepoint: 2421 ns, Total: 100458 ns
[2021-11-03T06:21:48.571+0000][7][safepoint    ] Safepoint "Cleanup", Time since last: 1001406314 ns, Reaching safepoint: 121375 ns, At safepoint: 3047 ns, Total: 124422 ns
[2021-11-03T06:21:49.573+0000][7][safepoint    ] Safepoint "Cleanup", Time since last: 1001625051 ns, Reaching safepoint: 101400 ns, At safepoint: 3456 ns, Total: 104856 ns
[2021-11-03T06:21:50.576+0000][7][safepoint    ] Safepoint "Cleanup", Time since last: 1002560287 ns, Reaching safepoint: 167953 ns, At safepoint: 4002 ns, Total: 171955 ns
[2021-11-03T06:21:51.578+0000][7][safepoint    ] Safepoint "Cleanup", Time since last: 1001609499 ns, Reaching safepoint: 96921 ns, At safepoint: 2711 ns, Total: 99632 ns
[2021-11-03T06:21:52.579+0000][7][safepoint    ] Safepoint "Cleanup", Time since last: 1001181894 ns, Reaching safepoint: 152603 ns, At safepoint: 4156 ns, Total: 156759 ns
[2021-11-03T06:21:53.583+0000][7][safepoint    ] Safepoint "Cleanup", Time since last: 1003523705 ns, Reaching safepoint: 170552 ns, At safepoint: 3329 ns, Total: 173881 ns
[2021-11-03T06:21:54.584+0000][7][safepoint    ] Safepoint "Cleanup", Time since last: 1001336775 ns, Reaching safepoint: 91485 ns, At safepoint: 2728 ns, Total: 94213 ns
[2021-11-03T06:21:55.586+0000][7][safepoint    ] Safepoint "Cleanup", Time since last: 1001290794 ns, Reaching safepoint: 151973 ns, At safepoint: 3236 ns, Total: 155209 ns
[2021-11-03T06:21:56.588+0000][7][safepoint    ] Safepoint "Cleanup", Time since last: 1002251976 ns, Reaching safepoint: 114794 ns, At safepoint: 2453 ns, Total: 117247 ns
[2021-11-03T06:21:57.591+0000][7][safepoint    ] Safepoint "Cleanup", Time since last: 1003377479 ns, Reaching safepoint: 96691 ns, At safepoint: 27051 ns, Total: 123742 ns
[2021-11-03T06:21:58.593+0000][7][safepoint    ] Safepoint "Cleanup", Time since last: 1001286303 ns, Reaching safepoint: 128577 ns, At safepoint: 2477 ns, Total: 131054 ns
[2021-11-03T06:21:59.594+0000][7][safepoint    ] Safepoint "Cleanup", Time since last: 1001334277 ns, Reaching safepoint: 91968 ns, At safepoint: 2538 ns, Total: 94506 ns
[2021-11-03T06:22:00.596+0000][7][safepoint    ] Safepoint "Cleanup", Time since last: 1001399661 ns, Reaching safepoint: 159822 ns, At safepoint: 3176 ns, Total: 162998 ns
[2021-11-03T06:22:01.576+0000][7][safepoint    ] Safepoint "Cleanup", Time since last: 1001254652 ns, Reaching safepoint: 156318 ns, At safepoint: 4038 ns, Total: 160356 ns
[2021-11-03T06:22:02.578+0000][7][safepoint    ] Safepoint "Cleanup", Time since last: 1001227830 ns, Reaching safepoint: 87655 ns, At safepoint: 2545 ns, Total: 90200 ns
[2021-11-03T06:22:03.579+0000][7][safepoint    ] Safepoint "Cleanup", Time since last: 1001218994 ns, Reaching safepoint: 101047 ns, At safepoint: 3190 ns, Total: 104237 ns
[2021-11-03T06:22:04.580+0000][7][safepoint    ] Safepoint "Cleanup", Time since last: 1001167196 ns, Reaching safepoint: 195791 ns, At safepoint: 4431 ns, Total: 200222 ns
[2021-11-03T06:22:05.582+0000][7][safepoint    ] Safepoint "Cleanup", Time since last: 1001445749 ns, Reaching safepoint: 153858 ns, At safepoint: 3632 ns, Total: 157490 ns
[2021-11-03T06:22:06.584+0000][7][safepoint    ] Safepoint "Cleanup", Time since last: 1001476391 ns, Reaching safepoint: 87635 ns, At safepoint: 2110 ns, Total: 89745 ns
[2021-11-03T06:22:07.586+0000][7][safepoint    ] Safepoint "Cleanup", Time since last: 1002058553 ns, Reaching safepoint: 101641 ns, At safepoint: 2918 ns, Total: 104559 ns
[2021-11-03T06:22:08.587+0000][7][safepoint    ] Safepoint "Cleanup", Time since last: 1001398861 ns, Reaching safepoint: 142604 ns, At safepoint: 4146 ns, Total: 146750 ns
[2021-11-03T06:22:09.589+0000][7][safepoint    ] Safepoint "Cleanup", Time since last: 1001734093 ns, Reaching safepoint: 180284 ns, At safepoint: 5967 ns, Total: 186251 ns
[2021-11-03T06:22:10.595+0000][7][safepoint    ] Safepoint "Cleanup", Time since last: 1005187856 ns, Reaching safepoint: 217073 ns, At safepoint: 7064 ns, Total: 224137 ns
[2021-11-03T06:22:11.597+0000][7][safepoint    ] Safepoint "Cleanup", Time since last: 1002546620 ns, Reaching safepoint: 256051 ns, At safepoint: 6568 ns, Total: 262619 ns
[2021-11-03T06:22:12.599+0000][7][safepoint    ] Safepoint "Cleanup", Time since last: 1001742167 ns, Reaching safepoint: 119932 ns, At safepoint: 3748 ns, Total: 123680 ns
[2021-11-03T06:22:13.601+0000][7][safepoint    ] Safepoint "Cleanup", Time since last: 1001539755 ns, Reaching safepoint: 318559 ns, At safepoint: 8593 ns, Total: 327152 ns
[2021-11-03T06:22:14.604+0000][7][safepoint    ] Safepoint "Cleanup", Time since last: 1003140789 ns, Reaching safepoint: 186770 ns, At safepoint: 7259 ns, Total: 194029 ns
[2021-11-03T06:22:15.607+0000][7][safepoint    ] Safepoint "Cleanup", Time since last: 1002319549 ns, Reaching safepoint: 158804 ns, At safepoint: 5375 ns, Total: 164179 ns
[2021-11-03T06:22:16.613+0000][7][safepoint    ] Safepoint "Cleanup", Time since last: 1005370732 ns, Reaching safepoint: 557512 ns, At safepoint: 8448 ns, Total: 565960 ns
[2021-11-03T06:22:17.618+0000][7][safepoint    ] Safepoint "Cleanup", Time since last: 1004818427 ns, Reaching safepoint: 167861 ns, At safepoint: 4888 ns, Total: 172749 ns
[2021-11-03T06:22:18.621+0000][7][safepoint    ] Safepoint "Cleanup", Time since last: 1002991921 ns, Reaching safepoint: 403346 ns, At safepoint: 7875 ns, Total: 411221 ns
[2021-11-03T06:22:19.625+0000][7][safepoint    ] Safepoint "Cleanup", Time since last: 1003283210 ns, Reaching safepoint: 332992 ns, At safepoint: 5161 ns, Total: 338153 ns
[2021-11-03T06:22:20.630+0000][7][safepoint    ] Safepoint "Cleanup", Time since last: 1004353268 ns, Reaching safepoint: 613229 ns, At safepoint: 20782 ns, Total: 634011 ns
[2021-11-03T06:22:21.633+0000][7][safepoint    ] Safepoint "Cleanup", Time since last: 1002680753 ns, Reaching safepoint: 431900 ns, At safepoint: 8782 ns, Total: 440682 ns
[2021-11-03T06:22:22.639+0000][7][safepoint    ] Safepoint "Cleanup", Time since last: 1006117340 ns, Reaching safepoint: 180295 ns, At safepoint: 7481 ns, Total: 187776 ns
[2021-11-03T06:22:23.642+0000][7][safepoint    ] Safepoint "Cleanup", Time since last: 1002601352 ns, Reaching safepoint: 184558 ns, At safepoint: 5842 ns, Total: 190400 ns
[2021-11-03T06:22:24.648+0000][7][safepoint    ] Safepoint "Cleanup", Time since last: 1005620741 ns, Reaching safepoint: 138541 ns, At safepoint: 4016 ns, Total: 142557 ns
[2021-11-03T06:22:25.650+0000][7][safepoint    ] Safepoint "Cleanup", Time since last: 1002371110 ns, Reaching safepoint: 179050 ns, At safepoint: 5580 ns, Total: 184630 ns
[2021-11-03T06:22:26.653+0000][7][safepoint    ] Safepoint "Cleanup", Time since last: 1002260459 ns, Reaching safepoint: 105369 ns, At safepoint: 3362 ns, Total: 108731 ns
[2021-11-03T06:22:27.655+0000][7][safepoint    ] Safepoint "Cleanup", Time since last: 1001572354 ns, Reaching safepoint: 132657 ns, At safepoint: 3085 ns, Total: 135742 ns
[2021-11-03T06:22:28.656+0000][7][safepoint    ] Safepoint "Cleanup", Time since last: 1001226972 ns, Reaching safepoint: 104302 ns, At safepoint: 2609 ns, Total: 106911 ns
[2021-11-03T06:22:29.658+0000][7][safepoint    ] Safepoint "Cleanup", Time since last: 1001902207 ns, Reaching safepoint: 289356 ns, At safepoint: 18511 ns, Total: 307867 ns
[2021-11-03T06:22:30.660+0000][7][safepoint    ] Safepoint "Cleanup", Time since last: 1001442466 ns, Reaching safepoint: 437733 ns, At safepoint: 6273 ns, Total: 444006 ns
[2021-11-03T06:22:31.641+0000][7][safepoint    ] Safepoint "Cleanup", Time since last: 1001741891 ns, Reaching safepoint: 587094 ns, At safepoint: 19449 ns, Total: 606543 ns
[2021-11-03T06:22:32.646+0000][7][safepoint    ] Safepoint "Cleanup", Time since last: 1004084663 ns, Reaching safepoint: 418504 ns, At safepoint: 10683 ns, Total: 429187 ns
[2021-11-03T06:22:33.649+0000][7][safepoint    ] Safepoint "Cleanup", Time since last: 1002825298 ns, Reaching safepoint: 231192 ns, At safepoint: 6092 ns, Total: 237284 ns
[2021-11-03T06:22:34.651+0000][7][safepoint    ] Safepoint "Cleanup", Time since last: 1002002523 ns, Reaching safepoint: 216489 ns, At safepoint: 6114 ns, Total: 222603 ns
[2021-11-03T06:22:35.655+0000][7][safepoint    ] Safepoint "Cleanup", Time since last: 1003357960 ns, Reaching safepoint: 118388 ns, At safepoint: 3402 ns, Total: 121790 ns
[2021-11-03T06:22:36.657+0000][7][safepoint    ] Safepoint "Cleanup", Time since last: 1002376610 ns, Reaching safepoint: 181447 ns, At safepoint: 6549 ns, Total: 187996 ns
[2021-11-03T06:22:37.660+0000][7][safepoint    ] Safepoint "Cleanup", Time since last: 1002309894 ns, Reaching safepoint: 149172 ns, At safepoint: 3199 ns, Total: 152371 ns
[2021-11-03T06:22:38.662+0000][7][safepoint    ] Safepoint "Cleanup", Time since last: 1002149760 ns, Reaching safepoint: 182863 ns, At safepoint: 6465 ns, Total: 189328 ns
[2021-11-03T06:22:39.665+0000][7][safepoint    ] Safepoint "Cleanup", Time since last: 1002778170 ns, Reaching safepoint: 179267 ns, At safepoint: 6023 ns, Total: 185290 ns
[2021-11-03T06:22:40.668+0000][7][safepoint    ] Safepoint "Cleanup", Time since last: 1002393683 ns, Reaching safepoint: 220693 ns, At safepoint: 6683 ns, Total: 227376 ns
[2021-11-03T06:22:41.672+0000][7][safepoint    ] Safepoint "Cleanup", Time since last: 1004229015 ns, Reaching safepoint: 181597 ns, At safepoint: 5885 ns, Total: 187482 ns
[2021-11-03T06:22:42.674+0000][7][safepoint    ] Safepoint "Cleanup", Time since last: 1001899066 ns, Reaching safepoint: 130331 ns, At safepoint: 3629 ns, Total: 133960 ns
[2021-11-03T06:22:43.676+0000][7][safepoint    ] Safepoint "Cleanup", Time since last: 1001691858 ns, Reaching safepoint: 181252 ns, At safepoint: 5794 ns, Total: 187046 ns
[2021-11-03T06:22:44.679+0000][7][safepoint    ] Safepoint "Cleanup", Time since last: 1002985356 ns, Reaching safepoint: 150289 ns, At safepoint: 4917 ns, Total: 155206 ns
[2021-11-03T06:22:45.681+0000][7][safepoint    ] Safepoint "Cleanup", Time since last: 1001861376 ns, Reaching safepoint: 182601 ns, At safepoint: 6929 ns, Total: 189530 ns
[2021-11-03T06:22:46.684+0000][7][safepoint    ] Safepoint "Cleanup", Time since last: 1002721922 ns, Reaching safepoint: 612008 ns, At safepoint: 24418 ns, Total: 636426 ns
[2021-11-03T06:22:47.688+0000][7][safepoint    ] Safepoint "Cleanup", Time since last: 1002609805 ns, Reaching safepoint: 594013 ns, At safepoint: 17800 ns, Total: 611813 ns
[2021-11-03T06:22:48.691+0000][7][safepoint    ] Safepoint "Cleanup", Time since last: 1002556588 ns, Reaching safepoint: 411673 ns, At safepoint: 12048 ns, Total: 423721 ns
[2021-11-03T06:22:49.694+0000][7][safepoint    ] Safepoint "Cleanup", Time since last: 1002909367 ns, Reaching safepoint: 111208 ns, At safepoint: 3324 ns, Total: 114532 ns
[2021-11-03T06:22:50.695+0000][7][safepoint    ] Safepoint "Cleanup", Time since last: 1001170177 ns, Reaching safepoint: 164748 ns, At safepoint: 5933 ns, Total: 170681 ns
[2021-11-03T06:22:51.697+0000][7][safepoint    ] Safepoint "Cleanup", Time since last: 1002282638 ns, Reaching safepoint: 178346 ns, At safepoint: 6029 ns, Total: 184375 ns
[2021-11-03T06:22:52.704+0000][7][safepoint    ] Safepoint "Cleanup", Time since last: 1005844398 ns, Reaching safepoint: 357924 ns, At safepoint: 12544 ns, Total: 370468 ns
[2021-11-03T06:22:53.707+0000][7][safepoint    ] Safepoint "Cleanup", Time since last: 1003388619 ns, Reaching safepoint: 88838 ns, At safepoint: 2660 ns, Total: 91498 ns
[2021-11-03T06:22:54.713+0000][7][safepoint    ] Safepoint "Cleanup", Time since last: 1005871933 ns, Reaching safepoint: 418731 ns, At safepoint: 11474 ns, Total: 430205 ns
[2021-11-03T06:22:55.717+0000][7][safepoint    ] Safepoint "Cleanup", Time since last: 1003039485 ns, Reaching safepoint: 360120 ns, At safepoint: 9918 ns, Total: 370038 ns
[2021-11-03T06:22:56.722+0000][7][safepoint    ] Safepoint "Cleanup", Time since last: 1004332482 ns, Reaching safepoint: 478552 ns, At safepoint: 117218 ns, Total: 595770 ns
[2021-11-03T06:22:57.725+0000][7][safepoint    ] Safepoint "Cleanup", Time since last: 1002666141 ns, Reaching safepoint: 661304 ns, At safepoint: 21114 ns, Total: 682418 ns
[2021-11-03T06:22:58.729+0000][7][safepoint    ] Safepoint "Cleanup", Time since last: 1003045805 ns, Reaching safepoint: 478170 ns, At safepoint: 12473 ns, Total: 490643 ns
[2021-11-03T06:22:59.731+0000][7][safepoint    ] Safepoint "Cleanup", Time since last: 1002588596 ns, Reaching safepoint: 242209 ns, At safepoint: 6371 ns, Total: 248580 ns
[2021-11-03T06:23:00.738+0000][7][safepoint    ] Safepoint "Cleanup", Time since last: 1005714067 ns, Reaching safepoint: 341293 ns, At safepoint: 11284 ns, Total: 352577 ns
[2021-11-03T06:23:01.719+0000][7][safepoint    ] Safepoint "Cleanup", Time since last: 1002298388 ns, Reaching safepoint: 483684 ns, At safepoint: 9783 ns, Total: 493467 ns
[2021-11-03T06:23:02.723+0000][7][safepoint    ] Safepoint "Cleanup", Time since last: 1003439880 ns, Reaching safepoint: 361120 ns, At safepoint: 10242 ns, Total: 371362 ns
[2021-11-03T06:23:03.726+0000][7][safepoint    ] Safepoint "Cleanup", Time since last: 1002917757 ns, Reaching safepoint: 186273 ns, At safepoint: 6864 ns, Total: 193137 ns
[2021-11-03T06:23:04.729+0000][7][safepoint    ] Safepoint "Cleanup", Time since last: 1002608951 ns, Reaching safepoint: 167592 ns, At safepoint: 5973 ns, Total: 173565 ns
[2021-11-03T06:23:05.734+0000][7][safepoint    ] Safepoint "Cleanup", Time since last: 1004490564 ns, Reaching safepoint: 342160 ns, At safepoint: 8003 ns, Total: 350163 ns
[2021-11-03T06:23:06.736+0000][7][safepoint    ] Safepoint "Cleanup", Time since last: 1002543962 ns, Reaching safepoint: 403140 ns, At safepoint: 8541 ns, Total: 411681 ns
[2021-11-03T06:23:07.739+0000][7][safepoint    ] Safepoint "Cleanup", Time since last: 1002148085 ns, Reaching safepoint: 248341 ns, At safepoint: 6648 ns, Total: 254989 ns
[2021-11-03T06:23:08.742+0000][7][safepoint    ] Safepoint "Cleanup", Time since last: 1003087598 ns, Reaching safepoint: 424806 ns, At safepoint: 10504 ns, Total: 435310 ns
[2021-11-03T06:23:09.745+0000][7][safepoint    ] Safepoint "Cleanup", Time since last: 1002238074 ns, Reaching safepoint: 171976 ns, At safepoint: 6156 ns, Total: 178132 ns
[2021-11-03T06:23:10.747+0000][7][safepoint    ] Safepoint "Cleanup", Time since last: 1002291772 ns, Reaching safepoint: 217004 ns, At safepoint: 3416 ns, Total: 220420 ns
[2021-11-03T06:23:11.750+0000][7][safepoint    ] Safepoint "Cleanup", Time since last: 1001565461 ns, Reaching safepoint: 1007819 ns, At safepoint: 10550 ns, Total: 1018369 ns
[2021-11-03T06:23:12.753+0000][7][safepoint    ] Safepoint "Cleanup", Time since last: 1002801809 ns, Reaching safepoint: 318763 ns, At safepoint: 8978 ns, Total: 327741 ns
[2021-11-03T06:23:13.757+0000][7][safepoint    ] Safepoint "Cleanup", Time since last: 1004053293 ns, Reaching safepoint: 242288 ns, At safepoint: 5813 ns, Total: 248101 ns
[2021-11-03T06:23:14.760+0000][7][safepoint    ] Safepoint "Cleanup", Time since last: 1003015855 ns, Reaching safepoint: 135993 ns, At safepoint: 4623 ns, Total: 140616 ns
[2021-11-03T06:23:15.764+0000][7][safepoint    ] Safepoint "Cleanup", Time since last: 1002591004 ns, Reaching safepoint: 635869 ns, At safepoint: 15807 ns, Total: 651676 ns
[2021-11-03T06:23:16.767+0000][7][safepoint    ] Safepoint "Cleanup", Time since last: 1002783992 ns, Reaching safepoint: 385886 ns, At safepoint: 9325 ns, Total: 395211 ns
[2021-11-03T06:23:17.771+0000][7][safepoint    ] Safepoint "Cleanup", Time since last: 1003946216 ns, Reaching safepoint: 325940 ns, At safepoint: 72117 ns, Total: 398057 ns
[2021-11-03T06:23:18.775+0000][7][safepoint    ] Safepoint "Cleanup", Time since last: 1003528470 ns, Reaching safepoint: 178584 ns, At safepoint: 7010 ns, Total: 185594 ns
[2021-11-03T06:23:19.778+0000][7][safepoint    ] Safepoint "Cleanup", Time since last: 1002628936 ns, Reaching safepoint: 117677 ns, At safepoint: 3098 ns, Total: 120775 ns
[2021-11-03T06:23:20.779+0000][7][safepoint    ] Safepoint "Cleanup", Time since last: 1001597699 ns, Reaching safepoint: 178899 ns, At safepoint: 6844 ns, Total: 185743 ns
[2021-11-03T06:23:21.782+0000][7][safepoint    ] Safepoint "Cleanup", Time since last: 1002254561 ns, Reaching safepoint: 170915 ns, At safepoint: 6394 ns, Total: 177309 ns
[2021-11-03T06:23:22.786+0000][7][safepoint    ] Safepoint "Cleanup", Time since last: 1003300512 ns, Reaching safepoint: 269349 ns, At safepoint: 6011 ns, Total: 275360 ns
[2021-11-03T06:23:23.788+0000][7][safepoint    ] Safepoint "Cleanup", Time since last: 1002275635 ns, Reaching safepoint: 195043 ns, At safepoint: 6378 ns, Total: 201421 ns
[2021-11-03T06:23:24.792+0000][7][safepoint    ] Safepoint "Cleanup", Time since last: 1003829284 ns, Reaching safepoint: 179833 ns, At safepoint: 6318 ns, Total: 186151 ns
[2021-11-03T06:23:25.794+0000][7][safepoint    ] Safepoint "Cleanup", Time since last: 1002234630 ns, Reaching safepoint: 124450 ns, At safepoint: 4406 ns, Total: 128856 ns
[2021-11-03T06:23:26.797+0000][7][safepoint    ] Safepoint "Cleanup", Time since last: 1002331370 ns, Reaching safepoint: 392166 ns, At safepoint: 7756 ns, Total: 399922 ns
[2021-11-03T06:23:27.802+0000][7][safepoint    ] Safepoint "Cleanup", Time since last: 1004426138 ns, Reaching safepoint: 195028 ns, At safepoint: 6959 ns, Total: 201987 ns
[2021-11-03T06:23:28.805+0000][7][safepoint    ] Safepoint "Cleanup", Time since last: 1002690714 ns, Reaching safepoint: 213748 ns, At safepoint: 6066 ns, Total: 219814 ns
[2021-11-03T06:23:29.807+0000][7][safepoint    ] Safepoint "Cleanup", Time since last: 1002452085 ns, Reaching safepoint: 331803 ns, At safepoint: 8304 ns, Total: 340107 ns
[2021-11-03T06:23:30.811+0000][7][safepoint    ] Safepoint "Cleanup", Time since last: 1003189938 ns, Reaching safepoint: 171510 ns, At safepoint: 6634 ns, Total: 178144 ns
[2021-11-03T06:23:31.793+0000][7][safepoint    ] Safepoint "Cleanup", Time since last: 1002933093 ns, Reaching safepoint: 168001 ns, At safepoint: 5844 ns, Total: 173845 ns
[2021-11-03T06:23:32.795+0000][7][safepoint    ] Safepoint "Cleanup", Time since last: 1002132961 ns, Reaching safepoint: 163373 ns, At safepoint: 6776 ns, Total: 170149 ns
[2021-11-03T06:23:33.798+0000][7][safepoint    ] Safepoint "Cleanup", Time since last: 1002448304 ns, Reaching safepoint: 175868 ns, At safepoint: 6419 ns, Total: 182287 ns
[2021-11-03T06:23:34.800+0000][7][safepoint    ] Safepoint "Cleanup", Time since last: 1002534541 ns, Reaching safepoint: 178705 ns, At safepoint: 7564 ns, Total: 186269 ns
[2021-11-03T06:23:35.804+0000][7][safepoint    ] Safepoint "Cleanup", Time since last: 1003950998 ns, Reaching safepoint: 156487 ns, At safepoint: 5412 ns, Total: 161899 ns
[2021-11-03T06:23:36.808+0000][7][safepoint    ] Safepoint "Cleanup", Time since last: 1003064805 ns, Reaching safepoint: 259469 ns, At safepoint: 6330 ns, Total: 265799 ns
[2021-11-03T06:23:37.811+0000][7][safepoint    ] Safepoint "Cleanup", Time since last: 1002552895 ns, Reaching safepoint: 267500 ns, At safepoint: 7696 ns, Total: 275196 ns
[2021-11-03T06:23:38.816+0000][7][safepoint    ] Safepoint "Cleanup", Time since last: 1004892521 ns, Reaching safepoint: 233507 ns, At safepoint: 7207 ns, Total: 240714 ns
[2021-11-03T06:23:39.819+0000][7][safepoint    ] Safepoint "Cleanup", Time since last: 1002853011 ns, Reaching safepoint: 203049 ns, At safepoint: 6273 ns, Total: 209322 ns
[2021-11-03T06:23:40.826+0000][7][safepoint    ] Safepoint "Cleanup", Time since last: 1006892625 ns, Reaching safepoint: 450044 ns, At safepoint: 12163 ns, Total: 462207 ns
[2021-11-03T06:23:41.831+0000][7][safepoint    ] Safepoint "Cleanup", Time since last: 1004181098 ns, Reaching safepoint: 171711 ns, At safepoint: 6225 ns, Total: 177936 ns
[2021-11-03T06:23:42.834+0000][7][safepoint    ] Safepoint "Cleanup", Time since last: 1003443661 ns, Reaching safepoint: 324032 ns, At safepoint: 6775 ns, Total: 330807 ns
[2021-11-03T06:23:43.840+0000][7][safepoint    ] Safepoint "Cleanup", Time since last: 1005937637 ns, Reaching safepoint: 172963 ns, At safepoint: 6220 ns, Total: 179183 ns
[2021-11-03T06:23:44.843+0000][7][safepoint    ] Safepoint "Cleanup", Time since last: 1002189455 ns, Reaching safepoint: 171748 ns, At safepoint: 6045 ns, Total: 177793 ns
[2021-11-03T06:23:45.847+0000][7][safepoint    ] Safepoint "Cleanup", Time since last: 1004393775 ns, Reaching safepoint: 179888 ns, At safepoint: 5813 ns, Total: 185701 ns
[2021-11-03T06:23:46.850+0000][7][safepoint    ] Safepoint "Cleanup", Time since last: 1002547415 ns, Reaching safepoint: 331739 ns, At safepoint: 6911 ns, Total: 338650 ns
[2021-11-03T06:23:47.854+0000][7][safepoint    ] Safepoint "Cleanup", Time since last: 1003621062 ns, Reaching safepoint: 317055 ns, At safepoint: 9018 ns, Total: 326073 ns
[2021-11-03T06:23:48.859+0000][7][safepoint    ] Safepoint "Cleanup", Time since last: 1004487917 ns, Reaching safepoint: 255412 ns, At safepoint: 9806 ns, Total: 265218 ns
[2021-11-03T06:23:49.862+0000][7][safepoint    ] Safepoint "Cleanup", Time since last: 1002597621 ns, Reaching safepoint: 246164 ns, At safepoint: 6276 ns, Total: 252440 ns
[2021-11-03T06:23:50.868+0000][7][safepoint    ] Safepoint "Cleanup", Time since last: 1005973451 ns, Reaching safepoint: 237266 ns, At safepoint: 6894 ns, Total: 244160 ns
[2021-11-03T06:23:51.874+0000][7][safepoint    ] Safepoint "Cleanup", Time since last: 1005326216 ns, Reaching safepoint: 237576 ns, At safepoint: 6447 ns, Total: 244023 ns
[2021-11-03T06:23:52.876+0000][7][safepoint    ] Safepoint "Cleanup", Time since last: 1002396057 ns, Reaching safepoint: 323061 ns, At safepoint: 6808 ns, Total: 329869 ns
[2021-11-03T06:23:53.879+0000][7][safepoint    ] Safepoint "Cleanup", Time since last: 1001926735 ns, Reaching safepoint: 240502 ns, At safepoint: 6266 ns, Total: 246768 ns
[2021-11-03T06:23:54.882+0000][7][safepoint    ] Safepoint "Cleanup", Time since last: 1002829181 ns, Reaching safepoint: 238812 ns, At safepoint: 6238 ns, Total: 245050 ns
[2021-11-03T06:23:55.885+0000][7][safepoint    ] Safepoint "Cleanup", Time since last: 1003074206 ns, Reaching safepoint: 235501 ns, At safepoint: 7490 ns, Total: 242991 ns
[2021-11-03T06:23:56.889+0000][7][safepoint    ] Safepoint "Cleanup", Time since last: 1003713393 ns, Reaching safepoint: 256677 ns, At safepoint: 6807 ns, Total: 263484 ns
[2021-11-03T06:23:57.892+0000][7][safepoint    ] Safepoint "Cleanup", Time since last: 1002697967 ns, Reaching safepoint: 237117 ns, At safepoint: 6785 ns, Total: 243902 ns
[2021-11-03T06:23:58.894+0000][7][safepoint    ] Safepoint "Cleanup", Time since last: 1002246556 ns, Reaching safepoint: 328426 ns, At safepoint: 6120 ns, Total: 334546 ns
[2021-11-03T06:23:59.900+0000][7][safepoint    ] Safepoint "Cleanup", Time since last: 1004826656 ns, Reaching safepoint: 444405 ns, At safepoint: 8970 ns, Total: 453375 ns
[2021-11-03T06:24:00.902+0000][7][safepoint    ] Safepoint "Cleanup", Time since last: 1002413091 ns, Reaching safepoint: 229832 ns, At safepoint: 7146 ns, Total: 236978 ns
[2021-11-03T06:24:01.886+0000][7][safepoint    ] Safepoint "Cleanup", Time since last: 1004523839 ns, Reaching safepoint: 481139 ns, At safepoint: 9937 ns, Total: 491076 ns
[2021-11-03T06:24:02.889+0000][7][safepoint    ] Safepoint "Cleanup", Time since last: 1002016661 ns, Reaching safepoint: 387980 ns, At safepoint: 9054 ns, Total: 397034 ns
[2021-11-03T06:24:03.892+0000][7][safepoint    ] Safepoint "Cleanup", Time since last: 1002652146 ns, Reaching safepoint: 236977 ns, At safepoint: 73249 ns, Total: 310226 ns
[2021-11-03T06:24:04.895+0000][7][safepoint    ] Safepoint "Cleanup", Time since last: 1002368455 ns, Reaching safepoint: 409654 ns, At safepoint: 9711 ns, Total: 419365 ns
[2021-11-03T06:24:05.898+0000][7][safepoint    ] Safepoint "Cleanup", Time since last: 1003355302 ns, Reaching safepoint: 214925 ns, At safepoint: 6004 ns, Total: 220929 ns
[2021-11-03T06:24:06.903+0000][7][safepoint    ] Safepoint "Cleanup", Time since last: 1004061382 ns, Reaching safepoint: 404020 ns, At safepoint: 9529 ns, Total: 413549 ns
[2021-11-03T06:24:07.907+0000][7][safepoint    ] Safepoint "Cleanup", Time since last: 1003974905 ns, Reaching safepoint: 150931 ns, At safepoint: 2865 ns, Total: 153796 ns
[2021-11-03T06:24:08.909+0000][7][safepoint    ] Safepoint "Cleanup", Time since last: 1002027382 ns, Reaching safepoint: 189593 ns, At safepoint: 6948 ns, Total: 196541 ns
[2021-11-03T06:24:09.913+0000][7][safepoint    ] Safepoint "Cleanup", Time since last: 1003780626 ns, Reaching safepoint: 170107 ns, At safepoint: 6819 ns, Total: 176926 ns
[2021-11-03T06:24:10.918+0000][7][safepoint    ] Safepoint "Cleanup", Time since last: 1004753019 ns, Reaching safepoint: 175190 ns, At safepoint: 6414 ns, Total: 181604 ns
[2021-11-03T06:24:11.920+0000][7][safepoint    ] Safepoint "Cleanup", Time since last: 1002049721 ns, Reaching safepoint: 168830 ns, At safepoint: 6796 ns, Total: 175626 ns
[2021-11-03T06:24:12.923+0000][7][safepoint    ] Safepoint "Cleanup", Time since last: 1002415749 ns, Reaching safepoint: 169846 ns, At safepoint: 6403 ns, Total: 176249 ns
[2021-11-03T06:24:13.929+0000][7][safepoint    ] Safepoint "Cleanup", Time since last: 1005929646 ns, Reaching safepoint: 183310 ns, At safepoint: 6772 ns, Total: 190082 ns
[2021-11-03T06:24:14.931+0000][7][safepoint    ] Safepoint "Cleanup", Time since last: 1002248613 ns, Reaching safepoint: 117932 ns, At safepoint: 2166 ns, Total: 120098 ns
[2021-11-03T06:24:15.932+0000][7][safepoint    ] Safepoint "Cleanup", Time since last: 1001103941 ns, Reaching safepoint: 131143 ns, At safepoint: 4147 ns, Total: 135290 ns
[2021-11-03T06:24:16.935+0000][7][safepoint    ] Safepoint "Cleanup", Time since last: 1002295302 ns, Reaching safepoint: 178274 ns, At safepoint: 7520 ns, Total: 185794 ns
[2021-11-03T06:24:17.940+0000][7][safepoint    ] Safepoint "Cleanup", Time since last: 1004093154 ns, Reaching safepoint: 508524 ns, At safepoint: 15067 ns, Total: 523591 ns
[2021-11-03T06:24:18.943+0000][7][safepoint    ] Safepoint "Cleanup", Time since last: 1002919768 ns, Reaching safepoint: 158363 ns, At safepoint: 5882 ns, Total: 164245 ns
[2021-11-03T06:24:19.947+0000][7][safepoint    ] Safepoint "Cleanup", Time since last: 1004307924 ns, Reaching safepoint: 424226 ns, At safepoint: 10983 ns, Total: 435209 ns
[2021-11-03T06:24:20.952+0000][7][safepoint    ] Safepoint "Cleanup", Time since last: 1004400919 ns, Reaching safepoint: 178293 ns, At safepoint: 6619 ns, Total: 184912 ns
[2021-11-03T06:24:21.954+0000][7][safepoint    ] Safepoint "Cleanup", Time since last: 1002032316 ns, Reaching safepoint: 306955 ns, At safepoint: 7188 ns, Total: 314143 ns
[2021-11-03T06:24:22.958+0000][7][safepoint    ] Safepoint "Cleanup", Time since last: 1003607667 ns, Reaching safepoint: 171357 ns, At safepoint: 7201 ns, Total: 178558 ns
[2021-11-03T06:24:23.961+0000][7][safepoint    ] Safepoint "Cleanup", Time since last: 1003065551 ns, Reaching safepoint: 162423 ns, At safepoint: 6654 ns, Total: 169077 ns
[2021-11-03T06:24:24.964+0000][7][safepoint    ] Safepoint "Cleanup", Time since last: 1002537345 ns, Reaching safepoint: 227805 ns, At safepoint: 6387 ns, Total: 234192 ns
[2021-11-03T06:24:25.968+0000][7][safepoint    ] Safepoint "Cleanup", Time since last: 1003770477 ns, Reaching safepoint: 543381 ns, At safepoint: 19514 ns, Total: 562895 ns
[2021-11-03T06:24:26.972+0000][7][safepoint    ] Safepoint "Cleanup", Time since last: 1003189801 ns, Reaching safepoint: 240219 ns, At safepoint: 6975 ns, Total: 247194 ns
[2021-11-03T06:24:27.975+0000][7][safepoint    ] Safepoint "Cleanup", Time since last: 1002505003 ns, Reaching safepoint: 407960 ns, At safepoint: 10006 ns, Total: 417966 ns
[2021-11-03T06:24:28.977+0000][7][safepoint    ] Safepoint "Cleanup", Time since last: 1001996819 ns, Reaching safepoint: 408715 ns, At safepoint: 11509 ns, Total: 420224 ns
[2021-11-03T06:24:29.980+0000][7][safepoint    ] Safepoint "Cleanup", Time since last: 1002218908 ns, Reaching safepoint: 257909 ns, At safepoint: 6723 ns, Total: 264632 ns
[2021-11-03T06:24:30.966+0000][7][safepoint    ] Safepoint "Cleanup", Time since last: 1007294954 ns, Reaching safepoint: 455905 ns, At safepoint: 76617 ns, Total: 532522 ns
[2021-11-03T06:24:31.968+0000][7][safepoint    ] Safepoint "Cleanup", Time since last: 1001806787 ns, Reaching safepoint: 252265 ns, At safepoint: 8339 ns, Total: 260604 ns
[2021-11-03T06:24:33.902+0000][7][safepoint    ] Safepoint "Cleanup", Time since last: 1932914756 ns, Reaching safepoint: 392304 ns, At safepoint: 9352 ns, Total: 401656 ns
[2021-11-03T06:24:34.904+0000][7][safepoint    ] Safepoint "Cleanup", Time since last: 1002451520 ns, Reaching safepoint: 222299 ns, At safepoint: 6489 ns, Total: 228788 ns
[2021-11-03T06:24:35.908+0000][7][safepoint    ] Safepoint "Cleanup", Time since last: 1003714048 ns, Reaching safepoint: 173724 ns, At safepoint: 6100 ns, Total: 179824 ns
[2021-11-03T06:24:36.911+0000][7][safepoint    ] Safepoint "Cleanup", Time since last: 1002776225 ns, Reaching safepoint: 101697 ns, At safepoint: 2514 ns, Total: 104211 ns
[2021-11-03T06:24:37.914+0000][7][safepoint    ] Safepoint "Cleanup", Time since last: 1002537749 ns, Reaching safepoint: 177968 ns, At safepoint: 6868 ns, Total: 184836 ns
[2021-11-03T06:24:38.916+0000][7][safepoint    ] Safepoint "Cleanup", Time since last: 1002442722 ns, Reaching safepoint: 175704 ns, At safepoint: 6719 ns, Total: 182423 ns
[2021-11-03T06:24:39.921+0000][7][safepoint    ] Safepoint "Cleanup", Time since last: 1003929465 ns, Reaching safepoint: 175944 ns, At safepoint: 6237 ns, Total: 182181 ns
[2021-11-03T06:24:40.924+0000][7][safepoint    ] Safepoint "Cleanup", Time since last: 1003360411 ns, Reaching safepoint: 171190 ns, At safepoint: 7129 ns, Total: 178319 ns
[2021-11-03T06:24:41.930+0000][7][safepoint    ] Safepoint "Cleanup", Time since last: 1005261398 ns, Reaching safepoint: 447558 ns, At safepoint: 10573 ns, Total: 458131 ns
[2021-11-03T06:24:42.933+0000][7][safepoint    ] Safepoint "Cleanup", Time since last: 1003146839 ns, Reaching safepoint: 161955 ns, At safepoint: 7079 ns, Total: 169034 ns
[2021-11-03T06:24:43.935+0000][7][safepoint    ] Safepoint "Cleanup", Time since last: 1002023325 ns, Reaching safepoint: 171024 ns, At safepoint: 6239 ns, Total: 177263 ns
[2021-11-03T06:24:44.937+0000][7][safepoint    ] Safepoint "Cleanup", Time since last: 1001886697 ns, Reaching safepoint: 166124 ns, At safepoint: 6218 ns, Total: 172342 ns
[2021-11-03T06:24:45.942+0000][7][safepoint    ] Safepoint "Cleanup", Time since last: 1004244895 ns, Reaching safepoint: 167553 ns, At safepoint: 6284 ns, Total: 173837 ns
[2021-11-03T06:24:46.948+0000][7][safepoint    ] Safepoint "Cleanup", Time since last: 1006006435 ns, Reaching safepoint: 346869 ns, At safepoint: 7371 ns, Total: 354240 ns
[2021-11-03T06:24:47.953+0000][7][safepoint    ] Safepoint "Cleanup", Time since last: 1004676626 ns, Reaching safepoint: 328080 ns, At safepoint: 6733 ns, Total: 334813 ns
[2021-11-03T06:24:48.956+0000][7][safepoint    ] Safepoint "Cleanup", Time since last: 1002650543 ns, Reaching safepoint: 345125 ns, At safepoint: 6868 ns, Total: 351993 ns
[2021-11-03T06:24:49.960+0000][7][safepoint    ] Safepoint "Cleanup", Time since last: 1003281968 ns, Reaching safepoint: 361510 ns, At safepoint: 10236 ns, Total: 371746 ns
[2021-11-03T06:24:50.963+0000][7][safepoint    ] Safepoint "Cleanup", Time since last: 1003470994 ns, Reaching safepoint: 110834 ns, At safepoint: 2816 ns, Total: 113650 ns
[2021-11-03T06:24:51.965+0000][7][safepoint    ] Safepoint "Cleanup", Time since last: 1001320848 ns, Reaching safepoint: 112614 ns, At safepoint: 2756 ns, Total: 115370 ns
[2021-11-03T06:24:52.966+0000][7][safepoint    ] Safepoint "Cleanup", Time since last: 1001425934 ns, Reaching safepoint: 184315 ns, At safepoint: 6223 ns, Total: 190538 ns
[2021-11-03T06:24:53.969+0000][7][safepoint    ] Safepoint "Cleanup", Time since last: 1002651492 ns, Reaching safepoint: 177993 ns, At safepoint: 7054 ns, Total: 185047 ns
[2021-11-03T06:24:54.973+0000][7][safepoint    ] Safepoint "Cleanup", Time since last: 1003064881 ns, Reaching safepoint: 211454 ns, At safepoint: 6029 ns, Total: 217483 ns
[2021-11-03T06:24:55.979+0000][7][safepoint    ] Safepoint "Cleanup", Time since last: 1005811503 ns, Reaching safepoint: 274119 ns, At safepoint: 8017 ns, Total: 282136 ns
[2021-11-03T06:24:56.984+0000][7][safepoint    ] Safepoint "Cleanup", Time since last: 1005352977 ns, Reaching safepoint: 173416 ns, At safepoint: 6663 ns, Total: 180079 ns
[2021-11-03T06:24:57.987+0000][7][safepoint    ] Safepoint "Cleanup", Time since last: 1003069390 ns, Reaching safepoint: 168666 ns, At safepoint: 6055 ns, Total: 174721 ns
[2021-11-03T06:24:58.991+0000][7][safepoint    ] Safepoint "Cleanup", Time since last: 1003721345 ns, Reaching safepoint: 171593 ns, At safepoint: 5936 ns, Total: 177529 ns
[2021-11-03T06:24:59.996+0000][7][safepoint    ] Safepoint "Cleanup", Time since last: 1003825193 ns, Reaching safepoint: 401015 ns, At safepoint: 6945 ns, Total: 407960 ns
[2021-11-03T06:25:00.980+0000][7][safepoint    ] Safepoint "Cleanup", Time since last: 1004926528 ns, Reaching safepoint: 233021 ns, At safepoint: 7094 ns, Total: 240115 ns
[2021-11-03T06:25:01.982+0000][7][safepoint    ] Safepoint "Cleanup", Time since last: 1002499712 ns, Reaching safepoint: 166417 ns, At safepoint: 6010 ns, Total: 172427 ns
[2021-11-03T06:25:03.884+0000][7][safepoint    ] Safepoint "Cleanup", Time since last: 1901354464 ns, Reaching safepoint: 330501 ns, At safepoint: 7449 ns, Total: 337950 ns
[2021-11-03T06:25:04.891+0000][7][safepoint    ] Safepoint "Cleanup", Time since last: 1006692036 ns, Reaching safepoint: 359050 ns, At safepoint: 7604 ns, Total: 366654 ns
[2021-11-03T06:25:05.895+0000][7][safepoint    ] Safepoint "Cleanup", Time since last: 1003938070 ns, Reaching safepoint: 304227 ns, At safepoint: 10212 ns, Total: 314439 ns
[2021-11-03T06:25:06.901+0000][7][safepoint    ] Safepoint "Cleanup", Time since last: 1005487261 ns, Reaching safepoint: 307436 ns, At safepoint: 6485 ns, Total: 313921 ns
[2021-11-03T06:25:07.903+0000][7][safepoint    ] Safepoint "Cleanup", Time since last: 1001684490 ns, Reaching safepoint: 296394 ns, At safepoint: 6802 ns, Total: 303196 ns
[2021-11-03T06:25:08.909+0000][7][safepoint    ] Safepoint "Cleanup", Time since last: 1005190826 ns, Reaching safepoint: 247907 ns, At safepoint: 6787 ns, Total: 254694 ns
[2021-11-03T06:25:09.912+0000][7][safepoint    ] Safepoint "Cleanup", Time since last: 1002791866 ns, Reaching safepoint: 256248 ns, At safepoint: 7215 ns, Total: 263463 ns
[2021-11-03T06:25:10.915+0000][7][safepoint    ] Safepoint "Cleanup", Time since last: 1002510714 ns, Reaching safepoint: 557546 ns, At safepoint: 21411 ns, Total: 578957 ns
[2021-11-03T06:25:11.917+0000][7][safepoint    ] Safepoint "Cleanup", Time since last: 1002304976 ns, Reaching safepoint: 210419 ns, At safepoint: 6798 ns, Total: 217217 ns
[2021-11-03T06:25:12.921+0000][7][safepoint    ] Safepoint "Cleanup", Time since last: 1003645809 ns, Reaching safepoint: 171635 ns, At safepoint: 5608 ns, Total: 177243 ns
[2021-11-03T06:25:13.925+0000][7][safepoint    ] Safepoint "Cleanup", Time since last: 1003845538 ns, Reaching safepoint: 179274 ns, At safepoint: 6636 ns, Total: 185910 ns
[2021-11-03T06:25:14.929+0000][7][safepoint    ] Safepoint "Cleanup", Time since last: 1003412782 ns, Reaching safepoint: 554083 ns, At safepoint: 73122 ns, Total: 627205 ns
[2021-11-03T06:25:15.932+0000][7][safepoint    ] Safepoint "Cleanup", Time since last: 1002262969 ns, Reaching safepoint: 111222 ns, At safepoint: 3416 ns, Total: 114638 ns
[2021-11-03T06:25:16.934+0000][7][safepoint    ] Safepoint "Cleanup", Time since last: 1002542274 ns, Reaching safepoint: 97152 ns, At safepoint: 2832 ns, Total: 99984 ns
[2021-11-03T06:25:17.936+0000][7][safepoint    ] Safepoint "Cleanup", Time since last: 1001382150 ns, Reaching safepoint: 101874 ns, At safepoint: 3346 ns, Total: 105220 ns
[2021-11-03T06:25:18.938+0000][7][safepoint    ] Safepoint "Cleanup", Time since last: 1001592761 ns, Reaching safepoint: 289391 ns, At safepoint: 7126 ns, Total: 296517 ns
[2021-11-03T06:25:19.943+0000][7][safepoint    ] Safepoint "Cleanup", Time since last: 1004965575 ns, Reaching safepoint: 184360 ns, At safepoint: 6684 ns, Total: 191044 ns
[2021-11-03T06:25:20.946+0000][7][safepoint    ] Safepoint "Cleanup", Time since last: 1002677284 ns, Reaching safepoint: 399475 ns, At safepoint: 10691 ns, Total: 410166 ns
[2021-11-03T06:25:21.948+0000][7][safepoint    ] Safepoint "Cleanup", Time since last: 1002036736 ns, Reaching safepoint: 91607 ns, At safepoint: 1979 ns, Total: 93586 ns
[2021-11-03T06:25:22.949+0000][7][safepoint    ] Safepoint "Cleanup", Time since last: 1000789910 ns, Reaching safepoint: 155411 ns, At safepoint: 2788 ns, Total: 158199 ns
[2021-11-03T06:25:23.950+0000][7][safepoint    ] Safepoint "Cleanup", Time since last: 1001045071 ns, Reaching safepoint: 134237 ns, At safepoint: 4477 ns, Total: 138714 ns
[2021-11-03T06:25:24.952+0000][7][safepoint    ] Safepoint "Cleanup", Time since last: 1001908950 ns, Reaching safepoint: 390138 ns, At safepoint: 5785 ns, Total: 395923 ns
[2021-11-03T06:25:25.955+0000][7][safepoint    ] Safepoint "Cleanup", Time since last: 1002149320 ns, Reaching safepoint: 169228 ns, At safepoint: 2902 ns, Total: 172130 ns
[2021-11-03T06:25:26.961+0000][7][safepoint    ] Safepoint "Cleanup", Time since last: 1005527944 ns, Reaching safepoint: 273874 ns, At safepoint: 4941 ns, Total: 278815 ns
[2021-11-03T06:25:27.968+0000][7][safepoint    ] Safepoint "Cleanup", Time since last: 1007681545 ns, Reaching safepoint: 176311 ns, At safepoint: 5761 ns, Total: 182072 ns
[2021-11-03T06:25:28.971+0000][7][safepoint    ] Safepoint "Cleanup", Time since last: 1002551486 ns, Reaching safepoint: 101307 ns, At safepoint: 3052 ns, Total: 104359 ns
[2021-11-03T06:25:29.974+0000][7][safepoint    ] Safepoint "Cleanup", Time since last: 1002646202 ns, Reaching safepoint: 99759 ns, At safepoint: 3113 ns, Total: 102872 ns
[2021-11-03T06:25:30.954+0000][7][safepoint    ] Safepoint "Cleanup", Time since last: 1001554259 ns, Reaching safepoint: 100976 ns, At safepoint: 2912 ns, Total: 103888 ns
[2021-11-03T06:25:31.956+0000][7][safepoint    ] Safepoint "Cleanup", Time since last: 1001818966 ns, Reaching safepoint: 179842 ns, At safepoint: 4847 ns, Total: 184689 ns
[2021-11-03T06:25:32.958+0000][7][safepoint    ] Safepoint "Cleanup", Time since last: 1002011030 ns, Reaching safepoint: 100650 ns, At safepoint: 2667 ns, Total: 103317 ns
[2021-11-03T06:25:33.961+0000][7][safepoint    ] Safepoint "Cleanup", Time since last: 1002177949 ns, Reaching safepoint: 420153 ns, At safepoint: 5597 ns, Total: 425750 ns
[2021-11-03T06:25:34.964+0000][7][safepoint    ] Safepoint "Cleanup", Time since last: 1002565082 ns, Reaching safepoint: 182169 ns, At safepoint: 3350 ns, Total: 185519 ns
[2021-11-03T06:25:35.965+0000][7][safepoint    ] Safepoint "Cleanup", Time since last: 1001148989 ns, Reaching safepoint: 97150 ns, At safepoint: 2831 ns, Total: 99981 ns
[2021-11-03T06:25:36.966+0000][7][safepoint    ] Safepoint "Cleanup", Time since last: 1001320141 ns, Reaching safepoint: 133020 ns, At safepoint: 4743 ns, Total: 137763 ns
[2021-11-03T06:25:37.969+0000][7][safepoint    ] Safepoint "Cleanup", Time since last: 1002296064 ns, Reaching safepoint: 109119 ns, At safepoint: 3366 ns, Total: 112485 ns
[2021-11-03T06:25:38.971+0000][7][safepoint    ] Safepoint "Cleanup", Time since last: 1002080983 ns, Reaching safepoint: 198141 ns, At safepoint: 3749 ns, Total: 201890 ns
[2021-11-03T06:25:39.973+0000][7][safepoint    ] Safepoint "Cleanup", Time since last: 1001771073 ns, Reaching safepoint: 147263 ns, At safepoint: 2674 ns, Total: 149937 ns
[2021-11-03T06:25:40.975+0000][7][safepoint    ] Safepoint "Cleanup", Time since last: 1002103766 ns, Reaching safepoint: 188602 ns, At safepoint: 7501 ns, Total: 196103 ns
[2021-11-03T06:25:41.980+0000][7][safepoint    ] Safepoint "Cleanup", Time since last: 1004778067 ns, Reaching safepoint: 280132 ns, At safepoint: 6634 ns, Total: 286766 ns
[2021-11-03T06:25:42.984+0000][7][safepoint    ] Safepoint "Cleanup", Time since last: 1003458066 ns, Reaching safepoint: 212226 ns, At safepoint: 7395 ns, Total: 219621 ns
[2021-11-03T06:25:43.986+0000][7][safepoint    ] Safepoint "Cleanup", Time since last: 1002101793 ns, Reaching safepoint: 150394 ns, At safepoint: 5767 ns, Total: 156161 ns
[2021-11-03T06:25:44.988+0000][7][safepoint    ] Safepoint "Cleanup", Time since last: 1001367204 ns, Reaching safepoint: 217303 ns, At safepoint: 7630 ns, Total: 224933 ns
[2021-11-03T06:25:45.992+0000][7][safepoint    ] Safepoint "Cleanup", Time since last: 1003546141 ns, Reaching safepoint: 193451 ns, At safepoint: 7818 ns, Total: 201269 ns
[2021-11-03T06:25:46.995+0000][7][safepoint    ] Safepoint "Cleanup", Time since last: 1003426784 ns, Reaching safepoint: 186469 ns, At safepoint: 6863 ns, Total: 193332 ns
[2021-11-03T06:25:47.999+0000][7][safepoint    ] Safepoint "Cleanup", Time since last: 1002577676 ns, Reaching safepoint: 641591 ns, At safepoint: 19981 ns, Total: 661572 ns
[2021-11-03T06:25:49.001+0000][7][safepoint    ] Safepoint "Cleanup", Time since last: 1002465758 ns, Reaching safepoint: 409998 ns, At safepoint: 10529 ns, Total: 420527 ns
[2021-11-03T06:25:50.005+0000][7][safepoint    ] Safepoint "Cleanup", Time since last: 1003039430 ns, Reaching safepoint: 110107 ns, At safepoint: 2759 ns, Total: 112866 ns
[2021-11-03T06:25:51.007+0000][7][safepoint    ] Safepoint "Cleanup", Time since last: 1001984430 ns, Reaching safepoint: 392088 ns, At safepoint: 4433 ns, Total: 396521 ns
[2021-11-03T06:25:52.008+0000][7][safepoint    ] Safepoint "Cleanup", Time since last: 1001160941 ns, Reaching safepoint: 204078 ns, At safepoint: 4367 ns, Total: 208445 ns
[2021-11-03T06:25:53.010+0000][7][safepoint    ] Safepoint "Cleanup", Time since last: 1002099745 ns, Reaching safepoint: 96006 ns, At safepoint: 2427 ns, Total: 98433 ns
[2021-11-03T06:25:54.013+0000][7][safepoint    ] Safepoint "Cleanup", Time since last: 1002436426 ns, Reaching safepoint: 129284 ns, At safepoint: 3148 ns, Total: 132432 ns
[2021-11-03T06:25:55.015+0000][7][safepoint    ] Safepoint "Cleanup", Time since last: 1001286104 ns, Reaching safepoint: 175321 ns, At safepoint: 5912 ns, Total: 181233 ns
[2021-11-03T06:25:56.017+0000][7][safepoint    ] Safepoint "Cleanup", Time since last: 1002130622 ns, Reaching safepoint: 109629 ns, At safepoint: 4014 ns, Total: 113643 ns
[2021-11-03T06:25:57.019+0000][7][safepoint    ] Safepoint "Cleanup", Time since last: 1001834983 ns, Reaching safepoint: 332896 ns, At safepoint: 5989 ns, Total: 338885 ns
[2021-11-03T06:25:58.022+0000][7][safepoint    ] Safepoint "Cleanup", Time since last: 1002657815 ns, Reaching safepoint: 139168 ns, At safepoint: 4321 ns, Total: 143489 ns
[2021-11-03T06:25:59.024+0000][7][safepoint    ] Safepoint "Cleanup", Time since last: 1002139850 ns, Reaching safepoint: 105033 ns, At safepoint: 2730 ns, Total: 107763 ns
[2021-11-03T06:26:00.025+0000][7][safepoint    ] Safepoint "Cleanup", Time since last: 1001222239 ns, Reaching safepoint: 173941 ns, At safepoint: 4134 ns, Total: 178075 ns
[2021-11-03T06:26:01.007+0000][7][safepoint    ] Safepoint "Cleanup", Time since last: 1001140900 ns, Reaching safepoint: 335014 ns, At safepoint: 6308 ns, Total: 341322 ns
[2021-11-03T06:26:02.011+0000][7][safepoint    ] Safepoint "Cleanup", Time since last: 1003904352 ns, Reaching safepoint: 146728 ns, At safepoint: 2986 ns, Total: 149714 ns
[2021-11-03T06:26:03.013+0000][7][safepoint    ] Safepoint "Cleanup", Time since last: 1001349280 ns, Reaching safepoint: 93415 ns, At safepoint: 2620 ns, Total: 96035 ns
[2021-11-03T06:26:04.016+0000][7][safepoint    ] Safepoint "Cleanup", Time since last: 1002810449 ns, Reaching safepoint: 177992 ns, At safepoint: 7735 ns, Total: 185727 ns
[2021-11-03T06:26:05.019+0000][7][safepoint    ] Safepoint "Cleanup", Time since last: 1002824078 ns, Reaching safepoint: 624297 ns, At safepoint: 9787 ns, Total: 634084 ns
[2021-11-03T06:26:06.024+0000][7][safepoint    ] Safepoint "Cleanup", Time since last: 1004213492 ns, Reaching safepoint: 176967 ns, At safepoint: 6575 ns, Total: 183542 ns
[2021-11-03T06:26:07.027+0000][7][safepoint    ] Safepoint "Cleanup", Time since last: 1002599499 ns, Reaching safepoint: 175898 ns, At safepoint: 6423 ns, Total: 182321 ns
[2021-11-03T06:26:08.031+0000][7][safepoint    ] Safepoint "Cleanup", Time since last: 1003910530 ns, Reaching safepoint: 174501 ns, At safepoint: 6013 ns, Total: 180514 ns
[2021-11-03T06:26:09.034+0000][7][safepoint    ] Safepoint "Cleanup", Time since last: 1002801001 ns, Reaching safepoint: 174213 ns, At safepoint: 6111 ns, Total: 180324 ns
[2021-11-03T06:26:10.036+0000][7][safepoint    ] Safepoint "Cleanup", Time since last: 1002021393 ns, Reaching safepoint: 103979 ns, At safepoint: 2516 ns, Total: 106495 ns
[2021-11-03T06:26:11.037+0000][7][safepoint    ] Safepoint "Cleanup", Time since last: 1001250081 ns, Reaching safepoint: 396516 ns, At safepoint: 13401 ns, Total: 409917 ns
[2021-11-03T06:26:12.040+0000][7][safepoint    ] Safepoint "Cleanup", Time since last: 1002278039 ns, Reaching safepoint: 189528 ns, At safepoint: 4265 ns, Total: 193793 ns
[2021-11-03T06:26:13.042+0000][7][safepoint    ] Safepoint "Cleanup", Time since last: 1001731096 ns, Reaching safepoint: 152323 ns, At safepoint: 3216 ns, Total: 155539 ns
[2021-11-03T06:26:14.044+0000][7][safepoint    ] Safepoint "Cleanup", Time since last: 1002072151 ns, Reaching safepoint: 265106 ns, At safepoint: 9314 ns, Total: 274420 ns
[2021-11-03T06:26:15.047+0000][7][safepoint    ] Safepoint "Cleanup", Time since last: 1002276896 ns, Reaching safepoint: 178541 ns, At safepoint: 6125 ns, Total: 184666 ns
[2021-11-03T06:26:16.049+0000][7][safepoint    ] Safepoint "Cleanup", Time since last: 1002697171 ns, Reaching safepoint: 179801 ns, At safepoint: 5903 ns, Total: 185704 ns
[2021-11-03T06:26:17.053+0000][7][safepoint    ] Safepoint "Cleanup", Time since last: 1003041211 ns, Reaching safepoint: 176639 ns, At safepoint: 6336 ns, Total: 182975 ns
[2021-11-03T06:26:18.058+0000][7][safepoint    ] Safepoint "Cleanup", Time since last: 1004958654 ns, Reaching safepoint: 101553 ns, At safepoint: 3001 ns, Total: 104554 ns
[2021-11-03T06:26:19.060+0000][7][safepoint    ] Safepoint "Cleanup", Time since last: 1001611165 ns, Reaching safepoint: 173772 ns, At safepoint: 4908 ns, Total: 178680 ns
[2021-11-03T06:26:20.063+0000][7][safepoint    ] Safepoint "Cleanup", Time since last: 1002834923 ns, Reaching safepoint: 186002 ns, At safepoint: 6589 ns, Total: 192591 ns
[2021-11-03T06:26:21.066+0000][7][safepoint    ] Safepoint "Cleanup", Time since last: 1002894989 ns, Reaching safepoint: 102436 ns, At safepoint: 3245 ns, Total: 105681 ns
[2021-11-03T06:26:22.067+0000][7][safepoint    ] Safepoint "Cleanup", Time since last: 1001262249 ns, Reaching safepoint: 135032 ns, At safepoint: 2606 ns, Total: 137638 ns
[2021-11-03T06:26:23.072+0000][7][safepoint    ] Safepoint "Cleanup", Time since last: 1005280717 ns, Reaching safepoint: 184146 ns, At safepoint: 5843 ns, Total: 189989 ns
[2021-11-03T06:26:24.075+0000][7][safepoint    ] Safepoint "Cleanup", Time since last: 1002423845 ns, Reaching safepoint: 110016 ns, At safepoint: 2344 ns, Total: 112360 ns
[2021-11-03T06:26:25.077+0000][7][safepoint    ] Safepoint "Cleanup", Time since last: 1001585733 ns, Reaching safepoint: 186199 ns, At safepoint: 6489 ns, Total: 192688 ns
[2021-11-03T06:26:26.081+0000][7][safepoint    ] Safepoint "Cleanup", Time since last: 1003864754 ns, Reaching safepoint: 180797 ns, At safepoint: 5316 ns, Total: 186113 ns
[2021-11-03T06:26:27.084+0000][7][safepoint    ] Safepoint "Cleanup", Time since last: 1002658194 ns, Reaching safepoint: 162835 ns, At safepoint: 4343 ns, Total: 167178 ns
[2021-11-03T06:26:28.088+0000][7][safepoint    ] Safepoint "Cleanup", Time since last: 1003419154 ns, Reaching safepoint: 557553 ns, At safepoint: 6968 ns, Total: 564521 ns
[2021-11-03T06:26:29.091+0000][7][safepoint    ] Safepoint "Cleanup", Time since last: 1002924858 ns, Reaching safepoint: 100347 ns, At safepoint: 2298 ns, Total: 102645 ns
[2021-11-03T06:26:30.094+0000][7][safepoint    ] Safepoint "Cleanup", Time since last: 1002535820 ns, Reaching safepoint: 380534 ns, At safepoint: 6948 ns, Total: 387482 ns
[2021-11-03T06:26:31.073+0000][7][safepoint    ] Safepoint "Cleanup", Time since last: 1002368936 ns, Reaching safepoint: 189553 ns, At safepoint: 8381 ns, Total: 197934 ns
[2021-11-03T06:26:32.076+0000][7][safepoint    ] Safepoint "Cleanup", Time since last: 1002495252 ns, Reaching safepoint: 253288 ns, At safepoint: 5926 ns, Total: 259214 ns
[2021-11-03T06:26:33.080+0000][7][safepoint    ] Safepoint "Cleanup", Time since last: 1002778856 ns, Reaching safepoint: 721383 ns, At safepoint: 25425 ns, Total: 746808 ns
[2021-11-03T06:26:34.084+0000][7][safepoint    ] Safepoint "Cleanup", Time since last: 1003620896 ns, Reaching safepoint: 502143 ns, At safepoint: 8167 ns, Total: 510310 ns
[2021-11-03T06:26:35.087+0000][7][safepoint    ] Safepoint "Cleanup", Time since last: 1002875624 ns, Reaching safepoint: 186356 ns, At safepoint: 6615 ns, Total: 192971 ns
[2021-11-03T06:26:36.090+0000][7][safepoint    ] Safepoint "Cleanup", Time since last: 1003067124 ns, Reaching safepoint: 194316 ns, At safepoint: 6467 ns, Total: 200783 ns
[2021-11-03T06:26:37.094+0000][7][safepoint    ] Safepoint "Cleanup", Time since last: 1003995057 ns, Reaching safepoint: 160500 ns, At safepoint: 4656 ns, Total: 165156 ns
[2021-11-03T06:26:38.096+0000][7][safepoint    ] Safepoint "Cleanup", Time since last: 1001679402 ns, Reaching safepoint: 151114 ns, At safepoint: 4231 ns, Total: 155345 ns
[2021-11-03T06:26:39.098+0000][7][safepoint    ] Safepoint "Cleanup", Time since last: 1001325199 ns, Reaching safepoint: 98111 ns, At safepoint: 2607 ns, Total: 100718 ns
[2021-11-03T06:26:40.099+0000][7][safepoint    ] Safepoint "Cleanup", Time since last: 1001440107 ns, Reaching safepoint: 225725 ns, At safepoint: 12974 ns, Total: 238699 ns
[2021-11-03T06:26:41.103+0000][7][safepoint    ] Safepoint "Cleanup", Time since last: 1002676001 ns, Reaching safepoint: 725513 ns, At safepoint: 39944 ns, Total: 765457 ns
[2021-11-03T06:26:42.105+0000][7][safepoint    ] Safepoint "Cleanup", Time since last: 1001756112 ns, Reaching safepoint: 291875 ns, At safepoint: 8659 ns, Total: 300534 ns
[2021-11-03T06:26:43.108+0000][7][safepoint    ] Safepoint "Cleanup", Time since last: 1002717946 ns, Reaching safepoint: 133380 ns, At safepoint: 3723 ns, Total: 137103 ns
[2021-11-03T06:26:44.109+0000][7][safepoint    ] Safepoint "Cleanup", Time since last: 1001551223 ns, Reaching safepoint: 96998 ns, At safepoint: 2847 ns, Total: 99845 ns
[2021-11-03T06:26:45.111+0000][7][safepoint    ] Safepoint "Cleanup", Time since last: 1001262461 ns, Reaching safepoint: 89885 ns, At safepoint: 2158 ns, Total: 92043 ns
[2021-11-03T06:26:46.112+0000][7][safepoint    ] Safepoint "Cleanup", Time since last: 1001473089 ns, Reaching safepoint: 97224 ns, At safepoint: 2729 ns, Total: 99953 ns
[2021-11-03T06:26:47.114+0000][7][safepoint    ] Safepoint "Cleanup", Time since last: 1001122515 ns, Reaching safepoint: 171481 ns, At safepoint: 3223 ns, Total: 174704 ns
[2021-11-03T06:26:48.116+0000][7][safepoint    ] Safepoint "Cleanup", Time since last: 1002312383 ns, Reaching safepoint: 194916 ns, At safepoint: 3395 ns, Total: 198311 ns
[2021-11-03T06:26:49.164+0000][7][safepoint    ] Safepoint "Cleanup", Time since last: 1047311095 ns, Reaching safepoint: 216530 ns, At safepoint: 6047 ns, Total: 222577 ns
[2021-11-03T06:26:50.165+0000][7][safepoint    ] Safepoint "Cleanup", Time since last: 1001277205 ns, Reaching safepoint: 210705 ns, At safepoint: 4377 ns, Total: 215082 ns
[2021-11-03T06:26:51.167+0000][7][safepoint    ] Safepoint "Cleanup", Time since last: 1001561474 ns, Reaching safepoint: 159957 ns, At safepoint: 4879 ns, Total: 164836 ns
[2021-11-03T06:26:52.170+0000][7][safepoint    ] Safepoint "Cleanup", Time since last: 1002624114 ns, Reaching safepoint: 246544 ns, At safepoint: 4996 ns, Total: 251540 ns
[2021-11-03T06:26:53.172+0000][7][safepoint    ] Safepoint "Cleanup", Time since last: 1002089287 ns, Reaching safepoint: 284072 ns, At safepoint: 6763 ns, Total: 290835 ns
[2021-11-03T06:26:54.176+0000][7][safepoint    ] Safepoint "Cleanup", Time since last: 1003523905 ns, Reaching safepoint: 128104 ns, At safepoint: 3904 ns, Total: 132008 ns
[2021-11-03T06:26:55.178+0000][7][safepoint    ] Safepoint "Cleanup", Time since last: 1001851916 ns, Reaching safepoint: 136112 ns, At safepoint: 3917 ns, Total: 140029 ns
[2021-11-03T06:26:56.182+0000][7][safepoint    ] Safepoint "Cleanup", Time since last: 1003945012 ns, Reaching safepoint: 106185 ns, At safepoint: 3599 ns, Total: 109784 ns
[2021-11-03T06:26:57.183+0000][7][safepoint    ] Safepoint "Cleanup", Time since last: 1001305645 ns, Reaching safepoint: 151033 ns, At safepoint: 5944 ns, Total: 156977 ns
[2021-11-03T06:26:58.186+0000][7][safepoint    ] Safepoint "Cleanup", Time since last: 1002309397 ns, Reaching safepoint: 159799 ns, At safepoint: 5353 ns, Total: 165152 ns
[2021-11-03T06:26:59.486+0000][7][safepoint    ] Safepoint "Cleanup", Time since last: 1299863388 ns, Reaching safepoint: 153388 ns, At safepoint: 6217 ns, Total: 159605 ns
[2021-11-03T06:27:00.488+0000][7][safepoint    ] Safepoint "Cleanup", Time since last: 1002111310 ns, Reaching safepoint: 134249 ns, At safepoint: 3341 ns, Total: 137590 ns
[2021-11-03T06:27:01.468+0000][7][safepoint    ] Safepoint "Cleanup", Time since last: 1001483080 ns, Reaching safepoint: 332177 ns, At safepoint: 8501 ns, Total: 340678 ns
[2021-11-03T06:27:02.471+0000][7][safepoint    ] Safepoint "Cleanup", Time since last: 1002168030 ns, Reaching safepoint: 131552 ns, At safepoint: 3955 ns, Total: 135507 ns
[2021-11-03T06:27:03.473+0000][7][safepoint    ] Safepoint "Cleanup", Time since last: 1002344821 ns, Reaching safepoint: 277763 ns, At safepoint: 3289 ns, Total: 281052 ns
[2021-11-03T06:27:04.479+0000][7][safepoint    ] Safepoint "Cleanup", Time since last: 1005487567 ns, Reaching safepoint: 361338 ns, At safepoint: 5882 ns, Total: 367220 ns
[2021-11-03T06:27:05.486+0000][7][safepoint    ] Safepoint "Cleanup", Time since last: 1006362622 ns, Reaching safepoint: 272411 ns, At safepoint: 6314 ns, Total: 278725 ns
[2021-11-03T06:27:06.490+0000][7][safepoint    ] Safepoint "Cleanup", Time since last: 1003941140 ns, Reaching safepoint: 559270 ns, At safepoint: 50417 ns, Total: 609687 ns
[2021-11-03T06:27:07.494+0000][7][safepoint    ] Safepoint "Cleanup", Time since last: 1003155795 ns, Reaching safepoint: 298098 ns, At safepoint: 7587 ns, Total: 305685 ns
[2021-11-03T06:27:08.499+0000][7][safepoint    ] Safepoint "Cleanup", Time since last: 1004790303 ns, Reaching safepoint: 135559 ns, At safepoint: 4808 ns, Total: 140367 ns
[2021-11-03T06:27:09.501+0000][7][safepoint    ] Safepoint "Cleanup", Time since last: 1001753922 ns, Reaching safepoint: 104175 ns, At safepoint: 2616 ns, Total: 106791 ns
[2021-11-03T06:27:10.504+0000][7][safepoint    ] Safepoint "Cleanup", Time since last: 1002818061 ns, Reaching safepoint: 155783 ns, At safepoint: 4611 ns, Total: 160394 ns
[2021-11-03T06:27:11.507+0000][7][safepoint    ] Safepoint "Cleanup", Time since last: 1002789458 ns, Reaching safepoint: 135580 ns, At safepoint: 2869 ns, Total: 138449 ns
[2021-11-03T06:27:12.511+0000][7][safepoint    ] Safepoint "Cleanup", Time since last: 1004006051 ns, Reaching safepoint: 249070 ns, At safepoint: 9309 ns, Total: 258379 ns
[2021-11-03T06:27:13.515+0000][7][safepoint    ] Safepoint "Cleanup", Time since last: 1003467073 ns, Reaching safepoint: 364928 ns, At safepoint: 7686 ns, Total: 372614 ns
[2021-11-03T06:27:14.516+0000][7][safepoint    ] Safepoint "Cleanup", Time since last: 1001369214 ns, Reaching safepoint: 234345 ns, At safepoint: 3943 ns, Total: 238288 ns
[2021-11-03T06:27:15.519+0000][7][safepoint    ] Safepoint "Cleanup", Time since last: 1002653430 ns, Reaching safepoint: 184693 ns, At safepoint: 71132 ns, Total: 255825 ns
[2021-11-03T06:27:16.526+0000][7][safepoint    ] Safepoint "Cleanup", Time since last: 1006322729 ns, Reaching safepoint: 151103 ns, At safepoint: 4084 ns, Total: 155187 ns
[2021-11-03T06:27:17.528+0000][7][safepoint    ] Safepoint "Cleanup", Time since last: 1002170605 ns, Reaching safepoint: 154830 ns, At safepoint: 4353 ns, Total: 159183 ns
[2021-11-03T06:27:18.530+0000][7][safepoint    ] Safepoint "Cleanup", Time since last: 1001817028 ns, Reaching safepoint: 204739 ns, At safepoint: 6737 ns, Total: 211476 ns
[2021-11-03T06:27:19.533+0000][7][safepoint    ] Safepoint "Cleanup", Time since last: 1002666642 ns, Reaching safepoint: 277652 ns, At safepoint: 9209 ns, Total: 286861 ns
[2021-11-03T06:27:20.536+0000][7][safepoint    ] Safepoint "Cleanup", Time since last: 1002516526 ns, Reaching safepoint: 190247 ns, At safepoint: 5071 ns, Total: 195318 ns
[2021-11-03T06:27:21.538+0000][7][safepoint    ] Safepoint "Cleanup", Time since last: 1002056567 ns, Reaching safepoint: 200926 ns, At safepoint: 8099 ns, Total: 209025 ns
[2021-11-03T06:27:22.542+0000][7][safepoint    ] Safepoint "Cleanup", Time since last: 1003354208 ns, Reaching safepoint: 271722 ns, At safepoint: 5957 ns, Total: 277679 ns
[2021-11-03T06:27:23.544+0000][7][safepoint    ] Safepoint "Cleanup", Time since last: 1002097734 ns, Reaching safepoint: 132046 ns, At safepoint: 4594 ns, Total: 136640 ns
[2021-11-03T06:27:24.546+0000][7][safepoint    ] Safepoint "Cleanup", Time since last: 1001865251 ns, Reaching safepoint: 116730 ns, At safepoint: 3816 ns, Total: 120546 ns
[2021-11-03T06:27:25.547+0000][7][safepoint    ] Safepoint "Cleanup", Time since last: 1001114201 ns, Reaching safepoint: 116379 ns, At safepoint: 43239 ns, Total: 159618 ns
[2021-11-03T06:27:26.551+0000][7][safepoint    ] Safepoint "Cleanup", Time since last: 1003402403 ns, Reaching safepoint: 120714 ns, At safepoint: 44513 ns, Total: 165227 ns
[2021-11-03T06:27:27.555+0000][7][safepoint    ] Safepoint "Cleanup", Time since last: 1003734428 ns, Reaching safepoint: 126139 ns, At safepoint: 44459 ns, Total: 170598 ns
[2021-11-03T06:27:28.562+0000][7][safepoint    ] Safepoint "Cleanup", Time since last: 1006798364 ns, Reaching safepoint: 173701 ns, At safepoint: 74753 ns, Total: 248454 ns
[2021-11-03T06:27:29.568+0000][7][safepoint    ] Safepoint "Cleanup", Time since last: 1006073129 ns, Reaching safepoint: 169304 ns, At safepoint: 4706 ns, Total: 174010 ns
[2021-11-03T06:27:30.571+0000][7][safepoint    ] Safepoint "Cleanup", Time since last: 1003135218 ns, Reaching safepoint: 253202 ns, At safepoint: 5356 ns, Total: 258558 ns
[2021-11-03T06:27:31.551+0000][7][safepoint    ] Safepoint "Cleanup", Time since last: 1004178993 ns, Reaching safepoint: 117978 ns, At safepoint: 3811 ns, Total: 121789 ns
[2021-11-03T06:27:32.556+0000][7][safepoint    ] Safepoint "Cleanup", Time since last: 1005380121 ns, Reaching safepoint: 173860 ns, At safepoint: 5816 ns, Total: 179676 ns
[2021-11-03T06:27:33.560+0000][7][safepoint    ] Safepoint "Cleanup", Time since last: 1003412879 ns, Reaching safepoint: 181885 ns, At safepoint: 7977 ns, Total: 189862 ns
[2021-11-03T06:27:34.563+0000][7][safepoint    ] Safepoint "Cleanup", Time since last: 1003009852 ns, Reaching safepoint: 248423 ns, At safepoint: 5061 ns, Total: 253484 ns
[2021-11-03T06:27:35.568+0000][7][safepoint    ] Safepoint "Cleanup", Time since last: 1004798382 ns, Reaching safepoint: 92135 ns, At safepoint: 2690 ns, Total: 94825 ns
[2021-11-03T06:27:36.570+0000][7][safepoint    ] Safepoint "Cleanup", Time since last: 1001587764 ns, Reaching safepoint: 127951 ns, At safepoint: 4326 ns, Total: 132277 ns
[2021-11-03T06:27:37.572+0000][7][safepoint    ] Safepoint "Cleanup", Time since last: 1002067615 ns, Reaching safepoint: 101605 ns, At safepoint: 2655 ns, Total: 104260 ns
[2021-11-03T06:27:38.574+0000][7][safepoint    ] Safepoint "Cleanup", Time since last: 1001854290 ns, Reaching safepoint: 117740 ns, At safepoint: 4065 ns, Total: 121805 ns
[2021-11-03T06:27:39.577+0000][7][safepoint    ] Safepoint "Cleanup", Time since last: 1002607499 ns, Reaching safepoint: 122648 ns, At safepoint: 3975 ns, Total: 126623 ns
[2021-11-03T06:27:40.581+0000][7][safepoint    ] Safepoint "Cleanup", Time since last: 1004154984 ns, Reaching safepoint: 207210 ns, At safepoint: 6697 ns, Total: 213907 ns
[2021-11-03T06:27:41.584+0000][7][safepoint    ] Safepoint "Cleanup", Time since last: 1002687588 ns, Reaching safepoint: 276698 ns, At safepoint: 11277 ns, Total: 287975 ns
[2021-11-03T06:27:42.588+0000][7][safepoint    ] Safepoint "Cleanup", Time since last: 1003969417 ns, Reaching safepoint: 328145 ns, At safepoint: 10363 ns, Total: 338508 ns
[2021-11-03T06:27:43.591+0000][7][safepoint    ] Safepoint "Cleanup", Time since last: 1002782936 ns, Reaching safepoint: 362492 ns, At safepoint: 7100 ns, Total: 369592 ns
[2021-11-03T06:27:44.594+0000][7][safepoint    ] Safepoint "Cleanup", Time since last: 1002330824 ns, Reaching safepoint: 213344 ns, At safepoint: 4729 ns, Total: 218073 ns
[2021-11-03T06:27:45.596+0000][7][safepoint    ] Safepoint "Cleanup", Time since last: 1001938970 ns, Reaching safepoint: 133559 ns, At safepoint: 4186 ns, Total: 137745 ns
[2021-11-03T06:27:46.599+0000][7][safepoint    ] Safepoint "Cleanup", Time since last: 1002855978 ns, Reaching safepoint: 117052 ns, At safepoint: 3679 ns, Total: 120731 ns
[2021-11-03T06:27:47.603+0000][7][safepoint    ] Safepoint "Cleanup", Time since last: 1003355566 ns, Reaching safepoint: 177217 ns, At safepoint: 5208 ns, Total: 182425 ns
[2021-11-03T06:27:48.608+0000][7][safepoint    ] Safepoint "Cleanup", Time since last: 1005323320 ns, Reaching safepoint: 213434 ns, At safepoint: 7522 ns, Total: 220956 ns
[2021-11-03T06:27:49.611+0000][7][safepoint    ] Safepoint "Cleanup", Time since last: 1002126974 ns, Reaching safepoint: 482449 ns, At safepoint: 8807 ns, Total: 491256 ns
[2021-11-03T06:27:50.613+0000][7][safepoint    ] Safepoint "Cleanup", Time since last: 1001487147 ns, Reaching safepoint: 380222 ns, At safepoint: 7244 ns, Total: 387466 ns
[2021-11-03T06:27:51.616+0000][7][safepoint    ] Safepoint "Cleanup", Time since last: 1002979543 ns, Reaching safepoint: 161791 ns, At safepoint: 4151 ns, Total: 165942 ns
[2021-11-03T06:27:52.619+0000][7][safepoint    ] Safepoint "Cleanup", Time since last: 1003185385 ns, Reaching safepoint: 150903 ns, At safepoint: 4938 ns, Total: 155841 ns
[2021-11-03T06:27:53.623+0000][7][safepoint    ] Safepoint "Cleanup", Time since last: 1003757411 ns, Reaching safepoint: 124078 ns, At safepoint: 3406 ns, Total: 127484 ns
[2021-11-03T06:27:54.626+0000][7][safepoint    ] Safepoint "Cleanup", Time since last: 1002558439 ns, Reaching safepoint: 161638 ns, At safepoint: 3723 ns, Total: 165361 ns
[2021-11-03T06:27:55.630+0000][7][safepoint    ] Safepoint "Cleanup", Time since last: 1004318050 ns, Reaching safepoint: 240770 ns, At safepoint: 7075 ns, Total: 247845 ns
[2021-11-03T06:27:56.634+0000][7][safepoint    ] Safepoint "Cleanup", Time since last: 1003542248 ns, Reaching safepoint: 174074 ns, At safepoint: 5717 ns, Total: 179791 ns
[2021-11-03T06:27:57.638+0000][7][safepoint    ] Safepoint "Cleanup", Time since last: 1003574271 ns, Reaching safepoint: 175972 ns, At safepoint: 5493 ns, Total: 181465 ns
[2021-11-03T06:27:58.643+0000][7][safepoint    ] Safepoint "Cleanup", Time since last: 1004719446 ns, Reaching safepoint: 137134 ns, At safepoint: 4392 ns, Total: 141526 ns
[2021-11-03T06:27:59.645+0000][7][safepoint    ] Safepoint "Cleanup", Time since last: 1002430605 ns, Reaching safepoint: 148403 ns, At safepoint: 3993 ns, Total: 152396 ns
[2021-11-03T06:28:00.649+0000][7][safepoint    ] Safepoint "Cleanup", Time since last: 1003921981 ns, Reaching safepoint: 120477 ns, At safepoint: 4348 ns, Total: 124825 ns
[2021-11-03T06:28:01.632+0000][7][safepoint    ] Safepoint "Cleanup", Time since last: 1005075845 ns, Reaching safepoint: 180318 ns, At safepoint: 6471 ns, Total: 186789 ns
[2021-11-03T06:28:02.636+0000][7][safepoint    ] Safepoint "Cleanup", Time since last: 1003619731 ns, Reaching safepoint: 204361 ns, At safepoint: 171514 ns, Total: 375875 ns
[2021-11-03T06:28:03.643+0000][7][safepoint    ] Safepoint "Cleanup", Time since last: 1007181533 ns, Reaching safepoint: 197451 ns, At safepoint: 4502 ns, Total: 201953 ns
[2021-11-03T06:28:04.647+0000][7][safepoint    ] Safepoint "Cleanup", Time since last: 1004171563 ns, Reaching safepoint: 170617 ns, At safepoint: 2827 ns, Total: 173444 ns
[2021-11-03T06:28:05.650+0000][7][safepoint    ] Safepoint "Cleanup", Time since last: 1002749223 ns, Reaching safepoint: 122607 ns, At safepoint: 3757 ns, Total: 126364 ns
[2021-11-03T06:28:06.653+0000][7][safepoint    ] Safepoint "Cleanup", Time since last: 1002195511 ns, Reaching safepoint: 292041 ns, At safepoint: 6448 ns, Total: 298489 ns
[2021-11-03T06:28:07.660+0000][7][safepoint    ] Safepoint "Cleanup", Time since last: 1006655925 ns, Reaching safepoint: 264055 ns, At safepoint: 5955 ns, Total: 270010 ns
[2021-11-03T06:28:08.663+0000][7][safepoint    ] Safepoint "Cleanup", Time since last: 1003385924 ns, Reaching safepoint: 135325 ns, At safepoint: 4805 ns, Total: 140130 ns
[2021-11-03T06:28:09.665+0000][7][safepoint    ] Safepoint "Cleanup", Time since last: 1001804576 ns, Reaching safepoint: 134400 ns, At safepoint: 4441 ns, Total: 138841 ns
[2021-11-03T06:28:10.668+0000][7][safepoint    ] Safepoint "Cleanup", Time since last: 1002927579 ns, Reaching safepoint: 178841 ns, At safepoint: 4203 ns, Total: 183044 ns
[2021-11-03T06:28:11.671+0000][7][safepoint    ] Safepoint "Cleanup", Time since last: 1002345688 ns, Reaching safepoint: 131982 ns, At safepoint: 4451 ns, Total: 136433 ns
[2021-11-03T06:28:12.677+0000][7][safepoint    ] Safepoint "Cleanup", Time since last: 1006475646 ns, Reaching safepoint: 192929 ns, At safepoint: 6026 ns, Total: 198955 ns
[2021-11-03T06:28:13.681+0000][7][safepoint    ] Safepoint "Cleanup", Time since last: 1003176916 ns, Reaching safepoint: 202640 ns, At safepoint: 7568 ns, Total: 210208 ns
[2021-11-03T06:28:14.684+0000][7][safepoint    ] Safepoint "Cleanup", Time since last: 1002572339 ns, Reaching safepoint: 376847 ns, At safepoint: 5327 ns, Total: 382174 ns
[2021-11-03T06:28:15.687+0000][7][safepoint    ] Safepoint "Cleanup", Time since last: 1003124604 ns, Reaching safepoint: 175778 ns, At safepoint: 4399 ns, Total: 180177 ns
[2021-11-03T06:28:16.689+0000][7][safepoint    ] Safepoint "Cleanup", Time since last: 1001664572 ns, Reaching safepoint: 173821 ns, At safepoint: 4310 ns, Total: 178131 ns
[2021-11-03T06:28:17.691+0000][7][safepoint    ] Safepoint "Cleanup", Time since last: 1001630091 ns, Reaching safepoint: 166211 ns, At safepoint: 7804 ns, Total: 174015 ns
[2021-11-03T06:28:18.694+0000][7][safepoint    ] Safepoint "Cleanup", Time since last: 1002627960 ns, Reaching safepoint: 282797 ns, At safepoint: 5079 ns, Total: 287876 ns
[2021-11-03T06:28:19.695+0000][7][safepoint    ] Safepoint "Cleanup", Time since last: 1001420040 ns, Reaching safepoint: 191753 ns, At safepoint: 6767 ns, Total: 198520 ns
[2021-11-03T06:28:20.698+0000][7][safepoint    ] Safepoint "Cleanup", Time since last: 1002862264 ns, Reaching safepoint: 127100 ns, At safepoint: 5133 ns, Total: 132233 ns
[2021-11-03T06:28:21.700+0000][7][safepoint    ] Safepoint "Cleanup", Time since last: 1001477102 ns, Reaching safepoint: 158913 ns, At safepoint: 4091 ns, Total: 163004 ns
[2021-11-03T06:28:22.702+0000][7][safepoint    ] Safepoint "Cleanup", Time since last: 1002249235 ns, Reaching safepoint: 239532 ns, At safepoint: 6635 ns, Total: 246167 ns
[2021-11-03T06:28:23.707+0000][7][safepoint    ] Safepoint "Cleanup", Time since last: 1004782159 ns, Reaching safepoint: 236990 ns, At safepoint: 15508 ns, Total: 252498 ns
[2021-11-03T06:28:24.824+0000][7][safepoint    ] Safepoint "Cleanup", Time since last: 1115874645 ns, Reaching safepoint: 739992 ns, At safepoint: 54522 ns, Total: 794514 ns
[2021-11-03T06:28:25.827+0000][7][safepoint    ] Safepoint "Cleanup", Time since last: 1002540137 ns, Reaching safepoint: 282625 ns, At safepoint: 6966 ns, Total: 289591 ns
[2021-11-03T06:28:26.829+0000][7][safepoint    ] Safepoint "Cleanup", Time since last: 1001587824 ns, Reaching safepoint: 539430 ns, At safepoint: 14975 ns, Total: 554405 ns
[2021-11-03T06:28:27.833+0000][7][safepoint    ] Safepoint "Cleanup", Time since last: 1003217816 ns, Reaching safepoint: 734875 ns, At safepoint: 15889 ns, Total: 750764 ns
[2021-11-03T06:28:28.836+0000][7][safepoint    ] Safepoint "Cleanup", Time since last: 1002148594 ns, Reaching safepoint: 470481 ns, At safepoint: 10457 ns, Total: 480938 ns
[2021-11-03T06:28:29.838+0000][7][safepoint    ] Safepoint "Cleanup", Time since last: 1001905267 ns, Reaching safepoint: 390581 ns, At safepoint: 10525 ns, Total: 401106 ns
[2021-11-03T06:28:30.818+0000][7][safepoint    ] Safepoint "Cleanup", Time since last: 1001745068 ns, Reaching safepoint: 189121 ns, At safepoint: 4913 ns, Total: 194034 ns
[2021-11-03T06:28:31.821+0000][7][safepoint    ] Safepoint "Cleanup", Time since last: 1002442111 ns, Reaching safepoint: 445987 ns, At safepoint: 10179 ns, Total: 456166 ns
[2021-11-03T06:28:32.823+0000][7][safepoint    ] Safepoint "Cleanup", Time since last: 1002205226 ns, Reaching safepoint: 140482 ns, At safepoint: 4820 ns, Total: 145302 ns
[2021-11-03T06:28:33.825+0000][7][safepoint    ] Safepoint "Cleanup", Time since last: 1001869091 ns, Reaching safepoint: 115804 ns, At safepoint: 4016 ns, Total: 119820 ns
[2021-11-03T06:28:34.827+0000][7][safepoint    ] Safepoint "Cleanup", Time since last: 1001664330 ns, Reaching safepoint: 180144 ns, At safepoint: 5478 ns, Total: 185622 ns
[2021-11-03T06:28:35.830+0000][7][safepoint    ] Safepoint "Cleanup", Time since last: 1002449116 ns, Reaching safepoint: 262991 ns, At safepoint: 6886 ns, Total: 269877 ns
[2021-11-03T06:28:36.832+0000][7][safepoint    ] Safepoint "Cleanup", Time since last: 1002151813 ns, Reaching safepoint: 130755 ns, At safepoint: 4501 ns, Total: 135256 ns
[2021-11-03T06:28:37.835+0000][7][safepoint    ] Safepoint "Cleanup", Time since last: 1002124079 ns, Reaching safepoint: 200673 ns, At safepoint: 6290 ns, Total: 206963 ns
[2021-11-03T06:28:38.837+0000][7][safepoint    ] Safepoint "Cleanup", Time since last: 1002197865 ns, Reaching safepoint: 184816 ns, At safepoint: 5517 ns, Total: 190333 ns
[2021-11-03T06:28:39.840+0000][7][safepoint    ] Safepoint "Cleanup", Time since last: 1002789799 ns, Reaching safepoint: 128827 ns, At safepoint: 4299 ns, Total: 133126 ns
[2021-11-03T06:28:40.897+0000][7][safepoint    ] Safepoint "Cleanup", Time since last: 1056008240 ns, Reaching safepoint: 1146434 ns, At safepoint: 17650 ns, Total: 1164084 ns
[2021-11-03T06:28:41.901+0000][7][safepoint    ] Safepoint "Cleanup", Time since last: 1004031104 ns, Reaching safepoint: 174014 ns, At safepoint: 5625 ns, Total: 179639 ns
[2021-11-03T06:28:42.903+0000][7][safepoint    ] Safepoint "Cleanup", Time since last: 1001242867 ns, Reaching safepoint: 342162 ns, At safepoint: 4661 ns, Total: 346823 ns
[2021-11-03T06:28:43.906+0000][7][safepoint    ] Safepoint "Cleanup", Time since last: 1002397617 ns, Reaching safepoint: 298118 ns, At safepoint: 8067 ns, Total: 306185 ns
[2021-11-03T06:28:44.908+0000][7][safepoint    ] Safepoint "Cleanup", Time since last: 1002581048 ns, Reaching safepoint: 147234 ns, At safepoint: 4336 ns, Total: 151570 ns
[2021-11-03T06:28:45.910+0000][7][safepoint    ] Safepoint "Cleanup", Time since last: 1001494385 ns, Reaching safepoint: 218867 ns, At safepoint: 4276 ns, Total: 223143 ns
[2021-11-03T06:28:46.912+0000][7][safepoint    ] Safepoint "Cleanup", Time since last: 1002025114 ns, Reaching safepoint: 120700 ns, At safepoint: 3966 ns, Total: 124666 ns
[2021-11-03T06:28:47.914+0000][7][safepoint    ] Safepoint "Cleanup", Time since last: 1001996166 ns, Reaching safepoint: 134674 ns, At safepoint: 5180 ns, Total: 139854 ns
[2021-11-03T06:28:48.918+0000][7][safepoint    ] Safepoint "Cleanup", Time since last: 1003258926 ns, Reaching safepoint: 234763 ns, At safepoint: 5617 ns, Total: 240380 ns
[2021-11-03T06:28:49.921+0000][7][safepoint    ] Safepoint "Cleanup", Time since last: 1002525528 ns, Reaching safepoint: 712951 ns, At safepoint: 44631 ns, Total: 757582 ns
[2021-11-03T06:28:50.925+0000][7][safepoint    ] Safepoint "Cleanup", Time since last: 1002878217 ns, Reaching safepoint: 570506 ns, At safepoint: 17170 ns, Total: 587676 ns
[2021-11-03T06:28:51.927+0000][7][safepoint    ] Safepoint "Cleanup", Time since last: 1002505391 ns, Reaching safepoint: 175324 ns, At safepoint: 3555 ns, Total: 178879 ns
[2021-11-03T06:28:52.929+0000][7][safepoint    ] Safepoint "Cleanup", Time since last: 1001524756 ns, Reaching safepoint: 186143 ns, At safepoint: 4858 ns, Total: 191001 ns
[2021-11-03T06:28:53.932+0000][7][safepoint    ] Safepoint "Cleanup", Time since last: 1002376001 ns, Reaching safepoint: 301586 ns, At safepoint: 7892 ns, Total: 309478 ns
[2021-11-03T06:28:54.934+0000][7][safepoint    ] Safepoint "Cleanup", Time since last: 1002652270 ns, Reaching safepoint: 193148 ns, At safepoint: 4404 ns, Total: 197552 ns
[2021-11-03T06:28:55.937+0000][7][safepoint    ] Safepoint "Cleanup", Time since last: 1002267925 ns, Reaching safepoint: 221271 ns, At safepoint: 4432 ns, Total: 225703 ns
[2021-11-03T06:28:56.939+0000][7][safepoint    ] Safepoint "Cleanup", Time since last: 1001580508 ns, Reaching safepoint: 261710 ns, At safepoint: 6187 ns, Total: 267897 ns
[2021-11-03T06:28:57.941+0000][7][safepoint    ] Safepoint "Cleanup", Time since last: 1002437911 ns, Reaching safepoint: 108121 ns, At safepoint: 3308 ns, Total: 111429 ns
[2021-11-03T06:28:58.943+0000][7][safepoint    ] Safepoint "Cleanup", Time since last: 1001810384 ns, Reaching safepoint: 236811 ns, At safepoint: 7388 ns, Total: 244199 ns
[2021-11-03T06:28:59.947+0000][7][safepoint    ] Safepoint "Cleanup", Time since last: 1003318003 ns, Reaching safepoint: 366049 ns, At safepoint: 7651 ns, Total: 373700 ns
[2021-11-03T06:29:00.929+0000][7][safepoint    ] Safepoint "Cleanup", Time since last: 1002526206 ns, Reaching safepoint: 547478 ns, At safepoint: 10568 ns, Total: 558046 ns
[2021-11-03T06:29:01.932+0000][7][safepoint    ] Safepoint "Cleanup", Time since last: 1002287879 ns, Reaching safepoint: 325480 ns, At safepoint: 5871 ns, Total: 331351 ns
[2021-11-03T06:29:02.934+0000][7][safepoint    ] Safepoint "Cleanup", Time since last: 1001840809 ns, Reaching safepoint: 355558 ns, At safepoint: 11304 ns, Total: 366862 ns
[2021-11-03T06:29:03.936+0000][7][safepoint    ] Safepoint "Cleanup", Time since last: 1002001588 ns, Reaching safepoint: 178357 ns, At safepoint: 4753 ns, Total: 183110 ns
[2021-11-03T06:29:04.939+0000][7][safepoint    ] Safepoint "Cleanup", Time since last: 1002243556 ns, Reaching safepoint: 155335 ns, At safepoint: 5952 ns, Total: 161287 ns
[2021-11-03T06:29:05.941+0000][7][safepoint    ] Safepoint "Cleanup", Time since last: 1001568519 ns, Reaching safepoint: 336467 ns, At safepoint: 5345 ns, Total: 341812 ns
[2021-11-03T06:29:06.943+0000][7][safepoint    ] Safepoint "Cleanup", Time since last: 1002489691 ns, Reaching safepoint: 204668 ns, At safepoint: 7882 ns, Total: 212550 ns
[2021-11-03T06:29:07.946+0000][7][safepoint    ] Safepoint "Cleanup", Time since last: 1002050657 ns, Reaching safepoint: 314861 ns, At safepoint: 6092 ns, Total: 320953 ns
[2021-11-03T06:29:08.949+0000][7][safepoint    ] Safepoint "Cleanup", Time since last: 1003185895 ns, Reaching safepoint: 488280 ns, At safepoint: 9679 ns, Total: 497959 ns
[2021-11-03T06:29:09.952+0000][7][safepoint    ] Safepoint "Cleanup", Time since last: 1002498274 ns, Reaching safepoint: 327168 ns, At safepoint: 7304 ns, Total: 334472 ns
[2021-11-03T06:29:10.955+0000][7][safepoint    ] Safepoint "Cleanup", Time since last: 1002170652 ns, Reaching safepoint: 772353 ns, At safepoint: 23369 ns, Total: 795722 ns
[2021-11-03T06:29:11.959+0000][7][safepoint    ] Safepoint "Cleanup", Time since last: 1003098305 ns, Reaching safepoint: 510722 ns, At safepoint: 14196 ns, Total: 524918 ns
[2021-11-03T06:29:12.961+0000][7][safepoint    ] Safepoint "Cleanup", Time since last: 1002034904 ns, Reaching safepoint: 308219 ns, At safepoint: 6668 ns, Total: 314887 ns
[2021-11-03T06:29:13.964+0000][7][safepoint    ] Safepoint "Cleanup", Time since last: 1002554139 ns, Reaching safepoint: 279966 ns, At safepoint: 6128 ns, Total: 286094 ns
[2021-11-03T06:29:14.966+0000][7][safepoint    ] Safepoint "Cleanup", Time since last: 1001889886 ns, Reaching safepoint: 289059 ns, At safepoint: 7265 ns, Total: 296324 ns
[2021-11-03T06:29:15.968+0000][7][safepoint    ] Safepoint "Cleanup", Time since last: 1001671920 ns, Reaching safepoint: 184094 ns, At safepoint: 4924 ns, Total: 189018 ns
[2021-11-03T06:29:16.969+0000][7][safepoint    ] Safepoint "Cleanup", Time since last: 1001157918 ns, Reaching safepoint: 154830 ns, At safepoint: 4921 ns, Total: 159751 ns
[2021-11-03T06:29:17.971+0000][7][safepoint    ] Safepoint "Cleanup", Time since last: 1001583832 ns, Reaching safepoint: 124979 ns, At safepoint: 4206 ns, Total: 129185 ns
[2021-11-03T06:29:18.973+0000][7][safepoint    ] Safepoint "Cleanup", Time since last: 1001547257 ns, Reaching safepoint: 136242 ns, At safepoint: 5351 ns, Total: 141593 ns
[2021-11-03T06:29:19.975+0000][7][safepoint    ] Safepoint "Cleanup", Time since last: 1002029783 ns, Reaching safepoint: 137037 ns, At safepoint: 4851 ns, Total: 141888 ns
[2021-11-03T06:29:20.977+0000][7][safepoint    ] Safepoint "Cleanup", Time since last: 1001693170 ns, Reaching safepoint: 121333 ns, At safepoint: 4387 ns, Total: 125720 ns
[2021-11-03T06:29:21.981+0000][7][safepoint    ] Safepoint "Cleanup", Time since last: 1003802530 ns, Reaching safepoint: 142193 ns, At safepoint: 4159 ns, Total: 146352 ns
[2021-11-03T06:29:22.985+0000][7][safepoint    ] Safepoint "Cleanup", Time since last: 1004609541 ns, Reaching safepoint: 132682 ns, At safepoint: 4419 ns, Total: 137101 ns
[2021-11-03T06:29:23.988+0000][7][safepoint    ] Safepoint "Cleanup", Time since last: 1002027766 ns, Reaching safepoint: 132535 ns, At safepoint: 4490 ns, Total: 137025 ns
[2021-11-03T06:29:24.990+0000][7][safepoint    ] Safepoint "Cleanup", Time since last: 1002704637 ns, Reaching safepoint: 199600 ns, At safepoint: 4115 ns, Total: 203715 ns
[2021-11-03T06:29:25.992+0000][7][safepoint    ] Safepoint "Cleanup", Time since last: 1001292164 ns, Reaching safepoint: 246709 ns, At safepoint: 5842 ns, Total: 252551 ns
[2021-11-03T06:29:26.994+0000][7][safepoint    ] Safepoint "Cleanup", Time since last: 1002069773 ns, Reaching safepoint: 118469 ns, At safepoint: 4092 ns, Total: 122561 ns
[2021-11-03T06:29:27.996+0000][7][safepoint    ] Safepoint "Cleanup", Time since last: 1001596019 ns, Reaching safepoint: 121750 ns, At safepoint: 3902 ns, Total: 125652 ns
[2021-11-03T06:29:29.001+0000][7][safepoint    ] Safepoint "Cleanup", Time since last: 1004549079 ns, Reaching safepoint: 183602 ns, At safepoint: 6902 ns, Total: 190504 ns
[2021-11-03T06:29:30.004+0000][7][safepoint    ] Safepoint "Cleanup", Time since last: 1002618747 ns, Reaching safepoint: 199915 ns, At safepoint: 6049 ns, Total: 205964 ns
[2021-11-03T06:29:30.986+0000][7][safepoint    ] Safepoint "Cleanup", Time since last: 1003776215 ns, Reaching safepoint: 161076 ns, At safepoint: 6733 ns, Total: 167809 ns
[2021-11-03T06:29:31.993+0000][7][safepoint    ] Safepoint "Cleanup", Time since last: 1006646914 ns, Reaching safepoint: 133355 ns, At safepoint: 5219 ns, Total: 138574 ns
[2021-11-03T06:29:32.996+0000][7][safepoint    ] Safepoint "Cleanup", Time since last: 1002876421 ns, Reaching safepoint: 286534 ns, At safepoint: 5863 ns, Total: 292397 ns
[2021-11-03T06:29:34.000+0000][7][safepoint    ] Safepoint "Cleanup", Time since last: 1003534018 ns, Reaching safepoint: 179739 ns, At safepoint: 6937 ns, Total: 186676 ns
[2021-11-03T06:29:35.002+0000][7][safepoint    ] Safepoint "Cleanup", Time since last: 1002027228 ns, Reaching safepoint: 172138 ns, At safepoint: 3386 ns, Total: 175524 ns
[2021-11-03T06:29:36.005+0000][7][safepoint    ] Safepoint "Cleanup", Time since last: 1002554429 ns, Reaching safepoint: 177152 ns, At safepoint: 6500 ns, Total: 183652 ns
[2021-11-03T06:29:37.010+0000][7][safepoint    ] Safepoint "Cleanup", Time since last: 1004160438 ns, Reaching safepoint: 374094 ns, At safepoint: 7354 ns, Total: 381448 ns
[2021-11-03T06:29:38.013+0000][7][safepoint    ] Safepoint "Cleanup", Time since last: 1002959009 ns, Reaching safepoint: 131059 ns, At safepoint: 4513 ns, Total: 135572 ns
[2021-11-03T06:29:39.017+0000][7][safepoint    ] Safepoint "Cleanup", Time since last: 1003767627 ns, Reaching safepoint: 136899 ns, At safepoint: 4300 ns, Total: 141199 ns
[2021-11-03T06:29:40.019+0000][7][safepoint    ] Safepoint "Cleanup", Time since last: 1001974843 ns, Reaching safepoint: 132253 ns, At safepoint: 4789 ns, Total: 137042 ns
[2021-11-03T06:29:41.021+0000][7][safepoint    ] Safepoint "Cleanup", Time since last: 1001902003 ns, Reaching safepoint: 227888 ns, At safepoint: 4653 ns, Total: 232541 ns
[2021-11-03T06:29:42.024+0000][7][safepoint    ] Safepoint "Cleanup", Time since last: 1002601000 ns, Reaching safepoint: 146493 ns, At safepoint: 3653 ns, Total: 150146 ns
[2021-11-03T06:29:43.026+0000][7][safepoint    ] Safepoint "Cleanup", Time since last: 1002216827 ns, Reaching safepoint: 134515 ns, At safepoint: 4880 ns, Total: 139395 ns
[2021-11-03T06:29:44.028+0000][7][safepoint    ] Safepoint "Cleanup", Time since last: 1001512891 ns, Reaching safepoint: 124431 ns, At safepoint: 4332 ns, Total: 128763 ns
[2021-11-03T06:29:45.029+0000][7][safepoint    ] Safepoint "Cleanup", Time since last: 1001645488 ns, Reaching safepoint: 93452 ns, At safepoint: 2384 ns, Total: 95836 ns
[2021-11-03T06:29:46.031+0000][7][safepoint    ] Safepoint "Cleanup", Time since last: 1001423977 ns, Reaching safepoint: 238658 ns, At safepoint: 6946 ns, Total: 245604 ns
[2021-11-03T06:29:47.034+0000][7][safepoint    ] Safepoint "Cleanup", Time since last: 1002743388 ns, Reaching safepoint: 94445 ns, At safepoint: 2727 ns, Total: 97172 ns
[2021-11-03T06:29:48.036+0000][7][safepoint    ] Safepoint "Cleanup", Time since last: 1001746001 ns, Reaching safepoint: 569166 ns, At safepoint: 47603 ns, Total: 616769 ns
[2021-11-03T06:29:49.039+0000][7][safepoint    ] Safepoint "Cleanup", Time since last: 1002426557 ns, Reaching safepoint: 368607 ns, At safepoint: 7182 ns, Total: 375789 ns
[2021-11-03T06:29:50.042+0000][7][safepoint    ] Safepoint "Cleanup", Time since last: 1003258559 ns, Reaching safepoint: 134363 ns, At safepoint: 4205 ns, Total: 138568 ns
[2021-11-03T06:29:51.044+0000][7][safepoint    ] Safepoint "Cleanup", Time since last: 1001837271 ns, Reaching safepoint: 94275 ns, At safepoint: 2437 ns, Total: 96712 ns
[2021-11-03T06:29:52.048+0000][7][safepoint    ] Safepoint "Cleanup", Time since last: 1003384085 ns, Reaching safepoint: 103734 ns, At safepoint: 2749 ns, Total: 106483 ns
[2021-11-03T06:29:53.051+0000][7][safepoint    ] Safepoint "Cleanup", Time since last: 1002882198 ns, Reaching safepoint: 401155 ns, At safepoint: 6530 ns, Total: 407685 ns
[2021-11-03T06:29:54.053+0000][7][safepoint    ] Safepoint "Cleanup", Time since last: 1002147690 ns, Reaching safepoint: 177056 ns, At safepoint: 4825 ns, Total: 181881 ns
[2021-11-03T06:29:55.058+0000][7][safepoint    ] Safepoint "Cleanup", Time since last: 1003796122 ns, Reaching safepoint: 460086 ns, At safepoint: 6049 ns, Total: 466135 ns
[2021-11-03T06:29:56.060+0000][7][safepoint    ] Safepoint "Cleanup", Time since last: 1002176199 ns, Reaching safepoint: 147845 ns, At safepoint: 4597 ns, Total: 152442 ns
[2021-11-03T06:29:57.063+0000][7][safepoint    ] Safepoint "Cleanup", Time since last: 1002414843 ns, Reaching safepoint: 168259 ns, At safepoint: 3806 ns, Total: 172065 ns
[2021-11-03T06:29:58.065+0000][7][safepoint    ] Safepoint "Cleanup", Time since last: 1002007077 ns, Reaching safepoint: 253924 ns, At safepoint: 4845 ns, Total: 258769 ns
[2021-11-03T06:29:59.067+0000][7][safepoint    ] Safepoint "Cleanup", Time since last: 1001690880 ns, Reaching safepoint: 94760 ns, At safepoint: 2276 ns, Total: 97036 ns
[2021-11-03T06:30:00.068+0000][7][safepoint    ] Safepoint "Cleanup", Time since last: 1001144899 ns, Reaching safepoint: 112854 ns, At safepoint: 3861 ns, Total: 116715 ns
[2021-11-03T06:30:01.049+0000][7][safepoint    ] Safepoint "Cleanup", Time since last: 1002276042 ns, Reaching safepoint: 157745 ns, At safepoint: 29279 ns, Total: 187024 ns
[2021-11-03T06:30:02.055+0000][7][safepoint    ] Safepoint "Cleanup", Time since last: 1005297177 ns, Reaching safepoint: 231411 ns, At safepoint: 4270 ns, Total: 235681 ns
[2021-11-03T06:30:03.057+0000][7][safepoint    ] Safepoint "Cleanup", Time since last: 1002247600 ns, Reaching safepoint: 124295 ns, At safepoint: 4015 ns, Total: 128310 ns
[2021-11-03T06:30:04.060+0000][7][safepoint    ] Safepoint "Cleanup", Time since last: 1003022169 ns, Reaching safepoint: 179549 ns, At safepoint: 6989 ns, Total: 186538 ns
[2021-11-03T06:30:05.063+0000][7][safepoint    ] Safepoint "Cleanup", Time since last: 1002794374 ns, Reaching safepoint: 176806 ns, At safepoint: 4276 ns, Total: 181082 ns
[2021-11-03T06:30:06.066+0000][7][safepoint    ] Safepoint "Cleanup", Time since last: 1002643705 ns, Reaching safepoint: 160202 ns, At safepoint: 5453 ns, Total: 165655 ns
[2021-11-03T06:30:07.071+0000][7][safepoint    ] Safepoint "Cleanup", Time since last: 1004832745 ns, Reaching safepoint: 138950 ns, At safepoint: 4308 ns, Total: 143258 ns
[2021-11-03T06:30:08.076+0000][7][safepoint    ] Safepoint "Cleanup", Time since last: 1004327694 ns, Reaching safepoint: 279128 ns, At safepoint: 4411 ns, Total: 283539 ns
[2021-11-03T06:30:09.080+0000][7][safepoint    ] Safepoint "Cleanup", Time since last: 1003951991 ns, Reaching safepoint: 125370 ns, At safepoint: 3191 ns, Total: 128561 ns
[2021-11-03T06:30:10.083+0000][7][safepoint    ] Safepoint "Cleanup", Time since last: 1002741804 ns, Reaching safepoint: 289872 ns, At safepoint: 6433 ns, Total: 296305 ns
[2021-11-03T06:30:11.088+0000][7][safepoint    ] Safepoint "Cleanup", Time since last: 1004722960 ns, Reaching safepoint: 186462 ns, At safepoint: 8146 ns, Total: 194608 ns
[2021-11-03T06:30:12.090+0000][7][safepoint    ] Safepoint "Cleanup", Time since last: 1002460163 ns, Reaching safepoint: 203053 ns, At safepoint: 5113 ns, Total: 208166 ns
[2021-11-03T06:30:13.094+0000][7][safepoint    ] Safepoint "Cleanup", Time since last: 1003470274 ns, Reaching safepoint: 464739 ns, At safepoint: 10153 ns, Total: 474892 ns
[2021-11-03T06:30:14.097+0000][7][safepoint    ] Safepoint "Cleanup", Time since last: 1002509580 ns, Reaching safepoint: 196078 ns, At safepoint: 6593 ns, Total: 202671 ns
[2021-11-03T06:30:15.101+0000][7][safepoint    ] Safepoint "Cleanup", Time since last: 1004073964 ns, Reaching safepoint: 135429 ns, At safepoint: 4364 ns, Total: 139793 ns
[2021-11-03T06:30:16.103+0000][7][safepoint    ] Safepoint "Cleanup", Time since last: 1001667555 ns, Reaching safepoint: 118198 ns, At safepoint: 3584 ns, Total: 121782 ns
[2021-11-03T06:30:17.105+0000][7][safepoint    ] Safepoint "Cleanup", Time since last: 1002085735 ns, Reaching safepoint: 121978 ns, At safepoint: 4151 ns, Total: 126129 ns
[2021-11-03T06:30:18.108+0000][7][safepoint    ] Safepoint "Cleanup", Time since last: 1002178475 ns, Reaching safepoint: 341497 ns, At safepoint: 7460 ns, Total: 348957 ns
[2021-11-03T06:30:19.113+0000][7][safepoint    ] Safepoint "Cleanup", Time since last: 1005262840 ns, Reaching safepoint: 176766 ns, At safepoint: 5931 ns, Total: 182697 ns
[2021-11-03T06:30:20.118+0000][7][safepoint    ] Safepoint "Cleanup", Time since last: 1004305527 ns, Reaching safepoint: 176215 ns, At safepoint: 5108 ns, Total: 181323 ns
[2021-11-03T06:30:21.121+0000][7][safepoint    ] Safepoint "Cleanup", Time since last: 1002655019 ns, Reaching safepoint: 262568 ns, At safepoint: 5510 ns, Total: 268078 ns
[2021-11-03T06:30:22.123+0000][7][safepoint    ] Safepoint "Cleanup", Time since last: 1002174377 ns, Reaching safepoint: 138086 ns, At safepoint: 4587 ns, Total: 142673 ns
[2021-11-03T06:30:23.125+0000][7][safepoint    ] Safepoint "Cleanup", Time since last: 1002350568 ns, Reaching safepoint: 116278 ns, At safepoint: 3872 ns, Total: 120150 ns
[2021-11-03T06:30:24.127+0000][7][safepoint    ] Safepoint "Cleanup", Time since last: 1001921186 ns, Reaching safepoint: 123543 ns, At safepoint: 3925 ns, Total: 127468 ns
[2021-11-03T06:30:25.133+0000][7][safepoint    ] Safepoint "Cleanup", Time since last: 1005323953 ns, Reaching safepoint: 120686 ns, At safepoint: 4359 ns, Total: 125045 ns
[2021-11-03T06:30:26.138+0000][7][safepoint    ] Safepoint "Cleanup", Time since last: 1004724227 ns, Reaching safepoint: 352771 ns, At safepoint: 8049 ns, Total: 360820 ns
[2021-11-03T06:30:27.140+0000][7][safepoint    ] Safepoint "Cleanup", Time since last: 1001871443 ns, Reaching safepoint: 153983 ns, At safepoint: 4095 ns, Total: 158078 ns
[2021-11-03T06:30:28.145+0000][7][safepoint    ] Safepoint "Cleanup", Time since last: 1004258722 ns, Reaching safepoint: 305343 ns, At safepoint: 5289 ns, Total: 310632 ns
[2021-11-03T06:30:29.151+0000][7][safepoint    ] Safepoint "Cleanup", Time since last: 1006008708 ns, Reaching safepoint: 274602 ns, At safepoint: 5037 ns, Total: 279639 ns
[2021-11-03T06:30:30.154+0000][7][safepoint    ] Safepoint "Cleanup", Time since last: 1002686516 ns, Reaching safepoint: 236839 ns, At safepoint: 6659 ns, Total: 243498 ns
[2021-11-03T06:30:31.137+0000][7][safepoint    ] Safepoint "Cleanup", Time since last: 1003387462 ns, Reaching safepoint: 437490 ns, At safepoint: 12004 ns, Total: 449494 ns
[2021-11-03T06:30:32.139+0000][7][safepoint    ] Safepoint "Cleanup", Time since last: 1002320746 ns, Reaching safepoint: 165603 ns, At safepoint: 5314 ns, Total: 170917 ns
[2021-11-03T06:30:33.142+0000][7][safepoint    ] Safepoint "Cleanup", Time since last: 1002216459 ns, Reaching safepoint: 394954 ns, At safepoint: 8782 ns, Total: 403736 ns
[2021-11-03T06:30:34.144+0000][7][safepoint    ] Safepoint "Cleanup", Time since last: 1002234253 ns, Reaching safepoint: 188006 ns, At safepoint: 6101 ns, Total: 194107 ns
[2021-11-03T06:30:35.147+0000][7][safepoint    ] Safepoint "Cleanup", Time since last: 1002628820 ns, Reaching safepoint: 135787 ns, At safepoint: 4744 ns, Total: 140531 ns
[2021-11-03T06:30:36.151+0000][7][safepoint    ] Safepoint "Cleanup", Time since last: 1003590128 ns, Reaching safepoint: 137887 ns, At safepoint: 4746 ns, Total: 142633 ns
[2021-11-03T06:30:37.153+0000][7][safepoint    ] Safepoint "Cleanup", Time since last: 1002001285 ns, Reaching safepoint: 214885 ns, At safepoint: 4377 ns, Total: 219262 ns
[2021-11-03T06:30:38.158+0000][7][safepoint    ] Safepoint "Cleanup", Time since last: 1005101577 ns, Reaching safepoint: 128814 ns, At safepoint: 3850 ns, Total: 132664 ns
[2021-11-03T06:30:39.160+0000][7][safepoint    ] Safepoint "Cleanup", Time since last: 1001782748 ns, Reaching safepoint: 180345 ns, At safepoint: 5865 ns, Total: 186210 ns
[2021-11-03T06:30:40.163+0000][7][safepoint    ] Safepoint "Cleanup", Time since last: 1002795400 ns, Reaching safepoint: 179143 ns, At safepoint: 6250 ns, Total: 185393 ns
[2021-11-03T06:30:41.166+0000][7][safepoint    ] Safepoint "Cleanup", Time since last: 1002740428 ns, Reaching safepoint: 135166 ns, At safepoint: 4114 ns, Total: 139280 ns
[2021-11-03T06:30:42.168+0000][7][safepoint    ] Safepoint "Cleanup", Time since last: 1002224984 ns, Reaching safepoint: 87731 ns, At safepoint: 2530 ns, Total: 90261 ns
[2021-11-03T06:30:43.170+0000][7][safepoint    ] Safepoint "Cleanup", Time since last: 1001290691 ns, Reaching safepoint: 183596 ns, At safepoint: 5029 ns, Total: 188625 ns
[2021-11-03T06:30:44.173+0000][7][safepoint    ] Safepoint "Cleanup", Time since last: 1002653665 ns, Reaching safepoint: 281359 ns, At safepoint: 4290 ns, Total: 285649 ns
[2021-11-03T06:30:45.175+0000][7][safepoint    ] Safepoint "Cleanup", Time since last: 1001683644 ns, Reaching safepoint: 249722 ns, At safepoint: 4750 ns, Total: 254472 ns
[2021-11-03T06:30:46.176+0000][7][safepoint    ] Safepoint "Cleanup", Time since last: 1001436166 ns, Reaching safepoint: 103168 ns, At safepoint: 3327 ns, Total: 106495 ns
[2021-11-03T06:30:47.178+0000][7][safepoint    ] Safepoint "Cleanup", Time since last: 1001481887 ns, Reaching safepoint: 137434 ns, At safepoint: 3926 ns, Total: 141360 ns
[2021-11-03T06:30:48.180+0000][7][safepoint    ] Safepoint "Cleanup", Time since last: 1001943633 ns, Reaching safepoint: 147726 ns, At safepoint: 3646 ns, Total: 151372 ns
[2021-11-03T06:30:49.181+0000][7][safepoint    ] Safepoint "Cleanup", Time since last: 1001078206 ns, Reaching safepoint: 120008 ns, At safepoint: 3964 ns, Total: 123972 ns
[2021-11-03T06:30:50.183+0000][7][safepoint    ] Safepoint "Cleanup", Time since last: 1001802633 ns, Reaching safepoint: 138749 ns, At safepoint: 4417 ns, Total: 143166 ns
[2021-11-03T06:30:51.186+0000][7][safepoint    ] Safepoint "Cleanup", Time since last: 1002806214 ns, Reaching safepoint: 138758 ns, At safepoint: 5018 ns, Total: 143776 ns
[2021-11-03T06:30:52.188+0000][7][safepoint    ] Safepoint "Cleanup", Time since last: 1001681027 ns, Reaching safepoint: 140265 ns, At safepoint: 4468 ns, Total: 144733 ns
[2021-11-03T06:30:53.190+0000][7][safepoint    ] Safepoint "Cleanup", Time since last: 1001799879 ns, Reaching safepoint: 395633 ns, At safepoint: 10204 ns, Total: 405837 ns
[2021-11-03T06:30:54.194+0000][7][safepoint    ] Safepoint "Cleanup", Time since last: 1003603805 ns, Reaching safepoint: 404488 ns, At safepoint: 9487 ns, Total: 413975 ns
[2021-11-03T06:30:55.199+0000][7][safepoint    ] Safepoint "Cleanup", Time since last: 1005243357 ns, Reaching safepoint: 136875 ns, At safepoint: 4149 ns, Total: 141024 ns
[2021-11-03T06:30:56.201+0000][7][safepoint    ] Safepoint "Cleanup", Time since last: 1001736429 ns, Reaching safepoint: 119129 ns, At safepoint: 3956 ns, Total: 123085 ns
[2021-11-03T06:30:57.205+0000][7][safepoint    ] Safepoint "Cleanup", Time since last: 1003119695 ns, Reaching safepoint: 248079 ns, At safepoint: 4874 ns, Total: 252953 ns
[2021-11-03T06:30:58.207+0000][7][safepoint    ] Safepoint "Cleanup", Time since last: 1002056166 ns, Reaching safepoint: 189638 ns, At safepoint: 7052 ns, Total: 196690 ns
[2021-11-03T06:30:59.209+0000][7][safepoint    ] Safepoint "Cleanup", Time since last: 1002427490 ns, Reaching safepoint: 121796 ns, At safepoint: 4230 ns, Total: 126026 ns
[2021-11-03T06:31:00.212+0000][7][safepoint    ] Safepoint "Cleanup", Time since last: 1002672657 ns, Reaching safepoint: 181863 ns, At safepoint: 6846 ns, Total: 188709 ns
[2021-11-03T06:31:01.194+0000][7][safepoint    ] Safepoint "Cleanup", Time since last: 1003024321 ns, Reaching safepoint: 200143 ns, At safepoint: 6251 ns, Total: 206394 ns
[2021-11-03T06:31:02.197+0000][7][safepoint    ] Safepoint "Cleanup", Time since last: 1002582224 ns, Reaching safepoint: 191245 ns, At safepoint: 8020 ns, Total: 199265 ns
[2021-11-03T06:31:03.200+0000][7][safepoint    ] Safepoint "Cleanup", Time since last: 1002536149 ns, Reaching safepoint: 197309 ns, At safepoint: 5439 ns, Total: 202748 ns
[2021-11-03T06:31:04.203+0000][7][safepoint    ] Safepoint "Cleanup", Time since last: 1002659431 ns, Reaching safepoint: 133225 ns, At safepoint: 4427 ns, Total: 137652 ns
[2021-11-03T06:31:05.205+0000][7][safepoint    ] Safepoint "Cleanup", Time since last: 1002320835 ns, Reaching safepoint: 132891 ns, At safepoint: 4843 ns, Total: 137734 ns
[2021-11-03T06:31:06.208+0000][7][safepoint    ] Safepoint "Cleanup", Time since last: 1002400702 ns, Reaching safepoint: 135950 ns, At safepoint: 4240 ns, Total: 140190 ns
[2021-11-03T06:31:07.210+0000][7][safepoint    ] Safepoint "Cleanup", Time since last: 1002112408 ns, Reaching safepoint: 130703 ns, At safepoint: 4959 ns, Total: 135662 ns
[2021-11-03T06:31:08.213+0000][7][safepoint    ] Safepoint "Cleanup", Time since last: 1002580050 ns, Reaching safepoint: 234076 ns, At safepoint: 45142 ns, Total: 279218 ns
[2021-11-03T06:31:09.216+0000][7][safepoint    ] Safepoint "Cleanup", Time since last: 1002777716 ns, Reaching safepoint: 115448 ns, At safepoint: 3240 ns, Total: 118688 ns
[2021-11-03T06:31:10.218+0000][7][safepoint    ] Safepoint "Cleanup", Time since last: 1001793485 ns, Reaching safepoint: 92020 ns, At safepoint: 2479 ns, Total: 94499 ns
[2021-11-03T06:31:11.224+0000][7][safepoint    ] Safepoint "Cleanup", Time since last: 1006094776 ns, Reaching safepoint: 203228 ns, At safepoint: 6307 ns, Total: 209535 ns
[2021-11-03T06:31:12.228+0000][7][safepoint    ] Safepoint "Cleanup", Time since last: 1003402257 ns, Reaching safepoint: 417472 ns, At safepoint: 10726 ns, Total: 428198 ns
[2021-11-03T06:31:13.230+0000][7][safepoint    ] Safepoint "Cleanup", Time since last: 1002021751 ns, Reaching safepoint: 424727 ns, At safepoint: 12349 ns, Total: 437076 ns
[2021-11-03T06:31:14.233+0000][7][safepoint    ] Safepoint "Cleanup", Time since last: 1002364498 ns, Reaching safepoint: 300584 ns, At safepoint: 6181 ns, Total: 306765 ns
[2021-11-03T06:31:15.235+0000][7][safepoint    ] Safepoint "Cleanup", Time since last: 1002090388 ns, Reaching safepoint: 121499 ns, At safepoint: 3686 ns, Total: 125185 ns
[2021-11-03T06:31:16.239+0000][7][safepoint    ] Safepoint "Cleanup", Time since last: 1003725383 ns, Reaching safepoint: 128117 ns, At safepoint: 3754 ns, Total: 131871 ns
[2021-11-03T06:31:17.242+0000][7][safepoint    ] Safepoint "Cleanup", Time since last: 1002637016 ns, Reaching safepoint: 285863 ns, At safepoint: 7431 ns, Total: 293294 ns
[2021-11-03T06:31:18.243+0000][7][safepoint    ] Safepoint "Cleanup", Time since last: 1001419342 ns, Reaching safepoint: 216729 ns, At safepoint: 4112 ns, Total: 220841 ns
[2021-11-03T06:31:19.246+0000][7][safepoint    ] Safepoint "Cleanup", Time since last: 1002295579 ns, Reaching safepoint: 103500 ns, At safepoint: 3406 ns, Total: 106906 ns
[2021-11-03T06:31:20.248+0000][7][safepoint    ] Safepoint "Cleanup", Time since last: 1001616606 ns, Reaching safepoint: 104246 ns, At safepoint: 3212 ns, Total: 107458 ns
[2021-11-03T06:31:21.250+0000][7][safepoint    ] Safepoint "Cleanup", Time since last: 1002320980 ns, Reaching safepoint: 140779 ns, At safepoint: 4061 ns, Total: 144840 ns
[2021-11-03T06:31:22.253+0000][7][safepoint    ] Safepoint "Cleanup", Time since last: 1002282122 ns, Reaching safepoint: 279793 ns, At safepoint: 5996 ns, Total: 285789 ns
[2021-11-03T06:31:23.254+0000][7][safepoint    ] Safepoint "Cleanup", Time since last: 1001469816 ns, Reaching safepoint: 109149 ns, At safepoint: 2980 ns, Total: 112129 ns
[2021-11-03T06:31:24.257+0000][7][safepoint    ] Safepoint "Cleanup", Time since last: 1001985397 ns, Reaching safepoint: 441115 ns, At safepoint: 9708 ns, Total: 450823 ns
[2021-11-03T06:31:25.259+0000][7][safepoint    ] Safepoint "Cleanup", Time since last: 1001865719 ns, Reaching safepoint: 120354 ns, At safepoint: 2774 ns, Total: 123128 ns
[2021-11-03T06:31:26.261+0000][7][safepoint    ] Safepoint "Cleanup", Time since last: 1002065470 ns, Reaching safepoint: 120908 ns, At safepoint: 4151 ns, Total: 125059 ns
[2021-11-03T06:31:27.263+0000][7][safepoint    ] Safepoint "Cleanup", Time since last: 1001866914 ns, Reaching safepoint: 104680 ns, At safepoint: 3300 ns, Total: 107980 ns
[2021-11-03T06:31:28.268+0000][7][safepoint    ] Safepoint "Cleanup", Time since last: 1005524055 ns, Reaching safepoint: 180620 ns, At safepoint: 6638 ns, Total: 187258 ns
[2021-11-03T06:31:29.271+0000][7][safepoint    ] Safepoint "Cleanup", Time since last: 1002719442 ns, Reaching safepoint: 240600 ns, At safepoint: 4522 ns, Total: 245122 ns
[2021-11-03T06:31:30.275+0000][7][safepoint    ] Safepoint "Cleanup", Time since last: 1003123896 ns, Reaching safepoint: 431144 ns, At safepoint: 7203 ns, Total: 438347 ns
[2021-11-03T06:31:31.257+0000][7][safepoint    ] Safepoint "Cleanup", Time since last: 1002787348 ns, Reaching safepoint: 133571 ns, At safepoint: 4143 ns, Total: 137714 ns
[2021-11-03T06:31:32.265+0000][7][safepoint    ] Safepoint "Cleanup", Time since last: 1007535228 ns, Reaching safepoint: 282014 ns, At safepoint: 6000 ns, Total: 288014 ns
[2021-11-03T06:31:33.723+0000][7][safepoint    ] Safepoint "Cleanup", Time since last: 1458107977 ns, Reaching safepoint: 158989 ns, At safepoint: 4403 ns, Total: 163392 ns
[2021-11-03T06:31:34.725+0000][7][safepoint    ] Safepoint "Cleanup", Time since last: 1002120415 ns, Reaching safepoint: 248112 ns, At safepoint: 5351 ns, Total: 253463 ns
[2021-11-03T06:31:35.728+0000][7][safepoint    ] Safepoint "Cleanup", Time since last: 1003019573 ns, Reaching safepoint: 106788 ns, At safepoint: 3479 ns, Total: 110267 ns
[2021-11-03T06:31:36.731+0000][7][safepoint    ] Safepoint "Cleanup", Time since last: 1002257673 ns, Reaching safepoint: 120365 ns, At safepoint: 3954 ns, Total: 124319 ns
[2021-11-03T06:31:37.734+0000][7][safepoint    ] Safepoint "Cleanup", Time since last: 1003167149 ns, Reaching safepoint: 293888 ns, At safepoint: 9122 ns, Total: 303010 ns
[2021-11-03T06:31:38.737+0000][7][safepoint    ] Safepoint "Cleanup", Time since last: 1003000234 ns, Reaching safepoint: 183458 ns, At safepoint: 6328 ns, Total: 189786 ns
[2021-11-03T06:31:39.741+0000][7][safepoint    ] Safepoint "Cleanup", Time since last: 1003269582 ns, Reaching safepoint: 198884 ns, At safepoint: 7839 ns, Total: 206723 ns
[2021-11-03T06:31:40.745+0000][7][safepoint    ] Safepoint "Cleanup", Time since last: 1004003168 ns, Reaching safepoint: 525701 ns, At safepoint: 10544 ns, Total: 536245 ns
[2021-11-03T06:31:41.747+0000][7][safepoint    ] Safepoint "Cleanup", Time since last: 1001749344 ns, Reaching safepoint: 185904 ns, At safepoint: 5252 ns, Total: 191156 ns
[2021-11-03T06:31:42.750+0000][7][safepoint    ] Safepoint "Cleanup", Time since last: 1002620060 ns, Reaching safepoint: 494655 ns, At safepoint: 10083 ns, Total: 504738 ns
[2021-11-03T06:31:43.753+0000][7][safepoint    ] Safepoint "Cleanup", Time since last: 1002156963 ns, Reaching safepoint: 250659 ns, At safepoint: 6689 ns, Total: 257348 ns
[2021-11-03T06:31:44.756+0000][7][safepoint    ] Safepoint "Cleanup", Time since last: 1002809180 ns, Reaching safepoint: 280667 ns, At safepoint: 6836 ns, Total: 287503 ns
[2021-11-03T06:31:45.762+0000][7][safepoint    ] Safepoint "Cleanup", Time since last: 1005500225 ns, Reaching safepoint: 573635 ns, At safepoint: 127014 ns, Total: 700649 ns
[2021-11-03T06:31:46.768+0000][7][safepoint    ] Safepoint "Cleanup", Time since last: 1005240965 ns, Reaching safepoint: 165674 ns, At safepoint: 4565 ns, Total: 170239 ns
[2021-11-03T06:31:47.770+0000][7][safepoint    ] Safepoint "Cleanup", Time since last: 1002520895 ns, Reaching safepoint: 133610 ns, At safepoint: 4551 ns, Total: 138161 ns
[2021-11-03T06:31:48.773+0000][7][safepoint    ] Safepoint "Cleanup", Time since last: 1002447870 ns, Reaching safepoint: 104520 ns, At safepoint: 3372 ns, Total: 107892 ns
[2021-11-03T06:31:49.777+0000][7][safepoint    ] Safepoint "Cleanup", Time since last: 1004080306 ns, Reaching safepoint: 124173 ns, At safepoint: 4125 ns, Total: 128298 ns
[2021-11-03T06:31:50.781+0000][7][safepoint    ] Safepoint "Cleanup", Time since last: 1004131019 ns, Reaching safepoint: 136094 ns, At safepoint: 4673 ns, Total: 140767 ns
[2021-11-03T06:31:51.786+0000][7][safepoint    ] Safepoint "Cleanup", Time since last: 1004937328 ns, Reaching safepoint: 198909 ns, At safepoint: 6849 ns, Total: 205758 ns
[2021-11-03T06:31:52.793+0000][7][safepoint    ] Safepoint "Cleanup", Time since last: 1006104982 ns, Reaching safepoint: 133160 ns, At safepoint: 4200 ns, Total: 137360 ns
[2021-11-03T06:31:53.795+0000][7][safepoint    ] Safepoint "Cleanup", Time since last: 1002142347 ns, Reaching safepoint: 339721 ns, At safepoint: 6693 ns, Total: 346414 ns
[2021-11-03T06:31:54.798+0000][7][safepoint    ] Safepoint "Cleanup", Time since last: 1002301476 ns, Reaching safepoint: 112950 ns, At safepoint: 2712 ns, Total: 115662 ns
[2021-11-03T06:31:55.801+0000][7][safepoint    ] Safepoint "Cleanup", Time since last: 1003162989 ns, Reaching safepoint: 161890 ns, At safepoint: 4112 ns, Total: 166002 ns
[2021-11-03T06:31:56.803+0000][7][safepoint    ] Safepoint "Cleanup", Time since last: 1002179110 ns, Reaching safepoint: 246318 ns, At safepoint: 4812 ns, Total: 251130 ns
[2021-11-03T06:31:57.805+0000][7][safepoint    ] Safepoint "Cleanup", Time since last: 1001414520 ns, Reaching safepoint: 230584 ns, At safepoint: 5476 ns, Total: 236060 ns
[2021-11-03T06:31:58.809+0000][7][safepoint    ] Safepoint "Cleanup", Time since last: 1003449023 ns, Reaching safepoint: 261727 ns, At safepoint: 41615 ns, Total: 303342 ns
[2021-11-03T06:31:59.811+0000][7][safepoint    ] Safepoint "Cleanup", Time since last: 1001942726 ns, Reaching safepoint: 240194 ns, At safepoint: 5362 ns, Total: 245556 ns
[2021-11-03T06:32:00.793+0000][7][safepoint    ] Safepoint "Cleanup", Time since last: 1002426197 ns, Reaching safepoint: 349907 ns, At safepoint: 14039 ns, Total: 363946 ns
[2021-11-03T06:32:01.800+0000][7][safepoint    ] Safepoint "Cleanup", Time since last: 1006872944 ns, Reaching safepoint: 190087 ns, At safepoint: 4492 ns, Total: 194579 ns
[2021-11-03T06:32:02.803+0000][7][safepoint    ] Safepoint "Cleanup", Time since last: 1002710159 ns, Reaching safepoint: 226302 ns, At safepoint: 5438 ns, Total: 231740 ns
[2021-11-03T06:32:03.805+0000][7][safepoint    ] Safepoint "Cleanup", Time since last: 1001919102 ns, Reaching safepoint: 228847 ns, At safepoint: 6489 ns, Total: 235336 ns
[2021-11-03T06:32:04.808+0000][7][safepoint    ] Safepoint "Cleanup", Time since last: 1002666841 ns, Reaching safepoint: 219934 ns, At safepoint: 4743 ns, Total: 224677 ns
[2021-11-03T06:32:05.812+0000][7][safepoint    ] Safepoint "Cleanup", Time since last: 1004314177 ns, Reaching safepoint: 307512 ns, At safepoint: 9278 ns, Total: 316790 ns
[2021-11-03T06:32:06.818+0000][7][safepoint    ] Safepoint "Cleanup", Time since last: 1005156029 ns, Reaching safepoint: 357352 ns, At safepoint: 7314 ns, Total: 364666 ns
[2021-11-03T06:32:07.822+0000][7][safepoint    ] Safepoint "Cleanup", Time since last: 1004164314 ns, Reaching safepoint: 325102 ns, At safepoint: 8862 ns, Total: 333964 ns
[2021-11-03T06:32:08.824+0000][7][safepoint    ] Safepoint "Cleanup", Time since last: 1001522968 ns, Reaching safepoint: 320624 ns, At safepoint: 5968 ns, Total: 326592 ns
[2021-11-03T06:32:09.828+0000][7][safepoint    ] Safepoint "Cleanup", Time since last: 1003973381 ns, Reaching safepoint: 142849 ns, At safepoint: 4265 ns, Total: 147114 ns
[2021-11-03T06:32:10.832+0000][7][safepoint    ] Safepoint "Cleanup", Time since last: 1003052924 ns, Reaching safepoint: 594938 ns, At safepoint: 18368 ns, Total: 613306 ns
[2021-11-03T06:32:11.836+0000][7][safepoint    ] Safepoint "Cleanup", Time since last: 1002903940 ns, Reaching safepoint: 631980 ns, At safepoint: 8931 ns, Total: 640911 ns
[2021-11-03T06:32:12.841+0000][7][safepoint    ] Safepoint "Cleanup", Time since last: 1003962623 ns, Reaching safepoint: 987198 ns, At safepoint: 20820 ns, Total: 1008018 ns
[2021-11-03T06:32:13.848+0000][7][safepoint    ] Safepoint "Cleanup", Time since last: 1006911539 ns, Reaching safepoint: 302633 ns, At safepoint: 8288 ns, Total: 310921 ns
[2021-11-03T06:32:14.851+0000][7][safepoint    ] Safepoint "Cleanup", Time since last: 1003175682 ns, Reaching safepoint: 225956 ns, At safepoint: 4496 ns, Total: 230452 ns
[2021-11-03T06:32:15.853+0000][7][safepoint    ] Safepoint "Cleanup", Time since last: 1001961038 ns, Reaching safepoint: 161024 ns, At safepoint: 4348 ns, Total: 165372 ns
[2021-11-03T06:32:16.856+0000][7][safepoint    ] Safepoint "Cleanup", Time since last: 1002214896 ns, Reaching safepoint: 214745 ns, At safepoint: 6188 ns, Total: 220933 ns
[2021-11-03T06:32:17.859+0000][7][safepoint    ] Safepoint "Cleanup", Time since last: 1003027501 ns, Reaching safepoint: 247398 ns, At safepoint: 7245 ns, Total: 254643 ns
[2021-11-03T06:32:18.863+0000][7][safepoint    ] Safepoint "Cleanup", Time since last: 1002871058 ns, Reaching safepoint: 1228455 ns, At safepoint: 23221 ns, Total: 1251676 ns
[2021-11-03T06:32:19.866+0000][7][safepoint    ] Safepoint "Cleanup", Time since last: 1002580716 ns, Reaching safepoint: 141703 ns, At safepoint: 4556 ns, Total: 146259 ns
[2021-11-03T06:32:20.869+0000][7][safepoint    ] Safepoint "Cleanup", Time since last: 1003101084 ns, Reaching safepoint: 172640 ns, At safepoint: 3345 ns, Total: 175985 ns
[2021-11-03T06:32:21.871+0000][7][safepoint    ] Safepoint "Cleanup", Time since last: 1002165728 ns, Reaching safepoint: 111457 ns, At safepoint: 3509 ns, Total: 114966 ns
[2021-11-03T06:32:22.873+0000][7][safepoint    ] Safepoint "Cleanup", Time since last: 1001567748 ns, Reaching safepoint: 204561 ns, At safepoint: 4710 ns, Total: 209271 ns
[2021-11-03T06:32:23.875+0000][7][safepoint    ] Safepoint "Cleanup", Time since last: 1001858096 ns, Reaching safepoint: 105373 ns, At safepoint: 3271 ns, Total: 108644 ns
[2021-11-03T06:32:24.877+0000][7][safepoint    ] Safepoint "Cleanup", Time since last: 1002101210 ns, Reaching safepoint: 121633 ns, At safepoint: 3849 ns, Total: 125482 ns
[2021-11-03T06:32:25.879+0000][7][safepoint    ] Safepoint "Cleanup", Time since last: 1001689756 ns, Reaching safepoint: 123011 ns, At safepoint: 4429 ns, Total: 127440 ns
[2021-11-03T06:32:26.887+0000][7][safepoint    ] Safepoint "Cleanup", Time since last: 1007039829 ns, Reaching safepoint: 189341 ns, At safepoint: 7592 ns, Total: 196933 ns
[2021-11-03T06:32:27.892+0000][7][safepoint    ] Safepoint "Cleanup", Time since last: 1005237959 ns, Reaching safepoint: 169924 ns, At safepoint: 5905 ns, Total: 175829 ns
[2021-11-03T06:32:28.895+0000][7][safepoint    ] Safepoint "Cleanup", Time since last: 1003361813 ns, Reaching safepoint: 135082 ns, At safepoint: 4916 ns, Total: 139998 ns
[2021-11-03T06:32:29.898+0000][7][safepoint    ] Safepoint "Cleanup", Time since last: 1002354246 ns, Reaching safepoint: 209737 ns, At safepoint: 3925 ns, Total: 213662 ns
[2021-11-03T06:32:30.878+0000][7][safepoint    ] Safepoint "Cleanup", Time since last: 1001307212 ns, Reaching safepoint: 103193 ns, At safepoint: 2611 ns, Total: 105804 ns
[2021-11-03T06:32:31.880+0000][7][safepoint    ] Safepoint "Cleanup", Time since last: 1001402623 ns, Reaching safepoint: 119817 ns, At safepoint: 3753 ns, Total: 123570 ns
[2021-11-03T06:32:32.882+0000][7][safepoint    ] Safepoint "Cleanup", Time since last: 1002039511 ns, Reaching safepoint: 93548 ns, At safepoint: 3082 ns, Total: 96630 ns
[2021-11-03T06:32:33.888+0000][7][safepoint    ] Safepoint "Cleanup", Time since last: 1005910875 ns, Reaching safepoint: 357397 ns, At safepoint: 8450 ns, Total: 365847 ns
[2021-11-03T06:32:34.892+0000][7][safepoint    ] Safepoint "Cleanup", Time since last: 1003704193 ns, Reaching safepoint: 271039 ns, At safepoint: 6246 ns, Total: 277285 ns
[2021-11-03T06:32:35.894+0000][7][safepoint    ] Safepoint "Cleanup", Time since last: 1001926626 ns, Reaching safepoint: 141217 ns, At safepoint: 4233 ns, Total: 145450 ns
[2021-11-03T06:32:36.897+0000][7][safepoint    ] Safepoint "Cleanup", Time since last: 1002035286 ns, Reaching safepoint: 461672 ns, At safepoint: 11430 ns, Total: 473102 ns
[2021-11-03T06:32:37.899+0000][7][safepoint    ] Safepoint "Cleanup", Time since last: 1002406377 ns, Reaching safepoint: 154485 ns, At safepoint: 3552 ns, Total: 158037 ns
[2021-11-03T06:32:38.903+0000][7][safepoint    ] Safepoint "Cleanup", Time since last: 1003917938 ns, Reaching safepoint: 211872 ns, At safepoint: 5287 ns, Total: 217159 ns
[2021-11-03T06:32:39.906+0000][7][safepoint    ] Safepoint "Cleanup", Time since last: 1002771138 ns, Reaching safepoint: 141652 ns, At safepoint: 4637 ns, Total: 146289 ns
[2021-11-03T06:32:40.908+0000][7][safepoint    ] Safepoint "Cleanup", Time since last: 1002109388 ns, Reaching safepoint: 89898 ns, At safepoint: 3275 ns, Total: 93173 ns
[2021-11-03T06:32:41.910+0000][7][safepoint    ] Safepoint "Cleanup", Time since last: 1001729022 ns, Reaching safepoint: 139616 ns, At safepoint: 4460 ns, Total: 144076 ns
[2021-11-03T06:32:42.913+0000][7][safepoint    ] Safepoint "Cleanup", Time since last: 1002263560 ns, Reaching safepoint: 134182 ns, At safepoint: 4234 ns, Total: 138416 ns
[2021-11-03T06:32:43.915+0000][7][safepoint    ] Safepoint "Cleanup", Time since last: 1002043912 ns, Reaching safepoint: 388633 ns, At safepoint: 9394 ns, Total: 398027 ns
[2021-11-03T06:32:44.919+0000][7][safepoint    ] Safepoint "Cleanup", Time since last: 1004105301 ns, Reaching safepoint: 110466 ns, At safepoint: 2898 ns, Total: 113364 ns
[2021-11-03T06:32:45.923+0000][7][safepoint    ] Safepoint "Cleanup", Time since last: 1003596457 ns, Reaching safepoint: 137120 ns, At safepoint: 4190 ns, Total: 141310 ns
[2021-11-03T06:32:46.927+0000][7][safepoint    ] Safepoint "Cleanup", Time since last: 1004156528 ns, Reaching safepoint: 152216 ns, At safepoint: 4094 ns, Total: 156310 ns
[2021-11-03T06:32:47.930+0000][7][safepoint    ] Safepoint "Cleanup", Time since last: 1002174343 ns, Reaching safepoint: 117232 ns, At safepoint: 3721 ns, Total: 120953 ns
[2021-11-03T06:32:48.933+0000][7][safepoint    ] Safepoint "Cleanup", Time since last: 1003367430 ns, Reaching safepoint: 144815 ns, At safepoint: 3053 ns, Total: 147868 ns
[2021-11-03T06:32:49.940+0000][7][safepoint    ] Safepoint "Cleanup", Time since last: 1006321978 ns, Reaching safepoint: 255968 ns, At safepoint: 6113 ns, Total: 262081 ns
[2021-11-03T06:32:50.943+0000][7][safepoint    ] Safepoint "Cleanup", Time since last: 1002303290 ns, Reaching safepoint: 344076 ns, At safepoint: 10668 ns, Total: 354744 ns
[2021-11-03T06:32:51.947+0000][7][safepoint    ] Safepoint "Cleanup", Time since last: 1004428599 ns, Reaching safepoint: 153413 ns, At safepoint: 5093 ns, Total: 158506 ns
[2021-11-03T06:32:52.950+0000][7][safepoint    ] Safepoint "Cleanup", Time since last: 1002836279 ns, Reaching safepoint: 115647 ns, At safepoint: 3769 ns, Total: 119416 ns
[2021-11-03T06:32:53.956+0000][7][safepoint    ] Safepoint "Cleanup", Time since last: 1005746582 ns, Reaching safepoint: 209577 ns, At safepoint: 5333 ns, Total: 214910 ns
[2021-11-03T06:32:54.958+0000][7][safepoint    ] Safepoint "Cleanup", Time since last: 1002255059 ns, Reaching safepoint: 138247 ns, At safepoint: 5034 ns, Total: 143281 ns
[2021-11-03T06:32:55.962+0000][7][safepoint    ] Safepoint "Cleanup", Time since last: 1002985896 ns, Reaching safepoint: 147060 ns, At safepoint: 5448 ns, Total: 152508 ns
[2021-11-03T06:32:56.964+0000][7][safepoint    ] Safepoint "Cleanup", Time since last: 1002267524 ns, Reaching safepoint: 431646 ns, At safepoint: 11041 ns, Total: 442687 ns
[2021-11-03T06:32:57.967+0000][7][safepoint    ] Safepoint "Cleanup", Time since last: 1002892524 ns, Reaching safepoint: 140992 ns, At safepoint: 4344 ns, Total: 145336 ns
[2021-11-03T06:32:58.969+0000][7][safepoint    ] Safepoint "Cleanup", Time since last: 1001493680 ns, Reaching safepoint: 200098 ns, At safepoint: 4651 ns, Total: 204749 ns
[2021-11-03T06:32:59.976+0000][7][safepoint    ] Safepoint "Cleanup", Time since last: 1006803558 ns, Reaching safepoint: 184284 ns, At safepoint: 3694 ns, Total: 187978 ns
[2021-11-03T06:33:00.960+0000][7][safepoint    ] Safepoint "Cleanup", Time since last: 1004952571 ns, Reaching safepoint: 258721 ns, At safepoint: 5608 ns, Total: 264329 ns
[2021-11-03T06:33:01.965+0000][7][safepoint    ] Safepoint "Cleanup", Time since last: 1004838120 ns, Reaching safepoint: 253457 ns, At safepoint: 9120 ns, Total: 262577 ns
[2021-11-03T06:33:02.968+0000][7][safepoint    ] Safepoint "Cleanup", Time since last: 1002877991 ns, Reaching safepoint: 213000 ns, At safepoint: 7206 ns, Total: 220206 ns
[2021-11-03T06:33:03.971+0000][7][safepoint    ] Safepoint "Cleanup", Time since last: 1002498495 ns, Reaching safepoint: 130450 ns, At safepoint: 4450 ns, Total: 134900 ns
[2021-11-03T06:33:04.975+0000][7][safepoint    ] Safepoint "Cleanup", Time since last: 1003996896 ns, Reaching safepoint: 307284 ns, At safepoint: 5593 ns, Total: 312877 ns
[2021-11-03T06:33:05.977+0000][7][safepoint    ] Safepoint "Cleanup", Time since last: 1001444100 ns, Reaching safepoint: 344035 ns, At safepoint: 5702 ns, Total: 349737 ns
[2021-11-03T06:33:06.983+0000][7][safepoint    ] Safepoint "Cleanup", Time since last: 1005319789 ns, Reaching safepoint: 126320 ns, At safepoint: 4481 ns, Total: 130801 ns
[2021-11-03T06:33:07.985+0000][7][safepoint    ] Safepoint "Cleanup", Time since last: 1002254819 ns, Reaching safepoint: 134579 ns, At safepoint: 4341 ns, Total: 138920 ns
[2021-11-03T06:33:08.988+0000][7][safepoint    ] Safepoint "Cleanup", Time since last: 1003218066 ns, Reaching safepoint: 195638 ns, At safepoint: 9132 ns, Total: 204770 ns
[2021-11-03T06:33:09.992+0000][7][safepoint    ] Safepoint "Cleanup", Time since last: 1003409122 ns, Reaching safepoint: 196588 ns, At safepoint: 4288 ns, Total: 200876 ns
[2021-11-03T06:33:10.994+0000][7][safepoint    ] Safepoint "Cleanup", Time since last: 1001687494 ns, Reaching safepoint: 257469 ns, At safepoint: 5371 ns, Total: 262840 ns
[2021-11-03T06:33:11.996+0000][7][safepoint    ] Safepoint "Cleanup", Time since last: 1002045424 ns, Reaching safepoint: 119143 ns, At safepoint: 3787 ns, Total: 122930 ns
[2021-11-03T06:33:12.997+0000][7][safepoint    ] Safepoint "Cleanup", Time since last: 1001209139 ns, Reaching safepoint: 134595 ns, At safepoint: 4248 ns, Total: 138843 ns
[2021-11-03T06:33:13.999+0000][7][safepoint    ] Safepoint "Cleanup", Time since last: 1001723789 ns, Reaching safepoint: 133941 ns, At safepoint: 4197 ns, Total: 138138 ns
[2021-11-03T06:33:15.001+0000][7][safepoint    ] Safepoint "Cleanup", Time since last: 1001812392 ns, Reaching safepoint: 116249 ns, At safepoint: 2758 ns, Total: 119007 ns
[2021-11-03T06:33:16.003+0000][7][safepoint    ] Safepoint "Cleanup", Time since last: 1001434882 ns, Reaching safepoint: 99569 ns, At safepoint: 2668 ns, Total: 102237 ns
[2021-11-03T06:33:17.004+0000][7][safepoint    ] Safepoint "Cleanup", Time since last: 1001121467 ns, Reaching safepoint: 155142 ns, At safepoint: 3317 ns, Total: 158459 ns
[2021-11-03T06:33:18.007+0000][7][safepoint    ] Safepoint "Cleanup", Time since last: 1002616840 ns, Reaching safepoint: 228482 ns, At safepoint: 5697 ns, Total: 234179 ns
[2021-11-03T06:33:19.009+0000][7][safepoint    ] Safepoint "Cleanup", Time since last: 1002148122 ns, Reaching safepoint: 193162 ns, At safepoint: 4996 ns, Total: 198158 ns
[2021-11-03T06:33:20.165+0000][7][safepoint    ] Safepoint "Cleanup", Time since last: 1155334330 ns, Reaching safepoint: 406970 ns, At safepoint: 53855 ns, Total: 460825 ns
[2021-11-03T06:33:21.167+0000][7][safepoint    ] Safepoint "Cleanup", Time since last: 1001610022 ns, Reaching safepoint: 171565 ns, At safepoint: 5876 ns, Total: 177441 ns
[2021-11-03T06:33:22.170+0000][7][safepoint    ] Safepoint "Cleanup", Time since last: 1002854986 ns, Reaching safepoint: 247393 ns, At safepoint: 12265 ns, Total: 259658 ns
[2021-11-03T06:33:23.173+0000][7][safepoint    ] Safepoint "Cleanup", Time since last: 1002803956 ns, Reaching safepoint: 413482 ns, At safepoint: 76246 ns, Total: 489728 ns
[2021-11-03T06:33:24.175+0000][7][safepoint    ] Safepoint "Cleanup", Time since last: 1001678018 ns, Reaching safepoint: 322599 ns, At safepoint: 116612 ns, Total: 439211 ns
[2021-11-03T06:33:25.177+0000][7][safepoint    ] Safepoint "Cleanup", Time since last: 1001304865 ns, Reaching safepoint: 141698 ns, At safepoint: 111294 ns, Total: 252992 ns
[2021-11-03T06:33:26.179+0000][7][safepoint    ] Safepoint "Cleanup", Time since last: 1001616561 ns, Reaching safepoint: 278494 ns, At safepoint: 90754 ns, Total: 369248 ns
[2021-11-03T06:33:27.181+0000][7][safepoint    ] Safepoint "Cleanup", Time since last: 1002102731 ns, Reaching safepoint: 199966 ns, At safepoint: 80804 ns, Total: 280770 ns
[2021-11-03T06:33:28.184+0000][7][safepoint    ] Safepoint "Cleanup", Time since last: 1002597739 ns, Reaching safepoint: 185159 ns, At safepoint: 5817 ns, Total: 190976 ns
[2021-11-03T06:33:29.187+0000][7][safepoint    ] Safepoint "Cleanup", Time since last: 1002883612 ns, Reaching safepoint: 115448 ns, At safepoint: 3884 ns, Total: 119332 ns
[2021-11-03T06:33:30.189+0000][7][safepoint    ] Safepoint "Cleanup", Time since last: 1001994045 ns, Reaching safepoint: 133125 ns, At safepoint: 4177 ns, Total: 137302 ns
[2021-11-03T06:33:31.171+0000][7][safepoint    ] Safepoint "Cleanup", Time since last: 1002900911 ns, Reaching safepoint: 88694 ns, At safepoint: 2611 ns, Total: 91305 ns
[2021-11-03T06:33:32.172+0000][7][safepoint    ] Safepoint "Cleanup", Time since last: 1001461531 ns, Reaching safepoint: 114816 ns, At safepoint: 3725 ns, Total: 118541 ns
[2021-11-03T06:33:33.175+0000][7][safepoint    ] Safepoint "Cleanup", Time since last: 1002315970 ns, Reaching safepoint: 122148 ns, At safepoint: 4916 ns, Total: 127064 ns
[2021-11-03T06:33:34.177+0000][7][safepoint    ] Safepoint "Cleanup", Time since last: 1001505355 ns, Reaching safepoint: 229536 ns, At safepoint: 4101 ns, Total: 233637 ns
[2021-11-03T06:33:35.178+0000][7][safepoint    ] Safepoint "Cleanup", Time since last: 1001586747 ns, Reaching safepoint: 248932 ns, At safepoint: 6031 ns, Total: 254963 ns
[2021-11-03T06:33:36.180+0000][7][safepoint    ] Safepoint "Cleanup", Time since last: 1001448506 ns, Reaching safepoint: 110756 ns, At safepoint: 2230 ns, Total: 112986 ns
[2021-11-03T06:33:37.182+0000][7][safepoint    ] Safepoint "Cleanup", Time since last: 1001732820 ns, Reaching safepoint: 124606 ns, At safepoint: 3051 ns, Total: 127657 ns
[2021-11-03T06:33:38.185+0000][7][safepoint    ] Safepoint "Cleanup", Time since last: 1002947752 ns, Reaching safepoint: 113723 ns, At safepoint: 3654 ns, Total: 117377 ns
[2021-11-03T06:33:39.186+0000][7][safepoint    ] Safepoint "Cleanup", Time since last: 1001190635 ns, Reaching safepoint: 170179 ns, At safepoint: 5817 ns, Total: 175996 ns
[2021-11-03T06:33:40.190+0000][7][safepoint    ] Safepoint "Cleanup", Time since last: 1002609519 ns, Reaching safepoint: 599414 ns, At safepoint: 15601 ns, Total: 615015 ns
[2021-11-03T06:33:41.193+0000][7][safepoint    ] Safepoint "Cleanup", Time since last: 1003352464 ns, Reaching safepoint: 207072 ns, At safepoint: 4599 ns, Total: 211671 ns
[2021-11-03T06:33:42.197+0000][7][safepoint    ] Safepoint "Cleanup", Time since last: 1003707323 ns, Reaching safepoint: 124361 ns, At safepoint: 3489 ns, Total: 127850 ns
[2021-11-03T06:33:43.199+0000][7][safepoint    ] Safepoint "Cleanup", Time since last: 1001321263 ns, Reaching safepoint: 300462 ns, At safepoint: 5048 ns, Total: 305510 ns
[2021-11-03T06:33:44.201+0000][7][safepoint    ] Safepoint "Cleanup", Time since last: 1001640871 ns, Reaching safepoint: 356578 ns, At safepoint: 10237 ns, Total: 366815 ns
[2021-11-03T06:33:45.202+0000][7][safepoint    ] Safepoint "Cleanup", Time since last: 1001433009 ns, Reaching safepoint: 272776 ns, At safepoint: 5894 ns, Total: 278670 ns
[2021-11-03T06:33:46.206+0000][7][safepoint    ] Safepoint "Cleanup", Time since last: 1003425106 ns, Reaching safepoint: 218494 ns, At safepoint: 7236 ns, Total: 225730 ns
[2021-11-03T06:33:47.212+0000][7][safepoint    ] Safepoint "Cleanup", Time since last: 1006118820 ns, Reaching safepoint: 381395 ns, At safepoint: 10874 ns, Total: 392269 ns
[2021-11-03T06:33:48.215+0000][7][safepoint    ] Safepoint "Cleanup", Time since last: 1001788604 ns, Reaching safepoint: 515041 ns, At safepoint: 10489 ns, Total: 525530 ns
[2021-11-03T06:33:49.217+0000][7][safepoint    ] Safepoint "Cleanup", Time since last: 1002302599 ns, Reaching safepoint: 113075 ns, At safepoint: 2699 ns, Total: 115774 ns
[2021-11-03T06:33:50.222+0000][7][safepoint    ] Safepoint "Cleanup", Time since last: 1004871501 ns, Reaching safepoint: 217406 ns, At safepoint: 5066 ns, Total: 222472 ns
[2021-11-03T06:33:51.226+0000][7][safepoint    ] Safepoint "Cleanup", Time since last: 1002980805 ns, Reaching safepoint: 170612 ns, At safepoint: 63657 ns, Total: 234269 ns
[2021-11-03T06:33:52.227+0000][7][safepoint    ] Safepoint "Cleanup", Time since last: 1001451969 ns, Reaching safepoint: 312354 ns, At safepoint: 7239 ns, Total: 319593 ns
[2021-11-03T06:33:53.229+0000][7][safepoint    ] Safepoint "Cleanup", Time since last: 1001642780 ns, Reaching safepoint: 182180 ns, At safepoint: 4374 ns, Total: 186554 ns
[2021-11-03T06:33:54.232+0000][7][safepoint    ] Safepoint "Cleanup", Time since last: 1002578698 ns, Reaching safepoint: 294955 ns, At safepoint: 11656 ns, Total: 306611 ns
[2021-11-03T06:33:55.235+0000][7][safepoint    ] Safepoint "Cleanup", Time since last: 1002940075 ns, Reaching safepoint: 293133 ns, At safepoint: 6005 ns, Total: 299138 ns
[2021-11-03T06:33:56.242+0000][7][safepoint    ] Safepoint "Cleanup", Time since last: 1005975196 ns, Reaching safepoint: 252614 ns, At safepoint: 81927 ns, Total: 334541 ns
[2021-11-03T06:33:57.243+0000][7][safepoint    ] Safepoint "Cleanup", Time since last: 1001482918 ns, Reaching safepoint: 133383 ns, At safepoint: 4610 ns, Total: 137993 ns
[2021-11-03T06:33:58.246+0000][7][safepoint    ] Safepoint "Cleanup", Time since last: 1002387689 ns, Reaching safepoint: 127901 ns, At safepoint: 4318 ns, Total: 132219 ns
[2021-11-03T06:33:59.248+0000][7][safepoint    ] Safepoint "Cleanup", Time since last: 1002497160 ns, Reaching safepoint: 144169 ns, At safepoint: 4205 ns, Total: 148374 ns
[2021-11-03T06:34:00.250+0000][7][safepoint    ] Safepoint "Cleanup", Time since last: 1001364170 ns, Reaching safepoint: 106665 ns, At safepoint: 2967 ns, Total: 109632 ns
[2021-11-03T06:34:01.231+0000][7][safepoint    ] Safepoint "Cleanup", Time since last: 1002152680 ns, Reaching safepoint: 114911 ns, At safepoint: 3502 ns, Total: 118413 ns
[2021-11-03T06:34:02.233+0000][7][safepoint    ] Safepoint "Cleanup", Time since last: 1001311302 ns, Reaching safepoint: 225918 ns, At safepoint: 4982 ns, Total: 230900 ns
[2021-11-03T06:34:03.659+0000][7][safepoint    ] Safepoint "Cleanup", Time since last: 1426333217 ns, Reaching safepoint: 199755 ns, At safepoint: 5371 ns, Total: 205126 ns
[2021-11-03T06:34:04.663+0000][7][safepoint    ] Safepoint "Cleanup", Time since last: 1003455492 ns, Reaching safepoint: 403861 ns, At safepoint: 8011 ns, Total: 411872 ns
[2021-11-03T06:34:05.665+0000][7][safepoint    ] Safepoint "Cleanup", Time since last: 1001339519 ns, Reaching safepoint: 204706 ns, At safepoint: 3846 ns, Total: 208552 ns
[2021-11-03T06:34:06.668+0000][7][safepoint    ] Safepoint "Cleanup", Time since last: 1003474805 ns, Reaching safepoint: 126433 ns, At safepoint: 2798 ns, Total: 129231 ns
[2021-11-03T06:34:07.670+0000][7][safepoint    ] Safepoint "Cleanup", Time since last: 1001633431 ns, Reaching safepoint: 178341 ns, At safepoint: 4772 ns, Total: 183113 ns
[2021-11-03T06:34:08.672+0000][7][safepoint    ] Safepoint "Cleanup", Time since last: 1001622994 ns, Reaching safepoint: 178962 ns, At safepoint: 4624 ns, Total: 183586 ns
[2021-11-03T06:34:09.678+0000][7][safepoint    ] Safepoint "Cleanup", Time since last: 1005764142 ns, Reaching safepoint: 332599 ns, At safepoint: 6276 ns, Total: 338875 ns
[2021-11-03T06:34:10.681+0000][7][safepoint    ] Safepoint "Cleanup", Time since last: 1002736419 ns, Reaching safepoint: 246711 ns, At safepoint: 5937 ns, Total: 252648 ns
[2021-11-03T06:34:11.684+0000][7][safepoint    ] Safepoint "Cleanup", Time since last: 1002612710 ns, Reaching safepoint: 269739 ns, At safepoint: 7090 ns, Total: 276829 ns
[2021-11-03T06:34:12.687+0000][7][safepoint    ] Safepoint "Cleanup", Time since last: 1003282744 ns, Reaching safepoint: 141091 ns, At safepoint: 4804 ns, Total: 145895 ns
[2021-11-03T06:34:13.690+0000][7][safepoint    ] Safepoint "Cleanup", Time since last: 1003021207 ns, Reaching safepoint: 99578 ns, At safepoint: 2930 ns, Total: 102508 ns
[2021-11-03T06:34:14.692+0000][7][safepoint    ] Safepoint "Cleanup", Time since last: 1001296793 ns, Reaching safepoint: 126243 ns, At safepoint: 4188 ns, Total: 130431 ns
[2021-11-03T06:34:15.694+0000][7][safepoint    ] Safepoint "Cleanup", Time since last: 1002404474 ns, Reaching safepoint: 118638 ns, At safepoint: 3619 ns, Total: 122257 ns
[2021-11-03T06:34:16.697+0000][7][safepoint    ] Safepoint "Cleanup", Time since last: 1002081021 ns, Reaching safepoint: 241530 ns, At safepoint: 4916 ns, Total: 246446 ns
[2021-11-03T06:34:17.703+0000][7][safepoint    ] Safepoint "Cleanup", Time since last: 1005971131 ns, Reaching safepoint: 211518 ns, At safepoint: 7823 ns, Total: 219341 ns
[2021-11-03T06:34:18.710+0000][7][safepoint    ] Safepoint "Cleanup", Time since last: 1006408595 ns, Reaching safepoint: 278317 ns, At safepoint: 6555 ns, Total: 284872 ns
[2021-11-03T06:34:19.713+0000][7][safepoint    ] Safepoint "Cleanup", Time since last: 1003389627 ns, Reaching safepoint: 135439 ns, At safepoint: 5234 ns, Total: 140673 ns
[2021-11-03T06:34:20.715+0000][7][safepoint    ] Safepoint "Cleanup", Time since last: 1001794541 ns, Reaching safepoint: 132465 ns, At safepoint: 4336 ns, Total: 136801 ns
[2021-11-03T06:34:21.719+0000][7][safepoint    ] Safepoint "Cleanup", Time since last: 1003821977 ns, Reaching safepoint: 132781 ns, At safepoint: 4542 ns, Total: 137323 ns
[2021-11-03T06:34:22.721+0000][7][safepoint    ] Safepoint "Cleanup", Time since last: 1001745692 ns, Reaching safepoint: 131640 ns, At safepoint: 4839 ns, Total: 136479 ns
[2021-11-03T06:34:23.723+0000][7][safepoint    ] Safepoint "Cleanup", Time since last: 1002044904 ns, Reaching safepoint: 347281 ns, At safepoint: 9428 ns, Total: 356709 ns
[2021-11-03T06:34:24.726+0000][7][safepoint    ] Safepoint "Cleanup", Time since last: 1002394206 ns, Reaching safepoint: 126905 ns, At safepoint: 4514 ns, Total: 131419 ns
[2021-11-03T06:34:25.729+0000][7][safepoint    ] Safepoint "Cleanup", Time since last: 1003280458 ns, Reaching safepoint: 182107 ns, At safepoint: 6248 ns, Total: 188355 ns
[2021-11-03T06:34:26.733+0000][7][safepoint    ] Safepoint "Cleanup", Time since last: 1003342098 ns, Reaching safepoint: 185124 ns, At safepoint: 6248 ns, Total: 191372 ns
[2021-11-03T06:34:27.735+0000][7][safepoint    ] Safepoint "Cleanup", Time since last: 1002217300 ns, Reaching safepoint: 195792 ns, At safepoint: 7563 ns, Total: 203355 ns
[2021-11-03T06:34:28.739+0000][7][safepoint    ] Safepoint "Cleanup", Time since last: 1003424535 ns, Reaching safepoint: 277828 ns, At safepoint: 5411 ns, Total: 283239 ns
[2021-11-03T06:34:29.741+0000][7][safepoint    ] Safepoint "Cleanup", Time since last: 1002025784 ns, Reaching safepoint: 321484 ns, At safepoint: 5504 ns, Total: 326988 ns
[2021-11-03T06:34:30.723+0000][7][safepoint    ] Safepoint "Cleanup", Time since last: 1002755580 ns, Reaching safepoint: 135769 ns, At safepoint: 4699 ns, Total: 140468 ns
[2021-11-03T06:34:31.726+0000][7][safepoint    ] Safepoint "Cleanup", Time since last: 1003499665 ns, Reaching safepoint: 108771 ns, At safepoint: 3051 ns, Total: 111822 ns
[2021-11-03T06:34:32.728+0000][7][safepoint    ] Safepoint "Cleanup", Time since last: 1001317207 ns, Reaching safepoint: 116225 ns, At safepoint: 3650 ns, Total: 119875 ns
[2021-11-03T06:34:33.731+0000][7][safepoint    ] Safepoint "Cleanup", Time since last: 1002535511 ns, Reaching safepoint: 137666 ns, At safepoint: 4422 ns, Total: 142088 ns
[2021-11-03T06:34:34.732+0000][7][safepoint    ] Safepoint "Cleanup", Time since last: 1001584336 ns, Reaching safepoint: 216115 ns, At safepoint: 5313 ns, Total: 221428 ns
[2021-11-03T06:34:35.736+0000][7][safepoint    ] Safepoint "Cleanup", Time since last: 1003451596 ns, Reaching safepoint: 104731 ns, At safepoint: 3327 ns, Total: 108058 ns
[2021-11-03T06:34:36.738+0000][7][safepoint    ] Safepoint "Cleanup", Time since last: 1001966238 ns, Reaching safepoint: 471354 ns, At safepoint: 19784 ns, Total: 491138 ns
[2021-11-03T06:34:37.741+0000][7][safepoint    ] Safepoint "Cleanup", Time since last: 1002305006 ns, Reaching safepoint: 232723 ns, At safepoint: 5816 ns, Total: 238539 ns
[2021-11-03T06:34:38.745+0000][7][safepoint    ] Safepoint "Cleanup", Time since last: 1003930362 ns, Reaching safepoint: 103027 ns, At safepoint: 3718 ns, Total: 106745 ns
[2021-11-03T06:34:39.748+0000][7][safepoint    ] Safepoint "Cleanup", Time since last: 1002396984 ns, Reaching safepoint: 113655 ns, At safepoint: 2492 ns, Total: 116147 ns
[2021-11-03T06:34:40.749+0000][7][safepoint    ] Safepoint "Cleanup", Time since last: 1001515329 ns, Reaching safepoint: 133639 ns, At safepoint: 4706 ns, Total: 138345 ns
[2021-11-03T06:34:41.755+0000][7][safepoint    ] Safepoint "Cleanup", Time since last: 1005259970 ns, Reaching safepoint: 242290 ns, At safepoint: 6028 ns, Total: 248318 ns
[2021-11-03T06:34:42.759+0000][7][safepoint    ] Safepoint "Cleanup", Time since last: 1003779277 ns, Reaching safepoint: 309573 ns, At safepoint: 6831 ns, Total: 316404 ns
[2021-11-03T06:34:43.762+0000][7][safepoint    ] Safepoint "Cleanup", Time since last: 1002953662 ns, Reaching safepoint: 127058 ns, At safepoint: 3983 ns, Total: 131041 ns
[2021-11-03T06:34:44.765+0000][7][safepoint    ] Safepoint "Cleanup", Time since last: 1003100141 ns, Reaching safepoint: 148434 ns, At safepoint: 5030 ns, Total: 153464 ns
[2021-11-03T06:34:45.767+0000][7][safepoint    ] Safepoint "Cleanup", Time since last: 1002201907 ns, Reaching safepoint: 179065 ns, At safepoint: 5670 ns, Total: 184735 ns
[2021-11-03T06:34:46.771+0000][7][safepoint    ] Safepoint "Cleanup", Time since last: 1002916061 ns, Reaching safepoint: 133809 ns, At safepoint: 4150 ns, Total: 137959 ns
[2021-11-03T06:34:47.774+0000][7][safepoint    ] Safepoint "Cleanup", Time since last: 1003454740 ns, Reaching safepoint: 112665 ns, At safepoint: 3282 ns, Total: 115947 ns
[2021-11-03T06:34:48.776+0000][7][safepoint    ] Safepoint "Cleanup", Time since last: 1001255093 ns, Reaching safepoint: 177848 ns, At safepoint: 4595 ns, Total: 182443 ns
[2021-11-03T06:34:49.777+0000][7][safepoint    ] Safepoint "Cleanup", Time since last: 1001813178 ns, Reaching safepoint: 120608 ns, At safepoint: 3649 ns, Total: 124257 ns
[2021-11-03T06:34:50.779+0000][7][safepoint    ] Safepoint "Cleanup", Time since last: 1001641301 ns, Reaching safepoint: 275445 ns, At safepoint: 5160 ns, Total: 280605 ns
[2021-11-03T06:34:51.781+0000][7][safepoint    ] Safepoint "Cleanup", Time since last: 1001586843 ns, Reaching safepoint: 187729 ns, At safepoint: 6181 ns, Total: 193910 ns
[2021-11-03T06:34:52.785+0000][7][safepoint    ] Safepoint "Cleanup", Time since last: 1003317762 ns, Reaching safepoint: 104618 ns, At safepoint: 3313 ns, Total: 107931 ns
[2021-11-03T06:34:53.787+0000][7][safepoint    ] Safepoint "Cleanup", Time since last: 1002429457 ns, Reaching safepoint: 118459 ns, At safepoint: 4026 ns, Total: 122485 ns
[2021-11-03T06:34:54.789+0000][7][safepoint    ] Safepoint "Cleanup", Time since last: 1001629588 ns, Reaching safepoint: 150783 ns, At safepoint: 6895 ns, Total: 157678 ns
[2021-11-03T06:34:55.794+0000][7][safepoint    ] Safepoint "Cleanup", Time since last: 1005012637 ns, Reaching safepoint: 156264 ns, At safepoint: 4620 ns, Total: 160884 ns
[2021-11-03T06:34:56.797+0000][7][safepoint    ] Safepoint "Cleanup", Time since last: 1002493523 ns, Reaching safepoint: 140584 ns, At safepoint: 4142 ns, Total: 144726 ns
[2021-11-03T06:34:57.799+0000][7][safepoint    ] Safepoint "Cleanup", Time since last: 1001706259 ns, Reaching safepoint: 133755 ns, At safepoint: 4909 ns, Total: 138664 ns
[2021-11-03T06:34:58.802+0000][7][safepoint    ] Safepoint "Cleanup", Time since last: 1002982047 ns, Reaching safepoint: 148005 ns, At safepoint: 3498 ns, Total: 151503 ns
[2021-11-03T06:34:59.805+0000][7][safepoint    ] Safepoint "Cleanup", Time since last: 1003395440 ns, Reaching safepoint: 259497 ns, At safepoint: 5984 ns, Total: 265481 ns
[2021-11-03T06:35:00.787+0000][7][safepoint    ] Safepoint "Cleanup", Time since last: 1002666225 ns, Reaching safepoint: 436094 ns, At safepoint: 8506 ns, Total: 444600 ns
[2021-11-03T06:35:01.791+0000][7][safepoint    ] Safepoint "Cleanup", Time since last: 1003266179 ns, Reaching safepoint: 174818 ns, At safepoint: 7037 ns, Total: 181855 ns
[2021-11-03T06:35:02.792+0000][7][safepoint    ] Safepoint "Cleanup", Time since last: 1001445432 ns, Reaching safepoint: 103601 ns, At safepoint: 2540 ns, Total: 106141 ns
[2021-11-03T06:35:03.793+0000][7][safepoint    ] Safepoint "Cleanup", Time since last: 1000937175 ns, Reaching safepoint: 126484 ns, At safepoint: 4701 ns, Total: 131185 ns
[2021-11-03T06:35:04.795+0000][7][safepoint    ] Safepoint "Cleanup", Time since last: 1001565855 ns, Reaching safepoint: 283872 ns, At safepoint: 7621 ns, Total: 291493 ns
[2021-11-03T06:35:05.799+0000][7][safepoint    ] Safepoint "Cleanup", Time since last: 1003134172 ns, Reaching safepoint: 235226 ns, At safepoint: 3494 ns, Total: 238720 ns
[2021-11-03T06:35:06.802+0000][7][safepoint    ] Safepoint "Cleanup", Time since last: 1002788931 ns, Reaching safepoint: 207728 ns, At safepoint: 4685 ns, Total: 212413 ns
[2021-11-03T06:35:07.804+0000][7][safepoint    ] Safepoint "Cleanup", Time since last: 1002047804 ns, Reaching safepoint: 144202 ns, At safepoint: 3795 ns, Total: 147997 ns
[2021-11-03T06:35:08.805+0000][7][safepoint    ] Safepoint "Cleanup", Time since last: 1001267290 ns, Reaching safepoint: 132277 ns, At safepoint: 4336 ns, Total: 136613 ns
[2021-11-03T06:35:09.807+0000][7][safepoint    ] Safepoint "Cleanup", Time since last: 1001452315 ns, Reaching safepoint: 136635 ns, At safepoint: 4445 ns, Total: 141080 ns
[2021-11-03T06:35:10.812+0000][7][safepoint    ] Safepoint "Cleanup", Time since last: 1005197405 ns, Reaching safepoint: 239421 ns, At safepoint: 5738 ns, Total: 245159 ns
[2021-11-03T06:35:11.816+0000][7][safepoint    ] Safepoint "Cleanup", Time since last: 1003856995 ns, Reaching safepoint: 132355 ns, At safepoint: 4478 ns, Total: 136833 ns
[2021-11-03T06:35:12.820+0000][7][safepoint    ] Safepoint "Cleanup", Time since last: 1003807342 ns, Reaching safepoint: 140992 ns, At safepoint: 4028 ns, Total: 145020 ns
[2021-11-03T06:35:13.823+0000][7][safepoint    ] Safepoint "Cleanup", Time since last: 1002557227 ns, Reaching safepoint: 174032 ns, At safepoint: 5857 ns, Total: 179889 ns
[2021-11-03T06:35:14.825+0000][7][safepoint    ] Safepoint "Cleanup", Time since last: 1002323415 ns, Reaching safepoint: 134196 ns, At safepoint: 4114 ns, Total: 138310 ns
[2021-11-03T06:35:15.827+0000][7][safepoint    ] Safepoint "Cleanup", Time since last: 1001896638 ns, Reaching safepoint: 132735 ns, At safepoint: 4237 ns, Total: 136972 ns
[2021-11-03T06:35:16.829+0000][7][safepoint    ] Safepoint "Cleanup", Time since last: 1001644646 ns, Reaching safepoint: 284605 ns, At safepoint: 5784 ns, Total: 290389 ns
[2021-11-03T06:35:17.832+0000][7][safepoint    ] Safepoint "Cleanup", Time since last: 1002352324 ns, Reaching safepoint: 300545 ns, At safepoint: 8825 ns, Total: 309370 ns
[2021-11-03T06:35:18.834+0000][7][safepoint    ] Safepoint "Cleanup", Time since last: 1001569807 ns, Reaching safepoint: 190976 ns, At safepoint: 4854 ns, Total: 195830 ns
[2021-11-03T06:35:19.838+0000][7][safepoint    ] Safepoint "Cleanup", Time since last: 1003508369 ns, Reaching safepoint: 469994 ns, At safepoint: 13186 ns, Total: 483180 ns
[2021-11-03T06:35:20.844+0000][7][safepoint    ] Safepoint "Cleanup", Time since last: 1005198645 ns, Reaching safepoint: 661518 ns, At safepoint: 19194 ns, Total: 680712 ns
[2021-11-03T06:35:21.847+0000][7][safepoint    ] Safepoint "Cleanup", Time since last: 1002690760 ns, Reaching safepoint: 542126 ns, At safepoint: 17381 ns, Total: 559507 ns
[2021-11-03T06:35:22.850+0000][7][safepoint    ] Safepoint "Cleanup", Time since last: 1002972406 ns, Reaching safepoint: 388863 ns, At safepoint: 8344 ns, Total: 397207 ns
[2021-11-03T06:35:23.853+0000][7][safepoint    ] Safepoint "Cleanup", Time since last: 1002186113 ns, Reaching safepoint: 208091 ns, At safepoint: 4782 ns, Total: 212873 ns
[2021-11-03T06:35:24.858+0000][7][safepoint    ] Safepoint "Cleanup", Time since last: 1004625253 ns, Reaching safepoint: 283414 ns, At safepoint: 6508 ns, Total: 289922 ns
[2021-11-03T06:35:25.860+0000][7][safepoint    ] Safepoint "Cleanup", Time since last: 1001870413 ns, Reaching safepoint: 173152 ns, At safepoint: 4406 ns, Total: 177558 ns
[2021-11-03T06:35:26.862+0000][7][safepoint    ] Safepoint "Cleanup", Time since last: 1001733549 ns, Reaching safepoint: 121992 ns, At safepoint: 3883 ns, Total: 125875 ns
[2021-11-03T06:35:27.864+0000][7][safepoint    ] Safepoint "Cleanup", Time since last: 1002727220 ns, Reaching safepoint: 117815 ns, At safepoint: 3845 ns, Total: 121660 ns
[2021-11-03T06:35:28.867+0000][7][safepoint    ] Safepoint "Cleanup", Time since last: 1002759480 ns, Reaching safepoint: 142219 ns, At safepoint: 4679 ns, Total: 146898 ns
[2021-11-03T06:35:29.870+0000][7][safepoint    ] Safepoint "Cleanup", Time since last: 1002020524 ns, Reaching safepoint: 181874 ns, At safepoint: 7090 ns, Total: 188964 ns
[2021-11-03T06:35:30.853+0000][7][safepoint    ] Safepoint "Cleanup", Time since last: 1004146181 ns, Reaching safepoint: 158889 ns, At safepoint: 5033 ns, Total: 163922 ns
[2021-11-03T06:35:31.856+0000][7][safepoint    ] Safepoint "Cleanup", Time since last: 1002905712 ns, Reaching safepoint: 125265 ns, At safepoint: 4465 ns, Total: 129730 ns
[2021-11-03T06:35:32.862+0000][7][safepoint    ] Safepoint "Cleanup", Time since last: 1006201919 ns, Reaching safepoint: 142768 ns, At safepoint: 4308 ns, Total: 147076 ns
[2021-11-03T06:35:33.864+0000][7][safepoint    ] Safepoint "Cleanup", Time since last: 1001984428 ns, Reaching safepoint: 176698 ns, At safepoint: 8079 ns, Total: 184777 ns
[2021-11-03T06:35:34.866+0000][7][safepoint    ] Safepoint "Cleanup", Time since last: 1001415252 ns, Reaching safepoint: 158685 ns, At safepoint: 4377 ns, Total: 163062 ns
[2021-11-03T06:35:35.869+0000][7][safepoint    ] Safepoint "Cleanup", Time since last: 1003005286 ns, Reaching safepoint: 273068 ns, At safepoint: 51082 ns, Total: 324150 ns
[2021-11-03T06:35:36.872+0000][7][safepoint    ] Safepoint "Cleanup", Time since last: 1002613243 ns, Reaching safepoint: 240146 ns, At safepoint: 104163 ns, Total: 344309 ns
[2021-11-03T06:35:37.874+0000][7][safepoint    ] Safepoint "Cleanup", Time since last: 1002135514 ns, Reaching safepoint: 160693 ns, At safepoint: 5459 ns, Total: 166152 ns
[2021-11-03T06:35:38.881+0000][7][safepoint    ] Safepoint "Cleanup", Time since last: 1005833732 ns, Reaching safepoint: 294340 ns, At safepoint: 30677 ns, Total: 325017 ns
[2021-11-03T06:35:39.888+0000][7][safepoint    ] Safepoint "Cleanup", Time since last: 1006999407 ns, Reaching safepoint: 122349 ns, At safepoint: 3868 ns, Total: 126217 ns
[2021-11-03T06:35:40.890+0000][7][safepoint    ] Safepoint "Cleanup", Time since last: 1001836517 ns, Reaching safepoint: 125618 ns, At safepoint: 4102 ns, Total: 129720 ns
[2021-11-03T06:35:41.894+0000][7][safepoint    ] Safepoint "Cleanup", Time since last: 1004353889 ns, Reaching safepoint: 173285 ns, At safepoint: 6059 ns, Total: 179344 ns
[2021-11-03T06:35:42.897+0000][7][safepoint    ] Safepoint "Cleanup", Time since last: 1002836990 ns, Reaching safepoint: 171711 ns, At safepoint: 6285 ns, Total: 177996 ns
[2021-11-03T06:35:43.900+0000][7][safepoint    ] Safepoint "Cleanup", Time since last: 1002224408 ns, Reaching safepoint: 208356 ns, At safepoint: 7072 ns, Total: 215428 ns
[2021-11-03T06:35:44.904+0000][7][safepoint    ] Safepoint "Cleanup", Time since last: 1003782335 ns, Reaching safepoint: 134443 ns, At safepoint: 4207 ns, Total: 138650 ns
[2021-11-03T06:35:45.907+0000][7][safepoint    ] Safepoint "Cleanup", Time since last: 1002923514 ns, Reaching safepoint: 127133 ns, At safepoint: 4516 ns, Total: 131649 ns
[2021-11-03T06:35:46.909+0000][7][safepoint    ] Safepoint "Cleanup", Time since last: 1002448390 ns, Reaching safepoint: 112338 ns, At safepoint: 3816 ns, Total: 116154 ns
[2021-11-03T06:35:47.911+0000][7][safepoint    ] Safepoint "Cleanup", Time since last: 1001538866 ns, Reaching safepoint: 356084 ns, At safepoint: 5365 ns, Total: 361449 ns
[2021-11-03T06:35:48.913+0000][7][safepoint    ] Safepoint "Cleanup", Time since last: 1001786173 ns, Reaching safepoint: 272557 ns, At safepoint: 7221 ns, Total: 279778 ns
[2021-11-03T06:35:49.917+0000][7][safepoint    ] Safepoint "Cleanup", Time since last: 1003890720 ns, Reaching safepoint: 130310 ns, At safepoint: 4002 ns, Total: 134312 ns
[2021-11-03T06:35:50.919+0000][7][safepoint    ] Safepoint "Cleanup", Time since last: 1001490958 ns, Reaching safepoint: 313156 ns, At safepoint: 6923 ns, Total: 320079 ns
[2021-11-03T06:35:51.922+0000][7][safepoint    ] Safepoint "Cleanup", Time since last: 1002756195 ns, Reaching safepoint: 442340 ns, At safepoint: 17450 ns, Total: 459790 ns
[2021-11-03T06:35:52.927+0000][7][safepoint    ] Safepoint "Cleanup", Time since last: 1004955518 ns, Reaching safepoint: 172867 ns, At safepoint: 4538 ns, Total: 177405 ns
[2021-11-03T06:35:53.933+0000][7][safepoint    ] Safepoint "Cleanup", Time since last: 1005218728 ns, Reaching safepoint: 180056 ns, At safepoint: 4668 ns, Total: 184724 ns
[2021-11-03T06:35:54.936+0000][7][safepoint    ] Safepoint "Cleanup", Time since last: 1003578165 ns, Reaching safepoint: 156345 ns, At safepoint: 3799 ns, Total: 160144 ns
[2021-11-03T06:35:55.940+0000][7][safepoint    ] Safepoint "Cleanup", Time since last: 1003210427 ns, Reaching safepoint: 280077 ns, At safepoint: 7658 ns, Total: 287735 ns
[2021-11-03T06:35:56.942+0000][7][safepoint    ] Safepoint "Cleanup", Time since last: 1001651697 ns, Reaching safepoint: 142160 ns, At safepoint: 4450 ns, Total: 146610 ns
[2021-11-03T06:35:57.944+0000][7][safepoint    ] Safepoint "Cleanup", Time since last: 1002130888 ns, Reaching safepoint: 204383 ns, At safepoint: 5162 ns, Total: 209545 ns
[2021-11-03T06:35:58.948+0000][7][safepoint    ] Safepoint "Cleanup", Time since last: 1004024824 ns, Reaching safepoint: 218013 ns, At safepoint: 7436 ns, Total: 225449 ns
[2021-11-03T06:35:59.952+0000][7][safepoint    ] Safepoint "Cleanup", Time since last: 1002912303 ns, Reaching safepoint: 601869 ns, At safepoint: 18559 ns, Total: 620428 ns
[2021-11-03T06:36:00.934+0000][7][safepoint    ] Safepoint "Cleanup", Time since last: 1002930100 ns, Reaching safepoint: 176965 ns, At safepoint: 3980 ns, Total: 180945 ns
[2021-11-03T06:36:01.937+0000][7][safepoint    ] Safepoint "Cleanup", Time since last: 1003062824 ns, Reaching safepoint: 181383 ns, At safepoint: 5816 ns, Total: 187199 ns
[2021-11-03T06:36:02.943+0000][7][safepoint    ] Safepoint "Cleanup", Time since last: 1005096042 ns, Reaching safepoint: 236910 ns, At safepoint: 4909 ns, Total: 241819 ns
[2021-11-03T06:36:03.945+0000][7][safepoint    ] Safepoint "Cleanup", Time since last: 1001904906 ns, Reaching safepoint: 180699 ns, At safepoint: 4480 ns, Total: 185179 ns
[2021-11-03T06:36:04.946+0000][7][safepoint    ] Safepoint "Cleanup", Time since last: 1000950416 ns, Reaching safepoint: 145709 ns, At safepoint: 2806 ns, Total: 148515 ns
[2021-11-03T06:36:05.948+0000][7][safepoint    ] Safepoint "Cleanup", Time since last: 1001171500 ns, Reaching safepoint: 485466 ns, At safepoint: 10599 ns, Total: 496065 ns
[2021-11-03T06:36:06.950+0000][7][safepoint    ] Safepoint "Cleanup", Time since last: 1002232914 ns, Reaching safepoint: 287574 ns, At safepoint: 5441 ns, Total: 293015 ns
[2021-11-03T06:36:07.953+0000][7][safepoint    ] Safepoint "Cleanup", Time since last: 1002199104 ns, Reaching safepoint: 161667 ns, At safepoint: 3576 ns, Total: 165243 ns
[2021-11-03T06:36:08.961+0000][7][safepoint    ] Safepoint "Cleanup", Time since last: 1007930930 ns, Reaching safepoint: 134660 ns, At safepoint: 6317 ns, Total: 140977 ns
[2021-11-03T06:36:09.962+0000][7][safepoint    ] Safepoint "Cleanup", Time since last: 1001661139 ns, Reaching safepoint: 106056 ns, At safepoint: 2667 ns, Total: 108723 ns
[2021-11-03T06:36:10.967+0000][7][safepoint    ] Safepoint "Cleanup", Time since last: 1004497170 ns, Reaching safepoint: 105907 ns, At safepoint: 2671 ns, Total: 108578 ns
[2021-11-03T06:36:11.969+0000][7][safepoint    ] Safepoint "Cleanup", Time since last: 1001829709 ns, Reaching safepoint: 128118 ns, At safepoint: 3175 ns, Total: 131293 ns
[2021-11-03T06:36:12.971+0000][7][safepoint    ] Safepoint "Cleanup", Time since last: 1001530632 ns, Reaching safepoint: 188581 ns, At safepoint: 6175 ns, Total: 194756 ns
[2021-11-03T06:36:13.974+0000][7][safepoint    ] Safepoint "Cleanup", Time since last: 1003142030 ns, Reaching safepoint: 275800 ns, At safepoint: 8747 ns, Total: 284547 ns
[2021-11-03T06:36:14.976+0000][7][safepoint    ] Safepoint "Cleanup", Time since last: 1002099401 ns, Reaching safepoint: 198552 ns, At safepoint: 6843 ns, Total: 205395 ns
[2021-11-03T06:36:15.979+0000][7][safepoint    ] Safepoint "Cleanup", Time since last: 1002610813 ns, Reaching safepoint: 351514 ns, At safepoint: 6709 ns, Total: 358223 ns
[2021-11-03T06:36:16.985+0000][7][safepoint    ] Safepoint "Cleanup", Time since last: 1005161048 ns, Reaching safepoint: 315546 ns, At safepoint: 11690 ns, Total: 327236 ns
[2021-11-03T06:36:17.992+0000][7][safepoint    ] Safepoint "Cleanup", Time since last: 1006796553 ns, Reaching safepoint: 313512 ns, At safepoint: 7199 ns, Total: 320711 ns
[2021-11-03T06:36:18.997+0000][7][safepoint    ] Safepoint "Cleanup", Time since last: 1004922183 ns, Reaching safepoint: 396593 ns, At safepoint: 11405 ns, Total: 407998 ns
[2021-11-03T06:36:20.001+0000][7][safepoint    ] Safepoint "Cleanup", Time since last: 1002990786 ns, Reaching safepoint: 231510 ns, At safepoint: 6711 ns, Total: 238221 ns
[2021-11-03T06:36:21.003+0000][7][safepoint    ] Safepoint "Cleanup", Time since last: 1002232726 ns, Reaching safepoint: 126528 ns, At safepoint: 2673 ns, Total: 129201 ns
[2021-11-03T06:36:22.009+0000][7][safepoint    ] Safepoint "Cleanup", Time since last: 1005679368 ns, Reaching safepoint: 94374 ns, At safepoint: 2240 ns, Total: 96614 ns
[2021-11-03T06:36:23.011+0000][7][safepoint    ] Safepoint "Cleanup", Time since last: 1002581713 ns, Reaching safepoint: 86574 ns, At safepoint: 2497 ns, Total: 89071 ns
[2021-11-03T06:36:24.013+0000][7][safepoint    ] Safepoint "Cleanup", Time since last: 1001066348 ns, Reaching safepoint: 324520 ns, At safepoint: 72089 ns, Total: 396609 ns
[2021-11-03T06:36:25.015+0000][7][safepoint    ] Safepoint "Cleanup", Time since last: 1002565139 ns, Reaching safepoint: 97421 ns, At safepoint: 2542 ns, Total: 99963 ns
[2021-11-03T06:36:26.017+0000][7][safepoint    ] Safepoint "Cleanup", Time since last: 1001051625 ns, Reaching safepoint: 97256 ns, At safepoint: 2691 ns, Total: 99947 ns
[2021-11-03T06:36:27.018+0000][7][safepoint    ] Safepoint "Cleanup", Time since last: 1001018858 ns, Reaching safepoint: 265432 ns, At safepoint: 10446 ns, Total: 275878 ns
[2021-11-03T06:36:28.021+0000][7][safepoint    ] Safepoint "Cleanup", Time since last: 1002602318 ns, Reaching safepoint: 281825 ns, At safepoint: 7936 ns, Total: 289761 ns
[2021-11-03T06:36:29.023+0000][7][safepoint    ] Safepoint "Cleanup", Time since last: 1002083233 ns, Reaching safepoint: 173333 ns, At safepoint: 3048 ns, Total: 176381 ns
[2021-11-03T06:36:30.026+0000][7][safepoint    ] Safepoint "Cleanup", Time since last: 1002422680 ns, Reaching safepoint: 247495 ns, At safepoint: 6660 ns, Total: 254155 ns
[2021-11-03T06:36:31.009+0000][7][safepoint    ] Safepoint "Cleanup", Time since last: 1004884766 ns, Reaching safepoint: 231728 ns, At safepoint: 19375 ns, Total: 251103 ns
[2021-11-03T06:36:32.013+0000][7][safepoint    ] Safepoint "Cleanup", Time since last: 1003706294 ns, Reaching safepoint: 236515 ns, At safepoint: 6421 ns, Total: 242936 ns
[2021-11-03T06:36:33.016+0000][7][safepoint    ] Safepoint "Cleanup", Time since last: 1002127457 ns, Reaching safepoint: 98295 ns, At safepoint: 2115 ns, Total: 100410 ns
[2021-11-03T06:36:34.018+0000][7][safepoint    ] Safepoint "Cleanup", Time since last: 1002103389 ns, Reaching safepoint: 105138 ns, At safepoint: 2453 ns, Total: 107591 ns
[2021-11-03T06:36:35.019+0000][7][safepoint    ] Safepoint "Cleanup", Time since last: 1001430743 ns, Reaching safepoint: 191987 ns, At safepoint: 3776 ns, Total: 195763 ns
[2021-11-03T06:36:36.022+0000][7][safepoint    ] Safepoint "Cleanup", Time since last: 1002567813 ns, Reaching safepoint: 267122 ns, At safepoint: 6292 ns, Total: 273414 ns
[2021-11-03T06:36:37.027+0000][7][safepoint    ] Safepoint "Cleanup", Time since last: 1004426074 ns, Reaching safepoint: 130577 ns, At safepoint: 3977 ns, Total: 134554 ns
[2021-11-03T06:36:38.032+0000][7][safepoint    ] Safepoint "Cleanup", Time since last: 1005297796 ns, Reaching safepoint: 188364 ns, At safepoint: 7658 ns, Total: 196022 ns
[2021-11-03T06:36:39.036+0000][7][safepoint    ] Safepoint "Cleanup", Time since last: 1003802951 ns, Reaching safepoint: 236912 ns, At safepoint: 7042 ns, Total: 243954 ns
[2021-11-03T06:36:40.044+0000][7][safepoint    ] Safepoint "Cleanup", Time since last: 1007500185 ns, Reaching safepoint: 243523 ns, At safepoint: 6318 ns, Total: 249841 ns
[2021-11-03T06:36:41.048+0000][7][safepoint    ] Safepoint "Cleanup", Time since last: 1003582875 ns, Reaching safepoint: 248207 ns, At safepoint: 6591 ns, Total: 254798 ns
[2021-11-03T06:36:42.053+0000][7][safepoint    ] Safepoint "Cleanup", Time since last: 1004660823 ns, Reaching safepoint: 333079 ns, At safepoint: 11508 ns, Total: 344587 ns
[2021-11-03T06:36:43.056+0000][7][safepoint    ] Safepoint "Cleanup", Time since last: 1002815281 ns, Reaching safepoint: 175293 ns, At safepoint: 6067 ns, Total: 181360 ns
[2021-11-03T06:36:44.059+0000][7][safepoint    ] Safepoint "Cleanup", Time since last: 1002470451 ns, Reaching safepoint: 130683 ns, At safepoint: 3633 ns, Total: 134316 ns
[2021-11-03T06:36:45.066+0000][7][safepoint    ] Safepoint "Cleanup", Time since last: 1006754595 ns, Reaching safepoint: 175316 ns, At safepoint: 5869 ns, Total: 181185 ns
[2021-11-03T06:36:46.069+0000][7][safepoint    ] Safepoint "Cleanup", Time since last: 1003104630 ns, Reaching safepoint: 273815 ns, At safepoint: 6484 ns, Total: 280299 ns
[2021-11-03T06:36:47.071+0000][7][safepoint    ] Safepoint "Cleanup", Time since last: 1002147535 ns, Reaching safepoint: 102476 ns, At safepoint: 2880 ns, Total: 105356 ns
[2021-11-03T06:36:48.072+0000][7][safepoint    ] Safepoint "Cleanup", Time since last: 1000916354 ns, Reaching safepoint: 86508 ns, At safepoint: 2641 ns, Total: 89149 ns
[2021-11-03T06:36:49.073+0000][7][safepoint    ] Safepoint "Cleanup", Time since last: 1000951298 ns, Reaching safepoint: 82558 ns, At safepoint: 2075 ns, Total: 84633 ns
[2021-11-03T06:36:50.074+0000][7][safepoint    ] Safepoint "Cleanup", Time since last: 1001143845 ns, Reaching safepoint: 124371 ns, At safepoint: 3929 ns, Total: 128300 ns
[2021-11-03T06:36:51.076+0000][7][safepoint    ] Safepoint "Cleanup", Time since last: 1001486242 ns, Reaching safepoint: 180915 ns, At safepoint: 7720 ns, Total: 188635 ns
[2021-11-03T06:36:52.077+0000][7][safepoint    ] Safepoint "Cleanup", Time since last: 1001027498 ns, Reaching safepoint: 118474 ns, At safepoint: 2551 ns, Total: 121025 ns
[2021-11-03T06:36:53.078+0000][7][safepoint    ] Safepoint "Cleanup", Time since last: 1000482107 ns, Reaching safepoint: 82268 ns, At safepoint: 1910 ns, Total: 84178 ns
[2021-11-03T06:36:54.079+0000][7][safepoint    ] Safepoint "Cleanup", Time since last: 1000934326 ns, Reaching safepoint: 97913 ns, At safepoint: 2663 ns, Total: 100576 ns
[2021-11-03T06:36:55.080+0000][7][safepoint    ] Safepoint "Cleanup", Time since last: 1000798636 ns, Reaching safepoint: 131373 ns, At safepoint: 3822 ns, Total: 135195 ns
[2021-11-03T06:36:56.081+0000][7][safepoint    ] Safepoint "Cleanup", Time since last: 1000590014 ns, Reaching safepoint: 100975 ns, At safepoint: 2507 ns, Total: 103482 ns
[2021-11-03T06:36:57.082+0000][7][safepoint    ] Safepoint "Cleanup", Time since last: 1001266890 ns, Reaching safepoint: 269135 ns, At safepoint: 13214 ns, Total: 282349 ns
[2021-11-03T06:36:58.084+0000][7][safepoint    ] Safepoint "Cleanup", Time since last: 1002042894 ns, Reaching safepoint: 208064 ns, At safepoint: 4431 ns, Total: 212495 ns
[2021-11-03T06:36:59.090+0000][7][safepoint    ] Safepoint "Cleanup", Time since last: 1005208549 ns, Reaching safepoint: 331933 ns, At safepoint: 7332 ns, Total: 339265 ns
[2021-11-03T06:37:00.092+0000][7][safepoint    ] Safepoint "Cleanup", Time since last: 1002375002 ns, Reaching safepoint: 230902 ns, At safepoint: 5213 ns, Total: 236115 ns
[2021-11-03T06:37:01.073+0000][7][safepoint    ] Safepoint "Cleanup", Time since last: 1001429531 ns, Reaching safepoint: 128593 ns, At safepoint: 20611 ns, Total: 149204 ns
[2021-11-03T06:37:02.076+0000][7][safepoint    ] Safepoint "Cleanup", Time since last: 1002942138 ns, Reaching safepoint: 431816 ns, At safepoint: 7708 ns, Total: 439524 ns
[2021-11-03T06:37:03.590+0000][7][safepoint    ] Safepoint "Cleanup", Time since last: 1513486189 ns, Reaching safepoint: 173136 ns, At safepoint: 3034 ns, Total: 176170 ns
[2021-11-03T06:37:04.592+0000][7][safepoint    ] Safepoint "Cleanup", Time since last: 1001464316 ns, Reaching safepoint: 442994 ns, At safepoint: 80497 ns, Total: 523491 ns
[2021-11-03T06:37:05.595+0000][7][safepoint    ] Safepoint "Cleanup", Time since last: 1002845184 ns, Reaching safepoint: 182987 ns, At safepoint: 4179 ns, Total: 187166 ns
[2021-11-03T06:37:06.597+0000][7][safepoint    ] Safepoint "Cleanup", Time since last: 1001678448 ns, Reaching safepoint: 145305 ns, At safepoint: 4158 ns, Total: 149463 ns
[2021-11-03T06:37:07.601+0000][7][safepoint    ] Safepoint "Cleanup", Time since last: 1003450272 ns, Reaching safepoint: 131682 ns, At safepoint: 3549 ns, Total: 135231 ns
[2021-11-03T06:37:08.603+0000][7][safepoint    ] Safepoint "Cleanup", Time since last: 1002798333 ns, Reaching safepoint: 171116 ns, At safepoint: 3856 ns, Total: 174972 ns
[2021-11-03T06:37:09.608+0000][7][safepoint    ] Safepoint "Cleanup", Time since last: 1004775642 ns, Reaching safepoint: 143160 ns, At safepoint: 5209 ns, Total: 148369 ns
[2021-11-03T06:37:10.611+0000][7][safepoint    ] Safepoint "Cleanup", Time since last: 1002617662 ns, Reaching safepoint: 392331 ns, At safepoint: 26217 ns, Total: 418548 ns
[2021-11-03T06:37:11.618+0000][7][safepoint    ] Safepoint "Cleanup", Time since last: 1006452113 ns, Reaching safepoint: 129645 ns, At safepoint: 3938 ns, Total: 133583 ns
[2021-11-03T06:37:12.620+0000][7][safepoint    ] Safepoint "Cleanup", Time since last: 1001784969 ns, Reaching safepoint: 171564 ns, At safepoint: 6209 ns, Total: 177773 ns
[2021-11-03T06:37:13.622+0000][7][safepoint    ] Safepoint "Cleanup", Time since last: 1002099624 ns, Reaching safepoint: 184172 ns, At safepoint: 6202 ns, Total: 190374 ns
[2021-11-03T06:37:14.626+0000][7][safepoint    ] Safepoint "Cleanup", Time since last: 1003093838 ns, Reaching safepoint: 133625 ns, At safepoint: 3304 ns, Total: 136929 ns
[2021-11-03T06:37:15.628+0000][7][safepoint    ] Safepoint "Cleanup", Time since last: 1002317237 ns, Reaching safepoint: 171971 ns, At safepoint: 5770 ns, Total: 177741 ns
[2021-11-03T06:37:16.634+0000][7][safepoint    ] Safepoint "Cleanup", Time since last: 1006141126 ns, Reaching safepoint: 177185 ns, At safepoint: 6081 ns, Total: 183266 ns
[2021-11-03T06:37:17.639+0000][7][safepoint    ] Safepoint "Cleanup", Time since last: 1004103702 ns, Reaching safepoint: 177582 ns, At safepoint: 5954 ns, Total: 183536 ns
[2021-11-03T06:37:18.642+0000][7][safepoint    ] Safepoint "Cleanup", Time since last: 1003487570 ns, Reaching safepoint: 175390 ns, At safepoint: 6349 ns, Total: 181739 ns
[2021-11-03T06:37:19.645+0000][7][safepoint    ] Safepoint "Cleanup", Time since last: 1002201516 ns, Reaching safepoint: 392588 ns, At safepoint: 6775 ns, Total: 399363 ns
[2021-11-03T06:37:20.652+0000][7][safepoint    ] Safepoint "Cleanup", Time since last: 1006855166 ns, Reaching safepoint: 323038 ns, At safepoint: 12013 ns, Total: 335051 ns
[2021-11-03T06:37:21.654+0000][7][safepoint    ] Safepoint "Cleanup", Time since last: 1001792397 ns, Reaching safepoint: 256437 ns, At safepoint: 5865 ns, Total: 262302 ns
[2021-11-03T06:37:22.659+0000][7][safepoint    ] Safepoint "Cleanup", Time since last: 1004940387 ns, Reaching safepoint: 184036 ns, At safepoint: 6395 ns, Total: 190431 ns
[2021-11-03T06:37:23.662+0000][7][safepoint    ] Safepoint "Cleanup", Time since last: 1002827901 ns, Reaching safepoint: 179547 ns, At safepoint: 6191 ns, Total: 185738 ns
[2021-11-03T06:37:24.666+0000][7][safepoint    ] Safepoint "Cleanup", Time since last: 1002890303 ns, Reaching safepoint: 408691 ns, At safepoint: 7987 ns, Total: 416678 ns
[2021-11-03T06:37:25.668+0000][7][safepoint    ] Safepoint "Cleanup", Time since last: 1002401937 ns, Reaching safepoint: 188634 ns, At safepoint: 5269 ns, Total: 193903 ns
[2021-11-03T06:37:26.672+0000][7][safepoint    ] Safepoint "Cleanup", Time since last: 1003340463 ns, Reaching safepoint: 368952 ns, At safepoint: 12499 ns, Total: 381451 ns
[2021-11-03T06:37:27.678+0000][7][safepoint    ] Safepoint "Cleanup", Time since last: 1005673121 ns, Reaching safepoint: 432040 ns, At safepoint: 9230 ns, Total: 441270 ns
[2021-11-03T06:37:28.683+0000][7][safepoint    ] Safepoint "Cleanup", Time since last: 1004593769 ns, Reaching safepoint: 205360 ns, At safepoint: 3771 ns, Total: 209131 ns
[2021-11-03T06:37:29.687+0000][7][safepoint    ] Safepoint "Cleanup", Time since last: 1003808908 ns, Reaching safepoint: 336951 ns, At safepoint: 5704 ns, Total: 342655 ns
[2021-11-03T06:37:30.672+0000][7][safepoint    ] Safepoint "Cleanup", Time since last: 1006234402 ns, Reaching safepoint: 193750 ns, At safepoint: 5414 ns, Total: 199164 ns
[2021-11-03T06:37:31.676+0000][7][safepoint    ] Safepoint "Cleanup", Time since last: 1003135653 ns, Reaching safepoint: 463604 ns, At safepoint: 13932 ns, Total: 477536 ns
[2021-11-03T06:37:32.679+0000][7][safepoint    ] Safepoint "Cleanup", Time since last: 1003395689 ns, Reaching safepoint: 193733 ns, At safepoint: 6333 ns, Total: 200066 ns
[2021-11-03T06:37:33.682+0000][7][safepoint    ] Safepoint "Cleanup", Time since last: 1002683870 ns, Reaching safepoint: 178077 ns, At safepoint: 5968 ns, Total: 184045 ns
[2021-11-03T06:37:34.685+0000][7][safepoint    ] Safepoint "Cleanup", Time since last: 1002454752 ns, Reaching safepoint: 163700 ns, At safepoint: 4222 ns, Total: 167922 ns
[2021-11-03T06:37:35.687+0000][7][safepoint    ] Safepoint "Cleanup", Time since last: 1001573904 ns, Reaching safepoint: 191754 ns, At safepoint: 6237 ns, Total: 197991 ns
[2021-11-03T06:37:36.690+0000][7][safepoint    ] Safepoint "Cleanup", Time since last: 1003238643 ns, Reaching safepoint: 104057 ns, At safepoint: 3153 ns, Total: 107210 ns
[2021-11-03T06:37:37.692+0000][7][safepoint    ] Safepoint "Cleanup", Time since last: 1001524105 ns, Reaching safepoint: 136018 ns, At safepoint: 4033 ns, Total: 140051 ns
[2021-11-03T06:37:38.694+0000][7][safepoint    ] Safepoint "Cleanup", Time since last: 1001871602 ns, Reaching safepoint: 208862 ns, At safepoint: 7070 ns, Total: 215932 ns
[2021-11-03T06:37:39.697+0000][7][safepoint    ] Safepoint "Cleanup", Time since last: 1002827131 ns, Reaching safepoint: 187403 ns, At safepoint: 7123 ns, Total: 194526 ns
[2021-11-03T06:37:40.700+0000][7][safepoint    ] Safepoint "Cleanup", Time since last: 1002518843 ns, Reaching safepoint: 477961 ns, At safepoint: 8661 ns, Total: 486622 ns
[2021-11-03T06:37:41.703+0000][7][safepoint    ] Safepoint "Cleanup", Time since last: 1002700050 ns, Reaching safepoint: 215675 ns, At safepoint: 6218 ns, Total: 221893 ns
[2021-11-03T06:37:42.704+0000][7][safepoint    ] Safepoint "Cleanup", Time since last: 1001648565 ns, Reaching safepoint: 185136 ns, At safepoint: 3036 ns, Total: 188172 ns
[2021-11-03T06:37:43.707+0000][7][safepoint    ] Safepoint "Cleanup", Time since last: 1002091262 ns, Reaching safepoint: 180327 ns, At safepoint: 6859 ns, Total: 187186 ns
[2021-11-03T06:37:44.714+0000][7][safepoint    ] Safepoint "Cleanup", Time since last: 1006895096 ns, Reaching safepoint: 461215 ns, At safepoint: 4916 ns, Total: 466131 ns
[2021-11-03T06:37:45.720+0000][7][safepoint    ] Safepoint "Cleanup", Time since last: 1005172564 ns, Reaching safepoint: 304807 ns, At safepoint: 12541 ns, Total: 317348 ns
[2021-11-03T06:37:46.721+0000][7][safepoint    ] Safepoint "Cleanup", Time since last: 1001446963 ns, Reaching safepoint: 105472 ns, At safepoint: 3160 ns, Total: 108632 ns
[2021-11-03T06:37:47.725+0000][7][safepoint    ] Safepoint "Cleanup", Time since last: 1003416003 ns, Reaching safepoint: 179993 ns, At safepoint: 6516 ns, Total: 186509 ns
[2021-11-03T06:37:48.730+0000][7][safepoint    ] Safepoint "Cleanup", Time since last: 1004649869 ns, Reaching safepoint: 423517 ns, At safepoint: 9168 ns, Total: 432685 ns
[2021-11-03T06:37:49.732+0000][7][safepoint    ] Safepoint "Cleanup", Time since last: 1002230193 ns, Reaching safepoint: 134044 ns, At safepoint: 4721 ns, Total: 138765 ns
[2021-11-03T06:37:50.736+0000][7][safepoint    ] Safepoint "Cleanup", Time since last: 1003669543 ns, Reaching safepoint: 186481 ns, At safepoint: 6456 ns, Total: 192937 ns
[2021-11-03T06:37:51.739+0000][7][safepoint    ] Safepoint "Cleanup", Time since last: 1002575849 ns, Reaching safepoint: 404970 ns, At safepoint: 9349 ns, Total: 414319 ns
[2021-11-03T06:37:52.743+0000][7][safepoint    ] Safepoint "Cleanup", Time since last: 1003804090 ns, Reaching safepoint: 176582 ns, At safepoint: 6877 ns, Total: 183459 ns
[2021-11-03T06:37:53.747+0000][7][safepoint    ] Safepoint "Cleanup", Time since last: 1003310619 ns, Reaching safepoint: 280754 ns, At safepoint: 6804 ns, Total: 287558 ns
[2021-11-03T06:37:54.749+0000][7][safepoint    ] Safepoint "Cleanup", Time since last: 1002019288 ns, Reaching safepoint: 240118 ns, At safepoint: 7997 ns, Total: 248115 ns
[2021-11-03T06:37:55.753+0000][7][safepoint    ] Safepoint "Cleanup", Time since last: 1003813782 ns, Reaching safepoint: 177065 ns, At safepoint: 6260 ns, Total: 183325 ns
[2021-11-03T06:37:56.755+0000][7][safepoint    ] Safepoint "Cleanup", Time since last: 1002249796 ns, Reaching safepoint: 133040 ns, At safepoint: 4611 ns, Total: 137651 ns
[2021-11-03T06:37:57.759+0000][7][safepoint    ] Safepoint "Cleanup", Time since last: 1003354594 ns, Reaching safepoint: 175357 ns, At safepoint: 6425 ns, Total: 181782 ns
[2021-11-03T06:37:58.764+0000][7][safepoint    ] Safepoint "Cleanup", Time since last: 1004301922 ns, Reaching safepoint: 236929 ns, At safepoint: 7050 ns, Total: 243979 ns
[2021-11-03T06:37:59.768+0000][7][safepoint    ] Safepoint "Cleanup", Time since last: 1004224394 ns, Reaching safepoint: 220938 ns, At safepoint: 7395 ns, Total: 228333 ns
[2021-11-03T06:38:00.751+0000][7][safepoint    ] Safepoint "Cleanup", Time since last: 1004151656 ns, Reaching safepoint: 116942 ns, At safepoint: 3153 ns, Total: 120095 ns
[2021-11-03T06:38:01.756+0000][7][safepoint    ] Safepoint "Cleanup", Time since last: 1004180860 ns, Reaching safepoint: 359998 ns, At safepoint: 6566 ns, Total: 366564 ns
[2021-11-03T06:38:02.758+0000][7][safepoint    ] Safepoint "Cleanup", Time since last: 1002218969 ns, Reaching safepoint: 98271 ns, At safepoint: 2407 ns, Total: 100678 ns
[2021-11-03T06:38:03.759+0000][7][safepoint    ] Safepoint "Cleanup", Time since last: 1001394083 ns, Reaching safepoint: 144406 ns, At safepoint: 3823 ns, Total: 148229 ns
[2021-11-03T06:38:04.762+0000][7][safepoint    ] Safepoint "Cleanup", Time since last: 1002594922 ns, Reaching safepoint: 187518 ns, At safepoint: 45729 ns, Total: 233247 ns
[2021-11-03T06:38:05.767+0000][7][safepoint    ] Safepoint "Cleanup", Time since last: 1003808863 ns, Reaching safepoint: 638824 ns, At safepoint: 18765 ns, Total: 657589 ns
[2021-11-03T06:38:06.771+0000][7][safepoint    ] Safepoint "Cleanup", Time since last: 1003695065 ns, Reaching safepoint: 572296 ns, At safepoint: 20283 ns, Total: 592579 ns
[2021-11-03T06:38:07.773+0000][7][safepoint    ] Safepoint "Cleanup", Time since last: 1001927282 ns, Reaching safepoint: 235295 ns, At safepoint: 4178 ns, Total: 239473 ns
[2021-11-03T06:38:08.787+0000][7][safepoint    ] Safepoint "Cleanup", Time since last: 1013166114 ns, Reaching safepoint: 178607 ns, At safepoint: 3209 ns, Total: 181816 ns
[2021-11-03T06:38:09.821+0000][7][safepoint    ] Safepoint "Cleanup", Time since last: 1034051139 ns, Reaching safepoint: 329487 ns, At safepoint: 7756 ns, Total: 337243 ns
[2021-11-03T06:38:10.823+0000][7][safepoint    ] Safepoint "Cleanup", Time since last: 1002232354 ns, Reaching safepoint: 180707 ns, At safepoint: 4357 ns, Total: 185064 ns
[2021-11-03T06:38:11.824+0000][7][safepoint    ] Safepoint "Cleanup", Time since last: 1000719400 ns, Reaching safepoint: 252537 ns, At safepoint: 3568 ns, Total: 256105 ns
[2021-11-03T06:38:12.825+0000][7][safepoint    ] Safepoint "Cleanup", Time since last: 1000722872 ns, Reaching safepoint: 179867 ns, At safepoint: 2827 ns, Total: 182694 ns
[2021-11-03T06:38:13.826+0000][7][safepoint    ] Safepoint "Cleanup", Time since last: 1000567809 ns, Reaching safepoint: 456459 ns, At safepoint: 7356 ns, Total: 463815 ns
[2021-11-03T06:38:14.828+0000][7][safepoint    ] Safepoint "Cleanup", Time since last: 1000873502 ns, Reaching safepoint: 378166 ns, At safepoint: 5669 ns, Total: 383835 ns
[2021-11-03T06:38:15.831+0000][7][safepoint    ] Safepoint "Cleanup", Time since last: 1003013680 ns, Reaching safepoint: 255730 ns, At safepoint: 8310 ns, Total: 264040 ns
[2021-11-03T06:38:16.834+0000][7][safepoint    ] Safepoint "Cleanup", Time since last: 1002021188 ns, Reaching safepoint: 849830 ns, At safepoint: 9990 ns, Total: 859820 ns
[2021-11-03T06:38:17.835+0000][7][safepoint    ] Safepoint "Cleanup", Time since last: 1001423396 ns, Reaching safepoint: 93322 ns, At safepoint: 2427 ns, Total: 95749 ns
[2021-11-03T06:38:18.838+0000][7][safepoint    ] Safepoint "Cleanup", Time since last: 1002425261 ns, Reaching safepoint: 387597 ns, At safepoint: 7137 ns, Total: 394734 ns
[2021-11-03T06:38:19.842+0000][7][safepoint    ] Safepoint "Cleanup", Time since last: 1003401402 ns, Reaching safepoint: 131289 ns, At safepoint: 4349 ns, Total: 135638 ns
[2021-11-03T06:38:20.844+0000][7][safepoint    ] Safepoint "Cleanup", Time since last: 1002220859 ns, Reaching safepoint: 222014 ns, At safepoint: 7622 ns, Total: 229636 ns
[2021-11-03T06:38:21.847+0000][7][safepoint    ] Safepoint "Cleanup", Time since last: 1002752099 ns, Reaching safepoint: 187163 ns, At safepoint: 4455 ns, Total: 191618 ns
[2021-11-03T06:38:22.851+0000][7][safepoint    ] Safepoint "Cleanup", Time since last: 1004025706 ns, Reaching safepoint: 177586 ns, At safepoint: 7070 ns, Total: 184656 ns
[2021-11-03T06:38:23.857+0000][7][safepoint    ] Safepoint "Cleanup", Time since last: 1005815724 ns, Reaching safepoint: 178503 ns, At safepoint: 6197 ns, Total: 184700 ns
[2021-11-03T06:38:24.860+0000][7][safepoint    ] Safepoint "Cleanup", Time since last: 1002608518 ns, Reaching safepoint: 178689 ns, At safepoint: 6274 ns, Total: 184963 ns
[2021-11-03T06:38:25.863+0000][7][safepoint    ] Safepoint "Cleanup", Time since last: 1002549330 ns, Reaching safepoint: 161319 ns, At safepoint: 4545 ns, Total: 165864 ns
[2021-11-03T06:38:26.867+0000][7][safepoint    ] Safepoint "Cleanup", Time since last: 1003823125 ns, Reaching safepoint: 102219 ns, At safepoint: 2545 ns, Total: 104764 ns
[2021-11-03T06:38:27.868+0000][7][safepoint    ] Safepoint "Cleanup", Time since last: 1001373887 ns, Reaching safepoint: 91597 ns, At safepoint: 2580 ns, Total: 94177 ns
[2021-11-03T06:38:28.871+0000][7][safepoint    ] Safepoint "Cleanup", Time since last: 1002598191 ns, Reaching safepoint: 178327 ns, At safepoint: 6321 ns, Total: 184648 ns
[2021-11-03T06:38:29.874+0000][7][safepoint    ] Safepoint "Cleanup", Time since last: 1003318102 ns, Reaching safepoint: 302140 ns, At safepoint: 8552 ns, Total: 310692 ns
[2021-11-03T06:38:30.852+0000][7][safepoint    ] Safepoint "Cleanup", Time since last: 1006198427 ns, Reaching safepoint: 269411 ns, At safepoint: 8456 ns, Total: 277867 ns
[2021-11-03T06:38:31.857+0000][7][safepoint    ] Safepoint "Cleanup", Time since last: 1004878948 ns, Reaching safepoint: 158489 ns, At safepoint: 3727 ns, Total: 162216 ns
[2021-11-03T06:38:32.859+0000][7][safepoint    ] Safepoint "Cleanup", Time since last: 1002068746 ns, Reaching safepoint: 193459 ns, At safepoint: 5445 ns, Total: 198904 ns
[2021-11-03T06:38:33.861+0000][7][safepoint    ] Safepoint "Cleanup", Time since last: 1001634557 ns, Reaching safepoint: 220702 ns, At safepoint: 6248 ns, Total: 226950 ns
[2021-11-03T06:38:34.863+0000][7][safepoint    ] Safepoint "Cleanup", Time since last: 1002385280 ns, Reaching safepoint: 108757 ns, At safepoint: 3405 ns, Total: 112162 ns
[2021-11-03T06:38:35.871+0000][7][safepoint    ] Safepoint "Cleanup", Time since last: 1008199130 ns, Reaching safepoint: 109769 ns, At safepoint: 2087 ns, Total: 111856 ns
[2021-11-03T06:38:36.873+0000][7][safepoint    ] Safepoint "Cleanup", Time since last: 1001613538 ns, Reaching safepoint: 122943 ns, At safepoint: 3271 ns, Total: 126214 ns
[2021-11-03T06:38:37.877+0000][7][safepoint    ] Safepoint "Cleanup", Time since last: 1003713869 ns, Reaching safepoint: 111697 ns, At safepoint: 2425 ns, Total: 114122 ns
[2021-11-03T06:38:38.880+0000][7][safepoint    ] Safepoint "Cleanup", Time since last: 1002450057 ns, Reaching safepoint: 104410 ns, At safepoint: 2706 ns, Total: 107116 ns
[2021-11-03T06:38:39.881+0000][7][safepoint    ] Safepoint "Cleanup", Time since last: 1001643379 ns, Reaching safepoint: 224107 ns, At safepoint: 5416 ns, Total: 229523 ns
[2021-11-03T06:38:40.885+0000][7][safepoint    ] Safepoint "Cleanup", Time since last: 1003291796 ns, Reaching safepoint: 242852 ns, At safepoint: 5215 ns, Total: 248067 ns
[2021-11-03T06:38:41.890+0000][7][safepoint    ] Safepoint "Cleanup", Time since last: 1004681587 ns, Reaching safepoint: 217012 ns, At safepoint: 4945 ns, Total: 221957 ns
[2021-11-03T06:38:42.891+0000][7][safepoint    ] Safepoint "Cleanup", Time since last: 1001223153 ns, Reaching safepoint: 221445 ns, At safepoint: 4777 ns, Total: 226222 ns
[2021-11-03T06:38:43.893+0000][7][safepoint    ] Safepoint "Cleanup", Time since last: 1001923404 ns, Reaching safepoint: 229251 ns, At safepoint: 8923 ns, Total: 238174 ns
[2021-11-03T06:38:44.895+0000][7][safepoint    ] Safepoint "Cleanup", Time since last: 1001639003 ns, Reaching safepoint: 343250 ns, At safepoint: 10560 ns, Total: 353810 ns
[2021-11-03T06:38:45.899+0000][7][safepoint    ] Safepoint "Cleanup", Time since last: 1003003375 ns, Reaching safepoint: 134872 ns, At safepoint: 2694 ns, Total: 137566 ns
[2021-11-03T06:38:46.900+0000][7][safepoint    ] Safepoint "Cleanup", Time since last: 1001066764 ns, Reaching safepoint: 158812 ns, At safepoint: 2932 ns, Total: 161744 ns
[2021-11-03T06:38:47.904+0000][7][safepoint    ] Safepoint "Cleanup", Time since last: 1003595318 ns, Reaching safepoint: 407694 ns, At safepoint: 9560 ns, Total: 417254 ns
[2021-11-03T06:38:48.910+0000][7][safepoint    ] Safepoint "Cleanup", Time since last: 1005783410 ns, Reaching safepoint: 374720 ns, At safepoint: 8808 ns, Total: 383528 ns
[2021-11-03T06:38:49.914+0000][7][safepoint    ] Safepoint "Cleanup", Time since last: 1003578325 ns, Reaching safepoint: 231260 ns, At safepoint: 7311 ns, Total: 238571 ns
[2021-11-03T06:38:50.916+0000][7][safepoint    ] Safepoint "Cleanup", Time since last: 1002186574 ns, Reaching safepoint: 410986 ns, At safepoint: 9840 ns, Total: 420826 ns
[2021-11-03T06:38:51.924+0000][7][safepoint    ] Safepoint "Cleanup", Time since last: 1007730381 ns, Reaching safepoint: 216864 ns, At safepoint: 6536 ns, Total: 223400 ns
[2021-11-03T06:38:52.928+0000][7][safepoint    ] Safepoint "Cleanup", Time since last: 1002990791 ns, Reaching safepoint: 663991 ns, At safepoint: 12181 ns, Total: 676172 ns
[2021-11-03T06:38:53.931+0000][7][safepoint    ] Safepoint "Cleanup", Time since last: 1002321592 ns, Reaching safepoint: 213107 ns, At safepoint: 7940 ns, Total: 221047 ns
[2021-11-03T06:38:54.933+0000][7][safepoint    ] Safepoint "Cleanup", Time since last: 1002530931 ns, Reaching safepoint: 219058 ns, At safepoint: 6347 ns, Total: 225405 ns
[2021-11-03T06:38:55.936+0000][7][safepoint    ] Safepoint "Cleanup", Time since last: 1002210193 ns, Reaching safepoint: 175587 ns, At safepoint: 6616 ns, Total: 182203 ns
[2021-11-03T06:38:56.939+0000][7][safepoint    ] Safepoint "Cleanup", Time since last: 1003115481 ns, Reaching safepoint: 123100 ns, At safepoint: 3932 ns, Total: 127032 ns
[2021-11-03T06:38:57.941+0000][7][safepoint    ] Safepoint "Cleanup", Time since last: 1002291631 ns, Reaching safepoint: 114446 ns, At safepoint: 3292 ns, Total: 117738 ns
[2021-11-03T06:38:58.946+0000][7][safepoint    ] Safepoint "Cleanup", Time since last: 1004682753 ns, Reaching safepoint: 236702 ns, At safepoint: 7263 ns, Total: 243965 ns
[2021-11-03T06:38:59.952+0000][7][safepoint    ] Safepoint "Cleanup", Time since last: 1005638031 ns, Reaching safepoint: 177492 ns, At safepoint: 75274 ns, Total: 252766 ns
[2021-11-03T06:39:00.942+0000][7][safepoint    ] Safepoint "Cleanup", Time since last: 1002065396 ns, Reaching safepoint: 293222 ns, At safepoint: 12435 ns, Total: 305657 ns
[2021-11-03T06:39:01.949+0000][7][safepoint    ] Safepoint "Cleanup", Time since last: 1006936379 ns, Reaching safepoint: 178984 ns, At safepoint: 70564 ns, Total: 249548 ns
[2021-11-03T06:39:02.954+0000][7][safepoint    ] Safepoint "Cleanup", Time since last: 1004843525 ns, Reaching safepoint: 121715 ns, At safepoint: 110380 ns, Total: 232095 ns
[2021-11-03T06:39:03.958+0000][7][safepoint    ] Safepoint "Cleanup", Time since last: 1002948595 ns, Reaching safepoint: 829634 ns, At safepoint: 12944 ns, Total: 842578 ns
[2021-11-03T06:39:04.960+0000][7][safepoint    ] Safepoint "Cleanup", Time since last: 1002222328 ns, Reaching safepoint: 269500 ns, At safepoint: 15117 ns, Total: 284617 ns
[2021-11-03T06:39:05.962+0000][7][safepoint    ] Safepoint "Cleanup", Time since last: 1001658475 ns, Reaching safepoint: 158403 ns, At safepoint: 5501 ns, Total: 163904 ns
[2021-11-03T06:39:06.965+0000][7][safepoint    ] Safepoint "Cleanup", Time since last: 1002843922 ns, Reaching safepoint: 106252 ns, At safepoint: 2316 ns, Total: 108568 ns
[2021-11-03T06:39:07.968+0000][7][safepoint    ] Safepoint "Cleanup", Time since last: 1002367201 ns, Reaching safepoint: 131899 ns, At safepoint: 4265 ns, Total: 136164 ns
[2021-11-03T06:39:08.970+0000][7][safepoint    ] Safepoint "Cleanup", Time since last: 1002218220 ns, Reaching safepoint: 405566 ns, At safepoint: 7736 ns, Total: 413302 ns
[2021-11-03T06:39:09.974+0000][7][safepoint    ] Safepoint "Cleanup", Time since last: 1003035452 ns, Reaching safepoint: 534104 ns, At safepoint: 9333 ns, Total: 543437 ns
[2021-11-03T06:39:10.977+0000][7][safepoint    ] Safepoint "Cleanup", Time since last: 1002865307 ns, Reaching safepoint: 540783 ns, At safepoint: 13059 ns, Total: 553842 ns
[2021-11-03T06:39:11.980+0000][7][safepoint    ] Safepoint "Cleanup", Time since last: 1002514414 ns, Reaching safepoint: 412982 ns, At safepoint: 7682 ns, Total: 420664 ns
[2021-11-03T06:39:12.984+0000][7][safepoint    ] Safepoint "Cleanup", Time since last: 1003053519 ns, Reaching safepoint: 250723 ns, At safepoint: 7103 ns, Total: 257826 ns
[2021-11-03T06:39:13.986+0000][7][safepoint    ] Safepoint "Cleanup", Time since last: 1002206603 ns, Reaching safepoint: 204152 ns, At safepoint: 4120 ns, Total: 208272 ns
[2021-11-03T06:39:14.988+0000][7][safepoint    ] Safepoint "Cleanup", Time since last: 1001944515 ns, Reaching safepoint: 246562 ns, At safepoint: 3667 ns, Total: 250229 ns
[2021-11-03T06:39:15.990+0000][7][safepoint    ] Safepoint "Cleanup", Time since last: 1001642097 ns, Reaching safepoint: 305700 ns, At safepoint: 7799 ns, Total: 313499 ns
[2021-11-03T06:39:16.992+0000][7][safepoint    ] Safepoint "Cleanup", Time since last: 1001804629 ns, Reaching safepoint: 204917 ns, At safepoint: 3008 ns, Total: 207925 ns
[2021-11-03T06:39:17.993+0000][7][safepoint    ] Safepoint "Cleanup", Time since last: 1000983049 ns, Reaching safepoint: 181159 ns, At safepoint: 31242 ns, Total: 212401 ns
[2021-11-03T06:39:18.997+0000][7][safepoint    ] Safepoint "Cleanup", Time since last: 1003166215 ns, Reaching safepoint: 283605 ns, At safepoint: 6260 ns, Total: 289865 ns
[2021-11-03T06:39:20.002+0000][7][safepoint    ] Safepoint "Cleanup", Time since last: 1005172683 ns, Reaching safepoint: 195508 ns, At safepoint: 4581 ns, Total: 200089 ns
[2021-11-03T06:39:21.004+0000][7][safepoint    ] Safepoint "Cleanup", Time since last: 1001787809 ns, Reaching safepoint: 224470 ns, At safepoint: 4575 ns, Total: 229045 ns
[2021-11-03T06:39:22.006+0000][7][safepoint    ] Safepoint "Cleanup", Time since last: 1001491270 ns, Reaching safepoint: 172136 ns, At safepoint: 3688 ns, Total: 175824 ns
[2021-11-03T06:39:23.009+0000][7][safepoint    ] Safepoint "Cleanup", Time since last: 1002035007 ns, Reaching safepoint: 661385 ns, At safepoint: 17985 ns, Total: 679370 ns
[2021-11-03T06:39:24.013+0000][7][safepoint    ] Safepoint "Cleanup", Time since last: 1004220934 ns, Reaching safepoint: 201886 ns, At safepoint: 7950 ns, Total: 209836 ns
[2021-11-03T06:39:25.017+0000][7][safepoint    ] Safepoint "Cleanup", Time since last: 1003640691 ns, Reaching safepoint: 179577 ns, At safepoint: 6919 ns, Total: 186496 ns
[2021-11-03T06:39:26.020+0000][7][safepoint    ] Safepoint "Cleanup", Time since last: 1003226519 ns, Reaching safepoint: 177241 ns, At safepoint: 6656 ns, Total: 183897 ns
[2021-11-03T06:39:27.023+0000][7][safepoint    ] Safepoint "Cleanup", Time since last: 1002624823 ns, Reaching safepoint: 178571 ns, At safepoint: 6594 ns, Total: 185165 ns
[2021-11-03T06:39:28.025+0000][7][safepoint    ] Safepoint "Cleanup", Time since last: 1001758445 ns, Reaching safepoint: 149086 ns, At safepoint: 3442 ns, Total: 152528 ns
[2021-11-03T06:39:29.027+0000][7][safepoint    ] Safepoint "Cleanup", Time since last: 1001446185 ns, Reaching safepoint: 90568 ns, At safepoint: 2409 ns, Total: 92977 ns
[2021-11-03T06:39:30.028+0000][7][safepoint    ] Safepoint "Cleanup", Time since last: 1001192691 ns, Reaching safepoint: 86756 ns, At safepoint: 2382 ns, Total: 89138 ns
[2021-11-03T06:39:31.009+0000][7][safepoint    ] Safepoint "Cleanup", Time since last: 1002108438 ns, Reaching safepoint: 152461 ns, At safepoint: 4802 ns, Total: 157263 ns
[2021-11-03T06:39:32.010+0000][7][safepoint    ] Safepoint "Cleanup", Time since last: 1001033946 ns, Reaching safepoint: 109788 ns, At safepoint: 2884 ns, Total: 112672 ns
[2021-11-03T06:39:33.011+0000][7][safepoint    ] Safepoint "Cleanup", Time since last: 1001250554 ns, Reaching safepoint: 153622 ns, At safepoint: 3200 ns, Total: 156822 ns
[2021-11-03T06:39:34.012+0000][7][safepoint    ] Safepoint "Cleanup", Time since last: 1000737143 ns, Reaching safepoint: 127346 ns, At safepoint: 3162 ns, Total: 130508 ns
[2021-11-03T06:39:35.014+0000][7][safepoint    ] Safepoint "Cleanup", Time since last: 1001115482 ns, Reaching safepoint: 127828 ns, At safepoint: 2782 ns, Total: 130610 ns
[2021-11-03T06:39:36.015+0000][7][safepoint    ] Safepoint "Cleanup", Time since last: 1000992408 ns, Reaching safepoint: 258729 ns, At safepoint: 4797 ns, Total: 263526 ns
[2021-11-03T06:39:37.018+0000][7][safepoint    ] Safepoint "Cleanup", Time since last: 1003083172 ns, Reaching safepoint: 104033 ns, At safepoint: 3120 ns, Total: 107153 ns
[2021-11-03T06:39:38.019+0000][7][safepoint    ] Safepoint "Cleanup", Time since last: 1000691620 ns, Reaching safepoint: 114120 ns, At safepoint: 3440 ns, Total: 117560 ns
[2021-11-03T06:39:39.020+0000][7][safepoint    ] Safepoint "Cleanup", Time since last: 1001111841 ns, Reaching safepoint: 124544 ns, At safepoint: 2742 ns, Total: 127286 ns
[2021-11-03T06:39:40.021+0000][7][safepoint    ] Safepoint "Cleanup", Time since last: 1001367546 ns, Reaching safepoint: 101146 ns, At safepoint: 3152 ns, Total: 104298 ns
[2021-11-03T06:39:41.023+0000][7][safepoint    ] Safepoint "Cleanup", Time since last: 1001504250 ns, Reaching safepoint: 446523 ns, At safepoint: 7922 ns, Total: 454445 ns
[2021-11-03T06:39:42.026+0000][7][safepoint    ] Safepoint "Cleanup", Time since last: 1002550951 ns, Reaching safepoint: 105673 ns, At safepoint: 3090 ns, Total: 108763 ns
[2021-11-03T06:39:43.028+0000][7][safepoint    ] Safepoint "Cleanup", Time since last: 1002007899 ns, Reaching safepoint: 180551 ns, At safepoint: 6481 ns, Total: 187032 ns
[2021-11-03T06:39:44.032+0000][7][safepoint    ] Safepoint "Cleanup", Time since last: 1003480350 ns, Reaching safepoint: 258165 ns, At safepoint: 4255 ns, Total: 262420 ns
[2021-11-03T06:39:45.034+0000][7][safepoint    ] Safepoint "Cleanup", Time since last: 1001911314 ns, Reaching safepoint: 195136 ns, At safepoint: 32827 ns, Total: 227963 ns
[2021-11-03T06:39:46.035+0000][7][safepoint    ] Safepoint "Cleanup", Time since last: 1001145284 ns, Reaching safepoint: 100196 ns, At safepoint: 2896 ns, Total: 103092 ns
[2021-11-03T06:39:47.041+0000][7][safepoint    ] Safepoint "Cleanup", Time since last: 1005526954 ns, Reaching safepoint: 271960 ns, At safepoint: 6581 ns, Total: 278541 ns
[2021-11-03T06:39:48.046+0000][7][safepoint    ] Safepoint "Cleanup", Time since last: 1004219895 ns, Reaching safepoint: 138070 ns, At safepoint: 4670 ns, Total: 142740 ns
[2021-11-03T06:39:49.049+0000][7][safepoint    ] Safepoint "Cleanup", Time since last: 1003412734 ns, Reaching safepoint: 115450 ns, At safepoint: 2251 ns, Total: 117701 ns
[2021-11-03T06:39:50.051+0000][7][safepoint    ] Safepoint "Cleanup", Time since last: 1001223054 ns, Reaching safepoint: 176689 ns, At safepoint: 6419 ns, Total: 183108 ns
[2021-11-03T06:39:51.058+0000][7][safepoint    ] Safepoint "Cleanup", Time since last: 1007370661 ns, Reaching safepoint: 364603 ns, At safepoint: 9654 ns, Total: 374257 ns
[2021-11-03T06:39:52.062+0000][7][safepoint    ] Safepoint "Cleanup", Time since last: 1003280257 ns, Reaching safepoint: 184852 ns, At safepoint: 3804 ns, Total: 188656 ns
[2021-11-03T06:39:53.065+0000][7][safepoint    ] Safepoint "Cleanup", Time since last: 1002608776 ns, Reaching safepoint: 240682 ns, At safepoint: 8039 ns, Total: 248721 ns
[2021-11-03T06:39:54.069+0000][7][safepoint    ] Safepoint "Cleanup", Time since last: 1003808973 ns, Reaching safepoint: 190597 ns, At safepoint: 6640 ns, Total: 197237 ns
[2021-11-03T06:39:55.074+0000][7][safepoint    ] Safepoint "Cleanup", Time since last: 1005029624 ns, Reaching safepoint: 130941 ns, At safepoint: 4294 ns, Total: 135235 ns
[2021-11-03T06:39:56.076+0000][7][safepoint    ] Safepoint "Cleanup", Time since last: 1001984765 ns, Reaching safepoint: 345400 ns, At safepoint: 6734 ns, Total: 352134 ns
[2021-11-03T06:39:57.078+0000][7][safepoint    ] Safepoint "Cleanup", Time since last: 1002019336 ns, Reaching safepoint: 182833 ns, At safepoint: 6550 ns, Total: 189383 ns
[2021-11-03T06:39:58.083+0000][7][safepoint    ] Safepoint "Cleanup", Time since last: 1004730556 ns, Reaching safepoint: 232235 ns, At safepoint: 8158 ns, Total: 240393 ns
[2021-11-03T06:39:59.088+0000][7][safepoint    ] Safepoint "Cleanup", Time since last: 1004211592 ns, Reaching safepoint: 110748 ns, At safepoint: 3698 ns, Total: 114446 ns
[2021-11-03T06:40:00.090+0000][7][safepoint    ] Safepoint "Cleanup", Time since last: 1002372365 ns, Reaching safepoint: 484152 ns, At safepoint: 15116 ns, Total: 499268 ns
[2021-11-03T06:40:01.074+0000][7][safepoint    ] Safepoint "Cleanup", Time since last: 1004397373 ns, Reaching safepoint: 258124 ns, At safepoint: 7011 ns, Total: 265135 ns
[2021-11-03T06:40:02.077+0000][7][safepoint    ] Safepoint "Cleanup", Time since last: 1002355077 ns, Reaching safepoint: 185358 ns, At safepoint: 3148 ns, Total: 188506 ns
[2021-11-03T06:40:03.078+0000][7][safepoint    ] Safepoint "Cleanup", Time since last: 1001549565 ns, Reaching safepoint: 285034 ns, At safepoint: 6212 ns, Total: 291246 ns
[2021-11-03T06:40:04.082+0000][7][safepoint    ] Safepoint "Cleanup", Time since last: 1002833916 ns, Reaching safepoint: 300075 ns, At safepoint: 6580 ns, Total: 306655 ns
[2021-11-03T06:40:05.084+0000][7][safepoint    ] Safepoint "Cleanup", Time since last: 1002328773 ns, Reaching safepoint: 305524 ns, At safepoint: 8821 ns, Total: 314345 ns
[2021-11-03T06:40:06.087+0000][7][safepoint    ] Safepoint "Cleanup", Time since last: 1002859487 ns, Reaching safepoint: 107375 ns, At safepoint: 2828 ns, Total: 110203 ns
[2021-11-03T06:40:07.090+0000][7][safepoint    ] Safepoint "Cleanup", Time since last: 1002489825 ns, Reaching safepoint: 471626 ns, At safepoint: 6864 ns, Total: 478490 ns
[2021-11-03T06:40:08.093+0000][7][safepoint    ] Safepoint "Cleanup", Time since last: 1002642840 ns, Reaching safepoint: 370734 ns, At safepoint: 13127 ns, Total: 383861 ns
[2021-11-03T06:40:09.096+0000][7][safepoint    ] Safepoint "Cleanup", Time since last: 1002448692 ns, Reaching safepoint: 347489 ns, At safepoint: 6357 ns, Total: 353846 ns
[2021-11-03T06:40:10.101+0000][7][safepoint    ] Safepoint "Cleanup", Time since last: 1004794981 ns, Reaching safepoint: 188498 ns, At safepoint: 6647 ns, Total: 195145 ns
[2021-11-03T06:40:11.105+0000][7][safepoint    ] Safepoint "Cleanup", Time since last: 1003872855 ns, Reaching safepoint: 236604 ns, At safepoint: 5700 ns, Total: 242304 ns
[2021-11-03T06:40:12.110+0000][7][safepoint    ] Safepoint "Cleanup", Time since last: 1004876166 ns, Reaching safepoint: 393023 ns, At safepoint: 10470 ns, Total: 403493 ns
[2021-11-03T06:40:13.115+0000][7][safepoint    ] Safepoint "Cleanup", Time since last: 1004948292 ns, Reaching safepoint: 93626 ns, At safepoint: 2618 ns, Total: 96244 ns
[2021-11-03T06:40:14.118+0000][7][safepoint    ] Safepoint "Cleanup", Time since last: 1002671160 ns, Reaching safepoint: 181368 ns, At safepoint: 6092 ns, Total: 187460 ns
[2021-11-03T06:40:15.123+0000][7][safepoint    ] Safepoint "Cleanup", Time since last: 1004311925 ns, Reaching safepoint: 344806 ns, At safepoint: 9193 ns, Total: 353999 ns
[2021-11-03T06:40:16.126+0000][7][safepoint    ] Safepoint "Cleanup", Time since last: 1003116213 ns, Reaching safepoint: 141803 ns, At safepoint: 4098 ns, Total: 145901 ns
[2021-11-03T06:40:17.129+0000][7][safepoint    ] Safepoint "Cleanup", Time since last: 1002610412 ns, Reaching safepoint: 140094 ns, At safepoint: 4519 ns, Total: 144613 ns
[2021-11-03T06:40:18.132+0000][7][safepoint    ] Safepoint "Cleanup", Time since last: 1002549928 ns, Reaching safepoint: 183269 ns, At safepoint: 6085 ns, Total: 189354 ns
[2021-11-03T06:40:19.134+0000][7][safepoint    ] Safepoint "Cleanup", Time since last: 1002483664 ns, Reaching safepoint: 201215 ns, At safepoint: 5675 ns, Total: 206890 ns
[2021-11-03T06:40:20.139+0000][7][safepoint    ] Safepoint "Cleanup", Time since last: 1004652843 ns, Reaching safepoint: 195227 ns, At safepoint: 6393 ns, Total: 201620 ns
[2021-11-03T06:40:21.145+0000][7][safepoint    ] Safepoint "Cleanup", Time since last: 1005520177 ns, Reaching safepoint: 177726 ns, At safepoint: 6020 ns, Total: 183746 ns
[2021-11-03T06:40:22.149+0000][7][safepoint    ] Safepoint "Cleanup", Time since last: 1004159711 ns, Reaching safepoint: 190328 ns, At safepoint: 3802 ns, Total: 194130 ns
[2021-11-03T06:40:23.153+0000][7][safepoint    ] Safepoint "Cleanup", Time since last: 1003729946 ns, Reaching safepoint: 134131 ns, At safepoint: 3895 ns, Total: 138026 ns
[2021-11-03T06:40:24.156+0000][7][safepoint    ] Safepoint "Cleanup", Time since last: 1002353447 ns, Reaching safepoint: 177691 ns, At safepoint: 5292 ns, Total: 182983 ns
[2021-11-03T06:40:25.159+0000][7][safepoint    ] Safepoint "Cleanup", Time since last: 1002804300 ns, Reaching safepoint: 176419 ns, At safepoint: 4994 ns, Total: 181413 ns
[2021-11-03T06:40:26.161+0000][7][safepoint    ] Safepoint "Cleanup", Time since last: 1002681049 ns, Reaching safepoint: 90096 ns, At safepoint: 2173 ns, Total: 92269 ns
[2021-11-03T06:40:27.162+0000][7][safepoint    ] Safepoint "Cleanup", Time since last: 1000762672 ns, Reaching safepoint: 140367 ns, At safepoint: 4727 ns, Total: 145094 ns
[2021-11-03T06:40:28.164+0000][7][safepoint    ] Safepoint "Cleanup", Time since last: 1001692591 ns, Reaching safepoint: 177330 ns, At safepoint: 5172 ns, Total: 182502 ns
[2021-11-03T06:40:29.167+0000][7][safepoint    ] Safepoint "Cleanup", Time since last: 1002154445 ns, Reaching safepoint: 185528 ns, At safepoint: 6757 ns, Total: 192285 ns
[2021-11-03T06:40:30.172+0000][7][safepoint    ] Safepoint "Cleanup", Time since last: 1005549022 ns, Reaching safepoint: 287034 ns, At safepoint: 4549 ns, Total: 291583 ns
[2021-11-03T06:40:31.154+0000][7][safepoint    ] Safepoint "Cleanup", Time since last: 1002593958 ns, Reaching safepoint: 95108 ns, At safepoint: 2427 ns, Total: 97535 ns
[2021-11-03T06:40:32.158+0000][7][safepoint    ] Safepoint "Cleanup", Time since last: 1004330847 ns, Reaching safepoint: 186666 ns, At safepoint: 6474 ns, Total: 193140 ns
[2021-11-03T06:40:33.162+0000][7][safepoint    ] Safepoint "Cleanup", Time since last: 1003057552 ns, Reaching safepoint: 414312 ns, At safepoint: 8892 ns, Total: 423204 ns
[2021-11-03T06:40:34.165+0000][7][safepoint    ] Safepoint "Cleanup", Time since last: 1003063085 ns, Reaching safepoint: 185930 ns, At safepoint: 3281 ns, Total: 189211 ns
[2021-11-03T06:40:35.168+0000][7][safepoint    ] Safepoint "Cleanup", Time since last: 1003144532 ns, Reaching safepoint: 179802 ns, At safepoint: 6320 ns, Total: 186122 ns
[2021-11-03T06:40:36.171+0000][7][safepoint    ] Safepoint "Cleanup", Time since last: 1002835300 ns, Reaching safepoint: 182454 ns, At safepoint: 6124 ns, Total: 188578 ns
[2021-11-03T06:40:37.174+0000][7][safepoint    ] Safepoint "Cleanup", Time since last: 1002456491 ns, Reaching safepoint: 155490 ns, At safepoint: 3761 ns, Total: 159251 ns
[2021-11-03T06:40:38.176+0000][7][safepoint    ] Safepoint "Cleanup", Time since last: 1001653582 ns, Reaching safepoint: 122354 ns, At safepoint: 2945 ns, Total: 125299 ns
[2021-11-03T06:40:39.181+0000][7][safepoint    ] Safepoint "Cleanup", Time since last: 1005000734 ns, Reaching safepoint: 178511 ns, At safepoint: 6210 ns, Total: 184721 ns
[2021-11-03T06:40:40.184+0000][7][safepoint    ] Safepoint "Cleanup", Time since last: 1002491030 ns, Reaching safepoint: 120674 ns, At safepoint: 3448 ns, Total: 124122 ns
[2021-11-03T06:40:41.189+0000][7][safepoint    ] Safepoint "Cleanup", Time since last: 1004732520 ns, Reaching safepoint: 485552 ns, At safepoint: 8827 ns, Total: 494379 ns
[2021-11-03T06:40:42.191+0000][7][safepoint    ] Safepoint "Cleanup", Time since last: 1002388919 ns, Reaching safepoint: 286221 ns, At safepoint: 11438 ns, Total: 297659 ns
[2021-11-03T06:40:43.193+0000][7][safepoint    ] Safepoint "Cleanup", Time since last: 1001700099 ns, Reaching safepoint: 275895 ns, At safepoint: 3807 ns, Total: 279702 ns
[2021-11-03T06:40:44.197+0000][7][safepoint    ] Safepoint "Cleanup", Time since last: 1003174425 ns, Reaching safepoint: 327619 ns, At safepoint: 6727 ns, Total: 334346 ns
[2021-11-03T06:40:45.201+0000][7][safepoint    ] Safepoint "Cleanup", Time since last: 1003709470 ns, Reaching safepoint: 184672 ns, At safepoint: 4198 ns, Total: 188870 ns
[2021-11-03T06:40:46.204+0000][7][safepoint    ] Safepoint "Cleanup", Time since last: 1002288576 ns, Reaching safepoint: 862977 ns, At safepoint: 91665 ns, Total: 954642 ns
[2021-11-03T06:40:47.210+0000][7][safepoint    ] Safepoint "Cleanup", Time since last: 1006118964 ns, Reaching safepoint: 238610 ns, At safepoint: 6553 ns, Total: 245163 ns
[2021-11-03T06:40:48.211+0000][7][safepoint    ] Safepoint "Cleanup", Time since last: 1000935298 ns, Reaching safepoint: 104015 ns, At safepoint: 2536 ns, Total: 106551 ns
[2021-11-03T06:40:49.212+0000][7][safepoint    ] Safepoint "Cleanup", Time since last: 1000658454 ns, Reaching safepoint: 134482 ns, At safepoint: 3225 ns, Total: 137707 ns
[2021-11-03T06:40:50.213+0000][7][safepoint    ] Safepoint "Cleanup", Time since last: 1001011555 ns, Reaching safepoint: 109655 ns, At safepoint: 2265 ns, Total: 111920 ns
[2021-11-03T06:40:51.214+0000][7][safepoint    ] Safepoint "Cleanup", Time since last: 1000651581 ns, Reaching safepoint: 120122 ns, At safepoint: 2686 ns, Total: 122808 ns
[2021-11-03T06:40:52.215+0000][7][safepoint    ] Safepoint "Cleanup", Time since last: 1000785742 ns, Reaching safepoint: 305092 ns, At safepoint: 6244 ns, Total: 311336 ns
[2021-11-03T06:40:53.218+0000][7][safepoint    ] Safepoint "Cleanup", Time since last: 1002375306 ns, Reaching safepoint: 569920 ns, At safepoint: 18758 ns, Total: 588678 ns
[2021-11-03T06:40:54.221+0000][7][safepoint    ] Safepoint "Cleanup", Time since last: 1002034108 ns, Reaching safepoint: 266864 ns, At safepoint: 6737 ns, Total: 273601 ns
[2021-11-03T06:40:55.222+0000][7][safepoint    ] Safepoint "Cleanup", Time since last: 1001049293 ns, Reaching safepoint: 311247 ns, At safepoint: 5910 ns, Total: 317157 ns
[2021-11-03T06:40:56.226+0000][7][safepoint    ] Safepoint "Cleanup", Time since last: 1003661758 ns, Reaching safepoint: 415931 ns, At safepoint: 16744 ns, Total: 432675 ns
[2021-11-03T06:40:57.229+0000][7][safepoint    ] Safepoint "Cleanup", Time since last: 1002641087 ns, Reaching safepoint: 218695 ns, At safepoint: 6732 ns, Total: 225427 ns
[2021-11-03T06:40:58.233+0000][7][safepoint    ] Safepoint "Cleanup", Time since last: 1004046527 ns, Reaching safepoint: 256322 ns, At safepoint: 7168 ns, Total: 263490 ns
[2021-11-03T06:40:59.236+0000][7][safepoint    ] Safepoint "Cleanup", Time since last: 1002726648 ns, Reaching safepoint: 249729 ns, At safepoint: 7212 ns, Total: 256941 ns
[2021-11-03T06:41:00.239+0000][7][safepoint    ] Safepoint "Cleanup", Time since last: 1002356153 ns, Reaching safepoint: 239934 ns, At safepoint: 6191 ns, Total: 246125 ns
[2021-11-03T06:41:01.220+0000][7][safepoint    ] Safepoint "Cleanup", Time since last: 1002393727 ns, Reaching safepoint: 110525 ns, At safepoint: 3356 ns, Total: 113881 ns
[2021-11-03T06:41:02.227+0000][7][safepoint    ] Safepoint "Cleanup", Time since last: 1006562416 ns, Reaching safepoint: 172858 ns, At safepoint: 6945 ns, Total: 179803 ns
[2021-11-03T06:41:03.230+0000][7][safepoint    ] Safepoint "Cleanup", Time since last: 1002922775 ns, Reaching safepoint: 180597 ns, At safepoint: 6194 ns, Total: 186791 ns
[2021-11-03T06:41:04.234+0000][7][safepoint    ] Safepoint "Cleanup", Time since last: 1003162310 ns, Reaching safepoint: 512653 ns, At safepoint: 10767 ns, Total: 523420 ns
[2021-11-03T06:41:05.239+0000][7][safepoint    ] Safepoint "Cleanup", Time since last: 1004422114 ns, Reaching safepoint: 357061 ns, At safepoint: 7673 ns, Total: 364734 ns
[2021-11-03T06:41:06.241+0000][7][safepoint    ] Safepoint "Cleanup", Time since last: 1002291690 ns, Reaching safepoint: 177721 ns, At safepoint: 6145 ns, Total: 183866 ns
[2021-11-03T06:41:07.244+0000][7][safepoint    ] Safepoint "Cleanup", Time since last: 1002673635 ns, Reaching safepoint: 278704 ns, At safepoint: 8517 ns, Total: 287221 ns
[2021-11-03T06:41:08.247+0000][7][safepoint    ] Safepoint "Cleanup", Time since last: 1002606869 ns, Reaching safepoint: 260866 ns, At safepoint: 4348 ns, Total: 265214 ns
[2021-11-03T06:41:09.249+0000][7][safepoint    ] Safepoint "Cleanup", Time since last: 1001523822 ns, Reaching safepoint: 149921 ns, At safepoint: 4328 ns, Total: 154249 ns
[2021-11-03T06:41:10.251+0000][7][safepoint    ] Safepoint "Cleanup", Time since last: 1001950788 ns, Reaching safepoint: 184292 ns, At safepoint: 6473 ns, Total: 190765 ns
[2021-11-03T06:41:11.254+0000][7][safepoint    ] Safepoint "Cleanup", Time since last: 1002703433 ns, Reaching safepoint: 178658 ns, At safepoint: 5483 ns, Total: 184141 ns
[2021-11-03T06:41:12.258+0000][7][safepoint    ] Safepoint "Cleanup", Time since last: 1003780294 ns, Reaching safepoint: 217828 ns, At safepoint: 7146 ns, Total: 224974 ns
[2021-11-03T06:41:13.261+0000][7][safepoint    ] Safepoint "Cleanup", Time since last: 1003440851 ns, Reaching safepoint: 231835 ns, At safepoint: 6630 ns, Total: 238465 ns
[2021-11-03T06:41:14.266+0000][7][safepoint    ] Safepoint "Cleanup", Time since last: 1003876942 ns, Reaching safepoint: 177695 ns, At safepoint: 109283 ns, Total: 286978 ns
[2021-11-03T06:41:15.270+0000][7][safepoint    ] Safepoint "Cleanup", Time since last: 1003941544 ns, Reaching safepoint: 176210 ns, At safepoint: 6415 ns, Total: 182625 ns
[2021-11-03T06:41:16.273+0000][7][safepoint    ] Safepoint "Cleanup", Time since last: 1003349919 ns, Reaching safepoint: 175041 ns, At safepoint: 5307 ns, Total: 180348 ns
[2021-11-03T06:41:17.275+0000][7][safepoint    ] Safepoint "Cleanup", Time since last: 1002068446 ns, Reaching safepoint: 98106 ns, At safepoint: 3682 ns, Total: 101788 ns
[2021-11-03T06:41:18.277+0000][7][safepoint    ] Safepoint "Cleanup", Time since last: 1001582810 ns, Reaching safepoint: 178103 ns, At safepoint: 6161 ns, Total: 184264 ns
[2021-11-03T06:41:19.280+0000][7][safepoint    ] Safepoint "Cleanup", Time since last: 1002726018 ns, Reaching safepoint: 172338 ns, At safepoint: 6006 ns, Total: 178344 ns
[2021-11-03T06:41:20.286+0000][7][safepoint    ] Safepoint "Cleanup", Time since last: 1005592291 ns, Reaching safepoint: 175981 ns, At safepoint: 6097 ns, Total: 182078 ns
[2021-11-03T06:41:21.291+0000][7][safepoint    ] Safepoint "Cleanup", Time since last: 1004967653 ns, Reaching safepoint: 168676 ns, At safepoint: 5040 ns, Total: 173716 ns
[2021-11-03T06:41:22.294+0000][7][safepoint    ] Safepoint "Cleanup", Time since last: 1002953871 ns, Reaching safepoint: 99676 ns, At safepoint: 2920 ns, Total: 102596 ns
[2021-11-03T06:41:23.296+0000][7][safepoint    ] Safepoint "Cleanup", Time since last: 1001434450 ns, Reaching safepoint: 138722 ns, At safepoint: 3483 ns, Total: 142205 ns
[2021-11-03T06:41:24.298+0000][7][safepoint    ] Safepoint "Cleanup", Time since last: 1001877643 ns, Reaching safepoint: 94806 ns, At safepoint: 2184 ns, Total: 96990 ns
[2021-11-03T06:41:25.299+0000][7][safepoint    ] Safepoint "Cleanup", Time since last: 1001166469 ns, Reaching safepoint: 173174 ns, At safepoint: 6260 ns, Total: 179434 ns
[2021-11-03T06:41:26.302+0000][7][safepoint    ] Safepoint "Cleanup", Time since last: 1002858700 ns, Reaching safepoint: 118181 ns, At safepoint: 3822 ns, Total: 122003 ns
[2021-11-03T06:41:27.304+0000][7][safepoint    ] Safepoint "Cleanup", Time since last: 1001963922 ns, Reaching safepoint: 179068 ns, At safepoint: 6394 ns, Total: 185462 ns
[2021-11-03T06:41:28.307+0000][7][safepoint    ] Safepoint "Cleanup", Time since last: 1002237903 ns, Reaching safepoint: 551516 ns, At safepoint: 22109 ns, Total: 573625 ns
[2021-11-03T06:41:29.309+0000][7][safepoint    ] Safepoint "Cleanup", Time since last: 1001934940 ns, Reaching safepoint: 401679 ns, At safepoint: 9497 ns, Total: 411176 ns
[2021-11-03T06:41:30.312+0000][7][safepoint    ] Safepoint "Cleanup", Time since last: 1002740225 ns, Reaching safepoint: 118325 ns, At safepoint: 3275 ns, Total: 121600 ns
[2021-11-03T06:41:31.310+0000][7][safepoint    ] Safepoint "Cleanup", Time since last: 1002268557 ns, Reaching safepoint: 648959 ns, At safepoint: 18920 ns, Total: 667879 ns
[2021-11-03T06:41:32.313+0000][7][safepoint    ] Safepoint "Cleanup", Time since last: 1002350849 ns, Reaching safepoint: 513460 ns, At safepoint: 7651 ns, Total: 521111 ns
[2021-11-03T06:41:33.318+0000][7][safepoint    ] Safepoint "Cleanup", Time since last: 1004293798 ns, Reaching safepoint: 231833 ns, At safepoint: 6222 ns, Total: 238055 ns
[2021-11-03T06:41:34.320+0000][7][safepoint    ] Safepoint "Cleanup", Time since last: 1002542668 ns, Reaching safepoint: 163934 ns, At safepoint: 3846 ns, Total: 167780 ns
[2021-11-03T06:41:35.323+0000][7][safepoint    ] Safepoint "Cleanup", Time since last: 1001733873 ns, Reaching safepoint: 444569 ns, At safepoint: 10181 ns, Total: 454750 ns
[2021-11-03T06:41:36.327+0000][7][safepoint    ] Safepoint "Cleanup", Time since last: 1003975741 ns, Reaching safepoint: 364770 ns, At safepoint: 5298 ns, Total: 370068 ns
[2021-11-03T06:41:37.330+0000][7][safepoint    ] Safepoint "Cleanup", Time since last: 1002852890 ns, Reaching safepoint: 238787 ns, At safepoint: 7138 ns, Total: 245925 ns
[2021-11-03T06:41:38.332+0000][7][safepoint    ] Safepoint "Cleanup", Time since last: 1001542720 ns, Reaching safepoint: 295557 ns, At safepoint: 6469 ns, Total: 302026 ns
[2021-11-03T06:41:39.333+0000][7][safepoint    ] Safepoint "Cleanup", Time since last: 1001575733 ns, Reaching safepoint: 122351 ns, At safepoint: 3097 ns, Total: 125448 ns
[2021-11-03T06:41:40.335+0000][7][safepoint    ] Safepoint "Cleanup", Time since last: 1001205191 ns, Reaching safepoint: 246686 ns, At safepoint: 6528 ns, Total: 253214 ns
[2021-11-03T06:41:41.337+0000][7][safepoint    ] Safepoint "Cleanup", Time since last: 1001924730 ns, Reaching safepoint: 137513 ns, At safepoint: 3860 ns, Total: 141373 ns
[2021-11-03T06:41:42.340+0000][7][safepoint    ] Safepoint "Cleanup", Time since last: 1002914262 ns, Reaching safepoint: 121916 ns, At safepoint: 2964 ns, Total: 124880 ns
[2021-11-03T06:41:43.342+0000][7][safepoint    ] Safepoint "Cleanup", Time since last: 1001731253 ns, Reaching safepoint: 345796 ns, At safepoint: 5350 ns, Total: 351146 ns
[2021-11-03T06:41:44.345+0000][7][safepoint    ] Safepoint "Cleanup", Time since last: 1002881786 ns, Reaching safepoint: 337074 ns, At safepoint: 8196 ns, Total: 345270 ns
[2021-11-03T06:41:45.348+0000][7][safepoint    ] Safepoint "Cleanup", Time since last: 1002523654 ns, Reaching safepoint: 109606 ns, At safepoint: 2680 ns, Total: 112286 ns
[2021-11-03T06:41:46.350+0000][7][safepoint    ] Safepoint "Cleanup", Time since last: 1001801299 ns, Reaching safepoint: 178114 ns, At safepoint: 3892 ns, Total: 182006 ns
[2021-11-03T06:41:47.352+0000][7][safepoint    ] Safepoint "Cleanup", Time since last: 1001523371 ns, Reaching safepoint: 259712 ns, At safepoint: 6248 ns, Total: 265960 ns
[2021-11-03T06:41:48.355+0000][7][safepoint    ] Safepoint "Cleanup", Time since last: 1002332600 ns, Reaching safepoint: 415857 ns, At safepoint: 19754 ns, Total: 435611 ns
[2021-11-03T06:41:49.357+0000][7][safepoint    ] Safepoint "Cleanup", Time since last: 1002719732 ns, Reaching safepoint: 128171 ns, At safepoint: 3175 ns, Total: 131346 ns
[2021-11-03T06:41:50.359+0000][7][safepoint    ] Safepoint "Cleanup", Time since last: 1001367405 ns, Reaching safepoint: 92908 ns, At safepoint: 2908 ns, Total: 95816 ns
[2021-11-03T06:41:51.363+0000][7][safepoint    ] Safepoint "Cleanup", Time since last: 1003969038 ns, Reaching safepoint: 172990 ns, At safepoint: 5239 ns, Total: 178229 ns
[2021-11-03T06:41:52.367+0000][7][safepoint    ] Safepoint "Cleanup", Time since last: 1003648922 ns, Reaching safepoint: 436005 ns, At safepoint: 74220 ns, Total: 510225 ns
[2021-11-03T06:41:53.370+0000][7][safepoint    ] Safepoint "Cleanup", Time since last: 1002746016 ns, Reaching safepoint: 207481 ns, At safepoint: 2900 ns, Total: 210381 ns
[2021-11-03T06:41:54.371+0000][7][safepoint    ] Safepoint "Cleanup", Time since last: 1000923378 ns, Reaching safepoint: 83503 ns, At safepoint: 2117 ns, Total: 85620 ns
[2021-11-03T06:41:55.372+0000][7][safepoint    ] Safepoint "Cleanup", Time since last: 1000633828 ns, Reaching safepoint: 88375 ns, At safepoint: 2184 ns, Total: 90559 ns
[2021-11-03T06:41:55.727+0000][7][safepoint    ] Safepoint "BulkRevokeBias", Time since last: 354343862 ns, Reaching safepoint: 328720 ns, At safepoint: 183306 ns, Total: 512026 ns
[2021-11-03T06:41:56.130+0000][7][safepoint    ] Safepoint "BulkRevokeBias", Time since last: 402553224 ns, Reaching safepoint: 798987 ns, At safepoint: 188861 ns, Total: 987848 ns
[2021-11-03T06:41:56.478+0000][7][safepoint    ] Safepoint "BulkRevokeBias", Time since last: 347106482 ns, Reaching safepoint: 372661 ns, At safepoint: 103961 ns, Total: 476622 ns
[2021-11-03T06:41:56.483+0000][7][safepoint    ] Safepoint "BulkRevokeBias", Time since last: 5385313 ns, Reaching safepoint: 152501 ns, At safepoint: 133005 ns, Total: 285506 ns
[2021-11-03T06:41:57.489+0000][7][safepoint    ] Safepoint "Cleanup", Time since last: 1005298241 ns, Reaching safepoint: 177576 ns, At safepoint: 2483 ns, Total: 180059 ns
[2021-11-03T06:41:58.777+0000][7][safepoint    ] Safepoint "Cleanup", Time since last: 1287369099 ns, Reaching safepoint: 450133 ns, At safepoint: 9642 ns, Total: 459775 ns
[2021-11-03T06:41:59.780+0000][7][safepoint    ] Safepoint "Cleanup", Time since last: 1002387582 ns, Reaching safepoint: 598616 ns, At safepoint: 71537 ns, Total: 670153 ns
[2021-11-03T06:42:00.769+0000][7][safepoint    ] Safepoint "Cleanup", Time since last: 1004268126 ns, Reaching safepoint: 267374 ns, At safepoint: 6653 ns, Total: 274027 ns
[2021-11-03T06:42:01.772+0000][7][safepoint    ] Safepoint "Cleanup", Time since last: 1002924242 ns, Reaching safepoint: 554647 ns, At safepoint: 10839 ns, Total: 565486 ns
[2021-11-03T06:42:02.775+0000][7][safepoint    ] Safepoint "Cleanup", Time since last: 1002111652 ns, Reaching safepoint: 390911 ns, At safepoint: 11111 ns, Total: 402022 ns
[2021-11-03T06:42:03.779+0000][7][safepoint    ] Safepoint "Cleanup", Time since last: 1003962087 ns, Reaching safepoint: 768169 ns, At safepoint: 14118 ns, Total: 782287 ns
[2021-11-03T06:42:04.783+0000][7][safepoint    ] Safepoint "Cleanup", Time since last: 1003275017 ns, Reaching safepoint: 262414 ns, At safepoint: 9833 ns, Total: 272247 ns
[2021-11-03T06:42:05.786+0000][7][safepoint    ] Safepoint "Cleanup", Time since last: 1003284223 ns, Reaching safepoint: 135129 ns, At safepoint: 3920 ns, Total: 139049 ns
[2021-11-03T06:42:06.791+0000][7][safepoint    ] Safepoint "Cleanup", Time since last: 1004028467 ns, Reaching safepoint: 199172 ns, At safepoint: 6395 ns, Total: 205567 ns
[2021-11-03T06:42:07.796+0000][7][safepoint    ] Safepoint "Cleanup", Time since last: 1004980096 ns, Reaching safepoint: 412927 ns, At safepoint: 6814 ns, Total: 419741 ns
[2021-11-03T06:42:08.798+0000][7][safepoint    ] Safepoint "Cleanup", Time since last: 1001877837 ns, Reaching safepoint: 201964 ns, At safepoint: 5513 ns, Total: 207477 ns
[2021-11-03T06:42:09.802+0000][7][safepoint    ] Safepoint "Cleanup", Time since last: 1003903922 ns, Reaching safepoint: 132465 ns, At safepoint: 3532 ns, Total: 135997 ns
[2021-11-03T06:42:10.807+0000][7][safepoint    ] Safepoint "Cleanup", Time since last: 1005042893 ns, Reaching safepoint: 105592 ns, At safepoint: 2286 ns, Total: 107878 ns
[2021-11-03T06:42:11.810+0000][7][safepoint    ] Safepoint "Cleanup", Time since last: 1001604620 ns, Reaching safepoint: 510008 ns, At safepoint: 8967 ns, Total: 518975 ns
[2021-11-03T06:42:12.813+0000][7][safepoint    ] Safepoint "Cleanup", Time since last: 1003563931 ns, Reaching safepoint: 132042 ns, At safepoint: 3038 ns, Total: 135080 ns
[2021-11-03T06:42:13.814+0000][7][safepoint    ] Safepoint "Cleanup", Time since last: 1001106249 ns, Reaching safepoint: 125616 ns, At safepoint: 3385 ns, Total: 129001 ns
[2021-11-03T06:42:14.817+0000][7][safepoint    ] Safepoint "Cleanup", Time since last: 1002790425 ns, Reaching safepoint: 168037 ns, At safepoint: 3422 ns, Total: 171459 ns
[2021-11-03T06:42:15.820+0000][7][safepoint    ] Safepoint "Cleanup", Time since last: 1002159710 ns, Reaching safepoint: 119217 ns, At safepoint: 2565 ns, Total: 121782 ns
[2021-11-03T06:42:16.822+0000][7][safepoint    ] Safepoint "Cleanup", Time since last: 1001921292 ns, Reaching safepoint: 142774 ns, At safepoint: 3922 ns, Total: 146696 ns
[2021-11-03T06:42:17.823+0000][7][safepoint    ] Safepoint "Cleanup", Time since last: 1001474604 ns, Reaching safepoint: 149591 ns, At safepoint: 4769 ns, Total: 154360 ns
[2021-11-03T06:42:18.825+0000][7][safepoint    ] Safepoint "Cleanup", Time since last: 1001688027 ns, Reaching safepoint: 188183 ns, At safepoint: 5133 ns, Total: 193316 ns
[2021-11-03T06:42:19.828+0000][7][safepoint    ] Safepoint "Cleanup", Time since last: 1002957265 ns, Reaching safepoint: 115760 ns, At safepoint: 2691 ns, Total: 118451 ns
[2021-11-03T06:42:20.831+0000][7][safepoint    ] Safepoint "Cleanup", Time since last: 1002321352 ns, Reaching safepoint: 242223 ns, At safepoint: 12486 ns, Total: 254709 ns
[2021-11-03T06:42:21.835+0000][7][safepoint    ] Safepoint "Cleanup", Time since last: 1003798703 ns, Reaching safepoint: 179185 ns, At safepoint: 5860 ns, Total: 185045 ns
[2021-11-03T06:42:22.840+0000][7][safepoint    ] Safepoint "Cleanup", Time since last: 1004705750 ns, Reaching safepoint: 378591 ns, At safepoint: 8617 ns, Total: 387208 ns
[2021-11-03T06:42:23.843+0000][7][safepoint    ] Safepoint "Cleanup", Time since last: 1002904054 ns, Reaching safepoint: 409682 ns, At safepoint: 7008 ns, Total: 416690 ns
[2021-11-03T06:42:24.850+0000][7][safepoint    ] Safepoint "Cleanup", Time since last: 1005626239 ns, Reaching safepoint: 579725 ns, At safepoint: 8207 ns, Total: 587932 ns
[2021-11-03T06:42:25.853+0000][7][safepoint    ] Safepoint "Cleanup", Time since last: 1002625822 ns, Reaching safepoint: 411325 ns, At safepoint: 13566 ns, Total: 424891 ns
[2021-11-03T06:42:27.476+0000][7][safepoint    ] Safepoint "Cleanup", Time since last: 1623112708 ns, Reaching safepoint: 277377 ns, At safepoint: 7478 ns, Total: 284855 ns
[2021-11-03T06:42:28.479+0000][7][safepoint    ] Safepoint "Cleanup", Time since last: 1002455797 ns, Reaching safepoint: 203935 ns, At safepoint: 4269 ns, Total: 208204 ns
[2021-11-03T06:42:29.481+0000][7][safepoint    ] Safepoint "Cleanup", Time since last: 1002026758 ns, Reaching safepoint: 399345 ns, At safepoint: 8530 ns, Total: 407875 ns
[2021-11-03T06:42:30.464+0000][7][safepoint    ] Safepoint "Cleanup", Time since last: 1002863078 ns, Reaching safepoint: 360153 ns, At safepoint: 7097 ns, Total: 367250 ns
[2021-11-03T06:42:31.471+0000][7][safepoint    ] Safepoint "Cleanup", Time since last: 1006237779 ns, Reaching safepoint: 283841 ns, At safepoint: 136855 ns, Total: 420696 ns
[2021-11-03T06:42:32.474+0000][7][safepoint    ] Safepoint "Cleanup", Time since last: 1002665130 ns, Reaching safepoint: 131789 ns, At safepoint: 3325 ns, Total: 135114 ns
[2021-11-03T06:42:33.478+0000][7][safepoint    ] Safepoint "Cleanup", Time since last: 1004141923 ns, Reaching safepoint: 511799 ns, At safepoint: 8358 ns, Total: 520157 ns
[2021-11-03T06:42:34.483+0000][7][safepoint    ] Safepoint "Cleanup", Time since last: 1004838499 ns, Reaching safepoint: 277403 ns, At safepoint: 7900 ns, Total: 285303 ns
[2021-11-03T06:42:35.487+0000][7][safepoint    ] Safepoint "Cleanup", Time since last: 1002959823 ns, Reaching safepoint: 266703 ns, At safepoint: 7405 ns, Total: 274108 ns
[2021-11-03T06:42:36.490+0000][7][safepoint    ] Safepoint "Cleanup", Time since last: 1003129328 ns, Reaching safepoint: 479754 ns, At safepoint: 14299 ns, Total: 494053 ns
[2021-11-03T06:42:37.494+0000][7][safepoint    ] Safepoint "Cleanup", Time since last: 1003957124 ns, Reaching safepoint: 139992 ns, At safepoint: 4188 ns, Total: 144180 ns
[2021-11-03T06:42:38.497+0000][7][safepoint    ] Safepoint "Cleanup", Time since last: 1002861420 ns, Reaching safepoint: 204215 ns, At safepoint: 6819 ns, Total: 211034 ns
[2021-11-03T06:42:39.501+0000][7][safepoint    ] Safepoint "Cleanup", Time since last: 1002910438 ns, Reaching safepoint: 188353 ns, At safepoint: 6441 ns, Total: 194794 ns
[2021-11-03T06:42:40.503+0000][7][safepoint    ] Safepoint "Cleanup", Time since last: 1002521088 ns, Reaching safepoint: 269329 ns, At safepoint: 6407 ns, Total: 275736 ns
[2021-11-03T06:42:41.510+0000][7][safepoint    ] Safepoint "Cleanup", Time since last: 1006036210 ns, Reaching safepoint: 190000 ns, At safepoint: 4996 ns, Total: 194996 ns
[2021-11-03T06:42:42.513+0000][7][safepoint    ] Safepoint "Cleanup", Time since last: 1003553037 ns, Reaching safepoint: 191555 ns, At safepoint: 71494 ns, Total: 263049 ns
[2021-11-03T06:42:43.517+0000][7][safepoint    ] Safepoint "Cleanup", Time since last: 1003095829 ns, Reaching safepoint: 236092 ns, At safepoint: 6933 ns, Total: 243025 ns
[2021-11-03T06:42:44.521+0000][7][safepoint    ] Safepoint "Cleanup", Time since last: 1003783193 ns, Reaching safepoint: 103548 ns, At safepoint: 2786 ns, Total: 106334 ns
[2021-11-03T06:42:45.522+0000][7][safepoint    ] Safepoint "Cleanup", Time since last: 1001051938 ns, Reaching safepoint: 120864 ns, At safepoint: 2121 ns, Total: 122985 ns
[2021-11-03T06:42:46.525+0000][7][safepoint    ] Safepoint "Cleanup", Time since last: 1003204547 ns, Reaching safepoint: 202887 ns, At safepoint: 6825 ns, Total: 209712 ns
[2021-11-03T06:42:47.529+0000][7][safepoint    ] Safepoint "Cleanup", Time since last: 1003480911 ns, Reaching safepoint: 280305 ns, At safepoint: 7230 ns, Total: 287535 ns
[2021-11-03T06:42:48.532+0000][7][safepoint    ] Safepoint "Cleanup", Time since last: 1002421485 ns, Reaching safepoint: 383267 ns, At safepoint: 6210 ns, Total: 389477 ns
[2021-11-03T06:42:49.832+0000][7][safepoint    ] Safepoint "Cleanup", Time since last: 1299236667 ns, Reaching safepoint: 433964 ns, At safepoint: 97670 ns, Total: 531634 ns
[2021-11-03T06:42:50.835+0000][7][safepoint    ] Safepoint "Cleanup", Time since last: 1003097041 ns, Reaching safepoint: 565329 ns, At safepoint: 77821 ns, Total: 643150 ns
[2021-11-03T06:42:51.838+0000][7][safepoint    ] Safepoint "Cleanup", Time since last: 1002005371 ns, Reaching safepoint: 456541 ns, At safepoint: 6646 ns, Total: 463187 ns
[2021-11-03T06:42:52.842+0000][7][safepoint    ] Safepoint "Cleanup", Time since last: 1004028129 ns, Reaching safepoint: 511098 ns, At safepoint: 128467 ns, Total: 639565 ns
[2021-11-03T06:42:53.845+0000][7][safepoint    ] Safepoint "Cleanup", Time since last: 1002705524 ns, Reaching safepoint: 281861 ns, At safepoint: 6765 ns, Total: 288626 ns
[2021-11-03T06:42:54.848+0000][7][safepoint    ] Safepoint "Cleanup", Time since last: 1002557939 ns, Reaching safepoint: 315912 ns, At safepoint: 11757 ns, Total: 327669 ns
[2021-11-03T06:42:55.851+0000][7][safepoint    ] Safepoint "Cleanup", Time since last: 1002479900 ns, Reaching safepoint: 380848 ns, At safepoint: 7584 ns, Total: 388432 ns
[2021-11-03T06:42:56.855+0000][7][safepoint    ] Safepoint "Cleanup", Time since last: 1003136433 ns, Reaching safepoint: 904136 ns, At safepoint: 85635 ns, Total: 989771 ns
[2021-11-03T06:42:57.859+0000][7][safepoint    ] Safepoint "Cleanup", Time since last: 1002757416 ns, Reaching safepoint: 595544 ns, At safepoint: 17814 ns, Total: 613358 ns
[2021-11-03T06:42:58.862+0000][7][safepoint    ] Safepoint "Cleanup", Time since last: 1003020996 ns, Reaching safepoint: 398608 ns, At safepoint: 8802 ns, Total: 407410 ns
[2021-11-03T06:42:59.864+0000][7][safepoint    ] Safepoint "Cleanup", Time since last: 1002066148 ns, Reaching safepoint: 272462 ns, At safepoint: 12533 ns, Total: 284995 ns
[2021-11-03T06:43:00.846+0000][7][safepoint    ] Safepoint "Cleanup", Time since last: 1001814653 ns, Reaching safepoint: 156653 ns, At safepoint: 5881 ns, Total: 162534 ns
[2021-11-03T06:43:01.848+0000][7][safepoint    ] Safepoint "Cleanup", Time since last: 1001773442 ns, Reaching safepoint: 536026 ns, At safepoint: 22593 ns, Total: 558619 ns
[2021-11-03T06:43:02.851+0000][7][safepoint    ] Safepoint "Cleanup", Time since last: 1002562649 ns, Reaching safepoint: 210342 ns, At safepoint: 6775 ns, Total: 217117 ns
[2021-11-03T06:43:03.854+0000][7][safepoint    ] Safepoint "Cleanup", Time since last: 1002449865 ns, Reaching safepoint: 513127 ns, At safepoint: 7193 ns, Total: 520320 ns
[2021-11-03T06:43:04.857+0000][7][safepoint    ] Safepoint "Cleanup", Time since last: 1002687970 ns, Reaching safepoint: 146788 ns, At safepoint: 4478 ns, Total: 151266 ns
[2021-11-03T06:43:05.860+0000][7][safepoint    ] Safepoint "Cleanup", Time since last: 1003724070 ns, Reaching safepoint: 259904 ns, At safepoint: 5589 ns, Total: 265493 ns
[2021-11-03T06:43:06.863+0000][7][safepoint    ] Safepoint "Cleanup", Time since last: 1002258682 ns, Reaching safepoint: 194943 ns, At safepoint: 6351 ns, Total: 201294 ns
[2021-11-03T06:43:07.866+0000][7][safepoint    ] Safepoint "Cleanup", Time since last: 1002363798 ns, Reaching safepoint: 206903 ns, At safepoint: 5697 ns, Total: 212600 ns
[2021-11-03T06:43:08.869+0000][7][safepoint    ] Safepoint "Cleanup", Time since last: 1003263229 ns, Reaching safepoint: 228832 ns, At safepoint: 4148 ns, Total: 232980 ns
[2021-11-03T06:43:09.871+0000][7][safepoint    ] Safepoint "Cleanup", Time since last: 1001754668 ns, Reaching safepoint: 432049 ns, At safepoint: 9918 ns, Total: 441967 ns
[2021-11-03T06:43:10.875+0000][7][safepoint    ] Safepoint "Cleanup", Time since last: 1002682396 ns, Reaching safepoint: 582870 ns, At safepoint: 8609 ns, Total: 591479 ns
[2021-11-03T06:43:11.883+0000][7][safepoint    ] Safepoint "Cleanup", Time since last: 1007912995 ns, Reaching safepoint: 274075 ns, At safepoint: 31425 ns, Total: 305500 ns
[2021-11-03T06:43:12.887+0000][7][safepoint    ] Safepoint "Cleanup", Time since last: 1003513769 ns, Reaching safepoint: 277487 ns, At safepoint: 7093 ns, Total: 284580 ns
[2021-11-03T06:43:13.890+0000][7][safepoint    ] Safepoint "Cleanup", Time since last: 1003603817 ns, Reaching safepoint: 274288 ns, At safepoint: 6269 ns, Total: 280557 ns
[2021-11-03T06:43:14.894+0000][7][safepoint    ] Safepoint "Cleanup", Time since last: 1003232201 ns, Reaching safepoint: 517551 ns, At safepoint: 9130 ns, Total: 526681 ns
[2021-11-03T06:43:15.898+0000][7][safepoint    ] Safepoint "Cleanup", Time since last: 1003385056 ns, Reaching safepoint: 307383 ns, At safepoint: 5963 ns, Total: 313346 ns
[2021-11-03T06:43:16.904+0000][7][safepoint    ] Safepoint "Cleanup", Time since last: 1005732379 ns, Reaching safepoint: 134650 ns, At safepoint: 4062 ns, Total: 138712 ns
[2021-11-03T06:43:17.906+0000][7][safepoint    ] Safepoint "Cleanup", Time since last: 1002468068 ns, Reaching safepoint: 197323 ns, At safepoint: 6679 ns, Total: 204002 ns
[2021-11-03T06:43:18.910+0000][7][safepoint    ] Safepoint "Cleanup", Time since last: 1003639638 ns, Reaching safepoint: 194532 ns, At safepoint: 6669 ns, Total: 201201 ns
[2021-11-03T06:43:19.913+0000][7][safepoint    ] Safepoint "Cleanup", Time since last: 1002266128 ns, Reaching safepoint: 176810 ns, At safepoint: 4006 ns, Total: 180816 ns
[2021-11-03T06:43:20.915+0000][7][safepoint    ] Safepoint "Cleanup", Time since last: 1001891201 ns, Reaching safepoint: 199027 ns, At safepoint: 6403 ns, Total: 205430 ns
[2021-11-03T06:43:21.920+0000][7][safepoint    ] Safepoint "Cleanup", Time since last: 1004989444 ns, Reaching safepoint: 112226 ns, At safepoint: 2351 ns, Total: 114577 ns
[2021-11-03T06:43:22.923+0000][7][safepoint    ] Safepoint "Cleanup", Time since last: 1002693478 ns, Reaching safepoint: 131442 ns, At safepoint: 3531 ns, Total: 134973 ns
[2021-11-03T06:43:23.924+0000][7][safepoint    ] Safepoint "Cleanup", Time since last: 1001375999 ns, Reaching safepoint: 263054 ns, At safepoint: 5956 ns, Total: 269010 ns
[2021-11-03T06:43:24.928+0000][7][safepoint    ] Safepoint "Cleanup", Time since last: 1003448528 ns, Reaching safepoint: 150739 ns, At safepoint: 3579 ns, Total: 154318 ns
[2021-11-03T06:43:25.931+0000][7][safepoint    ] Safepoint "Cleanup", Time since last: 1002430938 ns, Reaching safepoint: 116010 ns, At safepoint: 2779 ns, Total: 118789 ns
[2021-11-03T06:43:26.933+0000][7][safepoint    ] Safepoint "Cleanup", Time since last: 1002709932 ns, Reaching safepoint: 121987 ns, At safepoint: 2895 ns, Total: 124882 ns
[2021-11-03T06:43:27.936+0000][7][safepoint    ] Safepoint "Cleanup", Time since last: 1002411587 ns, Reaching safepoint: 118559 ns, At safepoint: 3639 ns, Total: 122198 ns
[2021-11-03T06:43:28.937+0000][7][safepoint    ] Safepoint "Cleanup", Time since last: 1001348572 ns, Reaching safepoint: 101714 ns, At safepoint: 2518 ns, Total: 104232 ns
[2021-11-03T06:43:29.939+0000][7][safepoint    ] Safepoint "Cleanup", Time since last: 1001536274 ns, Reaching safepoint: 496214 ns, At safepoint: 4215 ns, Total: 500429 ns
[2021-11-03T06:43:30.925+0000][7][safepoint    ] Safepoint "Cleanup", Time since last: 1006224864 ns, Reaching safepoint: 338876 ns, At safepoint: 185648 ns, Total: 524524 ns
[2021-11-03T06:43:31.928+0000][7][safepoint    ] Safepoint "Cleanup", Time since last: 1002813617 ns, Reaching safepoint: 346860 ns, At safepoint: 5615 ns, Total: 352475 ns
[2021-11-03T06:43:32.931+0000][7][safepoint    ] Safepoint "Cleanup", Time since last: 1002927219 ns, Reaching safepoint: 178277 ns, At safepoint: 4509 ns, Total: 182786 ns
[2021-11-03T06:43:33.933+0000][7][safepoint    ] Safepoint "Cleanup", Time since last: 1001216244 ns, Reaching safepoint: 252811 ns, At safepoint: 6477 ns, Total: 259288 ns
[2021-11-03T06:43:34.935+0000][7][safepoint    ] Safepoint "Cleanup", Time since last: 1002130532 ns, Reaching safepoint: 107071 ns, At safepoint: 2183 ns, Total: 109254 ns
[2021-11-03T06:43:35.937+0000][7][safepoint    ] Safepoint "Cleanup", Time since last: 1001523533 ns, Reaching safepoint: 200500 ns, At safepoint: 6418 ns, Total: 206918 ns
[2021-11-03T06:43:36.940+0000][7][safepoint    ] Safepoint "Cleanup", Time since last: 1003101029 ns, Reaching safepoint: 221763 ns, At safepoint: 3602 ns, Total: 225365 ns
[2021-11-03T06:43:37.942+0000][7][safepoint    ] Safepoint "Cleanup", Time since last: 1001222919 ns, Reaching safepoint: 336252 ns, At safepoint: 11833 ns, Total: 348085 ns
[2021-11-03T06:43:38.944+0000][7][safepoint    ] Safepoint "Cleanup", Time since last: 1002027323 ns, Reaching safepoint: 562523 ns, At safepoint: 11563 ns, Total: 574086 ns
[2021-11-03T06:43:39.946+0000][7][safepoint    ] Safepoint "Cleanup", Time since last: 1002091992 ns, Reaching safepoint: 217722 ns, At safepoint: 4713 ns, Total: 222435 ns
[2021-11-03T06:43:40.948+0000][7][safepoint    ] Safepoint "Cleanup", Time since last: 1001227403 ns, Reaching safepoint: 248932 ns, At safepoint: 4888 ns, Total: 253820 ns
[2021-11-03T06:43:41.950+0000][7][safepoint    ] Safepoint "Cleanup", Time since last: 1001484641 ns, Reaching safepoint: 548087 ns, At safepoint: 10961 ns, Total: 559048 ns
[2021-11-03T06:43:42.953+0000][7][safepoint    ] Safepoint "Cleanup", Time since last: 1002845792 ns, Reaching safepoint: 338521 ns, At safepoint: 9573 ns, Total: 348094 ns
[2021-11-03T06:43:43.956+0000][7][safepoint    ] Safepoint "Cleanup", Time since last: 1002028498 ns, Reaching safepoint: 342930 ns, At safepoint: 6258 ns, Total: 349188 ns
[2021-11-03T06:43:44.958+0000][7][safepoint    ] Safepoint "Cleanup", Time since last: 1002049977 ns, Reaching safepoint: 222499 ns, At safepoint: 6896 ns, Total: 229395 ns
[2021-11-03T06:43:45.960+0000][7][safepoint    ] Safepoint "Cleanup", Time since last: 1001318155 ns, Reaching safepoint: 367109 ns, At safepoint: 11096 ns, Total: 378205 ns
[2021-11-03T06:43:46.962+0000][7][safepoint    ] Safepoint "Cleanup", Time since last: 1002427503 ns, Reaching safepoint: 324104 ns, At safepoint: 6602 ns, Total: 330706 ns
[2021-11-03T06:43:47.966+0000][7][safepoint    ] Safepoint "Cleanup", Time since last: 1003253409 ns, Reaching safepoint: 284393 ns, At safepoint: 7839 ns, Total: 292232 ns
[2021-11-03T06:43:48.970+0000][7][safepoint    ] Safepoint "Cleanup", Time since last: 1003765154 ns, Reaching safepoint: 395716 ns, At safepoint: 7772 ns, Total: 403488 ns
[2021-11-03T06:43:49.974+0000][7][safepoint    ] Safepoint "Cleanup", Time since last: 1003848968 ns, Reaching safepoint: 264306 ns, At safepoint: 6388 ns, Total: 270694 ns
[2021-11-03T06:43:50.977+0000][7][safepoint    ] Safepoint "Cleanup", Time since last: 1002899536 ns, Reaching safepoint: 98160 ns, At safepoint: 2828 ns, Total: 100988 ns
[2021-11-03T06:43:51.980+0000][7][safepoint    ] Safepoint "Cleanup", Time since last: 1002878186 ns, Reaching safepoint: 258842 ns, At safepoint: 27431 ns, Total: 286273 ns
[2021-11-03T06:43:52.982+0000][7][safepoint    ] Safepoint "Cleanup", Time since last: 1001415401 ns, Reaching safepoint: 642412 ns, At safepoint: 17907 ns, Total: 660319 ns
[2021-11-03T06:43:53.988+0000][7][safepoint    ] Safepoint "Cleanup", Time since last: 1005352588 ns, Reaching safepoint: 280449 ns, At safepoint: 7550 ns, Total: 287999 ns
[2021-11-03T06:43:54.993+0000][7][safepoint    ] Safepoint "Cleanup", Time since last: 1004419375 ns, Reaching safepoint: 748116 ns, At safepoint: 4815 ns, Total: 752931 ns
[2021-11-03T06:43:55.995+0000][7][safepoint    ] Safepoint "Cleanup", Time since last: 1001204344 ns, Reaching safepoint: 297522 ns, At safepoint: 5025 ns, Total: 302547 ns
[2021-11-03T06:43:56.997+0000][7][safepoint    ] Safepoint "Cleanup", Time since last: 1001762170 ns, Reaching safepoint: 200714 ns, At safepoint: 6362 ns, Total: 207076 ns
[2021-11-03T06:43:58.000+0000][7][safepoint    ] Safepoint "Cleanup", Time since last: 1002780450 ns, Reaching safepoint: 146354 ns, At safepoint: 3446 ns, Total: 149800 ns
[2021-11-03T06:43:59.002+0000][7][safepoint    ] Safepoint "Cleanup", Time since last: 1002301473 ns, Reaching safepoint: 201743 ns, At safepoint: 6950 ns, Total: 208693 ns
[2021-11-03T06:44:00.005+0000][7][safepoint    ] Safepoint "Cleanup", Time since last: 1002786100 ns, Reaching safepoint: 208032 ns, At safepoint: 7045 ns, Total: 215077 ns
[2021-11-03T06:44:00.988+0000][7][safepoint    ] Safepoint "Cleanup", Time since last: 1003331419 ns, Reaching safepoint: 175208 ns, At safepoint: 6411 ns, Total: 181619 ns
[2021-11-03T06:44:01.989+0000][7][safepoint    ] Safepoint "Cleanup", Time since last: 1001587072 ns, Reaching safepoint: 152238 ns, At safepoint: 3154 ns, Total: 155392 ns
[2021-11-03T06:44:02.991+0000][7][safepoint    ] Safepoint "Cleanup", Time since last: 1001002686 ns, Reaching safepoint: 256715 ns, At safepoint: 6254 ns, Total: 262969 ns
[2021-11-03T06:44:03.994+0000][7][safepoint    ] Safepoint "Cleanup", Time since last: 1002984012 ns, Reaching safepoint: 196788 ns, At safepoint: 6532 ns, Total: 203320 ns
[2021-11-03T06:44:05.112+0000][7][safepoint    ] Safepoint "Cleanup", Time since last: 1117458381 ns, Reaching safepoint: 282342 ns, At safepoint: 7385 ns, Total: 289727 ns
[2021-11-03T06:44:06.113+0000][7][safepoint    ] Safepoint "Cleanup", Time since last: 1001468476 ns, Reaching safepoint: 193795 ns, At safepoint: 32910 ns, Total: 226705 ns
[2021-11-03T06:44:07.117+0000][7][safepoint    ] Safepoint "Cleanup", Time since last: 1002981435 ns, Reaching safepoint: 254564 ns, At safepoint: 7134 ns, Total: 261698 ns
[2021-11-03T06:44:08.121+0000][7][safepoint    ] Safepoint "Cleanup", Time since last: 1003796588 ns, Reaching safepoint: 267348 ns, At safepoint: 6490 ns, Total: 273838 ns
[2021-11-03T06:44:09.124+0000][7][safepoint    ] Safepoint "Cleanup", Time since last: 1003398196 ns, Reaching safepoint: 230713 ns, At safepoint: 7309 ns, Total: 238022 ns
[2021-11-03T06:44:10.128+0000][7][safepoint    ] Safepoint "Cleanup", Time since last: 1002912438 ns, Reaching safepoint: 365811 ns, At safepoint: 10605 ns, Total: 376416 ns
[2021-11-03T06:44:11.130+0000][7][safepoint    ] Safepoint "Cleanup", Time since last: 1002450393 ns, Reaching safepoint: 136669 ns, At safepoint: 3392 ns, Total: 140061 ns
[2021-11-03T06:44:12.133+0000][7][safepoint    ] Safepoint "Cleanup", Time since last: 1002373428 ns, Reaching safepoint: 874599 ns, At safepoint: 16194 ns, Total: 890793 ns
[2021-11-03T06:44:13.136+0000][7][safepoint    ] Safepoint "Cleanup", Time since last: 1002284248 ns, Reaching safepoint: 650307 ns, At safepoint: 28749 ns, Total: 679056 ns
[2021-11-03T06:44:14.141+0000][7][safepoint    ] Safepoint "Cleanup", Time since last: 1004648645 ns, Reaching safepoint: 198859 ns, At safepoint: 7135 ns, Total: 205994 ns
[2021-11-03T06:44:15.144+0000][7][safepoint    ] Safepoint "Cleanup", Time since last: 1002153474 ns, Reaching safepoint: 154902 ns, At safepoint: 4370 ns, Total: 159272 ns
[2021-11-03T06:44:16.145+0000][7][safepoint    ] Safepoint "Cleanup", Time since last: 1001698657 ns, Reaching safepoint: 220498 ns, At safepoint: 6715 ns, Total: 227213 ns
[2021-11-03T06:44:17.153+0000][7][safepoint    ] Safepoint "Cleanup", Time since last: 1007360002 ns, Reaching safepoint: 367800 ns, At safepoint: 3743 ns, Total: 371543 ns
[2021-11-03T06:44:18.155+0000][7][safepoint    ] Safepoint "Cleanup", Time since last: 1001668618 ns, Reaching safepoint: 101489 ns, At safepoint: 2365 ns, Total: 103854 ns
[2021-11-03T06:44:19.157+0000][7][safepoint    ] Safepoint "Cleanup", Time since last: 1001525404 ns, Reaching safepoint: 130272 ns, At safepoint: 3825 ns, Total: 134097 ns
[2021-11-03T06:44:20.159+0000][7][safepoint    ] Safepoint "Cleanup", Time since last: 1001890534 ns, Reaching safepoint: 582837 ns, At safepoint: 11815 ns, Total: 594652 ns
[2021-11-03T06:44:21.165+0000][7][safepoint    ] Safepoint "Cleanup", Time since last: 1005285602 ns, Reaching safepoint: 151966 ns, At safepoint: 4503 ns, Total: 156469 ns
[2021-11-03T06:44:22.167+0000][7][safepoint    ] Safepoint "Cleanup", Time since last: 1002688096 ns, Reaching safepoint: 99399 ns, At safepoint: 3188 ns, Total: 102587 ns
[2021-11-03T06:44:23.171+0000][7][safepoint    ] Safepoint "Cleanup", Time since last: 1003162122 ns, Reaching safepoint: 200704 ns, At safepoint: 4775 ns, Total: 205479 ns
[2021-11-03T06:44:24.173+0000][7][safepoint    ] Safepoint "Cleanup", Time since last: 1002349042 ns, Reaching safepoint: 199300 ns, At safepoint: 6718 ns, Total: 206018 ns
[2021-11-03T06:44:25.176+0000][7][safepoint    ] Safepoint "Cleanup", Time since last: 1002329009 ns, Reaching safepoint: 194932 ns, At safepoint: 6800 ns, Total: 201732 ns
[2021-11-03T06:44:26.178+0000][7][safepoint    ] Safepoint "Cleanup", Time since last: 1002254712 ns, Reaching safepoint: 197629 ns, At safepoint: 6499 ns, Total: 204128 ns
[2021-11-03T06:44:27.181+0000][7][safepoint    ] Safepoint "Cleanup", Time since last: 1002398312 ns, Reaching safepoint: 376563 ns, At safepoint: 7664 ns, Total: 384227 ns
[2021-11-03T06:44:28.184+0000][7][safepoint    ] Safepoint "Cleanup", Time since last: 1002370935 ns, Reaching safepoint: 355106 ns, At safepoint: 8953 ns, Total: 364059 ns
[2021-11-03T06:44:29.188+0000][7][safepoint    ] Safepoint "Cleanup", Time since last: 1003558065 ns, Reaching safepoint: 196580 ns, At safepoint: 6531 ns, Total: 203111 ns
[2021-11-03T06:44:30.194+0000][7][safepoint    ] Safepoint "Cleanup", Time since last: 1006194136 ns, Reaching safepoint: 570839 ns, At safepoint: 7959 ns, Total: 578798 ns
[2021-11-03T06:44:31.175+0000][7][safepoint    ] Safepoint "Cleanup", Time since last: 1002035424 ns, Reaching safepoint: 112486 ns, At safepoint: 2913 ns, Total: 115399 ns
[2021-11-03T06:44:32.177+0000][7][safepoint    ] Safepoint "Cleanup", Time since last: 1001392894 ns, Reaching safepoint: 144595 ns, At safepoint: 3530 ns, Total: 148125 ns
[2021-11-03T06:44:33.179+0000][7][safepoint    ] Safepoint "Cleanup", Time since last: 1001691037 ns, Reaching safepoint: 115558 ns, At safepoint: 2414 ns, Total: 117972 ns
[2021-11-03T06:44:34.180+0000][7][safepoint    ] Safepoint "Cleanup", Time since last: 1001319766 ns, Reaching safepoint: 203990 ns, At safepoint: 3980 ns, Total: 207970 ns
[2021-11-03T06:44:35.184+0000][7][safepoint    ] Safepoint "Cleanup", Time since last: 1003288466 ns, Reaching safepoint: 225966 ns, At safepoint: 4317 ns, Total: 230283 ns
[2021-11-03T06:44:36.186+0000][7][safepoint    ] Safepoint "Cleanup", Time since last: 1001780454 ns, Reaching safepoint: 339286 ns, At safepoint: 5099 ns, Total: 344385 ns
[2021-11-03T06:44:37.191+0000][7][safepoint    ] Safepoint "Cleanup", Time since last: 1004477172 ns, Reaching safepoint: 189647 ns, At safepoint: 4862 ns, Total: 194509 ns
[2021-11-03T06:44:38.193+0000][7][safepoint    ] Safepoint "Cleanup", Time since last: 1002150350 ns, Reaching safepoint: 317021 ns, At safepoint: 8099 ns, Total: 325120 ns
[2021-11-03T06:44:39.197+0000][7][safepoint    ] Safepoint "Cleanup", Time since last: 1003275601 ns, Reaching safepoint: 344181 ns, At safepoint: 12778 ns, Total: 356959 ns
[2021-11-03T06:44:40.199+0000][7][safepoint    ] Safepoint "Cleanup", Time since last: 1002257455 ns, Reaching safepoint: 166538 ns, At safepoint: 3821 ns, Total: 170359 ns
[2021-11-03T06:44:41.200+0000][7][safepoint    ] Safepoint "Cleanup", Time since last: 1001194714 ns, Reaching safepoint: 129165 ns, At safepoint: 3304 ns, Total: 132469 ns
[2021-11-03T06:44:42.202+0000][7][safepoint    ] Safepoint "Cleanup", Time since last: 1001389559 ns, Reaching safepoint: 176035 ns, At safepoint: 5182 ns, Total: 181217 ns
[2021-11-03T06:44:43.206+0000][7][safepoint    ] Safepoint "Cleanup", Time since last: 1004087787 ns, Reaching safepoint: 255251 ns, At safepoint: 6570 ns, Total: 261821 ns
[2021-11-03T06:44:44.209+0000][7][safepoint    ] Safepoint "Cleanup", Time since last: 1002356441 ns, Reaching safepoint: 704056 ns, At safepoint: 16124 ns, Total: 720180 ns
[2021-11-03T06:44:45.212+0000][7][safepoint    ] Safepoint "Cleanup", Time since last: 1002651221 ns, Reaching safepoint: 363896 ns, At safepoint: 7052 ns, Total: 370948 ns
[2021-11-03T06:44:46.216+0000][7][safepoint    ] Safepoint "Cleanup", Time since last: 1002913502 ns, Reaching safepoint: 203269 ns, At safepoint: 4608 ns, Total: 207877 ns
[2021-11-03T06:44:47.220+0000][7][safepoint    ] Safepoint "Cleanup", Time since last: 1004614451 ns, Reaching safepoint: 198740 ns, At safepoint: 6254 ns, Total: 204994 ns
[2021-11-03T06:44:48.224+0000][7][safepoint    ] Safepoint "Cleanup", Time since last: 1003274608 ns, Reaching safepoint: 171588 ns, At safepoint: 2969 ns, Total: 174557 ns
[2021-11-03T06:44:49.225+0000][7][safepoint    ] Safepoint "Cleanup", Time since last: 1000965151 ns, Reaching safepoint: 176153 ns, At safepoint: 3990 ns, Total: 180143 ns
[2021-11-03T06:44:50.228+0000][7][safepoint    ] Safepoint "Cleanup", Time since last: 1002582151 ns, Reaching safepoint: 398398 ns, At safepoint: 9035 ns, Total: 407433 ns
[2021-11-03T06:44:51.231+0000][7][safepoint    ] Safepoint "Cleanup", Time since last: 1002574425 ns, Reaching safepoint: 332570 ns, At safepoint: 4680 ns, Total: 337250 ns
[2021-11-03T06:44:52.234+0000][7][safepoint    ] Safepoint "Cleanup", Time since last: 1002721512 ns, Reaching safepoint: 160762 ns, At safepoint: 4615 ns, Total: 165377 ns
[2021-11-03T06:44:53.237+0000][7][safepoint    ] Safepoint "Cleanup", Time since last: 1003095434 ns, Reaching safepoint: 388841 ns, At safepoint: 7711 ns, Total: 396552 ns
[2021-11-03T06:44:54.240+0000][7][safepoint    ] Safepoint "Cleanup", Time since last: 1002798355 ns, Reaching safepoint: 198504 ns, At safepoint: 6747 ns, Total: 205251 ns
[2021-11-03T06:44:55.243+0000][7][safepoint    ] Safepoint "Cleanup", Time since last: 1002801768 ns, Reaching safepoint: 220113 ns, At safepoint: 5646 ns, Total: 225759 ns
[2021-11-03T06:44:56.245+0000][7][safepoint    ] Safepoint "Cleanup", Time since last: 1001491421 ns, Reaching safepoint: 198203 ns, At safepoint: 5621 ns, Total: 203824 ns
[2021-11-03T06:44:57.248+0000][7][safepoint    ] Safepoint "Cleanup", Time since last: 1002716591 ns, Reaching safepoint: 250589 ns, At safepoint: 4187 ns, Total: 254776 ns
[2021-11-03T06:44:58.250+0000][7][safepoint    ] Safepoint "Cleanup", Time since last: 1001983722 ns, Reaching safepoint: 145820 ns, At safepoint: 3819 ns, Total: 149639 ns
[2021-11-03T06:44:59.253+0000][7][safepoint    ] Safepoint "Cleanup", Time since last: 1002800999 ns, Reaching safepoint: 150594 ns, At safepoint: 50513 ns, Total: 201107 ns
[2021-11-03T06:45:00.234+0000][7][safepoint    ] Safepoint "Cleanup", Time since last: 1001710610 ns, Reaching safepoint: 129988 ns, At safepoint: 3330 ns, Total: 133318 ns
[2021-11-03T06:45:01.237+0000][7][safepoint    ] Safepoint "Cleanup", Time since last: 1002270598 ns, Reaching safepoint: 210966 ns, At safepoint: 7809 ns, Total: 218775 ns
[2021-11-03T06:45:02.240+0000][7][safepoint    ] Safepoint "Cleanup", Time since last: 1003076214 ns, Reaching safepoint: 198252 ns, At safepoint: 6532 ns, Total: 204784 ns
[2021-11-03T06:45:03.243+0000][7][safepoint    ] Safepoint "Cleanup", Time since last: 1002471673 ns, Reaching safepoint: 115265 ns, At safepoint: 3471 ns, Total: 118736 ns
[2021-11-03T06:45:04.247+0000][7][safepoint    ] Safepoint "Cleanup", Time since last: 1003540862 ns, Reaching safepoint: 203949 ns, At safepoint: 7230 ns, Total: 211179 ns
[2021-11-03T06:45:05.249+0000][7][safepoint    ] Safepoint "Cleanup", Time since last: 1002734070 ns, Reaching safepoint: 101701 ns, At safepoint: 2537 ns, Total: 104238 ns
[2021-11-03T06:45:06.253+0000][7][safepoint    ] Safepoint "Cleanup", Time since last: 1002731103 ns, Reaching safepoint: 449292 ns, At safepoint: 5951 ns, Total: 455243 ns
[2021-11-03T06:45:07.255+0000][7][safepoint    ] Safepoint "Cleanup", Time since last: 1002020349 ns, Reaching safepoint: 122330 ns, At safepoint: 2664 ns, Total: 124994 ns
[2021-11-03T06:45:08.257+0000][7][safepoint    ] Safepoint "Cleanup", Time since last: 1002142482 ns, Reaching safepoint: 143671 ns, At safepoint: 4049 ns, Total: 147720 ns
[2021-11-03T06:45:09.260+0000][7][safepoint    ] Safepoint "Cleanup", Time since last: 1002748673 ns, Reaching safepoint: 201667 ns, At safepoint: 6270 ns, Total: 207937 ns
[2021-11-03T06:45:10.266+0000][7][safepoint    ] Safepoint "Cleanup", Time since last: 1005235601 ns, Reaching safepoint: 372993 ns, At safepoint: 7439 ns, Total: 380432 ns
[2021-11-03T06:45:11.273+0000][7][safepoint    ] Safepoint "Cleanup", Time since last: 1007052995 ns, Reaching safepoint: 289498 ns, At safepoint: 9444 ns, Total: 298942 ns
[2021-11-03T06:45:12.279+0000][7][safepoint    ] Safepoint "Cleanup", Time since last: 1005466679 ns, Reaching safepoint: 267062 ns, At safepoint: 7548 ns, Total: 274610 ns
[2021-11-03T06:45:13.282+0000][7][safepoint    ] Safepoint "Cleanup", Time since last: 1002805253 ns, Reaching safepoint: 253828 ns, At safepoint: 7950 ns, Total: 261778 ns
[2021-11-03T06:45:14.288+0000][7][safepoint    ] Safepoint "Cleanup", Time since last: 1005651812 ns, Reaching safepoint: 253799 ns, At safepoint: 6269 ns, Total: 260068 ns
[2021-11-03T06:45:15.293+0000][7][safepoint    ] Safepoint "Cleanup", Time since last: 1004643314 ns, Reaching safepoint: 208163 ns, At safepoint: 6224 ns, Total: 214387 ns
[2021-11-03T06:45:16.298+0000][7][safepoint    ] Safepoint "Cleanup", Time since last: 1005396587 ns, Reaching safepoint: 220567 ns, At safepoint: 8814 ns, Total: 229381 ns
[2021-11-03T06:45:17.301+0000][7][safepoint    ] Safepoint "Cleanup", Time since last: 1002472702 ns, Reaching safepoint: 325951 ns, At safepoint: 7274 ns, Total: 333225 ns
[2021-11-03T06:45:18.306+0000][7][safepoint    ] Safepoint "Cleanup", Time since last: 1004541604 ns, Reaching safepoint: 261914 ns, At safepoint: 7267 ns, Total: 269181 ns
[2021-11-03T06:45:19.309+0000][7][safepoint    ] Safepoint "Cleanup", Time since last: 1002704183 ns, Reaching safepoint: 214396 ns, At safepoint: 5927 ns, Total: 220323 ns
[2021-11-03T06:45:20.312+0000][7][safepoint    ] Safepoint "Cleanup", Time since last: 1003230132 ns, Reaching safepoint: 195683 ns, At safepoint: 7436 ns, Total: 203119 ns
[2021-11-03T06:45:21.316+0000][7][safepoint    ] Safepoint "Cleanup", Time since last: 1003880601 ns, Reaching safepoint: 202394 ns, At safepoint: 6965 ns, Total: 209359 ns
[2021-11-03T06:45:22.320+0000][7][safepoint    ] Safepoint "Cleanup", Time since last: 1003046234 ns, Reaching safepoint: 313621 ns, At safepoint: 7244 ns, Total: 320865 ns
[2021-11-03T06:45:23.323+0000][7][safepoint    ] Safepoint "Cleanup", Time since last: 1002813943 ns, Reaching safepoint: 475789 ns, At safepoint: 9132 ns, Total: 484921 ns
[2021-11-03T06:45:24.326+0000][7][safepoint    ] Safepoint "Cleanup", Time since last: 1002594369 ns, Reaching safepoint: 187720 ns, At safepoint: 6340 ns, Total: 194060 ns
[2021-11-03T06:45:25.329+0000][7][safepoint    ] Safepoint "Cleanup", Time since last: 1002698352 ns, Reaching safepoint: 152084 ns, At safepoint: 4163 ns, Total: 156247 ns
[2021-11-03T06:45:26.331+0000][7][safepoint    ] Safepoint "Cleanup", Time since last: 1002054007 ns, Reaching safepoint: 155628 ns, At safepoint: 5181 ns, Total: 160809 ns
[2021-11-03T06:45:27.335+0000][7][safepoint    ] Safepoint "Cleanup", Time since last: 1004139344 ns, Reaching safepoint: 208397 ns, At safepoint: 6849 ns, Total: 215246 ns
[2021-11-03T06:45:28.343+0000][7][safepoint    ] Safepoint "Cleanup", Time since last: 1007267465 ns, Reaching safepoint: 111222 ns, At safepoint: 3557 ns, Total: 114779 ns
[2021-11-03T06:45:29.346+0000][7][safepoint    ] Safepoint "Cleanup", Time since last: 1003414812 ns, Reaching safepoint: 147652 ns, At safepoint: 10518 ns, Total: 158170 ns
[2021-11-03T06:45:30.328+0000][7][safepoint    ] Safepoint "Cleanup", Time since last: 1003111349 ns, Reaching safepoint: 197607 ns, At safepoint: 3801 ns, Total: 201408 ns
[2021-11-03T06:45:31.329+0000][7][safepoint    ] Safepoint "Cleanup", Time since last: 1001120733 ns, Reaching safepoint: 255308 ns, At safepoint: 5323 ns, Total: 260631 ns
[2021-11-03T06:45:32.337+0000][7][safepoint    ] Safepoint "Cleanup", Time since last: 1006750994 ns, Reaching safepoint: 243211 ns, At safepoint: 8651 ns, Total: 251862 ns
[2021-11-03T06:45:33.340+0000][7][safepoint    ] Safepoint "Cleanup", Time since last: 1002859034 ns, Reaching safepoint: 162946 ns, At safepoint: 4184 ns, Total: 167130 ns
[2021-11-03T06:45:34.342+0000][7][safepoint    ] Safepoint "Cleanup", Time since last: 1002619025 ns, Reaching safepoint: 102453 ns, At safepoint: 2245 ns, Total: 104698 ns
[2021-11-03T06:45:35.345+0000][7][safepoint    ] Safepoint "Cleanup", Time since last: 1002629229 ns, Reaching safepoint: 102453 ns, At safepoint: 2489 ns, Total: 104942 ns
[2021-11-03T06:45:36.347+0000][7][safepoint    ] Safepoint "Cleanup", Time since last: 1001463086 ns, Reaching safepoint: 104165 ns, At safepoint: 2951 ns, Total: 107116 ns
[2021-11-03T06:45:37.350+0000][7][safepoint    ] Safepoint "Cleanup", Time since last: 1003253754 ns, Reaching safepoint: 107947 ns, At safepoint: 2923 ns, Total: 110870 ns
[2021-11-03T06:45:38.353+0000][7][safepoint    ] Safepoint "Cleanup", Time since last: 1003316525 ns, Reaching safepoint: 99703 ns, At safepoint: 2356 ns, Total: 102059 ns
[2021-11-03T06:45:39.356+0000][7][safepoint    ] Safepoint "Cleanup", Time since last: 1002170079 ns, Reaching safepoint: 151256 ns, At safepoint: 4213 ns, Total: 155469 ns
[2021-11-03T06:45:40.358+0000][7][safepoint    ] Safepoint "Cleanup", Time since last: 1001872232 ns, Reaching safepoint: 193828 ns, At safepoint: 6122 ns, Total: 199950 ns
[2021-11-03T06:45:41.362+0000][7][safepoint    ] Safepoint "Cleanup", Time since last: 1003786483 ns, Reaching safepoint: 180902 ns, At safepoint: 34884 ns, Total: 215786 ns
[2021-11-03T06:45:42.365+0000][7][safepoint    ] Safepoint "Cleanup", Time since last: 1003269155 ns, Reaching safepoint: 104283 ns, At safepoint: 2833 ns, Total: 107116 ns
[2021-11-03T06:45:43.367+0000][7][safepoint    ] Safepoint "Cleanup", Time since last: 1001533109 ns, Reaching safepoint: 104548 ns, At safepoint: 2654 ns, Total: 107202 ns
[2021-11-03T06:45:44.371+0000][7][safepoint    ] Safepoint "Cleanup", Time since last: 1004341784 ns, Reaching safepoint: 199887 ns, At safepoint: 6501 ns, Total: 206388 ns
[2021-11-03T06:45:46.209+0000][7][safepoint    ] Safepoint "Cleanup", Time since last: 1837658449 ns, Reaching safepoint: 395767 ns, At safepoint: 7471 ns, Total: 403238 ns
[2021-11-03T06:45:47.213+0000][7][safepoint    ] Safepoint "Cleanup", Time since last: 1002916714 ns, Reaching safepoint: 224052 ns, At safepoint: 15491 ns, Total: 239543 ns
[2021-11-03T06:45:48.214+0000][7][safepoint    ] Safepoint "Cleanup", Time since last: 1001463271 ns, Reaching safepoint: 222373 ns, At safepoint: 4075 ns, Total: 226448 ns
[2021-11-03T06:45:49.220+0000][7][safepoint    ] Safepoint "Cleanup", Time since last: 1005347063 ns, Reaching safepoint: 253984 ns, At safepoint: 6417 ns, Total: 260401 ns
[2021-11-03T06:45:50.225+0000][7][safepoint    ] Safepoint "Cleanup", Time since last: 1005085054 ns, Reaching safepoint: 337403 ns, At safepoint: 8438 ns, Total: 345841 ns
[2021-11-03T06:45:51.228+0000][7][safepoint    ] Safepoint "Cleanup", Time since last: 1002654314 ns, Reaching safepoint: 319640 ns, At safepoint: 6670 ns, Total: 326310 ns
[2021-11-03T06:45:52.232+0000][7][safepoint    ] Safepoint "Cleanup", Time since last: 1004006865 ns, Reaching safepoint: 176535 ns, At safepoint: 4965 ns, Total: 181500 ns
[2021-11-03T06:45:53.235+0000][7][safepoint    ] Safepoint "Cleanup", Time since last: 1002422686 ns, Reaching safepoint: 351493 ns, At safepoint: 5752 ns, Total: 357245 ns
[2021-11-03T06:45:54.237+0000][7][safepoint    ] Safepoint "Cleanup", Time since last: 1001262733 ns, Reaching safepoint: 277118 ns, At safepoint: 5793 ns, Total: 282911 ns
[2021-11-03T06:45:55.240+0000][7][safepoint    ] Safepoint "Cleanup", Time since last: 1002783730 ns, Reaching safepoint: 246208 ns, At safepoint: 4914 ns, Total: 251122 ns
[2021-11-03T06:45:56.243+0000][7][safepoint    ] Safepoint "Cleanup", Time since last: 1003129209 ns, Reaching safepoint: 539230 ns, At safepoint: 9345 ns, Total: 548575 ns
[2021-11-03T06:45:57.250+0000][7][safepoint    ] Safepoint "Cleanup", Time since last: 1006241421 ns, Reaching safepoint: 441757 ns, At safepoint: 9488 ns, Total: 451245 ns
[2021-11-03T06:45:58.255+0000][7][safepoint    ] Safepoint "Cleanup", Time since last: 1004993692 ns, Reaching safepoint: 212815 ns, At safepoint: 4969 ns, Total: 217784 ns
[2021-11-03T06:45:59.257+0000][7][safepoint    ] Safepoint "Cleanup", Time since last: 1001388840 ns, Reaching safepoint: 144853 ns, At safepoint: 5318 ns, Total: 150171 ns
[2021-11-03T06:46:00.237+0000][7][safepoint    ] Safepoint "Cleanup", Time since last: 1001273754 ns, Reaching safepoint: 195874 ns, At safepoint: 4720 ns, Total: 200594 ns
[2021-11-03T06:46:01.243+0000][7][safepoint    ] Safepoint "Cleanup", Time since last: 1005537900 ns, Reaching safepoint: 481295 ns, At safepoint: 9339 ns, Total: 490634 ns
[2021-11-03T06:46:02.246+0000][7][safepoint    ] Safepoint "Cleanup", Time since last: 1002295892 ns, Reaching safepoint: 136456 ns, At safepoint: 3431 ns, Total: 139887 ns
[2021-11-03T06:46:03.249+0000][7][safepoint    ] Safepoint "Cleanup", Time since last: 1003168867 ns, Reaching safepoint: 131800 ns, At safepoint: 2684 ns, Total: 134484 ns
[2021-11-03T06:46:04.251+0000][7][safepoint    ] Safepoint "Cleanup", Time since last: 1001246192 ns, Reaching safepoint: 258950 ns, At safepoint: 6609 ns, Total: 265559 ns
[2021-11-03T06:46:05.256+0000][7][safepoint    ] Safepoint "Cleanup", Time since last: 1004829924 ns, Reaching safepoint: 745662 ns, At safepoint: 10912 ns, Total: 756574 ns
[2021-11-03T06:46:06.259+0000][7][safepoint    ] Safepoint "Cleanup", Time since last: 1002231101 ns, Reaching safepoint: 122174 ns, At safepoint: 2794 ns, Total: 124968 ns
[2021-11-03T06:46:07.260+0000][7][safepoint    ] Safepoint "Cleanup", Time since last: 1001166654 ns, Reaching safepoint: 260681 ns, At safepoint: 6112 ns, Total: 266793 ns
[2021-11-03T06:46:08.266+0000][7][safepoint    ] Safepoint "Cleanup", Time since last: 1005811943 ns, Reaching safepoint: 151519 ns, At safepoint: 54167 ns, Total: 205686 ns
[2021-11-03T06:46:09.268+0000][7][safepoint    ] Safepoint "Cleanup", Time since last: 1001415813 ns, Reaching safepoint: 143791 ns, At safepoint: 4306 ns, Total: 148097 ns
[2021-11-03T06:46:10.269+0000][7][safepoint    ] Safepoint "Cleanup", Time since last: 1001246981 ns, Reaching safepoint: 127813 ns, At safepoint: 2676 ns, Total: 130489 ns
[2021-11-03T06:46:11.271+0000][7][safepoint    ] Safepoint "Cleanup", Time since last: 1001380535 ns, Reaching safepoint: 147096 ns, At safepoint: 2962 ns, Total: 150058 ns
[2021-11-03T06:46:12.272+0000][7][safepoint    ] Safepoint "Cleanup", Time since last: 1001464151 ns, Reaching safepoint: 318308 ns, At safepoint: 8269 ns, Total: 326577 ns
[2021-11-03T06:46:13.275+0000][7][safepoint    ] Safepoint "Cleanup", Time since last: 1002317596 ns, Reaching safepoint: 267400 ns, At safepoint: 7137 ns, Total: 274537 ns
[2021-11-03T06:46:14.278+0000][7][safepoint    ] Safepoint "Cleanup", Time since last: 1002539755 ns, Reaching safepoint: 282183 ns, At safepoint: 7301 ns, Total: 289484 ns
[2021-11-03T06:46:15.284+0000][7][safepoint    ] Safepoint "Cleanup", Time since last: 1006247268 ns, Reaching safepoint: 155535 ns, At safepoint: 2411 ns, Total: 157946 ns
[2021-11-03T06:46:16.287+0000][7][safepoint    ] Safepoint "Cleanup", Time since last: 1003070293 ns, Reaching safepoint: 201760 ns, At safepoint: 6294 ns, Total: 208054 ns
[2021-11-03T06:46:17.293+0000][7][safepoint    ] Safepoint "Cleanup", Time since last: 1005590157 ns, Reaching safepoint: 334277 ns, At safepoint: 10232 ns, Total: 344509 ns
[2021-11-03T06:46:18.297+0000][7][safepoint    ] Safepoint "Cleanup", Time since last: 1003658151 ns, Reaching safepoint: 280660 ns, At safepoint: 5370 ns, Total: 286030 ns
[2021-11-03T06:46:19.301+0000][7][safepoint    ] Safepoint "Cleanup", Time since last: 1003260382 ns, Reaching safepoint: 266572 ns, At safepoint: 6956 ns, Total: 273528 ns
[2021-11-03T06:46:20.305+0000][7][safepoint    ] Safepoint "Cleanup", Time since last: 1003629243 ns, Reaching safepoint: 152353 ns, At safepoint: 2709 ns, Total: 155062 ns
[2021-11-03T06:46:21.307+0000][7][safepoint    ] Safepoint "Cleanup", Time since last: 1002374976 ns, Reaching safepoint: 288435 ns, At safepoint: 5835 ns, Total: 294270 ns
[2021-11-03T06:46:22.312+0000][7][safepoint    ] Safepoint "Cleanup", Time since last: 1004936044 ns, Reaching safepoint: 203135 ns, At safepoint: 7072 ns, Total: 210207 ns
[2021-11-03T06:46:23.315+0000][7][safepoint    ] Safepoint "Cleanup", Time since last: 1002675896 ns, Reaching safepoint: 150046 ns, At safepoint: 3944 ns, Total: 153990 ns
[2021-11-03T06:46:24.318+0000][7][safepoint    ] Safepoint "Cleanup", Time since last: 1002633436 ns, Reaching safepoint: 272722 ns, At safepoint: 5898 ns, Total: 278620 ns
[2021-11-03T06:46:25.324+0000][7][safepoint    ] Safepoint "Cleanup", Time since last: 1005694219 ns, Reaching safepoint: 379232 ns, At safepoint: 8549 ns, Total: 387781 ns
[2021-11-03T06:46:26.328+0000][7][safepoint    ] Safepoint "Cleanup", Time since last: 1003320237 ns, Reaching safepoint: 357539 ns, At safepoint: 9792 ns, Total: 367331 ns
[2021-11-03T06:46:27.333+0000][7][safepoint    ] Safepoint "Cleanup", Time since last: 1004015219 ns, Reaching safepoint: 518083 ns, At safepoint: 9272 ns, Total: 527355 ns
[2021-11-03T06:46:28.336+0000][7][safepoint    ] Safepoint "Cleanup", Time since last: 1002896042 ns, Reaching safepoint: 353751 ns, At safepoint: 8865 ns, Total: 362616 ns
[2021-11-03T06:46:29.340+0000][7][safepoint    ] Safepoint "Cleanup", Time since last: 1003822708 ns, Reaching safepoint: 336867 ns, At safepoint: 11900 ns, Total: 348767 ns
[2021-11-03T06:46:30.324+0000][7][safepoint    ] Safepoint "Cleanup", Time since last: 1004859542 ns, Reaching safepoint: 284879 ns, At safepoint: 7813 ns, Total: 292692 ns
[2021-11-03T06:46:31.328+0000][7][safepoint    ] Safepoint "Cleanup", Time since last: 1003436541 ns, Reaching safepoint: 263221 ns, At safepoint: 7178 ns, Total: 270399 ns
[2021-11-03T06:46:32.332+0000][7][safepoint    ] Safepoint "Cleanup", Time since last: 1004273715 ns, Reaching safepoint: 268283 ns, At safepoint: 7380 ns, Total: 275663 ns
[2021-11-03T06:46:33.336+0000][7][safepoint    ] Safepoint "Cleanup", Time since last: 1003359038 ns, Reaching safepoint: 281820 ns, At safepoint: 6951 ns, Total: 288771 ns
[2021-11-03T06:46:34.340+0000][7][safepoint    ] Safepoint "Cleanup", Time since last: 1003770213 ns, Reaching safepoint: 260798 ns, At safepoint: 6390 ns, Total: 267188 ns
[2021-11-03T06:46:35.344+0000][7][safepoint    ] Safepoint "Cleanup", Time since last: 1003662639 ns, Reaching safepoint: 268817 ns, At safepoint: 7051 ns, Total: 275868 ns
[2021-11-03T06:46:36.347+0000][7][safepoint    ] Safepoint "Cleanup", Time since last: 1002806327 ns, Reaching safepoint: 200514 ns, At safepoint: 5984 ns, Total: 206498 ns
[2021-11-03T06:46:37.351+0000][7][safepoint    ] Safepoint "Cleanup", Time since last: 1003649928 ns, Reaching safepoint: 116868 ns, At safepoint: 30877 ns, Total: 147745 ns
[2021-11-03T06:46:38.353+0000][7][safepoint    ] Safepoint "Cleanup", Time since last: 1002034121 ns, Reaching safepoint: 255050 ns, At safepoint: 7745 ns, Total: 262795 ns
[2021-11-03T06:46:39.361+0000][7][safepoint    ] Safepoint "Cleanup", Time since last: 1007886697 ns, Reaching safepoint: 461735 ns, At safepoint: 9809 ns, Total: 471544 ns
[2021-11-03T06:46:40.364+0000][7][safepoint    ] Safepoint "Cleanup", Time since last: 1002520990 ns, Reaching safepoint: 300781 ns, At safepoint: 3458 ns, Total: 304239 ns
[2021-11-03T06:46:41.370+0000][7][safepoint    ] Safepoint "Cleanup", Time since last: 1005510330 ns, Reaching safepoint: 203448 ns, At safepoint: 6464 ns, Total: 209912 ns
[2021-11-03T06:46:42.374+0000][7][safepoint    ] Safepoint "Cleanup", Time since last: 1003620693 ns, Reaching safepoint: 197245 ns, At safepoint: 6506 ns, Total: 203751 ns
[2021-11-03T06:46:43.377+0000][7][safepoint    ] Safepoint "Cleanup", Time since last: 1002547171 ns, Reaching safepoint: 213997 ns, At safepoint: 6261 ns, Total: 220258 ns
[2021-11-03T06:46:44.380+0000][7][safepoint    ] Safepoint "Cleanup", Time since last: 1002922173 ns, Reaching safepoint: 244222 ns, At safepoint: 8854 ns, Total: 253076 ns
[2021-11-03T06:46:45.385+0000][7][safepoint    ] Safepoint "Cleanup", Time since last: 1004687669 ns, Reaching safepoint: 238078 ns, At safepoint: 6460 ns, Total: 244538 ns
[2021-11-03T06:46:47.105+0000][7][safepoint    ] Safepoint "Cleanup", Time since last: 1719821290 ns, Reaching safepoint: 352561 ns, At safepoint: 6229 ns, Total: 358790 ns
[2021-11-03T06:46:48.108+0000][7][safepoint    ] Safepoint "Cleanup", Time since last: 1002838276 ns, Reaching safepoint: 204246 ns, At safepoint: 6227 ns, Total: 210473 ns
[2021-11-03T06:46:49.111+0000][7][safepoint    ] Safepoint "Cleanup", Time since last: 1003245554 ns, Reaching safepoint: 155785 ns, At safepoint: 3912 ns, Total: 159697 ns
[2021-11-03T06:46:50.115+0000][7][safepoint    ] Safepoint "Cleanup", Time since last: 1003038128 ns, Reaching safepoint: 181394 ns, At safepoint: 5041 ns, Total: 186435 ns
[2021-11-03T06:46:51.118+0000][7][safepoint    ] Safepoint "Cleanup", Time since last: 1002855730 ns, Reaching safepoint: 220458 ns, At safepoint: 3490 ns, Total: 223948 ns
[2021-11-03T06:46:52.120+0000][7][safepoint    ] Safepoint "Cleanup", Time since last: 1002301879 ns, Reaching safepoint: 402091 ns, At safepoint: 6876 ns, Total: 408967 ns
[2021-11-03T06:46:53.123+0000][7][safepoint    ] Safepoint "Cleanup", Time since last: 1002149185 ns, Reaching safepoint: 110358 ns, At safepoint: 2450 ns, Total: 112808 ns
[2021-11-03T06:46:54.124+0000][7][safepoint    ] Safepoint "Cleanup", Time since last: 1001385122 ns, Reaching safepoint: 376355 ns, At safepoint: 5858 ns, Total: 382213 ns
[2021-11-03T06:46:55.127+0000][7][safepoint    ] Safepoint "Cleanup", Time since last: 1002160752 ns, Reaching safepoint: 145247 ns, At safepoint: 3590 ns, Total: 148837 ns
[2021-11-03T06:46:56.130+0000][7][safepoint    ] Safepoint "Cleanup", Time since last: 1002916641 ns, Reaching safepoint: 103852 ns, At safepoint: 2772 ns, Total: 106624 ns
[2021-11-03T06:46:57.132+0000][7][safepoint    ] Safepoint "Cleanup", Time since last: 1002475099 ns, Reaching safepoint: 130440 ns, At safepoint: 3510 ns, Total: 133950 ns
[2021-11-03T06:46:58.134+0000][7][safepoint    ] Safepoint "Cleanup", Time since last: 1001530228 ns, Reaching safepoint: 176286 ns, At safepoint: 5678 ns, Total: 181964 ns
[2021-11-03T06:46:59.139+0000][7][safepoint    ] Safepoint "Cleanup", Time since last: 1003850030 ns, Reaching safepoint: 729436 ns, At safepoint: 24530 ns, Total: 753966 ns
[2021-11-03T06:47:00.872+0000][7][safepoint    ] Safepoint "Cleanup", Time since last: 1753171852 ns, Reaching safepoint: 654950 ns, At safepoint: 13525 ns, Total: 668475 ns
[2021-11-03T06:47:01.875+0000][7][safepoint    ] Safepoint "Cleanup", Time since last: 1002557815 ns, Reaching safepoint: 363575 ns, At safepoint: 6857 ns, Total: 370432 ns
[2021-11-03T06:47:02.881+0000][7][safepoint    ] Safepoint "Cleanup", Time since last: 1006120595 ns, Reaching safepoint: 362395 ns, At safepoint: 7594 ns, Total: 369989 ns
[2021-11-03T06:47:03.885+0000][7][safepoint    ] Safepoint "Cleanup", Time since last: 1003580641 ns, Reaching safepoint: 354852 ns, At safepoint: 10063 ns, Total: 364915 ns
[2021-11-03T06:47:04.888+0000][7][safepoint    ] Safepoint "Cleanup", Time since last: 1002901738 ns, Reaching safepoint: 216630 ns, At safepoint: 7938 ns, Total: 224568 ns
[2021-11-03T06:47:05.891+0000][7][safepoint    ] Safepoint "Cleanup", Time since last: 1002705235 ns, Reaching safepoint: 277860 ns, At safepoint: 6415 ns, Total: 284275 ns
[2021-11-03T06:47:06.894+0000][7][safepoint    ] Safepoint "Cleanup", Time since last: 1002324239 ns, Reaching safepoint: 136040 ns, At safepoint: 3521 ns, Total: 139561 ns
[2021-11-03T06:47:07.897+0000][7][safepoint    ] Safepoint "Cleanup", Time since last: 1003042939 ns, Reaching safepoint: 178913 ns, At safepoint: 4675 ns, Total: 183588 ns
[2021-11-03T06:47:08.899+0000][7][safepoint    ] Safepoint "Cleanup", Time since last: 1001870336 ns, Reaching safepoint: 145440 ns, At safepoint: 3732 ns, Total: 149172 ns
[2021-11-03T06:47:09.902+0000][7][safepoint    ] Safepoint "Cleanup", Time since last: 1002249298 ns, Reaching safepoint: 485447 ns, At safepoint: 15996 ns, Total: 501443 ns
[2021-11-03T06:47:10.905+0000][7][safepoint    ] Safepoint "Cleanup", Time since last: 1002876348 ns, Reaching safepoint: 348020 ns, At safepoint: 13386 ns, Total: 361406 ns
[2021-11-03T06:47:11.908+0000][7][safepoint    ] Safepoint "Cleanup", Time since last: 1002834000 ns, Reaching safepoint: 210196 ns, At safepoint: 6398 ns, Total: 216594 ns
[2021-11-03T06:47:12.911+0000][7][safepoint    ] Safepoint "Cleanup", Time since last: 1002673533 ns, Reaching safepoint: 205761 ns, At safepoint: 5869 ns, Total: 211630 ns
[2021-11-03T06:47:13.915+0000][7][safepoint    ] Safepoint "Cleanup", Time since last: 1003392538 ns, Reaching safepoint: 633081 ns, At safepoint: 11225 ns, Total: 644306 ns
[2021-11-03T06:47:14.917+0000][7][safepoint    ] Safepoint "Cleanup", Time since last: 1002481999 ns, Reaching safepoint: 155133 ns, At safepoint: 3533 ns, Total: 158666 ns
[2021-11-03T06:47:15.920+0000][7][safepoint    ] Safepoint "Cleanup", Time since last: 1002175023 ns, Reaching safepoint: 195735 ns, At safepoint: 6129 ns, Total: 201864 ns
[2021-11-03T06:47:16.924+0000][7][safepoint    ] Safepoint "Cleanup", Time since last: 1003281592 ns, Reaching safepoint: 427766 ns, At safepoint: 10702 ns, Total: 438468 ns
[2021-11-03T06:47:17.928+0000][7][safepoint    ] Safepoint "Cleanup", Time since last: 1004391980 ns, Reaching safepoint: 179276 ns, At safepoint: 7292 ns, Total: 186568 ns
[2021-11-03T06:47:18.930+0000][7][safepoint    ] Safepoint "Cleanup", Time since last: 1001516309 ns, Reaching safepoint: 358194 ns, At safepoint: 10342 ns, Total: 368536 ns
[2021-11-03T06:47:19.933+0000][7][safepoint    ] Safepoint "Cleanup", Time since last: 1002610138 ns, Reaching safepoint: 138223 ns, At safepoint: 3314 ns, Total: 141537 ns
[2021-11-03T06:47:20.941+0000][7][safepoint    ] Safepoint "Cleanup", Time since last: 1008386764 ns, Reaching safepoint: 298828 ns, At safepoint: 7165 ns, Total: 305993 ns
[2021-11-03T06:47:21.943+0000][7][safepoint    ] Safepoint "Cleanup", Time since last: 1001958812 ns, Reaching safepoint: 116702 ns, At safepoint: 3176 ns, Total: 119878 ns
[2021-11-03T06:47:22.945+0000][7][safepoint    ] Safepoint "Cleanup", Time since last: 1001686333 ns, Reaching safepoint: 254737 ns, At safepoint: 3768 ns, Total: 258505 ns
[2021-11-03T06:47:23.953+0000][7][safepoint    ] Safepoint "Cleanup", Time since last: 1007056906 ns, Reaching safepoint: 157635 ns, At safepoint: 4152 ns, Total: 161787 ns
[2021-11-03T06:47:24.955+0000][7][safepoint    ] Safepoint "Cleanup", Time since last: 1001738336 ns, Reaching safepoint: 119930 ns, At safepoint: 2345 ns, Total: 122275 ns
[2021-11-03T06:47:25.956+0000][7][safepoint    ] Safepoint "Cleanup", Time since last: 1001528719 ns, Reaching safepoint: 377629 ns, At safepoint: 5355 ns, Total: 382984 ns
[2021-11-03T06:47:26.959+0000][7][safepoint    ] Safepoint "Cleanup", Time since last: 1002527715 ns, Reaching safepoint: 285602 ns, At safepoint: 12535 ns, Total: 298137 ns
[2021-11-03T06:47:27.962+0000][7][safepoint    ] Safepoint "Cleanup", Time since last: 1002401648 ns, Reaching safepoint: 190196 ns, At safepoint: 7146 ns, Total: 197342 ns
[2021-11-03T06:47:28.964+0000][7][safepoint    ] Safepoint "Cleanup", Time since last: 1001012176 ns, Reaching safepoint: 721413 ns, At safepoint: 17092 ns, Total: 738505 ns
[2021-11-03T06:47:29.967+0000][7][safepoint    ] Safepoint "Cleanup", Time since last: 1002654952 ns, Reaching safepoint: 440051 ns, At safepoint: 11115 ns, Total: 451166 ns
[2021-11-03T06:47:30.949+0000][7][safepoint    ] Safepoint "Cleanup", Time since last: 1002780762 ns, Reaching safepoint: 368521 ns, At safepoint: 13691 ns, Total: 382212 ns
[2021-11-03T06:47:31.952+0000][7][safepoint    ] Safepoint "Cleanup", Time since last: 1002634551 ns, Reaching safepoint: 421679 ns, At safepoint: 71334 ns, Total: 493013 ns
[2021-11-03T06:47:32.955+0000][7][safepoint    ] Safepoint "Cleanup", Time since last: 1002508120 ns, Reaching safepoint: 272197 ns, At safepoint: 6958 ns, Total: 279155 ns
[2021-11-03T06:47:33.959+0000][7][safepoint    ] Safepoint "Cleanup", Time since last: 1003866058 ns, Reaching safepoint: 408756 ns, At safepoint: 9843 ns, Total: 418599 ns
[2021-11-03T06:47:34.962+0000][7][safepoint    ] Safepoint "Cleanup", Time since last: 1002332906 ns, Reaching safepoint: 329940 ns, At safepoint: 14039 ns, Total: 343979 ns
[2021-11-03T06:47:35.965+0000][7][safepoint    ] Safepoint "Cleanup", Time since last: 1003017800 ns, Reaching safepoint: 297509 ns, At safepoint: 7958 ns, Total: 305467 ns
[2021-11-03T06:47:36.968+0000][7][safepoint    ] Safepoint "Cleanup", Time since last: 1003178826 ns, Reaching safepoint: 269471 ns, At safepoint: 6574 ns, Total: 276045 ns
[2021-11-03T06:47:37.975+0000][7][safepoint    ] Safepoint "Cleanup", Time since last: 1005943522 ns, Reaching safepoint: 321964 ns, At safepoint: 7864 ns, Total: 329828 ns
[2021-11-03T06:47:38.977+0000][7][safepoint    ] Safepoint "Cleanup", Time since last: 1002458331 ns, Reaching safepoint: 237545 ns, At safepoint: 4811 ns, Total: 242356 ns
[2021-11-03T06:47:39.979+0000][7][safepoint    ] Safepoint "Cleanup", Time since last: 1001858202 ns, Reaching safepoint: 148237 ns, At safepoint: 3047 ns, Total: 151284 ns
[2021-11-03T06:47:40.981+0000][7][safepoint    ] Safepoint "Cleanup", Time since last: 1001863856 ns, Reaching safepoint: 157104 ns, At safepoint: 4666 ns, Total: 161770 ns
[2021-11-03T06:47:41.986+0000][7][safepoint    ] Safepoint "Cleanup", Time since last: 1004648162 ns, Reaching safepoint: 316478 ns, At safepoint: 6901 ns, Total: 323379 ns
[2021-11-03T06:47:42.991+0000][7][safepoint    ] Safepoint "Cleanup", Time since last: 1003959888 ns, Reaching safepoint: 210230 ns, At safepoint: 4847 ns, Total: 215077 ns
[2021-11-03T06:47:43.993+0000][7][safepoint    ] Safepoint "Cleanup", Time since last: 1001942185 ns, Reaching safepoint: 278781 ns, At safepoint: 6255 ns, Total: 285036 ns
[2021-11-03T06:47:45.176+0000][7][safepoint    ] Safepoint "Cleanup", Time since last: 1182445354 ns, Reaching safepoint: 317549 ns, At safepoint: 24099 ns, Total: 341648 ns
[2021-11-03T06:47:46.178+0000][7][safepoint    ] Safepoint "Cleanup", Time since last: 1002661882 ns, Reaching safepoint: 139426 ns, At safepoint: 4318 ns, Total: 143744 ns
[2021-11-03T06:47:47.183+0000][7][safepoint    ] Safepoint "Cleanup", Time since last: 1004237159 ns, Reaching safepoint: 151277 ns, At safepoint: 5091 ns, Total: 156368 ns
[2021-11-03T06:47:48.185+0000][7][safepoint    ] Safepoint "Cleanup", Time since last: 1002116443 ns, Reaching safepoint: 218570 ns, At safepoint: 6426 ns, Total: 224996 ns
[2021-11-03T06:47:49.188+0000][7][safepoint    ] Safepoint "Cleanup", Time since last: 1003062774 ns, Reaching safepoint: 160367 ns, At safepoint: 3688 ns, Total: 164055 ns
[2021-11-03T06:47:50.190+0000][7][safepoint    ] Safepoint "Cleanup", Time since last: 1001576214 ns, Reaching safepoint: 215909 ns, At safepoint: 8075 ns, Total: 223984 ns
[2021-11-03T06:47:51.192+0000][7][safepoint    ] Safepoint "Cleanup", Time since last: 1001764684 ns, Reaching safepoint: 333236 ns, At safepoint: 8222 ns, Total: 341458 ns
[2021-11-03T06:47:52.195+0000][7][safepoint    ] Safepoint "Cleanup", Time since last: 1002028419 ns, Reaching safepoint: 301905 ns, At safepoint: 6256 ns, Total: 308161 ns
[2021-11-03T06:47:53.201+0000][7][safepoint    ] Safepoint "Cleanup", Time since last: 1006194376 ns, Reaching safepoint: 210677 ns, At safepoint: 6493 ns, Total: 217170 ns
[2021-11-03T06:47:54.208+0000][7][safepoint    ] Safepoint "Cleanup", Time since last: 1006514481 ns, Reaching safepoint: 197263 ns, At safepoint: 6737 ns, Total: 204000 ns
[2021-11-03T06:47:55.211+0000][7][safepoint    ] Safepoint "Cleanup", Time since last: 1002859997 ns, Reaching safepoint: 203891 ns, At safepoint: 6873 ns, Total: 210764 ns
[2021-11-03T06:47:56.213+0000][7][safepoint    ] Safepoint "Cleanup", Time since last: 1002559121 ns, Reaching safepoint: 166605 ns, At safepoint: 5357 ns, Total: 171962 ns
[2021-11-03T06:47:57.215+0000][7][safepoint    ] Safepoint "Cleanup", Time since last: 1001203976 ns, Reaching safepoint: 210222 ns, At safepoint: 6643 ns, Total: 216865 ns
[2021-11-03T06:47:58.222+0000][7][safepoint    ] Safepoint "Cleanup", Time since last: 1006571746 ns, Reaching safepoint: 303678 ns, At safepoint: 7892 ns, Total: 311570 ns
[2021-11-03T06:47:59.225+0000][7][safepoint    ] Safepoint "Cleanup", Time since last: 1002735206 ns, Reaching safepoint: 202830 ns, At safepoint: 7395 ns, Total: 210225 ns
[2021-11-03T06:48:00.207+0000][7][safepoint    ] Safepoint "Cleanup", Time since last: 1002679432 ns, Reaching safepoint: 206756 ns, At safepoint: 6576 ns, Total: 213332 ns
[2021-11-03T06:48:01.213+0000][7][safepoint    ] Safepoint "Cleanup", Time since last: 1005420271 ns, Reaching safepoint: 673074 ns, At safepoint: 23600 ns, Total: 696674 ns
[2021-11-03T06:48:02.216+0000][7][safepoint    ] Safepoint "Cleanup", Time since last: 1002492560 ns, Reaching safepoint: 203586 ns, At safepoint: 6348 ns, Total: 209934 ns
[2021-11-03T06:48:03.218+0000][7][safepoint    ] Safepoint "Cleanup", Time since last: 1002050338 ns, Reaching safepoint: 148159 ns, At safepoint: 3332 ns, Total: 151491 ns
[2021-11-03T06:48:04.220+0000][7][safepoint    ] Safepoint "Cleanup", Time since last: 1001776110 ns, Reaching safepoint: 198456 ns, At safepoint: 6463 ns, Total: 204919 ns
[2021-11-03T06:48:05.222+0000][7][safepoint    ] Safepoint "Cleanup", Time since last: 1002299647 ns, Reaching safepoint: 211438 ns, At safepoint: 4808 ns, Total: 216246 ns
[2021-11-03T06:48:06.224+0000][7][safepoint    ] Safepoint "Cleanup", Time since last: 1001553937 ns, Reaching safepoint: 233090 ns, At safepoint: 4571 ns, Total: 237661 ns
[2021-11-03T06:48:07.226+0000][7][safepoint    ] Safepoint "Cleanup", Time since last: 1001338460 ns, Reaching safepoint: 124284 ns, At safepoint: 3883 ns, Total: 128167 ns
[2021-11-03T06:48:08.227+0000][7][safepoint    ] Safepoint "Cleanup", Time since last: 1001327884 ns, Reaching safepoint: 148801 ns, At safepoint: 3508 ns, Total: 152309 ns
[2021-11-03T06:48:09.228+0000][7][safepoint    ] Safepoint "Cleanup", Time since last: 1001196909 ns, Reaching safepoint: 106946 ns, At safepoint: 2576 ns, Total: 109522 ns
[2021-11-03T06:48:10.230+0000][7][safepoint    ] Safepoint "Cleanup", Time since last: 1001108270 ns, Reaching safepoint: 111829 ns, At safepoint: 2939 ns, Total: 114768 ns
[2021-11-03T06:48:11.231+0000][7][safepoint    ] Safepoint "Cleanup", Time since last: 1001125218 ns, Reaching safepoint: 126990 ns, At safepoint: 2611 ns, Total: 129601 ns
[2021-11-03T06:48:12.232+0000][7][safepoint    ] Safepoint "Cleanup", Time since last: 1001340773 ns, Reaching safepoint: 218985 ns, At safepoint: 3761 ns, Total: 222746 ns
[2021-11-03T06:48:13.234+0000][7][safepoint    ] Safepoint "Cleanup", Time since last: 1001226847 ns, Reaching safepoint: 97194 ns, At safepoint: 2726 ns, Total: 99920 ns
[2021-11-03T06:48:14.235+0000][7][safepoint    ] Safepoint "Cleanup", Time since last: 1001140201 ns, Reaching safepoint: 152179 ns, At safepoint: 3737 ns, Total: 155916 ns
[2021-11-03T06:48:15.237+0000][7][safepoint    ] Safepoint "Cleanup", Time since last: 1001231662 ns, Reaching safepoint: 178062 ns, At safepoint: 6214 ns, Total: 184276 ns
[2021-11-03T06:48:16.238+0000][7][safepoint    ] Safepoint "Cleanup", Time since last: 1000806304 ns, Reaching safepoint: 187200 ns, At safepoint: 4670 ns, Total: 191870 ns
[2021-11-03T06:48:17.239+0000][7][safepoint    ] Safepoint "Cleanup", Time since last: 1001261405 ns, Reaching safepoint: 113370 ns, At safepoint: 3396 ns, Total: 116766 ns
[2021-11-03T06:48:18.240+0000][7][safepoint    ] Safepoint "Cleanup", Time since last: 1000924827 ns, Reaching safepoint: 162141 ns, At safepoint: 6936 ns, Total: 169077 ns
[2021-11-03T06:48:19.241+0000][7][safepoint    ] Safepoint "Cleanup", Time since last: 1000903432 ns, Reaching safepoint: 151850 ns, At safepoint: 3350 ns, Total: 155200 ns
[2021-11-03T06:48:20.242+0000][7][safepoint    ] Safepoint "Cleanup", Time since last: 1000943715 ns, Reaching safepoint: 208203 ns, At safepoint: 4614 ns, Total: 212817 ns
[2021-11-03T06:48:21.244+0000][7][safepoint    ] Safepoint "Cleanup", Time since last: 1001243572 ns, Reaching safepoint: 101679 ns, At safepoint: 2131 ns, Total: 103810 ns
[2021-11-03T06:48:22.245+0000][7][safepoint    ] Safepoint "Cleanup", Time since last: 1001091693 ns, Reaching safepoint: 103742 ns, At safepoint: 2253 ns, Total: 105995 ns
[2021-11-03T06:48:23.246+0000][7][safepoint    ] Safepoint "Cleanup", Time since last: 1000940729 ns, Reaching safepoint: 194844 ns, At safepoint: 2577 ns, Total: 197421 ns
[2021-11-03T06:48:24.247+0000][7][safepoint    ] Safepoint "Cleanup", Time since last: 1001126461 ns, Reaching safepoint: 108852 ns, At safepoint: 1890 ns, Total: 110742 ns
[2021-11-03T06:48:25.249+0000][7][safepoint    ] Safepoint "Cleanup", Time since last: 1001289200 ns, Reaching safepoint: 290489 ns, At safepoint: 10256 ns, Total: 300745 ns
[2021-11-03T06:48:26.251+0000][7][safepoint    ] Safepoint "Cleanup", Time since last: 1002111948 ns, Reaching safepoint: 179943 ns, At safepoint: 3651 ns, Total: 183594 ns
[2021-11-03T06:48:27.253+0000][7][safepoint    ] Safepoint "Cleanup", Time since last: 1001828691 ns, Reaching safepoint: 111331 ns, At safepoint: 2512 ns, Total: 113843 ns
[2021-11-03T06:48:28.255+0000][7][safepoint    ] Safepoint "Cleanup", Time since last: 1001235376 ns, Reaching safepoint: 363722 ns, At safepoint: 9796 ns, Total: 373518 ns
[2021-11-03T06:48:29.256+0000][7][safepoint    ] Safepoint "Cleanup", Time since last: 1001585194 ns, Reaching safepoint: 261639 ns, At safepoint: 4377 ns, Total: 266016 ns
[2021-11-03T06:48:30.238+0000][7][safepoint    ] Safepoint "Cleanup", Time since last: 1001940125 ns, Reaching safepoint: 211356 ns, At safepoint: 20658 ns, Total: 232014 ns
[2021-11-03T06:48:31.240+0000][7][safepoint    ] Safepoint "Cleanup", Time since last: 1001870650 ns, Reaching safepoint: 181189 ns, At safepoint: 3790 ns, Total: 184979 ns
[2021-11-03T06:48:32.241+0000][7][safepoint    ] Safepoint "Cleanup", Time since last: 1001197169 ns, Reaching safepoint: 151583 ns, At safepoint: 4446 ns, Total: 156029 ns
[2021-11-03T06:48:33.243+0000][7][safepoint    ] Safepoint "Cleanup", Time since last: 1002159585 ns, Reaching safepoint: 215584 ns, At safepoint: 2507 ns, Total: 218091 ns
[2021-11-03T06:48:34.245+0000][7][safepoint    ] Safepoint "Cleanup", Time since last: 1001322479 ns, Reaching safepoint: 102862 ns, At safepoint: 2442 ns, Total: 105304 ns
[2021-11-03T06:48:35.247+0000][7][safepoint    ] Safepoint "Cleanup", Time since last: 1001465271 ns, Reaching safepoint: 285165 ns, At safepoint: 3711 ns, Total: 288876 ns
[2021-11-03T06:48:36.251+0000][7][safepoint    ] Safepoint "Cleanup", Time since last: 1004502556 ns, Reaching safepoint: 174322 ns, At safepoint: 12774 ns, Total: 187096 ns
[2021-11-03T06:48:37.257+0000][7][safepoint    ] Safepoint "Cleanup", Time since last: 1005025587 ns, Reaching safepoint: 286998 ns, At safepoint: 9752 ns, Total: 296750 ns
