[2021-11-03T03:02:48.146+0000][7][gc,heap] Heap region size: 1M
[2021-11-03T03:02:48.146+0000][7][gc,heap,coops] Heap address: 0x00000000e0000000, size: 512 MB, Compressed Oops mode: 32-bit
[2021-11-03T03:02:48.302+0000][7][gc           ] Using G1
[2021-11-03T03:02:48.304+0000][7][gc,cds       ] Mark closed archive regions in map: [0x00000000fff00000, 0x00000000fff7eff8]
[2021-11-03T03:02:48.305+0000][7][gc,cds       ] Mark open archive regions in map: [0x00000000ffe00000, 0x00000000ffe51ff8]
[2021-11-03T03:02:48.324+0000][7][gc           ] Periodic GC disabled
[2021-11-03T03:02:48.889+0000][7][safepoint    ] Safepoint "ICBufferFull", Time since last: 573138131 ns, Reaching safepoint: 1617308 ns, At safepoint: 26280 ns, Total: 1643588 ns
[2021-11-03T03:02:48.984+0000][7][gc,start     ] GC(0) Pause Young (Normal) (G1 Evacuation Pause)
[2021-11-03T03:02:48.986+0000][7][gc,task      ] GC(0) Using 4 workers of 4 for evacuation
[2021-11-03T03:02:48.986+0000][7][gc,age       ] GC(0) Desired survivor size 2097152 bytes, new threshold 15 (max threshold 15)
[2021-11-03T03:02:48.992+0000][7][gc,age       ] GC(0) Age table with threshold 15 (max threshold 15)
[2021-11-03T03:02:48.993+0000][7][gc,age       ] GC(0) - age   1:    3200632 bytes,    3200632 total
[2021-11-03T03:02:48.994+0000][7][gc,phases    ] GC(0)   Pre Evacuate Collection Set: 0.2ms
[2021-11-03T03:02:48.994+0000][7][gc,phases    ] GC(0)   Merge Heap Roots: 0.2ms
[2021-11-03T03:02:48.995+0000][7][gc,phases    ] GC(0)   Evacuate Collection Set: 4.6ms
[2021-11-03T03:02:48.995+0000][7][gc,phases    ] GC(0)   Post Evacuate Collection Set: 0.7ms
[2021-11-03T03:02:48.996+0000][7][gc,phases    ] GC(0)   Other: 3.1ms
[2021-11-03T03:02:48.996+0000][7][gc,heap      ] GC(0) Eden regions: 25->0(28)
[2021-11-03T03:02:48.997+0000][7][gc,heap      ] GC(0) Survivor regions: 0->4(4)
[2021-11-03T03:02:48.997+0000][7][gc,heap      ] GC(0) Old regions: 0->0
[2021-11-03T03:02:48.998+0000][7][gc,heap      ] GC(0) Archive regions: 2->2
[2021-11-03T03:02:48.998+0000][7][gc,heap      ] GC(0) Humongous regions: 1->1
[2021-11-03T03:02:48.999+0000][7][gc,metaspace ] GC(0) Metaspace: 7341K(8960K)->7341K(8960K) NonClass: 6509K(7936K)->6509K(7936K) Class: 832K(1024K)->832K(1024K)
[2021-11-03T03:02:49.000+0000][7][gc           ] GC(0) Pause Young (Normal) (G1 Evacuation Pause) 26M->4M(512M) 15.969ms
[2021-11-03T03:02:49.001+0000][7][gc,cpu       ] GC(0) User=0.02s Sys=0.00s Real=0.01s
[2021-11-03T03:02:49.001+0000][7][safepoint    ] Safepoint "G1CollectForAllocation", Time since last: 95275351 ns, Reaching safepoint: 137527 ns, At safepoint: 17024986 ns, Total: 17162513 ns
[2021-11-03T03:02:49.658+0000][7][gc,start     ] GC(1) Pause Young (Normal) (G1 Evacuation Pause)
[2021-11-03T03:02:49.658+0000][7][gc,task      ] GC(1) Using 4 workers of 4 for evacuation
[2021-11-03T03:02:49.659+0000][7][gc,age       ] GC(1) Desired survivor size 2097152 bytes, new threshold 1 (max threshold 15)
[2021-11-03T03:02:49.664+0000][7][gc,age       ] GC(1) Age table with threshold 1 (max threshold 15)
[2021-11-03T03:02:49.668+0000][7][gc,age       ] GC(1) - age   1:    1879688 bytes,    1879688 total
[2021-11-03T03:02:49.671+0000][7][gc,phases    ] GC(1)   Pre Evacuate Collection Set: 0.2ms
[2021-11-03T03:02:49.672+0000][7][gc,phases    ] GC(1)   Merge Heap Roots: 0.1ms
[2021-11-03T03:02:49.672+0000][7][gc,phases    ] GC(1)   Evacuate Collection Set: 3.0ms
[2021-11-03T03:02:49.673+0000][7][gc,phases    ] GC(1)   Post Evacuate Collection Set: 1.3ms
[2021-11-03T03:02:49.674+0000][7][gc,phases    ] GC(1)   Other: 8.4ms
[2021-11-03T03:02:49.675+0000][7][gc,heap      ] GC(1) Eden regions: 28->0(208)
[2021-11-03T03:02:49.675+0000][7][gc,heap      ] GC(1) Survivor regions: 4->2(4)
[2021-11-03T03:02:49.676+0000][7][gc,heap      ] GC(1) Old regions: 0->4
[2021-11-03T03:02:49.676+0000][7][gc,heap      ] GC(1) Archive regions: 2->2
[2021-11-03T03:02:49.677+0000][7][gc,heap      ] GC(1) Humongous regions: 1->1
[2021-11-03T03:02:49.677+0000][7][gc,metaspace ] GC(1) Metaspace: 11615K(12416K)->11615K(12416K) NonClass: 10190K(10752K)->10190K(10752K) Class: 1425K(1664K)->1425K(1664K)
[2021-11-03T03:02:49.678+0000][7][gc           ] GC(1) Pause Young (Normal) (G1 Evacuation Pause) 32M->6M(512M) 20.071ms
[2021-11-03T03:02:49.678+0000][7][gc,cpu       ] GC(1) User=0.01s Sys=0.00s Real=0.02s
[2021-11-03T03:02:49.679+0000][7][safepoint    ] Safepoint "G1CollectForAllocation", Time since last: 656151174 ns, Reaching safepoint: 165808 ns, At safepoint: 21400261 ns, Total: 21566069 ns
[2021-11-03T03:02:50.951+0000][7][safepoint    ] Safepoint "Cleanup", Time since last: 1269971462 ns, Reaching safepoint: 2115849 ns, At safepoint: 46145 ns, Total: 2161994 ns
[2021-11-03T03:02:52.209+0000][7][safepoint    ] Safepoint "Cleanup", Time since last: 1256721590 ns, Reaching safepoint: 531422 ns, At safepoint: 5862 ns, Total: 537284 ns
[2021-11-03T03:02:52.725+0000][7][gc,start     ] GC(2) Pause Young (Normal) (G1 Evacuation Pause)
[2021-11-03T03:02:52.726+0000][7][gc,task      ] GC(2) Using 4 workers of 4 for evacuation
[2021-11-03T03:02:52.726+0000][7][gc,age       ] GC(2) Desired survivor size 14155776 bytes, new threshold 15 (max threshold 15)
[2021-11-03T03:02:52.736+0000][7][gc,age       ] GC(2) Age table with threshold 15 (max threshold 15)
[2021-11-03T03:02:52.736+0000][7][gc,age       ] GC(2) - age   1:    6378312 bytes,    6378312 total
[2021-11-03T03:02:52.737+0000][7][gc,age       ] GC(2) - age   2:    1760936 bytes,    8139248 total
[2021-11-03T03:02:52.738+0000][7][gc,phases    ] GC(2)   Pre Evacuate Collection Set: 0.3ms
[2021-11-03T03:02:52.738+0000][7][gc,phases    ] GC(2)   Merge Heap Roots: 0.2ms
[2021-11-03T03:02:52.739+0000][7][gc,phases    ] GC(2)   Evacuate Collection Set: 6.1ms
[2021-11-03T03:02:52.740+0000][7][gc,phases    ] GC(2)   Post Evacuate Collection Set: 2.2ms
[2021-11-03T03:02:52.740+0000][7][gc,phases    ] GC(2)   Other: 4.2ms
[2021-11-03T03:02:52.741+0000][7][gc,heap      ] GC(2) Eden regions: 208->0(219)
[2021-11-03T03:02:52.742+0000][7][gc,heap      ] GC(2) Survivor regions: 2->9(27)
[2021-11-03T03:02:52.742+0000][7][gc,heap      ] GC(2) Old regions: 4->4
[2021-11-03T03:02:52.743+0000][7][gc,heap      ] GC(2) Archive regions: 2->2
[2021-11-03T03:02:52.743+0000][7][gc,heap      ] GC(2) Humongous regions: 2->1
[2021-11-03T03:02:52.744+0000][7][gc,metaspace ] GC(2) Metaspace: 19045K(20096K)->19045K(20096K) NonClass: 16735K(17408K)->16735K(17408K) Class: 2309K(2688K)->2309K(2688K)
[2021-11-03T03:02:52.745+0000][7][gc           ] GC(2) Pause Young (Normal) (G1 Evacuation Pause) 215M->13M(512M) 19.681ms
[2021-11-03T03:02:52.745+0000][7][gc,cpu       ] GC(2) User=0.02s Sys=0.01s Real=0.02s
[2021-11-03T03:02:52.746+0000][7][safepoint    ] Safepoint "G1CollectForAllocation", Time since last: 515869768 ns, Reaching safepoint: 452441 ns, At safepoint: 21409739 ns, Total: 21862180 ns
[2021-11-03T03:02:52.755+0000][7][safepoint    ] Safepoint "BulkRevokeBias", Time since last: 8004033 ns, Reaching safepoint: 271843 ns, At safepoint: 922536 ns, Total: 1194379 ns
[2021-11-03T03:02:52.773+0000][7][safepoint    ] Safepoint "BulkRevokeBias", Time since last: 17237095 ns, Reaching safepoint: 342990 ns, At safepoint: 104855 ns, Total: 447845 ns
[2021-11-03T03:02:52.776+0000][7][safepoint    ] Safepoint "BulkRevokeBias", Time since last: 1944122 ns, Reaching safepoint: 307894 ns, At safepoint: 169784 ns, Total: 477678 ns
[2021-11-03T03:02:53.385+0000][7][gc,start     ] GC(3) Pause Young (Normal) (G1 Evacuation Pause)
[2021-11-03T03:02:53.385+0000][7][gc,task      ] GC(3) Using 4 workers of 4 for evacuation
[2021-11-03T03:02:53.386+0000][7][gc,age       ] GC(3) Desired survivor size 15204352 bytes, new threshold 15 (max threshold 15)
[2021-11-03T03:02:53.396+0000][7][gc,age       ] GC(3) Age table with threshold 15 (max threshold 15)
[2021-11-03T03:02:53.396+0000][7][gc,age       ] GC(3) - age   1:    5479040 bytes,    5479040 total
[2021-11-03T03:02:53.397+0000][7][gc,age       ] GC(3) - age   2:    4664744 bytes,   10143784 total
[2021-11-03T03:02:53.397+0000][7][gc,age       ] GC(3) - age   3:    1760936 bytes,   11904720 total
[2021-11-03T03:02:53.398+0000][7][gc,phases    ] GC(3)   Pre Evacuate Collection Set: 0.1ms
[2021-11-03T03:02:53.398+0000][7][gc,phases    ] GC(3)   Merge Heap Roots: 0.0ms
[2021-11-03T03:02:53.399+0000][7][gc,phases    ] GC(3)   Evacuate Collection Set: 7.2ms
[2021-11-03T03:02:53.399+0000][7][gc,phases    ] GC(3)   Post Evacuate Collection Set: 2.0ms
[2021-11-03T03:02:53.400+0000][7][gc,phases    ] GC(3)   Other: 3.7ms
[2021-11-03T03:02:53.400+0000][7][gc,heap      ] GC(3) Eden regions: 219->0(295)
[2021-11-03T03:02:53.400+0000][7][gc,heap      ] GC(3) Survivor regions: 9->12(29)
[2021-11-03T03:02:53.401+0000][7][gc,heap      ] GC(3) Old regions: 4->4
[2021-11-03T03:02:53.402+0000][7][gc,heap      ] GC(3) Archive regions: 2->2
[2021-11-03T03:02:53.402+0000][7][gc,heap      ] GC(3) Humongous regions: 1->1
[2021-11-03T03:02:53.403+0000][7][gc,metaspace ] GC(3) Metaspace: 19676K(20736K)->19676K(20736K) NonClass: 17272K(17920K)->17272K(17920K) Class: 2403K(2816K)->2403K(2816K)
[2021-11-03T03:02:53.403+0000][7][gc           ] GC(3) Pause Young (Normal) (G1 Evacuation Pause) 232M->16M(512M) 18.706ms
[2021-11-03T03:02:53.404+0000][7][gc,cpu       ] GC(3) User=0.03s Sys=0.01s Real=0.02s
[2021-11-03T03:02:53.405+0000][7][safepoint    ] Safepoint "G1CollectForAllocation", Time since last: 608998926 ns, Reaching safepoint: 113754 ns, At safepoint: 19989532 ns, Total: 20103286 ns
[2021-11-03T03:02:53.406+0000][7][safepoint    ] Safepoint "BulkRevokeBias", Time since last: 964470 ns, Reaching safepoint: 290856 ns, At safepoint: 174845 ns, Total: 465701 ns
[2021-11-03T03:02:53.661+0000][7][gc,start     ] GC(4) Pause Young (Concurrent Start) (Metadata GC Threshold)
[2021-11-03T03:02:53.661+0000][7][gc,task      ] GC(4) Using 4 workers of 4 for evacuation
[2021-11-03T03:02:53.662+0000][7][gc,age       ] GC(4) Desired survivor size 20447232 bytes, new threshold 15 (max threshold 15)
[2021-11-03T03:02:53.670+0000][7][gc,age       ] GC(4) Age table with threshold 15 (max threshold 15)
[2021-11-03T03:02:53.671+0000][7][gc,age       ] GC(4) - age   1:    1215944 bytes,    1215944 total
[2021-11-03T03:02:53.672+0000][7][gc,age       ] GC(4) - age   2:    3191160 bytes,    4407104 total
[2021-11-03T03:02:53.672+0000][7][gc,age       ] GC(4) - age   3:    4660544 bytes,    9067648 total
[2021-11-03T03:02:53.672+0000][7][gc,age       ] GC(4) - age   4:    1760936 bytes,   10828584 total
[2021-11-03T03:02:53.673+0000][7][gc,phases    ] GC(4)   Pre Evacuate Collection Set: 0.3ms
[2021-11-03T03:02:53.673+0000][7][gc,phases    ] GC(4)   Merge Heap Roots: 0.1ms
[2021-11-03T03:02:53.674+0000][7][gc,phases    ] GC(4)   Evacuate Collection Set: 5.3ms
[2021-11-03T03:02:53.674+0000][7][gc,phases    ] GC(4)   Post Evacuate Collection Set: 1.1ms
[2021-11-03T03:02:53.675+0000][7][gc,phases    ] GC(4)   Other: 5.3ms
[2021-11-03T03:02:53.675+0000][7][gc,heap      ] GC(4) Eden regions: 115->0(295)
[2021-11-03T03:02:53.675+0000][7][gc,heap      ] GC(4) Survivor regions: 12->12(39)
[2021-11-03T03:02:53.676+0000][7][gc,heap      ] GC(4) Old regions: 4->4
[2021-11-03T03:02:53.676+0000][7][gc,heap      ] GC(4) Archive regions: 2->2
[2021-11-03T03:02:53.677+0000][7][gc,heap      ] GC(4) Humongous regions: 1->1
[2021-11-03T03:02:53.677+0000][7][gc,metaspace ] GC(4) Metaspace: 20025K(21296K)->20025K(21296K) NonClass: 17550K(18352K)->17550K(18352K) Class: 2475K(2944K)->2475K(2944K)
[2021-11-03T03:02:53.678+0000][7][gc           ] GC(4) Pause Young (Concurrent Start) (Metadata GC Threshold) 131M->16M(512M) 16.747ms
[2021-11-03T03:02:53.678+0000][7][gc,cpu       ] GC(4) User=0.02s Sys=0.00s Real=0.02s
[2021-11-03T03:02:53.679+0000][7][gc           ] GC(5) Concurrent Cycle
[2021-11-03T03:02:53.680+0000][7][gc,marking   ] GC(5) Concurrent Clear Claimed Marks
[2021-11-03T03:02:53.680+0000][7][safepoint    ] Safepoint "CollectForMetadataAllocation", Time since last: 254612192 ns, Reaching safepoint: 141251 ns, At safepoint: 18819585 ns, Total: 18960836 ns
[2021-11-03T03:02:53.680+0000][7][gc,marking   ] GC(5) Concurrent Clear Claimed Marks 0.470ms
[2021-11-03T03:02:53.681+0000][7][gc,marking   ] GC(5) Concurrent Scan Root Regions
[2021-11-03T03:02:53.693+0000][7][gc,marking   ] GC(5) Concurrent Scan Root Regions 11.821ms
[2021-11-03T03:02:53.694+0000][7][gc,marking   ] GC(5) Concurrent Mark (5.560s)
[2021-11-03T03:02:53.694+0000][7][gc,marking   ] GC(5) Concurrent Mark From Roots
[2021-11-03T03:02:53.695+0000][7][gc,task      ] GC(5) Using 1 workers of 1 for marking
[2021-11-03T03:02:53.708+0000][7][gc,marking   ] GC(5) Concurrent Mark From Roots 14.079ms
[2021-11-03T03:02:53.709+0000][7][gc,marking   ] GC(5) Concurrent Preclean
[2021-11-03T03:02:53.710+0000][7][gc,marking   ] GC(5) Concurrent Preclean 0.694ms
[2021-11-03T03:02:53.710+0000][7][gc,marking   ] GC(5) Concurrent Mark (5.560s, 5.577s) 16.776ms
[2021-11-03T03:02:53.711+0000][7][gc,start     ] GC(5) Pause Remark
[2021-11-03T03:02:53.714+0000][7][gc           ] GC(5) Pause Remark 19M->19M(512M) 2.928ms
[2021-11-03T03:02:53.715+0000][7][gc,cpu       ] GC(5) User=0.00s Sys=0.00s Real=0.00s
[2021-11-03T03:02:53.716+0000][7][safepoint    ] Safepoint "G1Concurrent", Time since last: 31204390 ns, Reaching safepoint: 456647 ns, At safepoint: 4238580 ns, Total: 4695227 ns
[2021-11-03T03:02:53.716+0000][7][gc,marking   ] GC(5) Concurrent Rebuild Remembered Sets
[2021-11-03T03:02:53.720+0000][7][gc,marking   ] GC(5) Concurrent Rebuild Remembered Sets 3.891ms
[2021-11-03T03:02:53.723+0000][7][gc,start     ] GC(5) Pause Cleanup
[2021-11-03T03:02:53.776+0000][7][gc           ] GC(5) Pause Cleanup 21M->21M(512M) 52.917ms
[2021-11-03T03:02:53.776+0000][7][gc,cpu       ] GC(5) User=0.00s Sys=0.00s Real=0.05s
[2021-11-03T03:02:53.777+0000][7][safepoint    ] Safepoint "G1Concurrent", Time since last: 5561082 ns, Reaching safepoint: 1908025 ns, At safepoint: 53793003 ns, Total: 55701028 ns
[2021-11-03T03:02:53.780+0000][7][gc,marking   ] GC(5) Concurrent Cleanup for Next Mark
[2021-11-03T03:02:53.789+0000][7][gc,marking   ] GC(5) Concurrent Cleanup for Next Mark 8.591ms
[2021-11-03T03:02:53.789+0000][7][gc           ] GC(5) Concurrent Cycle 110.285ms
[2021-11-03T03:02:54.552+0000][7][gc,start     ] GC(6) Pause Young (Normal) (G1 Evacuation Pause)
[2021-11-03T03:02:54.552+0000][7][gc,task      ] GC(6) Using 4 workers of 4 for evacuation
[2021-11-03T03:02:54.553+0000][7][gc,age       ] GC(6) Desired survivor size 20447232 bytes, new threshold 15 (max threshold 15)
[2021-11-03T03:02:54.561+0000][7][gc,age       ] GC(6) Age table with threshold 15 (max threshold 15)
[2021-11-03T03:02:54.562+0000][7][gc,age       ] GC(6) - age   1:    2660696 bytes,    2660696 total
[2021-11-03T03:02:54.562+0000][7][gc,age       ] GC(6) - age   2:    1104560 bytes,    3765256 total
[2021-11-03T03:02:54.563+0000][7][gc,age       ] GC(6) - age   3:    3190360 bytes,    6955616 total
[2021-11-03T03:02:54.563+0000][7][gc,age       ] GC(6) - age   4:    4655920 bytes,   11611536 total
[2021-11-03T03:02:54.564+0000][7][gc,age       ] GC(6) - age   5:    1758856 bytes,   13370392 total
[2021-11-03T03:02:54.565+0000][7][gc,phases    ] GC(6)   Pre Evacuate Collection Set: 0.2ms
[2021-11-03T03:02:54.565+0000][7][gc,phases    ] GC(6)   Merge Heap Roots: 0.1ms
[2021-11-03T03:02:54.566+0000][7][gc,phases    ] GC(6)   Evacuate Collection Set: 6.6ms
[2021-11-03T03:02:54.566+0000][7][gc,phases    ] GC(6)   Post Evacuate Collection Set: 1.1ms
[2021-11-03T03:02:54.567+0000][7][gc,phases    ] GC(6)   Other: 5.1ms
[2021-11-03T03:02:54.568+0000][7][gc,heap      ] GC(6) Eden regions: 295->0(293)
[2021-11-03T03:02:54.568+0000][7][gc,heap      ] GC(6) Survivor regions: 12->14(39)
[2021-11-03T03:02:54.569+0000][7][gc,heap      ] GC(6) Old regions: 4->4
[2021-11-03T03:02:54.569+0000][7][gc,heap      ] GC(6) Archive regions: 2->2
[2021-11-03T03:02:54.570+0000][7][gc,heap      ] GC(6) Humongous regions: 1->1
[2021-11-03T03:02:54.571+0000][7][gc,metaspace ] GC(6) Metaspace: 21133K(22704K)->21133K(22704K) NonClass: 18550K(19632K)->18550K(19632K) Class: 2583K(3072K)->2583K(3072K)
[2021-11-03T03:02:54.571+0000][7][gc           ] GC(6) Pause Young (Normal) (G1 Evacuation Pause) 311M->18M(512M) 19.560ms
[2021-11-03T03:02:54.572+0000][7][gc,cpu       ] GC(6) User=0.02s Sys=0.00s Real=0.02s
[2021-11-03T03:02:54.572+0000][7][safepoint    ] Safepoint "G1CollectForAllocation", Time since last: 774516554 ns, Reaching safepoint: 277154 ns, At safepoint: 20586759 ns, Total: 20863913 ns
[2021-11-03T03:02:54.589+0000][7][safepoint    ] Safepoint "BulkRevokeBias", Time since last: 16691719 ns, Reaching safepoint: 343529 ns, At safepoint: 142618 ns, Total: 486147 ns
[2021-11-03T03:02:54.591+0000][7][safepoint    ] Safepoint "BulkRevokeBias", Time since last: 1209000 ns, Reaching safepoint: 714102 ns, At safepoint: 68476 ns, Total: 782578 ns
[2021-11-03T03:02:55.594+0000][7][safepoint    ] Safepoint "Cleanup", Time since last: 1002038071 ns, Reaching safepoint: 349968 ns, At safepoint: 36864 ns, Total: 386832 ns
[2021-11-03T03:02:56.027+0000][7][gc,start     ] GC(7) Pause Young (Normal) (G1 Evacuation Pause)
[2021-11-03T03:02:56.028+0000][7][gc,task      ] GC(7) Using 4 workers of 4 for evacuation
[2021-11-03T03:02:56.028+0000][7][gc,age       ] GC(7) Desired survivor size 20447232 bytes, new threshold 15 (max threshold 15)
[2021-11-03T03:02:56.053+0000][7][gc,age       ] GC(7) Age table with threshold 15 (max threshold 15)
[2021-11-03T03:02:56.055+0000][7][gc,age       ] GC(7) - age   1:    2460216 bytes,    2460216 total
[2021-11-03T03:02:56.055+0000][7][gc,age       ] GC(7) - age   2:    2113152 bytes,    4573368 total
[2021-11-03T03:02:56.056+0000][7][gc,age       ] GC(7) - age   3:    1100192 bytes,    5673560 total
[2021-11-03T03:02:56.057+0000][7][gc,age       ] GC(7) - age   4:    3173848 bytes,    8847408 total
[2021-11-03T03:02:56.057+0000][7][gc,age       ] GC(7) - age   5:    4608960 bytes,   13456368 total
[2021-11-03T03:02:56.058+0000][7][gc,age       ] GC(7) - age   6:    1755048 bytes,   15211416 total
[2021-11-03T03:02:56.059+0000][7][gc,phases    ] GC(7)   Pre Evacuate Collection Set: 0.1ms
[2021-11-03T03:02:56.059+0000][7][gc,phases    ] GC(7)   Merge Heap Roots: 3.8ms
[2021-11-03T03:02:56.060+0000][7][gc,phases    ] GC(7)   Evacuate Collection Set: 18.5ms
[2021-11-03T03:02:56.060+0000][7][gc,phases    ] GC(7)   Post Evacuate Collection Set: 1.6ms
[2021-11-03T03:02:56.061+0000][7][gc,phases    ] GC(7)   Other: 7.9ms
[2021-11-03T03:02:56.062+0000][7][gc,heap      ] GC(7) Eden regions: 293->0(291)
[2021-11-03T03:02:56.063+0000][7][gc,heap      ] GC(7) Survivor regions: 14->16(39)
[2021-11-03T03:02:56.064+0000][7][gc,heap      ] GC(7) Old regions: 4->4
[2021-11-03T03:02:56.064+0000][7][gc,heap      ] GC(7) Archive regions: 2->2
[2021-11-03T03:02:56.065+0000][7][gc,heap      ] GC(7) Humongous regions: 1->1
[2021-11-03T03:02:56.067+0000][7][gc,metaspace ] GC(7) Metaspace: 25613K(27952K)->25613K(27952K) NonClass: 22411K(23984K)->22411K(23984K) Class: 3202K(3968K)->3202K(3968K)
[2021-11-03T03:02:56.068+0000][7][gc           ] GC(7) Pause Young (Normal) (G1 Evacuation Pause) 311M->20M(512M) 41.234ms
[2021-11-03T03:02:56.069+0000][7][gc,cpu       ] GC(7) User=0.07s Sys=0.00s Real=0.04s
[2021-11-03T03:02:56.070+0000][7][safepoint    ] Safepoint "G1CollectForAllocation", Time since last: 432337515 ns, Reaching safepoint: 642673 ns, At safepoint: 43133512 ns, Total: 43776185 ns
[2021-11-03T03:02:57.342+0000][7][safepoint    ] Safepoint "Cleanup", Time since last: 1271347787 ns, Reaching safepoint: 341443 ns, At safepoint: 27086 ns, Total: 368529 ns
[2021-11-03T03:02:58.343+0000][7][safepoint    ] Safepoint "Cleanup", Time since last: 1000855706 ns, Reaching safepoint: 211336 ns, At safepoint: 25281 ns, Total: 236617 ns
[2021-11-03T03:02:59.344+0000][7][safepoint    ] Safepoint "Cleanup", Time since last: 1000779741 ns, Reaching safepoint: 219908 ns, At safepoint: 24223 ns, Total: 244131 ns
[2021-11-03T03:02:59.503+0000][7][gc,start     ] GC(8) Pause Young (Concurrent Start) (Metadata GC Threshold)
[2021-11-03T03:02:59.505+0000][7][gc,task      ] GC(8) Using 4 workers of 4 for evacuation
[2021-11-03T03:02:59.505+0000][7][gc,age       ] GC(8) Desired survivor size 20447232 bytes, new threshold 15 (max threshold 15)
[2021-11-03T03:02:59.544+0000][7][gc,age       ] GC(8) Age table with threshold 15 (max threshold 15)
[2021-11-03T03:02:59.545+0000][7][gc,age       ] GC(8) - age   1:   25737936 bytes,   25737936 total
[2021-11-03T03:02:59.546+0000][7][gc,age       ] GC(8) - age   2:    2395912 bytes,   28133848 total
[2021-11-03T03:02:59.546+0000][7][gc,age       ] GC(8) - age   3:    2108552 bytes,   30242400 total
[2021-11-03T03:02:59.547+0000][7][gc,age       ] GC(8) - age   4:    1091272 bytes,   31333672 total
[2021-11-03T03:02:59.547+0000][7][gc,age       ] GC(8) - age   5:    3166680 bytes,   34500352 total
[2021-11-03T03:02:59.548+0000][7][gc,age       ] GC(8) - age   6:    4560776 bytes,   39061128 total
[2021-11-03T03:02:59.548+0000][7][gc,age       ] GC(8) - age   7:    1749992 bytes,   40811120 total
[2021-11-03T03:02:59.549+0000][7][gc,phases    ] GC(8)   Pre Evacuate Collection Set: 0.5ms
[2021-11-03T03:02:59.550+0000][7][gc,phases    ] GC(8)   Merge Heap Roots: 0.1ms
[2021-11-03T03:02:59.550+0000][7][gc,phases    ] GC(8)   Evacuate Collection Set: 33.8ms
[2021-11-03T03:02:59.551+0000][7][gc,phases    ] GC(8)   Post Evacuate Collection Set: 1.8ms
[2021-11-03T03:02:59.551+0000][7][gc,phases    ] GC(8)   Other: 9.5ms
[2021-11-03T03:02:59.552+0000][7][gc,heap      ] GC(8) Eden regions: 227->0(268)
[2021-11-03T03:02:59.552+0000][7][gc,heap      ] GC(8) Survivor regions: 16->39(39)
[2021-11-03T03:02:59.553+0000][7][gc,heap      ] GC(8) Old regions: 4->5
[2021-11-03T03:02:59.553+0000][7][gc,heap      ] GC(8) Archive regions: 2->2
[2021-11-03T03:02:59.554+0000][7][gc,heap      ] GC(8) Humongous regions: 1->1
[2021-11-03T03:02:59.554+0000][7][gc,metaspace ] GC(8) Metaspace: 33133K(35920K)->33133K(35920K) NonClass: 28804K(30544K)->28804K(30544K) Class: 4329K(5376K)->4329K(5376K)
[2021-11-03T03:02:59.555+0000][7][gc           ] GC(8) Pause Young (Concurrent Start) (Metadata GC Threshold) 247M->45M(512M) 51.387ms
[2021-11-03T03:02:59.555+0000][7][gc,cpu       ] GC(8) User=0.10s Sys=0.00s Real=0.05s
[2021-11-03T03:02:59.556+0000][7][gc           ] GC(9) Concurrent Cycle
[2021-11-03T03:02:59.556+0000][7][gc,marking   ] GC(9) Concurrent Clear Claimed Marks
[2021-11-03T03:02:59.557+0000][7][gc,marking   ] GC(9) Concurrent Clear Claimed Marks 0.805ms
[2021-11-03T03:02:59.560+0000][7][gc,marking   ] GC(9) Concurrent Scan Root Regions
[2021-11-03T03:02:59.556+0000][7][safepoint    ] Safepoint "CollectForMetadataAllocation", Time since last: 159265154 ns, Reaching safepoint: 291871 ns, At safepoint: 52564515 ns, Total: 52856386 ns
[2021-11-03T03:02:59.580+0000][7][safepoint    ] Safepoint "CollectForMetadataAllocation", Time since last: 23555431 ns, Reaching safepoint: 293572 ns, At safepoint: 136349 ns, Total: 429921 ns
[2021-11-03T03:02:59.594+0000][7][gc,marking   ] GC(9) Concurrent Scan Root Regions 34.583ms
[2021-11-03T03:02:59.596+0000][7][gc,marking   ] GC(9) Concurrent Mark (11.462s)
[2021-11-03T03:02:59.596+0000][7][gc,marking   ] GC(9) Concurrent Mark From Roots
[2021-11-03T03:02:59.597+0000][7][gc,task      ] GC(9) Using 1 workers of 1 for marking
[2021-11-03T03:02:59.605+0000][7][gc,marking   ] GC(9) Concurrent Mark From Roots 9.218ms
[2021-11-03T03:02:59.606+0000][7][gc,marking   ] GC(9) Concurrent Preclean
[2021-11-03T03:02:59.607+0000][7][gc,marking   ] GC(9) Concurrent Preclean 0.991ms
[2021-11-03T03:02:59.608+0000][7][gc,marking   ] GC(9) Concurrent Mark (11.462s, 11.474s) 12.389ms
[2021-11-03T03:02:59.609+0000][7][gc,start     ] GC(9) Pause Remark
[2021-11-03T03:02:59.616+0000][7][gc           ] GC(9) Pause Remark 47M->47M(512M) 6.717ms
[2021-11-03T03:02:59.617+0000][7][gc,cpu       ] GC(9) User=0.02s Sys=0.01s Real=0.01s
[2021-11-03T03:02:59.618+0000][7][safepoint    ] Safepoint "G1Concurrent", Time since last: 28723789 ns, Reaching safepoint: 699572 ns, At safepoint: 8433576 ns, Total: 9133148 ns
[2021-11-03T03:02:59.618+0000][7][gc,marking   ] GC(9) Concurrent Rebuild Remembered Sets
[2021-11-03T03:02:59.625+0000][7][gc,marking   ] GC(9) Concurrent Rebuild Remembered Sets 6.620ms
[2021-11-03T03:02:59.627+0000][7][gc,start     ] GC(9) Pause Cleanup
[2021-11-03T03:02:59.628+0000][7][gc           ] GC(9) Pause Cleanup 48M->48M(512M) 0.995ms
[2021-11-03T03:02:59.628+0000][7][gc,cpu       ] GC(9) User=0.00s Sys=0.00s Real=0.00s
[2021-11-03T03:02:59.629+0000][7][safepoint    ] Safepoint "G1Concurrent", Time since last: 8191573 ns, Reaching safepoint: 821557 ns, At safepoint: 2493035 ns, Total: 3314592 ns
[2021-11-03T03:02:59.630+0000][7][gc,marking   ] GC(9) Concurrent Cleanup for Next Mark
[2021-11-03T03:02:59.632+0000][7][gc,marking   ] GC(9) Concurrent Cleanup for Next Mark 1.551ms
[2021-11-03T03:02:59.632+0000][7][gc           ] GC(9) Concurrent Cycle 76.525ms
[2021-11-03T03:03:01.296+0000][7][safepoint    ] Safepoint "ICBufferFull", Time since last: 1666844449 ns, Reaching safepoint: 265969 ns, At safepoint: 28089 ns, Total: 294058 ns
[2021-11-03T03:03:01.663+0000][7][safepoint    ] Safepoint "BulkRevokeBias", Time since last: 365917749 ns, Reaching safepoint: 247610 ns, At safepoint: 66531 ns, Total: 314141 ns
[2021-11-03T03:03:01.669+0000][7][safepoint    ] Safepoint "BulkRevokeBias", Time since last: 5886407 ns, Reaching safepoint: 142496 ns, At safepoint: 72517 ns, Total: 215013 ns
[2021-11-03T03:03:01.687+0000][7][safepoint    ] Safepoint "BulkRevokeBias", Time since last: 17679607 ns, Reaching safepoint: 295668 ns, At safepoint: 67743 ns, Total: 363411 ns
[2021-11-03T03:03:02.118+0000][7][safepoint    ] Safepoint "BulkRevokeBias", Time since last: 431198403 ns, Reaching safepoint: 206347 ns, At safepoint: 265264 ns, Total: 471611 ns
[2021-11-03T03:03:02.306+0000][7][gc,start     ] GC(10) Pause Young (Concurrent Start) (G1 Evacuation Pause)
[2021-11-03T03:03:02.307+0000][7][gc,task      ] GC(10) Using 4 workers of 4 for evacuation
[2021-11-03T03:03:02.309+0000][7][gc,age       ] GC(10) Desired survivor size 20447232 bytes, new threshold 1 (max threshold 15)
[2021-11-03T03:03:02.356+0000][7][gc,age       ] GC(10) Age table with threshold 1 (max threshold 15)
[2021-11-03T03:03:02.357+0000][7][gc,age       ] GC(10) - age   1:    7688056 bytes,    7688056 total
[2021-11-03T03:03:02.358+0000][7][gc,phases    ] GC(10)   Pre Evacuate Collection Set: 0.8ms
[2021-11-03T03:03:02.358+0000][7][gc,phases    ] GC(10)   Merge Heap Roots: 0.3ms
[2021-11-03T03:03:02.359+0000][7][gc,phases    ] GC(10)   Evacuate Collection Set: 43.6ms
[2021-11-03T03:03:02.360+0000][7][gc,phases    ] GC(10)   Post Evacuate Collection Set: 1.8ms
[2021-11-03T03:03:02.361+0000][7][gc,phases    ] GC(10)   Other: 5.0ms
[2021-11-03T03:03:02.362+0000][7][gc,heap      ] GC(10) Eden regions: 268->0(290)
[2021-11-03T03:03:02.363+0000][7][gc,heap      ] GC(10) Survivor regions: 39->9(39)
[2021-11-03T03:03:02.363+0000][7][gc,heap      ] GC(10) Old regions: 5->44
[2021-11-03T03:03:02.364+0000][7][gc,heap      ] GC(10) Archive regions: 2->2
[2021-11-03T03:03:02.364+0000][7][gc,heap      ] GC(10) Humongous regions: 1->1
[2021-11-03T03:03:02.365+0000][7][gc,metaspace ] GC(10) Metaspace: 53715K(58448K)->53715K(58448K) NonClass: 46422K(49232K)->46422K(49232K) Class: 7292K(9216K)->7292K(9216K)
[2021-11-03T03:03:02.365+0000][7][gc           ] GC(10) Pause Young (Concurrent Start) (G1 Evacuation Pause) 313M->53M(512M) 59.398ms
[2021-11-03T03:03:02.366+0000][7][gc,cpu       ] GC(10) User=0.13s Sys=0.00s Real=0.06s
[2021-11-03T03:03:02.367+0000][7][gc           ] GC(11) Concurrent Cycle
[2021-11-03T03:03:02.371+0000][7][gc,marking   ] GC(11) Concurrent Clear Claimed Marks
[2021-11-03T03:03:02.367+0000][7][safepoint    ] Safepoint "G1CollectForAllocation", Time since last: 187145537 ns, Reaching safepoint: 527693 ns, At safepoint: 61287942 ns, Total: 61815635 ns
[2021-11-03T03:03:02.372+0000][7][gc,marking   ] GC(11) Concurrent Clear Claimed Marks 1.587ms
[2021-11-03T03:03:02.373+0000][7][gc,marking   ] GC(11) Concurrent Scan Root Regions
[2021-11-03T03:03:02.408+0000][7][gc,marking   ] GC(11) Concurrent Scan Root Regions 35.025ms
[2021-11-03T03:03:02.409+0000][7][gc,marking   ] GC(11) Concurrent Mark (14.275s)
[2021-11-03T03:03:02.409+0000][7][gc,marking   ] GC(11) Concurrent Mark From Roots
[2021-11-03T03:03:02.410+0000][7][gc,task      ] GC(11) Using 1 workers of 1 for marking
[2021-11-03T03:03:02.431+0000][7][gc,marking   ] GC(11) Concurrent Mark From Roots 21.782ms
[2021-11-03T03:03:02.432+0000][7][gc,marking   ] GC(11) Concurrent Preclean
[2021-11-03T03:03:02.433+0000][7][gc,marking   ] GC(11) Concurrent Preclean 0.778ms
[2021-11-03T03:03:02.433+0000][7][gc,marking   ] GC(11) Concurrent Mark (14.275s, 14.300s) 24.723ms
[2021-11-03T03:03:02.434+0000][7][gc,start     ] GC(11) Pause Remark
[2021-11-03T03:03:02.440+0000][7][gc           ] GC(11) Pause Remark 60M->60M(512M) 6.054ms
[2021-11-03T03:03:02.441+0000][7][gc,cpu       ] GC(11) User=0.01s Sys=0.01s Real=0.01s
[2021-11-03T03:03:02.442+0000][7][safepoint    ] Safepoint "G1Concurrent", Time since last: 66628559 ns, Reaching safepoint: 222532 ns, At safepoint: 7917941 ns, Total: 8140473 ns
[2021-11-03T03:03:02.443+0000][7][gc,marking   ] GC(11) Concurrent Rebuild Remembered Sets
[2021-11-03T03:03:02.488+0000][7][gc,marking   ] GC(11) Concurrent Rebuild Remembered Sets 44.442ms
[2021-11-03T03:03:02.491+0000][7][gc,start     ] GC(11) Pause Cleanup
[2021-11-03T03:03:02.493+0000][7][gc           ] GC(11) Pause Cleanup 65M->65M(512M) 1.181ms
[2021-11-03T03:03:02.493+0000][7][gc,cpu       ] GC(11) User=0.01s Sys=0.00s Real=0.00s
[2021-11-03T03:03:02.494+0000][7][safepoint    ] Safepoint "G1Concurrent", Time since last: 46758433 ns, Reaching safepoint: 2486982 ns, At safepoint: 2554015 ns, Total: 5040997 ns
[2021-11-03T03:03:02.495+0000][7][gc,marking   ] GC(11) Concurrent Cleanup for Next Mark
[2021-11-03T03:03:02.497+0000][7][gc,marking   ] GC(11) Concurrent Cleanup for Next Mark 1.985ms
[2021-11-03T03:03:02.498+0000][7][gc           ] GC(11) Concurrent Cycle 131.104ms
[2021-11-03T03:03:03.021+0000][7][safepoint    ] Safepoint "ICBufferFull", Time since last: 525886230 ns, Reaching safepoint: 1228739 ns, At safepoint: 6433 ns, Total: 1235172 ns
[2021-11-03T03:03:03.817+0000][7][safepoint    ] Safepoint "ICBufferFull", Time since last: 795327803 ns, Reaching safepoint: 675167 ns, At safepoint: 4272 ns, Total: 679439 ns
[2021-11-03T03:03:04.118+0000][7][safepoint    ] Safepoint "BulkRevokeBias", Time since last: 300834979 ns, Reaching safepoint: 241341 ns, At safepoint: 162988 ns, Total: 404329 ns
[2021-11-03T03:03:04.314+0000][7][safepoint    ] Safepoint "BulkRevokeBias", Time since last: 195326690 ns, Reaching safepoint: 377321 ns, At safepoint: 97107 ns, Total: 474428 ns
[2021-11-03T03:03:05.494+0000][7][safepoint    ] Safepoint "Cleanup", Time since last: 1179260087 ns, Reaching safepoint: 354255 ns, At safepoint: 7805 ns, Total: 362060 ns
[2021-11-03T03:03:08.475+0000][7][safepoint    ] Safepoint "Cleanup", Time since last: 3003067354 ns, Reaching safepoint: 216353 ns, At safepoint: 3926 ns, Total: 220279 ns
[2021-11-03T03:03:09.477+0000][7][safepoint    ] Safepoint "Cleanup", Time since last: 1001915505 ns, Reaching safepoint: 367971 ns, At safepoint: 8557 ns, Total: 376528 ns
[2021-11-03T03:03:12.488+0000][7][safepoint    ] Safepoint "Cleanup", Time since last: 3010068407 ns, Reaching safepoint: 280196 ns, At safepoint: 9011 ns, Total: 289207 ns
[2021-11-03T03:03:17.496+0000][7][safepoint    ] Safepoint "Cleanup", Time since last: 5007834825 ns, Reaching safepoint: 411240 ns, At safepoint: 51878 ns, Total: 463118 ns
[2021-11-03T03:03:18.501+0000][7][safepoint    ] Safepoint "Cleanup", Time since last: 1004787187 ns, Reaching safepoint: 220754 ns, At safepoint: 23602 ns, Total: 244356 ns
[2021-11-03T03:03:20.508+0000][7][safepoint    ] Safepoint "Cleanup", Time since last: 2006908174 ns, Reaching safepoint: 86340 ns, At safepoint: 3042 ns, Total: 89382 ns
[2021-11-03T03:03:26.515+0000][7][safepoint    ] Safepoint "Cleanup", Time since last: 6006796404 ns, Reaching safepoint: 333654 ns, At safepoint: 7111 ns, Total: 340765 ns
[2021-11-03T03:03:29.526+0000][7][safepoint    ] Safepoint "Cleanup", Time since last: 3010798451 ns, Reaching safepoint: 349398 ns, At safepoint: 71954 ns, Total: 421352 ns
[2021-11-03T03:03:36.308+0000][7][safepoint    ] Safepoint "Cleanup", Time since last: 6781417209 ns, Reaching safepoint: 381112 ns, At safepoint: 11749 ns, Total: 392861 ns
[2021-11-03T03:03:41.298+0000][7][safepoint    ] Safepoint "Cleanup", Time since last: 5011335353 ns, Reaching safepoint: 299696 ns, At safepoint: 11133 ns, Total: 310829 ns
[2021-11-03T03:03:44.310+0000][7][safepoint    ] Safepoint "Cleanup", Time since last: 3011139992 ns, Reaching safepoint: 168766 ns, At safepoint: 3810 ns, Total: 172576 ns
[2021-11-03T03:03:59.901+0000][7][safepoint    ] Safepoint "Cleanup", Time since last: 15590449044 ns, Reaching safepoint: 337232 ns, At safepoint: 6143 ns, Total: 343375 ns
[2021-11-03T03:04:00.907+0000][7][safepoint    ] Safepoint "Cleanup", Time since last: 1006222153 ns, Reaching safepoint: 409795 ns, At safepoint: 7487 ns, Total: 417282 ns
[2021-11-03T03:04:04.915+0000][7][safepoint    ] Safepoint "Cleanup", Time since last: 4007787356 ns, Reaching safepoint: 157681 ns, At safepoint: 3448 ns, Total: 161129 ns
[2021-11-03T03:04:07.896+0000][7][safepoint    ] Safepoint "Cleanup", Time since last: 3002314278 ns, Reaching safepoint: 291549 ns, At safepoint: 4845 ns, Total: 296394 ns
[2021-11-03T03:04:11.904+0000][7][safepoint    ] Safepoint "Cleanup", Time since last: 4007611737 ns, Reaching safepoint: 304500 ns, At safepoint: 13095 ns, Total: 317595 ns
[2021-11-03T03:04:14.910+0000][7][safepoint    ] Safepoint "Cleanup", Time since last: 3005833368 ns, Reaching safepoint: 576681 ns, At safepoint: 14296 ns, Total: 590977 ns
[2021-11-03T03:04:18.916+0000][7][safepoint    ] Safepoint "Cleanup", Time since last: 4005334773 ns, Reaching safepoint: 414138 ns, At safepoint: 11702 ns, Total: 425840 ns
[2021-11-03T03:04:29.931+0000][7][safepoint    ] Safepoint "Cleanup", Time since last: 11014216430 ns, Reaching safepoint: 199286 ns, At safepoint: 4721 ns, Total: 204007 ns
[2021-11-03T03:04:31.938+0000][7][safepoint    ] Safepoint "Cleanup", Time since last: 2006616487 ns, Reaching safepoint: 413827 ns, At safepoint: 5838 ns, Total: 419665 ns
[2021-11-03T03:04:32.941+0000][7][safepoint    ] Safepoint "Cleanup", Time since last: 1002471661 ns, Reaching safepoint: 533492 ns, At safepoint: 9465 ns, Total: 542957 ns
[2021-11-03T03:04:33.944+0000][7][safepoint    ] Safepoint "Cleanup", Time since last: 1003289173 ns, Reaching safepoint: 223103 ns, At safepoint: 5355 ns, Total: 228458 ns
[2021-11-03T03:04:34.947+0000][7][safepoint    ] Safepoint "Cleanup", Time since last: 1002343505 ns, Reaching safepoint: 518309 ns, At safepoint: 23129 ns, Total: 541438 ns
[2021-11-03T03:04:35.952+0000][7][safepoint    ] Safepoint "Cleanup", Time since last: 1004503981 ns, Reaching safepoint: 180889 ns, At safepoint: 6496 ns, Total: 187385 ns
[2021-11-03T03:04:41.943+0000][7][safepoint    ] Safepoint "Cleanup", Time since last: 6011592804 ns, Reaching safepoint: 448090 ns, At safepoint: 22584 ns, Total: 470674 ns
[2021-11-03T03:04:56.958+0000][7][safepoint    ] Safepoint "Cleanup", Time since last: 15014818002 ns, Reaching safepoint: 254905 ns, At safepoint: 3532 ns, Total: 258437 ns
[2021-11-03T03:05:03.969+0000][7][safepoint    ] Safepoint "Cleanup", Time since last: 7011284206 ns, Reaching safepoint: 110253 ns, At safepoint: 2371 ns, Total: 112624 ns
[2021-11-03T03:05:04.970+0000][7][safepoint    ] Safepoint "Cleanup", Time since last: 1001027933 ns, Reaching safepoint: 143281 ns, At safepoint: 21712 ns, Total: 164993 ns
[2021-11-03T03:05:10.955+0000][7][safepoint    ] Safepoint "Cleanup", Time since last: 6006194890 ns, Reaching safepoint: 256013 ns, At safepoint: 8309 ns, Total: 264322 ns
[2021-11-03T03:05:21.973+0000][7][safepoint    ] Safepoint "Cleanup", Time since last: 11017688572 ns, Reaching safepoint: 252337 ns, At safepoint: 4592 ns, Total: 256929 ns
[2021-11-03T03:05:38.979+0000][7][safepoint    ] Safepoint "Cleanup", Time since last: 17026945900 ns, Reaching safepoint: 513098 ns, At safepoint: 9604 ns, Total: 522702 ns
[2021-11-03T03:05:40.987+0000][7][safepoint    ] Safepoint "Cleanup", Time since last: 2006916726 ns, Reaching safepoint: 433744 ns, At safepoint: 12302 ns, Total: 446046 ns
[2021-11-03T03:06:06.020+0000][7][safepoint    ] Safepoint "Cleanup", Time since last: 25032338412 ns, Reaching safepoint: 595542 ns, At safepoint: 11867 ns, Total: 607409 ns
[2021-11-03T03:06:09.005+0000][7][safepoint    ] Safepoint "Cleanup", Time since last: 3006756497 ns, Reaching safepoint: 219317 ns, At safepoint: 7303 ns, Total: 226620 ns
[2021-11-03T03:06:14.016+0000][7][safepoint    ] Safepoint "Cleanup", Time since last: 5010147421 ns, Reaching safepoint: 263301 ns, At safepoint: 7248 ns, Total: 270549 ns
[2021-11-03T03:06:15.018+0000][7][safepoint    ] Safepoint "Cleanup", Time since last: 1002594424 ns, Reaching safepoint: 136329 ns, At safepoint: 4055 ns, Total: 140384 ns
[2021-11-03T03:06:24.031+0000][7][safepoint    ] Safepoint "Cleanup", Time since last: 9012722074 ns, Reaching safepoint: 188827 ns, At safepoint: 6109 ns, Total: 194936 ns
[2021-11-03T03:06:44.039+0000][7][safepoint    ] Safepoint "Cleanup", Time since last: 20029007492 ns, Reaching safepoint: 220453 ns, At safepoint: 6236 ns, Total: 226689 ns
[2021-11-03T03:07:29.080+0000][7][safepoint    ] Safepoint "Cleanup", Time since last: 45061913266 ns, Reaching safepoint: 288043 ns, At safepoint: 6608 ns, Total: 294651 ns
[2021-11-03T03:07:59.101+0000][7][safepoint    ] Safepoint "Cleanup", Time since last: 30042562336 ns, Reaching safepoint: 137394 ns, At safepoint: 2290 ns, Total: 139684 ns
[2021-11-03T03:08:05.110+0000][7][safepoint    ] Safepoint "Cleanup", Time since last: 6008593089 ns, Reaching safepoint: 180050 ns, At safepoint: 5455 ns, Total: 185505 ns
[2021-11-03T03:08:35.144+0000][7][safepoint    ] Safepoint "Cleanup", Time since last: 30055034902 ns, Reaching safepoint: 223325 ns, At safepoint: 4625 ns, Total: 227950 ns
[2021-11-03T03:09:55.228+0000][7][safepoint    ] Safepoint "Cleanup", Time since last: 80149032647 ns, Reaching safepoint: 122155 ns, At safepoint: 2472 ns, Total: 124627 ns
[2021-11-03T03:11:47.334+0000][7][safepoint    ] Safepoint "Cleanup", Time since last: 112190719973 ns, Reaching safepoint: 242785 ns, At safepoint: 6499 ns, Total: 249284 ns
[2021-11-03T03:12:26.383+0000][7][safepoint    ] Safepoint "Cleanup", Time since last: 39070263081 ns, Reaching safepoint: 290953 ns, At safepoint: 8353 ns, Total: 299306 ns
[2021-11-03T03:12:34.400+0000][7][safepoint    ] Safepoint "Cleanup", Time since last: 8016647990 ns, Reaching safepoint: 108046 ns, At safepoint: 3402 ns, Total: 111448 ns
[2021-11-03T03:13:04.422+0000][7][safepoint    ] Safepoint "Cleanup", Time since last: 30044015510 ns, Reaching safepoint: 207579 ns, At safepoint: 7652 ns, Total: 215231 ns
[2021-11-03T03:13:27.442+0000][7][safepoint    ] Safepoint "Cleanup", Time since last: 23040385809 ns, Reaching safepoint: 410341 ns, At safepoint: 8596 ns, Total: 418937 ns
[2021-11-03T03:15:13.515+0000][7][safepoint    ] Safepoint "Cleanup", Time since last: 106146656563 ns, Reaching safepoint: 540366 ns, At safepoint: 8882 ns, Total: 549248 ns
[2021-11-03T03:15:14.519+0000][7][safepoint    ] Safepoint "Cleanup", Time since last: 1003429948 ns, Reaching safepoint: 341569 ns, At safepoint: 9458 ns, Total: 351027 ns
[2021-11-03T03:15:16.530+0000][7][safepoint    ] Safepoint "Cleanup", Time since last: 2010796439 ns, Reaching safepoint: 466804 ns, At safepoint: 7179 ns, Total: 473983 ns
[2021-11-03T03:16:31.584+0000][7][safepoint    ] Safepoint "Cleanup", Time since last: 75093723322 ns, Reaching safepoint: 349386 ns, At safepoint: 13319 ns, Total: 362705 ns
[2021-11-03T03:16:34.594+0000][7][safepoint    ] Safepoint "Cleanup", Time since last: 3009702204 ns, Reaching safepoint: 144829 ns, At safepoint: 4434 ns, Total: 149263 ns
[2021-11-03T03:18:01.661+0000][7][safepoint    ] Safepoint "Cleanup", Time since last: 87130517485 ns, Reaching safepoint: 430932 ns, At safepoint: 6242 ns, Total: 437174 ns
[2021-11-03T03:18:04.716+0000][7][safepoint    ] Safepoint "Cleanup", Time since last: 3054696516 ns, Reaching safepoint: 162646 ns, At safepoint: 4262 ns, Total: 166908 ns
[2021-11-03T03:18:34.738+0000][7][safepoint    ] Safepoint "Cleanup", Time since last: 30042882252 ns, Reaching safepoint: 323451 ns, At safepoint: 7831 ns, Total: 331282 ns
[2021-11-03T03:18:59.742+0000][7][safepoint    ] Safepoint "Cleanup", Time since last: 25024413816 ns, Reaching safepoint: 410173 ns, At safepoint: 6172 ns, Total: 416345 ns
[2021-11-03T03:19:01.749+0000][7][safepoint    ] Safepoint "Cleanup", Time since last: 2006570805 ns, Reaching safepoint: 372781 ns, At safepoint: 11056 ns, Total: 383837 ns
[2021-11-03T03:19:55.806+0000][7][safepoint    ] Safepoint "Cleanup", Time since last: 54101344614 ns, Reaching safepoint: 246473 ns, At safepoint: 72656 ns, Total: 319129 ns
[2021-11-03T03:20:02.819+0000][7][safepoint    ] Safepoint "Cleanup", Time since last: 7012271625 ns, Reaching safepoint: 145443 ns, At safepoint: 3478 ns, Total: 148921 ns
[2021-11-03T03:22:05.916+0000][7][safepoint    ] Safepoint "Cleanup", Time since last: 123180253524 ns, Reaching safepoint: 743117 ns, At safepoint: 132206 ns, Total: 875323 ns
[2021-11-03T03:23:04.939+0000][7][safepoint    ] Safepoint "Cleanup", Time since last: 59065190059 ns, Reaching safepoint: 174594 ns, At safepoint: 3110 ns, Total: 177704 ns
[2021-11-03T03:23:15.933+0000][7][safepoint    ] Safepoint "Cleanup", Time since last: 11015000370 ns, Reaching safepoint: 265752 ns, At safepoint: 4289 ns, Total: 270041 ns
[2021-11-03T03:23:34.956+0000][7][safepoint    ] Safepoint "Cleanup", Time since last: 19022175905 ns, Reaching safepoint: 424337 ns, At safepoint: 70791 ns, Total: 495128 ns
[2021-11-03T03:23:40.941+0000][7][safepoint    ] Safepoint "Cleanup", Time since last: 6006088733 ns, Reaching safepoint: 370692 ns, At safepoint: 7969 ns, Total: 378661 ns
[2021-11-03T03:24:32.991+0000][7][safepoint    ] Safepoint "Cleanup", Time since last: 52071247730 ns, Reaching safepoint: 238473 ns, At safepoint: 6662 ns, Total: 245135 ns
[2021-11-03T03:24:50.987+0000][7][safepoint    ] Safepoint "Cleanup", Time since last: 18016782036 ns, Reaching safepoint: 286793 ns, At safepoint: 72703 ns, Total: 359496 ns
[2021-11-03T03:26:34.073+0000][7][safepoint    ] Safepoint "Cleanup", Time since last: 103149584999 ns, Reaching safepoint: 357588 ns, At safepoint: 4543 ns, Total: 362131 ns
[2021-11-03T03:27:10.318+0000][7][safepoint    ] Safepoint "Cleanup", Time since last: 36287659060 ns, Reaching safepoint: 112076 ns, At safepoint: 2194 ns, Total: 114270 ns
[2021-11-03T03:27:10.345+0000][7][safepoint    ] Safepoint "BulkRevokeBias", Time since last: 26324746 ns, Reaching safepoint: 284327 ns, At safepoint: 334003 ns, Total: 618330 ns
[2021-11-03T03:27:10.352+0000][7][safepoint    ] Safepoint "BulkRevokeBias", Time since last: 6563175 ns, Reaching safepoint: 153744 ns, At safepoint: 453213 ns, Total: 606957 ns
[2021-11-03T03:27:10.432+0000][7][gc,heap,exit ] Heap
[2021-11-03T03:27:10.433+0000][7][gc,heap,exit ]  garbage-first heap   total 524288K, used 256921K [0x00000000e0000000, 0x0000000100000000)
[2021-11-03T03:27:10.434+0000][7][gc,heap,exit ]   region size 1024K, 207 young (211968K), 9 survivors (9216K)
[2021-11-03T03:27:10.435+0000][7][gc,heap,exit ]  Metaspace       used 72081K, capacity 78044K, committed 78288K, reserved 1116160K
[2021-11-03T03:27:10.435+0000][7][gc,heap,exit ]   class space    used 9722K, capacity 12140K, committed 12160K, reserved 1048576K
