[2021-11-03T02:22:08.760+0000][8][gc,heap] Heap region size: 1M
[2021-11-03T02:22:08.761+0000][8][gc,heap,coops] Heap address: 0x00000000e0000000, size: 512 MB, Compressed Oops mode: 32-bit
[2021-11-03T02:22:09.133+0000][8][gc           ] Using G1
[2021-11-03T02:22:09.135+0000][8][gc,cds       ] Mark closed archive regions in map: [0x00000000fff00000, 0x00000000fff7eff8]
[2021-11-03T02:22:09.136+0000][8][gc,cds       ] Mark open archive regions in map: [0x00000000ffe00000, 0x00000000ffe51ff8]
[2021-11-03T02:22:09.182+0000][8][gc           ] Periodic GC disabled
[2021-11-03T02:22:10.248+0000][8][safepoint    ] Safepoint "Cleanup", Time since last: 1081632093 ns, Reaching safepoint: 636366 ns, At safepoint: 191264 ns, Total: 827630 ns
[2021-11-03T02:22:10.753+0000][8][gc,start     ] GC(0) Pause Young (Normal) (G1 Evacuation Pause)
[2021-11-03T02:22:10.755+0000][8][gc,task      ] GC(0) Using 4 workers of 4 for evacuation
[2021-11-03T02:22:10.756+0000][8][gc,age       ] GC(0) Desired survivor size 2097152 bytes, new threshold 15 (max threshold 15)
[2021-11-03T02:22:10.844+0000][8][gc,age       ] GC(0) Age table with threshold 15 (max threshold 15)
[2021-11-03T02:22:10.848+0000][8][gc,age       ] GC(0) - age   1:    3188440 bytes,    3188440 total
[2021-11-03T02:22:10.852+0000][8][gc,phases    ] GC(0)   Pre Evacuate Collection Set: 5.8ms
[2021-11-03T02:22:10.865+0000][8][gc,phases    ] GC(0)   Merge Heap Roots: 0.2ms
[2021-11-03T02:22:10.867+0000][8][gc,phases    ] GC(0)   Evacuate Collection Set: 14.2ms
[2021-11-03T02:22:10.868+0000][8][gc,phases    ] GC(0)   Post Evacuate Collection Set: 65.7ms
[2021-11-03T02:22:10.872+0000][8][gc,phases    ] GC(0)   Other: 13.4ms
[2021-11-03T02:22:10.874+0000][8][gc,heap      ] GC(0) Eden regions: 25->0(25)
[2021-11-03T02:22:10.876+0000][8][gc,heap      ] GC(0) Survivor regions: 0->4(4)
[2021-11-03T02:22:10.878+0000][8][gc,heap      ] GC(0) Old regions: 0->0
[2021-11-03T02:22:10.878+0000][8][gc,heap      ] GC(0) Archive regions: 2->2
[2021-11-03T02:22:10.879+0000][8][gc,heap      ] GC(0) Humongous regions: 1->1
[2021-11-03T02:22:10.879+0000][8][gc,metaspace ] GC(0) Metaspace: 7313K(9088K)->7313K(9088K) NonClass: 6478K(7936K)->6478K(7936K) Class: 835K(1152K)->835K(1152K)
[2021-11-03T02:22:10.882+0000][8][gc           ] GC(0) Pause Young (Normal) (G1 Evacuation Pause) 26M->5M(512M) 129.755ms
[2021-11-03T02:22:10.884+0000][8][gc,cpu       ] GC(0) User=0.13s Sys=0.03s Real=0.13s
[2021-11-03T02:22:10.884+0000][8][safepoint    ] Safepoint "G1CollectForAllocation", Time since last: 503381662 ns, Reaching safepoint: 551955 ns, At safepoint: 131974086 ns, Total: 132526041 ns
[2021-11-03T02:22:12.235+0000][8][safepoint    ] Safepoint "Cleanup", Time since last: 1350091592 ns, Reaching safepoint: 351336 ns, At safepoint: 25090 ns, Total: 376426 ns
[2021-11-03T02:22:13.010+0000][8][gc,start     ] GC(1) Pause Young (Normal) (G1 Evacuation Pause)
[2021-11-03T02:22:13.028+0000][8][gc,task      ] GC(1) Using 4 workers of 4 for evacuation
[2021-11-03T02:22:13.031+0000][8][gc,age       ] GC(1) Desired survivor size 2097152 bytes, new threshold 1 (max threshold 15)
[2021-11-03T02:22:13.108+0000][8][gc,age       ] GC(1) Age table with threshold 1 (max threshold 15)
[2021-11-03T02:22:13.108+0000][8][gc,age       ] GC(1) - age   1:    1577816 bytes,    1577816 total
[2021-11-03T02:22:13.109+0000][8][gc,phases    ] GC(1)   Pre Evacuate Collection Set: 0.3ms
[2021-11-03T02:22:13.109+0000][8][gc,phases    ] GC(1)   Merge Heap Roots: 0.1ms
[2021-11-03T02:22:13.110+0000][8][gc,phases    ] GC(1)   Evacuate Collection Set: 69.7ms
[2021-11-03T02:22:13.111+0000][8][gc,phases    ] GC(1)   Post Evacuate Collection Set: 4.7ms
[2021-11-03T02:22:13.112+0000][8][gc,phases    ] GC(1)   Other: 24.4ms
[2021-11-03T02:22:13.113+0000][8][gc,heap      ] GC(1) Eden regions: 25->0(35)
[2021-11-03T02:22:13.114+0000][8][gc,heap      ] GC(1) Survivor regions: 4->2(4)
[2021-11-03T02:22:13.114+0000][8][gc,heap      ] GC(1) Old regions: 0->4
[2021-11-03T02:22:13.115+0000][8][gc,heap      ] GC(1) Archive regions: 2->2
[2021-11-03T02:22:13.116+0000][8][gc,heap      ] GC(1) Humongous regions: 1->1
[2021-11-03T02:22:13.117+0000][8][gc,metaspace ] GC(1) Metaspace: 11532K(12160K)->11532K(12160K) NonClass: 10101K(10496K)->10101K(10496K) Class: 1430K(1664K)->1430K(1664K)
[2021-11-03T02:22:13.118+0000][8][gc           ] GC(1) Pause Young (Normal) (G1 Evacuation Pause) 30M->6M(512M) 107.886ms
[2021-11-03T02:22:13.118+0000][8][gc,cpu       ] GC(1) User=0.07s Sys=0.02s Real=0.11s
[2021-11-03T02:22:13.120+0000][8][safepoint    ] Safepoint "G1CollectForAllocation", Time since last: 774521526 ns, Reaching safepoint: 260125 ns, At safepoint: 110288444 ns, Total: 110548569 ns
[2021-11-03T02:22:14.543+0000][8][safepoint    ] Safepoint "Cleanup", Time since last: 1422653798 ns, Reaching safepoint: 644715 ns, At safepoint: 111826 ns, Total: 756541 ns
[2021-11-03T02:22:14.817+0000][8][gc,start     ] GC(2) Pause Young (Normal) (G1 Evacuation Pause)
[2021-11-03T02:22:14.818+0000][8][gc,task      ] GC(2) Using 4 workers of 4 for evacuation
[2021-11-03T02:22:14.818+0000][8][gc,age       ] GC(2) Desired survivor size 2621440 bytes, new threshold 15 (max threshold 15)
[2021-11-03T02:22:14.832+0000][8][gc,age       ] GC(2) Age table with threshold 15 (max threshold 15)
[2021-11-03T02:22:14.833+0000][8][gc,age       ] GC(2) - age   1:    1889936 bytes,    1889936 total
[2021-11-03T02:22:14.834+0000][8][gc,age       ] GC(2) - age   2:    1482400 bytes,    3372336 total
[2021-11-03T02:22:14.835+0000][8][gc,phases    ] GC(2)   Pre Evacuate Collection Set: 0.5ms
[2021-11-03T02:22:14.836+0000][8][gc,phases    ] GC(2)   Merge Heap Roots: 0.7ms
[2021-11-03T02:22:14.836+0000][8][gc,phases    ] GC(2)   Evacuate Collection Set: 8.7ms
[2021-11-03T02:22:14.837+0000][8][gc,phases    ] GC(2)   Post Evacuate Collection Set: 3.0ms
[2021-11-03T02:22:14.838+0000][8][gc,phases    ] GC(2)   Other: 5.0ms
[2021-11-03T02:22:14.838+0000][8][gc,heap      ] GC(2) Eden regions: 35->0(79)
[2021-11-03T02:22:14.839+0000][8][gc,heap      ] GC(2) Survivor regions: 2->4(5)
[2021-11-03T02:22:14.839+0000][8][gc,heap      ] GC(2) Old regions: 4->4
[2021-11-03T02:22:14.840+0000][8][gc,heap      ] GC(2) Archive regions: 2->2
[2021-11-03T02:22:14.840+0000][8][gc,heap      ] GC(2) Humongous regions: 1->1
[2021-11-03T02:22:14.841+0000][8][gc,metaspace ] GC(2) Metaspace: 14947K(15616K)->14947K(15616K) NonClass: 13155K(13568K)->13155K(13568K) Class: 1792K(2048K)->1792K(2048K)
[2021-11-03T02:22:14.841+0000][8][gc           ] GC(2) Pause Young (Normal) (G1 Evacuation Pause) 41M->8M(512M) 24.406ms
[2021-11-03T02:22:14.842+0000][8][gc,cpu       ] GC(2) User=0.02s Sys=0.01s Real=0.03s
[2021-11-03T02:22:14.843+0000][8][safepoint    ] Safepoint "G1CollectForAllocation", Time since last: 273234383 ns, Reaching safepoint: 482698 ns, At safepoint: 26304297 ns, Total: 26786995 ns
[2021-11-03T02:22:14.845+0000][8][safepoint    ] Safepoint "BulkRevokeBias", Time since last: 898300 ns, Reaching safepoint: 350964 ns, At safepoint: 302538 ns, Total: 653502 ns
[2021-11-03T02:22:15.853+0000][8][safepoint    ] Safepoint "Cleanup", Time since last: 1007365947 ns, Reaching safepoint: 587743 ns, At safepoint: 13863 ns, Total: 601606 ns
[2021-11-03T02:22:16.248+0000][8][gc,start     ] GC(3) Pause Young (Normal) (G1 Evacuation Pause)
[2021-11-03T02:22:16.253+0000][8][gc,task      ] GC(3) Using 4 workers of 4 for evacuation
[2021-11-03T02:22:16.254+0000][8][gc,age       ] GC(3) Desired survivor size 5767168 bytes, new threshold 15 (max threshold 15)
[2021-11-03T02:22:16.269+0000][8][gc,age       ] GC(3) Age table with threshold 15 (max threshold 15)
[2021-11-03T02:22:16.272+0000][8][gc,age       ] GC(3) - age   1:    3336104 bytes,    3336104 total
[2021-11-03T02:22:16.274+0000][8][gc,age       ] GC(3) - age   2:    1857672 bytes,    5193776 total
[2021-11-03T02:22:16.277+0000][8][gc,age       ] GC(3) - age   3:    1467792 bytes,    6661568 total
[2021-11-03T02:22:16.279+0000][8][gc,phases    ] GC(3)   Pre Evacuate Collection Set: 0.4ms
[2021-11-03T02:22:16.280+0000][8][gc,phases    ] GC(3)   Merge Heap Roots: 0.3ms
[2021-11-03T02:22:16.282+0000][8][gc,phases    ] GC(3)   Evacuate Collection Set: 10.1ms
[2021-11-03T02:22:16.283+0000][8][gc,phases    ] GC(3)   Post Evacuate Collection Set: 3.1ms
[2021-11-03T02:22:16.284+0000][8][gc,phases    ] GC(3)   Other: 17.2ms
[2021-11-03T02:22:16.285+0000][8][gc,heap      ] GC(3) Eden regions: 79->0(300)
[2021-11-03T02:22:16.286+0000][8][gc,heap      ] GC(3) Survivor regions: 4->7(11)
[2021-11-03T02:22:16.287+0000][8][gc,heap      ] GC(3) Old regions: 4->4
[2021-11-03T02:22:16.289+0000][8][gc,heap      ] GC(3) Archive regions: 2->2
[2021-11-03T02:22:16.290+0000][8][gc,heap      ] GC(3) Humongous regions: 2->1
[2021-11-03T02:22:16.291+0000][8][gc,metaspace ] GC(3) Metaspace: 17973K(18944K)->17973K(18944K) NonClass: 15757K(16384K)->15757K(16384K) Class: 2215K(2560K)->2215K(2560K)
[2021-11-03T02:22:16.292+0000][8][gc           ] GC(3) Pause Young (Normal) (G1 Evacuation Pause) 88M->11M(512M) 43.130ms
[2021-11-03T02:22:16.292+0000][8][gc,cpu       ] GC(3) User=0.05s Sys=0.01s Real=0.05s
[2021-11-03T02:22:16.294+0000][8][safepoint    ] Safepoint "G1CollectForAllocation", Time since last: 395034839 ns, Reaching safepoint: 543075 ns, At safepoint: 45341893 ns, Total: 45884968 ns
[2021-11-03T02:22:16.310+0000][8][safepoint    ] Safepoint "BulkRevokeBias", Time since last: 14691800 ns, Reaching safepoint: 1084530 ns, At safepoint: 298261 ns, Total: 1382791 ns
[2021-11-03T02:22:16.312+0000][8][safepoint    ] Safepoint "BulkRevokeBias", Time since last: 1116940 ns, Reaching safepoint: 581117 ns, At safepoint: 69110 ns, Total: 650227 ns
[2021-11-03T02:22:17.481+0000][8][safepoint    ] Safepoint "Cleanup", Time since last: 1169035584 ns, Reaching safepoint: 459218 ns, At safepoint: 4178 ns, Total: 463396 ns
[2021-11-03T02:22:17.748+0000][8][gc,start     ] GC(4) Pause Young (Normal) (G1 Evacuation Pause)
[2021-11-03T02:22:17.748+0000][8][gc,task      ] GC(4) Using 4 workers of 4 for evacuation
[2021-11-03T02:22:17.749+0000][8][gc,age       ] GC(4) Desired survivor size 20447232 bytes, new threshold 15 (max threshold 15)
[2021-11-03T02:22:17.776+0000][8][gc,age       ] GC(4) Age table with threshold 15 (max threshold 15)
[2021-11-03T02:22:17.777+0000][8][gc,age       ] GC(4) - age   1:    5445392 bytes,    5445392 total
[2021-11-03T02:22:17.778+0000][8][gc,age       ] GC(4) - age   2:    2640224 bytes,    8085616 total
[2021-11-03T02:22:17.779+0000][8][gc,age       ] GC(4) - age   3:    1857352 bytes,    9942968 total
[2021-11-03T02:22:17.779+0000][8][gc,age       ] GC(4) - age   4:    1467792 bytes,   11410760 total
[2021-11-03T02:22:17.780+0000][8][gc,phases    ] GC(4)   Pre Evacuate Collection Set: 0.1ms
[2021-11-03T02:22:17.781+0000][8][gc,phases    ] GC(4)   Merge Heap Roots: 0.2ms
[2021-11-03T02:22:17.783+0000][8][gc,phases    ] GC(4)   Evacuate Collection Set: 24.4ms
[2021-11-03T02:22:17.784+0000][8][gc,phases    ] GC(4)   Post Evacuate Collection Set: 1.6ms
[2021-11-03T02:22:17.785+0000][8][gc,phases    ] GC(4)   Other: 6.4ms
[2021-11-03T02:22:17.785+0000][8][gc,heap      ] GC(4) Eden regions: 300->0(295)
[2021-11-03T02:22:17.786+0000][8][gc,heap      ] GC(4) Survivor regions: 7->12(39)
[2021-11-03T02:22:17.787+0000][8][gc,heap      ] GC(4) Old regions: 4->4
[2021-11-03T02:22:17.788+0000][8][gc,heap      ] GC(4) Archive regions: 2->2
[2021-11-03T02:22:17.789+0000][8][gc,heap      ] GC(4) Humongous regions: 1->1
[2021-11-03T02:22:17.790+0000][8][gc,metaspace ] GC(4) Metaspace: 18695K(19840K)->18695K(19840K) NonClass: 16383K(17152K)->16383K(17152K) Class: 2311K(2688K)->2311K(2688K)
[2021-11-03T02:22:17.791+0000][8][gc           ] GC(4) Pause Young (Normal) (G1 Evacuation Pause) 311M->16M(512M) 43.203ms
[2021-11-03T02:22:17.792+0000][8][gc,cpu       ] GC(4) User=0.05s Sys=0.01s Real=0.05s
[2021-11-03T02:22:17.793+0000][8][safepoint    ] Safepoint "G1CollectForAllocation", Time since last: 266186615 ns, Reaching safepoint: 410322 ns, At safepoint: 45059422 ns, Total: 45469744 ns
[2021-11-03T02:22:17.805+0000][8][safepoint    ] Safepoint "BulkRevokeBias", Time since last: 10010833 ns, Reaching safepoint: 508355 ns, At safepoint: 1426397 ns, Total: 1934752 ns
[2021-11-03T02:22:18.828+0000][8][safepoint    ] Safepoint "Cleanup", Time since last: 1022685273 ns, Reaching safepoint: 481341 ns, At safepoint: 53579 ns, Total: 534920 ns
[2021-11-03T02:22:19.393+0000][8][gc,start     ] GC(5) Pause Young (Concurrent Start) (Metadata GC Threshold)
[2021-11-03T02:22:19.394+0000][8][gc,task      ] GC(5) Using 4 workers of 4 for evacuation
[2021-11-03T02:22:19.395+0000][8][gc,age       ] GC(5) Desired survivor size 20447232 bytes, new threshold 15 (max threshold 15)
[2021-11-03T02:22:19.442+0000][8][gc,age       ] GC(5) Age table with threshold 15 (max threshold 15)
[2021-11-03T02:22:19.443+0000][8][gc,age       ] GC(5) - age   1:    2034384 bytes,    2034384 total
[2021-11-03T02:22:19.444+0000][8][gc,age       ] GC(5) - age   2:    3442056 bytes,    5476440 total
[2021-11-03T02:22:19.447+0000][8][gc,age       ] GC(5) - age   3:    2635944 bytes,    8112384 total
[2021-11-03T02:22:19.449+0000][8][gc,age       ] GC(5) - age   4:    1857328 bytes,    9969712 total
[2021-11-03T02:22:19.450+0000][8][gc,age       ] GC(5) - age   5:    1467632 bytes,   11437344 total
[2021-11-03T02:22:19.452+0000][8][gc,phases    ] GC(5)   Pre Evacuate Collection Set: 0.4ms
[2021-11-03T02:22:19.453+0000][8][gc,phases    ] GC(5)   Merge Heap Roots: 0.2ms
[2021-11-03T02:22:19.458+0000][8][gc,phases    ] GC(5)   Evacuate Collection Set: 41.3ms
[2021-11-03T02:22:19.459+0000][8][gc,phases    ] GC(5)   Post Evacuate Collection Set: 4.1ms
[2021-11-03T02:22:19.461+0000][8][gc,phases    ] GC(5)   Other: 12.7ms
[2021-11-03T02:22:19.461+0000][8][gc,heap      ] GC(5) Eden regions: 285->0(295)
[2021-11-03T02:22:19.462+0000][8][gc,heap      ] GC(5) Survivor regions: 12->12(39)
[2021-11-03T02:22:19.464+0000][8][gc,heap      ] GC(5) Old regions: 4->4
[2021-11-03T02:22:19.464+0000][8][gc,heap      ] GC(5) Archive regions: 2->2
[2021-11-03T02:22:19.465+0000][8][gc,heap      ] GC(5) Humongous regions: 1->1
[2021-11-03T02:22:19.466+0000][8][gc,metaspace ] GC(5) Metaspace: 20037K(21296K)->20037K(21296K) NonClass: 17556K(18352K)->17556K(18352K) Class: 2480K(2944K)->2480K(2944K)
[2021-11-03T02:22:19.468+0000][8][gc           ] GC(5) Pause Young (Concurrent Start) (Metadata GC Threshold) 301M->16M(512M) 74.328ms
[2021-11-03T02:22:19.468+0000][8][gc,cpu       ] GC(5) User=0.07s Sys=0.01s Real=0.07s
[2021-11-03T02:22:19.470+0000][8][gc           ] GC(6) Concurrent Cycle
[2021-11-03T02:22:19.470+0000][8][safepoint    ] Safepoint "CollectForMetadataAllocation", Time since last: 565197411 ns, Reaching safepoint: 297060 ns, At safepoint: 76777044 ns, Total: 77074104 ns
[2021-11-03T02:22:19.471+0000][8][gc,marking   ] GC(6) Concurrent Clear Claimed Marks
[2021-11-03T02:22:19.473+0000][8][gc,marking   ] GC(6) Concurrent Clear Claimed Marks 2.061ms
[2021-11-03T02:22:19.474+0000][8][gc,marking   ] GC(6) Concurrent Scan Root Regions
[2021-11-03T02:22:19.493+0000][8][safepoint    ] Safepoint "BulkRevokeBias", Time since last: 20831462 ns, Reaching safepoint: 1940401 ns, At safepoint: 132298 ns, Total: 2072699 ns
[2021-11-03T02:22:19.498+0000][8][safepoint    ] Safepoint "BulkRevokeBias", Time since last: 3607311 ns, Reaching safepoint: 1041027 ns, At safepoint: 133152 ns, Total: 1174179 ns
[2021-11-03T02:22:19.509+0000][8][gc,marking   ] GC(6) Concurrent Scan Root Regions 34.899ms
[2021-11-03T02:22:19.512+0000][8][gc,marking   ] GC(6) Concurrent Mark (10.764s)
[2021-11-03T02:22:19.514+0000][8][gc,marking   ] GC(6) Concurrent Mark From Roots
[2021-11-03T02:22:19.515+0000][8][gc,task      ] GC(6) Using 1 workers of 1 for marking
[2021-11-03T02:22:19.548+0000][8][gc,marking   ] GC(6) Concurrent Mark From Roots 34.607ms
[2021-11-03T02:22:19.550+0000][8][gc,marking   ] GC(6) Concurrent Preclean
[2021-11-03T02:22:19.553+0000][8][gc,marking   ] GC(6) Concurrent Preclean 2.520ms
[2021-11-03T02:22:19.554+0000][8][gc,marking   ] GC(6) Concurrent Mark (10.764s, 10.807s) 42.675ms
[2021-11-03T02:22:19.558+0000][8][gc,start     ] GC(6) Pause Remark
[2021-11-03T02:22:19.571+0000][8][gc           ] GC(6) Pause Remark 19M->19M(512M) 12.705ms
[2021-11-03T02:22:19.571+0000][8][gc,cpu       ] GC(6) User=0.02s Sys=0.00s Real=0.02s
[2021-11-03T02:22:19.576+0000][8][safepoint    ] Safepoint "G1Concurrent", Time since last: 58682276 ns, Reaching safepoint: 1366662 ns, At safepoint: 17924938 ns, Total: 19291600 ns
[2021-11-03T02:22:19.578+0000][8][gc,marking   ] GC(6) Concurrent Rebuild Remembered Sets
[2021-11-03T02:22:19.588+0000][8][gc,marking   ] GC(6) Concurrent Rebuild Remembered Sets 9.264ms
[2021-11-03T02:22:19.593+0000][8][gc,start     ] GC(6) Pause Cleanup
[2021-11-03T02:22:19.594+0000][8][gc           ] GC(6) Pause Cleanup 20M->20M(512M) 1.250ms
[2021-11-03T02:22:19.595+0000][8][gc,cpu       ] GC(6) User=0.00s Sys=0.00s Real=0.00s
[2021-11-03T02:22:19.596+0000][8][safepoint    ] Safepoint "G1Concurrent", Time since last: 12879921 ns, Reaching safepoint: 3996805 ns, At safepoint: 3526735 ns, Total: 7523540 ns
[2021-11-03T02:22:19.598+0000][8][gc,marking   ] GC(6) Concurrent Cleanup for Next Mark
[2021-11-03T02:22:19.601+0000][8][gc,marking   ] GC(6) Concurrent Cleanup for Next Mark 3.195ms
[2021-11-03T02:22:19.603+0000][8][gc           ] GC(6) Concurrent Cycle 133.303ms
[2021-11-03T02:22:20.599+0000][8][safepoint    ] Safepoint "Cleanup", Time since last: 1002218286 ns, Reaching safepoint: 650796 ns, At safepoint: 13272 ns, Total: 664068 ns
[2021-11-03T02:22:20.781+0000][8][gc,start     ] GC(7) Pause Young (Normal) (G1 Evacuation Pause)
[2021-11-03T02:22:20.782+0000][8][gc,task      ] GC(7) Using 4 workers of 4 for evacuation
[2021-11-03T02:22:20.784+0000][8][gc,age       ] GC(7) Desired survivor size 20447232 bytes, new threshold 15 (max threshold 15)
[2021-11-03T02:22:20.837+0000][8][gc,age       ] GC(7) Age table with threshold 15 (max threshold 15)
[2021-11-03T02:22:20.838+0000][8][gc,age       ] GC(7) - age   1:    2089104 bytes,    2089104 total
[2021-11-03T02:22:20.838+0000][8][gc,age       ] GC(7) - age   2:    1983224 bytes,    4072328 total
[2021-11-03T02:22:20.839+0000][8][gc,age       ] GC(7) - age   3:    3441576 bytes,    7513904 total
[2021-11-03T02:22:20.840+0000][8][gc,age       ] GC(7) - age   4:    2634936 bytes,   10148840 total
[2021-11-03T02:22:20.841+0000][8][gc,age       ] GC(7) - age   5:    1854960 bytes,   12003800 total
[2021-11-03T02:22:20.841+0000][8][gc,age       ] GC(7) - age   6:    1465712 bytes,   13469512 total
[2021-11-03T02:22:20.842+0000][8][gc,phases    ] GC(7)   Pre Evacuate Collection Set: 0.8ms
[2021-11-03T02:22:20.843+0000][8][gc,phases    ] GC(7)   Merge Heap Roots: 0.3ms
[2021-11-03T02:22:20.844+0000][8][gc,phases    ] GC(7)   Evacuate Collection Set: 43.6ms
[2021-11-03T02:22:20.845+0000][8][gc,phases    ] GC(7)   Post Evacuate Collection Set: 7.1ms
[2021-11-03T02:22:20.846+0000][8][gc,phases    ] GC(7)   Other: 9.0ms
[2021-11-03T02:22:20.846+0000][8][gc,heap      ] GC(7) Eden regions: 295->0(293)
[2021-11-03T02:22:20.847+0000][8][gc,heap      ] GC(7) Survivor regions: 12->14(39)
[2021-11-03T02:22:20.850+0000][8][gc,heap      ] GC(7) Old regions: 4->4
[2021-11-03T02:22:20.871+0000][8][gc,heap      ] GC(7) Archive regions: 2->2
[2021-11-03T02:22:20.961+0000][8][gc,heap      ] GC(7) Humongous regions: 1->1
[2021-11-03T02:22:20.962+0000][8][gc,metaspace ] GC(7) Metaspace: 20297K(21552K)->20297K(21552K) NonClass: 17780K(18608K)->17780K(18608K) Class: 2517K(2944K)->2517K(2944K)
[2021-11-03T02:22:20.965+0000][8][gc           ] GC(7) Pause Young (Normal) (G1 Evacuation Pause) 311M->18M(512M) 183.015ms
[2021-11-03T02:22:20.966+0000][8][gc,cpu       ] GC(7) User=0.06s Sys=0.01s Real=0.18s
[2021-11-03T02:22:20.967+0000][8][safepoint    ] Safepoint "G1CollectForAllocation", Time since last: 181718388 ns, Reaching safepoint: 385386 ns, At safepoint: 185991567 ns, Total: 186376953 ns
[2021-11-03T02:22:21.973+0000][8][safepoint    ] Safepoint "Cleanup", Time since last: 1005258627 ns, Reaching safepoint: 127497 ns, At safepoint: 28516 ns, Total: 156013 ns
[2021-11-03T02:22:22.976+0000][8][safepoint    ] Safepoint "Cleanup", Time since last: 1002393245 ns, Reaching safepoint: 487261 ns, At safepoint: 43313 ns, Total: 530574 ns
[2021-11-03T02:22:23.430+0000][8][gc,start     ] GC(8) Pause Young (Normal) (G1 Evacuation Pause)
[2021-11-03T02:22:23.432+0000][8][gc,task      ] GC(8) Using 4 workers of 4 for evacuation
[2021-11-03T02:22:23.434+0000][8][gc,age       ] GC(8) Desired survivor size 20447232 bytes, new threshold 15 (max threshold 15)
[2021-11-03T02:22:23.498+0000][8][gc,age       ] GC(8) Age table with threshold 15 (max threshold 15)
[2021-11-03T02:22:23.500+0000][8][gc,age       ] GC(8) - age   1:    1611440 bytes,    1611440 total
[2021-11-03T02:22:23.502+0000][8][gc,age       ] GC(8) - age   2:    1423672 bytes,    3035112 total
[2021-11-03T02:22:23.504+0000][8][gc,age       ] GC(8) - age   3:    1974664 bytes,    5009776 total
[2021-11-03T02:22:23.507+0000][8][gc,age       ] GC(8) - age   4:    3430168 bytes,    8439944 total
[2021-11-03T02:22:23.508+0000][8][gc,age       ] GC(8) - age   5:    2629032 bytes,   11068976 total
[2021-11-03T02:22:23.510+0000][8][gc,age       ] GC(8) - age   6:    1839432 bytes,   12908408 total
[2021-11-03T02:22:23.512+0000][8][gc,age       ] GC(8) - age   7:    1464800 bytes,   14373208 total
[2021-11-03T02:22:23.513+0000][8][gc,phases    ] GC(8)   Pre Evacuate Collection Set: 2.6ms
[2021-11-03T02:22:23.513+0000][8][gc,phases    ] GC(8)   Merge Heap Roots: 0.1ms
[2021-11-03T02:22:23.514+0000][8][gc,phases    ] GC(8)   Evacuate Collection Set: 52.0ms
[2021-11-03T02:22:23.515+0000][8][gc,phases    ] GC(8)   Post Evacuate Collection Set: 3.2ms
[2021-11-03T02:22:23.517+0000][8][gc,phases    ] GC(8)   Other: 24.4ms
[2021-11-03T02:22:23.519+0000][8][gc,heap      ] GC(8) Eden regions: 293->0(292)
[2021-11-03T02:22:23.520+0000][8][gc,heap      ] GC(8) Survivor regions: 14->15(39)
[2021-11-03T02:22:23.522+0000][8][gc,heap      ] GC(8) Old regions: 4->4
[2021-11-03T02:22:23.523+0000][8][gc,heap      ] GC(8) Archive regions: 2->2
[2021-11-03T02:22:23.524+0000][8][gc,heap      ] GC(8) Humongous regions: 1->1
[2021-11-03T02:22:23.526+0000][8][gc,metaspace ] GC(8) Metaspace: 22342K(24240K)->22342K(24240K) NonClass: 19519K(20912K)->19519K(20912K) Class: 2823K(3328K)->2823K(3328K)
[2021-11-03T02:22:23.527+0000][8][gc           ] GC(8) Pause Young (Normal) (G1 Evacuation Pause) 311M->19M(512M) 96.823ms
[2021-11-03T02:22:23.528+0000][8][gc,cpu       ] GC(8) User=0.14s Sys=0.03s Real=0.10s
[2021-11-03T02:22:23.530+0000][8][safepoint    ] Safepoint "G1CollectForAllocation", Time since last: 454031913 ns, Reaching safepoint: 631617 ns, At safepoint: 99745003 ns, Total: 100376620 ns
[2021-11-03T02:22:24.537+0000][8][safepoint    ] Safepoint "Cleanup", Time since last: 1005061764 ns, Reaching safepoint: 1574149 ns, At safepoint: 671826 ns, Total: 2245975 ns
[2021-11-03T02:22:25.834+0000][8][safepoint    ] Safepoint "Cleanup", Time since last: 1295061223 ns, Reaching safepoint: 1074814 ns, At safepoint: 204963 ns, Total: 1279777 ns
[2021-11-03T02:22:26.835+0000][8][safepoint    ] Safepoint "Cleanup", Time since last: 1001205711 ns, Reaching safepoint: 598915 ns, At safepoint: 28236 ns, Total: 627151 ns
[2021-11-03T02:22:27.839+0000][8][safepoint    ] Safepoint "Cleanup", Time since last: 1002273572 ns, Reaching safepoint: 1459976 ns, At safepoint: 7804 ns, Total: 1467780 ns
[2021-11-03T02:22:28.843+0000][8][safepoint    ] Safepoint "Cleanup", Time since last: 1003159481 ns, Reaching safepoint: 385846 ns, At safepoint: 28304 ns, Total: 414150 ns
[2021-11-03T02:22:30.446+0000][8][gc,start     ] GC(9) Pause Young (Concurrent Start) (Metadata GC Threshold)
[2021-11-03T02:22:30.448+0000][8][gc,task      ] GC(9) Using 4 workers of 4 for evacuation
[2021-11-03T02:22:30.448+0000][8][gc,age       ] GC(9) Desired survivor size 20447232 bytes, new threshold 15 (max threshold 15)
[2021-11-03T02:22:30.574+0000][8][gc,age       ] GC(9) Age table with threshold 15 (max threshold 15)
[2021-11-03T02:22:30.575+0000][8][gc,age       ] GC(9) - age   1:   26472912 bytes,   26472912 total
[2021-11-03T02:22:30.576+0000][8][gc,age       ] GC(9) - age   2:    1560272 bytes,   28033184 total
[2021-11-03T02:22:30.577+0000][8][gc,age       ] GC(9) - age   3:    1420664 bytes,   29453848 total
[2021-11-03T02:22:30.578+0000][8][gc,age       ] GC(9) - age   4:    1957200 bytes,   31411048 total
[2021-11-03T02:22:30.580+0000][8][gc,age       ] GC(9) - age   5:    3419760 bytes,   34830808 total
[2021-11-03T02:22:30.582+0000][8][gc,age       ] GC(9) - age   6:    2604920 bytes,   37435728 total
[2021-11-03T02:22:30.583+0000][8][gc,age       ] GC(9) - age   7:    1805520 bytes,   39241248 total
[2021-11-03T02:22:30.583+0000][8][gc,age       ] GC(9) - age   8:    1456656 bytes,   40697904 total
[2021-11-03T02:22:30.585+0000][8][gc,phases    ] GC(9)   Pre Evacuate Collection Set: 1.0ms
[2021-11-03T02:22:30.585+0000][8][gc,phases    ] GC(9)   Merge Heap Roots: 0.4ms
[2021-11-03T02:22:30.586+0000][8][gc,phases    ] GC(9)   Evacuate Collection Set: 113.0ms
[2021-11-03T02:22:30.587+0000][8][gc,phases    ] GC(9)   Post Evacuate Collection Set: 9.7ms
[2021-11-03T02:22:30.588+0000][8][gc,phases    ] GC(9)   Other: 14.4ms
[2021-11-03T02:22:30.589+0000][8][gc,heap      ] GC(9) Eden regions: 251->0(268)
[2021-11-03T02:22:30.592+0000][8][gc,heap      ] GC(9) Survivor regions: 15->39(39)
[2021-11-03T02:22:30.594+0000][8][gc,heap      ] GC(9) Old regions: 4->5
[2021-11-03T02:22:30.595+0000][8][gc,heap      ] GC(9) Archive regions: 2->2
[2021-11-03T02:22:30.596+0000][8][gc,heap      ] GC(9) Humongous regions: 1->1
[2021-11-03T02:22:30.597+0000][8][gc,metaspace ] GC(9) Metaspace: 33028K(35920K)->33028K(35920K) NonClass: 28683K(30544K)->28683K(30544K) Class: 4344K(5376K)->4344K(5376K)
[2021-11-03T02:22:30.598+0000][8][gc           ] GC(9) Pause Young (Concurrent Start) (Metadata GC Threshold) 270M->45M(512M) 151.588ms
[2021-11-03T02:22:30.599+0000][8][gc,cpu       ] GC(9) User=0.20s Sys=0.05s Real=0.15s
[2021-11-03T02:22:30.601+0000][8][gc           ] GC(10) Concurrent Cycle
[2021-11-03T02:22:30.603+0000][8][gc,marking   ] GC(10) Concurrent Clear Claimed Marks
[2021-11-03T02:22:30.604+0000][8][gc,marking   ] GC(10) Concurrent Clear Claimed Marks 1.422ms
[2021-11-03T02:22:30.605+0000][8][gc,marking   ] GC(10) Concurrent Scan Root Regions
[2021-11-03T02:22:30.605+0000][8][safepoint    ] Safepoint "CollectForMetadataAllocation", Time since last: 1603019307 ns, Reaching safepoint: 427650 ns, At safepoint: 159083148 ns, Total: 159510798 ns
[2021-11-03T02:22:30.683+0000][8][safepoint    ] Safepoint "CollectForMetadataAllocation", Time since last: 77540632 ns, Reaching safepoint: 358911 ns, At safepoint: 115100 ns, Total: 474011 ns
[2021-11-03T02:22:30.760+0000][8][gc,marking   ] GC(10) Concurrent Scan Root Regions 155.155ms
[2021-11-03T02:22:30.761+0000][8][gc,marking   ] GC(10) Concurrent Mark (22.014s)
[2021-11-03T02:22:30.763+0000][8][gc,marking   ] GC(10) Concurrent Mark From Roots
[2021-11-03T02:22:30.765+0000][8][gc,task      ] GC(10) Using 1 workers of 1 for marking
[2021-11-03T02:22:30.785+0000][8][gc,marking   ] GC(10) Concurrent Mark From Roots 22.329ms
[2021-11-03T02:22:30.788+0000][8][gc,marking   ] GC(10) Concurrent Preclean
[2021-11-03T02:22:30.789+0000][8][gc,marking   ] GC(10) Concurrent Preclean 1.529ms
[2021-11-03T02:22:30.791+0000][8][gc,marking   ] GC(10) Concurrent Mark (22.014s, 22.044s) 29.951ms
[2021-11-03T02:22:30.794+0000][8][gc,start     ] GC(10) Pause Remark
[2021-11-03T02:22:30.801+0000][8][gc           ] GC(10) Pause Remark 59M->59M(512M) 6.744ms
[2021-11-03T02:22:30.803+0000][8][gc,cpu       ] GC(10) User=0.01s Sys=0.00s Real=0.01s
[2021-11-03T02:22:30.806+0000][8][safepoint    ] Safepoint "G1Concurrent", Time since last: 110306230 ns, Reaching safepoint: 282373 ns, At safepoint: 11920767 ns, Total: 12203140 ns
[2021-11-03T02:22:30.808+0000][8][gc,marking   ] GC(10) Concurrent Rebuild Remembered Sets
[2021-11-03T02:22:30.833+0000][8][gc,marking   ] GC(10) Concurrent Rebuild Remembered Sets 24.749ms
[2021-11-03T02:22:30.835+0000][8][gc,start     ] GC(10) Pause Cleanup
[2021-11-03T02:22:30.837+0000][8][gc           ] GC(10) Pause Cleanup 64M->64M(512M) 1.490ms
[2021-11-03T02:22:30.838+0000][8][gc,cpu       ] GC(10) User=0.00s Sys=0.00s Real=0.00s
[2021-11-03T02:22:30.840+0000][8][safepoint    ] Safepoint "G1Concurrent", Time since last: 28033495 ns, Reaching safepoint: 1364182 ns, At safepoint: 5159452 ns, Total: 6523634 ns
[2021-11-03T02:22:30.842+0000][8][gc,marking   ] GC(10) Concurrent Cleanup for Next Mark
[2021-11-03T02:22:30.845+0000][8][gc,marking   ] GC(10) Concurrent Cleanup for Next Mark 2.669ms
[2021-11-03T02:22:30.848+0000][8][gc           ] GC(10) Concurrent Cycle 246.818ms
[2021-11-03T02:22:31.868+0000][8][safepoint    ] Safepoint "Cleanup", Time since last: 1014030770 ns, Reaching safepoint: 13821074 ns, At safepoint: 12851 ns, Total: 13833925 ns
[2021-11-03T02:22:33.741+0000][8][safepoint    ] Safepoint "Cleanup", Time since last: 1871618552 ns, Reaching safepoint: 674621 ns, At safepoint: 5911 ns, Total: 680532 ns
[2021-11-03T02:22:34.794+0000][8][safepoint    ] Safepoint "Cleanup", Time since last: 1023140640 ns, Reaching safepoint: 28493439 ns, At safepoint: 11964 ns, Total: 28505403 ns
[2021-11-03T02:22:35.698+0000][8][safepoint    ] Safepoint "ICBufferFull", Time since last: 905025745 ns, Reaching safepoint: 294478 ns, At safepoint: 33651 ns, Total: 328129 ns
[2021-11-03T02:22:36.137+0000][8][safepoint    ] Safepoint "BulkRevokeBias", Time since last: 436808669 ns, Reaching safepoint: 868934 ns, At safepoint: 2064249 ns, Total: 2933183 ns
[2021-11-03T02:22:36.187+0000][8][safepoint    ] Safepoint "BulkRevokeBias", Time since last: 45243126 ns, Reaching safepoint: 811158 ns, At safepoint: 3719669 ns, Total: 4530827 ns
[2021-11-03T02:22:36.289+0000][8][safepoint    ] Safepoint "BulkRevokeBias", Time since last: 101183251 ns, Reaching safepoint: 207203 ns, At safepoint: 242773 ns, Total: 449976 ns
[2021-11-03T02:22:37.736+0000][8][safepoint    ] Safepoint "Cleanup", Time since last: 1446534568 ns, Reaching safepoint: 594546 ns, At safepoint: 35186 ns, Total: 629732 ns
[2021-11-03T02:22:39.259+0000][8][gc,start     ] GC(11) Pause Young (Concurrent Start) (G1 Evacuation Pause)
[2021-11-03T02:22:39.261+0000][8][gc,task      ] GC(11) Using 4 workers of 4 for evacuation
[2021-11-03T02:22:39.267+0000][8][gc,age       ] GC(11) Desired survivor size 20447232 bytes, new threshold 1 (max threshold 15)
[2021-11-03T02:22:39.621+0000][8][gc,age       ] GC(11) Age table with threshold 1 (max threshold 15)
[2021-11-03T02:22:39.622+0000][8][gc,age       ] GC(11) - age   1:    7504720 bytes,    7504720 total
[2021-11-03T02:22:39.623+0000][8][gc,mmu       ] GC(11) MMU target violated: 201.0ms (200.0ms/201.0ms)
[2021-11-03T02:22:39.624+0000][8][gc,phases    ] GC(11)   Pre Evacuate Collection Set: 2.5ms
[2021-11-03T02:22:39.625+0000][8][gc,phases    ] GC(11)   Merge Heap Roots: 0.5ms
[2021-11-03T02:22:39.626+0000][8][gc,phases    ] GC(11)   Evacuate Collection Set: 342.4ms
[2021-11-03T02:22:39.627+0000][8][gc,phases    ] GC(11)   Post Evacuate Collection Set: 6.1ms
[2021-11-03T02:22:39.629+0000][8][gc,phases    ] GC(11)   Other: 16.0ms
[2021-11-03T02:22:39.629+0000][8][gc,heap      ] GC(11) Eden regions: 268->0(290)
[2021-11-03T02:22:39.630+0000][8][gc,heap      ] GC(11) Survivor regions: 39->9(39)
[2021-11-03T02:22:39.631+0000][8][gc,heap      ] GC(11) Old regions: 5->44
[2021-11-03T02:22:39.632+0000][8][gc,heap      ] GC(11) Archive regions: 2->2
[2021-11-03T02:22:39.633+0000][8][gc,heap      ] GC(11) Humongous regions: 1->1
[2021-11-03T02:22:39.634+0000][8][gc,metaspace ] GC(11) Metaspace: 53091K(57936K)->53091K(57936K) NonClass: 45848K(48720K)->45848K(48720K) Class: 7243K(9216K)->7243K(9216K)
[2021-11-03T02:22:39.636+0000][8][gc           ] GC(11) Pause Young (Concurrent Start) (G1 Evacuation Pause) 313M->53M(512M) 376.151ms
[2021-11-03T02:22:39.637+0000][8][gc,cpu       ] GC(11) User=0.29s Sys=0.32s Real=0.38s
[2021-11-03T02:22:39.638+0000][8][safepoint    ] Safepoint "G1CollectForAllocation", Time since last: 1534885947 ns, Reaching safepoint: 1754055 ns, At safepoint: 383436246 ns, Total: 385190301 ns
[2021-11-03T02:22:39.641+0000][8][gc           ] GC(12) Concurrent Cycle
[2021-11-03T02:22:39.646+0000][8][gc,marking   ] GC(12) Concurrent Clear Claimed Marks
[2021-11-03T02:22:39.649+0000][8][gc,marking   ] GC(12) Concurrent Clear Claimed Marks 2.950ms
[2021-11-03T02:22:39.651+0000][8][gc,marking   ] GC(12) Concurrent Scan Root Regions
[2021-11-03T02:22:39.822+0000][8][gc,marking   ] GC(12) Concurrent Scan Root Regions 171.918ms
[2021-11-03T02:22:39.824+0000][8][gc,marking   ] GC(12) Concurrent Mark (31.094s)
[2021-11-03T02:22:39.824+0000][8][gc,marking   ] GC(12) Concurrent Mark From Roots
[2021-11-03T02:22:39.825+0000][8][gc,task      ] GC(12) Using 1 workers of 1 for marking
[2021-11-03T02:22:39.852+0000][8][gc,marking   ] GC(12) Concurrent Mark From Roots 27.636ms
[2021-11-03T02:22:39.853+0000][8][gc,marking   ] GC(12) Concurrent Preclean
[2021-11-03T02:22:39.854+0000][8][gc,marking   ] GC(12) Concurrent Preclean 1.198ms
[2021-11-03T02:22:39.858+0000][8][gc,marking   ] GC(12) Concurrent Mark (31.094s, 31.127s) 32.951ms
[2021-11-03T02:22:39.863+0000][8][gc,start     ] GC(12) Pause Remark
[2021-11-03T02:22:39.882+0000][8][gc           ] GC(12) Pause Remark 59M->59M(512M) 19.419ms
[2021-11-03T02:22:39.883+0000][8][gc,cpu       ] GC(12) User=0.03s Sys=0.01s Real=0.02s
[2021-11-03T02:22:39.884+0000][8][safepoint    ] Safepoint "G1Concurrent", Time since last: 223547795 ns, Reaching safepoint: 878279 ns, At safepoint: 21641550 ns, Total: 22519829 ns
[2021-11-03T02:22:39.885+0000][8][gc,marking   ] GC(12) Concurrent Rebuild Remembered Sets
[2021-11-03T02:22:40.003+0000][8][gc,marking   ] GC(12) Concurrent Rebuild Remembered Sets 118.017ms
[2021-11-03T02:22:40.006+0000][8][gc,start     ] GC(12) Pause Cleanup
[2021-11-03T02:22:40.007+0000][8][gc           ] GC(12) Pause Cleanup 63M->63M(512M) 1.059ms
[2021-11-03T02:22:40.008+0000][8][gc,cpu       ] GC(12) User=0.00s Sys=0.00s Real=0.00s
[2021-11-03T02:22:40.008+0000][8][safepoint    ] Safepoint "G1Concurrent", Time since last: 119898207 ns, Reaching safepoint: 1450137 ns, At safepoint: 2681915 ns, Total: 4132052 ns
[2021-11-03T02:22:40.009+0000][8][gc,marking   ] GC(12) Concurrent Cleanup for Next Mark
[2021-11-03T02:22:40.011+0000][8][gc,marking   ] GC(12) Concurrent Cleanup for Next Mark 2.304ms
[2021-11-03T02:22:40.012+0000][8][gc           ] GC(12) Concurrent Cycle 371.467ms
[2021-11-03T02:22:40.088+0000][8][safepoint    ] Safepoint "BulkRevokeBias", Time since last: 77179761 ns, Reaching safepoint: 2019417 ns, At safepoint: 232519 ns, Total: 2251936 ns
[2021-11-03T02:22:41.100+0000][8][safepoint    ] Safepoint "Cleanup", Time since last: 1007780962 ns, Reaching safepoint: 4114215 ns, At safepoint: 178445 ns, Total: 4292660 ns
[2021-11-03T02:22:42.102+0000][8][safepoint    ] Safepoint "Cleanup", Time since last: 1001238371 ns, Reaching safepoint: 607792 ns, At safepoint: 38512 ns, Total: 646304 ns
[2021-11-03T02:22:43.543+0000][8][safepoint    ] Safepoint "Cleanup", Time since last: 1440776280 ns, Reaching safepoint: 490544 ns, At safepoint: 7239 ns, Total: 497783 ns
[2021-11-03T02:22:44.690+0000][8][safepoint    ] Safepoint "Cleanup", Time since last: 1146372845 ns, Reaching safepoint: 376026 ns, At safepoint: 4916 ns, Total: 380942 ns
[2021-11-03T02:22:46.406+0000][8][safepoint    ] Safepoint "Cleanup", Time since last: 1714689902 ns, Reaching safepoint: 1223825 ns, At safepoint: 32483 ns, Total: 1256308 ns
[2021-11-03T02:22:46.426+0000][8][safepoint    ] Safepoint "BulkRevokeBias", Time since last: 19690256 ns, Reaching safepoint: 282954 ns, At safepoint: 160759 ns, Total: 443713 ns
[2021-11-03T02:22:47.024+0000][8][safepoint    ] Safepoint "BulkRevokeBias", Time since last: 597861803 ns, Reaching safepoint: 510507 ns, At safepoint: 209675 ns, Total: 720182 ns
[2021-11-03T02:22:48.084+0000][8][safepoint    ] Safepoint "Cleanup", Time since last: 1059709672 ns, Reaching safepoint: 232782 ns, At safepoint: 2670 ns, Total: 235452 ns
[2021-11-03T02:22:49.233+0000][8][safepoint    ] Safepoint "Cleanup", Time since last: 1147573587 ns, Reaching safepoint: 692957 ns, At safepoint: 9434 ns, Total: 702391 ns
[2021-11-03T02:22:50.265+0000][8][gc,start     ] GC(13) Pause Young (Normal) (G1 Evacuation Pause)
[2021-11-03T02:22:50.266+0000][8][gc,task      ] GC(13) Using 4 workers of 4 for evacuation
[2021-11-03T02:22:50.267+0000][8][gc,age       ] GC(13) Desired survivor size 19922944 bytes, new threshold 15 (max threshold 15)
[2021-11-03T02:22:50.420+0000][8][gc,age       ] GC(13) Age table with threshold 15 (max threshold 15)
[2021-11-03T02:22:50.421+0000][8][gc,age       ] GC(13) - age   1:   32610160 bytes,   32610160 total
[2021-11-03T02:22:50.422+0000][8][gc,age       ] GC(13) - age   2:    7219496 bytes,   39829656 total
[2021-11-03T02:22:50.423+0000][8][gc,phases    ] GC(13)   Pre Evacuate Collection Set: 0.2ms
[2021-11-03T02:22:50.423+0000][8][gc,phases    ] GC(13)   Merge Heap Roots: 0.2ms
[2021-11-03T02:22:50.424+0000][8][gc,phases    ] GC(13)   Evacuate Collection Set: 145.4ms
[2021-11-03T02:22:50.424+0000][8][gc,phases    ] GC(13)   Post Evacuate Collection Set: 6.6ms
[2021-11-03T02:22:50.425+0000][8][gc,phases    ] GC(13)   Other: 5.6ms
[2021-11-03T02:22:50.426+0000][8][gc,heap      ] GC(13) Eden regions: 290->0(1)
[2021-11-03T02:22:50.427+0000][8][gc,heap      ] GC(13) Survivor regions: 9->38(38)
[2021-11-03T02:22:50.427+0000][8][gc,heap      ] GC(13) Old regions: 44->49
[2021-11-03T02:22:50.428+0000][8][gc,heap      ] GC(13) Archive regions: 2->2
[2021-11-03T02:22:50.429+0000][8][gc,heap      ] GC(13) Humongous regions: 7->7
[2021-11-03T02:22:50.430+0000][8][gc,metaspace ] GC(13) Metaspace: 73704K(79824K)->73704K(79824K) NonClass: 63775K(67408K)->63775K(67408K) Class: 9928K(12416K)->9928K(12416K)
[2021-11-03T02:22:50.430+0000][8][gc           ] GC(13) Pause Young (Normal) (G1 Evacuation Pause) 349M->94M(512M) 165.576ms
[2021-11-03T02:22:50.431+0000][8][gc,cpu       ] GC(13) User=0.29s Sys=0.09s Real=0.16s
[2021-11-03T02:22:50.435+0000][8][safepoint    ] Safepoint "G1CollectForAllocation", Time since last: 1031338341 ns, Reaching safepoint: 574178 ns, At safepoint: 170095844 ns, Total: 170670022 ns
[2021-11-03T02:22:50.508+0000][8][gc,start     ] GC(14) Pause Young (Normal) (G1 Evacuation Pause)
[2021-11-03T02:22:50.509+0000][8][gc,task      ] GC(14) Using 4 workers of 4 for evacuation
[2021-11-03T02:22:50.509+0000][8][gc,age       ] GC(14) Desired survivor size 2621440 bytes, new threshold 1 (max threshold 15)
[2021-11-03T02:22:50.835+0000][8][gc,age       ] GC(14) Age table with threshold 1 (max threshold 15)
[2021-11-03T02:22:50.835+0000][8][gc,age       ] GC(14) - age   1:      52960 bytes,      52960 total
[2021-11-03T02:22:50.837+0000][8][gc,mmu       ] GC(14) MMU target violated: 201.0ms (200.0ms/201.0ms)
[2021-11-03T02:22:50.838+0000][8][gc,phases    ] GC(14)   Pre Evacuate Collection Set: 0.1ms
[2021-11-03T02:22:50.839+0000][8][gc,phases    ] GC(14)   Merge Heap Roots: 0.4ms
[2021-11-03T02:22:50.840+0000][8][gc,phases    ] GC(14)   Evacuate Collection Set: 320.5ms
[2021-11-03T02:22:50.840+0000][8][gc,phases    ] GC(14)   Post Evacuate Collection Set: 3.2ms
[2021-11-03T02:22:50.842+0000][8][gc,phases    ] GC(14)   Other: 5.7ms
[2021-11-03T02:22:50.842+0000][8][gc,heap      ] GC(14) Eden regions: 1->0(233)
[2021-11-03T02:22:50.843+0000][8][gc,heap      ] GC(14) Survivor regions: 38->2(5)
[2021-11-03T02:22:50.844+0000][8][gc,heap      ] GC(14) Old regions: 49->88
[2021-11-03T02:22:50.845+0000][8][gc,heap      ] GC(14) Archive regions: 2->2
[2021-11-03T02:22:50.845+0000][8][gc,heap      ] GC(14) Humongous regions: 7->7
[2021-11-03T02:22:50.846+0000][8][gc,metaspace ] GC(14) Metaspace: 73722K(79952K)->73722K(79952K) NonClass: 63792K(67408K)->63792K(67408K) Class: 9930K(12544K)->9930K(12544K)
[2021-11-03T02:22:50.847+0000][8][gc           ] GC(14) Pause Young (Normal) (G1 Evacuation Pause) 95M->97M(512M) 339.370ms
[2021-11-03T02:22:50.848+0000][8][gc,cpu       ] GC(14) User=0.20s Sys=0.34s Real=0.34s
[2021-11-03T02:22:50.849+0000][8][safepoint    ] Safepoint "G1CollectForAllocation", Time since last: 72967038 ns, Reaching safepoint: 401580 ns, At safepoint: 340788704 ns, Total: 341190284 ns
[2021-11-03T02:22:51.967+0000][8][safepoint    ] Safepoint "Cleanup", Time since last: 1118011658 ns, Reaching safepoint: 262989 ns, At safepoint: 16871 ns, Total: 279860 ns
[2021-11-03T02:22:53.461+0000][8][safepoint    ] Safepoint "Cleanup", Time since last: 1493753080 ns, Reaching safepoint: 352328 ns, At safepoint: 9209 ns, Total: 361537 ns
[2021-11-03T02:22:57.463+0000][8][safepoint    ] Safepoint "Cleanup", Time since last: 4001780470 ns, Reaching safepoint: 206669 ns, At safepoint: 4038 ns, Total: 210707 ns
[2021-11-03T02:23:10.465+0000][8][safepoint    ] Safepoint "Cleanup", Time since last: 13018171935 ns, Reaching safepoint: 169350 ns, At safepoint: 3842 ns, Total: 173192 ns
[2021-11-03T02:23:11.471+0000][8][safepoint    ] Safepoint "Cleanup", Time since last: 1005809446 ns, Reaching safepoint: 131293 ns, At safepoint: 3022 ns, Total: 134315 ns
[2021-11-03T02:23:12.472+0000][8][safepoint    ] Safepoint "Cleanup", Time since last: 1001101527 ns, Reaching safepoint: 389470 ns, At safepoint: 14341 ns, Total: 403811 ns
[2021-11-03T02:23:14.500+0000][8][safepoint    ] Safepoint "Cleanup", Time since last: 2027621749 ns, Reaching safepoint: 128956 ns, At safepoint: 2087 ns, Total: 131043 ns
[2021-11-03T02:23:17.503+0000][8][safepoint    ] Safepoint "Cleanup", Time since last: 3002238274 ns, Reaching safepoint: 169967 ns, At safepoint: 12499 ns, Total: 182466 ns
[2021-11-03T02:23:38.521+0000][8][safepoint    ] Safepoint "Cleanup", Time since last: 21018402782 ns, Reaching safepoint: 225569 ns, At safepoint: 3648 ns, Total: 229217 ns
[2021-11-03T02:23:39.509+0000][8][safepoint    ] Safepoint "Cleanup", Time since last: 1002773881 ns, Reaching safepoint: 754959 ns, At safepoint: 56765 ns, Total: 811724 ns
[2021-11-03T02:23:48.522+0000][8][safepoint    ] Safepoint "Cleanup", Time since last: 9012903604 ns, Reaching safepoint: 245996 ns, At safepoint: 6431 ns, Total: 252427 ns
[2021-11-03T02:23:54.536+0000][8][safepoint    ] Safepoint "Cleanup", Time since last: 6013655239 ns, Reaching safepoint: 207683 ns, At safepoint: 4533 ns, Total: 212216 ns
[2021-11-03T02:24:05.565+0000][8][safepoint    ] Safepoint "Cleanup", Time since last: 11028234414 ns, Reaching safepoint: 306669 ns, At safepoint: 6729 ns, Total: 313398 ns
[2021-11-03T02:24:11.550+0000][8][safepoint    ] Safepoint "Cleanup", Time since last: 6006295211 ns, Reaching safepoint: 288743 ns, At safepoint: 5591 ns, Total: 294334 ns
[2021-11-03T02:24:14.554+0000][8][safepoint    ] Safepoint "Cleanup", Time since last: 3003899606 ns, Reaching safepoint: 106931 ns, At safepoint: 32126 ns, Total: 139057 ns
[2021-11-03T02:24:16.558+0000][8][safepoint    ] Safepoint "Cleanup", Time since last: 2003141050 ns, Reaching safepoint: 145394 ns, At safepoint: 2187 ns, Total: 147581 ns
[2021-11-03T02:24:17.559+0000][8][safepoint    ] Safepoint "Cleanup", Time since last: 1001032404 ns, Reaching safepoint: 200568 ns, At safepoint: 45919 ns, Total: 246487 ns
[2021-11-03T02:24:21.569+0000][8][safepoint    ] Safepoint "Cleanup", Time since last: 4009822489 ns, Reaching safepoint: 292447 ns, At safepoint: 5560 ns, Total: 298007 ns
[2021-11-03T02:24:22.571+0000][8][safepoint    ] Safepoint "Cleanup", Time since last: 1001544746 ns, Reaching safepoint: 123563 ns, At safepoint: 3527 ns, Total: 127090 ns
[2021-11-03T02:24:30.580+0000][8][safepoint    ] Safepoint "Cleanup", Time since last: 8009360310 ns, Reaching safepoint: 308597 ns, At safepoint: 6583 ns, Total: 315180 ns
[2021-11-03T02:24:47.586+0000][8][safepoint    ] Safepoint "Cleanup", Time since last: 17027527758 ns, Reaching safepoint: 162358 ns, At safepoint: 2423 ns, Total: 164781 ns
[2021-11-03T02:24:52.596+0000][8][safepoint    ] Safepoint "Cleanup", Time since last: 5009353969 ns, Reaching safepoint: 484332 ns, At safepoint: 7124 ns, Total: 491456 ns
[2021-11-03T02:25:01.612+0000][8][safepoint    ] Safepoint "Cleanup", Time since last: 9014901381 ns, Reaching safepoint: 481998 ns, At safepoint: 81226 ns, Total: 563224 ns
[2021-11-03T02:25:15.611+0000][8][safepoint    ] Safepoint "Cleanup", Time since last: 14021035304 ns, Reaching safepoint: 293005 ns, At safepoint: 8114 ns, Total: 301119 ns
[2021-11-03T02:25:19.617+0000][8][safepoint    ] Safepoint "Cleanup", Time since last: 4005433375 ns, Reaching safepoint: 230853 ns, At safepoint: 3279 ns, Total: 234132 ns
[2021-11-03T02:25:22.621+0000][8][safepoint    ] Safepoint "Cleanup", Time since last: 3004483952 ns, Reaching safepoint: 324198 ns, At safepoint: 22835 ns, Total: 347033 ns
[2021-11-03T02:25:56.651+0000][8][safepoint    ] Safepoint "Cleanup", Time since last: 34050306547 ns, Reaching safepoint: 309858 ns, At safepoint: 6353 ns, Total: 316211 ns
[2021-11-03T02:26:04.665+0000][8][safepoint    ] Safepoint "Cleanup", Time since last: 8014179015 ns, Reaching safepoint: 182441 ns, At safepoint: 5621 ns, Total: 188062 ns
[2021-11-03T02:26:06.667+0000][8][safepoint    ] Safepoint "Cleanup", Time since last: 2001868734 ns, Reaching safepoint: 309688 ns, At safepoint: 6294 ns, Total: 315982 ns
[2021-11-03T02:26:17.664+0000][8][safepoint    ] Safepoint "Cleanup", Time since last: 11018393527 ns, Reaching safepoint: 295483 ns, At safepoint: 7729 ns, Total: 303212 ns
[2021-11-03T02:27:03.700+0000][8][safepoint    ] Safepoint "Cleanup", Time since last: 46057211581 ns, Reaching safepoint: 373053 ns, At safepoint: 11693 ns, Total: 384746 ns
[2021-11-03T02:27:34.694+0000][8][safepoint    ] Safepoint "Cleanup", Time since last: 31015398602 ns, Reaching safepoint: 218841 ns, At safepoint: 2899 ns, Total: 221740 ns
[2021-11-03T02:27:54.867+0000][8][safepoint    ] Safepoint "Cleanup", Time since last: 20193902529 ns, Reaching safepoint: 177808 ns, At safepoint: 3892 ns, Total: 181700 ns
[2021-11-03T02:28:15.873+0000][8][safepoint    ] Safepoint "Cleanup", Time since last: 21025300996 ns, Reaching safepoint: 2879902 ns, At safepoint: 3716 ns, Total: 2883618 ns
[2021-11-03T02:28:22.893+0000][8][safepoint    ] Safepoint "Cleanup", Time since last: 7019174914 ns, Reaching safepoint: 268259 ns, At safepoint: 6357 ns, Total: 274616 ns
[2021-11-03T02:29:39.925+0000][8][safepoint    ] Safepoint "Cleanup", Time since last: 77097187443 ns, Reaching safepoint: 378604 ns, At safepoint: 6430 ns, Total: 385034 ns
[2021-11-03T02:29:45.930+0000][8][safepoint    ] Safepoint "Cleanup", Time since last: 6005090302 ns, Reaching safepoint: 125812 ns, At safepoint: 4187 ns, Total: 129999 ns
[2021-11-03T02:29:46.932+0000][8][safepoint    ] Safepoint "Cleanup", Time since last: 1001599359 ns, Reaching safepoint: 165137 ns, At safepoint: 5084 ns, Total: 170221 ns
[2021-11-03T02:30:48.977+0000][8][safepoint    ] Safepoint "Cleanup", Time since last: 62088136501 ns, Reaching safepoint: 166982 ns, At safepoint: 3799 ns, Total: 170781 ns
[2021-11-03T02:33:09.981+0000][8][safepoint    ] Safepoint "Cleanup", Time since last: 141112429036 ns, Reaching safepoint: 274552 ns, At safepoint: 4474 ns, Total: 279026 ns
[2021-11-03T02:34:10.983+0000][8][safepoint    ] Safepoint "Cleanup", Time since last: 61044781410 ns, Reaching safepoint: 138261 ns, At safepoint: 2145 ns, Total: 140406 ns
[2021-11-03T02:34:11.985+0000][8][safepoint    ] Safepoint "Cleanup", Time since last: 1001963518 ns, Reaching safepoint: 118322 ns, At safepoint: 2647 ns, Total: 120969 ns
[2021-11-03T02:35:32.972+0000][8][safepoint    ] Safepoint "Cleanup", Time since last: 81030077059 ns, Reaching safepoint: 172220 ns, At safepoint: 2518 ns, Total: 174738 ns
[2021-11-03T02:37:16.934+0000][8][safepoint    ] Safepoint "Cleanup", Time since last: 104048729629 ns, Reaching safepoint: 166352 ns, At safepoint: 2650 ns, Total: 169002 ns
[2021-11-03T02:37:46.427+0000][8][safepoint    ] Safepoint "Cleanup", Time since last: 29515335992 ns, Reaching safepoint: 117898 ns, At safepoint: 3402 ns, Total: 121300 ns
[2021-11-03T02:37:46.429+0000][8][safepoint    ] Safepoint "BulkRevokeBias", Time since last: 1346199 ns, Reaching safepoint: 92469 ns, At safepoint: 682487 ns, Total: 774956 ns
[2021-11-03T02:38:31.447+0000][8][safepoint    ] Safepoint "Cleanup", Time since last: 45038291221 ns, Reaching safepoint: 158915 ns, At safepoint: 2184 ns, Total: 161099 ns
[2021-11-03T02:38:32.449+0000][8][safepoint    ] Safepoint "Cleanup", Time since last: 1001336598 ns, Reaching safepoint: 106933 ns, At safepoint: 2282 ns, Total: 109215 ns
[2021-11-03T02:40:46.563+0000][8][safepoint    ] Safepoint "Cleanup", Time since last: 134212198473 ns, Reaching safepoint: 389511 ns, At safepoint: 3579 ns, Total: 393090 ns
[2021-11-03T02:41:17.596+0000][8][safepoint    ] Safepoint "Cleanup", Time since last: 31053468810 ns, Reaching safepoint: 469395 ns, At safepoint: 11221 ns, Total: 480616 ns
[2021-11-03T02:42:46.647+0000][8][safepoint    ] Safepoint "Cleanup", Time since last: 89115827089 ns, Reaching safepoint: 347829 ns, At safepoint: 6657 ns, Total: 354486 ns
[2021-11-03T02:43:04.667+0000][8][safepoint    ] Safepoint "Cleanup", Time since last: 18019631993 ns, Reaching safepoint: 929527 ns, At safepoint: 13433 ns, Total: 942960 ns
[2021-11-03T02:43:16.663+0000][8][safepoint    ] Safepoint "Cleanup", Time since last: 12016497552 ns, Reaching safepoint: 671920 ns, At safepoint: 9246 ns, Total: 681166 ns
[2021-11-03T02:45:33.771+0000][8][safepoint    ] Safepoint "Cleanup", Time since last: 137193665343 ns, Reaching safepoint: 228328 ns, At safepoint: 2633 ns, Total: 230961 ns
[2021-11-03T02:46:23.808+0000][8][safepoint    ] Safepoint "Cleanup", Time since last: 50077571215 ns, Reaching safepoint: 621754 ns, At safepoint: 17747 ns, Total: 639501 ns
[2021-11-03T02:49:16.907+0000][8][safepoint    ] Safepoint "Cleanup", Time since last: 173231012145 ns, Reaching safepoint: 255291 ns, At safepoint: 3491 ns, Total: 258782 ns
[2021-11-03T02:50:15.943+0000][8][safepoint    ] Safepoint "Cleanup", Time since last: 59078628339 ns, Reaching safepoint: 129386 ns, At safepoint: 3486 ns, Total: 132872 ns
[2021-11-03T02:51:10.975+0000][8][safepoint    ] Safepoint "Cleanup", Time since last: 55075574174 ns, Reaching safepoint: 172401 ns, At safepoint: 3198 ns, Total: 175599 ns
[2021-11-03T02:51:16.981+0000][8][safepoint    ] Safepoint "Cleanup", Time since last: 6005562668 ns, Reaching safepoint: 141610 ns, At safepoint: 2433 ns, Total: 144043 ns
[2021-11-03T02:53:20.028+0000][8][safepoint    ] Safepoint "Cleanup", Time since last: 123133279853 ns, Reaching safepoint: 184972 ns, At safepoint: 2499 ns, Total: 187471 ns
[2021-11-03T02:53:46.028+0000][8][safepoint    ] Safepoint "Cleanup", Time since last: 26020964367 ns, Reaching safepoint: 183736 ns, At safepoint: 32788 ns, Total: 216524 ns
[2021-11-03T02:53:47.029+0000][8][safepoint    ] Safepoint "Cleanup", Time since last: 1001189009 ns, Reaching safepoint: 163865 ns, At safepoint: 6126 ns, Total: 169991 ns
[2021-11-03T02:54:18.039+0000][8][safepoint    ] Safepoint "Cleanup", Time since last: 31030801776 ns, Reaching safepoint: 318583 ns, At safepoint: 3954 ns, Total: 322537 ns
[2021-11-03T02:54:33.058+0000][8][safepoint    ] Safepoint "Cleanup", Time since last: 15018621530 ns, Reaching safepoint: 282549 ns, At safepoint: 3723 ns, Total: 286272 ns
[2021-11-03T02:55:10.051+0000][8][safepoint    ] Safepoint "Cleanup", Time since last: 37036425865 ns, Reaching safepoint: 162212 ns, At safepoint: 2881 ns, Total: 165093 ns
[2021-11-03T02:56:24.085+0000][8][safepoint    ] Safepoint "Cleanup", Time since last: 74072884574 ns, Reaching safepoint: 344005 ns, At safepoint: 5971 ns, Total: 349976 ns
[2021-11-03T02:56:32.099+0000][8][safepoint    ] Safepoint "Cleanup", Time since last: 8014274752 ns, Reaching safepoint: 493894 ns, At safepoint: 8978 ns, Total: 502872 ns
[2021-11-03T02:56:35.108+0000][8][safepoint    ] Safepoint "Cleanup", Time since last: 3008387602 ns, Reaching safepoint: 574668 ns, At safepoint: 19225 ns, Total: 593893 ns
[2021-11-03T02:57:19.143+0000][8][safepoint    ] Safepoint "Cleanup", Time since last: 44067232217 ns, Reaching safepoint: 429092 ns, At safepoint: 10168 ns, Total: 439260 ns
[2021-11-03T02:58:16.176+0000][8][safepoint    ] Safepoint "Cleanup", Time since last: 57075468248 ns, Reaching safepoint: 236985 ns, At safepoint: 2479 ns, Total: 239464 ns
[2021-11-03T02:58:27.190+0000][8][safepoint    ] Safepoint "Cleanup", Time since last: 11013791287 ns, Reaching safepoint: 167631 ns, At safepoint: 3679 ns, Total: 171310 ns
[2021-11-03T02:58:46.187+0000][8][safepoint    ] Safepoint "Cleanup", Time since last: 19015535104 ns, Reaching safepoint: 2550333 ns, At safepoint: 4425 ns, Total: 2554758 ns
[2021-11-03T02:58:48.188+0000][8][safepoint    ] Safepoint "Cleanup", Time since last: 2001447089 ns, Reaching safepoint: 206203 ns, At safepoint: 45679 ns, Total: 251882 ns
[2021-11-03T02:59:02.208+0000][8][safepoint    ] Safepoint "Cleanup", Time since last: 14018975054 ns, Reaching safepoint: 417056 ns, At safepoint: 8423 ns, Total: 425479 ns
[2021-11-03T02:59:46.235+0000][8][safepoint    ] Safepoint "Cleanup", Time since last: 44069492898 ns, Reaching safepoint: 284272 ns, At safepoint: 3338 ns, Total: 287610 ns
[2021-11-03T03:00:16.255+0000][8][safepoint    ] Safepoint "Cleanup", Time since last: 30042132783 ns, Reaching safepoint: 148853 ns, At safepoint: 2429 ns, Total: 151282 ns
[2021-11-03T03:00:34.292+0000][8][safepoint    ] Safepoint "Cleanup", Time since last: 18036413097 ns, Reaching safepoint: 438941 ns, At safepoint: 11009 ns, Total: 449950 ns
[2021-11-03T03:01:23.258+0000][8][safepoint    ] Safepoint "Cleanup", Time since last: 49008061918 ns, Reaching safepoint: 673669 ns, At safepoint: 7528 ns, Total: 681197 ns
[2021-11-03T03:01:23.290+0000][8][safepoint    ] Safepoint "BulkRevokeBias", Time since last: 29623667 ns, Reaching safepoint: 328742 ns, At safepoint: 1541790 ns, Total: 1870532 ns
[2021-11-03T03:01:23.326+0000][8][safepoint    ] Safepoint "BulkRevokeBias", Time since last: 30386485 ns, Reaching safepoint: 6226278 ns, At safepoint: 254038 ns, Total: 6480316 ns
[2021-11-03T03:01:23.399+0000][8][gc,heap,exit ] Heap
[2021-11-03T03:01:23.400+0000][8][gc,heap,exit ]  garbage-first heap   total 524288K, used 210681K [0x00000000e0000000, 0x0000000100000000)
[2021-11-03T03:01:23.401+0000][8][gc,heap,exit ]   region size 1024K, 112 young (114688K), 2 survivors (2048K)
[2021-11-03T03:01:23.402+0000][8][gc,heap,exit ]  Metaspace       used 74719K, capacity 80855K, committed 80976K, reserved 1118208K
[2021-11-03T03:01:23.404+0000][8][gc,heap,exit ]   class space    used 10030K, capacity 12543K, committed 12544K, reserved 1048576K
